BGRUN START 2026-09-23 18:06:24 limit 5.0 min: py -u tools/bench/bench_map_20260923/a5c_margin.py
  FACT  full_set: {"n": 49, "acc": 0.9184, "brier": 0.0745, "dangerous": [], "acted": 7, "true_acted": 7, "positives": 11}
  FACT  A5 seed 20260923 half1: {"n": 24, "acc": 0.875, "brier": 0.1105, "dangerous": [], "acted": 2, "true_acted": 2, "positives": 5}
  FACT  A5 seed 20260923 half2: {"n": 25, "acc": 0.96, "brier": 0.0399, "dangerous": [], "acted": 5, "true_acted": 5, "positives": 6}
  FACT  A5 seed 20260923 half2_runnerup_same_half: {"n": 25, "acc": 0.96, "brier": 0.0399, "dangerous": [], "acted": 5, "true_acted": 5, "positives": 6}
  FACT  A5b: {"seeds_with_dangerous": 0, "seeds_with_dangerous_runnerup_same_half": 0, "of": 1000, "dangerous_by_intent": {}}
  FACT  intent 1731: {"acted": 0, "true_acted": 0, "dangerous": 0, "best_p": 0.446}
  FACT  intent 1893: {"acted": 1, "true_acted": 1, "dangerous": 0, "best_p": 0.916}
  FACT  intent 2819: {"acted": 1, "true_acted": 1, "dangerous": 0, "best_p": 0.91}
  FACT  intent 3947: {"acted": 1, "true_acted": 1, "dangerous": 0, "best_p": 0.888}
  FACT  intent 4833: {"acted": 1, "true_acted": 1, "dangerous": 0, "best_p": 0.93}
  FACT  intent 7337: {"acted": 0, "true_acted": 0, "dangerous": 0, "best_p": 0.534}
  FACT  intent 7388: {"acted": 1, "true_acted": 1, "dangerous": 0, "best_p": 0.882}
  FACT  intent 9635: {"acted": 1, "true_acted": 1, "dangerous": 0, "best_p": 0.894}
  FACT  intent 11232: {"acted": 1, "true_acted": 1, "dangerous": 0, "best_p": 0.896}
  FACT  intent 23502: {"acted": 0, "true_acted": 0, "dangerous": 0, "best_p": 0.134}
  FACT  intent 23540: {"acted": 0, "true_acted": 0, "dangerous": 0, "best_p": 0.094}
  PASS  A5c PAIR (act 0.75, margin 0.15) half-2 dangerous 0 == 0 and 1000-split dangerous 0 == 0 (acc h2 0.96)
=== A5c: PAIR keeps acting = True; JSON G:\Codes\LabVIEW_Codes\MinLab\zz_LabView VI\AAA_UNIST\2. Tracking\V6_ParallelLoop\tools\bench\bench_map_20260923\a5c_margin.json
BGRUN END rc=0 after 0s
