BGRUN START 2026-09-10 03:52:04 limit 12.0 min: py -u tools/bench/case_v1_test.py [] ["0, Default", "1"] ["0", "1, Default"]

######## Frames = []
stripped scratch: nodes 0 diagrams 1 wires 0 cases 0 ExecState 1
fp: ['pos in cal image out', 'x,y,z array', 'Image In', 'x,y,z array out', 'Real-space cosine window', 'Cosine bandpass\nfor Hilbert ', '# of bead 4 packs', 'pos in cal image in', 'Bead is good? array in', 'Bead is good? array out', '4 pack remainder', 'cross size', 'Array of cal clusters']
   Frames control default: ()
   set vi path = 'C:\\Program Files\\National Instruments\\LabVIEW 2026\\user.lib\\claudeDev\\SCRATCH_case_v1t.vi'
   set vi path 2 = 'C:\\Program Files\\National Instruments\\LabVIEW 2026\\user.lib\\claudeDev\\SCRATCH_case_v1t.vi'
   set Class Name = 'Terminal'
   set index = 0
   set location (0, 0) = [400, 300]
   set Frames = []
   set Control Names = ['# of bead 4 packs']
   set Control Names 2 = ['x,y,z array', 'Image In']
P1 run: 8.3 s, EXC run blocked behind a modal dialog (dismissed by watchdog after 8s); screenshot(s): C:\Users\KimLab\AppData\Local\Temp\gscript_dialog_1788979941.png
P5 error out: (False, 0, '')
P5 error out 2: (False, 0, '')
P2 cases 0->1 (expect +1), diagrams 1->3 (expect +2)
P3 wires 0->3 (expect +3), nodes 0->1
P4 ExecState 1 (expect 1)
CaseStructure: [(154, (400, 300))]
Tunnels: [(163, (400, 312), 'CaseStructure'), (187, (400, 309), 'CaseStructure'), (190, (400, 309), 'CaseStructure')]

RESULT: FAIL
scratch deleted

######## Frames = ['0, Default', '1']
stripped scratch: nodes 0 diagrams 1 wires 0 cases 0 ExecState 1
fp: ['pos in cal image out', 'x,y,z array', 'Image In', 'x,y,z array out', 'Real-space cosine window', 'Cosine bandpass\nfor Hilbert ', '# of bead 4 packs', 'pos in cal image in', 'Bead is good? array in', 'Bead is good? array out', '4 pack remainder', 'cross size', 'Array of cal clusters']
   Frames control default: ()
   set vi path = 'C:\\Program Files\\National Instruments\\LabVIEW 2026\\user.lib\\claudeDev\\SCRATCH_case_v1t.vi'
   set vi path 2 = 'C:\\Program Files\\National Instruments\\LabVIEW 2026\\user.lib\\claudeDev\\SCRATCH_case_v1t.vi'
   set Class Name = 'Terminal'
   set index = 0
   set location (0, 0) = [400, 300]
   set Frames = ['0, Default', '1']
   set Control Names = ['# of bead 4 packs']
   set Control Names 2 = ['x,y,z array', 'Image In']
P1 run: 0.1 s, NO dialog
P5 error out: (False, 0, '')
P5 error out 2: (False, 0, '')
P2 cases 0->1 (expect +1), diagrams 1->3 (expect +2)
P3 wires 0->3 (expect +3), nodes 0->1
P4 ExecState 1 (expect 1)
CaseStructure: [(154, (400, 300))]
Tunnels: [(163, (400, 312), 'CaseStructure'), (187, (400, 309), 'CaseStructure'), (190, (400, 309), 'CaseStructure')]

RESULT: PASS
scratch deleted

######## Frames = ['0', '1, Default']
stripped scratch: nodes 0 diagrams 1 wires 0 cases 0 ExecState 1
fp: ['pos in cal image out', 'x,y,z array', 'Image In', 'x,y,z array out', 'Real-space cosine window', 'Cosine bandpass\nfor Hilbert ', '# of bead 4 packs', 'pos in cal image in', 'Bead is good? array in', 'Bead is good? array out', '4 pack remainder', 'cross size', 'Array of cal clusters']
   Frames control default: ('0, Default', '1')
   set vi path = 'C:\\Program Files\\National Instruments\\LabVIEW 2026\\user.lib\\claudeDev\\SCRATCH_case_v1t.vi'
   set vi path 2 = 'C:\\Program Files\\National Instruments\\LabVIEW 2026\\user.lib\\claudeDev\\SCRATCH_case_v1t.vi'
   set Class Name = 'Terminal'
   set index = 0
   set location (0, 0) = [400, 300]
   set Frames = ['0', '1, Default']
   set Control Names = ['# of bead 4 packs']
   set Control Names 2 = ['x,y,z array', 'Image In']
P1 run: 0.0 s, NO dialog
P5 error out: (False, 0, '')
P5 error out 2: (False, 0, '')
P2 cases 0->1 (expect +1), diagrams 1->3 (expect +2)
P3 wires 0->3 (expect +3), nodes 0->1
P4 ExecState 1 (expect 1)
CaseStructure: [(154, (400, 300))]
Tunnels: [(163, (400, 312), 'CaseStructure'), (187, (400, 309), 'CaseStructure'), (190, (400, 309), 'CaseStructure')]

RESULT: PASS
scratch deleted
BGRUN END rc=5 after 42s
