BGRUN START 2026-09-13 17:47:43 limit 0.5 min: py -B -u tools/bench/astra_gui_verify.py prepare
PREPARED C:\Program Files\National Instruments\LabVIEW 2026\user.lib\claudeDev\ASTRA_GUIBENCH_20260913.vi
BGRUN END rc=0 after 1s
BGRUN START 2026-09-13 17:56:10 limit 0.5 min: py -B -u tools/bench/astra_gui_verify.py before U1 1
READY U1 1
BGRUN END rc=0 after 14s
BGRUN START 2026-09-13 17:56:58 limit 0.5 min: py -B -u tools/bench/astra_gui_verify.py after
{"op": "U1", "trial": "1", "ok": true, "seconds": 34.226441383361816, "delta": [100, 50]}
BGRUN END rc=0 after 0s
BGRUN START 2026-09-13 17:57:25 limit 0.5 min: py -B -u tools/bench/astra_gui_verify.py before U1 2
READY U1 2
BGRUN END rc=0 after 0s
BGRUN START 2026-09-13 17:57:51 limit 0.5 min: py -B -u tools/bench/astra_gui_verify.py after
{"op": "U1", "trial": "2", "ok": true, "seconds": 26.393150329589844, "delta": [100, 50]}
BGRUN END rc=0 after 0s
BGRUN START 2026-09-13 17:57:56 limit 0.5 min: py -B -u tools/bench/astra_gui_verify.py before U1 3
READY U1 3
BGRUN END rc=0 after 0s
BGRUN START 2026-09-13 17:58:20 limit 0.5 min: py -B -u tools/bench/astra_gui_verify.py after
{"op": "U1", "trial": "3", "ok": true, "seconds": 23.917882919311523, "delta": [100, 50]}
BGRUN END rc=0 after 0s
BGRUN START 2026-09-13 17:58:25 limit 0.5 min: py -B -u tools/bench/astra_gui_verify.py before U2 1
READY U2 1
BGRUN END rc=0 after 0s
BGRUN START 2026-09-13 17:59:52 limit 0.5 min: py -B -u tools/bench/astra_gui_verify.py after
{"op": "U2", "trial": "1", "ok": true, "seconds": 86.97028660774231, "new": [{"i": 0, "class": "IndexArray", "uid": 622, "pos": [1086, 591], "owner": "TopLevelDiagram"}]}
BGRUN END rc=0 after 0s
BGRUN START 2026-09-13 17:59:57 limit 0.5 min: py -B -u tools/bench/astra_gui_verify.py before U2 2
READY U2 2
BGRUN END rc=0 after 0s
