BGRUN START 2026-09-13 17:08:06 limit 30.0 min: py -u tools/bench/boundary_manifest.py 160,161,162,163
SEAM = diagrams [160, 161, 162, 163]; 60 node uids inside

Local               8 in the VI   ->  CLEAN
Global              7 in the VI   ->  CLEAN
Property          106 in the VI   ->  CLEAN
Invoke              1 in the VI   ->  CLEAN
FeedbackNode        0 in the VI   ->  CLEAN
EventStructure      2 in the VI   ->  CLEAN
SubVI              98 in the VI   ->  6 INSIDE THE SEAM
      uid 23812   diagram 160  pos (-7043, 979)
      uid 24170   diagram 161  pos (-6946, 985)
      uid 24815   diagram 162  pos (-6789, 989)
      uid 24656   diagram 162  pos (-6946, 989)
      uid 23278   diagram 163  pos (-7870, 992)
      uid 23119   diagram 163  pos (-8152, 1002)

crossing wires (these become the connector pane):
   to_invisible_object: 66
      diagram 160 wire 23995: [(23771, 'y')]
      diagram 160 wire 23950: [(23771, 'x')]
      diagram 160 wire 23998: [(23899, 'appended array')]
      diagram 160 wire 24004: [(23899, 'array')]
      diagram 160 wire 24001: [(23899, 'element')]
      diagram 160 wire 23956: [(23911, 'new element/subarray')]
      diagram 160 wire 23968: [(23929, 'output array')]
      diagram 160 wire 23953: [(23929, 'new element/subarray')]
      diagram 161 wire 24431: [(24079, 'y')]
      diagram 161 wire 24395: [(24079, 'x')]
      diagram 161 wire 24419: [(24170, 'Image')]
      diagram 161 wire 24446: [(24170, 'cosine window\nfor hilbert')]

======================================================================
SEAM VERDICT: no state-carrier hazard inside
written to G:\Codes\LabVIEW_Codes\MinLab\zz_LabView VI\AAA_UNIST\2. Tracking\V6_ParallelLoop\tools\bench\boundary_manifest.json
BGRUN END rc=0 after 741s
