BGRUN START 2026-09-10 03:37:45 limit 25.0 min: py -u tools/bench/casev1_chain.py
LabVIEW up after 14 s, version 26.3.1f1
dialogs: 18,1346,762| / ENABLED|655994|0,0,0,0|LabVIEW / VERDICT: clear (no modal dialog)
lv_restart rc 0
scratch: nodes 7 wires 13 ExecState 1
creator 105 (900, 640) | GC1 582 (790, 820)
   deleted ControlTerminal 483 @ (856, 553) -> labels gone ['Inputs']
   deleted ControlTerminal 445 @ (854, 631) -> labels gone ['Selector']
   after removing the refnum controls: wires 11 ExecState 0 labels ['vi path', 'Class Name', 'index', 'vi path 2', 'location (0, 0)', 'error out', 'Class Name 2', 'Class Name 3', 'Properties', 'Frames', 'error out 2', 'Control Names']

== drop Get Controls #2
   predict: +1 SubVI
   observed: 53

== PN.Diagram -> GC2.'Diagram in' (branch)
   predict: accepted
   observed: 11

== control on GC2.'Control Names'
   predict: label 'Control Names 2'
   observed: Control Names 2

== GC2.'Control Terminals' -> creator.'Inputs'
   predict: +1 wire
   observed: 13
   Terminal candidates near GC1: [(16, 599, (790, 820)), (21, 616, (790, 827)), (23, 622, (790, 833)), (25, 628, (790, 839)), (27, 634, (790, 845)), (17, 603, (797, 820)), (28, 637, (797, 836)), (18, 607, (803, 820)), (29, 640, (803, 836)), (19, 610, (809, 820)), (30, 643, (809, 836)), (20, 613, (815, 820)), (22, 619, (815, 827)), (24, 625, (815, 833)), (26, 631, (815, 839)), (31, 646, (815, 845))]
   IA from Terminal[16] -> Selector OK (ExecState 0)

assembled: nodes 9 wires 13 ExecState 0 
labels: ['vi path', 'Class Name', 'index', 'vi path 2', 'location (0, 0)', 'error out', 'Class Name 2', 'Class Name 3', 'Properties', 'Frames', 'error out 2', 'Control Names', 'Control Names 2'] 
Index Array: (16, 56) 
steps failed: []
STOP: scratch discarded, OpBuildCase_v1 unchanged
build_v1 rc 5
BGRUN END rc=0 after 153s
BGRUN START 2026-09-10 03:40:52 limit 25.0 min: py -u tools/bench/casev1_chain.py
LabVIEW up after 14 s, version 26.3.1f1
dialogs: 18,1346,762| / ENABLED|328942|0,0,0,0|LabVIEW / VERDICT: clear (no modal dialog)
lv_restart rc 0
scratch: nodes 7 wires 13 ExecState 1
creator 105 (900, 640) | GC1 582 (790, 820)
   deleted ControlTerminal 483 @ (856, 553) -> labels gone ['Inputs']
   deleted ControlTerminal 445 @ (854, 631) -> labels gone ['Selector']
   after removing the refnum controls: wires 11 ExecState 0 labels ['vi path', 'Class Name', 'index', 'vi path 2', 'location (0, 0)', 'error out', 'Class Name 2', 'Class Name 3', 'Properties', 'Frames', 'error out 2', 'Control Names']

== drop Get Controls #2
   predict: +1 SubVI
   observed: 53

== PN.Diagram -> GC2.'Diagram in' (branch)
   predict: accepted
   observed: 11

== control on GC2.'Control Names'
   predict: label 'Control Names 2'
   observed: Control Names 2

== GC2.'Control Terminals' -> creator.'Inputs'
   predict: +1 wire
   observed: 13
   Terminal candidates near GC1: [(20, 613, (815, 820)), (22, 619, (815, 827)), (24, 625, (815, 833)), (26, 631, (815, 839)), (31, 646, (815, 845))]
   IA from Terminal[20] @ (815, 820) -> Selector: wired, ExecState 0
   IA from Terminal[22] @ (815, 827) -> Selector: wired, ExecState 0
   IA from Terminal[24] @ (815, 833) -> Selector: wired, ExecState 0
   IA from Terminal[26] @ (815, 839) -> Selector: wired, ExecState 0
   IA from Terminal[31] @ (815, 845) -> Selector: wired, ExecState 0

assembled: nodes 8 wires 13 ExecState 0 
labels: ['vi path', 'Class Name', 'index', 'vi path 2', 'location (0, 0)', 'error out', 'Class Name 2', 'Class Name 3', 'Properties', 'Frames', 'error out 2', 'Control Names', 'Control Names 2'] 
Index Array: None 
steps failed: []
STOP: scratch discarded, OpBuildCase_v1 unchanged
build_v1 rc 5
BGRUN END rc=0 after 155s
BGRUN START 2026-09-10 03:46:50 limit 25.0 min: py -u tools/bench/casev1_chain.py
LabVIEW up after 14 s, version 26.3.1f1
dialogs: 18,1346,762| / ENABLED|591032|0,0,0,0|LabVIEW / VERDICT: clear (no modal dialog)
lv_restart rc 0
scratch: nodes 7 wires 13 ExecState 1
creator 105 (900, 640) | GC1 582 (790, 820)
   deleted ControlTerminal 483 @ (856, 553) -> labels gone ['Inputs']
   deleted ControlTerminal 445 @ (854, 631) -> labels gone ['Selector']
   after removing the refnum controls: wires 11 ExecState 0 labels ['vi path', 'Class Name', 'index', 'vi path 2', 'location (0, 0)', 'error out', 'Class Name 2', 'Class Name 3', 'Properties', 'Frames', 'error out 2', 'Control Names']

== drop Get Controls #2
   predict: +1 SubVI
   observed: 53

== PN.Diagram -> GC2.'Diagram in' (branch)
   predict: accepted
   observed: 11

== control on GC2.'Control Names'
   predict: label 'Control Names 2'
   observed: Control Names 2

== GC2.'Control Terminals' -> creator.'Inputs'
   predict: +1 wire
   observed: 13

== build Index Array (arrives unwired)
   predict: +1 IndexArray
   observed: 56

== GC1.'Control Terminals' -> IA.'array'
   predict: wires 13 -> 14
   observed: 14

== IA.'element' -> creator.'Selector'
   predict: wires -> 15
   observed: 15
   after IA wiring: wires 15 (expected 15), ExecState 1

assembled: nodes 9 wires 15 ExecState 1 
labels: ['vi path', 'Class Name', 'index', 'vi path 2', 'location (0, 0)', 'error out', 'Class Name 2', 'Class Name 3', 'Properties', 'Frames', 'error out 2', 'Control Names', 'Control Names 2'] 
Index Array: ('Control Terminals', 56) 
steps failed: []
saved scratch 13667
OpBuildCase_v1.vi updated from the scratch ( 13667 bytes )
build_v1 rc 0
BGRUN END rc=0 after 153s
