BGRUN START 2026-09-26 00:49:34 limit 25.0 min: py -u tools/bench/build_kswap_88.py

---------- [0] files
  FACT  PIN BEFORE S1               3e3d23cefd3a334001aa9d6156bf1aee  (want 3e3d23cefd3a334001aa9d6156bf1aee) OK
  FACT  PIN BEFORE bedL2A1          51d9b8a3af5b4240cdc2ad193d9b4f41  (want 51d9b8a3af5b4240cdc2ad193d9b4f41) OK
  FACT  PIN BEFORE kernel           87d5b3e4290d5d288849988eea187e53  (want 87d5b3e4290d5d288849988eea187e53) OK
  PASS  K1 pins hold before
  PASS  K1b work is a byte copy of S1  3e3d23cefd3a334001aa9d6156bf1aee

---------- [1] restart; BEFORE reads
  FACT  LabVIEW handle count BEFORE the restart: 0
  FACT  LabVIEW handle count AFTER the restart: 34006
  PASS  K2 #5058 calls the four-fold kernel, ExecState 1  (1, 'G:\\Codes\\LabVIEW_Codes\\MinLab\\zz_LabView VI\\background VIs\\Track N beads four-fold over-kernel-v3.vi')
  FACT  before: 5748 terms, 2216 edges; old node terminals [('', False, False), ('', False, False), ('', False, False), ('# of bead 4 packs', False, True), ('4 pack remainder', False, True), ('Array of cal clusters', False, True), ('Bead is good? array in', False, True), ('Bead is good? array out', True, True), ('Cosine bandpass\nfor Hilbert ', False, True), ('Image In', False, True), ('Real-space cosine window', False, True), ('cross size', False, True), ('pos in cal image in', False, True), ('pos in cal image out', True, True), ('x,y,z array', False, True), ('x,y,z array out', True, True)]

---------- [2] SWAP #5058 -> PARALLEL_kernel_v3.vi
  PASS  K3 replace_object: no error, a new-object uid  {'new_uid': 23006, 'err_replace': '', 'err_uid': '', 'err': ''}
  PASS  K4 callee read back == PARALLEL_kernel_v3.vi  C:\Program Files\National Instruments\LabVIEW 2026\user.lib\claudeDev\PARALLEL_kernel_v3.vi
  FACT  new node #23006 terminals [('', False, False), ('', False, False), ('', False, False), ('# of bead 4 packs', False, True), ('4 pack remainder', False, True), ('Array of cal clusters', False, True), ('Bead is good? array in', False, True), ('Bead is good? array out', True, True), ('Cosine bandpass\nfor Hilbert ', False, True), ('Image In', False, True), ('Real-space cosine window', False, True), ('cross size', False, True), ('pos in cal image in', False, True), ('pos in cal image out', True, True), ('x,y,z array', False, True), ('x,y,z array out', True, True)]
  PASS  K5 wire-edge diff(before, after) == EMPTY (node remapped)  {'removed': [], 'added': []}
  PASS  K5b every WIRED old terminal exists wired on the new node
  PASS  K6 callee census diff == that node only  {5058: ('G:\\Codes\\LabVIEW_Codes\\MinLab\\zz_LabView VI\\background VIs\\Track N beads four-fold over-kernel-v3.vi', None), 23006: (None, 'C:\\Program Files\\National Instruments\\LabVIEW 2026\\user.lib\\claudeDev\\PARALLEL_kernel_v3.vi')}
  PASS  K7 ExecState 1 after the swap  1

---------- [3] save
  PASS  K8 saved by script, bytes differ from S1  {'path': 'C:\\Program Files\\National Instruments\\LabVIEW 2026\\user.lib\\claudeDev\\D1_s1_kswap_20260926_004935.vi', 'md5': 'e77b8d5805d90f76e426cb06fdc26d1c', 'bytes': 474627}

---------- [4] cold
  FACT  LabVIEW handle count BEFORE the restart: 39277
  FACT  LabVIEW handle count AFTER the restart: 33993
  PASS  K9 ExecState 1 COLD  1
  FACT  ref_counts {'opened': 7, 'closed': 7, 'live': 0, 'cached_op_vis': 0}
  FACT  PIN AFTER  S1               3e3d23cefd3a334001aa9d6156bf1aee  (want 3e3d23cefd3a334001aa9d6156bf1aee) OK
  FACT  PIN AFTER  bedL2A1          51d9b8a3af5b4240cdc2ad193d9b4f41  (want 51d9b8a3af5b4240cdc2ad193d9b4f41) OK
  FACT  PIN AFTER  kernel           87d5b3e4290d5d288849988eea187e53  (want 87d5b3e4290d5d288849988eea187e53) OK
  PASS  K10 pins unchanged after
  PASS  K11 LabVIEW gone at exit
  FACT  DELIVERABLE C:\Program Files\National Instruments\LabVIEW 2026\user.lib\claudeDev\D1_s1_kswap_20260926_004935.vi md5 e77b8d5805d90f76e426cb06fdc26d1c bytes 474627

====================================================================================================
=== GATES: 13 pass / 0 fail
JSON: G:\Codes\LabVIEW_Codes\MinLab\zz_LabView VI\AAA_UNIST\2. Tracking\V6_ParallelLoop\tools\bench\build_kswap_88.json   elapsed 179.5 s
RESULT {"schema":"result-line/1","status":"PASS","gates":{"pass":13,"fail":0},"first_fail":null,"artefacts":[]}
BGRUN END rc=0 after 180s
