BGRUN START 2026-09-08 05:45:20 limit 15.0 min: py -u tools/recipes/build_opsetlabel.py
base ExecState 1 wires 27
IAs [(239, (1150, 280)), (236, (900, 280)), (308, (605, 284))] PNs [(242, (1449, 280)), (241, (1298, 280)), (240, (997, 420)), (237, (997, 280)), (235, (759, 280))]
IA_n {'i': 1, 'class': 'IndexArray', 'uid': 236, 'pos': (900, 280), 'owner': 'TopLevelDiagram'}

== PN Node.Label (6359001)
   predict: +1
   observed: [{'i': 0, 'class': 'Property', 'uid': 741, 'pos': (897, 700), 'owner': 'TopLevelDiagram'}]

== IA_n.element -> PN Label.reference (branch)
   predict: accepted
   observed: 27

== PN Text.Text WRITE (632D800)
   predict: +1
   observed: [{'i': 0, 'class': 'Property', 'uid': 744, 'pos': (1103, 700), 'owner': 'TopLevelDiagram'}]

== Label -> Text PN reference
   predict: +1
   observed: 28
   Text PN terminal 4: [(853, (1057, 707))] label='Text'

== Text PN error out -> Clear Errors
   predict: +1
   observed: EXC wire error out->error in (no error): wire count 29->29, expected +1 (if the source is already wired this may be a successful BRANCH - re-call with branch=True)
assembled: control Text wires 29 ExecState 0
STOP: not saving (check the log; the Clear Errors sink may already be taken -> leave error out unwired and set auto error handling off)
after Remove Bad Wires: ExecState 1
saved 13297
BGRUN END rc=0 after 3s
