BGRUN START 2026-09-19 18:50:51 limit 40.0 min: py -u tools/recipes/build_s0_closeref_v3.py
=== D1 STAGE S0 v3 - Close Reference restored, BOTH references, For-Loop design  2026-09-19 18:50:51 ===
   PASS G0 the route-B original is the pinned one 2a78e17c449cacdaf5da389818526859
   PASS G0b source on disk: OpReport_v3.vi C:\Program Files\National Instruments\LabVIEW 2026\user.lib\claudeDev\OpReport_v3.vi
   PASS G0b source on disk: OpWireSource_v5.vi C:\Program Files\National Instruments\LabVIEW 2026\user.lib\claudeDev\OpWireSource_v5.vi
   PASS G0b source on disk: OpReportAll_v0.vi C:\Program Files\National Instruments\LabVIEW 2026\user.lib\claudeDev\OpReportAll_v0.vi
   PASS G0b source on disk: KernelBuilder_v1.vi C:\Program Files\National Instruments\LabVIEW 2026\user.lib\claudeDev\KernelBuilder_v1.vi

=== ARM (review 2026-09-19-s0run1-closeorder.md section 2): is the References branch a VALID wire? ===
   fresh(): killing LabVIEW pid 9396
   COM preflight OK (pid 20240, two round-trips agree: 16 wires)
   fresh(): new LabVIEW pid 20240
   PASS A1 ARM: the scratch is a byte copy of OpReport_v3 0743701a249b6ac20a5dab9ee676c09c
   PASS A2 ARM: the scratch is RUNNABLE before anything is changed ExecState 1
   PASS G2c the donor holds Close Reference #157 [544, 1845, 1337, 2066, 906, 157]
  [ARM/A] donor Function index of #157 = 5; nodes on diagram 0 before = 5
   [ARM/A] FINISH: new nodes on diagram 0 = [324] (copy_by_index reported [{'i': 1, 'class': 'Function', 'uid': 324, 'pos': (0, 75), 'owner': 'TopLevelDiagram'}, {'i': 2, 'class': 'ParameterTerminal', 'uid': 340, 'pos': (24, 99), 'owner': 'Function'}, {'i': 3, 'class': 'ParameterTerminal', 'uid': 365, 'pos': (0, 99), 'owner': 'Function'}, {'i': 4, 'class': 'ParameterTerminal', 'uid': 384, 'pos': (0, 75), 'owner': 'Function'}])
   PASS G2 ARM/A: exactly ONE node added by the copy [324]
   [ARM/A] Close Reference #324 terminals: [(0, 'error out', True), (1, 'error in (no error)', False), (2, 'reference', False)]
   PASS G2b ARM/A: Close Reference carries 'reference' and 'error in (no error)' sinks {'i': 2, 'name': 'reference', 'is_source': False, 'wire': 0, 'name_err': 0, 'src_err': 0, 'conn_err': 0, 'wire_err': 1055, 'node_uid': 324}/{'i': 1, 'name': 'error in (no error)', 'is_source': False, 'wire': 0, 'name_err': 0, 'src_err': 0, 'conn_err': 0, 'wire_err': 1055, 'node_uid': 324}
   PASS G3v ARM: the Traverse node is present on diagram 0 [(43, 'Open VI Reference'), (124, 'Traverse for GObjects.vi'), (167, 'Index Array'), (241, 'Property Node'), (482, 'Property Node'), (324, 'Close Reference')]
   PASS G3r ARM: the Traverse has the 'References' SOURCE terminal (NAMES.md:230, measured) ['error out', '# of Refs', 'References', 'dup VI Refnum']
   PASS G3w ARM: 'References' already drives a wire (the branch needs one) 188
   . [ARM] References wire = 188
   . [ARM] For Loop #331 created at (1079, 115) (found at (1079, 115))
   PASS G3d ARM: exactly one ForLoop-owned Diagram [(1, 597, 'ForLoop')]
   . [ARM] loop body Diagram[1] uid 597
   PASS G3a ARM: Close Reference #324 is now on the loop body diagram [324, 332]
   PASS G3f ARM: the reparented Close Reference still exposes 'reference' and 'error in (no error)' [(0, 'error out', True), (1, 'error in (no error)', False), (2, 'reference', False)]
   PASS G3s ARM/A: w188 (the `References` array) has a SOURCE terminal owned by #124 {'i': 0, 'is_source': True, 'owner_class': 'SubVI', 'owner_uid': 124, 'recip': 188}
   . [ARM/A] connect_from_wire(the `References` array, branch of w188) dw=1 ExecState=0 err='' sub={'err_uidvi': '', 'err_wirepn': '', 'UID 2': 636, 'Is Broken?': False, 'Name': 'reference'}
   [ARM/A] BRANCH the `References` array: claimed w188 -> sink w636 = SEGMENTED, Is Broken? False, ExecState after 0
   PASS G3 ARM/A: the `References` array branched into the body - sink is not BARE sink wire 636
   PASS G3k ARM/A: the `References` array is not reported BROKEN by the op's own ordered `Wire.Is Broken?` reader Is Broken? False
   PASS G3x ARM: a LoopTunnel appeared for the crossing new tunnels [642]
   . [ARM] new LoopTunnel #642 (index 0) IndexMode AS READ 1 outer wire 652 inner [636] (References (auto-index: the array supplies N))
   PASS G3t ARM: References (auto-index: the array supplies N) tunnel IndexMode == 1 #642 mode 1
   . [ARM] ExecState after the refnum branch and the IndexMode settle: 0
   . [ARM] panel error-out indicators: [('error out', 425), ('error out 2', 531)]
   PASS G4a ARM: exactly one panel indicator labelled 'error out' carrying a wire [{'label': 'error out', 'indicator': True, 'uid': 328, 'is_source': False, 'wire': 425, 'term_err': 0, 'wire_err': 0}]
   PASS G4b ARM: the node driving the panel's error-out net was identified FROM THE MACHINE ewire 425 owners [124]
   . [ARM] last error-chain node #124 ('Traverse for GObjects.vi') drives panel error out on wire 425
   PASS G4c ARM: the error net has a SOURCE terminal owned by #124 {'i': 0, 'is_source': True, 'owner_class': 'SubVI', 'owner_uid': 124, 'recip': 425}
   . [ARM] connect_from_wire(error chain) dw=1 ExecState=0 err='' sub={'err_uidvi': '', 'err_wirepn': '', 'UID 2': 698, 'Is Broken?': False, 'Name': 'error in (no error)'}
   PASS G4 ARM: the error net branched INTO the loop - sink non-zero and a LoopTunnel appeared sink wire 698, new tunnels [704]
   . [ARM] new LoopTunnel #704 (index 1) IndexMode AS READ 0 outer wire 714 inner [698] (error chain (scalar: NOT auto-indexed))
   PASS G3t ARM: error chain (scalar: NOT auto-indexed) tunnel IndexMode == 0 #704 mode 0
   . [ARM/A] auto error handling OFF (Close Reference's `error out` is deliberately unwired, so a runtime close error must never open a modal in an unattended run)
   [ARM/A] FINISH ExecState 0
   FAIL G5 ARM/A: the repaired op is RUNNABLE (ExecState 1) ExecState 0
  ARM STOPPED at gate: G5 ARM/A: the repaired op is RUNNABLE (ExecState 1)
  deleted SCRATCH_s0arm_185051.vi (the arm saves no op)

=== STAGE OpReport_v4: OpReport_v3.vi -> OpReport_v4.vi (new) ===
  source md5 BEFORE 0743701a249b6ac20a5dab9ee676c09c
   fresh(): killing LabVIEW pid 20240
   COM preflight OK (pid 17292, two round-trips agree: 16 wires)
   fresh(): new LabVIEW pid 17292
   PASS G1a OpReport_v4: the copy is byte-identical 0743701a249b6ac20a5dab9ee676c09c
   PASS G1 OpReport_v4: the copy is RUNNABLE before anything is changed ExecState 1
   PASS G2c the donor holds Close Reference #157 [544, 1845, 1337, 2066, 906, 157]
   [OpReport_v4] REFMINT D[0] Property #241 sources ['reference out', 'error out', 'Position', 'ClassName', 'UID', 'Owner'] -> reference-returning ['reference out', 'Owner']
   [OpReport_v4] REFMINT D[0] Property #482 sources ['reference out', 'error out', 'ClassName'] -> reference-returning ['reference out']
   [OpReport_v4] REFMINT SUMMARY: 3 reference-returning property read(s): [(0, 241, 'reference out'), (0, 241, 'Owner'), (0, 482, 'reference out')]
  [OpReport_v4/A] donor Function index of #157 = 5; nodes on diagram 0 before = 5
   [OpReport_v4/A] FINISH: new nodes on diagram 0 = [324] (copy_by_index reported [{'i': 1, 'class': 'Function', 'uid': 324, 'pos': (0, 75), 'owner': 'TopLevelDiagram'}, {'i': 2, 'class': 'ParameterTerminal', 'uid': 340, 'pos': (24, 99), 'owner': 'Function'}, {'i': 3, 'class': 'ParameterTerminal', 'uid': 365, 'pos': (0, 99), 'owner': 'Function'}, {'i': 4, 'class': 'ParameterTerminal', 'uid': 384, 'pos': (0, 75), 'owner': 'Function'}])
   PASS G2 OpReport_v4/A: exactly ONE node added by the copy [324]
   [OpReport_v4/A] Close Reference #324 terminals: [(0, 'error out', True), (1, 'error in (no error)', False), (2, 'reference', False)]
   PASS G2b OpReport_v4/A: Close Reference carries 'reference' and 'error in (no error)' sinks {'i': 2, 'name': 'reference', 'is_source': False, 'wire': 0, 'name_err': 0, 'src_err': 0, 'conn_err': 0, 'wire_err': 1055, 'node_uid': 324}/{'i': 1, 'name': 'error in (no error)', 'is_source': False, 'wire': 0, 'name_err': 0, 'src_err': 0, 'conn_err': 0, 'wire_err': 1055, 'node_uid': 324}
   PASS G3v OpReport_v4: the Traverse node is present on diagram 0 [(43, 'Open VI Reference'), (124, 'Traverse for GObjects.vi'), (167, 'Index Array'), (241, 'Property Node'), (482, 'Property Node'), (324, 'Close Reference')]
   PASS G3r OpReport_v4: the Traverse has the 'References' SOURCE terminal (NAMES.md:230, measured) ['error out', '# of Refs', 'References', 'dup VI Refnum']
   PASS G3w OpReport_v4: 'References' already drives a wire (the branch needs one) 188
   . [OpReport_v4] References wire = 188
   . [OpReport_v4] For Loop #331 created at (1079, 115) (found at (1079, 115))
   PASS G3d OpReport_v4: exactly one ForLoop-owned Diagram [(1, 597, 'ForLoop')]
   . [OpReport_v4] loop body Diagram[1] uid 597
   PASS G3a OpReport_v4: Close Reference #324 is now on the loop body diagram [324, 332]
   PASS G3f OpReport_v4: the reparented Close Reference still exposes 'reference' and 'error in (no error)' [(0, 'error out', True), (1, 'error in (no error)', False), (2, 'reference', False)]
   PASS G3s OpReport_v4/A: w188 (the `References` array) has a SOURCE terminal owned by #124 {'i': 0, 'is_source': True, 'owner_class': 'SubVI', 'owner_uid': 124, 'recip': 188}
   . [OpReport_v4/A] connect_from_wire(the `References` array, branch of w188) dw=1 ExecState=0 err='' sub={'err_uidvi': '', 'err_wirepn': '', 'UID 2': 636, 'Is Broken?': False, 'Name': 'reference'}
   [OpReport_v4/A] BRANCH the `References` array: claimed w188 -> sink w636 = SEGMENTED, Is Broken? False, ExecState after 0
   PASS G3 OpReport_v4/A: the `References` array branched into the body - sink is not BARE sink wire 636
   PASS G3k OpReport_v4/A: the `References` array is not reported BROKEN by the op's own ordered `Wire.Is Broken?` reader Is Broken? False
   PASS G3x OpReport_v4: a LoopTunnel appeared for the crossing new tunnels [642]
   . [OpReport_v4] new LoopTunnel #642 (index 0) IndexMode AS READ 1 outer wire 652 inner [636] (References (auto-index: the array supplies N))
   PASS G3t OpReport_v4: References (auto-index: the array supplies N) tunnel IndexMode == 1 #642 mode 1
   . [OpReport_v4] ExecState after the refnum branch and the IndexMode settle: 0
   . [OpReport_v4] panel error-out indicators: [('error out', 425), ('error out 2', 531)]
   PASS G4a OpReport_v4: exactly one panel indicator labelled 'error out' carrying a wire [{'label': 'error out', 'indicator': True, 'uid': 328, 'is_source': False, 'wire': 425, 'term_err': 0, 'wire_err': 0}]
   PASS G4b OpReport_v4: the node driving the panel's error-out net was identified FROM THE MACHINE ewire 425 owners [124]
   . [OpReport_v4] last error-chain node #124 ('Traverse for GObjects.vi') drives panel error out on wire 425
   PASS G4c OpReport_v4: the error net has a SOURCE terminal owned by #124 {'i': 0, 'is_source': True, 'owner_class': 'SubVI', 'owner_uid': 124, 'recip': 425}
   . [OpReport_v4] connect_from_wire(error chain) dw=1 ExecState=0 err='' sub={'err_uidvi': '', 'err_wirepn': '', 'UID 2': 672, 'Is Broken?': False, 'Name': 'error in (no error)'}
   PASS G4 OpReport_v4: the error net branched INTO the loop - sink non-zero and a LoopTunnel appeared sink wire 672, new tunnels [678]
   . [OpReport_v4] new LoopTunnel #678 (index 1) IndexMode AS READ 0 outer wire 688 inner [672] (error chain (scalar: NOT auto-indexed))
   PASS G3t OpReport_v4: error chain (scalar: NOT auto-indexed) tunnel IndexMode == 0 #678 mode 0
   . [OpReport_v4/A] auto error handling OFF (Close Reference's `error out` is deliberately unwired, so a runtime close error must never open a modal in an unattended run)
   [OpReport_v4/A] FINISH ExecState 0
   FAIL G5 OpReport_v4/A: the repaired op is RUNNABLE (ExecState 1) ExecState 0
  STAGE OpReport_v4 STOPPED at gate: G5 OpReport_v4/A: the repaired op is RUNNABLE (ExecState 1)
  removed the unrepaired OpReport_v4.vi stub

=== STAGE OpWireSource_v6: OpWireSource_v5.vi -> OpWireSource_v6.vi (new) ===
  source md5 BEFORE 5dc45a04ea5d809f5ca57e9309ed59c5
   fresh(): killing LabVIEW pid 17292
   COM preflight OK (pid 15480, two round-trips agree: 16 wires)
   fresh(): new LabVIEW pid 15480
   PASS G1a OpWireSource_v6: the copy is byte-identical 5dc45a04ea5d809f5ca57e9309ed59c5
   PASS G1 OpWireSource_v6: the copy is RUNNABLE before anything is changed ExecState 1
   PASS G2c the donor holds Close Reference #157 [544, 1845, 1337, 2066, 906, 157]
   [OpWireSource_v6] REFMINT D[0] Property #145 sources ['reference out', 'error out', 'Terms[]'] -> reference-returning ['reference out']
   [OpWireSource_v6] REFMINT D[0] Property #157 sources ['reference out', 'error out', 'Owner'] -> reference-returning ['reference out', 'Owner']
   [OpWireSource_v6] REFMINT D[0] Property #163 sources ['reference out', 'error out', 'ClassName'] -> reference-returning ['reference out']
   [OpWireSource_v6] REFMINT D[0] Property #241 sources ['reference out', 'error out', 'Position', 'ClassName', 'UID', 'Owner'] -> reference-returning ['reference out', 'Owner']
   [OpWireSource_v6] REFMINT D[0] Property #307 sources ['reference out', 'error out', 'UID'] -> reference-returning ['reference out']
   [OpWireSource_v6] REFMINT D[0] Property #310 sources ['reference out', 'error out', 'ClassName'] -> reference-returning ['reference out']
   [OpWireSource_v6] REFMINT D[0] Property #482 sources ['reference out', 'error out', 'ClassName'] -> reference-returning ['reference out']
   [OpWireSource_v6] REFMINT D[0] Property #1186 sources ['reference out', 'error out', 'UID'] -> reference-returning ['reference out']
   [OpWireSource_v6] REFMINT D[0] Property #1319 sources ['reference out', 'error out', 'IsSource'] -> reference-returning ['reference out']
   [OpWireSource_v6] REFMINT D[0] Property #1326 sources ['reference out', 'error out', 'Wire'] -> reference-returning ['reference out', 'Wire']
   [OpWireSource_v6] REFMINT D[0] Property #1329 sources ['reference out', 'error out', 'UID'] -> reference-returning ['reference out']
   [OpWireSource_v6] REFMINT D[0] Property #1554 sources ['reference out', 'error out', 'ClassName'] -> reference-returning ['reference out']
   [OpWireSource_v6] REFMINT SUMMARY: 15 reference-returning property read(s): [(0, 145, 'reference out'), (0, 157, 'reference out'), (0, 157, 'Owner'), (0, 163, 'reference out'), (0, 241, 'reference out'), (0, 241, 'Owner'), (0, 307, 'reference out'), (0, 310, 'reference out'), (0, 482, 'reference out'), (0, 1186, 'reference out'), (0, 1319, 'reference out'), (0, 1326, 'reference out'), (0, 1326, 'Wire'), (0, 1329, 'reference out'), (0, 1554, 'reference out')]
  [OpWireSource_v6/A] donor Function index of #157 = 5; nodes on diagram 0 before = 19
   [OpWireSource_v6/A] FINISH: new nodes on diagram 0 = [1639] (copy_by_index reported [{'i': 1, 'class': 'Function', 'uid': 1639, 'pos': (0, 75), 'owner': 'TopLevelDiagram'}, {'i': 2, 'class': 'ParameterTerminal', 'uid': 1664, 'pos': (24, 99), 'owner': 'Function'}, {'i': 3, 'class': 'ParameterTerminal', 'uid': 1667, 'pos': (0, 99), 'owner': 'Function'}, {'i': 4, 'class': 'ParameterTerminal', 'uid': 1670, 'pos': (0, 75), 'owner': 'Function'}])
   PASS G2 OpWireSource_v6/A: exactly ONE node added by the copy [1639]
   [OpWireSource_v6/A] Close Reference #1639 terminals: [(0, 'error out', True), (1, 'error in (no error)', False), (2, 'reference', False)]
   PASS G2b OpWireSource_v6/A: Close Reference carries 'reference' and 'error in (no error)' sinks {'i': 2, 'name': 'reference', 'is_source': False, 'wire': 0, 'name_err': 0, 'src_err': 0, 'conn_err': 0, 'wire_err': 1055, 'node_uid': 1639}/{'i': 1, 'name': 'error in (no error)', 'is_source': False, 'wire': 0, 'name_err': 0, 'src_err': 0, 'conn_err': 0, 'wire_err': 1055, 'node_uid': 1639}
   PASS G3v OpWireSource_v6: the Traverse node is present on diagram 0 [(43, 'Open VI Reference'), (124, 'Traverse for GObjects.vi'), (167, 'Index Array'), (241, 'Property Node'), (482, 'Property Node'), (145, 'Property Node'), (151, 'Index Array'), (157, 'Property Node'), (163, 'Property Node'), (990, 'UID to GObject Reference.vi'), (1044, 'To More Specific Class'), (307, 'Property Node'), (310, 'Property Node'), (1186, 'Property Node'), (1221, 'To More Specific Class'), (1319, 'Property Node'), (1326, 'Property Node'), (1329, 'Property Node'), (1554, 'Property Node'), (1639, 'Close Reference')]
   PASS G3r OpWireSource_v6: the Traverse has the 'References' SOURCE terminal (NAMES.md:230, measured) ['error out', '# of Refs', 'References', 'dup VI Refnum']
   PASS G3w OpWireSource_v6: 'References' already drives a wire (the branch needs one) 188
   . [OpWireSource_v6] References wire = 188
   . [OpWireSource_v6] For Loop #1647 created at (2920, 115) (found at (2920, 115))
   PASS G3d OpWireSource_v6: exactly one ForLoop-owned Diagram [(1, 1740, 'ForLoop')]
   . [OpWireSource_v6] loop body Diagram[1] uid 1740
   PASS G3a OpWireSource_v6: Close Reference #1639 is now on the loop body diagram [1639, 1648]
   PASS G3f OpWireSource_v6: the reparented Close Reference still exposes 'reference' and 'error in (no error)' [(0, 'error out', True), (1, 'error in (no error)', False), (2, 'reference', False)]
   PASS G3s OpWireSource_v6/A: w188 (the `References` array) has a SOURCE terminal owned by #124 {'i': 0, 'is_source': True, 'owner_class': 'SubVI', 'owner_uid': 124, 'recip': 188}
   . [OpWireSource_v6/A] connect_from_wire(the `References` array, branch of w188) dw=1 ExecState=0 err='' sub={'err_uidvi': '', 'err_wirepn': '', 'UID 2': 1779, 'Is Broken?': False, 'Name': 'reference'}
   [OpWireSource_v6/A] BRANCH the `References` array: claimed w188 -> sink w1779 = SEGMENTED, Is Broken? False, ExecState after 0
   PASS G3 OpWireSource_v6/A: the `References` array branched into the body - sink is not BARE sink wire 1779
   PASS G3k OpWireSource_v6/A: the `References` array is not reported BROKEN by the op's own ordered `Wire.Is Broken?` reader Is Broken? False
   PASS G3x OpWireSource_v6: a LoopTunnel appeared for the crossing new tunnels [1785]
   . [OpWireSource_v6] new LoopTunnel #1785 (index 0) IndexMode AS READ 1 outer wire 1795 inner [1779] (References (auto-index: the array supplies N))
   PASS G3t OpWireSource_v6: References (auto-index: the array supplies N) tunnel IndexMode == 1 #1785 mode 1
   . [OpWireSource_v6] ExecState after the refnum branch and the IndexMode settle: 0
   . [OpWireSource_v6] panel error-out indicators: [('error out', 425), ('error out 2', 531), ('error out 3', 894), ('error out 4', 953), ('error out 5', 1012), ('error out 6', 1208), ('error out 7', 1341), ('error out 8', 1517), ('error out 9', 1576), ('error out 10', 1673)]
   PASS G4a OpWireSource_v6: exactly one panel indicator labelled 'error out' carrying a wire [{'label': 'error out', 'indicator': True, 'uid': 328, 'is_source': False, 'wire': 425, 'term_err': 0, 'wire_err': 0}]
   PASS G4b OpWireSource_v6: the node driving the panel's error-out net was identified FROM THE MACHINE ewire 425 owners [124]
   . [OpWireSource_v6] last error-chain node #124 ('Traverse for GObjects.vi') drives panel error out on wire 425
   PASS G4c OpWireSource_v6: the error net has a SOURCE terminal owned by #124 {'i': 0, 'is_source': True, 'owner_class': 'SubVI', 'owner_uid': 124, 'recip': 425}
   . [OpWireSource_v6] connect_from_wire(error chain) dw=1 ExecState=0 err='' sub={'err_uidvi': '', 'err_wirepn': '', 'UID 2': 1815, 'Is Broken?': False, 'Name': 'error in (no error)'}
   PASS G4 OpWireSource_v6: the error net branched INTO the loop - sink non-zero and a LoopTunnel appeared sink wire 1815, new tunnels [1821]
   . [OpWireSource_v6] new LoopTunnel #1821 (index 1) IndexMode AS READ 0 outer wire 1831 inner [1815] (error chain (scalar: NOT auto-indexed))
   PASS G3t OpWireSource_v6: error chain (scalar: NOT auto-indexed) tunnel IndexMode == 0 #1821 mode 0
   . [OpWireSource_v6/A] auto error handling OFF (Close Reference's `error out` is deliberately unwired, so a runtime close error must never open a modal in an unattended run)
   [OpWireSource_v6/A] FINISH ExecState 0
   FAIL G5 OpWireSource_v6/A: the repaired op is RUNNABLE (ExecState 1) ExecState 0
  STAGE OpWireSource_v6 STOPPED at gate: G5 OpWireSource_v6/A: the repaired op is RUNNABLE (ExecState 1)
  removed the unrepaired OpWireSource_v6.vi stub

=== STAGE OpReportAll_v1: OpReportAll_v0.vi -> OpReportAll_v1.vi (loop) ===
  source md5 BEFORE ffcec2c75e92dcad514299ba20e66054
   fresh(): killing LabVIEW pid 15480
   COM preflight OK (pid 9696, two round-trips agree: 16 wires)
   fresh(): new LabVIEW pid 9696
   PASS G1a OpReportAll_v1: the copy is byte-identical ffcec2c75e92dcad514299ba20e66054
   PASS G1 OpReportAll_v1: the copy is RUNNABLE before anything is changed ExecState 1
   PASS G2c the donor holds Close Reference #157 [544, 1845, 1337, 2066, 906, 157]
   [OpReportAll_v1] REFMINT D[1] Property #114 sources ['reference out', 'error out', 'Position', 'UID', 'ClassName', 'Owner'] -> reference-returning ['reference out', 'Owner']
   [OpReportAll_v1] REFMINT D[1] Property #115 sources ['reference out', 'error out', 'ClassName'] -> reference-returning ['reference out']
   [OpReportAll_v1] REFMINT SUMMARY: 3 reference-returning property read(s): [(1, 114, 'reference out'), (1, 114, 'Owner'), (1, 115, 'reference out')]
  [OpReportAll_v1/A] donor Function index of #157 = 5; nodes on diagram 0 before = 3
   [OpReportAll_v1/A] FINISH: new nodes on diagram 0 = [738] (copy_by_index reported [{'i': 1, 'class': 'Function', 'uid': 738, 'pos': (0, 75), 'owner': 'TopLevelDiagram'}, {'i': 2, 'class': 'ParameterTerminal', 'uid': 769, 'pos': (24, 99), 'owner': 'Function'}, {'i': 3, 'class': 'ParameterTerminal', 'uid': 772, 'pos': (0, 99), 'owner': 'Function'}, {'i': 4, 'class': 'ParameterTerminal', 'uid': 776, 'pos': (0, 75), 'owner': 'Function'}])
   PASS G2 OpReportAll_v1/A: exactly ONE node added by the copy [738]
   [OpReportAll_v1/A] Close Reference #738 terminals: [(0, 'error out', True), (1, 'error in (no error)', False), (2, 'reference', False)]
   PASS G2b OpReportAll_v1/A: Close Reference carries 'reference' and 'error in (no error)' sinks {'i': 2, 'name': 'reference', 'is_source': False, 'wire': 0, 'name_err': 0, 'src_err': 0, 'conn_err': 0, 'wire_err': 1055, 'node_uid': 738}/{'i': 1, 'name': 'error in (no error)', 'is_source': False, 'wire': 0, 'name_err': 0, 'src_err': 0, 'conn_err': 0, 'wire_err': 1055, 'node_uid': 738}
   PASS G3d OpReportAll_v1: exactly one ForLoop-owned Diagram [(1, 272, 'ForLoop')]
   . [OpReportAll_v1] loop body Diagram[1] uid 272
   PASS G3a OpReportAll_v1/A: Close Reference #738 is now on the loop body diagram [114, 115, 738, 755]
   PASS G3f OpReportAll_v1/A: the reparented Close Reference still exposes 'reference' and 'error in (no error)' [(0, 'error out', True), (1, 'error in (no error)', False), (2, 'reference', False)]
   PASS G3b OpReportAll_v1: the body holds EXACTLY TWO Property nodes [114, 115]
   . [OpReportAll_v1]   PN #114: reference <- w421, source {'i': 0, 'is_source': True, 'owner_class': 'LoopTunnel', 'owner_uid': 511, 'recip': 421}
   . [OpReportAll_v1]   PN #115: reference <- w548, source {'i': 0, 'is_source': True, 'owner_class': 'Property', 'owner_uid': 114, 'recip': 548}
   PASS G3p1 OpReportAll_v1: exactly ONE body Property node is fed by a LoopTunnel (the traversed element) {114: {'wire': 421, 'src': {'i': 0, 'is_source': True, 'owner_class': 'LoopTunnel', 'owner_uid': 511, 'recip': 421}}, 115: {'wire': 548, 'src': {'i': 0, 'is_source': True, 'owner_class': 'Property', 'owner_uid': 114, 'recip': 548}}}
   PASS G3p2 OpReportAll_v1: the OTHER Property node is fed by #114 - the body is a CHAIN, as measured in tools/bench/s0_body_census.log:47,:49,:60 {'wire': 548, 'src': {'i': 0, 'is_source': True, 'owner_class': 'Property', 'owner_uid': 114, 'recip': 548}}
   PASS G3p3 OpReportAll_v1: #114 exposes the 'Owner' SOURCE terminal that MINTS the second reference [(0, 'reference', False), (1, 'reference out', True), (2, 'error in (no error)', False), (3, 'error out', True), (4, 'Position', True), (5, 'UID', True), (6, 'ClassName', True), (7, 'Owner', True)]
   PASS G3p4 OpReportAll_v1: #114.'Owner' drives exactly the wire #115 reads (provenance, not uid order) owner wire 548 vs pn_last reference wire 548
   . [OpReportAll_v1] PROVENANCE: traversed element w421 -> PN #114 --Owner--> w548 -> PN #115
   PASS G3s OpReportAll_v1/A: w421 (the TRAVERSED element reference) has a SOURCE terminal owned by #None {'i': 0, 'is_source': True, 'owner_class': 'LoopTunnel', 'owner_uid': 511, 'recip': 421}
   . [OpReportAll_v1/A] connect_from_wire(the TRAVERSED element reference, branch of w421) dw=0 ExecState=0 err='' sub={'err_uidvi': '', 'err_wirepn': '', 'UID 2': 421, 'Is Broken?': False, 'Name': 'reference'}
   [OpReportAll_v1/A] BRANCH the TRAVERSED element reference: claimed w421 -> sink w421 = EXACT, Is Broken? False, ExecState after 0
   PASS G3 OpReportAll_v1/A: the TRAVERSED element reference branched into the body - sink is not BARE sink wire 421
   PASS G3k OpReportAll_v1/A: the TRAVERSED element reference is not reported BROKEN by the op's own ordered `Wire.Is Broken?` reader Is Broken? False
   PASS G4s OpReportAll_v1/A: #115 exposes 'error out' [(0, 'reference', False), (1, 'reference out', True), (2, 'error in (no error)', False), (3, 'error out', True), (4, 'ClassName', True)]
      op readback {'UID': 738, 'Name': 'error in (no error)', 'UID 2': 0, 'Is Broken?': False}
   . [OpReportAll_v1/A] connect_nested_v1(D[1].N[1].T[3] -> D[1].N[2].T[1]) dw=1 ExecState=0 err=''
   [OpReportAll_v1/A] ERROR CHAIN: #115.error out w865 -> #738.error in (no error) w865 (EXACT)
   PASS G4 OpReportAll_v1/A: #115.'error out' -> #738.'error in (no error)' - the close runs after every read 865/865
   . [OpReportAll_v1/A] auto error handling OFF (Close Reference's `error out` is deliberately unwired, so a runtime close error must never open a modal in an unattended run)
   [OpReportAll_v1/A] FINISH ExecState 0
   FAIL G5 OpReportAll_v1/A: the repaired op is RUNNABLE (ExecState 1) ExecState 0
  STAGE OpReportAll_v1 STOPPED at gate: G5 OpReportAll_v1/A: the repaired op is RUNNABLE (ExecState 1)
  removed the unrepaired OpReportAll_v1.vi stub

=== PROOF: equivalence, then 20 consecutive calls of each repaired op ===
   fresh(): killing LabVIEW pid 9696
   COM preflight OK (pid 5936, two round-trips agree: 16 wires)
   fresh(): new LabVIEW pid 5936
   PASS G7a scratch is byte-identical to the original SCRATCH_s0_185051.vi
   v3: {'Diagram': 170, 'Node': 626, 'Wire': 1902}   row0 {'i': 0, 'class': 'TopLevelDiagram', 'uid': 536, 'pos': (-17474, 102), 'owner': ''}
   . v4: OpReport_v4.vi not on disk - equivalence skipped
   ra0: report_all(Diagram) -> 170 uids, first 6 [536, 3628, 3667, 3886, 4406, 5038]
   . ra1: OpReportAll_v1.vi not on disk - equivalence skipped
   equivalence wire uid for OpWireSource = 32594
   v5: {'is_source': True, 'owner_class': 'SubVI', 'owner_uid': 30804, 'recip': 32594, 'err': ''}
   . v6: OpWireSource_v6.vi not on disk - equivalence skipped

=== VERDICT ===
  BRANCH readbacks: {"ARM": {"A": {"what": "the `References` array", "claimed": 188, "got": 636, "class": "SEGMENTED", "is_broken": false, "exec_state_after": 0, "dw": 1}, "new_tunnels": [642], "tunnel_mode_as_read": [[642, 1], [704, 0]]}, "OpReport_v4": {"A": {"what": "the `References` array", "claimed": 188, "got": 636, "class": "SEGMENTED", "is_broken": false, "exec_state_after": 0, "dw": 1}, "new_tunnels": [642], "tunnel_mode_as_read": [[642, 1], [678, 0]]}, "OpWireSource_v6": {"A": {"what": "the `References` array", "claimed": 188, "got": 1779, "class": "SEGMENTED", "is_broken": false, "exec_state_after": 0, "dw": 1}, "new_tunnels": [1785], "tunnel_mode_as_read": [[1785, 1], [1821, 0]]}, "OpReportAll_v1": {"A": {"what": "the TRAVERSED element reference", "claimed": 421, "got": 421, "class": "EXACT", "is_broken": false, "exec_state_after": 0, "dw": 0}}}
   FAIL G-A0 all three ops were repaired and saved []

STOPPED at gate: G-A0 all three ops were repaired and saved
ORIGINAL md5 AFTER: 2a78e17c449cacdaf5da389818526859 (pinned 2a78e17c449cacdaf5da389818526859)
cleanup: deleted SCRATCH_s0_185051.vi

GATES: 87 PASS / 5 FAIL
failing: G5 ARM/A: the repaired op is RUNNABLE (ExecState 1), G5 OpReport_v4/A: the repaired op is RUNNABLE (ExecState 1), G5 OpWireSource_v6/A: the repaired op is RUNNABLE (ExecState 1), G5 OpReportAll_v1/A: the repaired op is RUNNABLE (ExecState 1), G-A0 all three ops were repaired and saved
BGRUN END rc=1 after 601s
