BGRUN START 2026-09-15 12:59:22 limit 20.0 min: py -u tools/recipes/build_opcaseframes_v0.py
   PASS S the tunnel op exists 
   LabVIEW pid before: None
   fresh(): killing LabVIEW pid None
   COM preflight attempt 1/15: pid None->10812, wires 16->16
   COM preflight OK (pid 10812, two round-trips agree: 16 wires)
   fresh(): new LabVIEW pid 10812
   PASS A the copied tunnel op is runnable [('copy of the tunnel op', 1)]
   PASS exactly one new Property node (MultiFrameStructure.Frames[] 6363801) [1780]
   PASS the new node has exactly one data SOURCE terminal (Frames[]) [('reference', False), ('reference out', True), ('error in (no error)', False), ('error out', True), ('Frames[]', True)]
   CENSUS VI Server:MultiFrameStructure 6363801 -> data terminal 'Frames[]'
   PASS A exactly one new control (MultiFrameStructure-typed seed) [{'label': 'reference 5', 'indicator': False, 'uid': 1816, 'is_source': True, 'wire': 1838, 'term_err': 0, 'wire_err': 0}]
   PASS A runnable with the seed wired [('copy of the tunnel op', 1), ('Frames[] node + seed (wired)', 1)]
   PASS B PROVENANCE seed -> cast 'target class' 
   PASS B PROVENANCE cast output -> Frames[] node 384/384
   PASS B PROVENANCE Frames[] -> Index Array 'array' 872/872
   PASS exactly one new Property node (CaseStructure.Frame Names 6365002) [219]
   PASS the new node has exactly one data SOURCE terminal (Frame Names) [('reference', False), ('reference out', True), ('error in (no error)', False), ('error out', True), ('FrameNames', True)]
   CENSUS VI Server:CaseStructure 6365002 -> data terminal 'FrameNames'
   PASS C PROVENANCE cast output -> Frame Names node 
   DIAG unwired sinks: [(43, 'Open VI Reference', 'password ("")'), (43, 'Open VI Reference', 'type specifier VI Refnum (for type only)'), (43, 'Open VI Reference', 'options'), (43, 'Open VI Reference', 'application reference (local)'), (124, 'Traverse for GObjects.vi', ''), (124, 'Traverse for GObjects.vi', 'Other Refnum'), (124, 'Traverse for GObjects.vi', 'Traverse Generated Code (F)'), (124, 'Traverse for GObjects.vi', ''), (990, 'UID to GObject Reference.vi', ''), (990, 'UID to GObject Reference.vi', ''), (990, 'UID to GObject Reference.vi', ''), (990, 'UID to GObject Reference.vi', ''), (990, 'UID to GObject Reference.vi', ''), (990, 'UID to GObject Reference.vi', ''), (1329, 'Property Node', 'reference'), (168, 'Property Node', 'reference')]
   DIAG re-fed node 1329 (Property Node) from the Index Array element
   DIAG re-fed node 168 (Property Node) from the Index Array element
   FAIL C runnable after the retarget [('copy of the tunnel op', 1), ('Frames[] node + seed (wired)', 1), ('old wiring + Inside Terminals[] node removed (broken window - never saved)', 0), ('retargeted to CaseStructure (+ single cleanup)', 0), ('orphans re-fed', 0)]

STOP at gate: C runnable after the retarget
BGRUN END rc=1 after 55s
BGRUN START 2026-09-15 13:02:13 limit 20.0 min: py -u tools/recipes/build_opcaseframes_v0.py
   PASS S the tunnel op exists 
   LabVIEW pid before: 10812
   fresh(): killing LabVIEW pid 10812
   COM preflight attempt 1/15: pid None->22396, wires 16->16
   COM preflight OK (pid 22396, two round-trips agree: 16 wires)
   fresh(): new LabVIEW pid 22396
   PASS A the copied tunnel op is runnable [('copy of the tunnel op', 1)]
   PASS exactly one new Property node (MultiFrameStructure.Frames[] 6363801) [1780]
   PASS the new node has exactly one data SOURCE terminal (Frames[]) [('reference', False), ('reference out', True), ('error in (no error)', False), ('error out', True), ('Frames[]', True)]
   CENSUS VI Server:MultiFrameStructure 6363801 -> data terminal 'Frames[]'
   PASS A exactly one new control (MultiFrameStructure-typed seed) [{'label': 'reference 5', 'indicator': False, 'uid': 1816, 'is_source': True, 'wire': 1838, 'term_err': 0, 'wire_err': 0}]
   PASS A runnable with the seed wired [('copy of the tunnel op', 1), ('Frames[] node + seed (wired)', 1)]
   PASS B PROVENANCE seed -> cast 'target class' 
   PASS B PROVENANCE cast output -> Frames[] node 384/384
   PASS B PROVENANCE Frames[] -> Index Array 'array' 872/872
   PASS exactly one new Property node (CaseStructure.Frame Names 6365002) [219]
   PASS the new node has exactly one data SOURCE terminal (Frame Names) [('reference', False), ('reference out', True), ('error in (no error)', False), ('error out', True), ('FrameNames', True)]
   CENSUS VI Server:CaseStructure 6365002 -> data terminal 'FrameNames'
   PASS C PROVENANCE cast output -> Frame Names node 
   DIAG deleting inherited TERMINAL readers: [(1319, ['IsSource']), (1326, ['Wire']), (145, ['Diagram'])]
   FAIL D exactly one orphaned UID node to carry the frame uid []

STOP at gate: D exactly one orphaned UID node to carry the frame uid
BGRUN END rc=1 after 66s
BGRUN START 2026-09-15 13:04:42 limit 20.0 min: py -u tools/recipes/build_opcaseframes_v0.py
   PASS S the tunnel op exists 
   LabVIEW pid before: 22396
   fresh(): killing LabVIEW pid 22396
   COM preflight attempt 1/15: pid None->5472, wires 16->16
   COM preflight OK (pid 5472, two round-trips agree: 16 wires)
   fresh(): new LabVIEW pid 5472
   PASS A the copied tunnel op is runnable [('copy of the tunnel op', 1)]
   PASS exactly one new Property node (MultiFrameStructure.Frames[] 6363801) [1780]
   PASS the new node has exactly one data SOURCE terminal (Frames[]) [('reference', False), ('reference out', True), ('error in (no error)', False), ('error out', True), ('Frames[]', True)]
   CENSUS VI Server:MultiFrameStructure 6363801 -> data terminal 'Frames[]'
   PASS A exactly one new control (MultiFrameStructure-typed seed) [{'label': 'reference 5', 'indicator': False, 'uid': 1816, 'is_source': True, 'wire': 1838, 'term_err': 0, 'wire_err': 0}]
   PASS A runnable with the seed wired [('copy of the tunnel op', 1), ('Frames[] node + seed (wired)', 1)]
   PASS B PROVENANCE seed -> cast 'target class' 
   PASS B PROVENANCE cast output -> Frames[] node 384/384
   PASS B PROVENANCE Frames[] -> Index Array 'array' 872/872
   PASS exactly one new Property node (CaseStructure.Frame Names 6365002) [219]
   PASS the new node has exactly one data SOURCE terminal (Frame Names) [('reference', False), ('reference out', True), ('error in (no error)', False), ('error out', True), ('FrameNames', True)]
   CENSUS VI Server:CaseStructure 6365002 -> data terminal 'FrameNames'
   PASS C PROVENANCE cast output -> Frame Names node 
   PASS D the inherited Terminal.Diagram node is present [43, 124, 145, 151, 157, 163, 167, 168]
   PASS D exactly the UID node fed by Terminal.Diagram is identified as the frame-uid node 1715
   DIAG deleting inherited TERMINAL readers: [(1319, ['IsSource']), (1326, ['Wire']), (145, ['Diagram'])]; frame-uid node is 168 (fed by wire 1715)
   PASS D PROVENANCE Index Array element -> the frame-uid node 
   DIAG unwired sinks that remain: [(43, 'Open VI Reference', 'password ("")'), (43, 'Open VI Reference', 'type specifier VI Refnum (for type only)'), (43, 'Open VI Reference', 'options'), (43, 'Open VI Reference', 'application reference (local)'), (124, 'Traverse for GObjects.vi', ''), (124, 'Traverse for GObjects.vi', 'Other Refnum'), (124, 'Traverse for GObjects.vi', 'Traverse Generated Code (F)'), (124, 'Traverse for GObjects.vi', ''), (990, 'UID to GObject Reference.vi', ''), (990, 'UID to GObject Reference.vi', ''), (990, 'UID to GObject Reference.vi', ''), (990, 'UID to GObject Reference.vi', ''), (990, 'UID to GObject Reference.vi', ''), (990, 'UID to GObject Reference.vi', ''), (1329, 'Property Node', 'reference')]
   FAIL C runnable after the retarget [('copy of the tunnel op', 1), ('Frames[] node + seed (wired)', 1), ('old wiring + Inside Terminals[] node removed (broken window - never saved)', 0), ('terminal readers deleted, frame-uid node re-fed (+ single cleanup)', 0)]

STOP at gate: C runnable after the retarget
BGRUN END rc=1 after 68s
BGRUN START 2026-09-15 13:07:34 limit 20.0 min: py -u tools/recipes/build_opcaseframes_v0.py
   PASS S the tunnel op exists 
   LabVIEW pid before: 5472
   fresh(): killing LabVIEW pid 5472
   COM preflight attempt 1/15: pid None->11932, wires 16->16
   COM preflight OK (pid 11932, two round-trips agree: 16 wires)
   fresh(): new LabVIEW pid 11932
   PASS A the copied tunnel op is runnable [('copy of the tunnel op', 1)]
   PASS exactly one new Property node (MultiFrameStructure.Frames[] 6363801) [1780]
   PASS the new node has exactly one data SOURCE terminal (Frames[]) [('reference', False), ('reference out', True), ('error in (no error)', False), ('error out', True), ('Frames[]', True)]
   CENSUS VI Server:MultiFrameStructure 6363801 -> data terminal 'Frames[]'
   PASS A exactly one new control (MultiFrameStructure-typed seed) [{'label': 'reference 5', 'indicator': False, 'uid': 1816, 'is_source': True, 'wire': 1838, 'term_err': 0, 'wire_err': 0}]
   PASS A runnable with the seed wired [('copy of the tunnel op', 1), ('Frames[] node + seed (wired)', 1)]
   PASS B PROVENANCE seed -> cast 'target class' 
   PASS B PROVENANCE cast output -> Frames[] node 384/384
   PASS B PROVENANCE Frames[] -> Index Array 'array' 872/872
   PASS exactly one new Property node (CaseStructure.Frame Names 6365002) [219]
   PASS the new node has exactly one data SOURCE terminal (Frame Names) [('reference', False), ('reference out', True), ('error in (no error)', False), ('error out', True), ('FrameNames', True)]
   CENSUS VI Server:CaseStructure 6365002 -> data terminal 'FrameNames'
   PASS C PROVENANCE cast output -> Frame Names node 
   PASS D the inherited Terminal.Diagram node is present [43, 124, 145, 151, 157, 163, 167, 168]
   PASS D exactly the UID node fed by Terminal.Diagram is identified as the frame-uid node 1715
   DIAG deleting inherited TERMINAL readers: [(1319, ['IsSource']), (1326, ['Wire']), (145, ['Diagram'])]; frame-uid node is 168 (fed by wire 1715)
   PASS D PROVENANCE Index Array element -> the frame-uid node 
   DIAG orphan Property 1329 reads ['UID'] -> deleting (its diagnostic purpose belongs to the old chain)
OBSERVED ExecState per step: [('copy of the tunnel op', 1), ('Frames[] node + seed (wired)', 1), ('old wiring + Inside Terminals[] node removed (broken window - never saved)', 0), ('terminal readers deleted, frame-uid node re-fed (+ single cleanup)', 0), ('remaining orphan readers deleted', 0)]
   FAIL C runnable after the retarget [('copy of the tunnel op', 1), ('Frames[] node + seed (wired)', 1), ('old wiring + Inside Terminals[] node removed (broken window - never saved)', 0), ('terminal readers deleted, frame-uid node re-fed (+ single cleanup)', 0), ('remaining orphan readers deleted', 0)]

STOP at gate: C runnable after the retarget
BGRUN END rc=1 after 67s
BGRUN START 2026-09-15 13:10:41 limit 20.0 min: py -u tools/recipes/build_opcaseframes_v0.py
   PASS S the tunnel op exists 
   LabVIEW pid before: 11932
   fresh(): killing LabVIEW pid 11932
   COM preflight attempt 1/15: pid None->16876, wires 16->16
   COM preflight OK (pid 16876, two round-trips agree: 16 wires)
   fresh(): new LabVIEW pid 16876
   PASS A the copied tunnel op is runnable [('copy of the tunnel op', 1)]
   PASS exactly one new Property node (MultiFrameStructure.Frames[] 6363801) [1780]
   PASS the new node has exactly one data SOURCE terminal (Frames[]) [('reference', False), ('reference out', True), ('error in (no error)', False), ('error out', True), ('Frames[]', True)]
   CENSUS VI Server:MultiFrameStructure 6363801 -> data terminal 'Frames[]'
   PASS exactly one new Property node (CaseStructure.Frame Names 6365002) [1787]
   PASS the new node has exactly one data SOURCE terminal (Frame Names) [('reference', False), ('reference out', True), ('error in (no error)', False), ('error out', True), ('FrameNames', True)]
   CENSUS VI Server:CaseStructure 6365002 -> data terminal 'FrameNames'
   PASS A exactly one new control (MultiFrameStructure-typed seed) [{'label': 'reference 5', 'indicator': False, 'uid': 1839, 'is_source': True, 'wire': 1861, 'term_err': 0, 'wire_err': 0}]
   FAIL A runnable with the seed wired [('copy of the tunnel op', 1), ('Frames[] node + seed (wired)', 0)]

STOP at gate: A runnable with the seed wired
BGRUN END rc=1 after 52s
