BGRUN START 2026-09-22 01:58:42 limit 45.0 min: py -u tools/recipes/build_d1_m3a2.py
====================================================================================================
=== build_d1_m3a2  20260922_015842  - STAGE M3a-2, THE TWO INITIAL-VALUE ROWS (Pre-decided 91/92)
=== THE ARTEFACT THIS RUN SAVES IS **NOT COMPUTATION-EQUIVALENT TO THE ORIGINAL** AND IS NEVER RUN (34(f), Pre-decided 97).
====================================================================================================

---------- [0] FILES ONLY, ZERO LabVIEW - the md5 pins BEFORE, then the pre-batch restart
  FACT  LabVIEW handles BEFORE: 33956 (fresh-instance baseline ~31,500; the pre-batch restart below is MANDATORY - 44(e))
  FACT  H INPUT the M3a-1 artefact BEFORE: HASH C:\Program Files\National Instruments\LabVIEW 2026\user.lib\claudeDev\D1_s3b_m3a_BROKEN_20260922_005732.vi | exists=1 | size=303480 | md5=6b3c1f3c4ba80f1fa7411a55f0218bea | sha256=debc63098a8e9480371b9287e24fb5b46f3e35772c349d13ef2af203c3b48bea
  PASS  H1 the input artefact's md5 == its pin 6b3c1f3c  '6b3c1f3c4ba80f1fa7411a55f0218bea'
  FACT  H ORIGINAL BEFORE: HASH G:\Codes\LabVIEW_Codes\MinLab\zz_LabView VI\AAA_UNIST\2. Tracking\Min_Track N beads V6_ParallelLoop.vi | exists=1 | size=473317 | md5=2a78e17c449cacdaf5da389818526859 | sha256=f827a67e91cc2a51284cdce0ada5d34ecf89cf865bca5f0bdfa870f0020df4bb
  PASS  H3 ORIGINAL md5 == its pin 2a78e17c  '2a78e17c449cacdaf5da389818526859'
  FACT  H S1 D1_s1_copy BEFORE: HASH C:\Program Files\National Instruments\LabVIEW 2026\user.lib\claudeDev\D1_s1_copy.vi | exists=1 | size=474202 | md5=3e3d23cefd3a334001aa9d6156bf1aee | sha256=1ab3360021cb04f03e8fe4a503d1972aefa26a34ed5b8fd9393ec6899330e0f7
  PASS  H3 S1 D1_s1_copy md5 == its pin 3e3d23ce  '3e3d23cefd3a334001aa9d6156bf1aee'
  FACT  H S2 D1_s2_loops BEFORE: HASH C:\Program Files\National Instruments\LabVIEW 2026\user.lib\claudeDev\D1_s2_loops.vi | exists=1 | size=475707 | md5=6ff19497f2309e007a214660bb64b911 | sha256=d52e754e29a85e9cc3ddeb039f6c5e325c9094c5e1f8c944059d4a5f7b33c3f5
  PASS  H3 S2 D1_s2_loops md5 == its pin 6ff19497  '6ff19497f2309e007a214660bb64b911'
  FACT  H THE BED BEFORE: HASH C:\Program Files\National Instruments\LabVIEW 2026\user.lib\claudeDev\D1_s3b_row2_20260921_160311.vi | exists=1 | size=476759 | md5=26c54ff784cb5cea21edbd214d2cc3a0 | sha256=17b63cb1c83d5f4a50285ced08b1ecc5a65605979b17ee798b1228f7017d275d
  PASS  H3 THE BED md5 == its pin 26c54ff7  '26c54ff784cb5cea21edbd214d2cc3a0'
  FACT  H TOOL gscript.py BEFORE: HASH G:\Codes\LabVIEW_Codes\MinLab\zz_LabView VI\AAA_UNIST\2. Tracking\V6_ParallelLoop\tools\gscript.py | exists=1 | size=165697 | md5=df6ccfe2e7d391a991a602d1a43be5d5 | sha256=028291dbf82bf35dabbcbfc5d6fdeb39b81a1875d3b170c8f5d754479eb99f34
  FACT  H TOOL c60c_astcheck.py BEFORE: HASH G:\Codes\LabVIEW_Codes\MinLab\zz_LabView VI\AAA_UNIST\2. Tracking\V6_ParallelLoop\tools\bench\c60c_astcheck.py | exists=1 | size=11777 | md5=92aaae0bbbf51d6733042b02e542ec45 | sha256=1773a917641d07cefed933817ff2862bd5e1ed759b620fb91f8337c23e44a56e
  FACT  M3a-3, NAMED AND NOT WIRED BY THIS STAGE (Pre-decided 91): the OLD RIGHT OUTER #4256 -> wire 4859 -> Global #7202 'Global motor pos.vi' t0 'Focus position' stays exactly as it is; re-sourcing it from the NEW register #23868 is M3a-3, and leaving the new RIGHT OUTER bare drops nothing (a bare SOURCE is legal LabVIEW, PD 69)
  FACT  M3a-3, NAMED AND NOT WIRED BY THIS STAGE (Pre-decided 91): the OLD RIGHT OUTER #4334 -> wire 7506 -> FlatSequenceInnerTunnel #7468 stays exactly as it is; re-sourcing it from the NEW register #23895 is M3a-3, and leaving the new RIGHT OUTER bare drops nothing (a bare SOURCE is legal LabVIEW, PD 69)
  FACT  [0] pre-batch LabVIEW restart (44(e)): lv_restart rc=0 ['dialogs: ,1346,762| / ENABLED|38013036|0,0,0,0|LabVIEW / VERDICT: clear (no modal dialog)']
  FACT  LabVIEW handles AFTER the restart: 30689

---------- [1] THE TARGET IS A COPY OF THE INPUT - the input is never opened, never edited, never run
  FACT  [1] the target, straight after the copy: HASH C:\Program Files\National Instruments\LabVIEW 2026\user.lib\claudeDev\D1_s3b_m3a2_20260922_015842.vi | exists=1 | size=303480 | md5=6b3c1f3c4ba80f1fa7411a55f0218bea | sha256=debc63098a8e9480371b9287e24fb5b46f3e35772c349d13ef2af203c3b48bea
  PASS  H4 the target starts byte-identical to the input artefact  '6b3c1f3c4ba80f1fa7411a55f0218bea' vs '6b3c1f3c4ba80f1fa7411a55f0218bea'
  FACT  [1] the target is D1_s3b_m3a2_20260922_015842.vi - the STAGE'S OWN OUTPUT NAME; every edit below is made on THIS file and the input artefact is not touched again until H2 re-reads its md5
  FACT  [1] ensure_loaded(target) took 1.4 s (edits are SILENTLY DECLINED on a target that is not fully loaded - the measured cause of add_shift_reg's no-op, gscript.py:764)
  FACT  UNEXPECTED EXCEPTION: TypeError: not enough arguments for format string
  FACT  MACHINE REFUSAL at main: TypeError: not enough arguments for format string

---------- [H] HYGIENE - panels closed, the md5 pins AFTER, the tool pins, the refs and the handles
  FACT  H INPUT the M3a-1 artefact AFTER: HASH C:\Program Files\National Instruments\LabVIEW 2026\user.lib\claudeDev\D1_s3b_m3a_BROKEN_20260922_005732.vi | exists=1 | size=303480 | md5=6b3c1f3c4ba80f1fa7411a55f0218bea | sha256=debc63098a8e9480371b9287e24fb5b46f3e35772c349d13ef2af203c3b48bea
  PASS  H2 the input artefact's md5 is UNCHANGED after the run  before '6b3c1f3c4ba80f1fa7411a55f0218bea' / after '6b3c1f3c4ba80f1fa7411a55f0218bea'
  FACT  H ORIGINAL AFTER: HASH G:\Codes\LabVIEW_Codes\MinLab\zz_LabView VI\AAA_UNIST\2. Tracking\Min_Track N beads V6_ParallelLoop.vi | exists=1 | size=473317 | md5=2a78e17c449cacdaf5da389818526859 | sha256=f827a67e91cc2a51284cdce0ada5d34ecf89cf865bca5f0bdfa870f0020df4bb
  PASS  H3 ORIGINAL md5 is STILL its pin 2a78e17c  '2a78e17c449cacdaf5da389818526859'
  FACT  H S1 D1_s1_copy AFTER: HASH C:\Program Files\National Instruments\LabVIEW 2026\user.lib\claudeDev\D1_s1_copy.vi | exists=1 | size=474202 | md5=3e3d23cefd3a334001aa9d6156bf1aee | sha256=1ab3360021cb04f03e8fe4a503d1972aefa26a34ed5b8fd9393ec6899330e0f7
  PASS  H3 S1 D1_s1_copy md5 is STILL its pin 3e3d23ce  '3e3d23cefd3a334001aa9d6156bf1aee'
  FACT  H S2 D1_s2_loops AFTER: HASH C:\Program Files\National Instruments\LabVIEW 2026\user.lib\claudeDev\D1_s2_loops.vi | exists=1 | size=475707 | md5=6ff19497f2309e007a214660bb64b911 | sha256=d52e754e29a85e9cc3ddeb039f6c5e325c9094c5e1f8c944059d4a5f7b33c3f5
  PASS  H3 S2 D1_s2_loops md5 is STILL its pin 6ff19497  '6ff19497f2309e007a214660bb64b911'
  FACT  H THE BED AFTER: HASH C:\Program Files\National Instruments\LabVIEW 2026\user.lib\claudeDev\D1_s3b_row2_20260921_160311.vi | exists=1 | size=476759 | md5=26c54ff784cb5cea21edbd214d2cc3a0 | sha256=17b63cb1c83d5f4a50285ced08b1ecc5a65605979b17ee798b1228f7017d275d
  PASS  H3 THE BED md5 is STILL its pin 26c54ff7  '26c54ff784cb5cea21edbd214d2cc3a0'
  FACT  H TOOL gscript.py AFTER: HASH G:\Codes\LabVIEW_Codes\MinLab\zz_LabView VI\AAA_UNIST\2. Tracking\V6_ParallelLoop\tools\gscript.py | exists=1 | size=165697 | md5=df6ccfe2e7d391a991a602d1a43be5d5 | sha256=028291dbf82bf35dabbcbfc5d6fdeb39b81a1875d3b170c8f5d754479eb99f34
  PASS  H5 TOOL gscript.py is byte-identical before and after  'df6ccfe2e7d391a991a602d1a43be5d5' vs 'df6ccfe2e7d391a991a602d1a43be5d5'
  FACT  H TOOL c60c_astcheck.py AFTER: HASH G:\Codes\LabVIEW_Codes\MinLab\zz_LabView VI\AAA_UNIST\2. Tracking\V6_ParallelLoop\tools\bench\c60c_astcheck.py | exists=1 | size=11777 | md5=92aaae0bbbf51d6733042b02e542ec45 | sha256=1773a917641d07cefed933817ff2862bd5e1ed759b620fb91f8337c23e44a56e
  PASS  H5 TOOL c60c_astcheck.py is byte-identical before and after  '92aaae0bbbf51d6733042b02e542ec45' vs '92aaae0bbbf51d6733042b02e542ec45'
  FACT  refs: {'opened': 3, 'closed': 3, 'live': 0, 'cached_op_vis': 0}
  PASS  H6 refs opened == closed and 0 live  {'opened': 3, 'closed': 3, 'live': 0, 'cached_op_vis': 0}
  FACT  LabVIEW handles AFTER: 45677 (before 33956, after the restart 30689)
  PASS  H7 the LabVIEW handle count was read at entry and at exit  33956 -> 45677
  FAIL  H8 no mutator call was REFUSED BY THE MACHINE (this file's refusals and the imported helpers')  1 here ['main'] ; 0 in the imported helpers []
  FACT  THE FILES THIS RUN LEFT ON DISK: []

====================================================================================================
=== GATES: 15 pass / 1 fail; failing: H8 no mutator call was REFUSED BY THE MACHINE (this file's refusals and the imported helpers')
=== JSON: G:\Codes\LabVIEW_Codes\MinLab\zz_LabView VI\AAA_UNIST\2. Tracking\V6_ParallelLoop\tools\bench\build_d1_m3a2.json   elapsed 71.2 s
BGRUN END rc=1 after 71s
BGRUN START 2026-09-22 02:30:29 limit 45.0 min: py -u tools/recipes/build_d1_m3a2.py
====================================================================================================
=== build_d1_m3a2  20260922_023029  - STAGE M3a-2, THE TWO INITIAL-VALUE ROWS (Pre-decided 91/92)
=== THE ARTEFACT THIS RUN SAVES IS **NOT COMPUTATION-EQUIVALENT TO THE ORIGINAL** AND IS NEVER RUN (34(f), Pre-decided 97).
====================================================================================================

---------- [0] FILES ONLY, ZERO LabVIEW - the md5 pins BEFORE, then the pre-batch restart
  FACT  LabVIEW handles BEFORE: 34158 (fresh-instance baseline ~31,500; the pre-batch restart below is MANDATORY - 44(e))
  FACT  H INPUT the M3a-1 artefact BEFORE: HASH C:\Program Files\National Instruments\LabVIEW 2026\user.lib\claudeDev\D1_s3b_m3a_BROKEN_20260922_005732.vi | exists=1 | size=303480 | md5=6b3c1f3c4ba80f1fa7411a55f0218bea | sha256=debc63098a8e9480371b9287e24fb5b46f3e35772c349d13ef2af203c3b48bea
  PASS  H1 the input artefact's md5 == its pin 6b3c1f3c  '6b3c1f3c4ba80f1fa7411a55f0218bea'
  FACT  H ORIGINAL BEFORE: HASH G:\Codes\LabVIEW_Codes\MinLab\zz_LabView VI\AAA_UNIST\2. Tracking\Min_Track N beads V6_ParallelLoop.vi | exists=1 | size=473317 | md5=2a78e17c449cacdaf5da389818526859 | sha256=f827a67e91cc2a51284cdce0ada5d34ecf89cf865bca5f0bdfa870f0020df4bb
  PASS  H3 ORIGINAL md5 == its pin 2a78e17c  '2a78e17c449cacdaf5da389818526859'
  FACT  H S1 D1_s1_copy BEFORE: HASH C:\Program Files\National Instruments\LabVIEW 2026\user.lib\claudeDev\D1_s1_copy.vi | exists=1 | size=474202 | md5=3e3d23cefd3a334001aa9d6156bf1aee | sha256=1ab3360021cb04f03e8fe4a503d1972aefa26a34ed5b8fd9393ec6899330e0f7
  PASS  H3 S1 D1_s1_copy md5 == its pin 3e3d23ce  '3e3d23cefd3a334001aa9d6156bf1aee'
  FACT  H S2 D1_s2_loops BEFORE: HASH C:\Program Files\National Instruments\LabVIEW 2026\user.lib\claudeDev\D1_s2_loops.vi | exists=1 | size=475707 | md5=6ff19497f2309e007a214660bb64b911 | sha256=d52e754e29a85e9cc3ddeb039f6c5e325c9094c5e1f8c944059d4a5f7b33c3f5
  PASS  H3 S2 D1_s2_loops md5 == its pin 6ff19497  '6ff19497f2309e007a214660bb64b911'
  FACT  H THE BED BEFORE: HASH C:\Program Files\National Instruments\LabVIEW 2026\user.lib\claudeDev\D1_s3b_row2_20260921_160311.vi | exists=1 | size=476759 | md5=26c54ff784cb5cea21edbd214d2cc3a0 | sha256=17b63cb1c83d5f4a50285ced08b1ecc5a65605979b17ee798b1228f7017d275d
  PASS  H3 THE BED md5 == its pin 26c54ff7  '26c54ff784cb5cea21edbd214d2cc3a0'
  FACT  H TOOL gscript.py BEFORE: HASH G:\Codes\LabVIEW_Codes\MinLab\zz_LabView VI\AAA_UNIST\2. Tracking\V6_ParallelLoop\tools\gscript.py | exists=1 | size=165697 | md5=df6ccfe2e7d391a991a602d1a43be5d5 | sha256=028291dbf82bf35dabbcbfc5d6fdeb39b81a1875d3b170c8f5d754479eb99f34
  FACT  H TOOL c60c_astcheck.py BEFORE: HASH G:\Codes\LabVIEW_Codes\MinLab\zz_LabView VI\AAA_UNIST\2. Tracking\V6_ParallelLoop\tools\bench\c60c_astcheck.py | exists=1 | size=19731 | md5=7de186d499bbe4f6b070528703032a21 | sha256=3fc3f892fee3c3764a2f9d2b268c917d9d545e582526b706a7c9ff292ea91d27
  FACT  M3a-3, NAMED AND NOT WIRED BY THIS STAGE (Pre-decided 91): the OLD RIGHT OUTER #4256 -> wire 4859 -> Global #7202 'Global motor pos.vi' t0 'Focus position' stays exactly as it is; re-sourcing it from the NEW register #23868 is M3a-3, and leaving the new RIGHT OUTER bare drops nothing (a bare SOURCE is legal LabVIEW, PD 69)
  FACT  M3a-3, NAMED AND NOT WIRED BY THIS STAGE (Pre-decided 91): the OLD RIGHT OUTER #4334 -> wire 7506 -> FlatSequenceInnerTunnel #7468 stays exactly as it is; re-sourcing it from the NEW register #23895 is M3a-3, and leaving the new RIGHT OUTER bare drops nothing (a bare SOURCE is legal LabVIEW, PD 69)
  FACT  [0] pre-batch LabVIEW restart (44(e)): lv_restart rc=0 ['dialogs: ,1346,762| / ENABLED|48891288|0,0,0,0|LabVIEW / VERDICT: clear (no modal dialog)']
  FACT  LabVIEW handles AFTER the restart: 30699

---------- [1] THE TARGET IS A COPY OF THE INPUT - the input is never opened, never edited, never run
  FACT  [1] the target, straight after the copy: HASH C:\Program Files\National Instruments\LabVIEW 2026\user.lib\claudeDev\D1_s3b_m3a2_20260922_023029.vi | exists=1 | size=303480 | md5=6b3c1f3c4ba80f1fa7411a55f0218bea | sha256=debc63098a8e9480371b9287e24fb5b46f3e35772c349d13ef2af203c3b48bea
  PASS  H4 the target starts byte-identical to the input artefact  '6b3c1f3c4ba80f1fa7411a55f0218bea' vs '6b3c1f3c4ba80f1fa7411a55f0218bea'
  FACT  [1] the target is D1_s3b_m3a2_20260922_023029.vi - the STAGE'S OWN OUTPUT NAME; every edit below is made on THIS file and the input artefact is not touched again until H2 re-reads its md5
  FACT  [1] ensure_loaded(target) took 1.4 s (edits are SILENTLY DECLINED on a target that is not fully loaded - the measured cause of add_shift_reg's no-op, gscript.py:764)
  FACT  ExecState [01 [1] the target, COLD] = 0   (+68.9 s, read cost 1.12 s) - NEVER a type discriminator (42(c)), NEVER substituted for the identity test (Pre-decided 70)
  FACT  [1] COLD counts: {'Node': 632, 'Wire': 1920, 'LoopTunnel': 138, 'Tunnel': 478, 'LeftShiftRegister': 38, 'RightShiftRegister': 38}
  FACT  [1] Diagram #686 -> traverse index 19 (the diagram that carries BOTH loop borders and all four wires - measured by diag_c73, RE-RESOLVED here)

---------- [95] THE OLD LOOP #637 REGISTER CENSUS - DELETED, CITED (Pre-decided 99, A3 + B4)
  FACT  [95] CITATION, not a measurement: `tools/bench/diag_c73_m3a2_rows.log:42-57` already censused loop #637 on a BYTE-IDENTICAL artefact (md5 6b3c1f3c...) - it reads 15 slots, not 14 (slot 14 is the probe past the end, error 1055), and :43-44 show #4256 INSIDE on wire 9113 and #4334 INSIDE on wire 7337, i.e. NOT bare. Pre-decided 95's named 'severed inside terminal' candidate is therefore WITHDRAWN, and a wire-uid census cannot see 'shift-register terminal unwired' in any case (Pre-decided 89).
  FACT  [95] ExecState 0's CAUSE IS FORMALLY OPEN and is not answerable with the readers this fleet owns (`VI.Get Errors` 452 is absent from the exported ActiveX interface). This recipe does NOT gate on ExecState and claims NOTHING about it; 95's surviving half is the operative one - M3a-2 is not required to reach ExecState 1 and is not judged on it.

---------- [A BEFORE] THE NEW LOOP #23032 - its two registers and its full border terminal table
  FACT  [A BEFORE] A7 ECHO: report_all('WhileLoop')[2].uid == 23032 (want #23032 ; 6 WhileLoop row(s))
  FACT  [A BEFORE] loop#23032 reg0  RIGHT #23868  'RightShiftRegister' outer={'name': 'VISA out', 'is_source': True, 'wire': 0} inside=[{'name': 'VISA out', 'is_source': False, 'wire': 23952}] | LEFT #23880  'LeftShiftRegister' outer={'name': 'VISA out', 'is_source': False, 'wire': 0} inside=[{'name': 'VISA out', 'is_source': True, 'wire': 23985}] | errors={}
  FACT  [A BEFORE] loop#23032 reg1  RIGHT #23895  'RightShiftRegister' outer={'name': 'position [internal units]', 'is_source': True, 'wire': 0} inside=[{'name': 'position [internal units]', 'is_source': False, 'wire': 24226}] | LEFT #23909  'LeftShiftRegister' outer={'name': 'position [internal units]', 'is_source': False, 'wire': 0} inside=[{'name': 'position [internal units]', 'is_source': True, 'wire': 24002}] | errors={}
  FACT  [A BEFORE] loop#23032 reg2  RIGHT #None   ''                   outer={'name': '', 'is_source': False, 'wire': 0} inside=[] | LEFT #None   ''                  outer={'name': '', 'is_source': False, 'wire': 0} inside=[] | errors={'OuterErr': 'error 1055: Property Node in OpShiftRegs_v1.vi', 'OutConnErr': 'error 1055: Property Node in OpShiftRegs_v1.vi', 'InsideErr': 'error 1055: Property Node in OpShiftRegs_v1.vi', 'LeftRegsErr': 'error 1055: Property Node in OpShiftRegs_v1.vi', 'LeftOuterErr': 'error 1055: Property Node in OpShiftRegs_v1.vi', 'LeftInsideErr': 'error 1055: Property Node in OpShiftRegs_v1.vi'}
  FACT  [A BEFORE] loop #23032 carries 3 register(s); RIGHT uids [23868, 23895, None] ; LEFT uids [23880, 23909, None] ; 6 bare terminal(s) [('RIGHT', 23868, 'OUTER'), ('LEFT', 23880, 'OUTER'), ('RIGHT', 23895, 'OUTER'), ('LEFT', 23909, 'OUTER'), ('RIGHT', None, 'OUTER'), ('LEFT', None, 'OUTER')]
  FACT  [A BEFORE] the loop border #23032 #23032 lives at: {'diagram_index': 19, 'diagram_uid': 686, 'diagram_class': 'Diagram', 'nodes_index': 21, 'nodes_on_diagram': 24, 'label': 'While Loop'}  (1 diagram(s) scanned of 173, 0.4 s)
  FACT  [A BEFORE] the loop border #23032 terminal table of #23032 (Diagram idx 19, Nodes[21], echo 23032): 7 terminal(s)
  FACT      [A BEFORE] the loop border #23032 t0  ''                                 is_source=False wire=23519   errs=[0, 0, 0, 0]
  FACT      [A BEFORE] the loop border #23032 t1  'VISA out'                         is_source=True  wire=0       errs=[0, 0, 0, 1055]
  FACT      [A BEFORE] the loop border #23032 t2  'VISA out'                         is_source=False wire=0       errs=[0, 0, 0, 1055]
  FACT      [A BEFORE] the loop border #23032 t3  'position [internal units]'        is_source=True  wire=0       errs=[0, 0, 0, 1055]
  FACT      [A BEFORE] the loop border #23032 t4  'position [internal units]'        is_source=False wire=0       errs=[0, 0, 0, 1055]
  FACT      [A BEFORE] the loop border #23032 t5  '# slices in stack'                is_source=False wire=24077   errs=[0, 0, 0, 0]
  FACT      [A BEFORE] the loop border #23032 t6  'position [internal units]'        is_source=True  wire=24130   errs=[0, 0, 0, 0]
  FACT  [A BEFORE] the loop border #23032 sits on Diagram #686 at Nodes[21] with 7 terminal(s); is that #686? True

---------- [ROW A VISA] VISA out -> LEFT register #23880 OUTER, off wire 4185 (source #4194)
  FACT  [ROW A VISA] WHY: wire 4185 is what initialises the ORIGINAL loop's VISA register (#4344 OUTER); the new register must be fed from the SAME net or the two loops do not see the same session
  FACT  [ROW A VISA] sink A7 ECHO: report_all('WhileLoop')[2].uid == 23032 (want #23032 ; 6 WhileLoop row(s))
  FACT  [ROW A VISA] sink loop#23032 reg0  RIGHT #23868  'RightShiftRegister' outer={'name': 'VISA out', 'is_source': True, 'wire': 0} inside=[{'name': 'VISA out', 'is_source': False, 'wire': 23952}] | LEFT #23880  'LeftShiftRegister' outer={'name': 'VISA out', 'is_source': False, 'wire': 0} inside=[{'name': 'VISA out', 'is_source': True, 'wire': 23985}] | errors={}
  FACT  [ROW A VISA] sink loop#23032 reg1  RIGHT #23895  'RightShiftRegister' outer={'name': 'position [internal units]', 'is_source': True, 'wire': 0} inside=[{'name': 'position [internal units]', 'is_source': False, 'wire': 24226}] | LEFT #23909  'LeftShiftRegister' outer={'name': 'position [internal units]', 'is_source': False, 'wire': 0} inside=[{'name': 'position [internal units]', 'is_source': True, 'wire': 24002}] | errors={}
  FACT  [ROW A VISA] sink loop#23032 reg2  RIGHT #None   ''                   outer={'name': '', 'is_source': False, 'wire': 0} inside=[] | LEFT #None   ''                  outer={'name': '', 'is_source': False, 'wire': 0} inside=[] | errors={'OuterErr': 'error 1055: Property Node in OpShiftRegs_v1.vi', 'OutConnErr': 'error 1055: Property Node in OpShiftRegs_v1.vi', 'InsideErr': 'error 1055: Property Node in OpShiftRegs_v1.vi', 'LeftRegsErr': 'error 1055: Property Node in OpShiftRegs_v1.vi', 'LeftOuterErr': 'error 1055: Property Node in OpShiftRegs_v1.vi', 'LeftInsideErr': 'error 1055: Property Node in OpShiftRegs_v1.vi'}
  FACT  [ROW A VISA] SINK (i) shift_reg_left: reg_index 0, RIGHT #23868, LEFT #23880 (predicted #23880, match True); the LEFT OUTER terminal reads name='VISA out' is_source=False wire=0  <- THE INITIAL-VALUE SINK
  FACT  [ROW A VISA] sink border #23032 #23032 lives at: {'diagram_index': 19, 'diagram_uid': 686, 'diagram_class': 'Diagram', 'nodes_index': 21, 'nodes_on_diagram': 24, 'label': 'While Loop'}  (1 diagram(s) scanned of 173, 0.4 s)
  FACT  [ROW A VISA] sink border #23032 terminal table of #23032 (Diagram idx 19, Nodes[21], echo 23032): 7 terminal(s)
  FACT      [ROW A VISA] sink border #23032 t0  ''                                 is_source=False wire=23519   errs=[0, 0, 0, 0]
  FACT      [ROW A VISA] sink border #23032 t1  'VISA out'                         is_source=True  wire=0       errs=[0, 0, 0, 1055]
  FACT      [ROW A VISA] sink border #23032 t2  'VISA out'                         is_source=False wire=0       errs=[0, 0, 0, 1055]
  FACT      [ROW A VISA] sink border #23032 t3  'position [internal units]'        is_source=True  wire=0       errs=[0, 0, 0, 1055]
  FACT      [ROW A VISA] sink border #23032 t4  'position [internal units]'        is_source=False wire=0       errs=[0, 0, 0, 1055]
  FACT      [ROW A VISA] sink border #23032 t5  '# slices in stack'                is_source=False wire=24077   errs=[0, 0, 0, 0]
  FACT      [ROW A VISA] sink border #23032 t6  'position [internal units]'        is_source=True  wire=24130   errs=[0, 0, 0, 0]
  FACT  [ROW A VISA] SINK (ii) the loop border's Terminals[] table has 7 row(s); 2 named 'VISA out' -> [(1, 'VISA out', True, 0, 'BARE'), (2, 'VISA out', False, 0, 'BARE')] ; of those 1 are BARE SINKS -> [(2, 'VISA out', False, 0, 'BARE')]
  FACT  [ROW A VISA] SINK RESOLVED on the LIVE target: Diagram idx 19 (uid #686) . Nodes[21] . Terminals[2] - the LEFT register #23880's OUTER terminal, name 'VISA out', is_source False, BARE
  FACT  [ROW A VISA] SINK INDEX FACT (A4): the index resolved LIVE BY REGISTER UID #23880 is Terminals[2]; odd? False. EXPECTATION from the previously unread evidence `tools/bench/build_d1_routeb_v0_run2.log:467-468` (Diagram[19] #686 Nodes[22].T[1] 'position [internal units]' / T[3] 'VISA out') is an ODD index. This is an OUTPUT, never a criterion, and no index is ever carried from a census (T2c2's recorded cause of failure).
  FACT  [ROW A VISA] SOURCE wire 4185 IMMEDIATELY BEFORE THE WRITE OpWireSource_v5(UID 2 = 4185): 3 row(s), 2 with a REAL owner
  FACT      [ROW A VISA] SOURCE wire 4185 IMMEDIATELY BEFORE THE WRITE   t0  is_source=True  owner_class='FlatSequenceInnerTunnel'  owner_uid=4194    recip=4185
  FACT      [ROW A VISA] SOURCE wire 4185 IMMEDIATELY BEFORE THE WRITE   t1  is_source=False owner_class='LeftShiftRegister'        owner_uid=4344    recip=4185
  FACT      [ROW A VISA] SOURCE wire 4185 IMMEDIATELY BEFORE THE WRITE   t2  is_source=None  owner_class=None                       owner_uid=None    recip=None  READ ERROR errO=error 1055: Property Node in OpWireSource_v5.vi; errU=error 1055: Property Node in OpWireSource_v5.vi; errG=error 1055: Property Node in OpWireSource_v5.vi; errS=error 1055: Property Node in OpWireSource_v5.vi; errWU=error 1055: Property Node in OpWireSource_v5.vi; errCO=error 1055: Property Node in OpWireSource_v5.vi
  FACT  [ROW A VISA] SOURCE wire 4185 IMMEDIATELY BEFORE THE WRITE PD85 PRECONDITION: 2 real-owner row(s), 0 violate recip==queried_uid
  FACT  [ROW A VISA] SOURCE wire 4185: 1 source terminal(s) OF ANY CLASS [(0, 'FlatSequenceInnerTunnel', 4194)] ; 1 sink terminal(s) [(1, 'LeftShiftRegister', 4344)] ; PD85 violations 0
  FACT  [ROW A VISA] SOURCE RESOLVED: wire 4185 Terms[0], owner 'FlatSequenceInnerTunnel' #4194 (predicted #4194, match True)
  FACT  [ROW A VISA] before the write node census: 632 rows
  FACT  [ROW A VISA] baselines before the write: {'Wire': 1920, 'LoopTunnel': 138, 'Tunnel': 478}
  FACT  [ROW A VISA] connect_from_wire(wire=4185, wire_term=0, sink_diag=19, sink_node=21, sink_term=2) -> {'wire_delta': 0, 'exec_state': 0, 'op_error': '', 'op_readback': {'err_uidvi': '', 'err_wirepn': '', 'UID 2': 4185, 'Is Broken?': False, 'Name': 'VISA out'}} (0.54 s)
  FACT  [ROW A VISA] *** THE OP'S OWN `Is Broken?` READBACK IS False. IT IS A FACT OF THE WRITE PASS AND IT IS NOT THE TYPE CHECK (Pre-decided 94): the type check is the SEPARATE ORDERED PASS at [94] below, and only that one. ***
  FACT  [ROW A VISA] counts {'Wire': 1920, 'LoopTunnel': 138, 'Tunnel': 478} -> {'Wire': 1920, 'LoopTunnel': 138, 'Tunnel': 478} (wire_delta 0) - FACT lines, never the acceptance test (Pre-decided 70)
  FACT  [ROW A VISA] the sink terminal IMMEDIATELY AFTER THE WRITE: Nodes[21].Terminals[2] (stored index 2 ; moved False), name 'VISA out', carries wire 4185 ; the border now has 7 terminal(s) ; rows named 'VISA out' -> [(2, 'VISA out', 4185, 'WIRED')]
  FACT  [ROW A VISA] ACCEPTANCE (a) IMMEDIATELY AFTER THE WRITE - the SINK net 4185 OpWireSource_v5(UID 2 = 4185): 4 row(s), 3 with a REAL owner
  FACT      [ROW A VISA] ACCEPTANCE (a) IMMEDIATELY AFTER THE WRITE - the SINK net 4185   t0  is_source=True  owner_class='FlatSequenceInnerTunnel'  owner_uid=4194    recip=4185
  FACT      [ROW A VISA] ACCEPTANCE (a) IMMEDIATELY AFTER THE WRITE - the SINK net 4185   t1  is_source=False owner_class='LeftShiftRegister'        owner_uid=4344    recip=4185
  FACT      [ROW A VISA] ACCEPTANCE (a) IMMEDIATELY AFTER THE WRITE - the SINK net 4185   t2  is_source=False owner_class='LeftShiftRegister'        owner_uid=23880   recip=4185
  FACT      [ROW A VISA] ACCEPTANCE (a) IMMEDIATELY AFTER THE WRITE - the SINK net 4185   t3  is_source=None  owner_class=None                       owner_uid=None    recip=None  READ ERROR errO=error 1055: Property Node in OpWireSource_v5.vi; errU=error 1055: Property Node in OpWireSource_v5.vi; errG=error 1055: Property Node in OpWireSource_v5.vi; errS=error 1055: Property Node in OpWireSource_v5.vi; errWU=error 1055: Property Node in OpWireSource_v5.vi; errCO=error 1055: Property Node in OpWireSource_v5.vi
  FACT  [ROW A VISA] ACCEPTANCE (a) IMMEDIATELY AFTER THE WRITE - the SINK net 4185 PD85 PRECONDITION: 3 real-owner row(s), 0 violate recip==queried_uid
  FACT  [ROW A VISA] ACCEPTANCE (a) IMMEDIATELY AFTER THE WRITE: sink net 4185 has 1 source terminal(s) of ANY class [('FlatSequenceInnerTunnel', 4194)] (want exactly 1, owned by #4194) ; the ORIGINAL sink #4344 is on the net: True ; every owner on the net [4194, 4344, 23880] ; PD85 violations 0
  PASS  [ROW A VISA] ROW ACCEPTANCE (a) IMMEDIATELY AFTER THE WRITE (Pre-decided 92): ONE source of any class == #4194, and the ORIGINAL sink #4344 is still on the net  sink wire 4185 ; sources [('FlatSequenceInnerTunnel', 4194)] ; original sink on net True ; PD85 0
  FACT  [ROW A VISA] after the write AFTER node census: 633 rows
  FACT  [ROW A VISA] after the write CENSUS DIFF: Node 632 -> 633 ; 1 new uid(s): [(24005, 'Invoke', (1985, 112))]
  FACT  [ROW A VISA] after the write new #24005 #24005 lives at: {'diagram_index': 19, 'diagram_uid': 686, 'diagram_class': 'Diagram', 'nodes_index': 24, 'nodes_on_diagram': 25, 'label': 'Invoke Node'}  (1 diagram(s) scanned of 173, 0.3 s)
  FACT  [ROW A VISA] after the write new #24005 terminal table of #24005 (Diagram idx 19, Nodes[24], echo 24005): 6 terminal(s)
  FACT      [ROW A VISA] after the write new #24005 t0  'reference'                        is_source=False wire=0       errs=[0, 0, 0, 1055]
  FACT      [ROW A VISA] after the write new #24005 t1  'reference out'                    is_source=True  wire=0       errs=[0, 0, 0, 1055]
  FACT      [ROW A VISA] after the write new #24005 t2  'error in (no error)'              is_source=False wire=0       errs=[0, 0, 0, 1055]
  FACT      [ROW A VISA] after the write new #24005 t3  'error out'                        is_source=True  wire=0       errs=[0, 0, 0, 1055]
  FACT      [ROW A VISA] after the write new #24005 t4  'Method'                           is_source=False wire=0       errs=[0, 0, 0, 1055]
  FACT      [ROW A VISA] after the write new #24005 t5  'Method'                           is_source=True  wire=0       errs=[0, 0, 0, 1055]
  FACT  [ROW A VISA] after the write the junk node's FULL terminal table is printed above; 6 terminal(s), 0 WIRED - the purge precondition (ZERO wired) HOLDS
  FACT  [ROW A VISA] after the write purge delete Node #24005 at index 93: gone [24005], error '', census 633 -> 632, still present False (1.42 s)
  FACT  [ROW A VISA] after the write AFTER THE PURGE node census: 632 rows
  FACT  [ROW A VISA] after the write purge arithmetic: Node 632 -> 633 -> 632
  FACT  [ROW A VISA] the sink terminal AFTER THE JUNK PURGE: Nodes[21].Terminals[2] (stored index 2 ; moved False), name 'VISA out', carries wire 4185 ; the border now has 7 terminal(s) ; rows named 'VISA out' -> [(2, 'VISA out', 4185, 'WIRED')]
  FACT  [ROW A VISA] ACCEPTANCE (b) AFTER THE JUNK PURGE - the SINK net 4185 OpWireSource_v5(UID 2 = 4185): 4 row(s), 3 with a REAL owner
  FACT      [ROW A VISA] ACCEPTANCE (b) AFTER THE JUNK PURGE - the SINK net 4185   t0  is_source=True  owner_class='FlatSequenceInnerTunnel'  owner_uid=4194    recip=4185
  FACT      [ROW A VISA] ACCEPTANCE (b) AFTER THE JUNK PURGE - the SINK net 4185   t1  is_source=False owner_class='LeftShiftRegister'        owner_uid=4344    recip=4185
  FACT      [ROW A VISA] ACCEPTANCE (b) AFTER THE JUNK PURGE - the SINK net 4185   t2  is_source=False owner_class='LeftShiftRegister'        owner_uid=23880   recip=4185
  FACT      [ROW A VISA] ACCEPTANCE (b) AFTER THE JUNK PURGE - the SINK net 4185   t3  is_source=None  owner_class=None                       owner_uid=None    recip=None  READ ERROR errO=error 1055: Property Node in OpWireSource_v5.vi; errU=error 1055: Property Node in OpWireSource_v5.vi; errG=error 1055: Property Node in OpWireSource_v5.vi; errS=error 1055: Property Node in OpWireSource_v5.vi; errWU=error 1055: Property Node in OpWireSource_v5.vi; errCO=error 1055: Property Node in OpWireSource_v5.vi
  FACT  [ROW A VISA] ACCEPTANCE (b) AFTER THE JUNK PURGE - the SINK net 4185 PD85 PRECONDITION: 3 real-owner row(s), 0 violate recip==queried_uid
  FACT  [ROW A VISA] ACCEPTANCE (b) AFTER THE JUNK PURGE: sink net 4185 has 1 source terminal(s) of ANY class [('FlatSequenceInnerTunnel', 4194)] (want exactly 1, owned by #4194) ; the ORIGINAL sink #4344 is on the net: True ; every owner on the net [4194, 4344, 23880] ; PD85 violations 0
  PASS  [ROW A VISA] ROW ACCEPTANCE (b) AFTER THE JUNK PURGE (Pre-decided 92): ONE source of any class == #4194, and the ORIGINAL sink #4344 is still on the net  sink wire 4185 ; sources [('FlatSequenceInnerTunnel', 4194)] ; original sink on net True ; PD85 0

---------- [ROW B POS] position [internal units] -> LEFT register #23909 OUTER, off wire 3968 (source #3974)
  FACT  [ROW B POS] WHY: wire 3968 is what initialises the ORIGINAL loop's position register (#4274 OUTER)
  FACT  [ROW B POS] sink A7 ECHO: report_all('WhileLoop')[2].uid == 23032 (want #23032 ; 6 WhileLoop row(s))
  FACT  [ROW B POS] sink loop#23032 reg0  RIGHT #23868  'RightShiftRegister' outer={'name': 'VISA out', 'is_source': True, 'wire': 0} inside=[{'name': 'VISA out', 'is_source': False, 'wire': 23952}] | LEFT #23880  'LeftShiftRegister' outer={'name': 'VISA out', 'is_source': False, 'wire': 4185} inside=[{'name': 'VISA out', 'is_source': True, 'wire': 23985}] | errors={}
  FACT  [ROW B POS] sink loop#23032 reg1  RIGHT #23895  'RightShiftRegister' outer={'name': 'position [internal units]', 'is_source': True, 'wire': 0} inside=[{'name': 'position [internal units]', 'is_source': False, 'wire': 24226}] | LEFT #23909  'LeftShiftRegister' outer={'name': 'position [internal units]', 'is_source': False, 'wire': 0} inside=[{'name': 'position [internal units]', 'is_source': True, 'wire': 24002}] | errors={}
  FACT  [ROW B POS] sink loop#23032 reg2  RIGHT #None   ''                   outer={'name': '', 'is_source': False, 'wire': 0} inside=[] | LEFT #None   ''                  outer={'name': '', 'is_source': False, 'wire': 0} inside=[] | errors={'OuterErr': 'error 1055: Property Node in OpShiftRegs_v1.vi', 'OutConnErr': 'error 1055: Property Node in OpShiftRegs_v1.vi', 'InsideErr': 'error 1055: Property Node in OpShiftRegs_v1.vi', 'LeftRegsErr': 'error 1055: Property Node in OpShiftRegs_v1.vi', 'LeftOuterErr': 'error 1055: Property Node in OpShiftRegs_v1.vi', 'LeftInsideErr': 'error 1055: Property Node in OpShiftRegs_v1.vi'}
  FACT  [ROW B POS] SINK (i) shift_reg_left: reg_index 1, RIGHT #23895, LEFT #23909 (predicted #23909, match True); the LEFT OUTER terminal reads name='position [internal units]' is_source=False wire=0  <- THE INITIAL-VALUE SINK
  FACT  [ROW B POS] sink border #23032 #23032 lives at: {'diagram_index': 19, 'diagram_uid': 686, 'diagram_class': 'Diagram', 'nodes_index': 21, 'nodes_on_diagram': 24, 'label': 'While Loop'}  (1 diagram(s) scanned of 173, 0.4 s)
  FACT  [ROW B POS] sink border #23032 terminal table of #23032 (Diagram idx 19, Nodes[21], echo 23032): 7 terminal(s)
  FACT      [ROW B POS] sink border #23032 t0  ''                                 is_source=False wire=23519   errs=[0, 0, 0, 0]
  FACT      [ROW B POS] sink border #23032 t1  'VISA out'                         is_source=True  wire=0       errs=[0, 0, 0, 1055]
  FACT      [ROW B POS] sink border #23032 t2  'VISA out'                         is_source=False wire=4185    errs=[0, 0, 0, 0]
  FACT      [ROW B POS] sink border #23032 t3  'position [internal units]'        is_source=True  wire=0       errs=[0, 0, 0, 1055]
  FACT      [ROW B POS] sink border #23032 t4  'position [internal units]'        is_source=False wire=0       errs=[0, 0, 0, 1055]
  FACT      [ROW B POS] sink border #23032 t5  '# slices in stack'                is_source=False wire=24077   errs=[0, 0, 0, 0]
  FACT      [ROW B POS] sink border #23032 t6  'position [internal units]'        is_source=True  wire=24130   errs=[0, 0, 0, 0]
  FACT  [ROW B POS] SINK (ii) the loop border's Terminals[] table has 7 row(s); 3 named 'position [internal units]' -> [(3, 'position [internal units]', True, 0, 'BARE'), (4, 'position [internal units]', False, 0, 'BARE'), (6, 'position [internal units]', True, 24130, 'WIRED')] ; of those 1 are BARE SINKS -> [(4, 'position [internal units]', False, 0, 'BARE')]
  FACT  [ROW B POS] SINK RESOLVED on the LIVE target: Diagram idx 19 (uid #686) . Nodes[21] . Terminals[4] - the LEFT register #23909's OUTER terminal, name 'position [internal units]', is_source False, BARE
  FACT  [ROW B POS] SINK INDEX FACT (A4): the index resolved LIVE BY REGISTER UID #23909 is Terminals[4]; odd? False. EXPECTATION from the previously unread evidence `tools/bench/build_d1_routeb_v0_run2.log:467-468` (Diagram[19] #686 Nodes[22].T[1] 'position [internal units]' / T[3] 'VISA out') is an ODD index. This is an OUTPUT, never a criterion, and no index is ever carried from a census (T2c2's recorded cause of failure).
  FACT  [ROW B POS] SOURCE wire 3968 IMMEDIATELY BEFORE THE WRITE OpWireSource_v5(UID 2 = 3968): 3 row(s), 2 with a REAL owner
  FACT      [ROW B POS] SOURCE wire 3968 IMMEDIATELY BEFORE THE WRITE   t0  is_source=True  owner_class='FlatSequenceInnerTunnel'  owner_uid=3974    recip=3968
  FACT      [ROW B POS] SOURCE wire 3968 IMMEDIATELY BEFORE THE WRITE   t1  is_source=False owner_class='LeftShiftRegister'        owner_uid=4274    recip=3968
  FACT      [ROW B POS] SOURCE wire 3968 IMMEDIATELY BEFORE THE WRITE   t2  is_source=None  owner_class=None                       owner_uid=None    recip=None  READ ERROR errO=error 1055: Property Node in OpWireSource_v5.vi; errU=error 1055: Property Node in OpWireSource_v5.vi; errG=error 1055: Property Node in OpWireSource_v5.vi; errS=error 1055: Property Node in OpWireSource_v5.vi; errWU=error 1055: Property Node in OpWireSource_v5.vi; errCO=error 1055: Property Node in OpWireSource_v5.vi
  FACT  [ROW B POS] SOURCE wire 3968 IMMEDIATELY BEFORE THE WRITE PD85 PRECONDITION: 2 real-owner row(s), 0 violate recip==queried_uid
  FACT  [ROW B POS] SOURCE wire 3968: 1 source terminal(s) OF ANY CLASS [(0, 'FlatSequenceInnerTunnel', 3974)] ; 1 sink terminal(s) [(1, 'LeftShiftRegister', 4274)] ; PD85 violations 0
  FACT  [ROW B POS] SOURCE RESOLVED: wire 3968 Terms[0], owner 'FlatSequenceInnerTunnel' #3974 (predicted #3974, match True)
  FACT  [ROW B POS] before the write node census: 632 rows
  FACT  [ROW B POS] baselines before the write: {'Wire': 1920, 'LoopTunnel': 138, 'Tunnel': 478}
  FACT  [ROW B POS] connect_from_wire(wire=3968, wire_term=0, sink_diag=19, sink_node=21, sink_term=4) -> {'wire_delta': 0, 'exec_state': 0, 'op_error': '', 'op_readback': {'err_uidvi': '', 'err_wirepn': '', 'UID 2': 3968, 'Is Broken?': False, 'Name': 'Out position'}} (0.51 s)
  FACT  [ROW B POS] *** THE OP'S OWN `Is Broken?` READBACK IS False. IT IS A FACT OF THE WRITE PASS AND IT IS NOT THE TYPE CHECK (Pre-decided 94): the type check is the SEPARATE ORDERED PASS at [94] below, and only that one. ***
  FACT  [ROW B POS] counts {'Wire': 1920, 'LoopTunnel': 138, 'Tunnel': 478} -> {'Wire': 1920, 'LoopTunnel': 138, 'Tunnel': 478} (wire_delta 0) - FACT lines, never the acceptance test (Pre-decided 70)
  FACT  [ROW B POS] the sink terminal IMMEDIATELY AFTER THE WRITE: Nodes[21].Terminals[4] (stored index 4 ; moved False), name 'Out position', carries wire 3968 ; the border now has 7 terminal(s) ; rows named 'position [internal units]' -> []
  FACT  [ROW B POS] ACCEPTANCE (a) IMMEDIATELY AFTER THE WRITE - the SINK net 3968 OpWireSource_v5(UID 2 = 3968): 4 row(s), 3 with a REAL owner
  FACT      [ROW B POS] ACCEPTANCE (a) IMMEDIATELY AFTER THE WRITE - the SINK net 3968   t0  is_source=True  owner_class='FlatSequenceInnerTunnel'  owner_uid=3974    recip=3968
  FACT      [ROW B POS] ACCEPTANCE (a) IMMEDIATELY AFTER THE WRITE - the SINK net 3968   t1  is_source=False owner_class='LeftShiftRegister'        owner_uid=4274    recip=3968
  FACT      [ROW B POS] ACCEPTANCE (a) IMMEDIATELY AFTER THE WRITE - the SINK net 3968   t2  is_source=False owner_class='LeftShiftRegister'        owner_uid=23909   recip=3968
  FACT      [ROW B POS] ACCEPTANCE (a) IMMEDIATELY AFTER THE WRITE - the SINK net 3968   t3  is_source=None  owner_class=None                       owner_uid=None    recip=None  READ ERROR errO=error 1055: Property Node in OpWireSource_v5.vi; errU=error 1055: Property Node in OpWireSource_v5.vi; errG=error 1055: Property Node in OpWireSource_v5.vi; errS=error 1055: Property Node in OpWireSource_v5.vi; errWU=error 1055: Property Node in OpWireSource_v5.vi; errCO=error 1055: Property Node in OpWireSource_v5.vi
  FACT  [ROW B POS] ACCEPTANCE (a) IMMEDIATELY AFTER THE WRITE - the SINK net 3968 PD85 PRECONDITION: 3 real-owner row(s), 0 violate recip==queried_uid
  FACT  [ROW B POS] ACCEPTANCE (a) IMMEDIATELY AFTER THE WRITE: sink net 3968 has 1 source terminal(s) of ANY class [('FlatSequenceInnerTunnel', 3974)] (want exactly 1, owned by #3974) ; the ORIGINAL sink #4274 is on the net: True ; every owner on the net [3974, 4274, 23909] ; PD85 violations 0
  PASS  [ROW B POS] ROW ACCEPTANCE (a) IMMEDIATELY AFTER THE WRITE (Pre-decided 92): ONE source of any class == #3974, and the ORIGINAL sink #4274 is still on the net  sink wire 3968 ; sources [('FlatSequenceInnerTunnel', 3974)] ; original sink on net True ; PD85 0
  FACT  [ROW B POS] after the write AFTER node census: 633 rows
  FACT  [ROW B POS] after the write CENSUS DIFF: Node 632 -> 633 ; 1 new uid(s): [(24005, 'Invoke', (1985, 112))]
  FACT  [ROW B POS] after the write new #24005 #24005 lives at: {'diagram_index': 19, 'diagram_uid': 686, 'diagram_class': 'Diagram', 'nodes_index': 24, 'nodes_on_diagram': 25, 'label': 'Invoke Node'}  (1 diagram(s) scanned of 173, 0.3 s)
  FACT  [ROW B POS] after the write new #24005 terminal table of #24005 (Diagram idx 19, Nodes[24], echo 24005): 6 terminal(s)
  FACT      [ROW B POS] after the write new #24005 t0  'reference'                        is_source=False wire=0       errs=[0, 0, 0, 1055]
  FACT      [ROW B POS] after the write new #24005 t1  'reference out'                    is_source=True  wire=0       errs=[0, 0, 0, 1055]
  FACT      [ROW B POS] after the write new #24005 t2  'error in (no error)'              is_source=False wire=0       errs=[0, 0, 0, 1055]
  FACT      [ROW B POS] after the write new #24005 t3  'error out'                        is_source=True  wire=0       errs=[0, 0, 0, 1055]
  FACT      [ROW B POS] after the write new #24005 t4  'Method'                           is_source=False wire=0       errs=[0, 0, 0, 1055]
  FACT      [ROW B POS] after the write new #24005 t5  'Method'                           is_source=True  wire=0       errs=[0, 0, 0, 1055]
  FACT  [ROW B POS] after the write the junk node's FULL terminal table is printed above; 6 terminal(s), 0 WIRED - the purge precondition (ZERO wired) HOLDS
  FACT  [ROW B POS] after the write purge delete Node #24005 at index 93: gone [24005], error '', census 633 -> 632, still present False (1.48 s)
  FACT  [ROW B POS] after the write AFTER THE PURGE node census: 632 rows
  FACT  [ROW B POS] after the write purge arithmetic: Node 632 -> 633 -> 632
  FACT  [ROW B POS] the sink terminal AFTER THE JUNK PURGE: Nodes[21].Terminals[4] (stored index 4 ; moved False), name 'Out position', carries wire 3968 ; the border now has 7 terminal(s) ; rows named 'position [internal units]' -> []
  FACT  [ROW B POS] ACCEPTANCE (b) AFTER THE JUNK PURGE - the SINK net 3968 OpWireSource_v5(UID 2 = 3968): 4 row(s), 3 with a REAL owner
  FACT      [ROW B POS] ACCEPTANCE (b) AFTER THE JUNK PURGE - the SINK net 3968   t0  is_source=True  owner_class='FlatSequenceInnerTunnel'  owner_uid=3974    recip=3968
  FACT      [ROW B POS] ACCEPTANCE (b) AFTER THE JUNK PURGE - the SINK net 3968   t1  is_source=False owner_class='LeftShiftRegister'        owner_uid=4274    recip=3968
  FACT      [ROW B POS] ACCEPTANCE (b) AFTER THE JUNK PURGE - the SINK net 3968   t2  is_source=False owner_class='LeftShiftRegister'        owner_uid=23909   recip=3968
  FACT      [ROW B POS] ACCEPTANCE (b) AFTER THE JUNK PURGE - the SINK net 3968   t3  is_source=None  owner_class=None                       owner_uid=None    recip=None  READ ERROR errO=error 1055: Property Node in OpWireSource_v5.vi; errU=error 1055: Property Node in OpWireSource_v5.vi; errG=error 1055: Property Node in OpWireSource_v5.vi; errS=error 1055: Property Node in OpWireSource_v5.vi; errWU=error 1055: Property Node in OpWireSource_v5.vi; errCO=error 1055: Property Node in OpWireSource_v5.vi
  FACT  [ROW B POS] ACCEPTANCE (b) AFTER THE JUNK PURGE - the SINK net 3968 PD85 PRECONDITION: 3 real-owner row(s), 0 violate recip==queried_uid
  FACT  [ROW B POS] ACCEPTANCE (b) AFTER THE JUNK PURGE: sink net 3968 has 1 source terminal(s) of ANY class [('FlatSequenceInnerTunnel', 3974)] (want exactly 1, owned by #3974) ; the ORIGINAL sink #4274 is on the net: True ; every owner on the net [3974, 4274, 23909] ; PD85 violations 0
  PASS  [ROW B POS] ROW ACCEPTANCE (b) AFTER THE JUNK PURGE (Pre-decided 92): ONE source of any class == #3974, and the ORIGINAL sink #4274 is still on the net  sink wire 3968 ; sources [('FlatSequenceInnerTunnel', 3974)] ; original sink on net True ; PD85 0

---------- [94] THE TYPE CHECK - `Wire.Is Broken?` READ IN A SEPARATE ORDERED PASS, NEVER IN THE WRITE PASS
  FACT  [94 A VISA] re-measure SOURCE wire 4185 IMMEDIATELY BEFORE THE WRITE OpWireSource_v5(UID 2 = 4185): 4 row(s), 3 with a REAL owner
  FACT      [94 A VISA] re-measure SOURCE wire 4185 IMMEDIATELY BEFORE THE WRITE   t0  is_source=True  owner_class='FlatSequenceInnerTunnel'  owner_uid=4194    recip=4185
  FACT      [94 A VISA] re-measure SOURCE wire 4185 IMMEDIATELY BEFORE THE WRITE   t1  is_source=False owner_class='LeftShiftRegister'        owner_uid=4344    recip=4185
  FACT      [94 A VISA] re-measure SOURCE wire 4185 IMMEDIATELY BEFORE THE WRITE   t2  is_source=False owner_class='LeftShiftRegister'        owner_uid=23880   recip=4185
  FACT      [94 A VISA] re-measure SOURCE wire 4185 IMMEDIATELY BEFORE THE WRITE   t3  is_source=None  owner_class=None                       owner_uid=None    recip=None  READ ERROR errO=error 1055: Property Node in OpWireSource_v5.vi; errU=error 1055: Property Node in OpWireSource_v5.vi; errG=error 1055: Property Node in OpWireSource_v5.vi; errS=error 1055: Property Node in OpWireSource_v5.vi; errWU=error 1055: Property Node in OpWireSource_v5.vi; errCO=error 1055: Property Node in OpWireSource_v5.vi
  FACT  [94 A VISA] re-measure SOURCE wire 4185 IMMEDIATELY BEFORE THE WRITE PD85 PRECONDITION: 3 real-owner row(s), 0 violate recip==queried_uid
  FACT  [94 A VISA] re-measure SOURCE wire 4185: 1 source terminal(s) OF ANY CLASS [(0, 'FlatSequenceInnerTunnel', 4194)] ; 2 sink terminal(s) [(1, 'LeftShiftRegister', 4344), (2, 'LeftShiftRegister', 23880)] ; PD85 violations 0
  FACT  [94 A VISA] re-measure SOURCE RESOLVED: wire 4185 Terms[0], owner 'FlatSequenceInnerTunnel' #4194 (predicted #4194, match True)
  FACT  [94 A VISA] the sink terminal AT THE TYPE CHECK: Nodes[21].Terminals[2] (stored index 2 ; moved False), name 'Outgoing Handle', carries wire 4185 ; the border now has 7 terminal(s) ; rows named 'VISA out' -> []
  FACT  [94 A VISA] IDEMPOTENT RE-CONNECT: wire_delta 0 (expected 0 - the connection already exists) ; Wire census 1920 -> 1920 ; `Wire.Is Broken?` = False ; the op's `UID 2` = 4185 ; `Name` = 'Outgoing Handle' ; op error ''
  FACT  [94 B POS] re-measure SOURCE wire 3968 IMMEDIATELY BEFORE THE WRITE OpWireSource_v5(UID 2 = 3968): 4 row(s), 3 with a REAL owner
  FACT      [94 B POS] re-measure SOURCE wire 3968 IMMEDIATELY BEFORE THE WRITE   t0  is_source=True  owner_class='FlatSequenceInnerTunnel'  owner_uid=3974    recip=3968
  FACT      [94 B POS] re-measure SOURCE wire 3968 IMMEDIATELY BEFORE THE WRITE   t1  is_source=False owner_class='LeftShiftRegister'        owner_uid=4274    recip=3968
  FACT      [94 B POS] re-measure SOURCE wire 3968 IMMEDIATELY BEFORE THE WRITE   t2  is_source=False owner_class='LeftShiftRegister'        owner_uid=23909   recip=3968
  FACT      [94 B POS] re-measure SOURCE wire 3968 IMMEDIATELY BEFORE THE WRITE   t3  is_source=None  owner_class=None                       owner_uid=None    recip=None  READ ERROR errO=error 1055: Property Node in OpWireSource_v5.vi; errU=error 1055: Property Node in OpWireSource_v5.vi; errG=error 1055: Property Node in OpWireSource_v5.vi; errS=error 1055: Property Node in OpWireSource_v5.vi; errWU=error 1055: Property Node in OpWireSource_v5.vi; errCO=error 1055: Property Node in OpWireSource_v5.vi
  FACT  [94 B POS] re-measure SOURCE wire 3968 IMMEDIATELY BEFORE THE WRITE PD85 PRECONDITION: 3 real-owner row(s), 0 violate recip==queried_uid
  FACT  [94 B POS] re-measure SOURCE wire 3968: 1 source terminal(s) OF ANY CLASS [(0, 'FlatSequenceInnerTunnel', 3974)] ; 2 sink terminal(s) [(1, 'LeftShiftRegister', 4274), (2, 'LeftShiftRegister', 23909)] ; PD85 violations 0
  FACT  [94 B POS] re-measure SOURCE RESOLVED: wire 3968 Terms[0], owner 'FlatSequenceInnerTunnel' #3974 (predicted #3974, match True)
  FACT  [94 B POS] the sink terminal AT THE TYPE CHECK: Nodes[21].Terminals[4] (stored index 4 ; moved False), name 'Out position', carries wire 3968 ; the border now has 7 terminal(s) ; rows named 'position [internal units]' -> []
  FACT  [94 B POS] IDEMPOTENT RE-CONNECT: wire_delta 0 (expected 0 - the connection already exists) ; Wire census 1920 -> 1920 ; `Wire.Is Broken?` = False ; the op's `UID 2` = 3968 ; `Name` = 'Out position' ; op error ''

---------- [A AFTER] THE NEW LOOP #23032 - its two registers and its full border terminal table
  FACT  [A AFTER] A7 ECHO: report_all('WhileLoop')[2].uid == 23032 (want #23032 ; 6 WhileLoop row(s))
  FACT  [A AFTER] loop#23032 reg0  RIGHT #23868  'RightShiftRegister' outer={'name': 'Outgoing Handle', 'is_source': True, 'wire': 0} inside=[{'name': 'Outgoing Handle', 'is_source': False, 'wire': 23952}] | LEFT #23880  'LeftShiftRegister' outer={'name': 'Outgoing Handle', 'is_source': False, 'wire': 4185} inside=[{'name': 'Outgoing Handle', 'is_source': True, 'wire': 23985}] | errors={}
  FACT  [A AFTER] loop#23032 reg1  RIGHT #23895  'RightShiftRegister' outer={'name': 'Out position', 'is_source': True, 'wire': 0} inside=[{'name': 'Out position', 'is_source': False, 'wire': 24226}] | LEFT #23909  'LeftShiftRegister' outer={'name': 'Out position', 'is_source': False, 'wire': 3968} inside=[{'name': 'Out position', 'is_source': True, 'wire': 24002}] | errors={}
  FACT  [A AFTER] loop#23032 reg2  RIGHT #None   ''                   outer={'name': '', 'is_source': False, 'wire': 0} inside=[] | LEFT #None   ''                  outer={'name': '', 'is_source': False, 'wire': 0} inside=[] | errors={'OuterErr': 'error 1055: Property Node in OpShiftRegs_v1.vi', 'OutConnErr': 'error 1055: Property Node in OpShiftRegs_v1.vi', 'InsideErr': 'error 1055: Property Node in OpShiftRegs_v1.vi', 'LeftRegsErr': 'error 1055: Property Node in OpShiftRegs_v1.vi', 'LeftOuterErr': 'error 1055: Property Node in OpShiftRegs_v1.vi', 'LeftInsideErr': 'error 1055: Property Node in OpShiftRegs_v1.vi'}
  FACT  [A AFTER] loop #23032 carries 3 register(s); RIGHT uids [23868, 23895, None] ; LEFT uids [23880, 23909, None] ; 4 bare terminal(s) [('RIGHT', 23868, 'OUTER'), ('RIGHT', 23895, 'OUTER'), ('RIGHT', None, 'OUTER'), ('LEFT', None, 'OUTER')]
  FACT  [A AFTER] the loop border #23032 #23032 lives at: {'diagram_index': 19, 'diagram_uid': 686, 'diagram_class': 'Diagram', 'nodes_index': 21, 'nodes_on_diagram': 26, 'label': 'While Loop'}  (1 diagram(s) scanned of 173, 0.2 s)
  FACT  [A AFTER] the loop border #23032 terminal table of #23032 (Diagram idx 19, Nodes[21], echo 23032): 7 terminal(s)
  FACT      [A AFTER] the loop border #23032 t0  ''                                 is_source=False wire=23519   errs=[0, 0, 0, 0]
  FACT      [A AFTER] the loop border #23032 t1  'Outgoing Handle'                  is_source=True  wire=0       errs=[0, 0, 0, 1055]
  FACT      [A AFTER] the loop border #23032 t2  'Outgoing Handle'                  is_source=False wire=4185    errs=[0, 0, 0, 0]
  FACT      [A AFTER] the loop border #23032 t3  'Out position'                     is_source=True  wire=0       errs=[0, 0, 0, 1055]
  FACT      [A AFTER] the loop border #23032 t4  'Out position'                     is_source=False wire=3968    errs=[0, 0, 0, 0]
  FACT      [A AFTER] the loop border #23032 t5  '# slices in stack'                is_source=False wire=24077   errs=[0, 0, 0, 0]
  FACT      [A AFTER] the loop border #23032 t6  'position [internal units]'        is_source=True  wire=24130   errs=[0, 0, 0, 0]
  FACT  [A AFTER] the loop border #23032 sits on Diagram #686 at Nodes[21] with 7 terminal(s); is that #686? True
  FACT  [F] final, in memory counts: {'Node': 634, 'Wire': 1920, 'LoopTunnel': 138, 'Tunnel': 478, 'LeftShiftRegister': 38, 'RightShiftRegister': 38}

---------- [S] THE SAVE - the stage always leaves a file (Pre-decided 88/96)
  FACT  ExecState [02 [S] immediately before the save] = 0   (+98.6 s, read cost 0.00 s) - NEVER a type discriminator (42(c)), NEVER substituted for the identity test (Pre-decided 70)
  FACT  [S] ExecState at the save is 0, so the route is: the Pre-decided 88 broken-VI route -> gui_save
  PASS  S3 the BEFORE capture LANDED ON DISK (USER RULE 17:5x - locate in a capture taken just before; B2 repair)  G:\Codes\LabVIEW_Codes\MinLab\zz_LabView VI\AAA_UNIST\2. Tracking\V6_ParallelLoop\tools\bench\m3a2_save_before_20260922_023029.png ; lv_gui said 'saved G:\\Codes\\LabVIEW_Codes\\MinLab\\zz_LabView VI\\AAA_UNIST\\2. Tracking\\V6_ParallelLoop\\tools\\bench\\m3a2_save_before_20260922_023029.png (1920x1080)\n'
  PASS  S4 the AFTER capture LANDED ON DISK (USER RULE 17:5x - capture after and confirm; B2 repair)  G:\Codes\LabVIEW_Codes\MinLab\zz_LabView VI\AAA_UNIST\2. Tracking\V6_ParallelLoop\tools\bench\m3a2_save_after_20260922_023029.png ; lv_gui said 'saved G:\\Codes\\LabVIEW_Codes\\MinLab\\zz_LabView VI\\AAA_UNIST\\2. Tracking\\V6_ParallelLoop\\tools\\bench\\m3a2_save_after_20260922_023029.png (1920x1080)\n'
  FACT  [S] capture -> act -> capture: before 'm3a2_save_before_20260922_023029.png' (exists True, 328682 B), after 'm3a2_save_after_20260922_023029.png' (exists True, 200670 B) - the path is passed RAW so gscript.q() quotes it exactly once (B2, build_d1_m3a1.log:3402)
  FACT  [S] the M3a-2 artefact: D1_s3b_m3a2_20260922_023029.vi md5 3842f5e6f128226235dc78353f26ef44 size 303823 B; version bytes [{'offset': 36, 'bytes': '26 00 80 00'}]
  PASS  S1 the saved artefact's bytes DIFFER from the input artefact - the in-memory edits reached the disk  md5 '3842f5e6f128226235dc78353f26ef44' vs input '6b3c1f3c4ba80f1fa7411a55f0218bea' ; size 303823 vs input '303480'
  PASS  S2 the saved path IS the claudeDev target this run created  C:\Program Files\National Instruments\LabVIEW 2026\user.lib\claudeDev\D1_s3b_m3a2_20260922_023029.vi
  FACT  [S] FILE ON DISK: C:\Program Files\National Instruments\LabVIEW 2026\user.lib\claudeDev\D1_s3b_m3a2_20260922_023029.vi  md5 '3842f5e6f128226235dc78353f26ef44'  size 303823  (input md5 6b3c1f3c4ba80f1fa7411a55f0218bea size '303480' ; bytes equal False)
  FACT  [S] *** D1_s3b_m3a2_20260922_023029.vi IS NOT COMPUTATION-EQUIVALENT TO THE ORIGINAL (Pre-decided 97): both loops exist and the OLD one still feeds both downstream consumers. IT IS NEVER RUN (34(f)). The two RIGHT OUTER terminals stay bare by design - re-sourcing their consumers is M3a-3. ***
  FACT  [S] NO COLD REOPEN IS ATTEMPTED at ExecState 0 - the skill's rule: never cold-load a broken-saved VI headless (recompile spin)

---------- [H] HYGIENE - panels closed, the md5 pins AFTER, the tool pins, the refs and the handles
  FACT  H INPUT the M3a-1 artefact AFTER: HASH C:\Program Files\National Instruments\LabVIEW 2026\user.lib\claudeDev\D1_s3b_m3a_BROKEN_20260922_005732.vi | exists=1 | size=303480 | md5=6b3c1f3c4ba80f1fa7411a55f0218bea | sha256=debc63098a8e9480371b9287e24fb5b46f3e35772c349d13ef2af203c3b48bea
  PASS  H2 the input artefact's md5 is UNCHANGED after the run  before '6b3c1f3c4ba80f1fa7411a55f0218bea' / after '6b3c1f3c4ba80f1fa7411a55f0218bea'
  FACT  H ORIGINAL AFTER: HASH G:\Codes\LabVIEW_Codes\MinLab\zz_LabView VI\AAA_UNIST\2. Tracking\Min_Track N beads V6_ParallelLoop.vi | exists=1 | size=473317 | md5=2a78e17c449cacdaf5da389818526859 | sha256=f827a67e91cc2a51284cdce0ada5d34ecf89cf865bca5f0bdfa870f0020df4bb
  PASS  H3 ORIGINAL md5 is STILL its pin 2a78e17c  '2a78e17c449cacdaf5da389818526859'
  FACT  H S1 D1_s1_copy AFTER: HASH C:\Program Files\National Instruments\LabVIEW 2026\user.lib\claudeDev\D1_s1_copy.vi | exists=1 | size=474202 | md5=3e3d23cefd3a334001aa9d6156bf1aee | sha256=1ab3360021cb04f03e8fe4a503d1972aefa26a34ed5b8fd9393ec6899330e0f7
  PASS  H3 S1 D1_s1_copy md5 is STILL its pin 3e3d23ce  '3e3d23cefd3a334001aa9d6156bf1aee'
  FACT  H S2 D1_s2_loops AFTER: HASH C:\Program Files\National Instruments\LabVIEW 2026\user.lib\claudeDev\D1_s2_loops.vi | exists=1 | size=475707 | md5=6ff19497f2309e007a214660bb64b911 | sha256=d52e754e29a85e9cc3ddeb039f6c5e325c9094c5e1f8c944059d4a5f7b33c3f5
  PASS  H3 S2 D1_s2_loops md5 is STILL its pin 6ff19497  '6ff19497f2309e007a214660bb64b911'
  FACT  H THE BED AFTER: HASH C:\Program Files\National Instruments\LabVIEW 2026\user.lib\claudeDev\D1_s3b_row2_20260921_160311.vi | exists=1 | size=476759 | md5=26c54ff784cb5cea21edbd214d2cc3a0 | sha256=17b63cb1c83d5f4a50285ced08b1ecc5a65605979b17ee798b1228f7017d275d
  PASS  H3 THE BED md5 is STILL its pin 26c54ff7  '26c54ff784cb5cea21edbd214d2cc3a0'
  FACT  H TOOL gscript.py AFTER: HASH G:\Codes\LabVIEW_Codes\MinLab\zz_LabView VI\AAA_UNIST\2. Tracking\V6_ParallelLoop\tools\gscript.py | exists=1 | size=165697 | md5=df6ccfe2e7d391a991a602d1a43be5d5 | sha256=028291dbf82bf35dabbcbfc5d6fdeb39b81a1875d3b170c8f5d754479eb99f34
  PASS  H5 TOOL gscript.py is byte-identical before and after  'df6ccfe2e7d391a991a602d1a43be5d5' vs 'df6ccfe2e7d391a991a602d1a43be5d5'
  FACT  H TOOL c60c_astcheck.py AFTER: HASH G:\Codes\LabVIEW_Codes\MinLab\zz_LabView VI\AAA_UNIST\2. Tracking\V6_ParallelLoop\tools\bench\c60c_astcheck.py | exists=1 | size=19731 | md5=7de186d499bbe4f6b070528703032a21 | sha256=3fc3f892fee3c3764a2f9d2b268c917d9d545e582526b706a7c9ff292ea91d27
  PASS  H5 TOOL c60c_astcheck.py is byte-identical before and after  '7de186d499bbe4f6b070528703032a21' vs '7de186d499bbe4f6b070528703032a21'
  FACT  refs: {'opened': 10, 'closed': 10, 'live': 0, 'cached_op_vis': 8}
  PASS  H6 refs opened == closed and 0 live  {'opened': 10, 'closed': 10, 'live': 0, 'cached_op_vis': 8}
  FACT  LabVIEW handles AFTER: 33852 (before 34158, after the restart 30699)
  PASS  H7 the LabVIEW handle count was read at entry and at exit  34158 -> 33852
  PASS  H8 no mutator call was REFUSED BY THE MACHINE (this file's refusals and the imported helpers'; a Python exception of OURS is NOT one - it is H9)  0 machine refusal(s) here [] ; 0 in the imported helpers []
  PASS  H9 NO DEFECT IN OUR OWN PYTHON CODE - no exception was raised by this script itself (a bug of ours is NEVER a machine refusal)  0 our-code defect(s): []
  FACT  THE FILES THIS RUN LEFT ON DISK: [('D1_s3b_m3a2_20260922_023029.vi', '3842f5e6f128226235dc78353f26ef44', 303823)]
  FACT  *** EVERY FILE NAMED ABOVE IS NOT COMPUTATION-EQUIVALENT TO THE ORIGINAL AND IS NEVER RUN (34(f), Pre-decided 97). ***

====================================================================================================
=== GATES: 25 pass / 0 fail
=== JSON: G:\Codes\LabVIEW_Codes\MinLab\zz_LabView VI\AAA_UNIST\2. Tracking\V6_ParallelLoop\tools\bench\build_d1_m3a2.json   elapsed 120.3 s
BGRUN END rc=0 after 120s
