BGRUN START 2026-09-17 13:38:33 limit 30.0 min: py -u tools\recipes\build_opconnectnested_v1.py
  FACT  LabVIEW handles before: 31367 (fresh-instance baseline ~31,500)
  PASS  V0z original working-copy md5 before  2a78e17c449cacdaf5da389818526859

=== V0: the donor
  PASS  V0a OpConnectNested_v0.vi on disk  C:\Program Files\National Instruments\LabVIEW 2026\user.lib\claudeDev\OpConnectNested_v0.vi
  PASS  V0b the NI example donor on disk  C:\Program Files\National Instruments\LabVIEW 2026\user.lib\claudeDev\NIScriptingExamples\Finding and Modifying Objects\Navigating Nodes and Wires.vi
  PASS  V0 donor ExecState 1  ExecState 1

=== V1: the copy
  PASS  V1 the copy is runnable with exactly ONE To More Specific Class  ExecState 1, TMSC [683], 19 nodes

=== V2: identification BY WIRE TOPOLOGY (never by uid)
   SINK  : IA(term) #239 <- PN #237 <- IA(node) #236(index w452) <- PN #235 <- head #683 (w645)
   SOURCE: IA(term) #753 <- PN #751 <- IA(node) #750(index w888) <- PN #744 <- head #683 (w645)
  PASS  V2 both ladders currently share ONE head wire off the single TMSC (v0's branch)  heads #683/#683 w645/w645; Nodes[] PNs #235/#744
  PASS  V2b the sink head property node's data output is 'Nodes[]'  ['Nodes[]']
  PASS  V2b the source head property node's data output is 'Nodes[]'  ['Nodes[]']
  FACT  V2 the TMSC-output net w645 also feeds [(243, 'Diagram in'), (235, 'reference')] (these are re-wired in V4)

=== V3: bare the SOURCE Nodes[] reference, then create the TYPED SEED on it
      V3 deleted wire net w645
  PASS  V3a the source Nodes[] `reference` is BARE after the net delete  wire 0
  PASS  V3 exactly ONE new control created = the typed seed  new controls ['reference'], op-reported label 'reference'
  PASS  V3b the seed arrived WIRED to the source Nodes[] `reference`  seed 'reference' wire 1010
  FACT  V3 seed control 'reference' (uid 970) on w1010

=== V4: restore the old TMSC's other sinks; build the SOURCE-DIAGRAM Index Array
      V4 #683.'specific class reference' -> #243.'Diagram in': wire 991 / 991 OK
      V4 #683.'specific class reference' -> #235.'reference': wire 991 / 991 OK
  PASS  V4a exactly one new Index Array  [{'i': 0, 'class': 'IndexArray', 'uid': 645, 'pos': (2500, 1500), 'owner': 'TopLevelDiagram'}]
      V4 #124.'References' -> #645.'array': wire 600 / 600 OK
  PASS  V4b exactly ONE new control = the source-diagram index  ['index 6'] (op-reported 'index 6')
  PASS  V4 the op is RUNNABLE before the copy (copy_by_index copies the FILE)  ExecState 1
  FACT  V4 saved intermediate (14530 B); seed 'reference', src-diagram control 'index 6'

=== V5: copy a second To More Specific Class (copy_by_index, the proven route)
      V5 new TMSC #1045 Nodes[20] terminals [(0, 'specific class reference', True, 0), (1, 'error out', True, 0), (2, 'target class', False, 0), (3, 'reference', False, 0), (4, 'error in', False, 0)]
      V5a deleted wire net w1010
      V5b seed 'reference' -> new TMSC 'target class': wire 1072 / 1072 OK
      V5c #645.'element' -> #1045.'reference': wire 1093 / 1093 OK
      V5d #1045.'specific class reference' -> #744.'reference': wire 1096 / 1096 OK
      V5 ExecState inside finish: 1
  FACT  V5 copy_by_index added [1045, 1076, 1079, 1083, 1086, 1089], selected uid 99

=== V6: re-read the finished op
  PASS  V6a the op now holds TWO To More Specific Class nodes  [683, 1045]
   SINK  : IA(term) #239 <- PN #237 <- IA(node) #236(index w452) <- PN #235 <- head #683 (w991)
   SOURCE: IA(term) #753 <- PN #751 <- IA(node) #750(index w888) <- PN #744 <- head #1045 (w1096)
  PASS  V6 the two ladders now have DIFFERENT heads and DIFFERENT diagram-index wires  heads #683/#1045, head wires w991/w1096
  PASS  V6b the SOURCE TMSC's `reference` is fed by the NEW Index Array  fed by #645, expected #645
  PASS  V6c the SOURCE-diagram index control drives the new Index Array's `index`  'index 6' wire 1080

=== V7: save
  PASS  V7 ExecState 1 - the op is runnable  ExecState 1
  FACT  saved C:\Program Files\National Instruments\LabVIEW 2026\user.lib\claudeDev\OpConnectNested_v1.vi (14666 bytes); labels -> G:\Codes\LabVIEW_Codes\MinLab\zz_LabView VI\AAA_UNIST\2. Tracking\V6_ParallelLoop\tools\bench\opconnectnested_v1_labels.json
  PASS  V7b donor OpConnectNested_v0.vi md5 unchanged  2afa70a2e9a450f6e2c4a40c989e5f14
  PASS  V7c NI example md5 unchanged  34bfb1226ec46a80a959c7906d2d2054

=== T: FUNCTIONAL test - TWO nested diagrams on a scratch copy of EMPTY_v0
  PASS  T0 EMPTY_v0.vi present  C:\Program Files\National Instruments\LabVIEW 2026\user.lib\claudeDev\EMPTY_v0.vi
  PASS  T0 Is Path and Not Empty.vi present  C:\Program Files\National Instruments\LabVIEW 2026\vi.lib\Utility\file.llb\Is Path and Not Empty.vi
  PASS  T0 Error Cluster ...vi present  C:\Program Files\National Instruments\LabVIEW 2026\vi.lib\Utility\error.llb\Error Cluster From Error Code.vi
  PASS  T1 two While loops, two new body diagrams  loops [44, 43], bodies A [110] B [186]
  FACT  scratch: body A Diagram #110 at Traverse index 2; body B Diagram #186 at index 1
  PASS  T1b one subVI in each body  A [45] B [46]
  FACT  T1 body A #45 Nodes[0] outs [(0, 'error out')]
  FACT  T1 body B #46 Nodes[0] bare ins [(1, ''), (2, ''), (3, ''), (4, 'is warning? (False)'), (5, 'show call chain? (False)'), (6, 'error in (no error)'), (7, ''), (8, 'error message ("")'), (9, 'error code (0)')]
      op readback {'UID': 46, 'Name': 'error in (no error)', 'UID 2': 0, 'Is Broken?': False}
  FACT  T2 op error ''; wire delta 3; LoopTunnel 0 -> 2; ExecState 0 -> 0
  PASS  T2 CROSS-DIAGRAM: the sink on body B is WIRED (0 -> non-zero)  sink w268, source w297
  FACT  T2 wire uids: sink w268 / source w297 (DIFFERENT - LabVIEW made tunnels + segments)
  PASS  T2c THE REAL GATE: the cross-diagram wire SURVIVES Remove Bad Wires (i.e. it is not broken)  sink wire after RBW: 268 (was 268)
  PASS  T2b the scratch is no MORE broken than before the wire (a fresh While loop's unwired conditional terminal is itself a break - NAMES.md:788)  ExecState 0 -> 0 -> 0 after RBW
  PASS  T3a a For loop was created on the top-level diagram  [{'i': 0, 'class': 'ForLoop', 'uid': 49, 'pos': (900, 1400), 'owner': 'TopLevelDiagram'}]
  FACT  T3 For loop #49 reparented into body A: False
  **FAIL**  T3 the For loop is on the expected diagram  #49 not on diagram 0
  FACT  T4 junk Invokes purged: [125, 47]
  FACT  scratch deleted: SCRATCH_cnv1_133833.vi
  PASS  Vz original working-copy md5 after  2a78e17c449cacdaf5da389818526859
  FACT  LabVIEW handles after: 32234 (before 31367)

--- FACTS ---
  LabVIEW handles before: 31367 (fresh-instance baseline ~31,500)
  V2 the TMSC-output net w645 also feeds [(243, 'Diagram in'), (235, 'reference')] (these are re-wired in V4)
  V3 seed control 'reference' (uid 970) on w1010
  V4 saved intermediate (14530 B); seed 'reference', src-diagram control 'index 6'
  V5 copy_by_index added [1045, 1076, 1079, 1083, 1086, 1089], selected uid 99
  saved C:\Program Files\National Instruments\LabVIEW 2026\user.lib\claudeDev\OpConnectNested_v1.vi (14666 bytes); labels -> G:\Codes\LabVIEW_Codes\MinLab\zz_LabView VI\AAA_UNIST\2. Tracking\V6_ParallelLoop\tools\bench\opconnectnested_v1_labels.json
  scratch: body A Diagram #110 at Traverse index 2; body B Diagram #186 at index 1
  T1 body A #45 Nodes[0] outs [(0, 'error out')]
  T1 body B #46 Nodes[0] bare ins [(1, ''), (2, ''), (3, ''), (4, 'is warning? (False)'), (5, 'show call chain? (False)'), (6, 'error in (no error)'), (7, ''), (8, 'error message ("")'), (9, 'error code (0)')]
  T2 op error ''; wire delta 3; LoopTunnel 0 -> 2; ExecState 0 -> 0
  T2 wire uids: sink w268 / source w297 (DIFFERENT - LabVIEW made tunnels + segments)
  T3 For loop #49 reparented into body A: False
  T4 junk Invokes purged: [125, 47]
  scratch deleted: SCRATCH_cnv1_133833.vi
  LabVIEW handles after: 32234 (before 31367)

=== build_opconnectnested_v1: 31 pass, 1 fail -> T3 the For loop is on the expected diagram  (61 s) ===
BGRUN END rc=1 after 61s
