BGRUN START 2026-09-13 23:10:55 limit 25.0 min: py -u tools/recipes/build_opreportall_v1.py
start: ForLoop=0 LoopTunnel=0 Property=2 CtlTerm=10 Wire=17 ExecState=1

== 1 delete the OLD Index Array - frees Traverse.'References'
   predict: IndexArray 1->0
   OBSERVED: after ForLoop=0 LoopTunnel=0 Property=2 CtlTerm=10 Wire=14 ExecState=0

== 2 delete the two OLD Property nodes (they read ONE element, not the array)
   predict: Property 2->0
   OBSERVED: after ForLoop=0 LoopTunnel=0 Property=0 CtlTerm=10 Wire=7 ExecState=1

== 3 empty For Loop
   predict: ForLoop 0->1; ExecState 0 is EXPECTED - an empty loop has no N
   OBSERVED: after ForLoop=1 LoopTunnel=0 Property=0 CtlTerm=10 Wire=7 ExecState=0

== 4 find the loop body diagram
   predict: one diagram owned by a ForLoop
   OBSERVED: [1]

== 5 Property(Position, UID, Class Name, Owner) INSIDE the loop body
   predict: Property 0->1 - GObject inherits Generic, so one node carries all four
   OBSERVED: [{'i': 0, 'class': 'Property', 'uid': 114, 'pos': (2845, 1851), 'owner': 'Diagram'}]

== 6 wire Traverse.'References' -> that node's `reference` (CROSSES the loop boundary)
   predict: LoopTunnel 0->1, Wire +2 (outside + inside segments), and ExecState 0->1 because the array supplies N
   OBSERVED: after ForLoop=1 LoopTunnel=1 Property=1 CtlTerm=10 Wire=9 ExecState=1

== 7 Property(Class Name) on the OWNER, also inside the body
   predict: Property 1->2 - this is what makes report()'s `owner` field
   OBSERVED: [{'i': 0, 'class': 'Property', 'uid': 115, 'pos': (2851, 2051), 'owner': 'Diagram'}]

== 8 wire PN1.'Owner' -> PN2.`reference` (both inside the body, so NO new tunnel)
   predict: Wire +1, LoopTunnel unchanged
   OBSERVED: after ForLoop=1 LoopTunnel=1 Property=2 CtlTerm=10 Wire=10 ExecState=1

== 9 exit_loop: auto-indexed OUTPUT tunnels for Position, UID, Class Name
   predict: LoopTunnel 1->4
   OBSERVED: EXC exit_loop: error 5001: LV-Scripting.lvlib:Get Outputs.vi<ERR>

== 10 exit_loop: the owner's Class Name
   predict: LoopTunnel +1
   OBSERVED: EXC exit_loop: error 5001: LV-Scripting.lvlib:Get Outputs.vi<ERR>

-- net_map (a step missed its prediction - names are the usual cause) - read the REAL terminal names here instead of guessing --
   diagram 0:
      {0: (43, '', [(0, 'error out', 590), (1, 'vi reference', 467), (2, 'password ("")', 0), (3, 'type specifier VI Refnum (for type only)', 0), (4, 'error in (no error)', 0), (5, 'options', 0), (6, 'vi path', 106), (7, 'application reference (local)', 0)]), 1: (124, '', [(0, 'error out', 425), (1, '# of Refs', 303), (2, 'References', 524), (3, 'dup VI Refnum', 0), (4, '', 0), (5, 'Other Refnum', 0), (6, 'Traverse Generated Code (F)', 0), (7, 'Traverse Target', 415), (8, 'error in (no error)', 590), (9, '', 0), (10, 'Class Name', 373), (11, 'VI Refnum', 467)]), 2: (113, '', [(0, '', 0), (1, 'References', 524)])}
      {590: [(0, 0, 'error out'), (1, 8, 'error in (no error)')], 467: [(0, 1, 'vi reference'), (1, 11, 'VI Refnum')], 106: [(0, 6, 'vi path')], 425: [(1, 0, 'error out')], 303: [(1, 1, '# of Refs')], 524: [(1, 2, 'References'), (2, 1, 'References')], 415: [(1, 7, 'Traverse Target')], 373: [(1, 10, 'Class Name')]}
   diagram 1:
      {0: (114, '', [(0, 'reference', 421), (1, 'reference out', 0), (2, 'error in (no error)', 0), (3, 'error out', 0), (4, 'Position', 0), (5, 'UID', 0), (6, 'ClassName', 0), (7, 'Owner', 548)]), 1: (115, '', [(0, 'reference', 548), (1, 'reference out', 0), (2, 'error in (no error)', 0), (3, 'error out', 0), (4, 'ClassName', 0)])}
      {421: [(0, 0, 'reference')], 548: [(0, 7, 'Owner'), (1, 0, 'reference')]}

== 11. tunnels now 1; indices 1..0 should be the outputs

assembled: ForLoop=1 LoopTunnel=1 Property=2 CtlTerm=10 Wire=10 ExecState=0
steps: [("1 delete the OLD Index Array - frees Traverse.'References'", 'ok'), ('2 delete the two OLD Property nodes (they read ONE element, not the array)', 'ok'), ('3 empty For Loop', 'ok'), ('4 find the loop body diagram', 'ok'), ('5 Property(Position, UID, Class Name, Owner) INSIDE the loop body', 'ok'), ("6 wire Traverse.'References' -> that node's `reference` (CROSSES the loop boundary)", 'ok'), ('7 Property(Class Name) on the OWNER, also inside the body', 'ok'), ("8 wire PN1.'Owner' -> PN2.`reference` (both inside the body, so NO new tunnel)", 'ok'), ('9 exit_loop: auto-indexed OUTPUT tunnels for Position, UID, Class Name', 'exc'), ("10 exit_loop: the owner's Class Name", 'exc')]
label map (indicator label -> what it carries): {}

-- net_map (BROKEN at the end) - read the REAL terminal names here instead of guessing --
   diagram 0:
      {0: (43, '', [(0, 'error out', 590), (1, 'vi reference', 467), (2, 'password ("")', 0), (3, 'type specifier VI Refnum (for type only)', 0), (4, 'error in (no error)', 0), (5, 'options', 0), (6, 'vi path', 106), (7, 'application reference (local)', 0)]), 1: (124, '', [(0, 'error out', 425), (1, '# of Refs', 303), (2, 'References', 524), (3, 'dup VI Refnum', 0), (4, '', 0), (5, 'Other Refnum', 0), (6, 'Traverse Generated Code (F)', 0), (7, 'Traverse Target', 415), (8, 'error in (no error)', 590), (9, '', 0), (10, 'Class Name', 373), (11, 'VI Refnum', 467)]), 2: (113, '', [(0, '', 0), (1, 'References', 524)])}
      {590: [(0, 0, 'error out'), (1, 8, 'error in (no error)')], 467: [(0, 1, 'vi reference'), (1, 11, 'VI Refnum')], 106: [(0, 6, 'vi path')], 425: [(1, 0, 'error out')], 303: [(1, 1, '# of Refs')], 524: [(1, 2, 'References'), (2, 1, 'References')], 415: [(1, 7, 'Traverse Target')], 373: [(1, 10, 'Class Name')]}
   diagram 1:
      {0: (114, '', [(0, 'reference', 421), (1, 'reference out', 0), (2, 'error in (no error)', 0), (3, 'error out', 0), (4, 'Position', 0), (5, 'UID', 0), (6, 'ClassName', 0), (7, 'Owner', 548)]), 1: (115, '', [(0, 'reference', 548), (1, 'reference out', 0), (2, 'error in (no error)', 0), (3, 'error out', 0), (4, 'ClassName', 0)])}
      {421: [(0, 0, 'reference')], 548: [(0, 7, 'Owner'), (1, 0, 'reference')]}

VERDICT: BROKEN - NOT SAVING. OpReport_v3 is untouched; the old path still works.
BGRUN END rc=4 after 6s
