BGRUN START 2026-09-14 23:58:17 limit 8.0 min: py -u tools/recipes/build_strtopath.py
   prepare: labels now [(194, 'STP')]
   OBSERVED copy_into: EXC run blocked behind a modal dialog (dismissed by watchdog after 8s); screenshot(s): C:\Users\KimLab\AppData\Local\Temp\gscript_dialog_1789397905.png
   FAIL C1 one object copied None
BGRUN END rc=2 after 10s
BGRUN START 2026-09-15 00:01:35 limit 8.0 min: py -u tools/recipes/build_strtopath.py
   plan A 'String To Path' (no prepare): OBSERVED EXC run blocked behind a modal dialog (dismissed by watchdog after 8s); screenshot(s): C:\Users\KimLab\AppData\Local\Temp\gscript_dialog_1789398102.png
   prepare: labels now [(194, 'STP')]
   plan B 'STP' (prepare): OBSERVED EXC run blocked behind a modal dialog (dismissed by watchdog after 8s); screenshot(s): C:\Users\KimLab\AppData\Local\Temp\gscript_dialog_1789398111.png
   FAIL C1 one object copied None
BGRUN END rc=2 after 17s
BGRUN START 2026-09-15 00:24:00 limit 10.0 min: py -u tools/recipes/build_strtopath.py
   donor Function[] order: [435, 602, 458, 168, 194, 160, 228, 257]; uid 194 at index 4
   finish: nodes [(43, 0, 'String To Path', ['path', 'string'])]
   PASS C1 the copied node has 'string' (sink) / 'path' (source) 
   PASS C2 String control ['string']
   PASS C2 Path indicator ['path']
   finish: ExecState 1 (1 required before the COM save)
   copy_by_index -> added [{'i': 1, 'class': 'Function', 'uid': 43, 'pos': (0, 75), 'owner': 'TopLevelDiagram'}, {'i': 2, 'class': 'ParameterTerminal', 'uid': 51, 'pos': (12, 75), 'owner': 'Function'}, {'i': 3, 'class': 'ParameterTerminal', 'uid': 54, 'pos': (0, 75), 'owner': 'Function'}], selected uid 194
   PASS C1 one object copied and the Target saved runnable [{'i': 1, 'class': 'Function', 'uid': 43, 'pos': (0, 75), 'owner': 'TopLevelDiagram'}, {'i': 2, 'class': 'ParameterTerminal', 'uid': 51, 'pos': (12, 75), 'owner': 'Function'}, {'i': 3, 'class': 'ParameterTerminal', 'uid': 54, 'pos': (0, 75), 'owner': 'Function'}]
   PASS C3 ExecState 1 (the copied file) 1
   PASS C4 'G:\\x\\img00007.tif' -> path reads back equal 'G:\\x\\img00007.tif'
   PASS C4 'C:\\a b\\img11824.tif' -> path reads back equal 'C:\\a b\\img11824.tif'
   PASS C4 '\\\\srv\\share\\f.tif' -> path reads back equal '\\\\srv\\share\\f.tif'
   conpane: {0: 'string', 1: 'path', 2: None, 3: None, 4: None, 5: None, 6: None, 7: None, 8: None, 9: None, 10: None, 11: None}
   PASS C5 both pane assignments visible 
   saved

SUMMARY 9/9 PASS
   PASS C1 the copied node has 'string' (sink) / 'path' (source)
   PASS C2 String control
   PASS C2 Path indicator
   PASS C1 one object copied and the Target saved runnable
   PASS C3 ExecState 1 (the copied file)
   PASS C4 'G:\\x\\img00007.tif' -> path reads back equal
   PASS C4 'C:\\a b\\img11824.tif' -> path reads back equal
   PASS C4 '\\\\srv\\share\\f.tif' -> path reads back equal
   PASS C5 both pane assignments visible
BGRUN END rc=0 after 324s
