BGRUN START 2026-09-15 18:32:52 limit 25.0 min: py -u tools/bench/build_diagram_hierarchy.py
diagrams: 170
  WhileLoop        3
  ForLoop          17
  CaseStructure    37
  Sequence         4
  EventStructure   2

resolved 100 / 170   unresolved 70
  UNRESOLVED diagram 536 (owner ): no structure of that class
  UNRESOLVED diagram 3628 (owner FlatSequenceFrame): no structure of that class
  UNRESOLVED diagram 81548 (owner FlatSequenceFrame): no structure of that class
  UNRESOLVED diagram 113 (owner FlatSequenceFrame): no structure of that class
  UNRESOLVED diagram 124 (owner FlatSequenceFrame): no structure of that class
  UNRESOLVED diagram 43928 (owner FlatSequenceFrame): no structure of that class
  UNRESOLVED diagram 44125 (owner FlatSequenceFrame): no structure of that class
  UNRESOLVED diagram 44169 (owner FlatSequenceFrame): no structure of that class
  UNRESOLVED diagram 5031 (owner FlatSequenceFrame): no structure of that class
  UNRESOLVED diagram 3121 (owner FlatSequenceFrame): no structure of that class
  UNRESOLVED diagram 1817 (owner FlatSequenceFrame): no structure of that class
  UNRESOLVED diagram 4866 (owner FlatSequenceFrame): no structure of that class
  UNRESOLVED diagram 686 (owner FlatSequenceFrame): no structure of that class
  UNRESOLVED diagram 25767 (owner FlatSequenceFrame): no structure of that class
  UNRESOLVED diagram 28036 (owner FlatSequenceFrame): no structure of that class
  UNRESOLVED diagram 28426 (owner FlatSequenceFrame): no structure of that class
  UNRESOLVED diagram 27425 (owner FlatSequenceFrame): no structure of that class
  UNRESOLVED diagram 27723 (owner FlatSequenceFrame): no structure of that class
  UNRESOLVED diagram 27024 (owner CaseStructure): ambiguous: nearest 237, runner-up 595
  UNRESOLVED diagram 27076 (owner FlatSequenceFrame): no structure of that class
  UNRESOLVED diagram 27259 (owner FlatSequenceFrame): no structure of that class
  UNRESOLVED diagram 26535 (owner FlatSequenceFrame): no structure of that class
  UNRESOLVED diagram 26880 (owner FlatSequenceFrame): no structure of that class
  UNRESOLVED diagram 25892 (owner FlatSequenceFrame): no structure of that class
  UNRESOLVED diagram 26292 (owner FlatSequenceFrame): no structure of that class

written to G:\Codes\LabVIEW_Codes\MinLab\zz_LabView VI\AAA_UNIST\2. Tracking\V6_ParallelLoop\tools\bench\diagram_hierarchy.json
NOTE: this is diagram -> owning STRUCTURE. Turning that into diagram -> PARENT DIAGRAM needs the structure's own home diagram, which is the next pass once these matches are trusted.
BGRUN END rc=1 after 6s
