BGRUN START 2026-10-02 17:51:56 limit 45.0 min: py -u tools/bench/build_opstopmode_v0.py
BGRUN PID 23472
  FACT  handles after restart: 33968
  GATE PASS  0 bed md5 before  395118775a52bc90073f4449b99f899d
  GATE PASS  OpStopMode_v0 D donor copy ES 1  
net_map: node 0 uid 43 (0 s)
net_map: node 1 uid 124 (4 s)
net_map: node 2 uid 308 (8 s)
net_map: node 3 uid 683 (10 s)
net_map: node 4 uid 316 (20 s)
net_map: node 5 uid 230 (26 s)
net_map: node 6 uid 238 (34 s)
net_map: node 7 uid 313 (37 s)
net_map: node 8 uid 657 (38 s)
net_map: purged 20/79 junk Invokes (6 s)
net_map: purged 40/79 junk Invokes (8 s)
net_map: purged 60/79 junk Invokes (10 s)
net_map: 8 nodes walked in 38.7 s; 79 junk Invoke(s) purged in 13.4 s
  GATE PASS  OpStopMode_v0 L3 WhileLoop[6362C01] censused to ONE data terminal  ['StopIfTrue']
  GATE PASS  OpStopMode_v0 L4 WhileLoop PN accepts the TMSC output, ES 1  
  GATE PASS  OpStopMode_v0 A assembled ExecState 1  1
  FACT  OpStopMode_v0 labels: {'data': 'StopIfTrue', 'pn': 657, 'tmsc': 683, 'UID': 'UID', 'StopIfTrue': 'Stop If True?', 'Err': 'error out 3', 'controls': ['vi path', 'Class Name', 'index', 'vi path 2', 'location (0, 0)', 'Properties', 'Class Name 2', 'index 2', 'reference']}
  GATE PASS  OpStopMode_v0 V saved by script  (13417, '87e43f4b2e514ea16aa30dcdc2244f6e')
  GATE PASS  OpStopModeB_v0 D donor copy ES 1  
net_map: node 0 uid 43 (0 s)
net_map: node 1 uid 124 (1 s)
net_map: node 2 uid 308 (3 s)
net_map: node 3 uid 683 (4 s)
net_map: node 4 uid 316 (6 s)
net_map: node 5 uid 220 (7 s)
net_map: node 6 uid 334 (8 s)
net_map: purged 20/65 junk Invokes (6 s)
net_map: purged 40/65 junk Invokes (8 s)
net_map: purged 60/65 junk Invokes (10 s)
net_map: 6 nodes walked in 8.5 s; 65 junk Invoke(s) purged in 10.7 s
  GATE PASS  OpStopModeB_v0 X donor IndexMode PN #220 deleted, ES 1  
net_map: node 0 uid 43 (0 s)
net_map: node 1 uid 124 (2 s)
net_map: node 2 uid 308 (6 s)
net_map: node 3 uid 683 (6 s)
net_map: node 4 uid 316 (6 s)
net_map: node 5 uid 118 (7 s)
net_map: purged 20/57 junk Invokes (0 s)
net_map: purged 40/57 junk Invokes (1 s)
net_map: 5 nodes walked in 6.8 s; 57 junk Invoke(s) purged in 1.3 s
  GATE PASS  OpStopModeB_v0 L3 Boolean[6333808] censused to ONE data terminal  ['MechAction']
  GATE PASS  OpStopModeB_v0 S Boolean seed 'reference' -> TMSC #683 -> PN #118: ES 1  
net_map: node 0 uid 43 (0 s)
net_map: node 1 uid 124 (0 s)
net_map: node 2 uid 308 (1 s)
net_map: node 3 uid 683 (1 s)
net_map: node 4 uid 316 (1 s)
net_map: node 5 uid 118 (2 s)
net_map: node 6 uid 119 (2 s)
net_map: node 7 uid 120 (2 s)
net_map: purged 20/73 junk Invokes (1 s)
net_map: purged 40/73 junk Invokes (1 s)
net_map: purged 60/73 junk Invokes (1 s)
net_map: 7 nodes walked in 2.5 s; 73 junk Invoke(s) purged in 1.9 s
  GATE PASS  OpStopModeB_v0 A assembled ExecState 1  1
  FACT  OpStopModeB_v0 labels: {'data': 'MechAction', 'pn': 118, 'tmsc': 683, 'seed': 'reference', 'TraverseTarget': 'Traverse Target', 'MechAction': 'Mechanical Action', 'Err': 'error out 2', 'UID': 'UID', 'UIDErr': 'error out 3', 'controls': ['vi path', 'Class Name', 'index', 'vi path 2', 'location (0, 0)', 'Properties', 'Class Name 2', 'index 2', 'reference', 'Traverse Target']}
  GATE PASS  OpStopModeB_v0 V saved by script  (12302, '0ec05ebdad1a92255d7f861964d6af7c')
  GATE PASS  C OpStopMode_v0.vi COLD ExecState 1 (fresh LabVIEW)  87e43f4b2e514ea16aa30dcdc2244f6e
  GATE PASS  C OpStopModeB_v0.vi COLD ExecState 1 (fresh LabVIEW)  0ec05ebdad1a92255d7f861964d6af7c
  FACT  tgt cond constant: {'err': '', 'inv_err': '', 'created_uid': 126}
  GATE PASS  T tgt (While + Boolean control, carrier deleted) ES 1  
  GATE PASS  T tgt has exactly 1 control and 1 While loop  ([{'label': 'Visible', 'indicator': False, 'uid': 157, 'is_source': True, 'wire': 0, 'term_err': 0, 'wire_err': 1055}], [{'i': 0, 'class': 'WhileLoop', 'uid': 43, 'pos': (294, 200), 'owner': 'TopLevelDiagram'}])
  GATE PASS  scratch_c138_5_wA A assembled ExecState 1  1
  FACT  scratch_c138_5_wA labels: {'Value': 'Stop If True? 2', 'WErr': 'error out 4', 'controls': ['vi path', 'Class Name', 'index', 'vi path 2', 'location (0, 0)', 'Properties', 'Class Name 2', 'index 2', 'reference', 'Stop If True? 2']}
  GATE PASS  scratch_c138_5_wB A assembled ExecState 1  1
  FACT  scratch_c138_5_wB labels: {'Value': 'Mechanical Action 2', 'WErr': 'error out 4', 'controls': ['vi path', 'Class Name', 'index', 'vi path 2', 'location (0, 0)', 'Properties', 'Class Name 2', 'index 2', 'reference', 'Traverse Target', 'Mechanical Action 2']}
  GATE PASS  S1 fresh While loop reads Stop If True? = True, echo = loop uid  ({'err': '', 'uid': 43, 'v': True}, 43)
  GATE PASS  S2 write Stop If True?=False (scratch writer) -> read back False  ({'err': '', 'uid': 43, 'v': True}, {'err': '', 'uid': 43, 'v': False})
  GATE PASS  S2 write Stop If True?=True (scratch writer) -> read back True  ({'err': '', 'uid': 43, 'v': False}, {'err': '', 'uid': 43, 'v': True})
  FACT  S3 fresh Boolean (Create Control on a Boolean sink) Mechanical Action: {'err': '', 'uid': 157, 'v': 0}
  GATE PASS  S3 Boolean echo = control uid, no error  ({'err': '', 'uid': 157, 'v': 0}, 157)
  FACT  S3b same call with Traverse Target = 1 (BD): {'err': 'error 1055: Property Node in OpStopModeB_v0.vi | error 1055: Property Node in OpStopModeB_v0.vi', 'uid': 0, 'v': 0}
  GATE PASS  S4 write Mechanical Action=0 -> read back 0  ({'err': '', 'uid': 157, 'v': 0}, {'err': '', 'uid': 157, 'v': 0})
  GATE PASS  S4 write Mechanical Action=1 -> read back 1  ({'err': '', 'uid': 157, 'v': 0}, {'err': '', 'uid': 157, 'v': 1})
  GATE PASS  S4 write Mechanical Action=2 -> read back 2  ({'err': '', 'uid': 157, 'v': 1}, {'err': '', 'uid': 157, 'v': 2})
  GATE PASS  S4 write Mechanical Action=3 -> read back 3  ({'err': '', 'uid': 157, 'v': 2}, {'err': '', 'uid': 157, 'v': 3})
  GATE PASS  S4 write Mechanical Action=4 -> read back 4  ({'err': '', 'uid': 157, 'v': 3}, {'err': '', 'uid': 157, 'v': 4})
  GATE PASS  S4 write Mechanical Action=5 -> read back 5  ({'err': '', 'uid': 157, 'v': 4}, {'err': '', 'uid': 157, 'v': 5})
  GATE PASS  S5 past-the-end index -> error and echo 0 (both ops)  ({'err': 'error 1055: Property Node in OpStopMode_v0.vi', 'uid': 0, 'v': False}, {'err': 'error 1055: Property Node in OpStopModeB_v0.vi | error 1055: Property Node in OpStopModeB_v0.vi', 'uid': 0, 'v': 0})
  GATE PASS  B0 bed byte copy md5 == bed  
  GATE PASS  B1 #10170 is a WhileLoop of the bed copy  [23041, 10170, 23032, 25380, 637, 15173]
  FACT  B2 Stop If True? of every bed While loop: [(23041, True, ''), (10170, True, ''), (23032, True, ''), (25380, True, ''), (637, True, ''), (15173, True, '')]
  GATE PASS  B2 #10170 Stop If True? read (echo 10170, no error)  {'err': '', 'uid': 10170, 'v': True, 'index': 1}
  FACT  B2 #10170: {'err': '', 'uid': 10170, 'v': True, 'index': 1}
  GATE PASS  B3 exactly one top-level panel object labelled 'stop (end)'  [7]
  FACT  B4 scan ended at index 30: {'err': 'error 1055: Property Node in OpStopModeB_v0.vi | error 1055: Property Node in OpStopModeB_v0.vi', 'uid': 0, 'v': 0}
  FACT  B4 Mechanical Action of every front-panel Boolean (uid, label, value): [(25532, 'autofocus reseed flag (1.2 to 1.1)', 0), (23555, 'Automatic Error Handling', 0), (9077, 'x < y?', 0), (24423, 'TurnOff', 0), (11819, 'Done Picking \nBeads?', 4), (11804, 'Send to Trans', 1), (11735, '+ Cal Zero', 1), (11698, '- Cal Zero', 1), (11627, 'Send to Rot', 1), (11534, '1 R-Turn', 1), (11516, '1 L-Turn', 1), (18980, 'Switch', 0), (9897, 'Start Cycles', 1), (9535, 'Reached clamp', 0), (341, 'Start Moving?', 0), (19587, 'stop (end) 2', 4), (24266, 'Auto-Focus', 0), (17472, 'Auto-Reset', 0), (10230, 'Fix to a Certain Pattern', 0), (7715, 'Stop Trans', 1), (47, 'Z/dZ', 0), (5951,
  GATE PASS  B4 'stop (end)' #7 Mechanical Action read (no error)  [{'err': '', 'uid': 7, 'v': 4, 'index': 29, 'label': 'stop (end)'}]
  FACT  B4 stop (end): {'err': '', 'uid': 7, 'v': 4, 'index': 29, 'label': 'stop (end)'}
HYG OpStopMode_v0 round 0: 100 calls, errors 0, check [], h_pre 31534 h_post 31524 h_closed 31517, gdi 354 user 114, live 0, t 3s
HYG OpStopMode_v0 round 1: 100 calls, errors 0, check [], h_pre 31526 h_post 31522 h_closed 31515, gdi 354 user 114, live 0, t 6s
HYG OpStopMode_v0 round 2: 100 calls, errors 0, check [], h_pre 31523 h_post 31519 h_closed 31512, gdi 354 user 114, live 0, t 9s
HYG OpStopMode_v0 round 3: 100 calls, errors 0, check [], h_pre 31519 h_post 31520 h_closed 31513, gdi 354 user 114, live 0, t 11s
HYG OpStopMode_v0 round 4: 100 calls, errors 0, check [], h_pre 31520 h_post 31519 h_closed 31512, gdi 354 user 114, live 0, t 13s
HYG OpStopMode_v0 round 5: 100 calls, errors 0, check [], h_pre 31519 h_post 31518 h_closed 31511, gdi 354 user 114, live 0, t 14s
HYG OpStopMode_v0 round 6: 100 calls, errors 0, check [], h_pre 31518 h_post 31519 h_closed 31512, gdi 354 user 114, live 0, t 16s
HYG OpStopMode_v0 round 7: 100 calls, errors 0, check [], h_pre 31519 h_post 31519 h_closed 31512, gdi 354 user 114, live 0, t 18s
HYG OpStopMode_v0 round 8: 100 calls, errors 0, check [], h_pre 31519 h_post 31519 h_closed 31512, gdi 354 user 114, live 0, t 20s
HYG OpStopMode_v0 round 9: 100 calls, errors 0, check [], h_pre 31519 h_post 31518 h_closed 31511, gdi 354 user 114, live 0, t 22s
HYG OpStopMode_v0 round 10: 100 calls, errors 0, check [], h_pre 31518 h_post 31518 h_closed 31511, gdi 354 user 114, live 0, t 24s
HYG OpStopMode_v0 round 11: 100 calls, errors 0, check [], h_pre 31518 h_post 31518 h_closed 31512, gdi 354 user 114, live 0, t 26s
HYG OpStopMode_v0 round 12: 100 calls, errors 0, check [], h_pre 31519 h_post 31518 h_closed 31511, gdi 354 user 114, live 0, t 28s
HYG OpStopMode_v0 round 13: 100 calls, errors 0, check [], h_pre 31514 h_post 31510 h_closed 31504, gdi 354 user 114, live 0, t 30s
HYG OpStopMode_v0 round 14: 100 calls, errors 0, check [], h_pre 31511 h_post 31510 h_closed 31503, gdi 354 user 114, live 0, t 32s
HYG OpStopMode_v0 round 15: 100 calls, errors 0, check [], h_pre 31510 h_post 31511 h_closed 31504, gdi 354 user 114, live 0, t 33s
HYG OpStopMode_v0 round 16: 100 calls, errors 0, check [], h_pre 31511 h_post 31510 h_closed 31503, gdi 354 user 114, live 0, t 35s
HYG OpStopMode_v0 round 17: 100 calls, errors 0, check [], h_pre 31511 h_post 31511 h_closed 31503, gdi 354 user 114, live 0, t 37s
HYG OpStopMode_v0 round 18: 100 calls, errors 0, check [], h_pre 31510 h_post 31510 h_closed 31503, gdi 354 user 114, live 0, t 39s
HYG OpStopMode_v0 round 19: 100 calls, errors 0, check [], h_pre 31511 h_post 31511 h_closed 31503, gdi 354 user 114, live 0, t 41s
  GATE PASS  H OpStopMode_v0 hygiene PASS (calls 2000, errors 0, max_dev 14, refs 0)  []
HYG OpStopModeB_v0 round 0: 100 calls, errors 0, check [], h_pre 31510 h_post 31510 h_closed 31503, gdi 354 user 114, live 0, t 2s
HYG OpStopModeB_v0 round 1: 100 calls, errors 0, check [], h_pre 31510 h_post 31510 h_closed 31503, gdi 354 user 114, live 0, t 4s
HYG OpStopModeB_v0 round 2: 100 calls, errors 0, check [], h_pre 31510 h_post 31511 h_closed 31504, gdi 354 user 114, live 0, t 6s
HYG OpStopModeB_v0 round 3: 100 calls, errors 0, check [], h_pre 31510 h_post 31511 h_closed 31504, gdi 354 user 114, live 0, t 8s
HYG OpStopModeB_v0 round 4: 100 calls, errors 0, check [], h_pre 31511 h_post 31511 h_closed 31504, gdi 354 user 114, live 0, t 9s
HYG OpStopModeB_v0 round 5: 100 calls, errors 0, check [], h_pre 31511 h_post 31510 h_closed 31503, gdi 354 user 114, live 0, t 11s
HYG OpStopModeB_v0 round 6: 100 calls, errors 0, check [], h_pre 31510 h_post 31509 h_closed 31502, gdi 354 user 114, live 0, t 13s
HYG OpStopModeB_v0 round 7: 100 calls, errors 0, check [], h_pre 31509 h_post 31510 h_closed 31503, gdi 354 user 114, live 0, t 15s
HYG OpStopModeB_v0 round 8: 100 calls, errors 0, check [], h_pre 31510 h_post 31509 h_closed 31502, gdi 354 user 114, live 0, t 17s
HYG OpStopModeB_v0 round 9: 100 calls, errors 0, check [], h_pre 31509 h_post 31510 h_closed 31503, gdi 354 user 114, live 0, t 19s
HYG OpStopModeB_v0 round 10: 100 calls, errors 0, check [], h_pre 31510 h_post 31509 h_closed 31502, gdi 354 user 114, live 0, t 21s
HYG OpStopModeB_v0 round 11: 100 calls, errors 0, check [], h_pre 31509 h_post 31510 h_closed 31503, gdi 354 user 114, live 0, t 23s
HYG OpStopModeB_v0 round 12: 100 calls, errors 0, check [], h_pre 31510 h_post 31509 h_closed 31502, gdi 354 user 114, live 0, t 25s
HYG OpStopModeB_v0 round 13: 100 calls, errors 0, check [], h_pre 31510 h_post 31509 h_closed 31502, gdi 354 user 114, live 0, t 26s
HYG OpStopModeB_v0 round 14: 100 calls, errors 0, check [], h_pre 31509 h_post 31509 h_closed 31502, gdi 354 user 114, live 0, t 28s
HYG OpStopModeB_v0 round 15: 100 calls, errors 0, check [], h_pre 31510 h_post 31510 h_closed 31502, gdi 354 user 114, live 0, t 30s
HYG OpStopModeB_v0 round 16: 100 calls, errors 0, check [], h_pre 31509 h_post 31509 h_closed 31502, gdi 354 user 114, live 0, t 32s
HYG OpStopModeB_v0 round 17: 100 calls, errors 0, check [], h_pre 31509 h_post 31509 h_closed 31502, gdi 354 user 114, live 0, t 34s
HYG OpStopModeB_v0 round 18: 100 calls, errors 0, check [], h_pre 31509 h_post 31510 h_closed 31503, gdi 354 user 114, live 0, t 36s
HYG OpStopModeB_v0 round 19: 100 calls, errors 0, check [], h_pre 31509 h_post 31510 h_closed 31503, gdi 354 user 114, live 0, t 38s
  GATE PASS  H OpStopModeB_v0 hygiene PASS (calls 2000, errors 0, max_dev 1, refs 0)  []
  FACT  handles at end: (31503, 33968)
  GATE PASS  E LabVIEW gone  
  GATE PASS  E scratch files deleted  ['C:\\Program Files\\National Instruments\\LabVIEW 2026\\user.lib\\claudeDev\\scratch_c138_5_tgt_175157.vi', 'C:\\Program Files\\National Instruments\\LabVIEW 2026\\user.lib\\claudeDev\\scratch_c138_5_wA.vi', 'C:\\Program Files\\National Instruments\\LabVIEW 2026\\user.lib\\claudeDev\\scratch_c138_5_wB.vi', 'C:\\Program Files\\National Instruments\\LabVIEW 2026\\user.lib\\claudeDev\\scratch_c138_5
  GATE PASS  E bed md5 unchanged  
=== GATES: 39 pass / 0 fail; failing: []
RESULT {"schema":"result-line/1","status":"PASS","gates":{"pass":39,"fail":0},"first_fail":null,"artefacts":[{"path":"C:\\Program Files\\National Instruments\\LabVIEW 2026\\user.lib\\claudeDev\\OpStopMode_v0.vi","md5":"87e43f4b2e514ea16aa30dcdc2244f6e"},{"path":"C:\\Program Files\\National Instruments\\LabVIEW 2026\\user.lib\\claudeDev\\OpStopModeB_v0.vi","md5":"0ec05ebdad1a92255d7f861964d6af7c"}]}
BGRUN END rc=0 after 356s
