BGRUN START 2026-09-15 00:43:28 limit 45.0 min: py -u tools/recipes/build_track_v6_core.py --n=200

== D scratch discriminator: tunnel wire-then-index route
   PASS drop Get Controls.vi [43]
   PASS D free String[] control 'Control Names'
   PASS drop StrToPath.vi [44]
   PASS D exactly one tunnel from wire_control 1
   D tunnel: mode 1 outer 216 inner [200]; StrToPath.string 200
   PASS D IndexMode 1 and inner wire == StrToPath.string wire 
   PASS D ExecState 1 after the route 1
   PASS D the scratch runs and returns with a two-element input 0.01 s

== BUILD
H1 loader default -> 23183 bytes
   PASS drop HARNESS_loadcal.vi [43]
   PASS drop IMAQ Create [44]
   PASS drop make both cosine bandpass.vi [45]
   PASS H2 'cross size' -> 'cross length' 125/125
   PASS drop PARALLEL_kernel_v3clean.vi [46]
   PASS H3 control 'x,y,z array' ['x,y,z array']
   PASS H3 control 'Bead is good? array in' ['Bead is good? array in']
   PASS H3 control 'pos in cal image in' ['pos in cal image in']
   PASS H3 control '4 pack remainder' ['4 pack remainder']
   PASS H3 control '# of bead 4 packs' ['# of bead 4 packs']
   PASS H3 the 5 controls survive by UID, terminals unwired 
   PASS H3 SubVI count -1 
   PASS H3 no pre-existing object lost set()
   H3 extra objects (the five controls and their parts): 5
   PASS drop Get Controls.vi [46]
   PASS H4 free String[] control 'Control Names'
   PASS L1 one For loop 
   PASS drop StrToPath.vi [47]
   PASS drop IMAQ ReadFile [48]
   PASS drop PARALLEL_kernel_v3clean.vi [49]
   PASS L3 exactly one tunnel from wire_control 1
   L3 tunnel: mode 1 outer 519 inner [503]; StrToPath.string 503
   PASS L3 IndexMode 1 and inner wire == StrToPath.string wire 
   FAIL L4 'New Image' -> 'Image' 531/506

STOP at gate: L4 'New Image' -> 'Image'

SUMMARY 28/29 PASS
   PASS drop Get Controls.vi
   PASS D free String[] control
   PASS drop StrToPath.vi
   PASS D exactly one tunnel from wire_control
   PASS D IndexMode 1 and inner wire == StrToPath.string wire
   PASS D ExecState 1 after the route
   PASS D the scratch runs and returns with a two-element input
   PASS drop HARNESS_loadcal.vi
   PASS drop IMAQ Create
   PASS drop make both cosine bandpass.vi
   PASS H2 'cross size' -> 'cross length'
   PASS drop PARALLEL_kernel_v3clean.vi
   PASS H3 control 'x,y,z array'
   PASS H3 control 'Bead is good? array in'
   PASS H3 control 'pos in cal image in'
   PASS H3 control '4 pack remainder'
   PASS H3 control '# of bead 4 packs'
   PASS H3 the 5 controls survive by UID, terminals unwired
   PASS H3 SubVI count -1
   PASS H3 no pre-existing object lost
   PASS drop Get Controls.vi
   PASS H4 free String[] control
   PASS L1 one For loop
   PASS drop StrToPath.vi
   PASS drop IMAQ ReadFile
   PASS drop PARALLEL_kernel_v3clean.vi
   PASS L3 exactly one tunnel from wire_control
   PASS L3 IndexMode 1 and inner wire == StrToPath.string wire
   FAIL L4 'New Image' -> 'Image'
BGRUN END rc=1 after 123s
BGRUN START 2026-09-15 00:47:52 limit 45.0 min: py -u tools/recipes/build_track_v6_core.py --n=200

== D scratch discriminator: tunnel wire-then-index route
   PASS drop Get Controls.vi [43]
   PASS D free String[] control 'Control Names'
   PASS drop StrToPath.vi [44]
   PASS D exactly one tunnel from wire_control 1
   D tunnel: mode 1 outer 216 inner [200]; StrToPath.string 200
   PASS D IndexMode 1 and inner wire == StrToPath.string wire 
   PASS D ExecState 1 after the route 1
   PASS D the scratch runs and returns with a two-element input 0.01 s

== BUILD
H1 loader default -> 23183 bytes
   PASS drop HARNESS_loadcal.vi [43]
   PASS drop IMAQ Create [44]
   PASS drop make both cosine bandpass.vi [45]
   PASS H2 'cross size' -> 'cross length' 125/125
   PASS drop PARALLEL_kernel_v3clean.vi [46]
   PASS H3 control 'x,y,z array' ['x,y,z array']
   PASS H3 control 'Bead is good? array in' ['Bead is good? array in']
   PASS H3 control 'pos in cal image in' ['pos in cal image in']
   PASS H3 control '4 pack remainder' ['4 pack remainder']
   PASS H3 control '# of bead 4 packs' ['# of bead 4 packs']
   PASS H3 the 5 controls survive by UID, terminals unwired 
   PASS H3 SubVI count -1 
   PASS H3 no pre-existing object lost set()
   H3 extra objects (the five controls and their parts): 5
   PASS drop Get Controls.vi [46]
   PASS H4 free String[] control 'Control Names'
   PASS L1 one For loop 
   PASS drop StrToPath.vi [47]
   PASS drop IMAQ ReadFile [48]
   PASS drop PARALLEL_kernel_v3clean.vi [49]
   PASS L3 exactly one tunnel from wire_control 1
   L3 tunnel: mode 1 outer 519 inner [503]; StrToPath.string 503
   PASS L3 IndexMode 1 and inner wire == StrToPath.string wire 
   PASS L4 'New Image' -> 'Image' across the border (one new non-indexed tunnel 531->506) a=531 b=506 new tunnels [(531, [506], 0, False, [True], 0, 0)]
   PASS L4 'path' -> 'File Path' 513/513
   PASS L4 'Image Out' -> 'Image In' 525/525
   FAIL L4 'Array of cal clusters' -> 'Array of cal clusters' across the border (one new non-indexed tunnel 550->534) a=550 b=534 new tunnels [(550, [534], 1, False, [True], 0, 0)]

STOP at gate: L4 'Array of cal clusters' -> 'Array of cal clusters' across the border (one new non-indexed tunnel 550->534)

SUMMARY 31/32 PASS
   PASS drop Get Controls.vi
   PASS D free String[] control
   PASS drop StrToPath.vi
   PASS D exactly one tunnel from wire_control
   PASS D IndexMode 1 and inner wire == StrToPath.string wire
   PASS D ExecState 1 after the route
   PASS D the scratch runs and returns with a two-element input
   PASS drop HARNESS_loadcal.vi
   PASS drop IMAQ Create
   PASS drop make both cosine bandpass.vi
   PASS H2 'cross size' -> 'cross length'
   PASS drop PARALLEL_kernel_v3clean.vi
   PASS H3 control 'x,y,z array'
   PASS H3 control 'Bead is good? array in'
   PASS H3 control 'pos in cal image in'
   PASS H3 control '4 pack remainder'
   PASS H3 control '# of bead 4 packs'
   PASS H3 the 5 controls survive by UID, terminals unwired
   PASS H3 SubVI count -1
   PASS H3 no pre-existing object lost
   PASS drop Get Controls.vi
   PASS H4 free String[] control
   PASS L1 one For loop
   PASS drop StrToPath.vi
   PASS drop IMAQ ReadFile
   PASS drop PARALLEL_kernel_v3clean.vi
   PASS L3 exactly one tunnel from wire_control
   PASS L3 IndexMode 1 and inner wire == StrToPath.string wire
   PASS L4 'New Image' -> 'Image' across the border (one new non-indexed tunnel 531->506)
   PASS L4 'path' -> 'File Path'
   PASS L4 'Image Out' -> 'Image In'
   FAIL L4 'Array of cal clusters' -> 'Array of cal clusters' across the border (one new non-indexed tunnel 550->534)
BGRUN END rc=1 after 123s
BGRUN START 2026-09-15 00:51:44 limit 45.0 min: py -u tools/recipes/build_track_v6_core.py --n=200

== D scratch discriminator: tunnel wire-then-index route
   PASS drop Get Controls.vi [43]
   PASS D free String[] control 'Control Names'
   PASS drop StrToPath.vi [44]
   PASS D exactly one tunnel from wire_control 1
   D tunnel: mode 1 outer 216 inner [200]; StrToPath.string 200
   PASS D IndexMode 1 and inner wire == StrToPath.string wire 
   PASS D ExecState 1 after the route 1
   PASS D the scratch runs and returns with a two-element input 0.01 s

== BUILD
H1 loader default -> 23183 bytes
   PASS drop HARNESS_loadcal.vi [43]
   PASS drop IMAQ Create [44]
   PASS drop make both cosine bandpass.vi [45]
   PASS H2 'cross size' -> 'cross length' 125/125
   PASS drop PARALLEL_kernel_v3clean.vi [46]
   PASS H3 control 'x,y,z array' ['x,y,z array']
   PASS H3 control 'Bead is good? array in' ['Bead is good? array in']
   PASS H3 control 'pos in cal image in' ['pos in cal image in']
   PASS H3 control '4 pack remainder' ['4 pack remainder']
   PASS H3 control '# of bead 4 packs' ['# of bead 4 packs']
   PASS H3 the 5 controls survive by UID, terminals unwired 
   PASS H3 SubVI count -1 
   PASS H3 no pre-existing object lost set()
   H3 extra objects (the five controls and their parts): 5
   PASS drop Get Controls.vi [46]
   PASS H4 free String[] control 'Control Names'
   PASS L1 one For loop 
   PASS drop StrToPath.vi [47]
   PASS drop IMAQ ReadFile [48]
   PASS drop PARALLEL_kernel_v3clean.vi [49]
   PASS L3 exactly one tunnel from wire_control 1
   L3 tunnel: mode 1 outer 519 inner [503]; StrToPath.string 503
   PASS L3 IndexMode 1 and inner wire == StrToPath.string wire 
   PASS L4 'New Image' -> 'Image' across the border (one new non-indexed tunnel 531->506) a=531 b=506 new tunnels [(531, [506], 0, False, [True], 0, 0)]
   PASS L4 'path' -> 'File Path' 513/513
   PASS L4 'Image Out' -> 'Image In' 525/525
   L4 'Array of cal clusters': tunnel flipped to IndexMode 0 -> (550, [534], 0), sink wire now 534
   PASS L4 'Array of cal clusters' -> 'Array of cal clusters' across the border (one new non-indexed tunnel 550->534) a=550 b=534 new tunnels [(550, [534], 0, False, [True], 0, 0)]
   PASS L4 'cross size' -> 'cross size' across the border (one new non-indexed tunnel 560->537) a=560 b=537 new tunnels [(560, [537], 0, False, [True], 0, 0)]
   L4 'Cosine bandpass for Hilbert': tunnel flipped to IndexMode 0 -> (569, [451], 0), sink wire now 451
   PASS L4 'Cosine bandpass for Hilbert' -> 'Cosine bandpass\nfor Hilbert ' across the border (one new non-indexed tunnel 569->451) a=569 b=451 new tunnels [(569, [451], 0, False, [True], 0, 0)]
   L4 'Real-space cosine window': tunnel flipped to IndexMode 0 -> (579, [543], 0), sink wire now 543
   PASS L4 'Real-space cosine window' -> 'Real-space cosine window' across the border (one new non-indexed tunnel 579->543) a=579 b=543 new tunnels [(579, [543], 0, False, [True], 0, 0)]
   PASS L4 control '4 pack remainder' -> kernel 
   PASS L4 control '# of bead 4 packs' -> kernel 

OBSERVED EXC add_shift_reg: error 1055: Invoke Node in OpAddShiftReg_v0.vi

SUMMARY 37/38 PASS
   PASS drop Get Controls.vi
   PASS D free String[] control
   PASS drop StrToPath.vi
   PASS D exactly one tunnel from wire_control
   PASS D IndexMode 1 and inner wire == StrToPath.string wire
   PASS D ExecState 1 after the route
   PASS D the scratch runs and returns with a two-element input
   PASS drop HARNESS_loadcal.vi
   PASS drop IMAQ Create
   PASS drop make both cosine bandpass.vi
   PASS H2 'cross size' -> 'cross length'
   PASS drop PARALLEL_kernel_v3clean.vi
   PASS H3 control 'x,y,z array'
   PASS H3 control 'Bead is good? array in'
   PASS H3 control 'pos in cal image in'
   PASS H3 control '4 pack remainder'
   PASS H3 control '# of bead 4 packs'
   PASS H3 the 5 controls survive by UID, terminals unwired
   PASS H3 SubVI count -1
   PASS H3 no pre-existing object lost
   PASS drop Get Controls.vi
   PASS H4 free String[] control
   PASS L1 one For loop
   PASS drop StrToPath.vi
   PASS drop IMAQ ReadFile
   PASS drop PARALLEL_kernel_v3clean.vi
   PASS L3 exactly one tunnel from wire_control
   PASS L3 IndexMode 1 and inner wire == StrToPath.string wire
   PASS L4 'New Image' -> 'Image' across the border (one new non-indexed tunnel 531->506)
   PASS L4 'path' -> 'File Path'
   PASS L4 'Image Out' -> 'Image In'
   PASS L4 'Array of cal clusters' -> 'Array of cal clusters' across the border (one new non-indexed tunnel 550->534)
   PASS L4 'cross size' -> 'cross size' across the border (one new non-indexed tunnel 560->537)
   PASS L4 'Cosine bandpass for Hilbert' -> 'Cosine bandpass\nfor Hilbert ' across the border (one new non-indexed tunnel 569->451)
   PASS L4 'Real-space cosine window' -> 'Real-space cosine window' across the border (one new non-indexed tunnel 579->543)
   PASS L4 control '4 pack remainder' -> kernel
   PASS L4 control '# of bead 4 packs' -> kernel
   FAIL exception
BGRUN END rc=1 after 125s
BGRUN START 2026-09-15 00:55:48 limit 45.0 min: py -u tools/recipes/build_track_v6_core.py --n=200

== D scratch discriminator: tunnel wire-then-index route
   PASS drop Get Controls.vi [43]
   PASS D free String[] control 'Control Names'
   PASS drop StrToPath.vi [44]
   PASS D exactly one tunnel from wire_control 1
   D tunnel: mode 1 outer 216 inner [200]; StrToPath.string 200
   PASS D IndexMode 1 and inner wire == StrToPath.string wire 
   PASS D ExecState 1 after the route 1
   PASS D the scratch runs and returns with a two-element input 0.01 s

== BUILD
H1 loader default -> 23183 bytes
   PASS drop HARNESS_loadcal.vi [43]
   PASS drop IMAQ Create [44]
   PASS drop make both cosine bandpass.vi [45]
   PASS H2 'cross size' -> 'cross length' 125/125
   PASS drop PARALLEL_kernel_v3clean.vi [46]
   PASS H3 control 'x,y,z array' ['x,y,z array']
   PASS H3 control 'Bead is good? array in' ['Bead is good? array in']
   PASS H3 control 'pos in cal image in' ['pos in cal image in']
   PASS H3 control '4 pack remainder' ['4 pack remainder']
   PASS H3 control '# of bead 4 packs' ['# of bead 4 packs']
   PASS H3 the 5 controls survive by UID, terminals unwired 
   PASS H3 SubVI count -1 
   PASS H3 no pre-existing object lost set()
   H3 extra objects (the five controls and their parts): 5
   PASS drop Get Controls.vi [46]
   PASS H4 free String[] control 'Control Names'
   PASS L1 one For loop 
   PASS drop StrToPath.vi [47]
   PASS drop IMAQ ReadFile [48]
   PASS drop PARALLEL_kernel_v3clean.vi [49]
   PASS L3 exactly one tunnel from wire_control 1
   L3 tunnel: mode 1 outer 519 inner [503]; StrToPath.string 503
   PASS L3 IndexMode 1 and inner wire == StrToPath.string wire 
   PASS L4 'New Image' -> 'Image' across the border (one new non-indexed tunnel 531->506) a=531 b=506 new tunnels [(531, [506], 0, False, [True], 0, 0)]
   PASS L4 'path' -> 'File Path' 513/513
   PASS L4 'Image Out' -> 'Image In' 525/525
   L4 'Array of cal clusters': tunnel flipped to IndexMode 0 -> (550, [534], 0), sink wire now 534
   PASS L4 'Array of cal clusters' -> 'Array of cal clusters' across the border (one new non-indexed tunnel 550->534) a=550 b=534 new tunnels [(550, [534], 0, False, [True], 0, 0)]
   PASS L4 'cross size' -> 'cross size' across the border (one new non-indexed tunnel 560->537) a=560 b=537 new tunnels [(560, [537], 0, False, [True], 0, 0)]
   L4 'Cosine bandpass for Hilbert': tunnel flipped to IndexMode 0 -> (569, [451], 0), sink wire now 451
   PASS L4 'Cosine bandpass for Hilbert' -> 'Cosine bandpass\nfor Hilbert ' across the border (one new non-indexed tunnel 569->451) a=569 b=451 new tunnels [(569, [451], 0, False, [True], 0, 0)]
   L4 'Real-space cosine window': tunnel flipped to IndexMode 0 -> (579, [543], 0), sink wire now 543
   PASS L4 'Real-space cosine window' -> 'Real-space cosine window' across the border (one new non-indexed tunnel 579->543) a=579 b=543 new tunnels [(579, [543], 0, False, [True], 0, 0)]
   PASS L4 control '4 pack remainder' -> kernel 
   PASS L4 control '# of bead 4 packs' -> kernel 
   PASS R register 0: Shift Registers[] == before + {uid} [] -> [582] (+582)
   PASS R register 1: Shift Registers[] == before + {uid} [582] -> [582, 571] (+571)
   PASS R register 2: Shift Registers[] == before + {uid} [571, 582] -> [582, 571, 611] (+611)
   R register indices by UID: [0, 1, 2]
   PASS R reg 0 LeftOutCtl <- 'x,y,z array' (control terminal wired) 
   PASS R reg 0 LeftIn -> kernel 'x,y,z array' 
   PASS R reg 1 LeftOutCtl <- 'Bead is good? array in' (control terminal wired) 
   PASS R reg 1 LeftIn -> kernel 'Bead is good? array in' 
   PASS R reg 2 LeftOutCtl <- 'pos in cal image in' (control terminal wired) 
   PASS R reg 2 LeftIn -> kernel 'pos in cal image in' 
   PASS R three output tunnels 3
   PASS R output 'x,y,z array out' pairs with exactly ONE new tunnel, IndexMode 1 [643]
   PASS R output 'Bead is good? array out' pairs with exactly ONE new tunnel, IndexMode 1 [646]
   PASS R output 'pos in cal image out' pairs with exactly ONE new tunnel, IndexMode 1 [650]
   PASS R the three paired tunnels are distinct {'x,y,z array out': 643, 'Bead is good? array out': 646, 'pos in cal image out': 650}
   PASS R reg 0 RightIn <- kernel 'x,y,z array out' (still one wire uid) 
   PASS R reg 1 RightIn <- kernel 'Bead is good? array out' (still one wire uid) 
   PASS R reg 2 RightIn <- kernel 'pos in cal image out' (still one wire uid) 
   PASS O indicator for 'x,y,z array out' ['x,y,z array out']
   PASS O indicator for 'Bead is good? array out' ['Bead is good? array out']
   PASS O indicator for 'pos in cal image out' ['pos in cal image out']
   FAIL O ExecState 1 0

STOP at gate: O ExecState 1

SUMMARY 57/58 PASS
   PASS drop Get Controls.vi
   PASS D free String[] control
   PASS drop StrToPath.vi
   PASS D exactly one tunnel from wire_control
   PASS D IndexMode 1 and inner wire == StrToPath.string wire
   PASS D ExecState 1 after the route
   PASS D the scratch runs and returns with a two-element input
   PASS drop HARNESS_loadcal.vi
   PASS drop IMAQ Create
   PASS drop make both cosine bandpass.vi
   PASS H2 'cross size' -> 'cross length'
   PASS drop PARALLEL_kernel_v3clean.vi
   PASS H3 control 'x,y,z array'
   PASS H3 control 'Bead is good? array in'
   PASS H3 control 'pos in cal image in'
   PASS H3 control '4 pack remainder'
   PASS H3 control '# of bead 4 packs'
   PASS H3 the 5 controls survive by UID, terminals unwired
   PASS H3 SubVI count -1
   PASS H3 no pre-existing object lost
   PASS drop Get Controls.vi
   PASS H4 free String[] control
   PASS L1 one For loop
   PASS drop StrToPath.vi
   PASS drop IMAQ ReadFile
   PASS drop PARALLEL_kernel_v3clean.vi
   PASS L3 exactly one tunnel from wire_control
   PASS L3 IndexMode 1 and inner wire == StrToPath.string wire
   PASS L4 'New Image' -> 'Image' across the border (one new non-indexed tunnel 531->506)
   PASS L4 'path' -> 'File Path'
   PASS L4 'Image Out' -> 'Image In'
   PASS L4 'Array of cal clusters' -> 'Array of cal clusters' across the border (one new non-indexed tunnel 550->534)
   PASS L4 'cross size' -> 'cross size' across the border (one new non-indexed tunnel 560->537)
   PASS L4 'Cosine bandpass for Hilbert' -> 'Cosine bandpass\nfor Hilbert ' across the border (one new non-indexed tunnel 569->451)
   PASS L4 'Real-space cosine window' -> 'Real-space cosine window' across the border (one new non-indexed tunnel 579->543)
   PASS L4 control '4 pack remainder' -> kernel
   PASS L4 control '# of bead 4 packs' -> kernel
   PASS R register 0: Shift Registers[] == before + {uid}
   PASS R register 1: Shift Registers[] == before + {uid}
   PASS R register 2: Shift Registers[] == before + {uid}
   PASS R reg 0 LeftOutCtl <- 'x,y,z array' (control terminal wired)
   PASS R reg 0 LeftIn -> kernel 'x,y,z array'
   PASS R reg 1 LeftOutCtl <- 'Bead is good? array in' (control terminal wired)
   PASS R reg 1 LeftIn -> kernel 'Bead is good? array in'
   PASS R reg 2 LeftOutCtl <- 'pos in cal image in' (control terminal wired)
   PASS R reg 2 LeftIn -> kernel 'pos in cal image in'
   PASS R three output tunnels
   PASS R output 'x,y,z array out' pairs with exactly ONE new tunnel, IndexMode 1
   PASS R output 'Bead is good? array out' pairs with exactly ONE new tunnel, IndexMode 1
   PASS R output 'pos in cal image out' pairs with exactly ONE new tunnel, IndexMode 1
   PASS R the three paired tunnels are distinct
   PASS R reg 0 RightIn <- kernel 'x,y,z array out' (still one wire uid)
   PASS R reg 1 RightIn <- kernel 'Bead is good? array out' (still one wire uid)
   PASS R reg 2 RightIn <- kernel 'pos in cal image out' (still one wire uid)
   PASS O indicator for 'x,y,z array out'
   PASS O indicator for 'Bead is good? array out'
   PASS O indicator for 'pos in cal image out'
   FAIL O ExecState 1
BGRUN END rc=1 after 187s
BGRUN START 2026-09-15 01:02:23 limit 45.0 min: py -u tools/recipes/build_track_v6_core.py --n=200

== D scratch discriminator: tunnel wire-then-index route
   PASS drop Get Controls.vi [43]
   PASS D free String[] control 'Control Names'
   PASS drop StrToPath.vi [44]
   PASS D exactly one tunnel from wire_control 1
   D tunnel: mode 1 outer 216 inner [200]; StrToPath.string 200
   PASS D IndexMode 1 and inner wire == StrToPath.string wire 
   PASS D ExecState 1 after the route 1
   PASS D the scratch runs and returns with a two-element input 0.01 s

== BUILD
H1 loader default -> 23183 bytes
   PASS drop HARNESS_loadcal.vi [43]
   PASS drop IMAQ Create [44]
   PASS drop make both cosine bandpass.vi [45]
   PASS H2 'cross size' -> 'cross length' 125/125
   PASS H2 control 'Image Name' on IMAQ Create ['Image Name']
   PASS drop PARALLEL_kernel_v3clean.vi [46]
   PASS H3 control 'x,y,z array' ['x,y,z array']
   PASS H3 control 'Bead is good? array in' ['Bead is good? array in']
   PASS H3 control 'pos in cal image in' ['pos in cal image in']
   PASS H3 control '4 pack remainder' ['4 pack remainder']
   PASS H3 control '# of bead 4 packs' ['# of bead 4 packs']
   PASS H3 the 5 controls survive by UID, terminals unwired 
   PASS H3 SubVI count -1 
   PASS H3 no pre-existing object lost set()
   H3 extra objects (the five controls and their parts): 5
   PASS drop Get Controls.vi [46]
   PASS H4 free String[] control 'Control Names'
   PASS L1 one For loop 
   PASS drop StrToPath.vi [47]
   PASS drop IMAQ ReadFile [48]
   PASS drop PARALLEL_kernel_v3clean.vi [49]
   PASS L3 exactly one tunnel from wire_control 1
   L3 tunnel: mode 1 outer 537 inner [521]; StrToPath.string 521
   PASS L3 IndexMode 1 and inner wire == StrToPath.string wire 
   PASS L4 'New Image' -> 'Image' across the border (one new non-indexed tunnel 549->524) a=549 b=524 new tunnels [(549, [524], 0, False, [True], 0, 0)]
   PASS L4 'path' -> 'File Path' 531/531
   PASS L4 'Image Out' -> 'Image In' 543/543
   L4 'Array of cal clusters': tunnel flipped to IndexMode 0 -> (568, [552], 0), sink wire now 552
   PASS L4 'Array of cal clusters' -> 'Array of cal clusters' across the border (one new non-indexed tunnel 568->552) a=568 b=552 new tunnels [(568, [552], 0, False, [True], 0, 0)]
   PASS L4 'cross size' -> 'cross size' across the border (one new non-indexed tunnel 578->555) a=578 b=555 new tunnels [(578, [555], 0, False, [True], 0, 0)]
   L4 'Cosine bandpass for Hilbert': tunnel flipped to IndexMode 0 -> (587, [469], 0), sink wire now 469
   PASS L4 'Cosine bandpass for Hilbert' -> 'Cosine bandpass\nfor Hilbert ' across the border (one new non-indexed tunnel 587->469) a=587 b=469 new tunnels [(587, [469], 0, False, [True], 0, 0)]
   L4 'Real-space cosine window': tunnel flipped to IndexMode 0 -> (597, [561], 0), sink wire now 561
   PASS L4 'Real-space cosine window' -> 'Real-space cosine window' across the border (one new non-indexed tunnel 597->561) a=597 b=561 new tunnels [(597, [561], 0, False, [True], 0, 0)]
   PASS L4 control '4 pack remainder' -> kernel 
   PASS L4 control '# of bead 4 packs' -> kernel 
   PASS R register 0: Shift Registers[] == before + {uid} [] -> [600] (+600)
   PASS R register 1: Shift Registers[] == before + {uid} [600] -> [600, 589] (+589)
   PASS R register 2: Shift Registers[] == before + {uid} [589, 600] -> [600, 589, 629] (+629)
   R register indices by UID: [0, 1, 2]
   PASS R reg 0 LeftOutCtl <- 'x,y,z array' (control terminal wired) 
   PASS R reg 0 LeftIn -> kernel 'x,y,z array' 
   PASS R reg 1 LeftOutCtl <- 'Bead is good? array in' (control terminal wired) 
   PASS R reg 1 LeftIn -> kernel 'Bead is good? array in' 
   PASS R reg 2 LeftOutCtl <- 'pos in cal image in' (control terminal wired) 
   PASS R reg 2 LeftIn -> kernel 'pos in cal image in' 
   PASS R three output tunnels 3
   PASS R output 'x,y,z array out' pairs with exactly ONE new tunnel, IndexMode 1 [661]
   PASS R output 'Bead is good? array out' pairs with exactly ONE new tunnel, IndexMode 1 [664]
   PASS R output 'pos in cal image out' pairs with exactly ONE new tunnel, IndexMode 1 [668]
   PASS R the three paired tunnels are distinct {'x,y,z array out': 661, 'Bead is good? array out': 664, 'pos in cal image out': 668}
   PASS R reg 0 RightIn <- kernel 'x,y,z array out' (still one wire uid) 
   PASS R reg 1 RightIn <- kernel 'Bead is good? array out' (still one wire uid) 
   PASS R reg 2 RightIn <- kernel 'pos in cal image out' (still one wire uid) 
   PASS O indicator for 'x,y,z array out' ['x,y,z array out']
   PASS O indicator for 'Bead is good? array out' ['Bead is good? array out']
   PASS O indicator for 'pos in cal image out' ['pos in cal image out']
   PASS O ExecState 1 1
   SAVED; labels {'image_name': 'Image Name', 'x,y,z array': 'x,y,z array', 'Bead is good? array in': 'Bead is good? array in', 'pos in cal image in': 'pos in cal image in', '4 pack remainder': '4 pack remainder', '# of bead 4 packs': '# of bead 4 packs', 'frame_paths': 'Control Names', 'xyz': 'x,y,z array out', 'good': 'Bead is good? array out', 'pos': 'pos in cal image out'}
   PASS T reference session loaded 2026-09-07 16:00:38

== T1 fixture run: 1 frames
   set 0.00 s; run 0.0 s (18.0 ms/frame); get 0.02 s; rows [1, 1, 1]
   PASS T1 one row per frame for XYZ/GOOD/POS 
   PASS T1 row widths match the reference 15/15 5/5 5/5
   pre-loss frames: identical 1, different 0; first difference None; post-loss worst |dxyz| 0.0 at None
   PASS T1 XYZ/GOOD/POS bit-identical to the reference before the first lost bead 

== T2 fixture run: 2 frames
   set 0.00 s; run 0.0 s (10.5 ms/frame); get 0.02 s; rows [2, 2, 2]
   PASS T2 one row per frame for XYZ/GOOD/POS 
   PASS T2 row widths match the reference 15/15 5/5 5/5
   pre-loss frames: identical 2, different 0; first difference None; post-loss worst |dxyz| 0.0 at None
   PASS T2 XYZ/GOOD/POS bit-identical to the reference before the first lost bead 

== T200 fixture run: 200 frames
   set 0.00 s; run 1.2 s (6.1 ms/frame); get 0.02 s; rows [200, 200, 200]
   PASS T200 one row per frame for XYZ/GOOD/POS 
   PASS T200 row widths match the reference 15/15 5/5 5/5
   pre-loss frames: identical 200, different 0; first difference None; post-loss worst |dxyz| 0.0 at None
   PASS T200 XYZ/GOOD/POS bit-identical to the reference before the first lost bead 

SUMMARY 69/69 PASS
   PASS drop Get Controls.vi
   PASS D free String[] control
   PASS drop StrToPath.vi
   PASS D exactly one tunnel from wire_control
   PASS D IndexMode 1 and inner wire == StrToPath.string wire
   PASS D ExecState 1 after the route
   PASS D the scratch runs and returns with a two-element input
   PASS drop HARNESS_loadcal.vi
   PASS drop IMAQ Create
   PASS drop make both cosine bandpass.vi
   PASS H2 'cross size' -> 'cross length'
   PASS H2 control 'Image Name' on IMAQ Create
   PASS drop PARALLEL_kernel_v3clean.vi
   PASS H3 control 'x,y,z array'
   PASS H3 control 'Bead is good? array in'
   PASS H3 control 'pos in cal image in'
   PASS H3 control '4 pack remainder'
   PASS H3 control '# of bead 4 packs'
   PASS H3 the 5 controls survive by UID, terminals unwired
   PASS H3 SubVI count -1
   PASS H3 no pre-existing object lost
   PASS drop Get Controls.vi
   PASS H4 free String[] control
   PASS L1 one For loop
   PASS drop StrToPath.vi
   PASS drop IMAQ ReadFile
   PASS drop PARALLEL_kernel_v3clean.vi
   PASS L3 exactly one tunnel from wire_control
   PASS L3 IndexMode 1 and inner wire == StrToPath.string wire
   PASS L4 'New Image' -> 'Image' across the border (one new non-indexed tunnel 549->524)
   PASS L4 'path' -> 'File Path'
   PASS L4 'Image Out' -> 'Image In'
   PASS L4 'Array of cal clusters' -> 'Array of cal clusters' across the border (one new non-indexed tunnel 568->552)
   PASS L4 'cross size' -> 'cross size' across the border (one new non-indexed tunnel 578->555)
   PASS L4 'Cosine bandpass for Hilbert' -> 'Cosine bandpass\nfor Hilbert ' across the border (one new non-indexed tunnel 587->469)
   PASS L4 'Real-space cosine window' -> 'Real-space cosine window' across the border (one new non-indexed tunnel 597->561)
   PASS L4 control '4 pack remainder' -> kernel
   PASS L4 control '# of bead 4 packs' -> kernel
   PASS R register 0: Shift Registers[] == before + {uid}
   PASS R register 1: Shift Registers[] == before + {uid}
   PASS R register 2: Shift Registers[] == before + {uid}
   PASS R reg 0 LeftOutCtl <- 'x,y,z array' (control terminal wired)
   PASS R reg 0 LeftIn -> kernel 'x,y,z array'
   PASS R reg 1 LeftOutCtl <- 'Bead is good? array in' (control terminal wired)
   PASS R reg 1 LeftIn -> kernel 'Bead is good? array in'
   PASS R reg 2 LeftOutCtl <- 'pos in cal image in' (control terminal wired)
   PASS R reg 2 LeftIn -> kernel 'pos in cal image in'
   PASS R three output tunnels
   PASS R output 'x,y,z array out' pairs with exactly ONE new tunnel, IndexMode 1
   PASS R output 'Bead is good? array out' pairs with exactly ONE new tunnel, IndexMode 1
   PASS R output 'pos in cal image out' pairs with exactly ONE new tunnel, IndexMode 1
   PASS R the three paired tunnels are distinct
   PASS R reg 0 RightIn <- kernel 'x,y,z array out' (still one wire uid)
   PASS R reg 1 RightIn <- kernel 'Bead is good? array out' (still one wire uid)
   PASS R reg 2 RightIn <- kernel 'pos in cal image out' (still one wire uid)
   PASS O indicator for 'x,y,z array out'
   PASS O indicator for 'Bead is good? array out'
   PASS O indicator for 'pos in cal image out'
   PASS O ExecState 1
   PASS T reference session loaded
   PASS T1 one row per frame for XYZ/GOOD/POS
   PASS T1 row widths match the reference
   PASS T1 XYZ/GOOD/POS bit-identical to the reference before the first lost bead
   PASS T2 one row per frame for XYZ/GOOD/POS
   PASS T2 row widths match the reference
   PASS T2 XYZ/GOOD/POS bit-identical to the reference before the first lost bead
   PASS T200 one row per frame for XYZ/GOOD/POS
   PASS T200 row widths match the reference
   PASS T200 XYZ/GOOD/POS bit-identical to the reference before the first lost bead
BGRUN END rc=0 after 206s
