BGRUN START 2026-09-09 11:54:45 limit 25.0 min: py -u tools/recipes/build_harness_gpu2.py
base cleared: nodes 0 ExecState 1

== drop IMAQ Create
   predict: +1
   observed: 6

== drop IMAQ ReadFile
   predict: +1
   observed: 8

== drop IMAQ GetImagePixelPtr
   predict: +1
   observed: 9

== C.New Image -> R.Image
   predict: +1
   observed: 1

== R.Image Out -> P.Image
   predict: +1
   observed: 2

== C.error out -> R.error in
   predict: +1
   observed: 3

== R.error out -> P.error in
   predict: +1
   observed: 4

== build_clfn mt2_track_simple (15 params)
   predict: +1 CallLibrary, 30 terms, no errors
   observed: (11, 30, ((False, 0, ''), (False, 0, '')))

== P.Pixel Pointer out -> CLFN.pixel_ptr
   predict: +1
   observed: 5

== P.LineWidth(Pixels) -> CLFN.line_width_bytes
   predict: +1
   observed: 6
   control 'Image Name': 'error in (no error)'
STOP: control label mismatch
BGRUN END rc=4 after 5s
BGRUN START 2026-09-09 11:55:51 limit 25.0 min: py -u tools/recipes/build_harness_gpu2.py
base cleared: nodes 0 ExecState 1

== drop IMAQ Create
   predict: +1
   observed: 6

== drop IMAQ ReadFile
   predict: +1
   observed: 8

== drop IMAQ GetImagePixelPtr
   predict: +1
   observed: 9

== C.New Image -> R.Image
   predict: +1
   observed: 1

== R.Image Out -> P.Image
   predict: +1
   observed: 2

== C.error out -> R.error in
   predict: +1
   observed: 3

== R.error out -> P.error in
   predict: +1
   observed: 4

== build_clfn mt2_track_simple (15 params)
   predict: +1 CallLibrary, 30 terms, no errors
   observed: (11, 30, ((False, 0, ''), (False, 0, '')))
   RANK {6: 0, 8: 1, 9: 2, 11: 3} nodes 4

== P.Pixel Pointer out -> CLFN.pixel_ptr
   predict: +1
   observed: 5

== P.LineWidth(Pixels) -> CLFN.line_width_bytes
   predict: +1
   observed: 6
   control 'Image Name': 'Image Name'
   control 'File Path': 'File Path'
   P error out indicator: error out
   CLFN t0: (wired or none)
   CLFN t1: (wired or none)
   CLFN t2: control 'error in (no error)'
   CLFN t3: indicator 'error out 2'
   CLFN t4: control 'Numeric'
   CLFN t5: indicator 'Numeric 2'
   CLFN t6: control 'cal_path'
   CLFN t7: indicator 'cal_path 2'
   CLFN t8: indicator 'pixel_ptr'
   CLFN t9: (wired or none)
   CLFN t10: indicator 'line_width_bytes'
   CLFN t11: (wired or none)
   CLFN t12: control 'width'
   CLFN t13: indicator 'width 2'
   CLFN t14: control 'height'
   CLFN t15: indicator 'height 2'
   CLFN t16: control 'nb'
   CLFN t17: indicator 'nb 2'
   CLFN t18: control 'xyz_in'
   CLFN t19: indicator 'xyz_in 2'
   CLFN t20: control 'good_in'
   CLFN t21: indicator 'good_in 2'
   CLFN t22: control 'xyz_out'
   CLFN t23: indicator 'xyz_out 2'
   CLFN t24: control 'idx_out'
   CLFN t25: indicator 'idx_out 2'
   CLFN t26: control 'good_out'
   CLFN t27: indicator 'good_out 2'
   CLFN t28: control 'status'
   CLFN t29: indicator 'status 2'
   CLFN t30: control 'status_len'
   CLFN t31: indicator 'status_len 2'
   CLFN t32: control 'flags'
   CLFN t33: indicator 'flags 2'
   CLFN t34: (wired or none)
   CLFN t35: (wired or none)
   CLFN t36: (wired or none)

assembled: nodes 4 wires 39 ExecState 0 
CONTROLS {'Image Name': 'Image Name', 'File Path': 'File Path', 'error in (no error)': 2, 'Numeric': 4, 'cal_path': 6, 'width': 12, 'height': 14, 'nb': 16, 'xyz_in': 18, 'good_in': 20, 'xyz_out': 22, 'idx_out': 24, 'good_out': 26, 'status': 28, 'status_len': 30, 'flags': 32} 
OUTPUTS {'error out': 'error out', 'error out 2': 3, 'Numeric 2': 5, 'cal_path 2': 7, 'pixel_ptr': 8, 'line_width_bytes': 10, 'width 2': 13, 'height 2': 15, 'nb 2': 17, 'xyz_in 2': 19, 'good_in 2': 21, 'xyz_out 2': 23, 'idx_out 2': 25, 'good_out 2': 27, 'status 2': 29, 'status_len 2': 31, 'flags 2': 33}
STOP: broken or missing controls [] - NOT saving
BGRUN END rc=5 after 509s
BGRUN START 2026-09-09 12:05:30 limit 25.0 min: py -u tools/recipes/build_harness_gpu2.py
base cleared: nodes 0 ExecState 1

== drop IMAQ Create
   predict: +1
   observed: 6

== drop IMAQ ReadFile
   predict: +1
   observed: 8

== drop IMAQ GetImagePixelPtr
   predict: +1
   observed: 9

== C.New Image -> R.Image
   predict: +1
   observed: 1

== R.Image Out -> P.Image
   predict: +1
   observed: 2

== C.error out -> R.error in
   predict: +1
   observed: 3

== R.error out -> P.error in
   predict: +1
   observed: 4

== build_clfn mt2_track_simple (15 params)
   predict: +1 CallLibrary, 30 terms, no errors
   observed: (11, 30, ((False, 0, ''), (False, 0, '')))
   RANK {6: 0, 8: 1, 9: 2, 11: 3} nodes 4

== P.Pixel Pointer out -> CLFN.pixel_ptr
   predict: +1
   observed: 5

== P.LineWidth(Pixels) -> CLFN.line_width_bytes
   predict: +1
   observed: 6
   control 'Image Name': 'Image Name'
   control 'File Path': 'File Path'
   P error out indicator: error out
