BGRUN START 2026-09-22 07:56:11 limit 50.0 min: py -u tools/recipes/build_d1_m3a3.py
====================================================================================================
=== build_d1_m3a3  20260922_075611  - STAGE M3a-3, THE TWO DOWNSTREAM CONSUMERS (Pre-decided 104-108)
=== THE ARTEFACT THIS RUN SAVES IS **NOT COMPUTATION-EQUIVALENT TO THE ORIGINAL**, IS BROKEN BY DESIGN AND IS NEVER RUN (34(f), Pre-decided 97).
====================================================================================================

---------- [0] FILES ONLY, ZERO LabVIEW - the md5 pins BEFORE, then the MANDATORY pre-batch restart
  FACT  LabVIEW handles BEFORE: 34167 (fresh-instance baseline ~31,500; STATUS records ~34,000 at the previous session's exit and the pre-batch restart below is MANDATORY - 44(e), Pre-decided 100 SS7)
  FACT  H INPUT the M3a-2 artefact BEFORE: HASH C:\Program Files\National Instruments\LabVIEW 2026\user.lib\claudeDev\D1_s3b_m3a2_20260922_023029.vi | exists=1 | size=303823 | md5=3842f5e6f128226235dc78353f26ef44 | sha256=40fd8b1eedcdf2812a3381bd68f1786849cf7f0b5ba15a485a71366426b6bd7f
  PASS  H1 the input artefact's md5 == its pin 3842f5e6  '3842f5e6f128226235dc78353f26ef44'
  FACT  H ORIGINAL BEFORE: HASH G:\Codes\LabVIEW_Codes\MinLab\zz_LabView VI\AAA_UNIST\2. Tracking\Min_Track N beads V6_ParallelLoop.vi | exists=1 | size=473317 | md5=2a78e17c449cacdaf5da389818526859 | sha256=f827a67e91cc2a51284cdce0ada5d34ecf89cf865bca5f0bdfa870f0020df4bb
  PASS  H3 ORIGINAL md5 == its pin 2a78e17c  '2a78e17c449cacdaf5da389818526859'
  FACT  H S1 D1_s1_copy BEFORE: HASH C:\Program Files\National Instruments\LabVIEW 2026\user.lib\claudeDev\D1_s1_copy.vi | exists=1 | size=474202 | md5=3e3d23cefd3a334001aa9d6156bf1aee | sha256=1ab3360021cb04f03e8fe4a503d1972aefa26a34ed5b8fd9393ec6899330e0f7
  PASS  H3 S1 D1_s1_copy md5 == its pin 3e3d23ce  '3e3d23cefd3a334001aa9d6156bf1aee'
  FACT  H S2 D1_s2_loops BEFORE: HASH C:\Program Files\National Instruments\LabVIEW 2026\user.lib\claudeDev\D1_s2_loops.vi | exists=1 | size=475707 | md5=6ff19497f2309e007a214660bb64b911 | sha256=d52e754e29a85e9cc3ddeb039f6c5e325c9094c5e1f8c944059d4a5f7b33c3f5
  PASS  H3 S2 D1_s2_loops md5 == its pin 6ff19497  '6ff19497f2309e007a214660bb64b911'
  FACT  H THE BED BEFORE: HASH C:\Program Files\National Instruments\LabVIEW 2026\user.lib\claudeDev\D1_s3b_row2_20260921_160311.vi | exists=1 | size=476759 | md5=26c54ff784cb5cea21edbd214d2cc3a0 | sha256=17b63cb1c83d5f4a50285ced08b1ecc5a65605979b17ee798b1228f7017d275d
  PASS  H3 THE BED md5 == its pin 26c54ff7  '26c54ff784cb5cea21edbd214d2cc3a0'
  FACT  H TOOL gscript.py BEFORE: HASH G:\Codes\LabVIEW_Codes\MinLab\zz_LabView VI\AAA_UNIST\2. Tracking\V6_ParallelLoop\tools\gscript.py | exists=1 | size=165697 | md5=df6ccfe2e7d391a991a602d1a43be5d5 | sha256=028291dbf82bf35dabbcbfc5d6fdeb39b81a1875d3b170c8f5d754479eb99f34
  FACT  H TOOL c60c_astcheck.py BEFORE: HASH G:\Codes\LabVIEW_Codes\MinLab\zz_LabView VI\AAA_UNIST\2. Tracking\V6_ParallelLoop\tools\bench\c60c_astcheck.py | exists=1 | size=22581 | md5=6bef719582cbaaf13dc6d7b81e780cb8 | sha256=ad683735761eb1ccb5a6f67561df683017ebd480540f1fcec959174f6ef2af7a
  FACT  [0] CITED, NOT RE-MEASURED (Pre-decided 108 / prior-art B4): the OLD loop #637 register table and both consumer nets stand at `tools/bench/diag_c73_m3a2_rows.log:43-44,:67-71,:82-87` and `tools/bench/diag_c75_m3a3_rows.log` / `diag_c75b_loopterms.log`. #4256 OUTER = 'position [internal units]' on wire 4859 ; #4334 OUTER = 'Outgoing Handle' on wire 7506. THIS IS THE TRANSPOSE OF STATUS NEXT's SENTENCE and it is the machine's reading (Pre-decided 104).
  FACT  [0] pre-batch LabVIEW restart (44(e)): lv_restart rc=0 ['dialogs: ,1346,762| / ENABLED|38143542|0,0,0,0|LabVIEW / VERDICT: clear (no modal dialog)']
  FACT  LabVIEW handles AFTER the restart: 30675

---------- [1] THE TARGET IS A COPY OF THE INPUT - the input is never opened, never edited, never run
  FACT  [1] the target, straight after the copy: HASH C:\Program Files\National Instruments\LabVIEW 2026\user.lib\claudeDev\D1_s3b_m3a3_20260922_075611.vi | exists=1 | size=303823 | md5=3842f5e6f128226235dc78353f26ef44 | sha256=40fd8b1eedcdf2812a3381bd68f1786849cf7f0b5ba15a485a71366426b6bd7f
  PASS  H4 the target starts byte-identical to the input artefact  '3842f5e6f128226235dc78353f26ef44' vs '3842f5e6f128226235dc78353f26ef44'
  FACT  [1] the target is D1_s3b_m3a3_20260922_075611.vi - the STAGE'S OWN OUTPUT NAME; every edit below is made on THIS file
  FACT  [1] ensure_loaded(target) took 1.4 s (edits are SILENTLY DECLINED on a target that is not fully loaded - gscript.py:764)
  FACT  ExecState [01 [1] the target, COLD] = 0   (+69.0 s, read cost 1.13 s) - NEVER a criterion, NEVER a discriminator (Pre-decided 89/97)
  FACT  [1] COLD counts: {'Node': 634, 'Wire': 1920, 'LoopTunnel': 138, 'Tunnel': 478, 'LeftShiftRegister': 38, 'RightShiftRegister': 38}
  FACT  [1] Diagram #686 -> traverse index 19 (expected 19 - diag_c75b_loopterms.log)

---------- [P0] ROW D's SINK - FlatSequenceInnerTunnel #7468, via the owning FlatSequence #681's terminal table (Pre-decided 107)
  FACT  [P0] PREDICTION (written before the read): the terminal carrying wire 7506 appears EXACTLY ONCE on FlatSequence #681's terminal table, and that (diagram, node, terminal) triple is Row D's sink
  FACT  [P0] `diag_c75_m3a3_rows.log` M5(d) already measured that #7468 is in NO diagram's Nodes[] (174 scanned), so the Nodes[] route for the TUNNEL ITSELF is known not to exist; the route that does exist is its OWNING STRUCTURE NODE's terminal table (Pre-decided 72).
  FACT  [P0] FlatSequence #681 #681 lives at: None  (173 diagram(s) scanned of 173, 18.1 s)
  FACT  [P0] FlatSequence #681 #681 LIVE: Diagram idx None (uid #None), Nodes[None], label None, uid echo None, 0 terminal(s)
  FACT  [P0] FAILED PREDICTION - FlatSequence #681 did not resolve to a readable Nodes[] terminal table (nodes_index None, 0 terminal(s))
  FAIL  P0 ROW D's SINK RESOLVED - wire 7506 appears EXACTLY ONCE on FlatSequence #681's terminal table (the PREDICTION, written before the read)  FAILED PREDICTION - FlatSequence #681 did not resolve to a readable Nodes[] terminal table (nodes_index None, 0 terminal(s))

---------- [ROW C POS] delete wire 4859, then NEW register #23895 OUTER -> #7202 t0 'Focus position'
  FACT  [ROW C POS] WHY: wire 4859 carries POSITION out of the OLD loop into `Global #7202 'Global motor pos.vi'` t0 'Focus position'. The value must come from the NEW loop's position register #23895 or the global keeps reading a loop the restructure is replacing (rule 1a, Pre-decided 69).
  FACT  [ROW C POS] BEFORE - the net about to be CUT (wire 4859) OpWireSource_v5(UID 2 = 4859): 3 row(s), 2 with a REAL owner
  FACT      [ROW C POS] BEFORE - the net about to be CUT (wire 4859)   t0  is_source=True  owner_class='RightShiftRegister'       owner_uid=4256    recip=4859
  FACT      [ROW C POS] BEFORE - the net about to be CUT (wire 4859)   t1  is_source=False owner_class='Global'                   owner_uid=7202    recip=4859
  FACT      [ROW C POS] BEFORE - the net about to be CUT (wire 4859)   t2  is_source=None  owner_class=None                       owner_uid=None    recip=None  READ ERROR errO=error 1055: Property Node in OpWireSource_v5.vi; errU=error 1055: Property Node in OpWireSource_v5.vi; errG=error 1055: Property Node in OpWireSource_v5.vi; errS=error 1055: Property Node in OpWireSource_v5.vi; errWU=error 1055: Property Node in OpWireSource_v5.vi; errCO=error 1055: Property Node in OpWireSource_v5.vi
  FACT  [ROW C POS] BEFORE - the net about to be CUT (wire 4859) PD85 PRECONDITION: 2 real-owner row(s), 0 violate recip==queried_uid
  FACT  [ROW C POS] SINK #7202 #7202 lives at: {'diagram_index': 19, 'diagram_uid': 686, 'diagram_class': 'Diagram', 'nodes_index': 8, 'nodes_on_diagram': 26, 'label': 'Global motor pos.vi'}  (1 diagram(s) scanned of 173, 0.2 s)
  FACT  [ROW C POS] SINK #7202 terminal table of #7202 (Diagram idx 19, Nodes[8], echo 7202): 1 terminal(s)
  FACT      [ROW C POS] SINK #7202 t0  'Focus position'                   is_source=False wire=4859    errs=[0, 0, 0, 0]
  FACT  [ROW C POS] SINK #7202 #7202 LIVE: Diagram idx 19 (uid #686), Nodes[8], label 'Global motor pos.vi', uid echo 7202, 1 terminal(s)
  FACT  [ROW C POS] SINK #7202 terminal table: [(0, 'Focus position', False, 4859, 'WIRED')]
  FACT  [ROW C POS] SINK RESOLVED LIVE: (Diagram idx 19, Nodes[8], Terminals[0]) name 'Focus position' is_source False carrying wire 4859 ; expectation Nodes[8].T[0], match True
  FACT  [ROW C POS] SOURCE border #23032 #23032 lives at: {'diagram_index': 19, 'diagram_uid': 686, 'diagram_class': 'Diagram', 'nodes_index': 21, 'nodes_on_diagram': 26, 'label': 'While Loop'}  (1 diagram(s) scanned of 173, 0.2 s)
  FACT  [ROW C POS] SOURCE border #23032 terminal table of #23032 (Diagram idx 19, Nodes[21], echo 23032): 7 terminal(s)
  FACT      [ROW C POS] SOURCE border #23032 t0  ''                                 is_source=False wire=23519   errs=[0, 0, 0, 0]
  FACT      [ROW C POS] SOURCE border #23032 t1  'Outgoing Handle'                  is_source=True  wire=0       errs=[0, 0, 0, 1055]
  FACT      [ROW C POS] SOURCE border #23032 t2  'Outgoing Handle'                  is_source=False wire=4185    errs=[0, 0, 0, 0]
  FACT      [ROW C POS] SOURCE border #23032 t3  'Out position'                     is_source=True  wire=0       errs=[0, 0, 0, 1055]
  FACT      [ROW C POS] SOURCE border #23032 t4  'Out position'                     is_source=False wire=3968    errs=[0, 0, 0, 0]
  FACT      [ROW C POS] SOURCE border #23032 t5  '# slices in stack'                is_source=False wire=24077   errs=[0, 0, 0, 0]
  FACT      [ROW C POS] SOURCE border #23032 t6  'position [internal units]'        is_source=True  wire=24130   errs=[0, 0, 0, 0]
  FACT  [ROW C POS] SOURCE border #23032 #23032 LIVE: Diagram idx 19 (uid #686), Nodes[21], label 'While Loop', uid echo 23032, 7 terminal(s)
  FACT  [ROW C POS] SOURCE the loop border #23032 terminal table: [(0, '', False, 23519, 'WIRED'), (1, 'Outgoing Handle', True, 0, 'BARE'), (2, 'Outgoing Handle', False, 4185, 'WIRED'), (3, 'Out position', True, 0, 'BARE'), (4, 'Out position', False, 3968, 'WIRED'), (5, '# slices in stack', False, 24077, 'WIRED'), (6, 'position [internal units]', True, 24130, 'WIRED')]
  FACT  [ROW C POS] SOURCE RESOLVED LIVE: (Diagram idx 19, Nodes[21] = loop #23032, Terminals[3]) name 'Out position' is_source True state BARE ; the EXPECTATION from diag_c75b_loopterms.log is t3, match True - an OUTPUT, never a criterion, and never carried from a census
  FACT  [ROW C POS] before the delete node census: 634 rows
  FACT  [ROW C POS] baselines before the delete: {'Wire': 1920, 'LoopTunnel': 138, 'Tunnel': 478}
  FACT  [ROW C POS] cut delete Wire #4859 at index 821: gone [4859], error '', census 1920 -> 1919, still present False (3.28 s)
  PASS  [ROW C POS] THE DELETE of wire 4859 was made by the machine  {'index': 821, 'gone': [4859], 'error_verbatim': '', 'result': None}
  FACT  [ROW C POS] sink AFTER THE DELETE, BEFORE THE REBUILD #7202 LIVE: Diagram idx 19 (uid #686), Nodes[8], label 'Global motor pos.vi', uid echo 7202, 1 terminal(s)
  FACT  [ROW C POS] the sink terminal AFTER THE DELETE, BEFORE THE REBUILD (BY NAME (unique among the node's sink rows)): Nodes[8].Terminals[0] (stored 0 ; moved False), name 'Focus position', carries wire 0, state 'BARE'
  FACT  [ROW C POS] the OLD source #4256's OUTER terminal is now a BARE SOURCE - legal LabVIEW (Pre-decided 69); the sink terminal reads wire 0, state 'BARE'
  FACT  [ROW C POS] post-delete SINK #7202 #7202 lives at: {'diagram_index': 19, 'diagram_uid': 686, 'diagram_class': 'Diagram', 'nodes_index': 8, 'nodes_on_diagram': 26, 'label': 'Global motor pos.vi'}  (1 diagram(s) scanned of 173, 0.2 s)
  FACT  [ROW C POS] post-delete SINK #7202 terminal table of #7202 (Diagram idx 19, Nodes[8], echo 7202): 1 terminal(s)
  FACT      [ROW C POS] post-delete SINK #7202 t0  'Focus position'                   is_source=False wire=0       errs=[0, 0, 0, 1055]
  FACT  [ROW C POS] post-delete SINK #7202 #7202 LIVE: Diagram idx 19 (uid #686), Nodes[8], label 'Global motor pos.vi', uid echo 7202, 1 terminal(s)
  FACT  [ROW C POS] post-delete SINK #7202 terminal table: [(0, 'Focus position', False, 0, 'BARE')]
  FACT  [ROW C POS] post-delete SINK RESOLVED LIVE: (Diagram idx 19, Nodes[8], Terminals[0]) name 'Focus position' is_source False carrying wire 0 ; expectation Nodes[8].T[0], match True
  FACT  [ROW C POS] post-delete SOURCE border #23032 #23032 lives at: {'diagram_index': 19, 'diagram_uid': 686, 'diagram_class': 'Diagram', 'nodes_index': 21, 'nodes_on_diagram': 26, 'label': 'While Loop'}  (1 diagram(s) scanned of 173, 0.2 s)
  FACT  [ROW C POS] post-delete SOURCE border #23032 terminal table of #23032 (Diagram idx 19, Nodes[21], echo 23032): 7 terminal(s)
  FACT      [ROW C POS] post-delete SOURCE border #23032 t0  ''                                 is_source=False wire=23519   errs=[0, 0, 0, 0]
  FACT      [ROW C POS] post-delete SOURCE border #23032 t1  'Outgoing Handle'                  is_source=True  wire=0       errs=[0, 0, 0, 1055]
  FACT      [ROW C POS] post-delete SOURCE border #23032 t2  'Outgoing Handle'                  is_source=False wire=4185    errs=[0, 0, 0, 0]
  FACT      [ROW C POS] post-delete SOURCE border #23032 t3  'Out position'                     is_source=True  wire=0       errs=[0, 0, 0, 1055]
  FACT      [ROW C POS] post-delete SOURCE border #23032 t4  'Out position'                     is_source=False wire=3968    errs=[0, 0, 0, 0]
  FACT      [ROW C POS] post-delete SOURCE border #23032 t5  '# slices in stack'                is_source=False wire=24077   errs=[0, 0, 0, 0]
  FACT      [ROW C POS] post-delete SOURCE border #23032 t6  'position [internal units]'        is_source=True  wire=24130   errs=[0, 0, 0, 0]
  FACT  [ROW C POS] post-delete SOURCE border #23032 #23032 LIVE: Diagram idx 19 (uid #686), Nodes[21], label 'While Loop', uid echo 23032, 7 terminal(s)
  FACT  [ROW C POS] post-delete SOURCE the loop border #23032 terminal table: [(0, '', False, 23519, 'WIRED'), (1, 'Outgoing Handle', True, 0, 'BARE'), (2, 'Outgoing Handle', False, 4185, 'WIRED'), (3, 'Out position', True, 0, 'BARE'), (4, 'Out position', False, 3968, 'WIRED'), (5, '# slices in stack', False, 24077, 'WIRED'), (6, 'position [internal units]', True, 24130, 'WIRED')]
  FACT  [ROW C POS] post-delete SOURCE RESOLVED LIVE: (Diagram idx 19, Nodes[21] = loop #23032, Terminals[3]) name 'Out position' is_source True state BARE ; the EXPECTATION from diag_c75b_loopterms.log is t3, match True - an OUTPUT, never a criterion, and never carried from a census
  FACT  OUR-CODE DEFECT at [ROW C POS] connect_nested_v2(sink D[19].N[8].T[0] <- src D[19].N[21].T[3]): com_error: (-2147352567, '??? ??????.', (5507, 'LabVIEW', 'LabVIEW: (Hex 0x7) File not found. The file might be in a different location or deleted. Use the command prompt or the file explorer to verify that the path is correct.', None, 0, 0), None)  RAISED AT <COMObject LabVIEW.Application>:2 in GetVIReference() - a BUG IN THIS SCRIPT; the machine refused NOTHING here (Pre-decided 100 SS2); counted by H9, never by H8.
  FACT  [ROW C POS] connect_nested_v2(sink_diag=19, sink_node=8, sink_term=0, src_diag=19, src_node=21, src_term=3) -> {'call_error': "com_error: (-2147352567, '??? ??????.', (5507, 'LabVIEW', 'LabVIEW: (Hex 0x7) File not found. The file might be in a different location or deleted. Use the command prompt or the file explorer to verify that the path is correct.', None, 0, 0), None)"} (0.11 s)
  FACT  [ROW C POS] counts {'Wire': 1920, 'LoopTunnel': 138, 'Tunnel': 478} -> {'Wire': 1919, 'LoopTunnel': 138, 'Tunnel': 478} (wire_delta None) - FACT lines, NEVER the acceptance test (Pre-decided 106: LANDED is SOURCE IDENTITY, never a wired-count delta)
  FACT  [ROW C POS] sink IMMEDIATELY AFTER THE WRITE #7202 LIVE: Diagram idx 19 (uid #686), Nodes[8], label 'Global motor pos.vi', uid echo 7202, 1 terminal(s)
  FACT  [ROW C POS] the sink terminal IMMEDIATELY AFTER THE WRITE (BY NAME (unique among the node's sink rows)): Nodes[8].Terminals[0] (stored 0 ; moved False), name 'Focus position', carries wire 0, state 'BARE'
  FACT  [ROW C POS] ACCEPTANCE (a) IMMEDIATELY AFTER THE WRITE - MEASURED, NOT ASSERTED (Pre-decided 94) - the SINK net 0 wire 0 - the terminal is BARE, there is no wire to walk
  FACT  [ROW C POS] ACCEPTANCE (a) IMMEDIATELY AFTER THE WRITE - MEASURED, NOT ASSERTED (Pre-decided 94): sink net 0 has 0 source terminal(s) of ANY class [] (want exactly 1, owned by the NEW register #23895) ; observed the-one None ; OLD #4256 still on the net (FACT ONLY) False ; the new loop border #23032 on the net (FACT ONLY) False ; every owner [] ; PD85 violations 0
  FACT  [ROW C POS] after the write AFTER node census: 634 rows
  FACT  [ROW C POS] after the write CENSUS DIFF: Node 634 -> 634 ; 0 new uid(s): []
  FACT  [ROW C POS] sink AFTER THE JUNK PURGE #7202 LIVE: Diagram idx 19 (uid #686), Nodes[8], label 'Global motor pos.vi', uid echo 7202, 1 terminal(s)
  FACT  [ROW C POS] the sink terminal AFTER THE JUNK PURGE (BY NAME (unique among the node's sink rows)): Nodes[8].Terminals[0] (stored 0 ; moved False), name 'Focus position', carries wire 0, state 'BARE'
  FACT  [ROW C POS] ACCEPTANCE (b) AFTER THE JUNK PURGE - MEASURED, NOT ASSERTED (Pre-decided 94) - the SINK net 0 wire 0 - the terminal is BARE, there is no wire to walk
  FACT  [ROW C POS] ACCEPTANCE (b) AFTER THE JUNK PURGE - MEASURED, NOT ASSERTED (Pre-decided 94): sink net 0 has 0 source terminal(s) of ANY class [] (want exactly 1, owned by the NEW register #23895) ; observed the-one None ; OLD #4256 still on the net (FACT ONLY) False ; the new loop border #23032 on the net (FACT ONLY) False ; every owner [] ; PD85 violations 0
  FACT  *** ROW D DEFERRED TO M3a-3b - a FAILED PREDICTION at PHASE 0. Wire 7506 is NOT deleted, no address is improvised for #7468, and there is no GUI fallback. Row C ran alone and the artefact is still saved. ***

---------- [94] THE ORDERED SECOND PASS - idempotent re-connect, and the ROW ACCEPTANCE IS ASSERTED HERE
  FACT  [94 C POS] re-resolve SINK #7202 #7202 lives at: {'diagram_index': 19, 'diagram_uid': 686, 'diagram_class': 'Diagram', 'nodes_index': 8, 'nodes_on_diagram': 26, 'label': 'Global motor pos.vi'}  (1 diagram(s) scanned of 173, 0.2 s)
  FACT  [94 C POS] re-resolve SINK #7202 terminal table of #7202 (Diagram idx 19, Nodes[8], echo 7202): 1 terminal(s)
  FACT      [94 C POS] re-resolve SINK #7202 t0  'Focus position'                   is_source=False wire=0       errs=[0, 0, 0, 1055]
  FACT  [94 C POS] re-resolve SINK #7202 #7202 LIVE: Diagram idx 19 (uid #686), Nodes[8], label 'Global motor pos.vi', uid echo 7202, 1 terminal(s)
  FACT  [94 C POS] re-resolve SINK #7202 terminal table: [(0, 'Focus position', False, 0, 'BARE')]
  FACT  [94 C POS] re-resolve SINK RESOLVED LIVE: (Diagram idx 19, Nodes[8], Terminals[0]) name 'Focus position' is_source False carrying wire 0 ; expectation Nodes[8].T[0], match True
  FACT  [94 C POS] re-resolve SOURCE border #23032 #23032 lives at: {'diagram_index': 19, 'diagram_uid': 686, 'diagram_class': 'Diagram', 'nodes_index': 21, 'nodes_on_diagram': 26, 'label': 'While Loop'}  (1 diagram(s) scanned of 173, 0.2 s)
  FACT  [94 C POS] re-resolve SOURCE border #23032 terminal table of #23032 (Diagram idx 19, Nodes[21], echo 23032): 7 terminal(s)
  FACT      [94 C POS] re-resolve SOURCE border #23032 t0  ''                                 is_source=False wire=23519   errs=[0, 0, 0, 0]
  FACT      [94 C POS] re-resolve SOURCE border #23032 t1  'Outgoing Handle'                  is_source=True  wire=0       errs=[0, 0, 0, 1055]
  FACT      [94 C POS] re-resolve SOURCE border #23032 t2  'Outgoing Handle'                  is_source=False wire=4185    errs=[0, 0, 0, 0]
  FACT      [94 C POS] re-resolve SOURCE border #23032 t3  'Out position'                     is_source=True  wire=0       errs=[0, 0, 0, 1055]
  FACT      [94 C POS] re-resolve SOURCE border #23032 t4  'Out position'                     is_source=False wire=3968    errs=[0, 0, 0, 0]
  FACT      [94 C POS] re-resolve SOURCE border #23032 t5  '# slices in stack'                is_source=False wire=24077   errs=[0, 0, 0, 0]
  FACT      [94 C POS] re-resolve SOURCE border #23032 t6  'position [internal units]'        is_source=True  wire=24130   errs=[0, 0, 0, 0]
  FACT  [94 C POS] re-resolve SOURCE border #23032 #23032 LIVE: Diagram idx 19 (uid #686), Nodes[21], label 'While Loop', uid echo 23032, 7 terminal(s)
  FACT  [94 C POS] re-resolve SOURCE the loop border #23032 terminal table: [(0, '', False, 23519, 'WIRED'), (1, 'Outgoing Handle', True, 0, 'BARE'), (2, 'Outgoing Handle', False, 4185, 'WIRED'), (3, 'Out position', True, 0, 'BARE'), (4, 'Out position', False, 3968, 'WIRED'), (5, '# slices in stack', False, 24077, 'WIRED'), (6, 'position [internal units]', True, 24130, 'WIRED')]
  FACT  [94 C POS] re-resolve SOURCE RESOLVED LIVE: (Diagram idx 19, Nodes[21] = loop #23032, Terminals[3]) name 'Out position' is_source True state BARE ; the EXPECTATION from diag_c75b_loopterms.log is t3, match True - an OUTPUT, never a criterion, and never carried from a census
  FACT  OUR-CODE DEFECT at [94 C POS] idempotent re-connect: com_error: (-2147352567, '??? ??????.', (5507, 'LabVIEW', 'LabVIEW: (Hex 0x7) File not found. The file might be in a different location or deleted. Use the command prompt or the file explorer to verify that the path is correct.', None, 0, 0), None)  RAISED AT <COMObject LabVIEW.Application>:2 in GetVIReference() - a BUG IN THIS SCRIPT; the machine refused NOTHING here (Pre-decided 100 SS2); counted by H9, never by H8.
  FACT  [94 D VISA] SKIPPED - the row was not written, so there is nothing to re-connect
  FAIL  [94 D VISA] ROW ACCEPTANCE (Pre-decided 85/106) - the row was WRITTEN at all  ROW D DEFERRED TO M3a-3b
  FACT  [F] final, in memory counts: {'Node': 634, 'Wire': 1919, 'LoopTunnel': 138, 'Tunnel': 478, 'LeftShiftRegister': 38, 'RightShiftRegister': 38}

---------- [S] THE SAVE - the stage always leaves a file (Pre-decided 88/96/101)
  FACT  ExecState [02 [S] immediately before the save] = 0   (+100.2 s, read cost 0.00 s) - NEVER a criterion, NEVER a discriminator (Pre-decided 89/97)
  FACT  [S] ExecState at the save is 0, so the route is: the Pre-decided 88/101 broken-intermediate route -> gui_save (ExecState is a ROUTE SELECTOR here and nothing else - it is never a criterion, Pre-decided 89/97)
  PASS  S3 the BEFORE capture LANDED ON DISK (USER RULE 17:5x - locate in a capture taken just before)  G:\Codes\LabVIEW_Codes\MinLab\zz_LabView VI\AAA_UNIST\2. Tracking\V6_ParallelLoop\tools\bench\m3a3_save_before_20260922_075611.png ; lv_gui said 'saved G:\\Codes\\LabVIEW_Codes\\MinLab\\zz_LabView VI\\AAA_UNIST\\2. Tracking\\V6_ParallelLoop\\tools\\bench\\m3a3_save_before_20260922_075611.png (1920x1080)\n'
  PASS  S4 the AFTER capture LANDED ON DISK (USER RULE 17:5x - capture after and confirm)  G:\Codes\LabVIEW_Codes\MinLab\zz_LabView VI\AAA_UNIST\2. Tracking\V6_ParallelLoop\tools\bench\m3a3_save_after_20260922_075611.png ; lv_gui said 'saved G:\\Codes\\LabVIEW_Codes\\MinLab\\zz_LabView VI\\AAA_UNIST\\2. Tracking\\V6_ParallelLoop\\tools\\bench\\m3a3_save_after_20260922_075611.png (1920x1080)\n'
  FACT  [S] capture -> act -> capture: before 'm3a3_save_before_20260922_075611.png' (exists True, 405551 B), after 'm3a3_save_after_20260922_075611.png' (exists True, 220448 B)
  FACT  [S] the M3a-3 artefact: D1_s3b_m3a3_20260922_075611.vi md5 2461a749416f4e503eee0b612022911c size 306859 B; version bytes [{'offset': 36, 'bytes': '26 00 80 00'}]
  PASS  S1 the saved artefact's bytes DIFFER from the input artefact - the in-memory edits reached the disk  md5 '2461a749416f4e503eee0b612022911c' vs input '3842f5e6f128226235dc78353f26ef44' ; size 306859 vs input '303823'
  PASS  S2 the saved path IS the claudeDev target this run created  C:\Program Files\National Instruments\LabVIEW 2026\user.lib\claudeDev\D1_s3b_m3a3_20260922_075611.vi
  FACT  [S] FILE ON DISK: C:\Program Files\National Instruments\LabVIEW 2026\user.lib\claudeDev\D1_s3b_m3a3_20260922_075611.vi  md5 '2461a749416f4e503eee0b612022911c'  size 306859  (input md5 3842f5e6f128226235dc78353f26ef44 size '303823' ; bytes equal False)
  FACT  [S] *** D1_s3b_m3a3_20260922_075611.vi IS NOT COMPUTATION-EQUIVALENT TO THE ORIGINAL (Pre-decided 97) AND IS NEVER RUN (34(f)). It is never cold-loaded headless either (the skill's recompile-spin rule). ***
  FACT  [S] NO COLD REOPEN IS ATTEMPTED at ExecState 0

---------- [H] HYGIENE - panels closed, the md5 pins AFTER, the tool pins, the refs and the handles
  FACT  H INPUT the M3a-2 artefact AFTER: HASH C:\Program Files\National Instruments\LabVIEW 2026\user.lib\claudeDev\D1_s3b_m3a2_20260922_023029.vi | exists=1 | size=303823 | md5=3842f5e6f128226235dc78353f26ef44 | sha256=40fd8b1eedcdf2812a3381bd68f1786849cf7f0b5ba15a485a71366426b6bd7f
  PASS  H2 the input artefact's md5 is UNCHANGED after the run  before '3842f5e6f128226235dc78353f26ef44' / after '3842f5e6f128226235dc78353f26ef44'
  FACT  H ORIGINAL AFTER: HASH G:\Codes\LabVIEW_Codes\MinLab\zz_LabView VI\AAA_UNIST\2. Tracking\Min_Track N beads V6_ParallelLoop.vi | exists=1 | size=473317 | md5=2a78e17c449cacdaf5da389818526859 | sha256=f827a67e91cc2a51284cdce0ada5d34ecf89cf865bca5f0bdfa870f0020df4bb
  PASS  H3 ORIGINAL md5 is STILL its pin 2a78e17c  '2a78e17c449cacdaf5da389818526859'
  FACT  H S1 D1_s1_copy AFTER: HASH C:\Program Files\National Instruments\LabVIEW 2026\user.lib\claudeDev\D1_s1_copy.vi | exists=1 | size=474202 | md5=3e3d23cefd3a334001aa9d6156bf1aee | sha256=1ab3360021cb04f03e8fe4a503d1972aefa26a34ed5b8fd9393ec6899330e0f7
  PASS  H3 S1 D1_s1_copy md5 is STILL its pin 3e3d23ce  '3e3d23cefd3a334001aa9d6156bf1aee'
  FACT  H S2 D1_s2_loops AFTER: HASH C:\Program Files\National Instruments\LabVIEW 2026\user.lib\claudeDev\D1_s2_loops.vi | exists=1 | size=475707 | md5=6ff19497f2309e007a214660bb64b911 | sha256=d52e754e29a85e9cc3ddeb039f6c5e325c9094c5e1f8c944059d4a5f7b33c3f5
  PASS  H3 S2 D1_s2_loops md5 is STILL its pin 6ff19497  '6ff19497f2309e007a214660bb64b911'
  FACT  H THE BED AFTER: HASH C:\Program Files\National Instruments\LabVIEW 2026\user.lib\claudeDev\D1_s3b_row2_20260921_160311.vi | exists=1 | size=476759 | md5=26c54ff784cb5cea21edbd214d2cc3a0 | sha256=17b63cb1c83d5f4a50285ced08b1ecc5a65605979b17ee798b1228f7017d275d
  PASS  H3 THE BED md5 is STILL its pin 26c54ff7  '26c54ff784cb5cea21edbd214d2cc3a0'
  FACT  H TOOL gscript.py AFTER: HASH G:\Codes\LabVIEW_Codes\MinLab\zz_LabView VI\AAA_UNIST\2. Tracking\V6_ParallelLoop\tools\gscript.py | exists=1 | size=165697 | md5=df6ccfe2e7d391a991a602d1a43be5d5 | sha256=028291dbf82bf35dabbcbfc5d6fdeb39b81a1875d3b170c8f5d754479eb99f34
  PASS  H5 TOOL gscript.py is byte-identical before and after  'df6ccfe2e7d391a991a602d1a43be5d5' vs 'df6ccfe2e7d391a991a602d1a43be5d5'
  FACT  H TOOL c60c_astcheck.py AFTER: HASH G:\Codes\LabVIEW_Codes\MinLab\zz_LabView VI\AAA_UNIST\2. Tracking\V6_ParallelLoop\tools\bench\c60c_astcheck.py | exists=1 | size=22581 | md5=6bef719582cbaaf13dc6d7b81e780cb8 | sha256=ad683735761eb1ccb5a6f67561df683017ebd480540f1fcec959174f6ef2af7a
  PASS  H5 TOOL c60c_astcheck.py is byte-identical before and after  '6bef719582cbaaf13dc6d7b81e780cb8' vs '6bef719582cbaaf13dc6d7b81e780cb8'
  FACT  refs: {'opened': 6, 'closed': 6, 'live': 0, 'cached_op_vis': 6}
  PASS  H6 refs opened == closed and 0 live  {'opened': 6, 'closed': 6, 'live': 0, 'cached_op_vis': 6}
  FACT  LabVIEW handles AFTER: 32061 (before 34167, after the restart 30675) - a FACT beside the ~31,500 baseline, NOT a gate (Pre-decided 100 SS7)
  PASS  H7 the LabVIEW handle count was read at entry and at exit  34167 -> 32061
  PASS  H8 no mutator call was REFUSED BY THE MACHINE (this file's refusals and the imported helpers'; a Python exception of OURS is NOT one - it is H9)  0 machine refusal(s) here [] ; 0 in the imported helpers []
  FAIL  H9 NO DEFECT IN OUR OWN PYTHON CODE - no exception was raised by this script itself (a bug of ours is NEVER a machine refusal)  2 our-code defect(s): ['com_error at <COMObject LabVIEW.Application>:2 in GetVIReference(): [ROW C POS] connect_nested_v2(sink D[19].N[8].T[0] <- src D[19].N[21].T[3])', 'com_error at <COMObject LabVIEW.Application>:2 in GetVIReference(): [94 C POS] idempotent re-connect']
  FACT  THE FILES THIS RUN LEFT ON DISK: [('D1_s3b_m3a3_20260922_075611.vi', '2461a749416f4e503eee0b612022911c', 306859)]
  FACT  *** EVERY FILE NAMED ABOVE IS NOT COMPUTATION-EQUIVALENT TO THE ORIGINAL AND IS NEVER RUN (34(f), Pre-decided 97). ***

====================================================================================================
=== GATES: 21 pass / 3 fail; failing: P0 ROW D's SINK RESOLVED - wire 7506 appears EXACTLY ONCE on FlatSequence #681's terminal table (the PREDICTION, written before the read), [94 D VISA] ROW ACCEPTANCE (Pre-decided 85/106) - the row was WRITTEN at all, H9 NO DEFECT IN OUR OWN PYTHON CODE - no exception was raised by this script itself (a bug of ours is NEVER a machine refusal)
=== JSON: G:\Codes\LabVIEW_Codes\MinLab\zz_LabView VI\AAA_UNIST\2. Tracking\V6_ParallelLoop\tools\bench\build_d1_m3a3.json   elapsed 121.7 s
BGRUN END rc=1 after 122s
