BGRUN START 2026-10-01 18:41:19 limit 20.0 min: py -u tools/bench/c125_1_offline_measure.py
BGRUN PID 15436
LabVIEW.exe before: 0
  PASS  tools/bench/selftest_case_frame_c124.py          arg=None      rc=0 trips=0 63s | RESULT {"schema":"result-line/1","status":"PASS","gates":{"pass":29,"fail":0},"first_fail":null,"artefacts":[]}
  PASS  tools/bench/selftest_census_hookin_c123.py       arg=None      rc=0 trips=0 0s | RESULT {"schema":"result-line/1","status":"PASS","gates":{"pass":12,"fail":0},"first_fail":null,"artefacts":[]}
  BAD   tools/stagexec.py                                arg=selftest  rc=1 trips=0 13s | RESULT {"schema":"result-line/1","status":"FAIL","gates":{"pass":123,"fail":1},"first_fail":"T14 nothing LabVIEW-side imported","artefacts":[]}
    stderr tail: 
  PASS  LabVIEW.exe after: 0
RESULT {"schema":"result-line/1","status":"FAIL","gates":{"pass":3,"fail":1},"first_fail":"tools/stagexec.py","artefacts":[]}
BGRUN END rc=1 after 78s
BGRUN START 2026-10-01 18:43:26 limit 20.0 min: py -u tools/bench/c125_1_offline_measure.py
BGRUN PID 2912
LabVIEW.exe before: 0
    COM-side modules imported (never called if trips 0): []
  PASS  tools/bench/selftest_case_frame_c124.py          arg=None      rc=0 trips=0 66s | RESULT {"schema":"result-line/1","status":"PASS","gates":{"pass":29,"fail":0},"first_fail":null,"artefacts":[]}
    COM-side modules imported (never called if trips 0): [gscript,stagekit,win32com,pythoncom]
  PASS  tools/bench/selftest_census_hookin_c123.py       arg=None      rc=0 trips=0 0s | RESULT {"schema":"result-line/1","status":"PASS","gates":{"pass":12,"fail":0},"first_fail":null,"artefacts":[]}
    COM-side modules imported (never called if trips 0): []
  PASS  tools/stagexec.py                                arg=selftest  rc=0 trips=0 13s | RESULT {"schema":"result-line/1","status":"PASS","gates":{"pass":124,"fail":0},"first_fail":null,"artefacts":[]}
  PASS  LabVIEW.exe after: 0
RESULT {"schema":"result-line/1","status":"PASS","gates":{"pass":4,"fail":0},"first_fail":null,"artefacts":[]}
BGRUN END rc=0 after 80s
