BGRUN START 2026-09-18 10:50:03 limit 3.0 min: py -u tools/bench/c22_v1_gate_probe.py MATERIAL=1
LAUNCH COMMAND UNDER TEST:
  py tools/bgrun.py --max-min 20 --log tools/bench/build_opfstunnelterm_v1_run1.log -- py tools/recipes/build_opfstunnelterm_v1.py

store mtime BEFORE: 1789696040.8972397
review        : archive\peer\2026-09-18-priorart-fstunnel-wirechecked.md
Traceback (most recent call last):
  File "G:\Codes\LabVIEW_Codes\MinLab\zz_LabView VI\AAA_UNIST\2. Tracking\V6_ParallelLoop\tools\bench\c22_v1_gate_probe.py", line 54, in <module>
    print("review_time   : %s" % G.review_time(REVIEW, body), flush=True)
TypeError: not all arguments converted during string formatting
BGRUN END rc=1 after 0s
BGRUN START 2026-09-18 10:50:16 limit 3.0 min: py -u tools/bench/c22_v1_gate_probe.py MATERIAL=1
LAUNCH COMMAND UNDER TEST:
  py tools/bgrun.py --max-min 20 --log tools/bench/build_opfstunnelterm_v1_run1.log -- py tools/recipes/build_opfstunnelterm_v1.py

store mtime BEFORE: 1789696040.8972397
review        : archive\peer\2026-09-18-priorart-fstunnel-wirechecked.md
review_time   : (1789694515.0, 'frontmatter date+time 2026-09-18 10:21')
RELEASED SLUGS: 6 -> ['already-built', 'already-measured', 'contradicted', 'helper-exists', 'settled-already', 'unread-evidence']
REJECTED      : 0 -> []
fixed_claim(_v1 recipe) (claimed, released, why): (True, True, '')
recipe sha256 : 82d159e5e9bb1daaa235276fb200173ca407de25557425f8aa8c7b61c70ad6ed

--- records BEFORE the gate calls ---
  [v0 record 2] {
 "recipe_path": "tools/recipes/build_opfstunnelterm_v0.py",
 "review_file": "archive/peer/2026-09-18-priorart-fstunnel-reader.md",
 "verdict": [
  "contradicted",
  "unread-evidence",
  "helper-exists",
  "already-measured"
 ],
 "reviewed_sha256": "de04c05f5f65e97268ecc779fe1385c8206d87d1d27e1efa8d5d6b2572f81331",
 "released": {
  "line": "FIXED: contradicted - tools/recipes/build_opfstunnelterm_v0.py:137 - the op now casts FlatSequenceInnerTunnel (1C3A9000-3, LeftTerm/RightTerm) alongside FlatSequenceOuterTunnel, so it reaches the 14 of 18 measured crossings the FSOT-only version could not.",
  "sha256": "0cc9f6ca359967c6613c5f123d5e616bf7abbf5c1428c85b05a4d58369e908ce",
  "when": "2026-0
  [v1 record 3] {
 "recipe_path": "tools/recipes/build_opfstunnelterm_v1.py",
 "review_file": "archive/peer/2026-09-18-priorart-fstunnel-wirechecked.md",
 "verdict": [
  "contradicted",
  "unread-evidence",
  "settled-already",
  "already-measured",
  "helper-exists",
  "already-built"
 ],
 "reviewed_sha256": "82d159e5e9bb1daaa235276fb200173ca407de25557425f8aa8c7b61c70ad6ed",
 "released": {
  "line": "FIXED: contradicted - tools/recipes/build_opfstunnelterm_v1.py:308 - the helper now records that equal wire uids do not prove a GOOD wire (docs/NAMES.md:861-867) nor hold across a structure border (docs/NAMES.md:822-823), and adds a per-site ExecState-worsening check so a broken downcast is attributed to its o

=== GATE 1  stop_record.check_command ===
VERDICT: ALLOW
message:
(empty - allowed)

=== GATE 2  tools/hooks/guard_cycle.py (PreToolUse, stdin) ===
rc=0
VERDICT: ALLOW (rc=0, no block)
stdout:
(empty)
stderr:
(empty)

--- records AFTER the gate calls ---
  [v0 record 2] {
 "recipe_path": "tools/recipes/build_opfstunnelterm_v0.py",
 "review_file": "archive/peer/2026-09-18-priorart-fstunnel-reader.md",
 "verdict": [
  "contradicted",
  "unread-evidence",
  "helper-exists",
  "already-measured"
 ],
 "reviewed_sha256": "de04c05f5f65e97268ecc779fe1385c8206d87d1d27e1efa8d5d6b2572f81331",
 "released": {
  "line": "FIXED: contradicted - tools/recipes/build_opfstunnelterm_v0.py:137 - the op now casts FlatSequenceInnerTunnel (1C3A9000-3, LeftTerm/RightTerm) alongside FlatSequenceOuterTunnel, so it reaches the 14 of 18 measured crossings the FSOT-only version could not.",
  "sha256": "0cc9f6ca359967c6613c5f123d5e616bf7abbf5c1428c85b05a4d58369e908ce",
  "when": "2026-0
  [v1 record 3] {
 "recipe_path": "tools/recipes/build_opfstunnelterm_v1.py",
 "review_file": "archive/peer/2026-09-18-priorart-fstunnel-wirechecked.md",
 "verdict": [
  "contradicted",
  "unread-evidence",
  "settled-already",
  "already-measured",
  "helper-exists",
  "already-built"
 ],
 "reviewed_sha256": "82d159e5e9bb1daaa235276fb200173ca407de25557425f8aa8c7b61c70ad6ed",
 "released": {
  "line": "FIXED: contradicted - tools/recipes/build_opfstunnelterm_v1.py:308 - the helper now records that equal wire uids do not prove a GOOD wire (docs/NAMES.md:861-867) nor hold across a structure border (docs/NAMES.md:822-823), and adds a per-site ExecState-worsening check so a broken downcast is attributed to its o
store mtime AFTER : 1789696040.8972397

BOTH GATES ALLOW: True
BGRUN END rc=0 after 0s
