BGRUN START 2026-09-20 05:57:22 limit 3.0 min: py -u tools/bench/c53_astcheck.py
AST OK  tools/recipes/stage_d1_s3_focus.py  (942 lines, 28 gate sites, sha256 4281b62d2158eb5dc93b14fcd5849e7af9b435940055c1caee550cf83f2a9ce3)
  gate format check (37(i)): occurrences of the BOLDED form in this file = 0 (must be 0)
IMPORT OK: target=D1_s3_loop15.vi  loop_a=23032 body_a=23058 frame_body=639 sibling=686
  set uids [3529, 3560, 3447, 48, 10407]; pre-move wired {3529: 1, 3560: 1, 3447: 1, 48: 7, 10407: 7}
  internal jobs 5; shift registers 2; cross rows 3; batch size 12
  S2 artefact on disk: True
  ORIGINAL on disk: True
  D1_s3_loop15.vi already on disk: False
  d1_rewire_sources.json on disk: True
  opconnectnested_v1 labels keys: ['class_name', 'method', 'panel', 'route', 'seed', 'sink_diag', 'sink_node', 'sink_term', 'src_diag', 'src_node', 'src_term', 'vi_path']
  OpMoveIn_v0.vi on disk: True
  OpConnectNested_v1.vi on disk: True
  OpAddShiftReg_v0.vi on disk: True
  OpNodeTerms_v0.vi on disk: True
  dest-1.5 rows loaded from the measured file: 17
  by action: {'cross-loop:1.2->1.5': 2, 'from-tunnel': 1, 'same-loop': 5, 'to-sr': 2, 'from-sr': 2, 'source-side': 5}
  count                  (target, cls)
  report_all             (target, cls)
  node_terms_uid         (target, diagram_index, node_index)
  op                     (path)
  open_panel             (target, activate=False)
  close_panel            (target)
  save                   (target, allow_broken=False)
  exec_state             (target)
  add_shift_reg          (target, loop_index, y_position=120, class_name='WhileLoop')
  wire_sr                (variant, target, loop_index, reg_index, node_index=None, term_index=None, ctl_index=None, class_name='WhileLoop')
  shift_reg              (target, loop_index, reg_index, class_name='WhileLoop')
  move_in                (target, uid, dest_diagram_index, position)
  owner_of               (target, uid, strict=True)
  diag_index             (target, uid)
  walk                   (target, diagram=0, limit=100)
  loop_end_ref           (target, loop_index)
  connect_nested_v1      (target, sink_diag, sink_node, sink_term, src_diag, src_node, src_term, labels)
  cold_subvi_table       (tag, target)
  compare_subvi_tables   (got, reference, expect_missing)
  fresh                  (tag)
  read_state             (tag, target)
  try_save               (tag, target)
  file_facts             (tag, path)
  node_state             (tag, target, uid, expect_owner=None, quiet=False)
  term_state             (r)
  term_index             (rec, name, want_i, is_source=None)
  cond_read              (tag, target, loop_uid)
  census                 (tag, target)
  _wire_one              (job)
OK
BGRUN END rc=0 after 0s
BGRUN START 2026-09-20 05:58:18 limit 3.0 min: py -u tools/bench/c53_astcheck.py
AST OK  tools/recipes/stage_d1_s3_focus.py  (954 lines, 28 gate sites, sha256 253212c547b94b779ecc803b24ccfe8b327de6c579fac154502823ec0cdcc646)
  gate format check (37(i)): occurrences of the BOLDED form in this file = 0 (must be 0)
IMPORT OK: target=D1_s3_loop15.vi  loop_a=23032 body_a=23058 frame_body=639 sibling=686
  set uids [3529, 3560, 3447, 48, 10407]; pre-move wired {3529: 1, 3560: 1, 3447: 1, 48: 7, 10407: 7}
  internal jobs 5; shift registers 2; cross rows 3; batch size 12
  S2 artefact on disk: True
  ORIGINAL on disk: True
  D1_s3_loop15.vi already on disk: False
  d1_rewire_sources.json on disk: True
  opconnectnested_v1 labels keys: ['class_name', 'method', 'panel', 'route', 'seed', 'sink_diag', 'sink_node', 'sink_term', 'src_diag', 'src_node', 'src_term', 'vi_path']
  OpMoveIn_v0.vi on disk: True
  OpConnectNested_v1.vi on disk: True
  OpAddShiftReg_v0.vi on disk: True
  OpNodeTerms_v0.vi on disk: True
  dest-1.5 rows loaded from the measured file: 17
  by action: {'cross-loop:1.2->1.5': 2, 'from-tunnel': 1, 'same-loop': 5, 'to-sr': 2, 'from-sr': 2, 'source-side': 5}
  count                  (target, cls)
  report_all             (target, cls)
  node_terms_uid         (target, diagram_index, node_index)
  op                     (path)
  open_panel             (target, activate=False)
  close_panel            (target)
  save                   (target, allow_broken=False)
  exec_state             (target)
  add_shift_reg          (target, loop_index, y_position=120, class_name='WhileLoop')
  wire_sr                (variant, target, loop_index, reg_index, node_index=None, term_index=None, ctl_index=None, class_name='WhileLoop')
  shift_reg              (target, loop_index, reg_index, class_name='WhileLoop')
  move_in                (target, uid, dest_diagram_index, position)
  owner_of               (target, uid, strict=True)
  diag_index             (target, uid)
  walk                   (target, diagram=0, limit=100)
  loop_end_ref           (target, loop_index)
  connect_nested_v1      (target, sink_diag, sink_node, sink_term, src_diag, src_node, src_term, labels)
  cold_subvi_table       (tag, target)
  compare_subvi_tables   (got, reference, expect_missing)
  fresh                  (tag)
  read_state             (tag, target)
  try_save               (tag, target)
  file_facts             (tag, path)
  node_state             (tag, target, uid, expect_owner=None, quiet=False)
  term_state             (r)
  term_index             (rec, name, want_i, is_source=None)
  cond_read              (tag, target, loop_uid)
  census                 (tag, target)
  _wire_one              (job)
OK
BGRUN END rc=0 after 0s
