BGRUN START 2026-09-20 22:18:54 limit 3.0 min: py -u tools/bench/c56m5_astcheck.py
AST OK  diag_s56_transport3.py  972 lines, 27 gate sites
  [ok]  opconnectnested_v1_labels.json
  [ok]  opmovebyindex_labels.json
  [ok]  oppanelwiring_labels.json
  [ok]  main_vi_panel_wiring.json
  [ok]  tools/bench/diag_s2_scaffold.py
  [ok]  tools/bench/bench_prep.py
  [ok]  tools/gscript.py
  [ok]  tools/hash_probe.py
  [ok]  tools/recipes/build_d1_v0.py
  [ok]  tools/recipes/build_opconnectnested_v1.py
  [ok]  docs/vi-server-ids.json
  [ok]  claudeDev\D1_s2_loops.vi
  [ok]  claudeDev\D1_s1_copy.vi
  [ok]  claudeDev\OpWireInd_v0.vi
  [ok]  claudeDev\OpBuildIA_v0.vi
  [ok]  claudeDev\OpCreateIndicator_v0.vi
  [ok]  claudeDev\OpDelete_v0.vi
  [ok]  claudeDev\OpMoveByIndex_v0.vi
  [ok]  claudeDev\OpMoveIn_v0.vi
  [ok]  claudeDev\OpConnectNested_v1.vi
  [ok]  claudeDev\OpNodeInfo_v0.vi
  [ok]  claudeDev\OpPanelWiring_v0.vi
  [ok]  claudeDev\OpFPLabels_v0.vi
  [ok]  claudeDev\OpRemoveBadWires_v0.vi
  [ok]  claudeDev\OpReportAll_v0.vi
  [ok]  claudeDev\DIAG_s56_wireind_20260920_214454.vi
  [ok]  claudeDev\DIAG_s56_localvar_20260920_214454.vi
  [ok]  claudeDev\NIScriptingExamples/Moving Objects/Test - Moving Objects Source.vi
  [ok]  claudeDev\NIScriptingExamples/Moving Objects/Test - Moving Objects Target.vi
  [ok]  claudeDev\NIScriptingExamples/Moving Objects/Test - Moving Objects Source.vi.ORIG.bak
  [ok]  claudeDev\NIScriptingExamples/Moving Objects/Test - Moving Objects Target.vi.ORIG.bak
  [ok]  tools/gscript.py :: def wire_indicators
  [ok]  tools/gscript.py :: def build_index_array
  [ok]  tools/gscript.py :: def create_indicator
  [ok]  tools/gscript.py :: def delete_object
  [ok]  tools/gscript.py :: def copy_by_index
  [ok]  tools/gscript.py :: def node_info
  [ok]  tools/gscript.py :: def node_terms_uid
  [ok]  tools/gscript.py :: def panel_wiring
  [ok]  tools/gscript.py :: def fp_labels
  [ok]  tools/gscript.py :: def report_all
  [ok]  tools/gscript.py :: def remove_bad_wires_scripted
  [ok]  tools/gscript.py :: def exec_state
  [ok]  tools/gscript.py :: def save
  [ok]  tools/gscript.py :: MOVE_SRC =
  [ok]  tools/gscript.py :: MOVE_DST =
  [ok]  tools/recipes/build_d1_v0.py :: def move_in
  [ok]  tools/recipes/build_d1_v0.py :: def owner_of
  [ok]  tools/recipes/build_d1_v0.py :: def diag_index
  [ok]  tools/recipes/build_opconnectnested_v1.py :: def connect_nested_v1
  [ok]  tools/bench/diag_s2_scaffold.py :: def fresh
  [ok]  tools/bench/diag_s2_scaffold.py :: class Preload
  [ok]  tools/bench/diag_s2_scaffold.py :: def file_facts
  [ok]  tools/bench/diag_s2_scaffold.py :: ORIGINAL =
  [ok]  tools/bench/diag_s2_scaffold.py :: ORIG_MD5 =
  [ok]  tools/bench/diag_s2_scaffold.py :: S1_ARTEFACT =
BGRUN END rc=0 after 0s
