BGRUN START 2026-09-21 20:37:11 limit 2.0 min: py -u tools/bench/c60c_astcheck.py tools/recipes/build_d1_m3a1.py --route movein
Traceback (most recent call last):
  File "G:\Codes\LabVIEW_Codes\MinLab\zz_LabView VI\AAA_UNIST\2. Tracking\V6_ParallelLoop\tools\bench\c60c_astcheck.py", line 150, in <module>
    sys.exit(main())
  File "G:\Codes\LabVIEW_Codes\MinLab\zz_LabView VI\AAA_UNIST\2. Tracking\V6_ParallelLoop\tools\bench\c60c_astcheck.py", line 79, in main
    src = open(TARGET, encoding="utf-8").read()
FileNotFoundError: [Errno 2] No such file or directory: 'G:\\Codes\\LabVIEW_Codes\\MinLab\\zz_LabView VI\\AAA_UNIST\\2. Tracking\\V6_ParallelLoop\\tools\\bench\\tools/recipes/build_d1_m3a1.py'
BGRUN END rc=1 after 0s
BGRUN START 2026-09-21 20:37:22 limit 2.0 min: py -u tools/bench/c60c_astcheck.py G:/Codes/LabVIEW_Codes/MinLab/zz_LabView VI/AAA_UNIST/2. Tracking/V6_ParallelLoop/tools/recipes/build_d1_m3a1.py --route movein
  PASS  1 the diagnostic parses  1319 lines, 11 gate sites
  PASS  2 remove_bad_wires_scripted / remove_bad_wires / gui_save neither imported nor called  []
  PASS  3 allow_broken=True is never passed  0 site(s)
  PASS  4 every g.<verb> called already exists as a def in tools/gscript.py  verbs used: ['add_shift_reg', 'close_panel', 'count', 'delete_object', 'exec_state', 'loop_cast', 'node_labels', 'node_terms_uid', 'ref_counts', 'report_all', 'save', 'shift_reg', 'shift_reg_left', 'tunnels', 'wire_sr'] ; private helpers used: [] ; MISSING: []
  PASS  4b the private gscript helpers used also exist  []
  PASS  5 bench_prep exports labview_handles  MISSING []
  PASS  5 build_d1_v0 exports diag_index, move_in, owner_of  MISSING []
  PASS  5 hash_probe exports probe  MISSING []
  PASS  6 nothing under tools/recipes/ is opened for writing or removed  []
  PASS  7[movein] move_in is called at least once  route=movein called=True imported=True
  PASS  8 no owner comparison tests the literal 'Diagram' alone  []
  PASS  9 the forbidden routes (Invoke-seeded variant, donor switch) are absent as calls  []

=== ASTCHECK OK
BGRUN END rc=0 after 0s
