BGRUN START 2026-09-24 06:25:42 limit 10.0 min: py -u tools/bench/c73_l7r_probe0.py
== tools/bench/graph_s1_20260924.json dict ['vi', 'md5', 'method', 'cls', 'flags', 'edges', 'note']
    vi str 83 "C:\\Program Files\\National Instruments\\LabVIEW 2026\\user.lib\\claudeDev\\D1_s1_copy.vi"
    md5 str 32 "3e3d23cefd3a334001aa9d6156bf1aee"
    method dict 7 [["wire_edges", 2248], ["thru_edges", 4937]]
    cls dict 1750 [["10673", "FlatSequenceInnerTunnel"], ["10621", "FlatSequenceInnerTunnel"]]
    flags list 13 {"wire_uid": 3268, "n_src": 2, "n_sink": 8, "src": ["639|Terminal||0", "639|Terminal||1"], "sink": ["29240|ParameterTerminal|x|0", "12195|Terminal||1", "1114|Terminal|index i|0", "10068|ParameterTerminal|x|0", "3045|OuterTerminal||0", "2136|ParameterTerminal|x|0", "376|Terminal|frame index|0", "2213
    edges list 2604 ["wire", "1748|Terminal||0", "6384|Terminal|cal cluster path|0"]
    note str 57 "thru edges are DERIVED from the terminal list, not stored"
== tools/bench/graph_s3_loop15_20260924.json dict ['vi', 'md5', 'terminals', 'objs', 'secs']
    vi str 85 "C:\\Program Files\\National Instruments\\LabVIEW 2026\\user.lib\\claudeDev\\D1_s3_loop15.vi"
    md5 str 32 "1a11d92aacabf7ec844d65b8af19f39f"
    terminals list 5795 {"term_uid": 6121, "term_name": "error out", "is_source": true, "wire_uid": 86546, "owner_uid": 10673, "owner_class": "FlatSequenceInnerTunnel", "frame_diagram": 536, "term_class": "Terminal"}
    objs list 10058 {"uid": 536, "class": "TopLevelDiagram", "pos": [-17476, 102], "owner": ""}
    secs dict 4 [["gobject", 8.49], ["terminals", 11.58]]
== docs/wiki/subvi/D1_s1_copy.json dict ['file', 'md5', 'bytes', 'read', 'fs_tunnel_pairs', 'connector_pane', 'connector_pane_source', 'connector_pane_unassigned_slots', 'connector_pane_unmatched_on_diagram', 'terminals', 'wires', 'severed_wires', 'graph_summary', 'io_paths', 'summary', 'call_sites_in_main']
    file str 83 "C:\\Program Files\\National Instruments\\LabVIEW 2026\\user.lib\\claudeDev\\D1_s1_copy.vi"
    md5 str 32 "3e3d23cefd3a334001aa9d6156bf1aee"
    bytes int  474202
    read dict 5 [["gobject_s", 10.04], ["terminals_s", 13.08]]
    fs_tunnel_pairs list 576 {"uid": 6115, "class": "FlatSequenceInnerTunnel", "face_a": "LeftTerm", "term_a": 86540, "wire_a": 40035, "face_b": "RightTerm", "term_b": 6117, "wire_b": 6124, "uid_back": 6115, "err": "", "err_a": "", "err_b": "", "errs": ""}
    connector_pane list 114 {"index": 0, "label": "Autoreference? 1=Y", "direction": "input", "type": ""}
    connector_pane_source str 20 "fp-control-terminals"
    connector_pane_unassigned_slots int  0
    connector_pane_unmatched_on_diagram list 0 []
    terminals list 5748 {"term_uid": 6121, "term_name": "error out", "is_source": true, "wire_uid": 86546, "owner_uid": 10673, "owner_class": "FlatSequenceInnerTunnel", "frame_diagram": 536, "term_class": "Terminal"}
    wires list 1899 {"wire_uid": 21, "src_uid": 1748, "src_class": "FlatSequenceInnerTunnel", "src_term": "", "sink_uid": 6384, "sink_class": "SubVI", "sink_term": "cal cluster path", "n_src": 1, "n_sink": 2, "termless": false}
    severed_wires list 0 []
    graph_summary dict 14 [["objects", 9981], ["nodes", 1750]]
    io_paths dict 25 [["Rot pos (deg)", ["Current pos rot?"]], ["File Size", ["# of Points"]]]
    summary str 0 ""
    call_sites_in_main dict 2 [["main_vi", "G:\\Codes\\LabVIEW_Codes\\MinLab\\zz_LabView VI\\AAA_UNIST\\2. Tracking\\Min_Track N beads V6_ParallelLoop.vi"], ["sites", []]]
== tools/bench/stage_d1_l7_1b.json dict ['script', 'stamp', 'input', 'input_md5_pin', 'work', 'task', 'no_vi_was_run', 'verification_level', 'es_timeline', 'ops', 'saves', 'H', 'claudedev_before', 'input_md5_before', 'pins_before', 'gates', 'facts', 'rows', 'elapsed_s', 'purges', 'from_decision', 'nets', 'l7_1b', 'input_md5_after', 'pins_after']
    script str 14 "stage_d1_l7_1b"
    stamp str 15 "20260924_060431"
    input str 97 "C:\\Program Files\\National Instruments\\LabVIEW 2026\\user.lib\\claudeDev\\D1_l7_1a_20260924_035656.vi"
    input_md5_pin str 32 "34aaadf14091ee156e0950725de48bdf"
    work str 96 "C:\\Program Files\\National Instruments\\LabVIEW 2026\\user.lib\\claudeDev\\D1_l7_1_20260924_060431.vi"
    task str 0 ""
    no_vi_was_run bool  true
    verification_level str 39 "STRUCTURAL unless a gate says otherwise"
    es_timeline list 10 {"tag": "after open", "target": "D1_l7_1_20260924_060431.vi", "exec_state": 0, "t": 56.7, "err": ""}
    ops list 9 {"verb": "wire_sr", "detail": "RightIn loop[0] reg[0] node[1].t0", "err": "", "result": null, "s": 0.1}
    saves dict 6 [["exec_state_before", 0], ["route", "gui_save"]]
    H dict 5 [["handles_before_restart", 33969], ["handles_after_restart", 34003]]
    claudedev_before list 249 "ASTRA_GUIBENCH_20260913.vi"
    input_md5_before str 32 "34aaadf14091ee156e0950725de48bdf"
    pins_before dict 7 [["ORIGINAL", "2a78e17c449cacdaf5da389818526859"], ["S1 D1_s1_copy", "3e3d23cefd3a334001aa9d6156bf1aee"]]
    gates dict 3 [["pass", 38], ["fail", 0]]
    facts list 87 "claudeDev holds 249 .vi file(s) BEFORE the run"
    rows list 9 {"label": "from_decision row 0 err_R", "observed": {"action": "wire", "op": "wire_sr", "variant": "RightIn", "how": ["node", "loop #23041 idx 0, reg 0 echo #24083"], "result": {"verb": "wire_sr", "detail": "RightIn loop[0] reg[0] node[1].t0", "err": "", "result": null, "s": 0.1}, "error": null, "fai
    elapsed_s float  710.7
    purges list 17 {"tag": "l7_1b_body row 0", "node_count_before": 635, "node_count_after": 635, "new_uids": [], "deleted": [], "reported_not_deleted": [], "node_count_after_purge": 635}
    from_decision list 5 {"i": 0, "row_key": null, "action": "wire", "op": "connect_from_wire", "variant": null, "id": "err_init", "op_rule": ["connect_from_wire", null, "source terminal is on live wire w4969"], "how": ["node", "w4969[0] owned by #4910"], "result": {"verb": "connect_from_wire", "detail": "sink D[19].N[23].t
    nets list 3 {"wire": 25225, "source_owners": [["FlatSequenceInnerTunnel", 1748]], "all_owners": [["FlatSequenceInnerTunnel", 1748], ["LoopTunnel", 3644], ["LoopTunnel", 24357], ["SubVI", 6384]], "pd85_violations": 0, "err": ""}
    l7_1b dict 5 [["final", "C:\\Program Files\\National Instruments\\LabVIEW 2026\\user.lib\\claudeDev\\D1_l7_1_20260924_060431.vi"], ["md5", "e5c7d68b56d018131f2ebf0df656fdd6"]]
    input_md5_after str 32 "34aaadf14091ee156e0950725de48bdf"
    pins_after dict 7 [["ORIGINAL", "2a78e17c449cacdaf5da389818526859"], ["S1 D1_s1_copy", "3e3d23cefd3a334001aa9d6156bf1aee"]]
== tools/bench/graph_loops_s1_20260924.json dict ['vi', 'md5', 'loops', 'unread_rights', 'by']
    vi str 83 "C:\\Program Files\\National Instruments\\LabVIEW 2026\\user.lib\\claudeDev\\D1_s1_copy.vi"
    md5 str 32 "3e3d23cefd3a334001aa9d6156bf1aee"
    loops list 20 {"class": "ForLoop", "index": 0, "loop_uid": 27489, "left_of": {}, "right_uids": []}
    unread_rights list 15 24147
    by str 41 "q_c68_srpair (loop_cast + shift_reg_left)"
== tools/bench/stage_d1_l7_1a.json dict ['script', 'stamp', 'input', 'input_md5_pin', 'work', 'task', 'no_vi_was_run', 'verification_level', 'es_timeline', 'ops', 'saves', 'H', 'claudedev_before', 'input_md5_before', 'pins_before', 'gates', 'facts', 'rows', 'elapsed_s', 'purges', 'l7_1a', 'input_md5_after', 'pins_after']
    script str 14 "stage_d1_l7_1a"
    stamp str 15 "20260924_035656"
    input str 85 "C:\\Program Files\\National Instruments\\LabVIEW 2026\\user.lib\\claudeDev\\D1_s3_loop15.vi"
    input_md5_pin str 32 "1a11d92aacabf7ec844d65b8af19f39f"
    work str 97 "C:\\Program Files\\National Instruments\\LabVIEW 2026\\user.lib\\claudeDev\\D1_l7_1a_20260924_035656.vi"
    task str 0 ""
    no_vi_was_run bool  true
    verification_level str 39 "STRUCTURAL unless a gate says otherwise"
    es_timeline list 4 {"tag": "after open", "target": "D1_l7_1a_20260924_035656.vi", "exec_state": 1, "t": 56.7, "err": ""}
    ops list 3 {"verb": "move_in", "detail": "#376 -> Diagram[20] at (4760, 6765)", "err": "", "result": 23042, "s": 0.2}
    saves dict 6 [["exec_state_before", 0], ["route", "gui_save"]]
    H dict 5 [["handles_before_restart", 33952], ["handles_after_restart", 33992]]
    claudedev_before list 248 "ASTRA_GUIBENCH_20260913.vi"
    input_md5_before str 32 "1a11d92aacabf7ec844d65b8af19f39f"
    pins_before dict 6 [["ORIGINAL", "2a78e17c449cacdaf5da389818526859"], ["S1 D1_s1_copy", "3e3d23cefd3a334001aa9d6156bf1aee"]]
    gates dict 3 [["pass", 15], ["fail", 1]]
    facts list 41 "claudeDev holds 248 .vi file(s) BEFORE the run"
    rows list 0 []
    elapsed_s float  147.7
    purges list 4 {"tag": "after move_in", "node_count_before": 635, "node_count_after": 636, "new_uids": [[23981, "Invoke", [4593, 6523]]], "deleted": [{"uid": 23981, "class": "Invoke", "pos": [4593, 6523], "label": "Invoke Node", "diagram_uid": 23405, "n_terminals": 6, "n_wired": 0, "delete": {"class": "Node", "uid
    l7_1a dict 4 [["final", "C:\\Program Files\\National Instruments\\LabVIEW 2026\\user.lib\\claudeDev\\D1_l7_1a_20260924_035656.vi"], ["md5", "34aaadf14091ee156e0950725de48bdf"]]
    input_md5_after str 32 "1a11d92aacabf7ec844d65b8af19f39f"
    pins_after dict 6 [["ORIGINAL", "2a78e17c449cacdaf5da389818526859"], ["S1 D1_s1_copy", "3e3d23cefd3a334001aa9d6156bf1aee"]]
BGRUN END rc=0 after 0s
