BGRUN START 2026-09-22 10:41:55 limit 4.0 min: py -u tools/bench/c60c_astcheck.py tools/recipes/build_d1_m3a3.py --route owner
Traceback (most recent call last):
  File "G:\Codes\LabVIEW_Codes\MinLab\zz_LabView VI\AAA_UNIST\2. Tracking\V6_ParallelLoop\tools\bench\c60c_astcheck.py", line 376, in <module>
    sys.exit(main())
  File "G:\Codes\LabVIEW_Codes\MinLab\zz_LabView VI\AAA_UNIST\2. Tracking\V6_ParallelLoop\tools\bench\c60c_astcheck.py", line 277, in main
    src = open(TARGET, encoding="utf-8").read()
FileNotFoundError: [Errno 2] No such file or directory: 'G:\\Codes\\LabVIEW_Codes\\MinLab\\zz_LabView VI\\AAA_UNIST\\2. Tracking\\V6_ParallelLoop\\tools\\bench\\tools/recipes/build_d1_m3a3.py'
BGRUN END rc=1 after 0s
BGRUN START 2026-09-22 10:42:05 limit 4.0 min: py -u tools/bench/c60c_astcheck.py G:/Codes/LabVIEW_Codes/MinLab/zz_LabView VI/AAA_UNIST/2. Tracking/V6_ParallelLoop/tools/recipes/build_d1_m3a3.py --route owner
  PASS  1 the diagnostic parses  1799 lines, 51 gate sites
  PASS  2 remove_bad_wires_scripted / remove_bad_wires / gui_save neither imported nor called  []
  PASS  3 allow_broken at MOST ONE site, not literal False, and only on a .save(...) call (Pre-decided 88 + 98(5))  1 site(s) ['allow_broken=Constant(value=True)'], all .save(): True
  NOTE  0 non-literal **splat call site(s); `allow_broken` inside one is not statically visible (reported, not gated)
  PASS  4 every g.<verb> called already exists as a def in tools/gscript.py  verbs used: ['close_panel', 'count', 'ensure_loaded', 'exec_state', 'op', 'ref_counts', 'save'] ; private helpers used: ['_lv_gui'] ; MISSING: []
  PASS  4b the private gscript helpers used also exist  []
  PASS  5 bench_prep exports labview_handles  MISSING []
  PASS  5 build_d1_v0 exports diag_index  MISSING []
  PASS  5 hash_probe exports probe  MISSING []
  PASS  6 nothing under tools/recipes/ is opened for writing or removed  []
  PASS  7[owner] move_in is neither imported nor called  route=owner called=False imported=False
  PASS  8 no owner comparison tests the literal 'Diagram' alone  []
  PASS  9 the forbidden routes (Invoke-seeded variant, donor switch) are absent as calls  []
  PASS  10 every literal `%`-format site is ARITY-correct and VALID (Pre-decided 100 SS4 + the c74-gate10-arity review, finding 2)  140 VERIFIED (literal tuple, compared), 91 ASSUMED (one spec, non-tuple operand - NOT a check), 0 MISMATCH [], 0 INVALID (a stray % in a str literal) [], 0 bytes site(s) reported and NOT failed, 0 unresolved (all printed above, never silently passed)

=== ASTCHECK OK
BGRUN END rc=0 after 0s
