BGRUN START 2026-09-26 00:26:12 limit 3.0 min: py -u tools/bench/c87_errorlist_reverdict.py
stage_file G:\Codes\LabVIEW_Codes\MinLab\zz_LabView VI\AAA_UNIST\2. Tracking\V6_ParallelLoop\tools\bench\stage_d1_l2a1.json
plan_file  G:\Codes\LabVIEW_Codes\MinLab\zz_LabView VI\AAA_UNIST\2. Tracking\V6_ParallelLoop\tools\bench\sim\l2a1\plan_l2a1.json
open_rows  9
  LICENCE subvi_input_not_wired [376, 'current frame data array in', 'SubVI'] count 1
  LICENCE subvi_input_not_wired [376, 'frame index', 'SubVI'] count 1
  LICENCE node_unwired [2626, 'array', 'BuildArray'] count 1
  LICENCE subvi_input_not_wired [5058, 'Image In', 'SubVI'] count 1
  LICENCE subvi_input_not_wired [5696, 'x,y,z array', 'SubVI'] count 1
  LICENCE subvi_input_not_wired [6085, 'x,y,z array', 'SubVI'] count 1
  LICENCE node_unwired [9703, 'x', 'Function'] count 1
  LICENCE node_unwired [10382, 'x', 'Function'] count 1
  LICENCE node_unwired [11529, 'x', 'Comparison'] count 1
  LICENCE wire_from_open_rows all open rows count None
verdict MISMATCH -> G:\Codes\LabVIEW_Codes\MinLab\zz_LabView VI\AAA_UNIST\2. Tracking\V6_ParallelLoop\tools\bench\errorlist_D1_l2_a1_20260925_235224_20260926_002612_reuse.json
  USED 0 subvi_input_not_wired [376, 'current frame data array in', 'SubVI']
  USED 0 subvi_input_not_wired [376, 'frame index', 'SubVI']
  USED 1 node_unwired [2626, 'array', 'BuildArray']
  USED 1 subvi_input_not_wired [5058, 'Image In', 'SubVI']
  USED 0 subvi_input_not_wired [5696, 'x,y,z array', 'SubVI']
  USED 0 subvi_input_not_wired [6085, 'x,y,z array', 'SubVI']
  USED 1 node_unwired [9703, 'x', 'Function']
  USED 1 node_unwired [10382, 'x', 'Function']
  USED 0 node_unwired [11529, 'x', 'Comparison']
  USED 20 wire_from_open_rows all open rows
  USED 0 header_of_next PD179(d): empty-raw tree header before a licensed item
extra 11
  EXTRA This wire is not connected to anything.
  EXTRA Polymorphic terminal cannot accept this data type.
  EXTRA You have connected an input of Less? to a right shift register. Change the input to an output, or add a source.
  EXTRA This wire is not connected to anything.
  EXTRA This wire is not connected to anything.
  EXTRA This wire is not connected to anything.
  EXTRA This wire is not connected to anything.
  EXTRA This wire is not connected to anything.
  EXTRA This wire is not connected to anything.
  EXTRA This wire is not connected to anything.
  EXTRA This wire is not connected to anything.
missing []
RESULT {"schema": "result-line/1", "status": "FAIL", "gates": {"pass": 0, "fail": 1}, "first_fail": "ERRORLIST MISMATCH: 11 extra", "artefacts": [{"path": "bench\\errorlist_D1_l2_a1_20260925_235224_20260926_002612_reuse.json", "md5": "bd738cd566a5b7e4832298441daf8537"}]}
BGRUN END rc=1 after 0s (RESULT: status=FAIL gates 0/1 first_fail=ERRORLIST MISMATCH: 11 extra; the process itself said 0)
