BGRUN START 2026-09-26 01:18:49 limit 5.0 min: py -u tools\bench\c88_reverdict.py
  PASS  G1 WIRE_CLASSES reverted to the 4 pre-87 classes  ('wirehaslooseends', 'hasnosource', 'outputlooptunneltoaninput', 'twoterminalsofdifferenttypes')
  PASS  G2 reusable read found (001456)  G:\Codes\LabVIEW_Codes\MinLab\zz_LabView VI\AAA_UNIST\2. Tracking\V6_ParallelLoop\tools\bench\errorlist_D1_l2_a1_20260925_235224_20260926_001456.json
  FACT  expected file md5 dc455250f21c961f67c71c2914ef9297, 10 entries, sum count 35
  PASS  G3 verdict OK, 0 extra, 0 missing  verdict OK extra 0 missing 0 -> G:\Codes\LabVIEW_Codes\MinLab\zz_LabView VI\AAA_UNIST\2. Tracking\V6_ParallelLoop\tools\bench\errorlist_D1_l2_a1_20260925_235224_20260926_011849_reuse.json
  FACT  explicit used 1/1  SubVI #5058 'Image In' is not wired (open row)
  FACT  explicit used 1/1  Not 'Not': Contains unwired or bad terminal (open row)
  FACT  explicit used 1/1  Build Array: Contains unwired or bad terminal (open row #2626)
  FACT  explicit used 1/1  Less? 'Less?': Contains unwired or bad terminal (open row #11529)
  FACT  explicit used 2/2  output loop tunnel wired to a SubVI input
  FACT  explicit used 1/1  input of Less? connected to a right shift register
  FACT  explicit used 1/1  Polymorphic terminal cannot accept this data type (RBW-removable leftover, count 1 only; no per-wire attribution by 195(b))
  FACT  explicit used 9/9  This wire is not connected to anything.
  FACT  explicit used 4/4  This wire connects one or more data sinks but has no source.
  FACT  explicit used 14/14  Wire: Wire has loose ends.
  PASS  G4 each explicit entry used exactly its count (35), plan-derived licences 0  derived [('subvi_input_not_wired', 0), ('subvi_input_not_wired', 0), ('node_unwired', 0), ('subvi_input_not_wired', 0), ('subvi_input_not_wired', 0), ('subvi_input_not_wired', 0), ('node_unwired', 0), ('node_unwired', 0), ('node_unwired', 0), ('wire_from_open_rows', 0)]
  FACT  graph_k_80_owners.json header md5 6cf5b0777aafa12112d8a786a9eed1ed
  PASS  G5 find_graph(6cf5b077...) without --graph -> sim/l2a1/graph_k_80_owners.json  G:\Codes\LabVIEW_Codes\MinLab\zz_LabView VI\AAA_UNIST\2. Tracking\V6_ParallelLoop\tools\bench\sim\l2a1\graph_k_80_owners.json
  PASS  G6 no LabVIEW: labview modules not imported  []
=== GATES: 6 pass / 0 fail
RESULT {"schema":"result-line/1","status":"PASS","gates":{"pass":6,"fail":0},"first_fail":null,"artefacts":[{"path":"tools/bench/errorlist_expected_D1_l2_a1_20260925_235224.json","md5":"dc455250f21c961f67c71c2914ef9297"},{"path":"tools/bench/errorlist_D1_l2_a1_20260925_235224_20260926_011849_reuse.json","md5":"41c1d13b0f51496bc6249def9e088442"}]}
BGRUN END rc=0 after 0s
