BGRUN START 2026-09-09 16:50:10 limit 20.0 min: py -u tools/bench/case_probe_chain.py
LabVIEW up after 14 s, version 26.3.1f1
dialogs: 8,1346,762| / ENABLED|8193672|0,0,0,0|LabVIEW / VERDICT: clear (no modal dialog)
lv_restart rc 0
Traceback (most recent call last):
  File "G:\Codes\LabVIEW_Codes\MinLab\zz_LabView VI\AAA_UNIST\2. Tracking\V6_ParallelLoop\tools\bench\case_out_probe.py", line 53, in <module>
    T, purge = build("A")
  File "G:\Codes\LabVIEW_Codes\MinLab\zz_LabView VI\AAA_UNIST\2. Tracking\V6_ParallelLoop\tools\bench\case_out_probe.py", line 46, in build
    g._run(vi); purge()
  File "G:\Codes\LabVIEW_Codes\MinLab\zz_LabView VI\AAA_UNIST\2. Tracking\V6_ParallelLoop\tools\gscript.py", line 235, in _run
    raise RuntimeError(
RuntimeError: run blocked behind a modal dialog (dismissed by watchdog after 8s); screenshot(s): C:\Users\KimLab\AppData\Local\Temp\gscript_dialog_1788940288.png
case_probe rc 1
BGRUN END rc=0 after 79s
BGRUN START 2026-09-09 16:52:15 limit 20.0 min: py -u tools/bench/case_probe_chain.py
LabVIEW up after 14 s, version 26.3.1f1
dialogs: ,1346,762| / ENABLED|31000160|0,0,0,0|LabVIEW / VERDICT: clear (no modal dialog)
lv_restart rc 0
Traceback (most recent call last):
  File "G:\Codes\LabVIEW_Codes\MinLab\zz_LabView VI\AAA_UNIST\2. Tracking\V6_ParallelLoop\tools\bench\case_out_probe.py", line 55, in <module>
    T, purge = build("A")
  File "G:\Codes\LabVIEW_Codes\MinLab\zz_LabView VI\AAA_UNIST\2. Tracking\V6_ParallelLoop\tools\bench\case_out_probe.py", line 48, in build
    g._run(vi); purge()
  File "G:\Codes\LabVIEW_Codes\MinLab\zz_LabView VI\AAA_UNIST\2. Tracking\V6_ParallelLoop\tools\gscript.py", line 235, in _run
    raise RuntimeError(
RuntimeError: run blocked behind a modal dialog (dismissed by watchdog after 9s); screenshot(s): C:\Users\KimLab\AppData\Local\Temp\gscript_dialog_1788940412.png
case_probe rc 1
BGRUN END rc=0 after 79s
BGRUN START 2026-09-10 03:54:23 limit 15.0 min: py -u tools/bench/case_out_probe.py
   case 154 @ (400, 300) | wires 3 ExecState 1
== A: case + inner subVI | SubVIs 1 diagrams 3 wires 3 ExecState 0
   A: EXC wire_indicators: target BROKEN after wiring - a source terminal was probably unwired (WI then extends an unrelated wire; revert the target) | wires 3 -> 5 ExecState 0
   A: after remove_bad_wires wires 5 ExecState 0
   case 154 @ (400, 300) | wires 3 ExecState 1
== B: case + inner subVI | SubVIs 1 diagrams 3 wires 3 ExecState 0
   B: Nodes[0] terminal 0 -> temp indicator '# of bead 4 packs 2' (wires 3 -> 4)
   B: inner node index = 0
   B: temp indicator '# of bead 4 packs 2' wires 3 -> 4 ExecState 0
   B: EXC wire_indicators: target BROKEN after wiring - a source terminal was probably unwired (WI then extends an unrelated wire; revert the target) | ExecState 0
scratches removed
BGRUN END rc=0 after 40s
