BGRUN START 2026-09-15 18:02:03 limit 10.0 min: py -u tools/bench/census_0a_names.py
scratch = SCRATCH_0a_names_1789462923.vi

=== StrToPath.vi terminals (the border wire's sink) ===
net_map: node 0 uid 43 (0 s)
net_map: 1 nodes walked in 0.2 s; 0 junk Invoke(s) purged in 0.0 s
  diagram 0: ({0: (43, '', [(0, 'path', 99), (1, 'string', 79)])}, {99: [(0, 0, 'path')], 79: [(0, 1, 'string')]})
net_map: 0 nodes walked in 0.1 s; 0 junk Invoke(s) purged in 0.0 s
  diagram 1: ({}, {})

=== HARNESS_copyloop front-panel controls ===
  Terminal: uid 328 class OuterTerminal owner Tunnel pos (700, 700)
  Terminal: uid 387 class OuterTerminal owner LoopTunnel pos (1462, 700)
  Terminal: uid 413 class OuterTerminal owner LoopTunnel pos (1462, 700)
  Terminal: uid 351 class Terminal owner SubVI pos (1461, 1485)
  Terminal: uid 354 class Terminal owner SubVI pos (1461, 1477)
  Terminal: uid 357 class Terminal owner SubVI pos (1472, 1477)
  Terminal: uid 360 class Terminal owner SubVI pos (1482, 1485)
  Terminal: uid 363 class Terminal owner SubVI pos (1482, 1477)
  Terminal: uid 366 class Terminal owner SubVI pos (1461, 1461)
  Terminal: uid 369 class Terminal owner SubVI pos (1472, 1461)
  Terminal: uid 372 class Terminal owner SubVI pos (1482, 1461)
  Terminal: uid 340 class Terminal owner Diagram pos (710, 1472)
  Terminal: uid 340 class Terminal owner Diagram pos (710, 1472)
  Terminal: uid 331 class InnerTerminal owner Tunnel pos (700, 700)
  Terminal: uid 384 class InnerTerminal owner LoopTunnel pos (1462, 700)
  Terminal: uid 409 class InnerTerminal owner LoopTunnel pos (1462, 700)
  Terminal: uid 248 class Terminal owner SubVI pos (351, 560)
  Terminal: uid 251 class Terminal owner SubVI pos (341, 560)
  Terminal: uid 254 class Terminal owner SubVI pos (330, 560)
  Terminal: uid 257 class Terminal owner SubVI pos (354, 576)
  Terminal: uid 260 class Terminal owner SubVI pos (346, 576)
  Terminal: uid 263 class Terminal owner SubVI pos (338, 576)
  Terminal: uid 266 class Terminal owner SubVI pos (330, 576)
  Terminal: uid 126 class Terminal owner SubVI pos (600, 424)
  Terminal: uid 129 class Terminal owner SubVI pos (600, 416)
  Terminal: uid 132 class Terminal owner SubVI pos (611, 416)
  Terminal: uid 135 class Terminal owner SubVI pos (621, 424)
  Terminal: uid 138 class Terminal owner SubVI pos (621, 416)
  Terminal: uid 141 class Terminal owner SubVI pos (600, 400)
  Terminal: uid 144 class Terminal owner SubVI pos (611, 400)

=== what while_loop() returns, and the UID deltas that identify the new body ===
  while_loop() returned: 0.1077117919921875  (type float)
  WhileLoop uids set() -> {380}   new: [380]
  Diagram uids {3, 334} -> {472, 3, 334}   new: [472]
  Diagram TRAVERSE index of the new body: [0]

scratch deleted
BGRUN END rc=0 after 3s
