BGRUN START 2026-09-15 03:06:46 limit 4.0 min: py -u tools/bench/census_loop_node_terms.py
For Loop node n3 uid 46: 18 terminals
     0 | ''                       | src=False | wire=0
     1 | 'Control Names'          | src=False | wire=537
     2 | 'New Image'              | src=False | wire=549
     3 | 'Array of cal clusters'  | src=False | wire=568
     4 | 'cross size'             | src=False | wire=578
     5 | 'Cosine bandpass for Hilbert' | src=False | wire=587
     6 | 'Real-space cosine window' | src=False | wire=597
     7 | '4 pack remainder'       | src=False | wire=607
     8 | '# of bead 4 packs'      | src=False | wire=619
     9 | 'x,y,z array'            | src=True  | wire=0
    10 | 'x,y,z array'            | src=False | wire=639
    11 | 'Bead is good? array in' | src=True  | wire=0
    12 | 'Bead is good? array in' | src=False | wire=648
    13 | 'pos in cal image in'    | src=True  | wire=0
    14 | 'pos in cal image in'    | src=False | wire=654
    15 | 'x,y,z array out'        | src=True  | wire=735
    16 | 'Bead is good? array out' | src=True  | wire=774
    17 | 'pos in cal image out'   | src=True  | wire=816
tunnels:
   tunnel 527: mode 1 outer 'Control Names' src=False wire 537 inner [521]
   tunnel 534: mode 0 outer 'New Image' src=False wire 549 inner [524]
   tunnel 558: mode 0 outer 'Array of cal clusters' src=False wire 568 inner [552]
   tunnel 565: mode 0 outer 'cross size' src=False wire 578 inner [555]
   tunnel 571: mode 0 outer 'Cosine bandpass for Hilbert' src=False wire 587 inner [469]
   tunnel 584: mode 0 outer 'Real-space cosine window' src=False wire 597 inner [561]
   tunnel 594: mode 0 outer '4 pack remainder' src=False wire 607 inner [575]
   tunnel 604: mode 0 outer '# of bead 4 packs' src=False wire 619 inner [590]
   tunnel 661: mode 1 outer 'x,y,z array out' src=True wire 735 inner [672]
   tunnel 664: mode 1 outer 'Bead is good? array out' src=True wire 774 inner [681]
   tunnel 668: mode 1 outer 'pos in cal image out' src=True wire 816 inner [690]
BGRUN END rc=0 after 4s
