BGRUN START 2026-09-09 11:49:56 limit 12.0 min: py -u tools/bench/clfn_sample.py --params tools/bench/paraminfo_mt2.hex --set Function Name,Path,Calling Convention,Reentrant
DLL C:\Program Files\National Instruments\LabVIEW 2026\user.lib\claudeDev\Debug\GPU Tracking.dll FN mt2_track_simple
params op ran (Parameter Info global SET, 523 bytes)
   params error out = (False, 0, '')
   params data string = '00000000'
   read-back equal: True ( 523 bytes )
   Function Name.vi: SET
   Path.vi: SET
   Calling Convention.vi: SET
   Reentrant.vi: SET
   Parameter Info.vi: get
   (left default) Parameter Info.vi parameters info
   Function Dec.vi: get
pre-op ran (FGVs set)
run 0.1 s
error out = (False, 0, '')
error out 2 = (True, 74, 'Unflatten From String in OpCLFNBuild_v0.vi')
Prototype = ''
Terms[] = ()
data string = '0000000f0000000000000001000000020000000000000000000000000000000000000863616c5f70617468000000010002000200000000000000000000000000000000000009706978656c5f7074720000000100000007000000000000000000000000000000000000106c696e655f77696474685f627974657300000001000000020000000000000000000000000000000000000577696474680000000100000002000000000000000000000000000000000000066865696768740000000100000002000000000000000000000000000000000000026e6200000001000000020000000000000000000000000000000000000678797a5f696e000000010001000900000000000000000000000000000000000007676f6f645f696e00000001000100040000000000000000000000000000000000000778797a5f6f75740000000100010009000000000000000000000000000000000000076964785f6f7574000000010001000200000000000000000000000000000000000008676f6f645f6f7574000000010001000400000000000
data string 2 = '00000000'
target now: CallLibrary 1 nodes 7 ExecState 0
BGRUN END rc=0 after 1s
