BGRUN START 2026-09-09 12:40:09 limit 25.0 min: py -u tools/bench/probe_chain.py MN
LabVIEW up after 14 s, version 26.3.1f1
dialogs: 8,1346,762| / ENABLED|2556704|0,0,0,0|LabVIEW / VERDICT: clear (no modal dialog)
lv_restart rc 0
M01 ret + cal_path (str None cstr dims 0): base ExecState 1 -> after CLFN ExecState 0 | terms 4 errs ((False, 0, ''), (False, 0, '')) | nodes 1 invokes 0 wires 0 | 0.9 s
M02 ret + pixel_ptr (num U64 value dims 0): base ExecState 1 -> after CLFN ExecState 0 | terms 4 errs ((False, 0, ''), (False, 0, '')) | nodes 1 invokes 0 wires 0 | 0.2 s
M03 ret + line_width_bytes (num I32 value dims 0): base ExecState 1 -> after CLFN ExecState 0 | terms 4 errs ((False, 0, ''), (False, 0, '')) | nodes 1 invokes 0 wires 0 | 0.2 s
M04 ret + width (num I32 value dims 0): base ExecState 1 -> after CLFN ExecState 0 | terms 4 errs ((False, 0, ''), (False, 0, '')) | nodes 1 invokes 0 wires 0 | 0.2 s
M05 ret + height (num I32 value dims 0): base ExecState 1 -> after CLFN ExecState 0 | terms 4 errs ((False, 0, ''), (False, 0, '')) | nodes 1 invokes 0 wires 0 | 0.2 s
M06 ret + nb (num I32 value dims 0): base ExecState 1 -> after CLFN ExecState 0 | terms 4 errs ((False, 0, ''), (False, 0, '')) | nodes 1 invokes 0 wires 0 | 0.2 s
M07 ret + xyz_in (arr DBL dataptr dims 1): base ExecState 1 -> after CLFN ExecState 0 | terms 4 errs ((False, 0, ''), (False, 0, '')) | nodes 1 invokes 0 wires 0 | 0.2 s
M08 ret + good_in (arr U8 dataptr dims 1): base ExecState 1 -> after CLFN ExecState 0 | terms 4 errs ((False, 0, ''), (False, 0, '')) | nodes 1 invokes 0 wires 0 | 0.2 s
M09 ret + xyz_out (arr DBL dataptr dims 1): base ExecState 1 -> after CLFN ExecState 0 | terms 4 errs ((False, 0, ''), (False, 0, '')) | nodes 1 invokes 0 wires 0 | 0.2 s
M10 ret + idx_out (arr I32 dataptr dims 1): base ExecState 1 -> after CLFN ExecState 0 | terms 4 errs ((False, 0, ''), (False, 0, '')) | nodes 1 invokes 0 wires 0 | 0.2 s
M11 ret + good_out (arr U8 dataptr dims 1): base ExecState 1 -> after CLFN ExecState 0 | terms 4 errs ((False, 0, ''), (False, 0, '')) | nodes 1 invokes 0 wires 0 | 0.2 s
M12 ret + status (str None cstr dims 0): base ExecState 1 -> after CLFN ExecState 0 | terms 4 errs ((False, 0, ''), (False, 0, '')) | nodes 1 invokes 0 wires 0 | 0.2 s
M13 ret + status_len (num I32 value dims 0): base ExecState 1 -> after CLFN ExecState 0 | terms 4 errs ((False, 0, ''), (False, 0, '')) | nodes 1 invokes 0 wires 0 | 0.2 s
M14 ret + flags (num I32 value dims 0): base ExecState 1 -> after CLFN ExecState 0 | terms 4 errs ((False, 0, ''), (False, 0, '')) | nodes 1 invokes 0 wires 0 | 0.2 s
N1 ret + cal_path dims1 numI32: base ExecState 1 -> after CLFN ExecState 0 | terms 4 errs ((False, 0, ''), (False, 0, '')) | nodes 1 invokes 0 wires 0 | 0.2 s
N2 ret + cal_path dims0 numI32: base ExecState 1 -> after CLFN ExecState 0 | terms 4 errs ((False, 0, ''), (False, 0, '')) | nodes 1 invokes 0 wires 0 | 0.2 s
N3 ret + cal_path dims1 numI8: base ExecState 1 -> after CLFN ExecState 0 | terms 4 errs ((False, 0, ''), (False, 0, '')) | nodes 1 invokes 0 wires 0 | 0.2 s
N4 ret + width I32 dims1: base ExecState 1 -> after CLFN ExecState 0 | terms 4 errs ((False, 0, ''), (False, 0, '')) | nodes 1 invokes 0 wires 0 | 0.2 s
probe rc 0
BGRUN END rc=0 after 132s
