BGRUN START 2026-10-02 03:29:36 limit 30.0 min: py -u tools/bench/diag_c130_2_suite.py guard_bash protocol guard_peer selftest_c130_2_peerfact
BGRUN PID 23984
SUITE selftest_stoprecord_c130_2               rc=0 gates={'pass': 37, 'fail': 0} OK 0s 
SUITE selftest_c103d_hooks                     rc=0 gates={'pass': 17, 'fail': 0} OK 0s 
SUITE selftest_c106d_tools                     rc=0 gates={'pass': 23, 'fail': 0} OK 1s 
SUITE selftest_guard_bash_jev                  rc=0 gates={'pass': 12, 'fail': 0} OK 3s 
SUITE selftest_launch_gate                     rc=0 gates={'pass': 29, 'fail': 0} OK 5s 
SUITE selftest_c110_launchgate                 rc=0 gates={'pass': 10, 'fail': 0} OK 0s 
SUITE selftest_c121_3_gatefp                   rc=0 gates={'pass': 30, 'fail': 0} OK 0s 
SUITE selftest_chat_p1                         rc=0 gates={'pass': 46, 'fail': 0} OK 5s 
SUITE selftest_protocol_wiring                 rc=0 gates={'pass': 66, 'fail': 0} OK 10s 
SUITE selftest_guard_session                   rc=0 gates=- OK 5s 
SUITE selftest_g6_peerset                      rc=0 gates={'pass': 13, 'fail': 0} OK 250s 
SUITE selftest_c100_v5wrap                     rc=0 gates={'pass': 6, 'fail': 0} OK 0s 
SUITE selftest_requires                        rc=0 gates={'pass': 7, 'fail': 0} OK 1s 
SUITE selftest_next_gate_jev                   rc=0 gates={'pass': 9, 'fail': 0} OK 0s 
SUITE selftest_retry_cap                       rc=0 gates={'pass': 8, 'fail': 0} OK 11s 
SUITE selftest_motor_gate2                     rc=0 gates=
85/85 PASS, 0 FAIL OK 7s 
SUITE selftest_stoprecord_c116a                rc=0 gates={'pass': 38, 'fail': 0} OK 0s 
SUITE selftest_stoprecord_offline_c107         rc=0 gates={'pass': 26, 'fail': 0} OK 0s 
SUITE selftest_stoprecord_table                rc=0 gates=- OK 1s 
SUITE selftest_stoprecord_bgrun                rc=0 gates=- OK 0s 
SUITE selftest_stoprecord_eqform               rc=0 gates=- OK 2s 
SUITE selftest_stoprecord_supersession         rc=0 gates=- OK 2s 
SUITE selftest_c130_2_tools                    rc=0 gates={'pass': 31, 'fail': 0} OK 3s 
SUITE selftest_card_clock                      rc=0 gates={'pass': 5, 'fail': 0} OK 0s 
SUITE selftest_protocol                        rc=0 gates={'pass': 48, 'fail': 0} OK 5s 
SUITE selftest_chat_p2                         rc=0 gates={'pass': 25, 'fail': 0} OK 5s 
SUITE selftest_c125_1                          rc=0 gates={'pass': 20, 'fail': 0} OK 25s 
SUITE selftest_c108e_tools                     rc=0 gates={'pass': 13, 'fail': 0} OK 9s 
SUITE selftest_guard_peer_ladder               rc=0 gates=- OK 1s 
SUITE selftest_guard_peer_budget               rc=0 gates=- OK 27s 
SUITE selftest_guard_peer_77_measure           rc=0 gates={'pass': 1, 'fail': 0} OK 2s 
SUITE selftest_guard_peer_scan_tmp             rc=0 gates=- OK 0s 
SUITE selftest_guard_peer_samerow              rc=0 gates={'pass': 21, 'fail': 0} OK 0s 
SUITE selftest_guard_peer_failre               rc=0 gates=- OK 7s 
SUITE selftest_guard_peer_jev                  rc=0 gates={'pass': 29, 'fail': 0} OK 14s 
SUITE selftest_jev_ladder_action               rc=0 gates=- OK 24s 
SUITE selftest_stamp_window                    rc=0 gates=- OK 23s 
SUITE selftest_audit_c4c_split                 rc=0 gates==== GATES: 33 pass / 0 fail OK 44s 
SUITE selftest_logclass_cmd                    rc=0 gates={'pass': 28, 'fail': 0} OK 115s 
SUITE selftest_c130_2_peerfact                 rc=0 gates={'pass': 7, 'fail': 0} OK 2s 
=== SUITE: 40 ok / 0 fail
RESULT {"schema":"result-line/1","status":"PASS","gates":{"pass":40,"fail":0},"first_fail":null,"artefacts":[]}
BGRUN END rc=0 after 612s
