BGRUN START 2026-09-23 02:54:05 limit 25.0 min: py -u tools/bench/diag_c90_live_endpoints.py

---------- [0] FILES ONLY - the input's md5, the pins, the claudeDev listing
  FACT  claudeDev holds 238 .vi file(s) BEFORE the run
  PASS  K1 input md5 == 0b84595245dd650c0e8fd3f57104782c  got 0b84595245dd650c0e8fd3f57104782c
  FACT  PIN BEFORE ORIGINAL         2a78e17c449cacdaf5da389818526859  (want 2a78e17c449cacdaf5da389818526859) OK
  FACT  PIN BEFORE S1 D1_s1_copy    3e3d23cefd3a334001aa9d6156bf1aee  (want 3e3d23cefd3a334001aa9d6156bf1aee) OK
  FACT  PIN BEFORE S2 D1_s2_loops   6ff19497f2309e007a214660bb64b911  (want 6ff19497f2309e007a214660bb64b911) OK
  FACT  PIN BEFORE ROW2 bed         26c54ff784cb5cea21edbd214d2cc3a0  (want 26c54ff784cb5cea21edbd214d2cc3a0) OK
  FACT  PIN BEFORE M3a-2            3842f5e6f128226235dc78353f26ef44  (want 3842f5e6f128226235dc78353f26ef44) OK
  PASS  K2 the ORIGINAL's md5 is 2a78e17c449cacdaf5da389818526859  got 2a78e17c449cacdaf5da389818526859 at G:\Codes\LabVIEW_Codes\MinLab\zz_LabView VI\AAA_UNIST\2. Tracking\Min_Track N beads V6_ParallelLoop.vi

---------- [1] RESTART LabVIEW (standing authority; fresh ~31,500 handles)
  FACT  LabVIEW handle count BEFORE the restart: 33916
  FACT  LabVIEW handle count AFTER the restart: 33993
  FACT  PRELOAD: the ORIGINAL is resident READ-ONLY (LabVIEW 26.3.1f1), its own ExecState 1; nothing opened, nothing saved

---------- [2] THE DATED WORK COPY under claudeDev - the input is never opened for writing
  PASS  K3 the work copy is byte-identical to the input  diag_c90_live_endpoints_20260923_025405.vi
  FACT  ExecState [after open] diag_c90_live_endpoints_20260923_025405.vi = 0
  FACT  THE WORK COPY IS A SCRATCH: this stage saves nothing, so diag_c90_live_endpoints_20260923_025405.vi is deleted at close

---------- [E] THE 11 - every terminal row read OFF THE WIRE (no wmap, no Diagram.Nodes[])
  FACT  TERMINAL NAME is NOT a column of OpWireSource_v5 (no name indicator in tools/bench/opwiresource_v5_labels.json) - reported absent, never invented
  FACT  E w1731 OpWireSource_v5(UID 2 = 1731): 2 row(s), 1 with a REAL owner
  FACT      E w1731   t0  is_source=True  owner_class='LeftShiftRegister'        owner_uid=4344    recip=1731
  FACT      E w1731   t1  is_source=None  owner_class=None                       owner_uid=None    recip=None  READ ERROR errO=error 1055: Property Node in OpWireSource_v5.vi; errU=error 1055: Property Node in OpWireSource_v5.vi; errG=error 1055: Property Node in OpWireSource_v5.vi; errS=error 1055: Property Node in OpWireSource_v5.vi; errWU=error 1055: Property Node in OpWireSource_v5.vi; errCO=error 1055: Property Node in OpWireSource_v5.vi
  FACT  E w1731 PD85 PRECONDITION: 1 real-owner row(s), 0 violate recip==queried_uid
  FACT  NET w1731: source-terminal owners [('LeftShiftRegister', 4344)] ; every owner [('LeftShiftRegister', 4344)] ; PD85 0
  FACT  E w1731 ROW VERBATIM {'i': 0, 'is_source': True, 'owner_class': 'LeftShiftRegister', 'owner_uid': 4344, 'recip': 1731}
  FACT  E w1731 ROW VERBATIM {'i': 1, 'err': 'errO=error 1055: Property Node in OpWireSource_v5.vi; errU=error 1055: Property Node in OpWireSource_v5.vi; errG=error 1055: Property Node in OpWireSource_v5.vi; errS=error 1055: Property Node in OpWireSource_v5.vi; errWU=error 1055: Property Node in OpWireSource_v5.vi; errCO=error 1055: Property Node in OpWireSource_v5.vi'}
  FACT  E w1731 OUTCOME agrees : rows_found 2 / rows_predicted 2 ; observed [('LeftShiftRegister', 4344, True)] ; predicted [('LeftShiftRegister', 4344, True), (None, 48, False)] ; unmatched []
  FACT  E w1893 OpWireSource_v5(UID 2 = 1893): 1 row(s), 0 with a REAL owner
  FACT      E w1893   t0  is_source=None  owner_class=None                       owner_uid=None    recip=None  READ ERROR errO=error 1055: Property Node in OpWireSource_v5.vi; errU=error 1055: Property Node in OpWireSource_v5.vi; errG=error 1055: Property Node in OpWireSource_v5.vi; errS=error 1055: Property Node in OpWireSource_v5.vi; errWU=error 1055: Property Node in OpWireSource_v5.vi; errCO=error 1055: Property Node in OpWireSource_v5.vi
  FACT  E w1893 PD85 PRECONDITION: 0 real-owner row(s), 0 violate recip==queried_uid
  FACT  NET w1893: source-terminal owners [] ; every owner [] ; PD85 0
  FACT  E w1893 ROW VERBATIM {'i': 0, 'err': 'errO=error 1055: Property Node in OpWireSource_v5.vi; errU=error 1055: Property Node in OpWireSource_v5.vi; errG=error 1055: Property Node in OpWireSource_v5.vi; errS=error 1055: Property Node in OpWireSource_v5.vi; errWU=error 1055: Property Node in OpWireSource_v5.vi; errCO=error 1055: Property Node in OpWireSource_v5.vi'}
  FACT  E w1893 OUTCOME unread : rows_found 1 / rows_predicted 2 ; observed [] ; predicted [(None, 3447, True), (None, 48, False)] ; unmatched []
  FACT  E w2819 OpWireSource_v5(UID 2 = 2819): 1 row(s), 0 with a REAL owner
  FACT      E w2819   t0  is_source=None  owner_class=None                       owner_uid=None    recip=None  READ ERROR errO=error 1055: Property Node in OpWireSource_v5.vi; errU=error 1055: Property Node in OpWireSource_v5.vi; errG=error 1055: Property Node in OpWireSource_v5.vi; errS=error 1055: Property Node in OpWireSource_v5.vi; errWU=error 1055: Property Node in OpWireSource_v5.vi; errCO=error 1055: Property Node in OpWireSource_v5.vi
  FACT  E w2819 PD85 PRECONDITION: 0 real-owner row(s), 0 violate recip==queried_uid
  FACT  NET w2819: source-terminal owners [] ; every owner [] ; PD85 0
  FACT  E w2819 ROW VERBATIM {'i': 0, 'err': 'errO=error 1055: Property Node in OpWireSource_v5.vi; errU=error 1055: Property Node in OpWireSource_v5.vi; errG=error 1055: Property Node in OpWireSource_v5.vi; errS=error 1055: Property Node in OpWireSource_v5.vi; errWU=error 1055: Property Node in OpWireSource_v5.vi; errCO=error 1055: Property Node in OpWireSource_v5.vi'}
  FACT  E w2819 OUTCOME unread : rows_found 1 / rows_predicted 2 ; observed [] ; predicted [(None, 3560, True), (None, 48, False)] ; unmatched []
  FACT  E w3947 OpWireSource_v5(UID 2 = 3947): 2 row(s), 1 with a REAL owner
  FACT      E w3947   t0  is_source=True  owner_class='LeftShiftRegister'        owner_uid=4274    recip=3947
  FACT      E w3947   t1  is_source=None  owner_class=None                       owner_uid=None    recip=None  READ ERROR errO=error 1055: Property Node in OpWireSource_v5.vi; errU=error 1055: Property Node in OpWireSource_v5.vi; errG=error 1055: Property Node in OpWireSource_v5.vi; errS=error 1055: Property Node in OpWireSource_v5.vi; errWU=error 1055: Property Node in OpWireSource_v5.vi; errCO=error 1055: Property Node in OpWireSource_v5.vi
  FACT  E w3947 PD85 PRECONDITION: 1 real-owner row(s), 0 violate recip==queried_uid
  FACT  NET w3947: source-terminal owners [('LeftShiftRegister', 4274)] ; every owner [('LeftShiftRegister', 4274)] ; PD85 0
  FACT  E w3947 ROW VERBATIM {'i': 0, 'is_source': True, 'owner_class': 'LeftShiftRegister', 'owner_uid': 4274, 'recip': 3947}
  FACT  E w3947 ROW VERBATIM {'i': 1, 'err': 'errO=error 1055: Property Node in OpWireSource_v5.vi; errU=error 1055: Property Node in OpWireSource_v5.vi; errG=error 1055: Property Node in OpWireSource_v5.vi; errS=error 1055: Property Node in OpWireSource_v5.vi; errWU=error 1055: Property Node in OpWireSource_v5.vi; errCO=error 1055: Property Node in OpWireSource_v5.vi'}
  FACT  E w3947 OUTCOME agrees : rows_found 2 / rows_predicted 2 ; observed [('LeftShiftRegister', 4274, True)] ; predicted [('LeftShiftRegister', 4274, True), (None, 48, False)] ; unmatched []
  FACT  E w4833 OpWireSource_v5(UID 2 = 4833): 1 row(s), 0 with a REAL owner
  FACT      E w4833   t0  is_source=None  owner_class=None                       owner_uid=None    recip=None  READ ERROR errO=error 1055: Property Node in OpWireSource_v5.vi; errU=error 1055: Property Node in OpWireSource_v5.vi; errG=error 1055: Property Node in OpWireSource_v5.vi; errS=error 1055: Property Node in OpWireSource_v5.vi; errWU=error 1055: Property Node in OpWireSource_v5.vi; errCO=error 1055: Property Node in OpWireSource_v5.vi
  FACT  E w4833 PD85 PRECONDITION: 0 real-owner row(s), 0 violate recip==queried_uid
  FACT  NET w4833: source-terminal owners [] ; every owner [] ; PD85 0
  FACT  E w4833 ROW VERBATIM {'i': 0, 'err': 'errO=error 1055: Property Node in OpWireSource_v5.vi; errU=error 1055: Property Node in OpWireSource_v5.vi; errG=error 1055: Property Node in OpWireSource_v5.vi; errS=error 1055: Property Node in OpWireSource_v5.vi; errWU=error 1055: Property Node in OpWireSource_v5.vi; errCO=error 1055: Property Node in OpWireSource_v5.vi'}
  FACT  E w4833 OUTCOME unread : rows_found 1 / rows_predicted 2 ; observed [] ; predicted [(None, 3529, True), (None, 48, False)] ; unmatched []
  FACT  E w7337 OpWireSource_v5(UID 2 = 7337): 2 row(s), 1 with a REAL owner
  FACT      E w7337   t0  is_source=False owner_class='RightShiftRegister'       owner_uid=4334    recip=7337
  FACT      E w7337   t1  is_source=None  owner_class=None                       owner_uid=None    recip=None  READ ERROR errO=error 1055: Property Node in OpWireSource_v5.vi; errU=error 1055: Property Node in OpWireSource_v5.vi; errG=error 1055: Property Node in OpWireSource_v5.vi; errS=error 1055: Property Node in OpWireSource_v5.vi; errWU=error 1055: Property Node in OpWireSource_v5.vi; errCO=error 1055: Property Node in OpWireSource_v5.vi
  FACT  E w7337 PD85 PRECONDITION: 1 real-owner row(s), 0 violate recip==queried_uid
  FACT  NET w7337: source-terminal owners [] ; every owner [('RightShiftRegister', 4334)] ; PD85 0
  FACT  E w7337 ROW VERBATIM {'i': 0, 'is_source': False, 'owner_class': 'RightShiftRegister', 'owner_uid': 4334, 'recip': 7337}
  FACT  E w7337 ROW VERBATIM {'i': 1, 'err': 'errO=error 1055: Property Node in OpWireSource_v5.vi; errU=error 1055: Property Node in OpWireSource_v5.vi; errG=error 1055: Property Node in OpWireSource_v5.vi; errS=error 1055: Property Node in OpWireSource_v5.vi; errWU=error 1055: Property Node in OpWireSource_v5.vi; errCO=error 1055: Property Node in OpWireSource_v5.vi'}
  FACT  E w7337 OUTCOME agrees : rows_found 2 / rows_predicted 2 ; observed [('RightShiftRegister', 4334, False)] ; predicted [(None, 10407, True), ('RightShiftRegister', 4334, False)] ; unmatched []
  FACT  E w7388 OpWireSource_v5(UID 2 = 7388): 1 row(s), 0 with a REAL owner
  FACT      E w7388   t0  is_source=None  owner_class=None                       owner_uid=None    recip=None  READ ERROR errO=error 1055: Property Node in OpWireSource_v5.vi; errU=error 1055: Property Node in OpWireSource_v5.vi; errG=error 1055: Property Node in OpWireSource_v5.vi; errS=error 1055: Property Node in OpWireSource_v5.vi; errWU=error 1055: Property Node in OpWireSource_v5.vi; errCO=error 1055: Property Node in OpWireSource_v5.vi
  FACT  E w7388 PD85 PRECONDITION: 0 real-owner row(s), 0 violate recip==queried_uid
  FACT  NET w7388: source-terminal owners [] ; every owner [] ; PD85 0
  FACT  E w7388 ROW VERBATIM {'i': 0, 'err': 'errO=error 1055: Property Node in OpWireSource_v5.vi; errU=error 1055: Property Node in OpWireSource_v5.vi; errG=error 1055: Property Node in OpWireSource_v5.vi; errS=error 1055: Property Node in OpWireSource_v5.vi; errWU=error 1055: Property Node in OpWireSource_v5.vi; errCO=error 1055: Property Node in OpWireSource_v5.vi'}
  FACT  E w7388 OUTCOME unread : rows_found 1 / rows_predicted 2 ; observed [] ; predicted [(None, 48, True), (None, 10407, False)] ; unmatched []
  FACT  E w9635 OpWireSource_v5(UID 2 = 9635): 2 row(s), 1 with a REAL owner
  FACT      E w9635   t0  is_source=True  owner_class='LoopTunnel'               owner_uid=9641    recip=9635
  FACT      E w9635   t1  is_source=None  owner_class=None                       owner_uid=None    recip=None  READ ERROR errO=error 1055: Property Node in OpWireSource_v5.vi; errU=error 1055: Property Node in OpWireSource_v5.vi; errG=error 1055: Property Node in OpWireSource_v5.vi; errS=error 1055: Property Node in OpWireSource_v5.vi; errWU=error 1055: Property Node in OpWireSource_v5.vi; errCO=error 1055: Property Node in OpWireSource_v5.vi
  FACT  E w9635 PD85 PRECONDITION: 1 real-owner row(s), 0 violate recip==queried_uid
  FACT  NET w9635: source-terminal owners [('LoopTunnel', 9641)] ; every owner [('LoopTunnel', 9641)] ; PD85 0
  FACT  E w9635 ROW VERBATIM {'i': 0, 'is_source': True, 'owner_class': 'LoopTunnel', 'owner_uid': 9641, 'recip': 9635}
  FACT  E w9635 ROW VERBATIM {'i': 1, 'err': 'errO=error 1055: Property Node in OpWireSource_v5.vi; errU=error 1055: Property Node in OpWireSource_v5.vi; errG=error 1055: Property Node in OpWireSource_v5.vi; errS=error 1055: Property Node in OpWireSource_v5.vi; errWU=error 1055: Property Node in OpWireSource_v5.vi; errCO=error 1055: Property Node in OpWireSource_v5.vi'}
  FACT  E w9635 OUTCOME agrees : rows_found 2 / rows_predicted 2 ; observed [('LoopTunnel', 9641, True)] ; predicted [('LoopTunnel', 9641, True), (None, 10407, False)] ; unmatched []
  FACT  E w11232 OpWireSource_v5(UID 2 = 11232): 1 row(s), 0 with a REAL owner
  FACT      E w11232   t0  is_source=None  owner_class=None                       owner_uid=None    recip=None  READ ERROR errO=error 1055: Property Node in OpWireSource_v5.vi; errU=error 1055: Property Node in OpWireSource_v5.vi; errG=error 1055: Property Node in OpWireSource_v5.vi; errS=error 1055: Property Node in OpWireSource_v5.vi; errWU=error 1055: Property Node in OpWireSource_v5.vi; errCO=error 1055: Property Node in OpWireSource_v5.vi
  FACT  E w11232 PD85 PRECONDITION: 0 real-owner row(s), 0 violate recip==queried_uid
  FACT  NET w11232: source-terminal owners [] ; every owner [] ; PD85 0
  FACT  E w11232 ROW VERBATIM {'i': 0, 'err': 'errO=error 1055: Property Node in OpWireSource_v5.vi; errU=error 1055: Property Node in OpWireSource_v5.vi; errG=error 1055: Property Node in OpWireSource_v5.vi; errS=error 1055: Property Node in OpWireSource_v5.vi; errWU=error 1055: Property Node in OpWireSource_v5.vi; errCO=error 1055: Property Node in OpWireSource_v5.vi'}
  FACT  E w11232 OUTCOME unread : rows_found 1 / rows_predicted 2 ; observed [] ; predicted [(None, 48, True), (None, 10407, False)] ; unmatched []
  FACT  E w23502 OpWireSource_v5(UID 2 = 23502): 1 row(s), 0 with a REAL owner
  FACT      E w23502   t0  is_source=None  owner_class=None                       owner_uid=None    recip=None  READ ERROR errO=error 1055: Property Node in OpWireSource_v5.vi; errU=error 1055: Property Node in OpWireSource_v5.vi; errG=error 1055: Property Node in OpWireSource_v5.vi; errS=error 1055: Property Node in OpWireSource_v5.vi; errWU=error 1055: Property Node in OpWireSource_v5.vi; errCO=error 1055: Property Node in OpWireSource_v5.vi
  FACT  E w23502 PD85 PRECONDITION: 0 real-owner row(s), 0 violate recip==queried_uid
  FACT  NET w23502: source-terminal owners [] ; every owner [] ; PD85 0
  FACT  E w23502 ROW VERBATIM {'i': 0, 'err': 'errO=error 1055: Property Node in OpWireSource_v5.vi; errU=error 1055: Property Node in OpWireSource_v5.vi; errG=error 1055: Property Node in OpWireSource_v5.vi; errS=error 1055: Property Node in OpWireSource_v5.vi; errWU=error 1055: Property Node in OpWireSource_v5.vi; errCO=error 1055: Property Node in OpWireSource_v5.vi'}
  FACT  E w23502 OUTCOME unread : rows_found 1 / rows_predicted 2 ; observed [] ; predicted [(None, 23499, True), (None, 10407, False)] ; unmatched []
  FACT  E w23540 OpWireSource_v5(UID 2 = 23540): 1 row(s), 0 with a REAL owner
  FACT      E w23540   t0  is_source=None  owner_class=None                       owner_uid=None    recip=None  READ ERROR errO=error 1055: Property Node in OpWireSource_v5.vi; errU=error 1055: Property Node in OpWireSource_v5.vi; errG=error 1055: Property Node in OpWireSource_v5.vi; errS=error 1055: Property Node in OpWireSource_v5.vi; errWU=error 1055: Property Node in OpWireSource_v5.vi; errCO=error 1055: Property Node in OpWireSource_v5.vi
  FACT  E w23540 PD85 PRECONDITION: 0 real-owner row(s), 0 violate recip==queried_uid
  FACT  NET w23540: source-terminal owners [] ; every owner [] ; PD85 0
  FACT  E w23540 ROW VERBATIM {'i': 0, 'err': 'errO=error 1055: Property Node in OpWireSource_v5.vi; errU=error 1055: Property Node in OpWireSource_v5.vi; errG=error 1055: Property Node in OpWireSource_v5.vi; errS=error 1055: Property Node in OpWireSource_v5.vi; errWU=error 1055: Property Node in OpWireSource_v5.vi; errCO=error 1055: Property Node in OpWireSource_v5.vi'}
  FACT  E w23540 OUTCOME unread : rows_found 1 / rows_predicted 2 ; observed [] ; predicted [(None, 23523, True), (None, 10407, False)] ; unmatched []
  ROW   E three-way outcome over the 11 : observed={'agrees': 4, 'disagrees': 0, 'unread': 7} expected={'agrees': 11, 'disagrees': 0, 'unread': 0}
  PASS  E1 all 11 wires were probed and recorded  11 record(s)

---------- [P] POSITIVE CONTROL - the identical read on wires that are NOT among the 11
  FACT  Wire census on the work copy: 1920 uid(s); err ''
  FACT  POSITIVE CONTROL candidates [23804, 23811, 23820, 25324, 7448] -> present in THIS artefact's census and not among the 11: [23804, 23811] (chosen because the record names them intact here)
  PASS  P1 at least two non-broken wires were available and probed  [23804, 23811]
  FACT  P w23804 OpWireSource_v5(UID 2 = 23804): 3 row(s), 2 with a REAL owner
  FACT      P w23804   t0  is_source=True  owner_class='ControlReferenceConstant' owner_uid=3529    recip=23804
  FACT      P w23804   t1  is_source=False owner_class='SubVI'                    owner_uid=48      recip=23804
  FACT      P w23804   t2  is_source=None  owner_class=None                       owner_uid=None    recip=None  READ ERROR errO=error 1055: Property Node in OpWireSource_v5.vi; errU=error 1055: Property Node in OpWireSource_v5.vi; errG=error 1055: Property Node in OpWireSource_v5.vi; errS=error 1055: Property Node in OpWireSource_v5.vi; errWU=error 1055: Property Node in OpWireSource_v5.vi; errCO=error 1055: Property Node in OpWireSource_v5.vi
  FACT  P w23804 PD85 PRECONDITION: 2 real-owner row(s), 0 violate recip==queried_uid
  FACT  NET w23804: source-terminal owners [('ControlReferenceConstant', 3529)] ; every owner [('ControlReferenceConstant', 3529), ('SubVI', 48)] ; PD85 0
  FACT  P w23804 ROW VERBATIM {'i': 0, 'is_source': True, 'owner_class': 'ControlReferenceConstant', 'owner_uid': 3529, 'recip': 23804}
  FACT  P w23804 ROW VERBATIM {'i': 1, 'is_source': False, 'owner_class': 'SubVI', 'owner_uid': 48, 'recip': 23804}
  FACT  P w23804 ROW VERBATIM {'i': 2, 'err': 'errO=error 1055: Property Node in OpWireSource_v5.vi; errU=error 1055: Property Node in OpWireSource_v5.vi; errG=error 1055: Property Node in OpWireSource_v5.vi; errS=error 1055: Property Node in OpWireSource_v5.vi; errWU=error 1055: Property Node in OpWireSource_v5.vi; errCO=error 1055: Property Node in OpWireSource_v5.vi'}
  FACT  P w23811 OpWireSource_v5(UID 2 = 23811): 3 row(s), 2 with a REAL owner
  FACT      P w23811   t0  is_source=True  owner_class='ControlReferenceConstant' owner_uid=3560    recip=23811
  FACT      P w23811   t1  is_source=False owner_class='SubVI'                    owner_uid=48      recip=23811
  FACT      P w23811   t2  is_source=None  owner_class=None                       owner_uid=None    recip=None  READ ERROR errO=error 1055: Property Node in OpWireSource_v5.vi; errU=error 1055: Property Node in OpWireSource_v5.vi; errG=error 1055: Property Node in OpWireSource_v5.vi; errS=error 1055: Property Node in OpWireSource_v5.vi; errWU=error 1055: Property Node in OpWireSource_v5.vi; errCO=error 1055: Property Node in OpWireSource_v5.vi
  FACT  P w23811 PD85 PRECONDITION: 2 real-owner row(s), 0 violate recip==queried_uid
  FACT  NET w23811: source-terminal owners [('ControlReferenceConstant', 3560)] ; every owner [('ControlReferenceConstant', 3560), ('SubVI', 48)] ; PD85 0
  FACT  P w23811 ROW VERBATIM {'i': 0, 'is_source': True, 'owner_class': 'ControlReferenceConstant', 'owner_uid': 3560, 'recip': 23811}
  FACT  P w23811 ROW VERBATIM {'i': 1, 'is_source': False, 'owner_class': 'SubVI', 'owner_uid': 48, 'recip': 23811}
  FACT  P w23811 ROW VERBATIM {'i': 2, 'err': 'errO=error 1055: Property Node in OpWireSource_v5.vi; errU=error 1055: Property Node in OpWireSource_v5.vi; errG=error 1055: Property Node in OpWireSource_v5.vi; errS=error 1055: Property Node in OpWireSource_v5.vi; errWU=error 1055: Property Node in OpWireSource_v5.vi; errCO=error 1055: Property Node in OpWireSource_v5.vi'}
  PASS  P2 every positive control returned >= 1 owner row (so the reader CAN read this artefact)  [(23804, 3, 2), (23811, 3, 2)]

---------- [N] NEGATIVE CONTROL - a never-allocated uid; only the uid echo catches it
  PASS  N1 uid 999983 is NOT in the Wire census  999983
  FACT  N w999983 OpWireSource_v5(UID 2 = 999983): 1 row(s), 0 with a REAL owner
  FACT      N w999983   t0  is_source=None  owner_class=None                       owner_uid=None    recip=None  READ ERROR uid echo 23811 != queried 999983
  FACT  N w999983 PD85 PRECONDITION: 0 real-owner row(s), 0 violate recip==queried_uid
  FACT  NET w999983: source-terminal owners [] ; every owner [] ; PD85 0
  FACT  N w999983 ROW VERBATIM {'i': 0, 'unresolved': True, 'uid_back': 23811, 'err': 'uid echo 23811 != queried 999983'}
  FACT  N uid echo column(s): [23811, 23811] ; owners returned []
  PASS  N2 the uid echo MISMATCHES 999983 (a matching echo would mean a fabricated answer)  echo [23811, 23811] rows_with_owner 0
  FACT  ARTEFACT G:\Codes\LabVIEW_Codes\MinLab\zz_LabView VI\AAA_UNIST\2. Tracking\V6_ParallelLoop\tools\bench\m3a4_live_endpoints.json : 14381 B, 14 record(s)
  PASS  A1 the artefact exists on disk  G:\Codes\LabVIEW_Codes\MinLab\zz_LabView VI\AAA_UNIST\2. Tracking\V6_ParallelLoop\tools\bench\m3a4_live_endpoints.json

---------- [H] HYGIENE
  FACT  close_panel(diag_c90_live_endpoints_20260923_025405.vi) raised com_error: (-2147352567, '??? ??????.', (6649, 'LabVIEW', 'LabVIEW: (Hex 0x47D) Cannot close or set the state of a closed front panel. The front panel must already be open before you close it or set its state.', None, 0, 0), None)
  FACT  PRELOAD references released; refs {'opened': 4, 'closed': 4, 'live': 0, 'cached_op_vis': 2}
  FACT  gscript ref_counts: {'opened': 4, 'closed': 4, 'live': 0, 'cached_op_vis': 2}
  PASS  H5 VI-Server reference counter level (opened == closed)  {'opened': 4, 'closed': 4, 'live': 0, 'cached_op_vis': 2}
  FACT  LabVIEW handle count AFTER the work: 45761
  PASS  H4 scratch deleted: diag_c90_live_endpoints_20260923_025405.vi  C:\Program Files\National Instruments\LabVIEW 2026\user.lib\claudeDev\diag_c90_live_endpoints_20260923_025405.vi
  PASS  H2 the INPUT's md5 is UNCHANGED after the run  before 0b84595245dd650c0e8fd3f57104782c / after 0b84595245dd650c0e8fd3f57104782c
  FACT  PIN AFTER  ORIGINAL         2a78e17c449cacdaf5da389818526859  (want 2a78e17c449cacdaf5da389818526859) OK
  FACT  PIN AFTER  S1 D1_s1_copy    3e3d23cefd3a334001aa9d6156bf1aee  (want 3e3d23cefd3a334001aa9d6156bf1aee) OK
  FACT  PIN AFTER  S2 D1_s2_loops   6ff19497f2309e007a214660bb64b911  (want 6ff19497f2309e007a214660bb64b911) OK
  FACT  PIN AFTER  ROW2 bed         26c54ff784cb5cea21edbd214d2cc3a0  (want 26c54ff784cb5cea21edbd214d2cc3a0) OK
  FACT  PIN AFTER  M3a-2            3842f5e6f128226235dc78353f26ef44  (want 3842f5e6f128226235dc78353f26ef44) OK
  PASS  H3 every md5 pin still holds
  FACT  THE FILES THIS RUN LEFT ON DISK: []  (removed: [])
  PASS  H6 the files left on disk == [] and nothing was removed  added [] removed []
  FACT  LabVIEW handle count at exit: 33996

====================================================================================================
=== GATES: 14 pass / 0 fail
JSON: G:\Codes\LabVIEW_Codes\MinLab\zz_LabView VI\AAA_UNIST\2. Tracking\V6_ParallelLoop\tools\bench\diag_c90_live_endpoints.json   elapsed 113.7 s
BGRUN END rc=0 after 114s
