BGRUN START 2026-09-26 10:30:53 limit 10.0 min: py -u tools/bench/diag_c93b_abba.py --dry
BGRUN PID 17612
PRELAUNCH readers: {'R1 tra rule on INDEX-51 leg == (True@8, False@7)': True, 'R2 lost reader on INDEX-51 leg == 144': True, "R3 capture reader on INDEX-51 leg == ['723452']": True, 'R4 stats reader == 13804.85 / 8423.0': True}
=== LEG leg1 A@8 start 0.0 min; camera {"camera": "DRY", "hz": 90.0}
  [c92c leg] src C:\Program Files\National Instruments\LabVIEW 2026\user.lib\claudeDev\D1_s1_copy.vi picks 8 run-s 120 stamps False out G:\Codes\LabVIEW_Codes\MinLab\zz_LabView VI\AAA_UNIST\2. Tracking\V6_ParallelLoop\tools\bench\t0_legs\c93b_abba8_20260926_103054_dry\leg1_A_p8_a1 dry True
  [c92c leg] CAPTURE(DRY) {"tag": "bead 1 (refe", "t": 1790382065.9504561, "panel_hwnd": 71107920, "tid": 15720, "ok": true, "hwndCapture": 15140914, "capture_win": {"hwnd": 15140914, "class": "LVDChild", "title": "LabVIEW", "pid": 25972}, "flags": 0, "dry": true}
  [c92c leg] CAPTURE(DRY) {"tag": "after-release-1", "t": 1790382069.0228608, "panel_hwnd": 71107920, "tid": 15720, "ok": true, "hwndCapture": 0, "capture_win": null, "flags": 0, "dry": true}
  [c92c leg] CAPTURE(DRY) {"tag": "bead 2 (magn", "t": 1790382073.4105785, "panel_hwnd": 71107920, "tid": 15720, "ok": true, "hwndCapture": 0, "capture_win": null, "flags": 0, "dry": true}
  [c92c leg] CAPTURE(DRY) {"tag": "bead 3 (magn", "t": 1790382077.8045897, "panel_hwnd": 71107920, "tid": 15720, "ok": true, "hwndCapture": 0, "capture_win": null, "flags": 0, "dry": true}
  [c92c leg] CAPTURE(DRY) {"tag": "bead 4 (magn", "t": 1790382082.229287, "panel_hwnd": 71107920, "tid": 15720, "ok": true, "hwndCapture": 0, "capture_win": null, "flags": 0, "dry": true}
  [c92c leg] CAPTURE(DRY) {"tag": "bead 5 (magn", "t": 1790382086.6077533, "panel_hwnd": 71107920, "tid": 15720, "ok": true, "hwndCapture": 0, "capture_win": null, "flags": 0, "dry": true}
  [c92c leg] CAPTURE(DRY) {"tag": "bead 6 (magn", "t": 1790382091.0031664, "panel_hwnd": 71107920, "tid": 15720, "ok": true, "hwndCapture": 0, "capture_win": null, "flags": 0, "dry": true}
  [c92c leg] CAPTURE(DRY) {"tag": "bead 7 (magn", "t": 1790382095.4049757, "panel_hwnd": 71107920, "tid": 15720, "ok": true, "hwndCapture": 0, "capture_win": null, "flags": 0, "dry": true}
  [c92c leg] CAPTURE(DRY) {"tag": "bead 8 (magn", "t": 1790382099.7902477, "panel_hwnd": 71107920, "tid": 15720, "ok": true, "hwndCapture": 0, "capture_win": null, "flags": 0, "dry": true}
  FAILING: 93 G93 post-run TMX? still 39
  GATE M1 run copy md5 == source                PASS
  GATE M2 reached experiment loop               PASS
  GATE M3 frames >= 2000                        PASS
  GATE M4 stopped by the VI's own control       PASS
  GATE M5 cal+tra written                       PASS
  GATE M6 LabVIEW gone (tasklist)               PASS
  GATE M7 bed md5 unchanged                     PASS
  GATE M8 run copy deleted                      PASS
  RESULT {"schema":"result-line/1","status":"PASS","gates":{"pass":8,"fail":0},"first_fail":null,"artefacts":[{"path":"tools\\bench\\m8_replay_s1_p8_r120_dry.json","md5":"7fec6cbf3816ac3867c79e0b01ad3113"}]}
  REGISTERED picks target=8 tra=-0.9879548517520216 lost='0' releases=1 cap_class_pick1='LVDChild'
  GATE H1 capture read before every pick (== picks)         PASS
  GATE H2 before pick 1 no capture held (after any release) PASS
  GATE U1 >=1 pick click                                    PASS
  GATE U2 tra exact for target N (reported; sequencer reruns) FAIL
  RESULT {"schema":"result-line/1","status":"PASS","gates":{"pass":5,"fail":0},"first_fail":null,"artefacts":[{"path":"tools\\bench\\t0_legs\\c93b_abba8_20260926_103054_dry\\leg1_A_p8_a1\\leg.json","md5":"3517b4351f6eaac4fdda642f47e0842b"}]}
ROW {"leg": "leg1 A@8", "arm": "A", "slot": 1, "attempt": 1, "rc": 0, "secs": 1, "dir": "tools\\bench\\t0_legs\\c93b_abba8_20260926_103054_dry\\leg1_A_p8_a1", "lost_frames": 0, "frames_delta": 10800, "measured_hz": 90.0, "picks_registered_tra": -0.9879548517520216, "capture_class_before_pick1": "LVDChild", "releases": 1, "stamp_counts": {}, "pm": {"H1 capture read before every pick (== picks)": true, "H2 before pick 1 no capture held (after any release)": true, "U1 >=1 pick click": true, "U2 tra exact for target N (reported; sequencer reruns)": false}, "v5_failing": ["G93"], "stop_latency_s": 1.0, "motor_tmx_after": null, "tiffs": 0, "source_md5": "3e3d23cefd3a334001aa9d6156bf1aee", "stamp_meta": {}, "period_top15_iter_ms": null, "registered_ok": true}
  PRE-PICK CAPTURE [('bead 1 (refe', 15140914, 'LVDChild'), ('bead 2 (magn', 0, None), ('bead 3 (magn', 0, None), ('bead 4 (magn', 0, None), ('bead 5 (magn', 0, None), ('bead 6 (magn', 0, None), ('bead 7 (magn', 0, None), ('bead 8 (magn', 0, None)]
=== LEG leg2 B@8 start 0.0 min; camera {"camera": "DRY", "hz": 90.0}
  [c92c leg] src C:\Program Files\National Instruments\LabVIEW 2026\user.lib\claudeDev\D1_s1_t0at_20260926_090833.vi picks 8 run-s 120 stamps True out G:\Codes\LabVIEW_Codes\MinLab\zz_LabView VI\AAA_UNIST\2. Tracking\V6_ParallelLoop\tools\bench\t0_legs\c93b_abba8_20260926_103054_dry\leg2_B_p8_a1 dry True
  [c92c leg] CAPTURE(DRY) {"tag": "bead 1 (refe", "t": 1790382065.9504561, "panel_hwnd": 71107920, "tid": 15720, "ok": true, "hwndCapture": 15140914, "capture_win": {"hwnd": 15140914, "class": "LVDChild", "title": "LabVIEW", "pid": 25972}, "flags": 0, "dry": true}
  [c92c leg] CAPTURE(DRY) {"tag": "after-release-1", "t": 1790382069.0228608, "panel_hwnd": 71107920, "tid": 15720, "ok": true, "hwndCapture": 0, "capture_win": null, "flags": 0, "dry": true}
  [c92c leg] CAPTURE(DRY) {"tag": "bead 2 (magn", "t": 1790382073.4105785, "panel_hwnd": 71107920, "tid": 15720, "ok": true, "hwndCapture": 0, "capture_win": null, "flags": 0, "dry": true}
  [c92c leg] CAPTURE(DRY) {"tag": "bead 3 (magn", "t": 1790382077.8045897, "panel_hwnd": 71107920, "tid": 15720, "ok": true, "hwndCapture": 0, "capture_win": null, "flags": 0, "dry": true}
  [c92c leg] CAPTURE(DRY) {"tag": "bead 4 (magn", "t": 1790382082.229287, "panel_hwnd": 71107920, "tid": 15720, "ok": true, "hwndCapture": 0, "capture_win": null, "flags": 0, "dry": true}
  [c92c leg] CAPTURE(DRY) {"tag": "bead 5 (magn", "t": 1790382086.6077533, "panel_hwnd": 71107920, "tid": 15720, "ok": true, "hwndCapture": 0, "capture_win": null, "flags": 0, "dry": true}
  [c92c leg] CAPTURE(DRY) {"tag": "bead 6 (magn", "t": 1790382091.0031664, "panel_hwnd": 71107920, "tid": 15720, "ok": true, "hwndCapture": 0, "capture_win": null, "flags": 0, "dry": true}
  [c92c leg] CAPTURE(DRY) {"tag": "bead 7 (magn", "t": 1790382095.4049757, "panel_hwnd": 71107920, "tid": 15720, "ok": true, "hwndCapture": 0, "capture_win": null, "flags": 0, "dry": true}
  [c92c leg] CAPTURE(DRY) {"tag": "bead 8 (magn", "t": 1790382099.7902477, "panel_hwnd": 71107920, "tid": 15720, "ok": true, "hwndCapture": 0, "capture_win": null, "flags": 0, "dry": true}
  FAILING: 93 G93 post-run TMX? still 39
  GATE M1 run copy md5 == source                PASS
  GATE M2 reached experiment loop               PASS
  GATE M3 frames >= 2000                        PASS
  GATE M4 stopped by the VI's own control       PASS
  GATE M5 cal+tra written                       PASS
  GATE M6 LabVIEW gone (tasklist)               PASS
  GATE M7 bed md5 unchanged                     PASS
  GATE M8 run copy deleted                      PASS
  RESULT {"schema":"result-line/1","status":"PASS","gates":{"pass":8,"fail":0},"first_fail":null,"artefacts":[{"path":"tools\\bench\\m8_replay_s1_p8_r120_dry.json","md5":"d9fb843ccc98cd3e3935b41ece1b1bb4"}]}
  REGISTERED picks target=8 tra=-0.9879548517520216 lost='0' releases=1 cap_class_pick1='LVDChild'
  GATE H1 capture read before every pick (== picks)         PASS
  GATE H2 before pick 1 no capture held (after any release) PASS
  GATE U1 >=1 pick click                                    PASS
  GATE U2 tra exact for target N (reported; sequencer reruns) FAIL
  GATE K2 stamp files sites 00/10/20 >= 1                   PASS
  GATE K3 nothing in the default stamp dir                  PASS
  RESULT {"schema":"result-line/1","status":"PASS","gates":{"pass":7,"fail":0},"first_fail":null,"artefacts":[{"path":"tools\\bench\\t0_legs\\c93b_abba8_20260926_103054_dry\\leg2_B_p8_a1\\leg.json","md5":"24a368d754d2e1a418dbdbeba6cd5255"}]}
ROW {"leg": "leg2 B@8", "arm": "B", "slot": 2, "attempt": 1, "rc": 0, "secs": 1, "dir": "tools\\bench\\t0_legs\\c93b_abba8_20260926_103054_dry\\leg2_B_p8_a1", "lost_frames": 0, "frames_delta": 10800, "measured_hz": 90.0, "picks_registered_tra": -0.9879548517520216, "capture_class_before_pick1": "LVDChild", "releases": 1, "stamp_counts": {"t0_site00_pid26352.bin": 10983, "t0_site02_pid26352.bin": 10983, "t0_site03_pid26352.bin": 10983, "t0_site04_pid26352.bin": 10983, "t0_site06_pid26352.bin": 10983, "t0_site08_pid26352.bin": 10983, "t0_site10_pid26352.bin": 2999, "t0_site11_pid26352.bin": 2999, "t0_site12_pid26352.bin": 2999, "t0_site13_pid26352.bin": 2999, "t0_site16_pid26352.bin": 2999, "t0_site20_pid26352.bin": 3199}, "pm": {"H1 capture read before every pick (== picks)": true, "H2 before pick 1 no capture held (after any release)": true, "U1 >=1 pick click": true, "U2 tra exact for target N (reported; sequencer reruns)": false, "K2 stamp files sites 00/10/20 >= 1": true, "K3 nothing in the default stamp dir": true}, "v5_failing": ["G93"], "stop_latency_s": 1.0, "motor_tmx_after": null, "tiffs": 0, "source_md5": "30a15c6772d5ef3336ed274abc4c2f40", "stamp_meta": {}, "period_top15_iter_ms": [[1023, 211.834], [2047, 137.126], [7167, 131.775], [4095, 129.856], [6143, 128.607], [5119, 125.571], [9215, 121.511], [8191, 116.542], [3071, 111.819], [10239, 108.067], [6927, 42.334], [19, 39.781], [44, 39.337], [46, 39.204], [3450, 37.016]], "registered_ok": true}
  PRE-PICK CAPTURE [('bead 1 (refe', 15140914, 'LVDChild'), ('bead 2 (magn', 0, None), ('bead 3 (magn', 0, None), ('bead 4 (magn', 0, None), ('bead 5 (magn', 0, None), ('bead 6 (magn', 0, None), ('bead 7 (magn', 0, None), ('bead 8 (magn', 0, None)]
=== LEG leg3 B@8 start 0.0 min; camera {"camera": "DRY", "hz": 90.0}
  [c92c leg] src C:\Program Files\National Instruments\LabVIEW 2026\user.lib\claudeDev\D1_s1_t0at_20260926_090833.vi picks 8 run-s 120 stamps True out G:\Codes\LabVIEW_Codes\MinLab\zz_LabView VI\AAA_UNIST\2. Tracking\V6_ParallelLoop\tools\bench\t0_legs\c93b_abba8_20260926_103054_dry\leg3_B_p8_a1 dry True
  [c92c leg] CAPTURE(DRY) {"tag": "bead 1 (refe", "t": 1790382065.9504561, "panel_hwnd": 71107920, "tid": 15720, "ok": true, "hwndCapture": 15140914, "capture_win": {"hwnd": 15140914, "class": "LVDChild", "title": "LabVIEW", "pid": 25972}, "flags": 0, "dry": true}
  [c92c leg] CAPTURE(DRY) {"tag": "after-release-1", "t": 1790382069.0228608, "panel_hwnd": 71107920, "tid": 15720, "ok": true, "hwndCapture": 0, "capture_win": null, "flags": 0, "dry": true}
  [c92c leg] CAPTURE(DRY) {"tag": "bead 2 (magn", "t": 1790382073.4105785, "panel_hwnd": 71107920, "tid": 15720, "ok": true, "hwndCapture": 0, "capture_win": null, "flags": 0, "dry": true}
  [c92c leg] CAPTURE(DRY) {"tag": "bead 3 (magn", "t": 1790382077.8045897, "panel_hwnd": 71107920, "tid": 15720, "ok": true, "hwndCapture": 0, "capture_win": null, "flags": 0, "dry": true}
  [c92c leg] CAPTURE(DRY) {"tag": "bead 4 (magn", "t": 1790382082.229287, "panel_hwnd": 71107920, "tid": 15720, "ok": true, "hwndCapture": 0, "capture_win": null, "flags": 0, "dry": true}
  [c92c leg] CAPTURE(DRY) {"tag": "bead 5 (magn", "t": 1790382086.6077533, "panel_hwnd": 71107920, "tid": 15720, "ok": true, "hwndCapture": 0, "capture_win": null, "flags": 0, "dry": true}
  [c92c leg] CAPTURE(DRY) {"tag": "bead 6 (magn", "t": 1790382091.0031664, "panel_hwnd": 71107920, "tid": 15720, "ok": true, "hwndCapture": 0, "capture_win": null, "flags": 0, "dry": true}
  [c92c leg] CAPTURE(DRY) {"tag": "bead 7 (magn", "t": 1790382095.4049757, "panel_hwnd": 71107920, "tid": 15720, "ok": true, "hwndCapture": 0, "capture_win": null, "flags": 0, "dry": true}
  [c92c leg] CAPTURE(DRY) {"tag": "bead 8 (magn", "t": 1790382099.7902477, "panel_hwnd": 71107920, "tid": 15720, "ok": true, "hwndCapture": 0, "capture_win": null, "flags": 0, "dry": true}
  FAILING: 93 G93 post-run TMX? still 39
  GATE M1 run copy md5 == source                PASS
  GATE M2 reached experiment loop               PASS
  GATE M3 frames >= 2000                        PASS
  GATE M4 stopped by the VI's own control       PASS
  GATE M5 cal+tra written                       PASS
  GATE M6 LabVIEW gone (tasklist)               PASS
  GATE M7 bed md5 unchanged                     PASS
  GATE M8 run copy deleted                      PASS
  RESULT {"schema":"result-line/1","status":"PASS","gates":{"pass":8,"fail":0},"first_fail":null,"artefacts":[{"path":"tools\\bench\\m8_replay_s1_p8_r120_dry.json","md5":"523dccb088d8edae21cce2bf9b6c3cf6"}]}
  REGISTERED picks target=8 tra=-0.9879548517520216 lost='0' releases=1 cap_class_pick1='LVDChild'
  GATE H1 capture read before every pick (== picks)         PASS
  GATE H2 before pick 1 no capture held (after any release) PASS
  GATE U1 >=1 pick click                                    PASS
  GATE U2 tra exact for target N (reported; sequencer reruns) FAIL
  GATE K2 stamp files sites 00/10/20 >= 1                   PASS
  GATE K3 nothing in the default stamp dir                  PASS
  RESULT {"schema":"result-line/1","status":"PASS","gates":{"pass":7,"fail":0},"first_fail":null,"artefacts":[{"path":"tools\\bench\\t0_legs\\c93b_abba8_20260926_103054_dry\\leg3_B_p8_a1\\leg.json","md5":"87653bca73d348e8d5017748ce9f231c"}]}
ROW {"leg": "leg3 B@8", "arm": "B", "slot": 3, "attempt": 1, "rc": 0, "secs": 1, "dir": "tools\\bench\\t0_legs\\c93b_abba8_20260926_103054_dry\\leg3_B_p8_a1", "lost_frames": 0, "frames_delta": 10800, "measured_hz": 90.0, "picks_registered_tra": -0.9879548517520216, "capture_class_before_pick1": "LVDChild", "releases": 1, "stamp_counts": {"t0_site00_pid26352.bin": 10983, "t0_site02_pid26352.bin": 10983, "t0_site03_pid26352.bin": 10983, "t0_site04_pid26352.bin": 10983, "t0_site06_pid26352.bin": 10983, "t0_site08_pid26352.bin": 10983, "t0_site10_pid26352.bin": 2999, "t0_site11_pid26352.bin": 2999, "t0_site12_pid26352.bin": 2999, "t0_site13_pid26352.bin": 2999, "t0_site16_pid26352.bin": 2999, "t0_site20_pid26352.bin": 3199}, "pm": {"H1 capture read before every pick (== picks)": true, "H2 before pick 1 no capture held (after any release)": true, "U1 >=1 pick click": true, "U2 tra exact for target N (reported; sequencer reruns)": false, "K2 stamp files sites 00/10/20 >= 1": true, "K3 nothing in the default stamp dir": true}, "v5_failing": ["G93"], "stop_latency_s": 1.0, "motor_tmx_after": null, "tiffs": 0, "source_md5": "30a15c6772d5ef3336ed274abc4c2f40", "stamp_meta": {}, "period_top15_iter_ms": [[1023, 211.834], [2047, 137.126], [7167, 131.775], [4095, 129.856], [6143, 128.607], [5119, 125.571], [9215, 121.511], [8191, 116.542], [3071, 111.819], [10239, 108.067], [6927, 42.334], [19, 39.781], [44, 39.337], [46, 39.204], [3450, 37.016]], "registered_ok": true}
  PRE-PICK CAPTURE [('bead 1 (refe', 15140914, 'LVDChild'), ('bead 2 (magn', 0, None), ('bead 3 (magn', 0, None), ('bead 4 (magn', 0, None), ('bead 5 (magn', 0, None), ('bead 6 (magn', 0, None), ('bead 7 (magn', 0, None), ('bead 8 (magn', 0, None)]
=== LEG leg4 A@8 start 0.1 min; camera {"camera": "DRY", "hz": 90.0}
  [c92c leg] src C:\Program Files\National Instruments\LabVIEW 2026\user.lib\claudeDev\D1_s1_copy.vi picks 8 run-s 120 stamps False out G:\Codes\LabVIEW_Codes\MinLab\zz_LabView VI\AAA_UNIST\2. Tracking\V6_ParallelLoop\tools\bench\t0_legs\c93b_abba8_20260926_103054_dry\leg4_A_p8_a1 dry True
  [c92c leg] CAPTURE(DRY) {"tag": "bead 1 (refe", "t": 1790382065.9504561, "panel_hwnd": 71107920, "tid": 15720, "ok": true, "hwndCapture": 15140914, "capture_win": {"hwnd": 15140914, "class": "LVDChild", "title": "LabVIEW", "pid": 25972}, "flags": 0, "dry": true}
  [c92c leg] CAPTURE(DRY) {"tag": "after-release-1", "t": 1790382069.0228608, "panel_hwnd": 71107920, "tid": 15720, "ok": true, "hwndCapture": 0, "capture_win": null, "flags": 0, "dry": true}
  [c92c leg] CAPTURE(DRY) {"tag": "bead 2 (magn", "t": 1790382073.4105785, "panel_hwnd": 71107920, "tid": 15720, "ok": true, "hwndCapture": 0, "capture_win": null, "flags": 0, "dry": true}
  [c92c leg] CAPTURE(DRY) {"tag": "bead 3 (magn", "t": 1790382077.8045897, "panel_hwnd": 71107920, "tid": 15720, "ok": true, "hwndCapture": 0, "capture_win": null, "flags": 0, "dry": true}
  [c92c leg] CAPTURE(DRY) {"tag": "bead 4 (magn", "t": 1790382082.229287, "panel_hwnd": 71107920, "tid": 15720, "ok": true, "hwndCapture": 0, "capture_win": null, "flags": 0, "dry": true}
  [c92c leg] CAPTURE(DRY) {"tag": "bead 5 (magn", "t": 1790382086.6077533, "panel_hwnd": 71107920, "tid": 15720, "ok": true, "hwndCapture": 0, "capture_win": null, "flags": 0, "dry": true}
  [c92c leg] CAPTURE(DRY) {"tag": "bead 6 (magn", "t": 1790382091.0031664, "panel_hwnd": 71107920, "tid": 15720, "ok": true, "hwndCapture": 0, "capture_win": null, "flags": 0, "dry": true}
  [c92c leg] CAPTURE(DRY) {"tag": "bead 7 (magn", "t": 1790382095.4049757, "panel_hwnd": 71107920, "tid": 15720, "ok": true, "hwndCapture": 0, "capture_win": null, "flags": 0, "dry": true}
  [c92c leg] CAPTURE(DRY) {"tag": "bead 8 (magn", "t": 1790382099.7902477, "panel_hwnd": 71107920, "tid": 15720, "ok": true, "hwndCapture": 0, "capture_win": null, "flags": 0, "dry": true}
  FAILING: 93 G93 post-run TMX? still 39
  GATE M1 run copy md5 == source                PASS
  GATE M2 reached experiment loop               PASS
  GATE M3 frames >= 2000                        PASS
  GATE M4 stopped by the VI's own control       PASS
  GATE M5 cal+tra written                       PASS
  GATE M6 LabVIEW gone (tasklist)               PASS
  GATE M7 bed md5 unchanged                     PASS
  GATE M8 run copy deleted                      PASS
  RESULT {"schema":"result-line/1","status":"PASS","gates":{"pass":8,"fail":0},"first_fail":null,"artefacts":[{"path":"tools\\bench\\m8_replay_s1_p8_r120_dry.json","md5":"c0a53bcb3d648016779b1e4079e3278b"}]}
  REGISTERED picks target=8 tra=-0.9879548517520216 lost='0' releases=1 cap_class_pick1='LVDChild'
  GATE H1 capture read before every pick (== picks)         PASS
  GATE H2 before pick 1 no capture held (after any release) PASS
  GATE U1 >=1 pick click                                    PASS
  GATE U2 tra exact for target N (reported; sequencer reruns) FAIL
  RESULT {"schema":"result-line/1","status":"PASS","gates":{"pass":5,"fail":0},"first_fail":null,"artefacts":[{"path":"tools\\bench\\t0_legs\\c93b_abba8_20260926_103054_dry\\leg4_A_p8_a1\\leg.json","md5":"cc9e94a614c3a2eb41ba41a353974161"}]}
ROW {"leg": "leg4 A@8", "arm": "A", "slot": 4, "attempt": 1, "rc": 0, "secs": 1, "dir": "tools\\bench\\t0_legs\\c93b_abba8_20260926_103054_dry\\leg4_A_p8_a1", "lost_frames": 0, "frames_delta": 10800, "measured_hz": 90.0, "picks_registered_tra": -0.9879548517520216, "capture_class_before_pick1": "LVDChild", "releases": 1, "stamp_counts": {}, "pm": {"H1 capture read before every pick (== picks)": true, "H2 before pick 1 no capture held (after any release)": true, "U1 >=1 pick click": true, "U2 tra exact for target N (reported; sequencer reruns)": false}, "v5_failing": ["G93"], "stop_latency_s": 1.0, "motor_tmx_after": null, "tiffs": 0, "source_md5": "3e3d23cefd3a334001aa9d6156bf1aee", "stamp_meta": {}, "period_top15_iter_ms": null, "registered_ok": true}
  PRE-PICK CAPTURE [('bead 1 (refe', 15140914, 'LVDChild'), ('bead 2 (magn', 0, None), ('bead 3 (magn', 0, None), ('bead 4 (magn', 0, None), ('bead 5 (magn', 0, None), ('bead 6 (magn', 0, None), ('bead 7 (magn', 0, None), ('bead 8 (magn', 0, None)]
camera restored: {"camera": "DRY", "hz": 90.0}
GATE R1 tra rule on INDEX-51 leg == (True@8, False@7)           PASS
GATE R2 lost reader on INDEX-51 leg == 144                      PASS
GATE R3 capture reader on INDEX-51 leg == ['723452']            PASS
GATE R4 stats reader == 13804.85 / 8423.0                       PASS
GATE T9 claudeDev t0stamp.dll == v2 before legs                 PASS
GATE T2 leg1 A@8 LabVIEW gone before                            PASS
GATE T4 leg1 A@8 camera 90 Hz before                            PASS
GATE T6 leg1 A@8 LabVIEW gone after                             PASS
GATE T1 leg1 A@8 rc 0                                           PASS
GATE T3 leg1 A@8 0 TIFFs                                        PASS
GATE T5 leg1 A@8 fps within 15%                                 PASS
GATE T10 leg1 A@8 TMX 39                                        PASS
GATE H2 leg1 A@8 no capture before pick 1                       PASS
GATE T12 slot1 A registered == 8 (<= 1 rerun)                   PASS
GATE T2 leg2 B@8 LabVIEW gone before                            PASS
GATE T4 leg2 B@8 camera 90 Hz before                            PASS
GATE T6 leg2 B@8 LabVIEW gone after                             PASS
GATE T1 leg2 B@8 rc 0                                           PASS
GATE T3 leg2 B@8 0 TIFFs                                        PASS
GATE T5 leg2 B@8 fps within 15%                                 PASS
GATE T10 leg2 B@8 TMX 39                                        PASS
GATE H2 leg2 B@8 no capture before pick 1                       PASS
GATE T12 slot2 B registered == 8 (<= 1 rerun)                   PASS
GATE T2 leg3 B@8 LabVIEW gone before                            PASS
GATE T4 leg3 B@8 camera 90 Hz before                            PASS
GATE T6 leg3 B@8 LabVIEW gone after                             PASS
GATE T1 leg3 B@8 rc 0                                           PASS
GATE T3 leg3 B@8 0 TIFFs                                        PASS
GATE T5 leg3 B@8 fps within 15%                                 PASS
GATE T10 leg3 B@8 TMX 39                                        PASS
GATE H2 leg3 B@8 no capture before pick 1                       PASS
GATE T12 slot3 B registered == 8 (<= 1 rerun)                   PASS
GATE T2 leg4 A@8 LabVIEW gone before                            PASS
GATE T4 leg4 A@8 camera 90 Hz before                            PASS
GATE T6 leg4 A@8 LabVIEW gone after                             PASS
GATE T1 leg4 A@8 rc 0                                           PASS
GATE T3 leg4 A@8 0 TIFFs                                        PASS
GATE T5 leg4 A@8 fps within 15%                                 PASS
GATE T10 leg4 A@8 TMX 39                                        PASS
GATE H2 leg4 A@8 no capture before pick 1                       PASS
GATE T12 slot4 A registered == 8 (<= 1 rerun)                   PASS
GATE T7 camera restored 90 Hz                                   PASS
GATE T8 S1/t0/t0at/kswap/bed md5 unchanged                      PASS
GATE T9b claudeDev t0stamp.dll == v2 after legs                 PASS
GATE T13 table written                                          PASS
SUMMARY {"leg1 A@8": {"lost": 0, "reg": -0.9879548517520216, "cap1": "LVDChild", "rel": 1}, "leg2 B@8": {"lost": 0, "reg": -0.9879548517520216, "cap1": "LVDChild", "rel": 1}, "leg3 B@8": {"lost": 0, "reg": -0.9879548517520216, "cap1": "LVDChild", "rel": 1}, "leg4 A@8": {"lost": 0, "reg": -0.9879548517520216, "cap1": "LVDChild", "rel": 1}}
LOST BY ARM {"A": [0, 0], "B": [0, 0]}
SITES leg2 B@8 {"637_tracking": {"iterations": 10983, "period_median_us": 11159.400000000001, "period_p95_us": 12960.47, "sites": {"2": {"stamps": 10983, "median_us": 9694.9, "p95_us": 11478.68}, "3": {"stamps": 10983, "median_us": 10534.1, "p95_us": 12017.840000000002}, "4": {"stamps": 10983, "median_us": 10770.300000000001, "p95_us": 12286.150000000001}, "6": {"stamps": 10983, "median_us": 9722.7, "p95_us": 11502.12}, "8": {"stamps": 10983, "median_us": 9741.9, "p95_us": 11532.99}}}, "15173_display": {"iterations": 2999, "period_median_us": 11678.35, "period_p95_us": 32602.63000000001, "sites": {"11": {"stamps": 2999, "median_us": 9096.800000000001, "p95_us": 16452.850000000002}, "12": {"stamps": 2999, "median_us": 9600.800000000001, "p95_us": 16945.14}, "13": {"stamps": 2999, "median_us": 10480.800000000001, "p95_us": 17323.82}, "16": {"stamps": 2999, "median_us": 11090.7, "p95_us": 18403.49}}}, "25380": {"iterations": 3199, "period_median_us": 34249.9, "period_p95_us": 49113.67, "sites": {}}}
SITES leg3 B@8 {"637_tracking": {"iterations": 10983, "period_median_us": 11159.400000000001, "period_p95_us": 12960.47, "sites": {"2": {"stamps": 10983, "median_us": 9694.9, "p95_us": 11478.68}, "3": {"stamps": 10983, "median_us": 10534.1, "p95_us": 12017.840000000002}, "4": {"stamps": 10983, "median_us": 10770.300000000001, "p95_us": 12286.150000000001}, "6": {"stamps": 10983, "median_us": 9722.7, "p95_us": 11502.12}, "8": {"stamps": 10983, "median_us": 9741.9, "p95_us": 11532.99}}}, "15173_display": {"iterations": 2999, "period_median_us": 11678.35, "period_p95_us": 32602.63000000001, "sites": {"11": {"stamps": 2999, "median_us": 9096.800000000001, "p95_us": 16452.850000000002}, "12": {"stamps": 2999, "median_us": 9600.800000000001, "p95_us": 16945.14}, "13": {"stamps": 2999, "median_us": 10480.800000000001, "p95_us": 17323.82}, "16": {"stamps": 2999, "median_us": 11090.7, "p95_us": 18403.49}}}, "25380": {"iterations": 3199, "period_median_us": 34249.9, "period_p95_us": 49113.67, "sites": {}}}
RESULT {"schema":"result-line/1","status":"PASS","gates":{"pass":45,"fail":0},"first_fail":null,"artefacts":[{"path":"tools\\bench\\m8_flushfree8_93_dry.json","md5":"0e2335023350cee2d63438b6fa42a6cf"}]}
BGRUN END rc=0 after 5s
