BGRUN START 2026-09-26 08:57:25 limit 15.0 min: py -u tools/bench/diag_c92_clfn_thread.py
GATE R1 report_all(t0, CallLibrary) == 12 == step-3c uids         PASS  ([24309, 23258, 23076, 23004, 22997, 22989, 22968, 24015, 24012, 24008, 23534, 23466], [22968, 22989, 22997, 23004, 23076, 23258, 23466, 23534, 24008, 24012, 24015, 24309])
ROW {"index": 0, "uid_report_all": 24309, "uid_echo": 24309, "err": null, "uid_err": null, "AnyThread": false, "LibraryPath": "C:\\Program Files\\National Instruments\\LabVIEW 2026\\user.lib\\claudeDev\\t0stamp.dll", "CallingConvention": 0, "property_ids": {"AnyThread": "636D403", "LibraryPath": "636D400", "CallingConvention": "636D402"}}
ROW {"index": 1, "uid_report_all": 23258, "uid_echo": 23258, "err": null, "uid_err": null, "AnyThread": false, "LibraryPath": "C:\\Program Files\\National Instruments\\LabVIEW 2026\\user.lib\\claudeDev\\t0stamp.dll", "CallingConvention": 0, "property_ids": {"AnyThread": "636D403", "LibraryPath": "636D400", "CallingConvention": "636D402"}}
ROW {"index": 2, "uid_report_all": 23076, "uid_echo": 23076, "err": null, "uid_err": null, "AnyThread": false, "LibraryPath": "C:\\Program Files\\National Instruments\\LabVIEW 2026\\user.lib\\claudeDev\\t0stamp.dll", "CallingConvention": 0, "property_ids": {"AnyThread": "636D403", "LibraryPath": "636D400", "CallingConvention": "636D402"}}
ROW {"index": 3, "uid_report_all": 23004, "uid_echo": 23004, "err": null, "uid_err": null, "AnyThread": false, "LibraryPath": "C:\\Program Files\\National Instruments\\LabVIEW 2026\\user.lib\\claudeDev\\t0stamp.dll", "CallingConvention": 0, "property_ids": {"AnyThread": "636D403", "LibraryPath": "636D400", "CallingConvention": "636D402"}}
ROW {"index": 4, "uid_report_all": 22997, "uid_echo": 22997, "err": null, "uid_err": null, "AnyThread": false, "LibraryPath": "C:\\Program Files\\National Instruments\\LabVIEW 2026\\user.lib\\claudeDev\\t0stamp.dll", "CallingConvention": 0, "property_ids": {"AnyThread": "636D403", "LibraryPath": "636D400", "CallingConvention": "636D402"}}
ROW {"index": 5, "uid_report_all": 22989, "uid_echo": 22989, "err": null, "uid_err": null, "AnyThread": false, "LibraryPath": "C:\\Program Files\\National Instruments\\LabVIEW 2026\\user.lib\\claudeDev\\t0stamp.dll", "CallingConvention": 0, "property_ids": {"AnyThread": "636D403", "LibraryPath": "636D400", "CallingConvention": "636D402"}}
ROW {"index": 6, "uid_report_all": 22968, "uid_echo": 22968, "err": null, "uid_err": null, "AnyThread": false, "LibraryPath": "C:\\Program Files\\National Instruments\\LabVIEW 2026\\user.lib\\claudeDev\\t0stamp.dll", "CallingConvention": 0, "property_ids": {"AnyThread": "636D403", "LibraryPath": "636D400", "CallingConvention": "636D402"}}
ROW {"index": 7, "uid_report_all": 24015, "uid_echo": 24015, "err": null, "uid_err": null, "AnyThread": false, "LibraryPath": "C:\\Program Files\\National Instruments\\LabVIEW 2026\\user.lib\\claudeDev\\t0stamp.dll", "CallingConvention": 0, "property_ids": {"AnyThread": "636D403", "LibraryPath": "636D400", "CallingConvention": "636D402"}}
ROW {"index": 8, "uid_report_all": 24012, "uid_echo": 24012, "err": null, "uid_err": null, "AnyThread": false, "LibraryPath": "C:\\Program Files\\National Instruments\\LabVIEW 2026\\user.lib\\claudeDev\\t0stamp.dll", "CallingConvention": 0, "property_ids": {"AnyThread": "636D403", "LibraryPath": "636D400", "CallingConvention": "636D402"}}
ROW {"index": 9, "uid_report_all": 24008, "uid_echo": 24008, "err": null, "uid_err": null, "AnyThread": false, "LibraryPath": "C:\\Program Files\\National Instruments\\LabVIEW 2026\\user.lib\\claudeDev\\t0stamp.dll", "CallingConvention": 0, "property_ids": {"AnyThread": "636D403", "LibraryPath": "636D400", "CallingConvention": "636D402"}}
ROW {"index": 10, "uid_report_all": 23534, "uid_echo": 23534, "err": null, "uid_err": null, "AnyThread": false, "LibraryPath": "C:\\Program Files\\National Instruments\\LabVIEW 2026\\user.lib\\claudeDev\\t0stamp.dll", "CallingConvention": 0, "property_ids": {"AnyThread": "636D403", "LibraryPath": "636D400", "CallingConvention": "636D402"}}
ROW {"index": 11, "uid_report_all": 23466, "uid_echo": 23466, "err": null, "uid_err": null, "AnyThread": false, "LibraryPath": "C:\\Program Files\\National Instruments\\LabVIEW 2026\\user.lib\\claudeDev\\t0stamp.dll", "CallingConvention": 0, "property_ids": {"AnyThread": "636D403", "LibraryPath": "636D400", "CallingConvention": "636D402"}}
GATE R2 uid echo == report_all uid for all 12                     PASS  
GATE R3 12 rows with a boolean AnyThread and no error text        PASS  [(24309, False, ''), (23258, False, ''), (23076, False, ''), (23004, False, ''), (22997, False, ''), (22989, False, ''), (22968, False, ''), (24015, False, ''), (24012, False, ''), (24008, False, ''), (23534, False, ''), (23466, False, '')]
GATE R4 t0 md5 unchanged                                          PASS  25ea4f7d10d91c41c4b5de64f850c945
GATE R5 LabVIEW gone at exit                                      PASS  
RESULT {"schema":"result-line/1","status":"PASS","gates":{"pass":5,"fail":0},"first_fail":null,"artefacts":[{"path":"tools\\bench\\t0_clfn_thread_92.json","md5":"dddcf1052f02ed2873533e6d65673c00"}]}
BGRUN END rc=0 after 73s
