BGRUN START 2026-09-21 02:51:44 limit 45.0 min: py -u tools/bench/diag_s3b_l0_createlocal.py
=== diag_s3b_l0_createlocal  2026-09-21 02:51:44
=== S3b-L0: build OpCreateLocal_v0.vi (49(d)) and self-test it on a scratch copy
  FACT  LabVIEW handles BEFORE: 34167
  FACT  T1 ORIGINAL (read-only probe): HASH G:\Codes\LabVIEW_Codes\MinLab\zz_LabView VI\AAA_UNIST\2. Tracking\Min_Track N beads V6_ParallelLoop.vi | exists=1 | size=473317 | md5=2a78e17c449cacdaf5da389818526859 | sha256=f827a67e91cc2a51284cdce0ada5d34ecf89cf865bca5f0bdfa870f0020df4bb
  PASS  T1 the ORIGINAL's md5 equals the pin  2a78e17c449cacdaf5da389818526859
  FACT  T1b D1_s1_copy.vi: HASH C:\Program Files\National Instruments\LabVIEW 2026\user.lib\claudeDev\D1_s1_copy.vi | exists=1 | size=474202 | md5=3e3d23cefd3a334001aa9d6156bf1aee | sha256=1ab3360021cb04f03e8fe4a503d1972aefa26a34ed5b8fd9393ec6899330e0f7
  PASS  T1b D1_s1_copy.vi md5 == 3e3d23cefd3a334001aa9d6156bf1aee  3e3d23cefd3a334001aa9d6156bf1aee
  FACT  T2 the S2 artefact: HASH C:\Program Files\National Instruments\LabVIEW 2026\user.lib\claudeDev\D1_s2_loops.vi | exists=1 | size=475707 | md5=6ff19497f2309e007a214660bb64b911 | sha256=d52e754e29a85e9cc3ddeb039f6c5e325c9094c5e1f8c944059d4a5f7b33c3f5
  PASS  T2 D1_s2_loops.vi md5 == 6ff19497f2309e007a214660bb64b911  6ff19497f2309e007a214660bb64b911
  FACT  T3 the S3a artefact (the self-test bed's SOURCE, never the bed): HASH C:\Program Files\National Instruments\LabVIEW 2026\user.lib\claudeDev\D1_s3a_focus_ind.vi | exists=1 | size=476172 | md5=eef91c1d91f16b034707e4d1285ca8cb | sha256=8afd9f95e280139e64aa648906ba7f799e8d0ae39aabfae42c93ef4f102d23bb
  PASS  T3 D1_s3a_focus_ind.vi md5 == eef91c1d91f16b034707e4d1285ca8cb  eef91c1d91f16b034707e4d1285ca8cb
  FACT  T4 the DONOR OpFPLabels_v0.vi: HASH C:\Program Files\National Instruments\LabVIEW 2026\user.lib\claudeDev\OpFPLabels_v0.vi | exists=1 | size=9485 | md5=5f2da97f2d016abf9ad211706d4ab3f6 | sha256=e0f726d2dec5b8aabfae5b0875229b180182ae3a51270d763f26e16208cb07f9
  PASS  T4 the donor OpFPLabels_v0.vi is on disk  '5f2da97f2d016abf9ad211706d4ab3f6'
  FACT  T5 RESTART (pre-batch, 44(e) / STATUS ## NEXT line 77): lv_restart rc=0 ['dialogs: ,1346,762| / ENABLED|44304518|0,0,0,0|LabVIEW / VERDICT: clear (no modal dialog)']
  FACT  LabVIEW handles AFTER the pre-batch restart: 30687

===================================================================
=== S3b-L0 PHASE A   build OpCreateLocal_v0.vi from donor OpFPLabels_v0.vi
===================================================================
  FACT  L0_a0 the op file at creation (copied from the donor): HASH C:\Program Files\National Instruments\LabVIEW 2026\user.lib\claudeDev\OpCreateLocal_v0.vi | exists=1 | size=9485 | md5=5f2da97f2d016abf9ad211706d4ab3f6 | sha256=e0f726d2dec5b8aabfae5b0875229b180182ae3a51270d763f26e16208cb07f9
  FACT  ExecState [A the copy, before any edit] = 1
  FACT  A baseline census of the copy: {'Node': 8, 'Wire': 9, 'Property': 4, 'IndexArray': 1, 'Invoke': 0}
  PASS  L0_a1 the copy opens and reads ExecState 1 before any edit  1
  FACT  A the copy's IndexArray objects: [{'i': 0, 'uid': 308, 'pos': (605, 284)}]
  PASS  L0_a2 exactly ONE IndexArray is on the copy's diagram  1

--------- L0_a3  build_invoke('VI Server:Control', '6331C02') at (760, 430)
  FACT  L0_a3 build_invoke -> new [{'uid': 306, 'pos': (745, 430)}] ; Invoke census 0 -> 1 ; error VERBATIM ''
  PASS  L0_a3 build_invoke put exactly 1 new Invoke on the copy  [{'uid': 306, 'pos': (745, 430)}] (a RAISE is a legitimate reading - 49(d) rider)

--------- L0_a4  the new Invoke's FULL terminal table (the 49(d) RIDER measurement)
  FACT  L0_a4 the Invoke #306 sits at Nodes[8]; FULL terminal table READ OFF THE MACHINE: [{'i': 0, 'name': 'reference', 'is_source': False, 'wire': 0}, {'i': 1, 'name': 'reference out', 'is_source': True, 'wire': 0}, {'i': 2, 'name': 'error in (no error)', 'is_source': False, 'wire': 0}, {'i': 3, 'name': 'error out', 'is_source': True, 'wire': 0}, {'i': 4, 'name': 'Create Local', 'is_source': False, 'wire': 0}, {'i': 5, 'name': 'Create Local', 'is_source': True, 'wire': 0}]
  FACT  L0_a4 RIDER: terminals BEYOND reference/reference out/error in/error out = [{'i': 4, 'name': 'Create Local', 'is_source': False, 'wire': 0}, {'i': 5, 'name': 'Create Local', 'is_source': True, 'wire': 0}]. An EMPTY list corroborates the wiki's 'no input parameters, returns a Local refnum only' (49(c)); a NON-EMPTY list is the measurement 49(d)'s rider anticipates and is NOT a failure.
  PASS  L0_a4 the new Invoke's FULL terminal table was READ off the machine  6 terminals
  PASS  L0_a5 the Invoke carries a terminal named 'reference'  {'i': 0, 'name': 'reference', 'is_source': False, 'wire': 0}

--------- L0_a6  IA.'element' -> INV.'reference'  (a BRANCH: the donor already wires `element`)
  FACT  L0_a6 wire IA.element -> INV.reference: Wire census 9 -> 9 ; error VERBATIM '' ; the reference terminal AFTER = {'i': 0, 'name': 'reference', 'is_source': False, 'wire': 193}
  PASS  L0_a6 the wire landed - empty error column AND a non-zero wire uid on 'reference'  error '', reference wire 193
  FACT  ExecState [A after the wiring] = 1
  PASS  L0_a7 ExecState == 1 after the wiring  *** THE OP'S OWN PASS CRITERION ***  1
  FACT  A census after the edit: {'Node': 9, 'Wire': 9, 'Invoke': 1, 'Property': 4}
  FACT  A the op's own front-panel objects (its API): [(0, 'vi path', False), (1, 'Class Name', False), (2, 'Class Name 2', False), (3, 'Names', False), (4, 'Names 2', False), (5, 'index', False), (6, 'index 2', False), (7, 'error out', True), (8, 'Text', True), (9, 'Indicator', True)]
  FACT  A saved 9688 bytes
  FACT  L0_a8 the op VI after the save: OpCreateLocal_v0.vi md5 58275b212dfa040685613e3edbf403f2 size 9688 B; version bytes [{'offset': 36, 'bytes': '26 00 80 00'}]
  PASS  L0_a8 g.save returned a byte count and the file reads LV2026 (26 00 80 00)  9688 / [{'offset': 36, 'bytes': '26 00 80 00'}]

===================================================================
=== S3b-L0 PHASE B   self-test on SCRATCH_L0_20260921_025144.vi
=== the bed is a SCRATCH duplicate of D1_s3a_focus_ind.vi (49(e): never the artefact itself)
===================================================================
  FACT  L0_b0 the scratch at creation: HASH C:\Program Files\National Instruments\LabVIEW 2026\user.lib\claudeDev\SCRATCH_L0_20260921_025144.vi | exists=1 | size=476172 | md5=eef91c1d91f16b034707e4d1285ca8cb | sha256=8afd9f95e280139e64aa648906ba7f799e8d0ae39aabfae42c93ef4f102d23bb
  PASS  L0_b0 the scratch copy is byte-identical to D1_s3a_focus_ind.vi at creation  eef91c1d91f16b034707e4d1285ca8cb (expected eef91c1d91f16b034707e4d1285ca8cb)
  FACT  ExecState [B the scratch, before any call] = 1
  FACT  B baseline: ExecState 1, `Local` census 8 (docs/toolkit-capabilities.md:284 records 8 on this VI - the READING is the gate, never the 8), ControlTerminal census 116
  PASS  L0_b1 the scratch opens at ExecState 1 and its `Local` census was READ  ExecState 1, Local 8
  FACT  B fp_labels swept 116 panel objects in 12.0 s; 'index' is at Panel.Controls[114]; duplicate labels []
  PASS  L0_b2 'index' is on the scratch's front panel and its position resolved  114

--------- L0_b3  CALL 1  create_local(scratch, 'index', dest = TopLevelDiagram #536)
  FACT  L0_b3 CALL 1 run 0.05 s; the op's own `Text` (the label it WALKED TO, off the machine) = 'index' ; run error VERBATIM '' ; error cluster VERBATIM (False, 0, '')
  FACT  L0_b3 `Local` uid census 8 -> 9 ; NEW uids [23507] ; LOST uids []
  PASS  L0_b3 CALL 1 returned and its error column / dialog text was captured VERBATIM  ''
  PASS  L0_b4 CALL 1 created EXACTLY ONE new Local  [23507] (zero is a LEGITIMATE reading - it is the 49(d) rider's answer)
  OBSERVED uid 23507 -> owner 'TopLevelDiagram' uid 536 | self 'Local'#23507 | 482 says 'TopLevelDiagram' cast 'TopLevelDiagram' |  
  FACT  readback owner of the new Local: owner_of(#23507) = ('TopLevelDiagram', 536) [strict=True] error VERBATIM ''
  FACT  readback of Local #23507: class 'Local', owner ('TopLevelDiagram', 536), BOUND LABEL READ OFF THE MACHINE None (hex None)
  FAIL  L0_b5 the new Local's class, owner and bound label were READ off the machine  class 'Local' owner ('TopLevelDiagram', 536) bound None
  FAIL  L0_b6 the bound label equals the label asked for  *** THE L0 PASS CRITERION (49(e)) ***  None vs 'index'
  FACT  ExecState [B after CALL 1] = 0
  PASS  L0_b7 ExecState after CALL 1 was READ  0 (a 0 is a LEGITIMATE reading and is reported, not repaired)
  OBSERVED uid 23507 -> owner 'TopLevelDiagram' uid 536 | self 'Local'#23507 | 482 says 'TopLevelDiagram' cast 'TopLevelDiagram' |  
  FACT  owner AFTER the relocation: owner_of(#23507) = ('TopLevelDiagram', 536) [strict=True] error VERBATIM ''
  FACT  relocate Local #23507 -> Diagram #536: returned 23507, error VERBATIM '', owner ('TopLevelDiagram', 536) -> ('TopLevelDiagram', 536)

--------- L0_b8  CALL 2  the relocation branch (dest = Diagram #639)
  OBSERVED uid 23591 -> owner 'TopLevelDiagram' uid 536 | self 'Local'#23591 | 482 says 'TopLevelDiagram' cast 'TopLevelDiagram' |  
  FACT  readback owner of the new Local: owner_of(#23591) = ('TopLevelDiagram', 536) [strict=True] error VERBATIM ''
  FACT  readback of Local #23591: class 'Local', owner ('TopLevelDiagram', 536), BOUND LABEL READ OFF THE MACHINE None (hex None)
  OBSERVED uid 23591 -> owner 'Diagram' uid 639 | self 'Local'#23591 | 482 says 'Diagram' cast 'Diagram' |  
  FACT  owner AFTER the relocation: owner_of(#23591) = ('Diagram', 639) [strict=True] error VERBATIM ''
  FACT  relocate Local #23591 -> Diagram #639: returned 3447, error VERBATIM '', owner ('TopLevelDiagram', 536) -> ('Diagram', 639)
  FACT  ExecState [B after CALL 2 + relocation] = 0
  PASS  L0_b8 the relocation branch was exercised and its owner_of read back  owner ('TopLevelDiagram', 536) -> ('Diagram', 639) ; None

--------- L0_c1  20 CONSECUTIVE CALLS (49(d): handles flat +-100, every reference closed)
     call  1: new [23737], 0.01 s, error ''
     call  2: new [23739], 0.01 s, error ''
     call  3: new [23745], 0.01 s, error ''
     call  4: new [23772], 0.01 s, error ''
     call  5: new [23789], 0.01 s, error ''
     call  6: new [23804], 0.01 s, error ''
     call  7: new [23820], 0.01 s, error ''
     call  8: new [23838], 0.01 s, error ''
     call  9: new [23856], 0.01 s, error ''
     call 10: new [23880], 0.01 s, error ''
     call 11: new [23906], 0.01 s, error ''
     call 12: new [23952], 0.01 s, error ''
     call 13: new [23978], 0.01 s, error ''
     call 14: new [24002], 0.01 s, error ''
     call 15: new [24015], 0.01 s, error ''
     call 16: new [24045], 0.01 s, error ''
     call 17: new [24078], 0.01 s, error ''
     call 18: new [24133], 0.01 s, error ''
     call 19: new [24162], 0.01 s, error ''
     call 20: new [24205], 0.01 s, error ''
  FACT  L0_c1 20 consecutive calls in 1.6 s: 20 produced exactly one new Local, 0 carried an error; `Local` census 10 -> 30
  FACT  L0_c1 handles 51418 -> 51418 (delta 0); refs before {'opened': 12, 'closed': 12, 'live': 0, 'cached_op_vis': 9} after {'opened': 12, 'closed': 12, 'live': 0, 'cached_op_vis': 9}
  PASS  L0_c1 20 consecutive calls ran and the handle count was read either side  51418 -> 51418
  PASS  L0_c2 the handle count is flat within +-100 across the 20 calls  51418 -> 51418 (a FAIL is a FINDING, not a blocker - 44(e)/49(j) measured ~24-33k unexplained growth per run with ref_counts reading 0 live)
  PASS  L0_c3 refs opened == closed, 0 live after the 20 calls  {'opened': 12, 'closed': 12, 'live': 0, 'cached_op_vis': 9}

--------- L0_d1  REPORT ONLY: does `Local.Control Name` 6355400 resolve on this machine?
  FACT  L0_d1 `Local.Control Name` 6355400 on class 'VI Server:Local': resolves=True ; new [{'uid': 23496, 'pos': (6604, 5600)}] ; error VERBATIM ''
  FACT  L0_d1 the probe node #23496 was deleted again -> gone {23496} (the scratch is discarded anyway and was never saved)
  PASS  L0_d1 REPORT ONLY: the 6355400 probe was made and its verdict recorded  resolves=True
  FACT  L0_d2 `New VI Object` style 2061: no verb in tools/gscript.py passes a `style` number to `New VI Object`: build_invoke :2159 and build_property :2194 take a CLASS STRING and an ID, and every other creator is topology-specific. Probing 2061 would mean BUILDING a style-taking op, which 49(d) does not authorise this dispatch (B is the fallback, not built).
  PASS  L0_d2 REPORT ONLY: the style-2061 question was answered at the files level  not probeable with existing verbs; nothing built
  FACT  B the scratch was NEVER SAVED (g.save is not called on it) and is deleted below.

--- Z: the closing facts
  PASS  Z0 the scratch self-test copy was DELETED in the same run  removed=True, exists=False
  FACT  refs {'opened': 13, 'closed': 13, 'live': 0, 'cached_op_vis': 11}
  FACT  LabVIEW handles AFTER everything: 34761
  FACT  Z1 ORIGINAL after everything: HASH G:\Codes\LabVIEW_Codes\MinLab\zz_LabView VI\AAA_UNIST\2. Tracking\Min_Track N beads V6_ParallelLoop.vi | exists=1 | size=473317 | md5=2a78e17c449cacdaf5da389818526859 | sha256=f827a67e91cc2a51284cdce0ada5d34ecf89cf865bca5f0bdfa870f0020df4bb
  FACT  Z1b D1_s1_copy.vi after everything: HASH C:\Program Files\National Instruments\LabVIEW 2026\user.lib\claudeDev\D1_s1_copy.vi | exists=1 | size=474202 | md5=3e3d23cefd3a334001aa9d6156bf1aee | sha256=1ab3360021cb04f03e8fe4a503d1972aefa26a34ed5b8fd9393ec6899330e0f7
  FACT  Z1c D1_s2_loops.vi after everything: HASH C:\Program Files\National Instruments\LabVIEW 2026\user.lib\claudeDev\D1_s2_loops.vi | exists=1 | size=475707 | md5=6ff19497f2309e007a214660bb64b911 | sha256=d52e754e29a85e9cc3ddeb039f6c5e325c9094c5e1f8c944059d4a5f7b33c3f5
  FACT  Z1d D1_s3a_focus_ind.vi after everything: HASH C:\Program Files\National Instruments\LabVIEW 2026\user.lib\claudeDev\D1_s3a_focus_ind.vi | exists=1 | size=476172 | md5=eef91c1d91f16b034707e4d1285ca8cb | sha256=8afd9f95e280139e64aa648906ba7f799e8d0ae39aabfae42c93ef4f102d23bb
  PASS  Z1 ORIGINAL / D1_s1_copy / D1_s2_loops / D1_s3a_focus_ind md5 ALL unchanged  2a78e17c449cacdaf5da389818526859 / 3e3d23cefd3a334001aa9d6156bf1aee / 6ff19497f2309e007a214660bb64b911 / eef91c1d91f16b034707e4d1285ca8cb
  PASS  Z2 refs opened == closed, 0 live  {'opened': 13, 'closed': 13, 'live': 0, 'cached_op_vis': 11}
  FACT  Z3 the donor OpFPLabels_v0.vi after everything: HASH C:\Program Files\National Instruments\LabVIEW 2026\user.lib\claudeDev\OpFPLabels_v0.vi | exists=1 | size=9485 | md5=5f2da97f2d016abf9ad211706d4ab3f6 | sha256=e0f726d2dec5b8aabfae5b0875229b180182ae3a51270d763f26e16208cb07f9
  PASS  Z3 the DONOR OpFPLabels_v0.vi is byte-unchanged  5f2da97f2d016abf9ad211706d4ab3f6 vs 5f2da97f2d016abf9ad211706d4ab3f6
  PASS  Z4 no file was created under tools/recipes/ by this run  this diagnostic writes only tools/bench/diag_s3b_l0_createlocal.{log,json}, claudeDev\OpCreateLocal_v0.vi and the scratch it deletes

--- THE ANSWER TABLE (readings, not a recommendation)
  FACT  OP        OpCreateLocal_v0.vi : ExecState 1 at the pass point, saved 9688 bytes -> md5 '58275b212dfa040685613e3edbf403f2'
  FACT  RIDER     6331C02's terminals beyond the standard four: [{'i': 4, 'name': 'Create Local', 'is_source': False, 'wire': 0}, {'i': 5, 'name': 'Create Local', 'is_source': True, 'wire': 0}]
  FACT  CALL 1    new Local [23507] ; class 'Local' ; owner ('TopLevelDiagram', 536) ; BOUND LABEL None (asked for 'index') ; run error VERBATIM ''
  FACT  CALL 1    error cluster VERBATIM (False, 0, '') ; ExecState after 0
  FACT  20 CALLS  20/20 produced one new Local; handles 51418 -> 51418 ; refs {'opened': 12, 'closed': 12, 'live': 0, 'cached_op_vis': 9}
  FACT  ROUTE B   6355400 resolves=True (error VERBATIM '') ; style 2061 probeable=False
  FACT  ARTEFACTS ON DISK: [{'step': 'L0 op VI', 'path': 'C:\\Program Files\\National Instruments\\LabVIEW 2026\\user.lib\\claudeDev\\OpCreateLocal_v0.vi', 'md5': '58275b212dfa040685613e3edbf403f2', 'size': 9688}]

=== GATES 30 pass / 2 fail; failing: L0_b5 the new Local's class, owner and bound label were READ off the machine, L0_b6 the bound label equals the label asked for  *** THE L0 PASS CRITERION (49(e)) ***
=== readings -> G:\Codes\LabVIEW_Codes\MinLab\zz_LabView VI\AAA_UNIST\2. Tracking\V6_ParallelLoop\tools\bench\diag_s3b_l0_createlocal.json
BGRUN END rc=1 after 106s
