BGRUN START 2026-09-27 05:34:00 limit 20.0 min: py -u tools/bench/diag_c105_leg.py
BGRUN PID 22852
[c105] WINCHANGE {"t": null, "new": [], "gone": []}
[c105] COM5 {"tag": "T0 before LabVIEW", "state": "FREE", "win32_error": 0}
[c105] WINCHANGE {"t": null, "new": [[18156016, "", "SPLASHSCREEN", true, []], [9111834, "GDI+ Window (LabVIEW.exe)", "GDI+ Hook Window Class", false, []], [19859750, "Closed", "LVDChild", false, []], [20383992, "Window monitor", "LVDChild", false, []], [24905922, "LabVIEW", "LVWinSessionMonitor", false, []], [70060072, "LabVIEW", "LVFrame", true, []], [68028320, "", "DDEMLEvent", false, []], [21891180, "", "DDEMLMom", false, []], [1772090, "Default IME", "IME", false, []], [14878374, "MSCTFIME UI", "MSCTFIME UI", false, []], [60950592, "Default IME", "IME", false, []], [33097972, "Default IME", "IME", false, []], [79300766, "Default IME", "IME", false, []]], "gone": []}
[c105] WINCHANGE {"t": null, "new": [[18221552, "OleAutomation Window", "OleAutomationWnd", false, []], [15860770, "", "LVDChild", true, []], [1837626, "Default IME", "IME", false, []], [57738746, "MSCTFIME UI", "MSCTFIME UI", false, []]], "gone": [[18156016, "", "SPLASHSCREEN", true], [1772090, "Default IME", "IME", false], [14878374, "MSCTFIME UI", "MSCTFIME UI", false]]}
[c105] WINCHANGE {"t": null, "new": [[15860770, "", "LVDChild", false, []], [3213768, "LabVIEW", "LVDChild", true, []]], "gone": [[15860770, "", "LVDChild", true]]}
[   0.3s] LabVIEW handles BEFORE 33972
[   0.3s] reference patch: G:\Codes\LabVIEW_Codes\MinLab\zz_LabView VI\AAA_UNIST\2. Tracking\V6_ParallelLoop\tools\bench\ref_done_yes_button.png (exists=True)
[   0.3s]   motor_gate --session start  <- cycle27-plan Pre-decided 4: running the copy executes the original's device init, which drives the PI stage and the ASI
[   6.1s]     | before: POS?=1=0.00000 TMN?=1=0.00000 TMX?=1=39.00000 ERR?=0
[   6.1s]     | PRELIMITS TMN=0 TMX=39
[   6.1s]     | ERR? after SPA = 0
[   6.1s]     | LIMITS TMN=0 TMX=39 SPA15=39 SPA30=0
[   6.1s]     | REFERENCE: POS before=0 -> SENT FNL 1 (to the negative limit switch)
[   6.1s]     | REFSTATE RON=1 FRF=1 POS=0 POS_BEFORE=0 ERR=0 travelled=0.000
[   6.1s]     | VERIFY: commanded=2 readback=2 delta=0.0000 err=0 -> OK
[   6.1s]     | VERIFY: commanded=0 readback=5E-05 delta=0.0001 err=0 -> OK
[   6.1s]     | VERIFY-RESULT: OK - reference move done and the stage follows commands
[   6.1s]     | LIMITS TMN=0 TMX=39 SPA15=39 SPA30=0
[   6.1s]     | RESULT: controller limits are TMN=0 TMX=39 (mode limits-set)
[   6.1s]     | PI  : PI controller limits match the file (TMN 0.0000 / TMX 39.0000, tol 0.001) (sender code=0)
[   6.1s]     | PI  : reference {"FRF": 1.0, "POS": 0.0, "POS_BEFORE": 0.0, "RON": 1.0} -> REFERENCED at 0; verify OK (attempt 1/3)
[   6.1s]     | before SL: :A X=-3.847494 Y=-4.774393   SU: :A X=0.152497 Y=-0.774402
[   6.1s]     | SL write -> :A
[   6.1s]     | SU write -> :A
[   6.1s]     | LIMITS SL X=-3.847494 Y=-4.774393 SU X=0.152497 Y=-0.774402
[   6.1s]     | position after (must be unchanged): X=-24071 Y=-36863
[   6.1s]     | RESULT: controller limits set (mode limits-set)
[   6.1s]     | ASI : ASI controller limits match the file (SL {'X': -3.8475, 'Y': -4.7744} / SU {'X': 0.1525, 'Y': -0.7744} mm, tol 0.001) (sender code=0)
[   6.1s]     | SESSION START OK -> G:\Codes\LabVIEW_Codes\MinLab\zz_LabView VI\AAA_UNIST\2. Tracking\V6_ParallelLoop\tools\bench\motor_session.json
[   6.1s]     | RESULT {"schema":"result-line/1","status":"PASS","gates":{"pass":1,"fail":0},"first_fail":null,"artefacts":[]}
[   6.1s] STEP 0 G0 motor gate --session start (BEFORE LabVIEW opens COM3/COM4) MOTOR    PASS exit=0; LIMITS TMN=0 TMX=39 SPA15=39 SPA30=0; REFSTATE RON=1 FRF=1 POS=0 POS_BEFORE=0 ERR=0 travelled=0.000; SESSION START OK -> G:\Codes\LabVIEW_Codes\MinLab\zz_LabView VI\AAA_UNIST\2. Tracking\V6_ParallelLoop\tools\bench\motor_session.json
[   6.1s] STEP 1 G1 md5(ORIGINAL) before      FILE     PASS 2a78e17c449cacdaf5da389818526859
[   6.1s] STEP 2 G2 the D0 copy exists (nothing copied, saved or deleted) FILE     PASS C:\Program Files\National Instruments\LabVIEW 2026\user.lib\claudeDev\scratch_c105_s1_20260927_053401_run_20260927_053452.vi (474202 B) md5=3e3d23cefd3a334001aa9d6156bf1aee
[   6.1s]   com.deq  #1 app
[   6.1s] STEP 3 G3a apartment2 attach        COM      PASS apartment2 attached, LabVIEW 26.3.1f1
[   6.1s]   com.deq  #2 preload ('G:\\Codes\\LabVIEW_Codes\\MinLab\\zz_LabView VI\\AAA_UNIST\\2. Tracking\\Min_Track N beads V6_ParallelLoop.vi',)
[   7.4s] STEP 4 G3b ORIGINAL resident READ-ONLY COM      PASS original resident (ExecState=1)
[   7.4s]   com.deq  #3 open ('C:\\Program Files\\National Instruments\\LabVIEW 2026\\user.lib\\claudeDev\\scratch_c105_s1_20260927_053401_run_20260927_053452.vi',)
[   7.4s]   com.deq  #4 panel (False,)
[   7.5s]   com.deq  #5 state
[c105] WINCHANGE {"t": null, "new": [[38406446, "scratch_c105_s1_20260927_053401_run_20260927_053452.vi Front Panel", "LVDChild", true, []]], "gone": []}
[   9.2s] STEP 5 G3c copy loads, idle, unblocked COM      PASS ExecState=1; VERDICT: clear (no modal dialog)
[   9.4s]   com.deq  #6 get ('stop (end)',)
[   9.4s]   com.deq  #7 get ('Focus Step (F1)',)
[   9.4s]   com.deq  #8 get ('+ Inc (PgUp)',)
[   9.4s]   com.deq  #9 get ('- Inc (PgDn)',)
[   9.4s]   com.deq  #10 get ('continue tracking',)
[   9.4s]   com.deq  #11 get ('Reset Tracking',)
[   9.4s]   com.deq  #12 get ('Send',)
[   9.4s]   com.deq  #13 get ('Rot step (turns)',)
[   9.4s]   com.deq  #14 get ('HOME',)
[   9.4s]   com.deq  #15 get ('Z/dZ',)
[   9.4s]   com.deq  #16 get ('Correction Factor',)
[   9.4s]   com.deq  #17 get ('Trans Speed (mm/s)',)
[   9.4s]   com.deq  #18 get ('Stop Trans',)
[   9.4s]   com.deq  #19 get ('# FD points',)
[   9.4s]   com.deq  #20 get ('Lc',)
[   9.4s]   com.deq  #21 get ('Lp',)
[   9.4s]   com.deq  #22 get ('Baseline',)
[   9.4s]   com.deq  #23 get ('Exp Baseline',)
[   9.4s]   com.deq  #24 get ('Fix to a Certain Pattern',)
[   9.4s]   com.deq  #25 get ('Focus Deviation from the Center',)
[   9.4s]   com.deq  #26 get ('Auto-Reset',)
[   9.4s]   com.deq  #27 get ('Auto-Focus',)
[   9.4s]   com.deq  #28 get ('Auto-reset zero',)
[   9.4s]   com.deq  #29 get ('# of Points',)
[   9.5s]   com.deq  #30 get ('Autoreference? 1=Y',)
[   9.5s]   com.deq  #31 get ('If no: current pos z?',)
[   9.5s]   com.deq  #32 get ('Current pos rot?',)
[   9.5s]   com.deq  #33 get ('Set Focus  (0->50)',)
[   9.5s]   com.deq  #34 get ('Limit of Program',)
[   9.5s]   com.deq  #35 get ('Limit of Auto-Focus',)
[   9.5s]   com.deq  #36 get ('stop (end) 2',)
[   9.5s]   com.deq  #37 get ('Set # of Cycles',)
[   9.5s]   com.deq  #38 get ('Start Cycles',)
[   9.5s]   com.deq  #39 get ('Switch',)
[   9.5s]   com.deq  #40 get ('+ -> Lc',)
[   9.5s]   com.deq  #41 get ('x -> Lc',)
[   9.5s]   com.deq  #42 get ('pixel distance (nm)',)
[   9.5s]   com.deq  #43 get ('Cross length (pixels)',)
[   9.5s]   com.deq  #44 get ('z step (um)',)
[   9.5s]   com.deq  #45 get ('# to avg per image',)
[   9.5s]   com.deq  #46 get ('# images in stack',)
[   9.5s]   com.deq  #47 get ('Focus Pos (Start)',)
[   9.5s]   com.deq  #48 get ('1 L-Turn',)
[   9.5s]   com.deq  #49 get ('1 R-Turn',)
[   9.5s]   com.deq  #50 get ('Rot Step (deg) ',)
[   9.6s]   com.deq  #51 get ('Rot \nSpeed',)
[   9.6s]   com.deq  #52 get ('Send to Rot',)
[   9.6s]   com.deq  #53 get ('- Cal Zero',)
[   9.6s]   com.deq  #54 get ('+ Cal Zero',)
[   9.6s]   com.deq  #55 get ('Trans Step (mm)',)
[   9.6s]   com.deq  #56 get ('Send to Trans',)
[   9.6s]   com.deq  #57 get ('Done Picking \nBeads?',)
[   9.6s]   com.deq  #58 get ('Count',)
[   9.6s]   com.deq  #59 get ('Mp measure freq',)
[   9.6s]   com.deq  #60 get ('Force\nsmoothing\nhalf-width',)
[   9.6s]   com.deq  #61 get ('Extension\nmedian filter\nhalf-width',)
[   9.6s]   com.deq  #62 get ('# DT points',)
[   9.6s]   com.deq  #63 get ('Frame rate',)
[   9.6s]   com.deq  #64 get ('CycleSchedule',)
[   9.6s]   com.deq  #65 get ('NumCol',)
[   9.6s]   panel record [before]: 60/60 controls read, 0 errors, 0s
[   9.6s]     PARAM '# DT points'                            = 2000
[   9.6s]     PARAM '# FD points'                            = 20000
[   9.6s]     PARAM '# images in stack'                      = 60.0
[   9.6s]     PARAM '# of Points'                            = 2000000.0
[   9.6s]     PARAM '# to avg per image'                     = 20.0
[   9.6s]     PARAM '+ -> Lc'                                = 0.0
[   9.6s]     PARAM '+ Cal Zero'                             = False
[   9.6s]     PARAM '+ Inc (PgUp)'                           = False
[   9.6s]     PARAM '- Cal Zero'                             = False
[   9.6s]     PARAM '- Inc (PgDn)'                           = False
[   9.6s]     PARAM '1 L-Turn'                               = False
[   9.6s]     PARAM '1 R-Turn'                               = False
[   9.6s]     PARAM 'Auto-Focus'                             = True
[   9.6s]     PARAM 'Auto-Reset'                             = True
[   9.6s]     PARAM 'Auto-reset zero'                        = 0
[   9.6s]     PARAM 'Autoreference? 1=Y'                     = 0.0
[   9.6s]     PARAM 'Baseline'                               = 0.0
[   9.6s]     PARAM 'Correction Factor'                      = 0.88
[   9.6s]     PARAM 'Count'                                  = 0
[   9.6s]     PARAM 'Cross length (pixels)'                  = 120.0
[   9.6s]     PARAM 'Current pos rot?'                       = 0.0
[   9.6s]     PARAM 'CycleSchedule'                          = ((0.0,), (0.0,), (0.0,))
[   9.6s]     PARAM 'Done Picking \nBeads?'                  = False
[   9.6s]     PARAM 'Exp Baseline'                           = -1000.0
[   9.6s]     PARAM 'Extension\nmedian filter\nhalf-width'   = 1
[   9.6s]     PARAM 'Fix to a Certain Pattern'               = True
[   9.6s]     PARAM 'Focus Deviation from the Center'        = 0.0
[   9.6s]     PARAM 'Focus Pos (Start)'                      = 0.0
[   9.6s]     PARAM 'Focus Step (F1)'                        = 0.1
[   9.6s]     PARAM 'Force\nsmoothing\nhalf-width'           = 1
[   9.6s]     PARAM 'Frame rate'                             = 25
[   9.6s]     PARAM 'HOME'                                   = False
[   9.6s]     PARAM 'If no: current pos z?'                  = 30.0
[   9.6s]     PARAM 'Lc'                                     = 1000.0
[   9.6s]     PARAM 'Limit of Auto-Focus'                    = 150000
[   9.6s]     PARAM 'Limit of Program'                       = 150000
[   9.6s]     PARAM 'Lp'                                     = 40.0
[   9.6s]     PARAM 'Mp measure freq'                        = 1
[   9.6s]     PARAM 'NumCol'                                 = 0
[   9.6s]     PARAM 'Reset Tracking'                         = False
[   9.6s]     PARAM 'Rot \nSpeed'                            = 100.0
[   9.6s]     PARAM 'Rot Step (deg) '                        = 0.0
[   9.6s]     PARAM 'Rot step (turns)'                       = 0.0
[   9.6s]     PARAM 'Send'                                   = False
[   9.6s]     PARAM 'Send to Rot'                            = False
[   9.6s]     PARAM 'Send to Trans'                          = False
[   9.6s]     PARAM 'Set # of Cycles'                        = 3
[   9.6s]     PARAM 'Set Focus  (0->50)'                     = 51.5
[   9.6s]     PARAM 'Start Cycles'                           = False
[   9.6s]     PARAM 'Stop Trans'                             = False
[   9.6s]     PARAM 'Switch'                                 = True
[   9.6s]     PARAM 'Trans Speed (mm/s)'                     = 15.0
[   9.6s]     PARAM 'Trans Step (mm)'                        = 0.0
[   9.6s]     PARAM 'Z/dZ'                                   = False
[   9.6s]     PARAM 'continue tracking'                      = False
[   9.6s]     PARAM 'pixel distance (nm)'                    = 84.0
[   9.6s]     PARAM 'stop (end)'                             = False
[   9.6s]     PARAM 'stop (end) 2'                           = False
[   9.6s]     PARAM 'x -> Lc'                                = 1.05
[   9.6s]     PARAM 'z step (um)'                            = 0.1
[   9.6s] STEP 6 G4 panel parameters RECORDED (never set) VISERVER PASS 60 of 60 controls returned a value, 0 errors
[  10.1s] STEP 7 G5 panel window rect read LIVE (recorded; NO click is derived from it) GUI      PASS rect=(-6, 51, 1930, 1107); v3's V6 rect (-6, 51, 1930, 1107) is printed for contrast only - v4's gate 7 compared these two and passed while the control positions differed
[  10.1s]   com.deq  #66 set ('stop (end)',)
[  10.3s]   com.deq  #67 set ('stop (end) 2',)
[  10.3s]   com.deq  #68 set ('Done Picking \nBeads?',)
[  10.3s]   run[c105_run1]: entering Run(False) by DISPID 1017
[c105] WINCHANGE {"t": 0.2, "new": [[38406446, "scratch_c105_s1_20260927_053401_run_20260927_053452.vi", "LVDChild", true, []]], "gone": [[38406446, "scratch_c105_s1_20260927_053401_run_20260927_053452.vi Front Panel", "LVDChild", true]]}
[c105] WINCHANGE {"t": 0.46, "new": [[30673386, "", "LVDChild", true, []]], "gone": []}
[  10.8s]   com.deq  #69 state
[  11.3s]   com.deq  #70 state
[  11.8s]   com.deq  #71 state
[  12.3s]   com.deq  #72 state
[  12.9s]   com.deq  #73 state
[  13.4s]   com.deq  #74 state
[  13.9s]   com.deq  #75 state
[  14.5s]   com.deq  #76 state
[  15.0s]   com.deq  #77 state
[  15.5s]   com.deq  #78 state
[  16.0s]   com.deq  #79 state
[  16.5s]   com.deq  #80 state
[  17.1s]   com.deq  #81 state
[  17.7s]   com.deq  #82 state
[  18.2s]   com.deq  #83 state
[  18.7s]   com.deq  #84 state
[  19.2s]   com.deq  #85 state
[  19.7s]   com.deq  #86 state
[  20.2s]   com.deq  #87 state
[  20.7s]   com.deq  #88 state
[  21.2s]   com.deq  #89 state
[  21.7s]   com.deq  #90 state
[  22.3s]   com.deq  #91 state
[  22.8s]   com.deq  #92 state
[  23.3s]   com.deq  #93 state
[  23.8s]   com.deq  #94 state
[  24.3s]   com.deq  #95 state
[  24.8s]   com.deq  #96 state
[  25.3s]   com.deq  #97 state
[  25.8s]   com.deq  #98 state
[  26.3s]   com.deq  #99 state
[  26.8s]   com.deq  #100 state
[  27.4s]   com.deq  #101 state
[  27.9s]   com.deq  #102 state
[  28.4s]   com.deq  #103 state
[  28.9s]   com.deq  #104 state
[  29.4s]   com.deq  #105 state
[  29.9s]   com.deq  #106 state
[  30.4s]   com.deq  #107 state
[c105] timeline [[0.5, 2, null], [1.0, 2, null], [1.6, 2, null], [2.1, 2, null], [2.6, 2, null], [3.1, 2, null], [3.6, 2, null], [4.2, 2, null], [4.7, 2, null], [5.2, 2, null], [5.7, 2, null], [6.2, 2, null], [6.9, 2, null], [7.4, 2, null], [7.9, 2, null], [8.4, 2, null], [8.9, 2, null], [9.4, 2, null], [10.0, 2, null], [10.5, 2, null], [11.0, 2, null], [11.5, 2, null], [12.0, 2, null], [12.5, 2, null], [13.0, 2, null], [13.5, 2, null], [14.0, 2, null], [14.5, 2, null], [15.0, 2, null], [15.5, 2, null], [16.1, 2, null], [16.6, 2, null], [17.1, 2, null], [17.6, 2, null], [18.1, 2, null], [18.6, 2, null], [19.1, 2, null], [19.6, 2, null], [20.1, 2, null]]
[c105] t_L2 20.14
[c105] dialogs_L2 "ENABLED|30673386|786,398,1134,643|\nblocked|38406446|-6,51,1930,1107|scratch_c105_s1_20260927_053401_run_20260927_053452.vi\nblocked|3213768|532,235,1389,805|LabVIEW\nblocked|70060072|0,0,0,0|LabVIEW\nVERDICT: BLOCKED by 1 modal dialog -> run '-Action dismiss'"
[c105] run_thread {"issued_rel": 0.0, "returned_rel": null, "err": null}
[c105] gaps {"n": 78, "max": 0.267}
[  31.2s]   com.deq  #108 state
[  31.2s]   com.deq  #109 set ('stop (end)',)
[  31.2s]   com.deq  #110 set ('stop (end) 2',)
[  32.2s]   com.deq  #111 state
[  32.2s]   com.deq  #112 get ('stop (end)',)
[  32.2s]   com.deq  #113 get ('stop (end) 2',)
[  32.2s]   com.deq  #114 get ('current image number',)
[  33.2s]   com.deq  #115 state
[  33.2s]   com.deq  #116 get ('stop (end)',)
[  33.2s]   com.deq  #117 get ('stop (end) 2',)
[  33.2s]   com.deq  #118 get ('current image number',)
[  34.2s]   com.deq  #119 state
[  34.2s]   com.deq  #120 get ('stop (end)',)
[  34.2s]   com.deq  #121 get ('stop (end) 2',)
[  34.2s]   com.deq  #122 get ('current image number',)
[  35.2s]   com.deq  #123 state
[  35.2s]   com.deq  #124 get ('stop (end)',)
[  35.2s]   com.deq  #125 get ('stop (end) 2',)
[  35.2s]   com.deq  #126 get ('current image number',)
[  36.2s]   com.deq  #127 state
[  36.2s]   com.deq  #128 get ('stop (end)',)
[  36.2s]   com.deq  #129 get ('stop (end) 2',)
[  36.2s]   com.deq  #130 get ('current image number',)
[  37.2s]   com.deq  #131 state
[  37.2s]   com.deq  #132 get ('stop (end)',)
[  37.2s]   com.deq  #133 get ('stop (end) 2',)
[  37.2s]   com.deq  #134 get ('current image number',)
[  38.2s]   com.deq  #135 state
[  38.2s]   com.deq  #136 get ('stop (end)',)
[  38.2s]   com.deq  #137 get ('stop (end) 2',)
[  38.2s]   com.deq  #138 get ('current image number',)
[  39.2s]   com.deq  #139 state
[  39.2s]   com.deq  #140 get ('stop (end)',)
[  39.2s]   com.deq  #141 get ('stop (end) 2',)
[  39.2s]   com.deq  #142 get ('current image number',)
[  40.2s]   com.deq  #143 state
[  40.2s]   com.deq  #144 get ('stop (end)',)
[  40.2s]   com.deq  #145 get ('stop (end) 2',)
[  40.2s]   com.deq  #146 get ('current image number',)
[  41.2s]   com.deq  #147 state
[  41.2s]   com.deq  #148 get ('stop (end)',)
[  41.2s]   com.deq  #149 get ('stop (end) 2',)
[  41.2s]   com.deq  #150 get ('current image number',)
[  42.3s]   com.deq  #151 state
[  42.3s]   com.deq  #152 get ('stop (end)',)
[  42.3s]   com.deq  #153 get ('stop (end) 2',)
[  42.3s]   com.deq  #154 get ('current image number',)
[  43.3s]   com.deq  #155 state
[  43.3s]   com.deq  #156 get ('stop (end)',)
[  43.3s]   com.deq  #157 get ('stop (end) 2',)
[  43.3s]   com.deq  #158 get ('current image number',)
[  44.3s]   com.deq  #159 state
[  44.3s]   com.deq  #160 get ('stop (end)',)
[  44.3s]   com.deq  #161 get ('stop (end) 2',)
[  44.3s]   com.deq  #162 get ('current image number',)
[  45.3s]   com.deq  #163 state
[  45.3s]   com.deq  #164 get ('stop (end)',)
[  45.3s]   com.deq  #165 get ('stop (end) 2',)
[  45.3s]   com.deq  #166 get ('current image number',)
[  46.3s]   com.deq  #167 state
[  46.3s]   com.deq  #168 get ('stop (end)',)
[  46.3s]   com.deq  #169 get ('stop (end) 2',)
[  46.3s]   com.deq  #170 get ('current image number',)
[  47.3s]   com.deq  #171 state
[  47.3s]   com.deq  #172 get ('stop (end)',)
[  47.3s]   com.deq  #173 get ('stop (end) 2',)
[  47.3s]   com.deq  #174 get ('current image number',)
[  48.3s]   com.deq  #175 state
[  48.3s]   com.deq  #176 get ('stop (end)',)
[  48.3s]   com.deq  #177 get ('stop (end) 2',)
[  48.3s]   com.deq  #178 get ('current image number',)
[  49.3s]   com.deq  #179 state
[  49.3s]   com.deq  #180 get ('stop (end)',)
[  49.3s]   com.deq  #181 get ('stop (end) 2',)
[  49.3s]   com.deq  #182 get ('current image number',)
[  50.3s]   com.deq  #183 state
[  50.3s]   com.deq  #184 get ('stop (end)',)
[  50.3s]   com.deq  #185 get ('stop (end) 2',)
[  50.3s]   com.deq  #186 get ('current image number',)
[  51.3s]   com.deq  #187 state
[  51.3s]   com.deq  #188 get ('stop (end)',)
[  51.3s]   com.deq  #189 get ('stop (end) 2',)
[  51.3s]   com.deq  #190 get ('current image number',)
[  52.4s]   com.deq  #191 state
[  52.4s]   com.deq  #192 get ('stop (end)',)
[  52.4s]   com.deq  #193 get ('stop (end) 2',)
[  52.4s]   com.deq  #194 get ('current image number',)
[  53.4s]   com.deq  #195 state
[  53.4s]   com.deq  #196 get ('stop (end)',)
[  53.4s]   com.deq  #197 get ('stop (end) 2',)
[  53.4s]   com.deq  #198 get ('current image number',)
[  54.4s]   com.deq  #199 state
[  54.4s]   com.deq  #200 get ('stop (end)',)
[  54.4s]   com.deq  #201 get ('stop (end) 2',)
[  54.4s]   com.deq  #202 get ('current image number',)
[  55.4s]   com.deq  #203 state
[  55.4s]   com.deq  #204 get ('stop (end)',)
[  55.4s]   com.deq  #205 get ('stop (end) 2',)
[  55.4s]   com.deq  #206 get ('current image number',)
[  56.4s]   com.deq  #207 state
[  56.4s]   com.deq  #208 get ('stop (end)',)
[  56.4s]   com.deq  #209 get ('stop (end) 2',)
[  56.4s]   com.deq  #210 get ('current image number',)
[  57.4s]   com.deq  #211 state
[  57.4s]   com.deq  #212 get ('stop (end)',)
[  57.4s]   com.deq  #213 get ('stop (end) 2',)
[  57.4s]   com.deq  #214 get ('current image number',)
[  58.4s]   com.deq  #215 state
[  58.4s]   com.deq  #216 get ('stop (end)',)
[  58.4s]   com.deq  #217 get ('stop (end) 2',)
[  58.4s]   com.deq  #218 get ('current image number',)
[  59.4s]   com.deq  #219 state
[  59.4s]   com.deq  #220 get ('stop (end)',)
[  59.4s]   com.deq  #221 get ('stop (end) 2',)
[  59.4s]   com.deq  #222 get ('current image number',)
[  60.4s]   com.deq  #223 state
[  60.4s]   com.deq  #224 get ('stop (end)',)
[  60.4s]   com.deq  #225 get ('stop (end) 2',)
[  60.4s]   com.deq  #226 get ('current image number',)
[  61.4s]   com.deq  #227 state
[  61.4s]   com.deq  #228 get ('stop (end)',)
[  61.4s]   com.deq  #229 get ('stop (end) 2',)
[  61.4s]   com.deq  #230 get ('current image number',)
[  62.5s]   com.deq  #231 state
[  62.5s]   com.deq  #232 get ('stop (end)',)
[  62.5s]   com.deq  #233 get ('stop (end) 2',)
[  62.5s]   com.deq  #234 get ('current image number',)
[  63.5s]   com.deq  #235 state
[  63.5s]   com.deq  #236 get ('stop (end)',)
[  63.5s]   com.deq  #237 get ('stop (end) 2',)
[  63.5s]   com.deq  #238 get ('current image number',)
[  64.5s]   com.deq  #239 state
[  64.5s]   com.deq  #240 get ('stop (end)',)
[  64.5s]   com.deq  #241 get ('stop (end) 2',)
[  64.5s]   com.deq  #242 get ('current image number',)
[  65.5s]   com.deq  #243 state
[  65.5s]   com.deq  #244 get ('stop (end)',)
[  65.5s]   com.deq  #245 get ('stop (end) 2',)
[  65.5s]   com.deq  #246 get ('current image number',)
[  66.5s]   com.deq  #247 state
[  66.5s]   com.deq  #248 get ('stop (end)',)
[  66.5s]   com.deq  #249 get ('stop (end) 2',)
[  66.5s]   com.deq  #250 get ('current image number',)
[  67.5s]   com.deq  #251 state
[  67.5s]   com.deq  #252 get ('stop (end)',)
[  67.5s]   com.deq  #253 get ('stop (end) 2',)
[  67.5s]   com.deq  #254 get ('current image number',)
[  68.5s]   com.deq  #255 state
[  68.5s]   com.deq  #256 get ('stop (end)',)
[  68.5s]   com.deq  #257 get ('stop (end) 2',)
[  68.5s]   com.deq  #258 get ('current image number',)
[  69.5s]   com.deq  #259 state
[  69.5s]   com.deq  #260 get ('stop (end)',)
[  69.5s]   com.deq  #261 get ('stop (end) 2',)
[  69.5s]   com.deq  #262 get ('current image number',)
[  70.5s]   com.deq  #263 state
[  70.5s]   com.deq  #264 get ('stop (end)',)
[  70.5s]   com.deq  #265 get ('stop (end) 2',)
[  70.5s]   com.deq  #266 get ('current image number',)
[  71.6s]   com.deq  #267 state
[  71.6s]   com.deq  #268 get ('stop (end)',)
[  71.6s]   com.deq  #269 get ('stop (end) 2',)
[  71.6s]   com.deq  #270 get ('current image number',)
[  72.6s]   com.deq  #271 state
[  72.6s]   com.deq  #272 get ('stop (end)',)
[  72.6s]   com.deq  #273 get ('stop (end) 2',)
[  72.6s]   com.deq  #274 get ('current image number',)
[  73.6s]   com.deq  #275 state
[  73.6s]   com.deq  #276 get ('stop (end)',)
[  73.6s]   com.deq  #277 get ('stop (end) 2',)
[  73.6s]   com.deq  #278 get ('current image number',)
[  74.6s]   com.deq  #279 state
[  74.6s]   com.deq  #280 get ('stop (end)',)
[  74.6s]   com.deq  #281 get ('stop (end) 2',)
[  74.6s]   com.deq  #282 get ('current image number',)
[  75.6s]   com.deq  #283 state
[  75.6s]   com.deq  #284 get ('stop (end)',)
[  75.6s]   com.deq  #285 get ('stop (end) 2',)
[  75.6s]   com.deq  #286 get ('current image number',)
[  76.6s]   com.deq  #287 state
[  76.6s]   com.deq  #288 get ('stop (end)',)
[  76.6s]   com.deq  #289 get ('stop (end) 2',)
[  76.6s]   com.deq  #290 get ('current image number',)
[  76.6s]   com.deq  #291 set ('stop (end)',)
[  76.6s]   com.deq  #292 set ('stop (end) 2',)
[  78.6s]   com.deq  #293 state
[  78.6s]   com.deq  #294 set ('stop (end)',)
[  78.6s]   com.deq  #295 set ('stop (end) 2',)
[  80.6s]   com.deq  #296 state
[  80.6s]   com.deq  #297 set ('stop (end)',)
[  80.6s]   com.deq  #298 set ('stop (end) 2',)
[  82.6s]   com.deq  #299 state
[  82.6s]   com.deq  #300 set ('stop (end)',)
[  82.6s]   com.deq  #301 set ('stop (end) 2',)
[  84.6s]   com.deq  #302 state
[  84.6s]   com.deq  #303 set ('stop (end)',)
[  84.6s]   com.deq  #304 set ('stop (end) 2',)
[  86.7s]   com.deq  #305 state
[  86.7s]   com.deq  #306 set ('stop (end)',)
[  86.7s]   com.deq  #307 set ('stop (end) 2',)
[  88.7s]   com.deq  #308 state
[  88.7s]   com.deq  #309 set ('stop (end)',)
[  88.7s]   com.deq  #310 set ('stop (end) 2',)
[  90.7s]   com.deq  #311 state
[  90.7s]   com.deq  #312 set ('stop (end)',)
[  90.7s]   com.deq  #313 set ('stop (end) 2',)
[  92.7s]   com.deq  #314 state
[  92.7s]   com.deq  #315 set ('stop (end)',)
[  92.7s]   com.deq  #316 set ('stop (end) 2',)
[  94.7s]   com.deq  #317 state
[  94.7s]   com.deq  #318 set ('stop (end)',)
[  94.7s]   com.deq  #319 set ('stop (end) 2',)
[  96.7s]   com.deq  #320 state
[  96.7s]   com.deq  #321 set ('stop (end)',)
[  96.7s]   com.deq  #322 set ('stop (end) 2',)
[  98.7s]   com.deq  #323 state
[  98.7s]   com.deq  #324 set ('stop (end)',)
[  98.7s]   com.deq  #325 set ('stop (end) 2',)
[ 100.7s]   com.deq  #326 state
[ 100.7s]   com.deq  #327 set ('stop (end)',)
[ 100.7s]   com.deq  #328 set ('stop (end) 2',)
[ 102.7s]   com.deq  #329 state
[ 102.7s]   com.deq  #330 set ('stop (end)',)
[ 102.7s]   com.deq  #331 set ('stop (end) 2',)
[ 104.7s]   com.deq  #332 state
[ 104.7s]   com.deq  #333 set ('stop (end)',)
[ 104.7s]   com.deq  #334 set ('stop (end) 2',)
[ 106.7s]   com.deq  #335 state
[ 106.7s]   com.deq  #336 set ('stop (end)',)
[ 106.7s]   com.deq  #337 set ('stop (end) 2',)
[ 108.8s]   com.deq  #338 state
[ 108.8s]   com.deq  #339 set ('stop (end)',)
[ 108.8s]   com.deq  #340 set ('stop (end) 2',)
[ 110.8s]   com.deq  #341 state
[ 110.8s]   com.deq  #342 set ('stop (end)',)
[ 110.8s]   com.deq  #343 set ('stop (end) 2',)
[ 112.8s]   com.deq  #344 state
[ 112.8s]   com.deq  #345 set ('stop (end)',)
[ 112.8s]   com.deq  #346 set ('stop (end) 2',)
[ 114.8s]   com.deq  #347 state
[ 114.8s]   com.deq  #348 set ('stop (end)',)
[ 114.8s]   com.deq  #349 set ('stop (end) 2',)
[ 116.8s]   com.deq  #350 state
[ 116.8s]   com.deq  #351 set ('stop (end)',)
[ 116.8s]   com.deq  #352 set ('stop (end) 2',)
[ 118.8s]   com.deq  #353 state
[ 118.8s]   com.deq  #354 set ('stop (end)',)
[ 118.8s]   com.deq  #355 set ('stop (end) 2',)
[ 120.8s]   com.deq  #356 state
[ 120.8s]   com.deq  #357 set ('stop (end)',)
[ 120.8s]   com.deq  #358 set ('stop (end) 2',)
[ 122.8s]   com.deq  #359 state
[ 123.3s]   com.deq  #360 abort
[c105] WINCHANGE {"t": 114.39, "new": [[17958164, "", "LVDChild", true, []]], "gone": [[17958164, "", "LVDChild", false]]}
[c105] CONF {"tag": "after", "exec_state": 3, "VISA resource name": ["", 0], "VISA resource name out": ["", 0], "secs": 0.01, "timed_out": false}
[c105] exec_main_L2 2
[c105] stop [false, "COM Abort RAISED", 112.18305802345276, "TimeoutError('apartment2 abort did not return in 20s (command WAS enqueued; see the com.deq line to tell queueing from a real COM block)')"]
[c105] exec_main_after_stop -1
[c105] error_ind {}
[c105] string_ind {}
[ 375.8s] STEP 30 run2 RESTART LEG            COM      FAIL NOT started: ExecState=-1, elapsed 368s (budget 1150s)
[ 536.1s]   panel record [after]: 38/60 controls read, 38 errors, 152s, TRUNCATED at 'z step (um)'
[ 536.1s]     PARAM '# FD points'                            = 'ERR:TimeoutError'
[ 536.1s]     PARAM '# of Points'                            = 'ERR:TimeoutError'
[ 536.1s]     PARAM '+ -> Lc'                                = 'ERR:TimeoutError'
[ 536.1s]     PARAM '+ Inc (PgUp)'                           = 'ERR:TimeoutError'
[ 536.1s]     PARAM '- Inc (PgDn)'                           = 'ERR:TimeoutError'
[ 536.1s]     PARAM 'Auto-Focus'                             = 'ERR:TimeoutError'
[ 536.1s]     PARAM 'Auto-Reset'                             = 'ERR:TimeoutError'
[ 536.1s]     PARAM 'Auto-reset zero'                        = 'ERR:TimeoutError'
[ 536.1s]     PARAM 'Autoreference? 1=Y'                     = 'ERR:TimeoutError'
[ 536.1s]     PARAM 'Baseline'                               = 'ERR:TimeoutError'
[ 536.1s]     PARAM 'Correction Factor'                      = 'ERR:TimeoutError'
[ 536.1s]     PARAM 'Cross length (pixels)'                  = 'ERR:TimeoutError'
[ 536.1s]     PARAM 'Current pos rot?'                       = 'ERR:TimeoutError'
[ 536.1s]     PARAM 'Exp Baseline'                           = 'ERR:TimeoutError'
[ 536.1s]     PARAM 'Fix to a Certain Pattern'               = 'ERR:TimeoutError'
[ 536.1s]     PARAM 'Focus Deviation from the Center'        = 'ERR:TimeoutError'
[ 536.1s]     PARAM 'Focus Step (F1)'                        = 'ERR:TimeoutError'
[ 536.1s]     PARAM 'HOME'                                   = 'ERR:TimeoutError'
[ 536.1s]     PARAM 'If no: current pos z?'                  = 'ERR:TimeoutError'
[ 536.1s]     PARAM 'Lc'                                     = 'ERR:TimeoutError'
[ 536.1s]     PARAM 'Limit of Auto-Focus'                    = 'ERR:TimeoutError'
[ 536.1s]     PARAM 'Limit of Program'                       = 'ERR:TimeoutError'
[ 536.1s]     PARAM 'Lp'                                     = 'ERR:TimeoutError'
[ 536.1s]     PARAM 'Reset Tracking'                         = 'ERR:TimeoutError'
[ 536.1s]     PARAM 'Rot step (turns)'                       = 'ERR:TimeoutError'
[ 536.1s]     PARAM 'Send'                                   = 'ERR:TimeoutError'
[ 536.1s]     PARAM 'Set # of Cycles'                        = 'ERR:TimeoutError'
[ 536.1s]     PARAM 'Set Focus  (0->50)'                     = 'ERR:TimeoutError'
[ 536.1s]     PARAM 'Start Cycles'                           = 'ERR:TimeoutError'
[ 536.1s]     PARAM 'Stop Trans'                             = 'ERR:TimeoutError'
[ 536.1s]     PARAM 'Switch'                                 = 'ERR:TimeoutError'
[ 536.1s]     PARAM 'Trans Speed (mm/s)'                     = 'ERR:TimeoutError'
[ 536.1s]     PARAM 'Z/dZ'                                   = 'ERR:TimeoutError'
[ 536.1s]     PARAM 'continue tracking'                      = 'ERR:TimeoutError'
[ 536.1s]     PARAM 'pixel distance (nm)'                    = 'ERR:TimeoutError'
[ 536.1s]     PARAM 'stop (end)'                             = 'ERR:TimeoutError'
[ 536.1s]     PARAM 'stop (end) 2'                           = 'ERR:TimeoutError'
[ 536.1s]     PARAM 'x -> Lc'                                = 'ERR:TimeoutError'
[ 554.4s] LabVIEW handles AFTER 65667 (before 33972)
[ 584.4s] cleanup: CloseFrontPanel raised apartment2 closepanel did not return in 30s (command WAS enqueued; see the com.deq line to tell queueing from a real COM block)
[ 594.4s] cleanup: run folder 0 files / 0 bytes; TIFFs deleted 0 / 0 bytes
[ 594.4s] STEP 90 G90 md5(COPY) unchanged - RUN, never saved, never deleted FILE     PASS 3e3d23cefd3a334001aa9d6156bf1aee -> 3e3d23cefd3a334001aa9d6156bf1aee (exists=True)
[ 594.4s] STEP 91 G91 md5(ORIGINAL) after     FILE     PASS 2a78e17c449cacdaf5da389818526859
[ 839.8s]   com.deq  #361 state[ 839.8s]   run[c105_run1]: Run(False) RETURNED after 829.5s (err=com_error(-2147023170, '원격 프로시저를 호출하지 못했습니다.', None, None))

[ 839.8s]   com.deq  #362 get ('Rot pos (deg)',)
[ 839.8s]   com.deq  #363 get ('Cal File Path',)
[ 839.8s]   com.deq  #364 get ('Track File Path',)
[ 839.8s]   com.deq  #365 get ('exp/ref \narray',)
[ 839.8s]   com.deq  #366 get ('File Size',)
[ 839.8s]   com.deq  #367 get ('File # Saved',)
[ 839.8s]   com.deq  #368 get ('Reached clamp',)
[ 839.8s]   com.deq  #369 get ('Start Moving?',)
[ 839.8s]   com.deq  #370 get ('Mag Position',)
[ 839.8s]   com.deq  #371 get ('Cycle Start Time',)
[ 839.8s]   com.deq  #372 get ('Initial Time at Start',)
[ 839.8s]   com.deq  #373 get ('Target',)
[ 839.8s]   com.deq  #374 get ('Time span after start (min)',)
[ 839.8s]   com.deq  #375 get ('x < y?',)
[ 839.8s]   com.deq  #376 get ('Value',)
[ 839.8s]   com.deq  #377 get ('abs(x)',)
[ 839.8s]   com.deq  #378 get ('# of Auto-Reset',)
[ 839.8s]   com.deq  #379 get ('Focus Pos (Track)',)
[ 839.8s]   com.deq  #380 get ('Total Lost Frames',)
[ 839.8s]   com.deq  #381 get ('Pos within cal image',)
[ 839.8s]   com.deq  #382 get ('file progress',)
[ 839.8s]   com.deq  #383 get ('Missing Frames?',)
[ 839.8s]   com.deq  #384 get ('Image',)
[ 839.8s]   com.deq  #385 get ('Force (pN) vs Extension (nm) ',)
[ 839.8s]   com.deq  #386 get ('Pos: Diffraction Pattern',)
[ 839.8s]   com.deq  #387 get ('min value',)
[ 839.8s]   com.deq  #388 get ('Estimated end time (min)',)
[ 839.8s]   com.deq  #389 get ('Extension (nm) vs Time (Frame #)',)
[ 839.8s]   com.deq  #390 get ('Total cycle #',)
[ 839.8s]   com.deq  #391 get ('current image number',)
[ 839.8s]   com.deq  #392 get ('TurnOff',)
[ 839.8s]   com.deq  #393 get ('Value 2',)
[ 839.8s]   com.deq  #394 get ('Value 3',)
[ 839.8s]   com.deq  #395 get ('SubCycle',)
[ 839.8s]   com.deq  #396 get ('Lost Frame Message',)
[ 839.8s]   com.deq  #397 get ('error out 2',)
[ 839.8s]   com.deq  #398 get ('Max Travel Limit',)
[ 839.8s]   com.deq  #399 get ('Color table',)
[ 839.8s]   com.deq  #400 get ('color table string',)
[ 839.8s]   com.deq  #401 get ('Cal Zero',)
[ 839.8s]   com.deq  #402 get ('Width',)
[ 839.8s]   com.deq  #403 get ('Height',)
[ 839.8s]   com.deq  #404 get ('Trans Pos (mm)',)
[ 839.8s]   com.deq  #405 get ('Max Trans Pos',)
[ 839.8s]   com.deq  #406 get ('Bead Pos',)
[ 839.8s]   com.deq  #407 get ('RotationVISA',)
[ 839.8s]   com.deq  #408 get ('Focus Pos (Cal)',)
[ 839.8s]   com.deq  #409 get ('Intensity vs Radius',)
[ 839.8s]   com.deq  #410 get ('Picture',)
[ 839.8s]   com.deq  #411 get ('Waveform Graph',)
[ 839.8s]   com.deq  #412 get ('size(s)',)
[ 839.8s]   com.deq  #413 get ('output cluster',)
[ 839.8s]   com.deq  #414 get ('IMAQimage',)
[ 839.8s]   com.deq  #415 get ('CamSessionOut',)
[ 839.8s]   com.deq  #416 state
[ 839.8s]   com.deq  #417 state
[ 839.8s]   com.deq  #418 get ('stop (end)',)
[ 839.8s]   com.deq  #419 get ('Focus Step (F1)',)
[ 839.8s]   com.deq  #420 get ('+ Inc (PgUp)',)
[ 839.8s]   com.deq  #421 get ('- Inc (PgDn)',)
[ 839.8s]   com.deq  #422 get ('continue tracking',)
[ 839.8s]   com.deq  #423 get ('Reset Tracking',)
[ 839.8s]   com.deq  #424 get ('Send',)
[ 839.8s]   com.deq  #425 get ('Rot step (turns)',)
[ 839.8s]   com.deq  #426 get ('HOME',)
[ 839.8s]   com.deq  #427 get ('Z/dZ',)
[ 839.8s]   com.deq  #428 get ('Correction Factor',)
[ 839.8s]   com.deq  #429 get ('Trans Speed (mm/s)',)
[ 839.8s]   com.deq  #430 get ('Stop Trans',)
[ 839.8s]   com.deq  #431 get ('# FD points',)
[ 839.8s]   com.deq  #432 get ('Lc',)
[ 839.8s]   com.deq  #433 get ('Lp',)
[ 839.8s]   com.deq  #434 get ('Baseline',)
[ 839.8s]   com.deq  #435 get ('Exp Baseline',)
[ 839.8s]   com.deq  #436 get ('Fix to a Certain Pattern',)
[ 839.8s]   com.deq  #437 get ('Focus Deviation from the Center',)
[ 839.8s]   com.deq  #438 get ('Auto-Reset',)
[ 839.8s]   com.deq  #439 get ('Auto-Focus',)
[ 839.8s]   com.deq  #440 get ('Auto-reset zero',)
[ 839.8s]   com.deq  #441 get ('# of Points',)
[ 839.8s]   com.deq  #442 get ('Autoreference? 1=Y',)
[ 839.8s]   com.deq  #443 get ('If no: current pos z?',)
[ 839.8s]   com.deq  #444 get ('Current pos rot?',)
[ 839.8s]   com.deq  #445 get ('Set Focus  (0->50)',)
[ 839.8s]   com.deq  #446 get ('Limit of Program',)
[ 839.8s]   com.deq  #447 get ('Limit of Auto-Focus',)
[ 839.8s]   com.deq  #448 get ('stop (end) 2',)
[ 839.8s]   com.deq  #449 get ('Set # of Cycles',)
[ 839.8s]   com.deq  #450 get ('Start Cycles',)
[ 839.8s]   com.deq  #451 get ('Switch',)
[ 839.8s]   com.deq  #452 get ('+ -> Lc',)
[ 839.8s]   com.deq  #453 get ('x -> Lc',)
[ 839.8s]   com.deq  #454 get ('pixel distance (nm)',)
[ 839.8s]   com.deq  #455 get ('Cross length (pixels)',)
[ 839.8s]   com.deq  #456 set ('stop (end)',)
[ 839.8s]   com.deq  #457 set ('stop (end) 2',)
[ 839.8s]   com.deq  #458 set ('Done Picking \nBeads?',)
[ 839.8s]   com.deq  #459 closepanel
[ 839.8s]   com.deq  #460 release
[c105] WINCHANGE {"t": 829.76, "new": [], "gone": [[1706478, "Tools", "LVDChild", false], [15009446, "Set Title", "ATL:0000000028465490", false], [11273882, "Context Help", "LVDChild", false], [50858028, "NI Hidden Usermode Notification Dispatcher Window [0x000000C261DFFA60]", "Registrar_4f9c_6340_000000C261DFFA90", false], [21367298, "NI-VISA PXI Plugin: Device Notifier Message Thread Instance 20380", "NI PXI Plugin Device Manager Notification Listener Class", false], [18221552, "OleAutomation Window", "OleAutomationWnd", false], [60359316, "SystemResourceNotifyWindow", "HwndWrapper[NILM UAU AppDomain;;52e41573-6e66-46f3-895f-cd5f52b52b3f]", false], [1968576, "MediaContextNotificationWindow", "HwndWrapper[NILM UAU AppDomain;;2746c2f5-df7c-4bf2-9d8c-fd7dece18635]", false], [9111834, "GDI+ Window (LabVIEW.exe)", "GDI+ Hook Window Class", false], [24905922, "LabVIEW", "LVWinSessionMonitor", false], [19859750, "Closed", "LVDChild", false], [20383992, "Window monitor", "LVDChild", false], [15926306, "LV AI gRPC Service.lvlibp:gRPC Implementations.lvlib:RunService.vi", "LVDChild", false], [17958164, "", "LVDChild", true], [30673386, "", "LVDChild", true], [38406446, "scratch_c105_s1_20260927_053401_run_20260927_053452.vi", "LVDChild", true], [3213768, "LabVIEW", "LVDChild", true], [70060072, "LabVIEW", "LVFrame", true], [29100442, "DDE Server Window", "OleDdeWndClass", false], [7997874, "", "ComboLBox", false], [68028320, "", "DDEMLEvent", false], [21891180, "", "DDEMLMom", false], [1837626, "Default IME", "IME", false], [48693428, "Default IME", "IME", false], [60950592, "Default IME", "IME", false], [33097972, "Default IME", "IME", false], [57738746, "MSCTFIME UI", "MSCTFIME UI", false], [79300766, "Default IME", "IME", false]]}
[ 850.0s] STEP 92 G92 LabVIEW exited before the motor port is touched PROC     PASS waited 256s; forced kill used=True; running now=False
[ 850.0s]   motor_gate --session start  <- post-run TMX? re-read, AFTER LabVIEW released COM3/COM4
[ 855.7s]     | before: POS?=1=0.00000 TMN?=1=0.00000 TMX?=1=39.00000 ERR?=0
[ 855.7s]     | PRELIMITS TMN=0 TMX=39
[ 855.7s]     | ERR? after SPA = 0
[ 855.7s]     | LIMITS TMN=0 TMX=39 SPA15=39 SPA30=0
[ 855.7s]     | REFERENCE: POS before=0 -> SENT FNL 1 (to the negative limit switch)
[ 855.7s]     | REFSTATE RON=1 FRF=1 POS=0 POS_BEFORE=0 ERR=0 travelled=0.000
[ 855.7s]     | VERIFY: commanded=2 readback=1.99995 delta=0.0001 err=0 -> OK
[ 855.7s]     | VERIFY: commanded=0 readback=5E-05 delta=0.0001 err=0 -> OK
[ 855.7s]     | VERIFY-RESULT: OK - reference move done and the stage follows commands
[ 855.7s]     | LIMITS TMN=0 TMX=39 SPA15=39 SPA30=0
[ 855.7s]     | RESULT: controller limits are TMN=0 TMX=39 (mode limits-set)
[ 855.7s]     | PI  : PI controller limits match the file (TMN 0.0000 / TMX 39.0000, tol 0.001) (sender code=0)
[ 855.7s]     | PI  : reference {"FRF": 1.0, "POS": 0.0, "POS_BEFORE": 0.0, "RON": 1.0} -> REFERENCED at 0; verify OK (attempt 1/3)
[ 855.7s]     | before SL: :A X=-3.847494 Y=-4.774393   SU: :A X=0.152497 Y=-0.774402
[ 855.7s]     | SL write -> :A
[ 855.7s]     | SU write -> :A
[ 855.7s]     | LIMITS SL X=-3.847494 Y=-4.774393 SU X=0.152497 Y=-0.774402
[ 855.7s]     | position after (must be unchanged): X=-24071 Y=-36863
[ 855.7s]     | RESULT: controller limits set (mode limits-set)
[ 855.7s]     | ASI : ASI controller limits match the file (SL {'X': -3.8475, 'Y': -4.7744} / SU {'X': 0.1525, 'Y': -0.7744} mm, tol 0.001) (sender code=0)
[ 855.7s]     | SESSION START OK -> G:\Codes\LabVIEW_Codes\MinLab\zz_LabView VI\AAA_UNIST\2. Tracking\V6_ParallelLoop\tools\bench\motor_session.json
[ 855.7s]     | RESULT {"schema":"result-line/1","status":"PASS","gates":{"pass":1,"fail":0},"first_fail":null,"artefacts":[]}
[ 855.7s] STEP 93 G93 post-run TMX? still 39  MOTOR    PASS TMX?=39.0 from 'PRELIMITS TMN=0 TMX=39'; gate exit=0; LIMITS TMN=0 TMX=39 SPA15=39 SPA30=0; REFSTATE RON=1 FRF=1 POS=0 POS_BEFORE=0 ERR=0 travelled=0.000
[ 855.7s] click records -> G:\Codes\LabVIEW_Codes\MinLab\zz_LabView VI\AAA_UNIST\2. Tracking\V6_ParallelLoop\tools\bench\diag_c105_out\m8_v5_replay_s1_p15_r120_clicks.json

| step | method | result | detail |
|---|---|---|---|
| 0 G0 motor gate --session start (BEFORE LabVIEW opens COM3/COM4) | MOTOR | PASS | exit=0; LIMITS TMN=0 TMX=39 SPA15=39 SPA30=0; REFSTATE RON=1 FRF=1 POS=0 POS_BEFORE=0 ERR=0 travelled=0.000; SESSION START OK -> G:\Codes\LabVIEW_Codes\MinLab\zz_LabView VI\AAA_UNIST\2. Tracking\V6_ParallelLoop\tools\bench\motor_session.json |
| 1 G1 md5(ORIGINAL) before | FILE | PASS | 2a78e17c449cacdaf5da389818526859 |
| 2 G2 the D0 copy exists (nothing copied, saved or deleted) | FILE | PASS | C:\Program Files\National Instruments\LabVIEW 2026\user.lib\claudeDev\scratch_c105_s1_20260927_053401_run_20260927_053452.vi (474202 B) md5=3e3d23cefd3a334001aa9d6156bf1aee |
| 3 G3a apartment2 attach | COM | PASS | apartment2 attached, LabVIEW 26.3.1f1 |
| 4 G3b ORIGINAL resident READ-ONLY | COM | PASS | original resident (ExecState=1) |
| 5 G3c copy loads, idle, unblocked | COM | PASS | ExecState=1; VERDICT: clear (no modal dialog) |
| 6 G4 panel parameters RECORDED (never set) | VISERVER | PASS | 60 of 60 controls returned a value, 0 errors |
| 7 G5 panel window rect read LIVE (recorded; NO click is derived from it) | GUI | PASS | rect=(-6, 51, 1930, 1107); v3's V6 rect (-6, 51, 1930, 1107) is printed for contrast only - v4's gate 7 compared these two and passed while the control positions differed |
| 30 run2 RESTART LEG | COM | FAIL | NOT started: ExecState=-1, elapsed 368s (budget 1150s) |
| 90 G90 md5(COPY) unchanged - RUN, never saved, never deleted | FILE | PASS | 3e3d23cefd3a334001aa9d6156bf1aee -> 3e3d23cefd3a334001aa9d6156bf1aee (exists=True) |
| 91 G91 md5(ORIGINAL) after | FILE | PASS | 2a78e17c449cacdaf5da389818526859 |
| 92 G92 LabVIEW exited before the motor port is touched | PROC | PASS | waited 256s; forced kill used=True; running now=False |
| 93 G93 post-run TMX? still 39 | MOTOR | PASS | TMX?=39.0 from 'PRELIMITS TMN=0 TMX=39'; gate exit=0; LIMITS TMN=0 TMX=39 SPA15=39 SPA30=0; REFSTATE RON=1 FRF=1 POS=0 POS_BEFORE=0 ERR=0 travelled=0.000 |

LOCATED: {}

FACTS: {
 "handles_before": 33972,
 "motor_start": {
  "rc": 0,
  "parsed": {
   "before_lines": [
    "before: POS?=1=0.00000 TMN?=1=0.00000 TMX?=1=39.00000 ERR?=0"
   ],
   "prelimits_lines": [
    "PRELIMITS TMN=0 TMX=39"
   ],
   "limits_lines": [
    "LIMITS TMN=0 TMX=39 SPA15=39 SPA30=0",
    "LIMITS TMN=0 TMX=39 SPA15=39 SPA30=0"
   ],
   "refstate_lines": [
    "REFSTATE RON=1 FRF=1 POS=0 POS_BEFORE=0 ERR=0 travelled=0.000"
   ],
   "result_lines": [
    "RESULT: controller limits are TMN=0 TMX=39 (mode limits-set)"
   ],
   "session_lines": [
    "SESSION START OK -> G:\\Codes\\LabVIEW_Codes\\MinLab\\zz_LabView VI\\AAA_UNIST\\2. Tracking\\V6_ParallelLoop\\tools\\bench\\motor_session.json"
   ]
  }
 },
 "md5_original_before": "2a78e17c449cacdaf5da389818526859",
 "md5_copy_before": "3e3d23cefd3a334001aa9d6156bf1aee",
 "handles_after_open": 63199,
 "panel_record_before": {
  "stop (end)": false,
  "Focus Step (F1)": 0.1,
  "+ Inc (PgUp)": false,
  "- Inc (PgDn)": false,
  "continue tracking": false,
  "Reset Tracking": false,
  "Send": false,
  "Rot step (turns)": 0.0,
  "HOME": false,
  "Z/dZ": false,
  "Correction Factor": 0.88,
  "Trans Speed (mm/s)": 15.0,
  "Stop Trans": false,
  "# FD points": 20000,
  "Lc": 1000.0,
  "Lp": 40.0,
  "Baseline": 0.0,
  "Exp Baseline": -1000.0,
  "Fix to a Certain Pattern": true,
  "Focus Deviation from the Center": 0.0,
  "Auto-Reset": true,
  "Auto-Focus": true,
  "Auto-reset zero": 0,
  "# of Points": 2000000.0,
  "Autoreference? 1=Y": 0.0,
  "If no: current pos z?": 30.0,
  "Current pos rot?": 0.0,
  "Set Focus  (0->50)": 51.5,
  "Limit of Program": 150000,
  "Limit of Auto-Focus": 150000,
  "stop (end) 2": false,
  "Set # of Cycles": 3,
  "Start Cycles": false,
  "Switch": true,
  "+ -> Lc": 0.0,
  "x -> Lc": 1.05,
  "pixel distance (nm)": 84.0,
  "Cross length (pixels)": 120.0,
  "z step (um)": 0.1,
  "# to avg per image": 20.0,
  "# images in stack": 60.0,
  "Focus Pos (Start)": 0.0,
  "1 L-Turn": false,
  "1 R-Turn": false,
  "Rot Step (deg) ": 0.0,
  "Rot \nSpeed": 100.0,
  "Send to Rot": false,
  "- Cal Zero": false,
  "+ Cal Zero": false,
  "Trans Step (mm)": 0.0,
  "Send to Trans": false,
  "Done Picking \nBeads?": false,
  "Count": 0,
  "Mp measure freq": 1,
  "Force\nsmoothing\nhalf-width": 1,
  "Extension\nmedian filter\nhalf-width": 1,
  "# DT points": 2000,
  "Frame rate": 25,
  "CycleSchedule": [
   [
    0.0
   ],
   [
    0.0
   ],
   [
    0.0
   ]
  ],
  "NumCol": 0
 },
 "panel_record_before_meta": {
  "labels": 60,
  "read": 60,
  "errors": 0,
  "truncated_at": null,
  "seconds": 0.2
 },
 "panel_rect": [
  -6,
  51,
  1930,
  1107
 ],
 "stop_trace_c105": [
  "write 'stop (end)'=True",
  "write 'stop (end) 2'=True",
  "t=1.0 ExecState=2 'stop (end)'=True 'stop (end) 2'=True frame=0",
  "t=2.0 ExecState=2 'stop (end)'=True 'stop (end) 2'=True frame=0",
  "t=3.0 ExecState=2 'stop (end)'=True 'stop (end) 2'=True frame=0",
  "t=4.0 ExecState=2 'stop (end)'=True 'stop (end) 2'=True frame=0",
  "t=5.0 ExecState=2 'stop (end)'=True 'stop (end) 2'=True frame=0",
  "t=6.1 ExecState=2 'stop (end)'=True 'stop (end) 2'=True frame=0",
  "t=7.1 ExecState=2 'stop (end)'=True 'stop (end) 2'=True frame=0",
  "t=8.1 ExecState=2 'stop (end)'=True 'stop (end) 2'=True frame=0",
  "t=9.1 ExecState=2 'stop (end)'=True 'stop (end) 2'=True frame=0",
  "t=10.1 ExecState=2 'stop (end)'=True 'stop (end) 2'=True frame=0",
  "t=11.1 ExecState=2 'stop (end)'=True 'stop (end) 2'=True frame=0",
  "t=12.1 ExecState=2 'stop (end)'=True 'stop (end) 2'=True frame=0",
  "t=13.1 ExecState=2 'stop (end)'=True 'stop (end) 2'=True frame=0",
  "t=14.1 ExecState=2 'stop (end)'=True 'stop (end) 2'=True frame=0",
  "t=15.1 ExecState=2 'stop (end)'=True 'stop (end) 2'=True frame=0",
  "t=16.2 ExecState=2 'stop (end)'=True 'stop (end) 2'=True frame=0",
  "t=17.2 ExecState=2 'stop (end)'=True 'stop (end) 2'=True frame=0",
  "t=18.2 ExecState=2 'stop (end)'=True 'stop (end) 2'=True frame=0",
  "t=19.2 ExecState=2 'stop (end)'=True 'stop (end) 2'=True frame=0",
  "t=20.2 ExecState=2 'stop (end)'=True 'stop (end) 2'=True frame=0",
  "t=21.2 ExecState=2 'stop (end)'=True 'stop (end) 2'=True frame=0",
  "t=22.2 ExecState=2 'stop (end)'=True 'stop (end) 2'=True frame=0",
  "t=23.2 ExecState=2 'stop (end)'=True 'stop (end) 2'=True frame=0",
  "t=24.2 ExecState=2 'stop (end)'=True 'stop (end) 2'=True frame=0",
  "t=25.2 ExecState=2 'stop (end)'=True 'stop (end) 2'=True frame=0",
  "t=26.2 ExecState=2 'stop (end)'=True 'stop (end) 2'=True frame=0",
  "t=27.3 ExecState=2 'stop (end)'=True 'stop (end) 2'=True frame=0",
  "t=28.3 ExecState=2 'stop (end)'=True 'stop (end) 2'=True frame=0",
  "t=29.3 ExecState=2 'stop (end)'=True 'stop (end) 2'=True frame=0",
  "t=30.3 ExecState=2 'stop (end)'=True 'stop (end) 2'=True frame=0",
  "t=31.3 ExecState=2 'stop (end)'=True 'stop (end) 2'=True frame=0",
  "t=32.3 ExecState=2 'stop (end)'=True 'stop (end) 2'=True frame=0",
  "t=33.3 ExecState=2 'stop (end)'=True 'stop (end) 2'=True frame=0",
  "t=34.3 ExecState=2 'stop (end)'=True 'stop (end) 2'=True frame=0",
  "t=35.3 ExecState=2 'stop (end)'=True 'stop (end) 2'=True frame=0",
  "t=36.4 ExecState=2 'stop (end)'=True 'stop (end) 2'=True frame=0",
  "t=37.4 ExecState=2 'stop (end)'=True 'stop (end) 2'=True frame=0",
  "t=38.4 ExecState=2 'stop (end)'=True 'stop (end) 2'=True frame=0",
  "t=39.4 ExecState=2 'stop (end)'=True 'stop (end) 2'=True frame=0",
  "t=40.4 ExecState=2 'stop (end)'=True 'stop (end) 2'=True frame=0",
  "t=41.4 ExecState=2 'stop (end)'=True 'stop (end) 2'=True frame=0",
  "t=42.4 ExecState=2 'stop (end)'=True 'stop (end) 2'=True frame=0",
  "t=43.4 ExecState=2 'stop (end)'=True 'stop (end) 2'=True frame=0",
  "t=44.4 ExecState=2 'stop (end)'=True 'stop (end) 2'=True frame=0",
  "t=45.5 ExecState=2 'stop (end)'=True 'stop (end) 2'=True frame=0"
 ],
 "panel_record_after": {
  "stop (end)": "ERR:TimeoutError",
  "Focus Step (F1)": "ERR:TimeoutError",
  "+ Inc (PgUp)": "ERR:TimeoutError",
  "- Inc (PgDn)": "ERR:TimeoutError",
  "continue tracking": "ERR:TimeoutError",
  "Reset Tracking": "ERR:TimeoutError",
  "Send": "ERR:TimeoutError",
  "Rot step (turns)": "ERR:TimeoutError",
  "HOME": "ERR:TimeoutError",
  "Z/dZ": "ERR:TimeoutError",
  "Correction Factor": "ERR:TimeoutError",
  "Trans Speed (mm/s)": "ERR:TimeoutError",
  "Stop Trans": "ERR:TimeoutError",
  "# FD points": "ERR:TimeoutError",
  "Lc": "ERR:TimeoutError",
  "Lp": "ERR:TimeoutError",
  "Baseline": "ERR:TimeoutError",
  "Exp Baseline": "ERR:TimeoutError",
  "Fix to a Certain Pattern": "ERR:TimeoutError",
  "Focus Deviation from the Center": "ERR:TimeoutError",
  "Auto-Reset": "ERR:TimeoutError",
  "Auto-Focus": "ERR:TimeoutError",
  "Auto-reset zero": "ERR:TimeoutError",
  "# of Points": "ERR:TimeoutError",
  "Autoreference? 1=Y": "ERR:TimeoutError",
  "If no: current pos z?": "ERR:TimeoutError",
  "Current pos rot?": "ERR:TimeoutError",
  "Set Focus  (0->50)": "ERR:TimeoutError",
  "Limit of Program": "ERR:TimeoutError",
  "Limit of Auto-Focus": "ERR:TimeoutError",
  "stop (end) 2": "ERR:TimeoutError",
  "Set # of Cycles": "ERR:TimeoutError",
  "Start Cycles": "ERR:TimeoutError",
  "Switch": "ERR:TimeoutError",
  "+ -> Lc": "ERR:TimeoutError",
  "x -> Lc": "ERR:TimeoutError",
  "pixel distance (nm)": "ERR:TimeoutError",
  "Cross length (pixels)": "ERR:TimeoutError"
 },
 "panel_record_after_meta": {
  "labels": 60,
  "read": 38,
  "errors": 38,
  "truncated_at": "z step (um)",
  "seconds": 152.3
 },
 "handles_after": 65667,
 "run_dir": {
  "path": "G:\\Codes\\LabVIEW_Codes\\MinLab\\zz_LabView VI\\AAA_UNIST\\2. Tracking\\V6_ParallelLoop\\tools\\bench\\diag_c105_out\\m8_out\\replay_s1_20260927_053452",
  "files": 0,
  "bytes": 0,
  "by_ext": {},
  "non_tiff": []
 },
 "tiffs_deleted": {
  "count": 0,
  "bytes": 0
 },
 "md5_copy_after": "3e3d23cefd3a334001aa9d6156bf1aee",
 "md5_original_after": "2a78e17c449cacdaf5da389818526859",
 "motor_after": {
  "rc": 0,
  "tmx": 39.0,
  "parsed": {
   "before_lines": [
    "before: POS?=1=0.00000 TMN?=1=0.00000 TMX?=1=39.00000 ERR?=0"
   ],
   "prelimits_lines": [
    "PRELIMITS TMN=0 TMX=39"
   ],
   "limits_lines": [
    "LIMITS TMN=0 TMX=39 SPA15=39 SPA30=0",
    "LIMITS TMN=0 TMX=39 SPA15=39 SPA30=0"
   ],
   "refstate_lines": [
    "REFSTATE RON=1 FRF=1 POS=0 POS_BEFORE=0 ERR=0 travelled=0.000"
   ],
   "result_lines": [
    "RESULT: controller limits are TMN=0 TMX=39 (mode limits-set)"
   ],
   "session_lines": [
    "SESSION START OK -> G:\\Codes\\LabVIEW_Codes\\MinLab\\zz_LabView VI\\AAA_UNIST\\2. Tracking\\V6_ParallelLoop\\tools\\bench\\motor_session.json"
   ]
  }
 },
 "gui_actions": 0,
 "located": {}
}
json: G:\Codes\LabVIEW_Codes\MinLab\zz_LabView VI\AAA_UNIST\2. Tracking\V6_ParallelLoop\tools\bench\diag_c105_out\m8_v5_replay_s1_p15_r120.json

=== D0 v5: 12 pass, 1 fail ===
FAILING: 30 run2 RESTART LEG
GATE M1 run copy md5 == source                PASS
GATE M2 reached experiment loop               FAIL
GATE M3 frames >= 2000                        FAIL
GATE M4 stopped by the VI's own control       FAIL
GATE M5 cal+tra written                       FAIL
GATE M6 LabVIEW gone (tasklist)               PASS
GATE M7 bed md5 unchanged                     PASS
GATE M8 run copy deleted                      PASS
RESULT {"schema":"result-line/1","status":"FAIL","gates":{"pass":4,"fail":4},"first_fail":"M2 reached experiment loop","artefacts":[{"path":"tools\\bench\\diag_c105_out\\m8_replay_s1_p15_r120.json","md5":"9f0cb0024e95183b24ad1146cdc1cc68"}]}
[c105] COM5 {"tag": "T2 after LabVIEW gone", "state": "FREE", "win32_error": 0}
GATE P1 COM5 T0 probe                               PASS
GATE L1 Run issued                                  PASS
GATE C2 Run->L2 max sample gap <= 0.5 s             PASS
GATE C2b no GUI act before L2                       PASS
GATE C2c L2 sample logged                           PASS
GATE C3a main ExecState read after stop             FAIL
GATE C3b >=1 error/string indicator read            FAIL
GATE C3c Configure.vi resource read                 PASS
GATE C4 one leg, no picks                           PASS
GATE C5a LabVIEW gone                               PASS
GATE C5b S1 md5 3e3d23ce unchanged                  PASS
GATE C5c TMX 39 read back                           PASS
GATE C5d COM5 T2 probe                              PASS
RESULT {"schema":"result-line/1","status":"FAIL","gates":{"pass":11,"fail":2},"first_fail":"C3a main ExecState read after stop","artefacts":[{"path":"tools\\bench\\facts_c105_rotor.json","md5":"d77883a7cf8121ecb0de7e8aee9789f1"}]}
BGRUN END rc=1 after 916s
