BGRUN START 2026-09-26 06:05:44 limit 25.0 min: py -u tools/bench/diag_c90_t0_smoke.py C:\Program Files\National Instruments\LabVIEW 2026\user.lib\claudeDev\D1_s1_t0_20260926_055551.vi --run-s 30
T0STAMP_DIR G:\Codes\LabVIEW_Codes\MinLab\zz_LabView VI\AAA_UNIST\2. Tracking\V6_ParallelLoop\tools\bench\t0_legs\smoke_20260926_060544 vi C:\Program Files\National Instruments\LabVIEW 2026\user.lib\claudeDev\D1_s1_t0_20260926_055551.vi run-s 30
[   0.3s] LabVIEW handles BEFORE 33999
[   0.3s] reference patch: G:\Codes\LabVIEW_Codes\MinLab\zz_LabView VI\AAA_UNIST\2. Tracking\V6_ParallelLoop\tools\bench\ref_done_yes_button.png (exists=True)
[   0.3s]   motor_gate --session start  <- cycle27-plan Pre-decided 4: running the copy executes the original's device init, which drives the PI stage and the ASI
[   6.0s]     | before: POS?=1=0.00000 TMN?=1=0.00000 TMX?=1=39.00000 ERR?=0
[   6.0s]     | PRELIMITS TMN=0 TMX=39
[   6.0s]     | ERR? after SPA = 0
[   6.0s]     | LIMITS TMN=0 TMX=39 SPA15=39 SPA30=0
[   6.0s]     | REFERENCE: POS before=0 -> SENT FNL 1 (to the negative limit switch)
[   6.0s]     | REFSTATE RON=1 FRF=1 POS=0 POS_BEFORE=0 ERR=0 travelled=0.000
[   6.0s]     | VERIFY: commanded=2 readback=1.99995 delta=0.0001 err=0 -> OK
[   6.0s]     | VERIFY: commanded=0 readback=0 delta=0.0000 err=0 -> OK
[   6.0s]     | VERIFY-RESULT: OK - reference move done and the stage follows commands
[   6.0s]     | LIMITS TMN=0 TMX=39 SPA15=39 SPA30=0
[   6.0s]     | RESULT: controller limits are TMN=0 TMX=39 (mode limits-set)
[   6.0s]     | PI  : PI controller limits match the file (TMN 0.0000 / TMX 39.0000, tol 0.001) (sender code=0)
[   6.0s]     | PI  : reference {"FRF": 1.0, "POS": 0.0, "POS_BEFORE": 0.0, "RON": 1.0} -> REFERENCED at 0; verify OK (attempt 1/3)
[   6.0s]     | before SL: :A X=-3.847494 Y=-4.774393   SU: :A X=0.152497 Y=-0.774402
[   6.0s]     | SL write -> :A
[   6.0s]     | SU write -> :A
[   6.0s]     | LIMITS SL X=-3.847494 Y=-4.774393 SU X=0.152497 Y=-0.774402
[   6.0s]     | position after (must be unchanged): X=-24071 Y=-36863
[   6.0s]     | RESULT: controller limits set (mode limits-set)
[   6.0s]     | ASI : ASI controller limits match the file (SL {'X': -3.8475, 'Y': -4.7744} / SU {'X': 0.1525, 'Y': -0.7744} mm, tol 0.001) (sender code=0)
[   6.0s]     | SESSION START OK -> G:\Codes\LabVIEW_Codes\MinLab\zz_LabView VI\AAA_UNIST\2. Tracking\V6_ParallelLoop\tools\bench\motor_session.json
[   6.0s]     | RESULT {"schema":"result-line/1","status":"PASS","gates":{"pass":1,"fail":0},"first_fail":null,"artefacts":[]}
[   6.0s] STEP 0 G0 motor gate --session start (BEFORE LabVIEW opens COM3/COM4) MOTOR    PASS exit=0; LIMITS TMN=0 TMX=39 SPA15=39 SPA30=0; REFSTATE RON=1 FRF=1 POS=0 POS_BEFORE=0 ERR=0 travelled=0.000; SESSION START OK -> G:\Codes\LabVIEW_Codes\MinLab\zz_LabView VI\AAA_UNIST\2. Tracking\V6_ParallelLoop\tools\bench\motor_session.json
[   6.0s] STEP 1 G1 md5(ORIGINAL) before      FILE     PASS 2a78e17c449cacdaf5da389818526859
[   6.0s] STEP 2 G2 the D0 copy exists (nothing copied, saved or deleted) FILE     PASS C:\Program Files\National Instruments\LabVIEW 2026\user.lib\claudeDev\D1_s1_t0_20260926_055551_run_20260926_060634.vi (485148 B) md5=25ea4f7d10d91c41c4b5de64f850c945
[   6.0s]   com.deq  #1 app
[   6.0s] STEP 3 G3a apartment2 attach        COM      PASS apartment2 attached, LabVIEW 26.3.1f1
[   6.0s]   com.deq  #2 preload ('G:\\Codes\\LabVIEW_Codes\\MinLab\\zz_LabView VI\\AAA_UNIST\\2. Tracking\\Min_Track N beads V6_ParallelLoop.vi',)
[   7.3s] STEP 4 G3b ORIGINAL resident READ-ONLY COM      PASS original resident (ExecState=1)
[   7.3s]   com.deq  #3 open ('C:\\Program Files\\National Instruments\\LabVIEW 2026\\user.lib\\claudeDev\\D1_s1_t0_20260926_055551_run_20260926_060634.vi',)
[   7.4s]   com.deq  #4 panel (False,)
[   7.5s]   com.deq  #5 state
[   8.0s] STEP 5 G3c copy loads, idle, unblocked COM      PASS ExecState=1; VERDICT: clear (no modal dialog)
[   8.2s]   com.deq  #6 get ('stop (end)',)
[   8.6s]   com.deq  #7 get ('Focus Step (F1)',)
[   8.6s]   com.deq  #8 get ('+ Inc (PgUp)',)
[   8.6s]   com.deq  #9 get ('- Inc (PgDn)',)
[   8.6s]   com.deq  #10 get ('continue tracking',)
[   8.6s]   com.deq  #11 get ('Reset Tracking',)
[   8.6s]   com.deq  #12 get ('Send',)
[   8.6s]   com.deq  #13 get ('Rot step (turns)',)
[   8.6s]   com.deq  #14 get ('HOME',)
[   8.6s]   com.deq  #15 get ('Z/dZ',)
[   8.6s]   com.deq  #16 get ('Correction Factor',)
[   8.6s]   com.deq  #17 get ('Trans Speed (mm/s)',)
[   8.6s]   com.deq  #18 get ('Stop Trans',)
[   8.6s]   com.deq  #19 get ('# FD points',)
[   8.6s]   com.deq  #20 get ('Lc',)
[   8.6s]   com.deq  #21 get ('Lp',)
[   8.6s]   com.deq  #22 get ('Baseline',)
[   8.6s]   com.deq  #23 get ('Exp Baseline',)
[   8.6s]   com.deq  #24 get ('Fix to a Certain Pattern',)
[   8.6s]   com.deq  #25 get ('Focus Deviation from the Center',)
[   8.6s]   com.deq  #26 get ('Auto-Reset',)
[   8.6s]   com.deq  #27 get ('Auto-Focus',)
[   8.6s]   com.deq  #28 get ('Auto-reset zero',)
[   8.6s]   com.deq  #29 get ('# of Points',)
[   8.6s]   com.deq  #30 get ('Autoreference? 1=Y',)
[   8.6s]   com.deq  #31 get ('If no: current pos z?',)
[   8.6s]   com.deq  #32 get ('Current pos rot?',)
[   8.6s]   com.deq  #33 get ('Set Focus  (0->50)',)
[   8.6s]   com.deq  #34 get ('Limit of Program',)
[   8.7s]   com.deq  #35 get ('Limit of Auto-Focus',)
[   8.7s]   com.deq  #36 get ('stop (end) 2',)
[   8.7s]   com.deq  #37 get ('Set # of Cycles',)
[   8.7s]   com.deq  #38 get ('Start Cycles',)
[   8.7s]   com.deq  #39 get ('Switch',)
[   8.7s]   com.deq  #40 get ('+ -> Lc',)
[   8.7s]   com.deq  #41 get ('x -> Lc',)
[   8.7s]   com.deq  #42 get ('pixel distance (nm)',)
[   8.7s]   com.deq  #43 get ('Cross length (pixels)',)
[   8.7s]   com.deq  #44 get ('z step (um)',)
[   8.7s]   com.deq  #45 get ('# to avg per image',)
[   8.7s]   com.deq  #46 get ('# images in stack',)
[   8.7s]   com.deq  #47 get ('Focus Pos (Start)',)
[   8.7s]   com.deq  #48 get ('1 L-Turn',)
[   8.7s]   com.deq  #49 get ('1 R-Turn',)
[   8.8s]   com.deq  #50 get ('Rot Step (deg) ',)
[   8.8s]   com.deq  #51 get ('Rot \nSpeed',)
[   8.8s]   com.deq  #52 get ('Send to Rot',)
[   8.8s]   com.deq  #53 get ('- Cal Zero',)
[   8.8s]   com.deq  #54 get ('+ Cal Zero',)
[   8.8s]   com.deq  #55 get ('Trans Step (mm)',)
[   8.8s]   com.deq  #56 get ('Send to Trans',)
[   8.8s]   com.deq  #57 get ('Done Picking \nBeads?',)
[   8.8s]   com.deq  #58 get ('Count',)
[   8.8s]   com.deq  #59 get ('Mp measure freq',)
[   8.8s]   com.deq  #60 get ('Force\nsmoothing\nhalf-width',)
[   8.8s]   com.deq  #61 get ('Extension\nmedian filter\nhalf-width',)
[   8.8s]   com.deq  #62 get ('# DT points',)
[   8.8s]   com.deq  #63 get ('Frame rate',)
[   8.8s]   com.deq  #64 get ('CycleSchedule',)
[   8.8s]   com.deq  #65 get ('NumCol',)
[   8.8s]   panel record [before]: 60/60 controls read, 0 errors, 1s
[   8.8s]     PARAM '# DT points'                            = 2000
[   8.8s]     PARAM '# FD points'                            = 20000
[   8.8s]     PARAM '# images in stack'                      = 60.0
[   8.8s]     PARAM '# of Points'                            = 2000000.0
[   8.8s]     PARAM '# to avg per image'                     = 20.0
[   8.8s]     PARAM '+ -> Lc'                                = 0.0
[   8.8s]     PARAM '+ Cal Zero'                             = False
[   8.8s]     PARAM '+ Inc (PgUp)'                           = False
[   8.8s]     PARAM '- Cal Zero'                             = False
[   8.8s]     PARAM '- Inc (PgDn)'                           = False
[   8.8s]     PARAM '1 L-Turn'                               = False
[   8.8s]     PARAM '1 R-Turn'                               = False
[   8.8s]     PARAM 'Auto-Focus'                             = True
[   8.8s]     PARAM 'Auto-Reset'                             = True
[   8.8s]     PARAM 'Auto-reset zero'                        = 0
[   8.8s]     PARAM 'Autoreference? 1=Y'                     = 0.0
[   8.8s]     PARAM 'Baseline'                               = 0.0
[   8.8s]     PARAM 'Correction Factor'                      = 0.88
[   8.8s]     PARAM 'Count'                                  = 0
[   8.8s]     PARAM 'Cross length (pixels)'                  = 120.0
[   8.8s]     PARAM 'Current pos rot?'                       = 0.0
[   8.8s]     PARAM 'CycleSchedule'                          = ((0.0,), (0.0,), (0.0,))
[   8.8s]     PARAM 'Done Picking \nBeads?'                  = False
[   8.8s]     PARAM 'Exp Baseline'                           = -1000.0
[   8.8s]     PARAM 'Extension\nmedian filter\nhalf-width'   = 1
[   8.8s]     PARAM 'Fix to a Certain Pattern'               = True
[   8.8s]     PARAM 'Focus Deviation from the Center'        = 0.0
[   8.8s]     PARAM 'Focus Pos (Start)'                      = 0.0
[   8.8s]     PARAM 'Focus Step (F1)'                        = 0.1
[   8.8s]     PARAM 'Force\nsmoothing\nhalf-width'           = 1
[   8.8s]     PARAM 'Frame rate'                             = 25
[   8.8s]     PARAM 'HOME'                                   = False
[   8.8s]     PARAM 'If no: current pos z?'                  = 30.0
[   8.8s]     PARAM 'Lc'                                     = 1000.0
[   8.8s]     PARAM 'Limit of Auto-Focus'                    = 150000
[   8.8s]     PARAM 'Limit of Program'                       = 150000
[   8.8s]     PARAM 'Lp'                                     = 40.0
[   8.8s]     PARAM 'Mp measure freq'                        = 1
[   8.8s]     PARAM 'NumCol'                                 = 0
[   8.8s]     PARAM 'Reset Tracking'                         = False
[   8.8s]     PARAM 'Rot \nSpeed'                            = 100.0
[   8.8s]     PARAM 'Rot Step (deg) '                        = 0.0
[   8.8s]     PARAM 'Rot step (turns)'                       = 0.0
[   8.8s]     PARAM 'Send'                                   = False
[   8.8s]     PARAM 'Send to Rot'                            = False
[   8.8s]     PARAM 'Send to Trans'                          = False
[   8.8s]     PARAM 'Set # of Cycles'                        = 3
[   8.8s]     PARAM 'Set Focus  (0->50)'                     = 51.5
[   8.8s]     PARAM 'Start Cycles'                           = False
[   8.8s]     PARAM 'Stop Trans'                             = False
[   8.8s]     PARAM 'Switch'                                 = True
[   8.8s]     PARAM 'Trans Speed (mm/s)'                     = 15.0
[   8.8s]     PARAM 'Trans Step (mm)'                        = 0.0
[   8.8s]     PARAM 'Z/dZ'                                   = False
[   8.8s]     PARAM 'continue tracking'                      = False
[   8.8s]     PARAM 'pixel distance (nm)'                    = 84.0
[   8.8s]     PARAM 'stop (end)'                             = False
[   8.8s]     PARAM 'stop (end) 2'                           = False
[   8.8s]     PARAM 'x -> Lc'                                = 1.05
[   8.8s]     PARAM 'z step (um)'                            = 0.1
[   8.8s] STEP 6 G4 panel parameters RECORDED (never set) VISERVER PASS 60 of 60 controls returned a value, 0 errors
[   9.3s] STEP 7 G5 panel window rect read LIVE (recorded; NO click is derived from it) GUI      PASS rect=(-6, 51, 1930, 1107); v3's V6 rect (-6, 51, 1930, 1107) is printed for contrast only - v4's gate 7 compared these two and passed while the control positions differed
[   9.3s]   com.deq  #66 set ('stop (end)',)
[   9.3s]   com.deq  #67 get ('stop (end)',)
[   9.3s]   com.deq  #68 set ('stop (end) 2',)
[   9.3s]   com.deq  #69 get ('stop (end) 2',)
[   9.3s]   com.deq  #70 set ('Done Picking \nBeads?',)
[   9.3s]   com.deq  #71 get ('Done Picking \nBeads?',)
[   9.3s] STEP 10 run1.pre reset+readback of the 3 control-flow booleans VISERVER PASS {'stop (end)': False, 'stop (end) 2': False, 'Done Picking \nBeads?': False} (no panel PARAMETER is written)
[   9.3s]   run[v5_run1]: entering Run(False) by DISPID 1017
[  11.3s]   com.deq  #72 state
[  11.3s]   com.deq  #73 state
[  11.3s] STEP 11 run1.L1 VI left idle        COM      PASS ExecState=2 after 2s; Run returned=False
[  15.0s] STEP 12 run1.L2 IMAQ display LOCATED in this leg's own capture GUI      PASS panel rect=(-6, 51, 1930, 1107); mid-grey band (233, 503, 873, 1015) = 641x513 px; (v3's V6 rect, NOT used: (232, 500, 873, 1013))
[  15.0s]   CLICKPROBE 'D1_s1_t0_20260926_055551_run_20260926_060634.vi' (489,810) <- bead 1 (reference) at fraction (0.4, 0.6) of the LOCATED display rect (233, 503, 873, 1015)
[  16.9s]   probe_click (489, 810) -> delivered=True {'sfw_ret': True, 'fg_after_sfw_is_target': True, 'fg_at_buttondown_is_target': True, 'wfp_press_root_is_target': True} (NOTE: lv_gui presses at x+1 = 490)
[  19.4s]   CLICKPROBE 'D1_s1_t0_20260926_055551_run_20260926_060634.vi' (367,692) <- bead 2 (magnetic) at fraction (0.21, 0.37) of the LOCATED display rect (233, 503, 873, 1015)
[  21.3s]   probe_click (367, 692) -> delivered=True {'sfw_ret': True, 'fg_after_sfw_is_target': True, 'fg_at_buttondown_is_target': True, 'wfp_press_root_is_target': True} (NOTE: lv_gui presses at x+1 = 368)
[  23.8s]   CLICKPROBE 'D1_s1_t0_20260926_055551_run_20260926_060634.vi' (623,933) <- bead 3 (magnetic) at fraction (0.61, 0.84) of the LOCATED display rect (233, 503, 873, 1015)
[  25.7s]   probe_click (623, 933) -> delivered=True {'sfw_ret': True, 'fg_after_sfw_is_target': True, 'fg_at_buttondown_is_target': True, 'wfp_press_root_is_target': True} (NOTE: lv_gui presses at x+1 = 624)
[  28.8s] STEP 13 run1.L3 3 picks landed - CONFIRMED BY THE MARKERS THE VI DREW GUI      FAIL picks=[(489, 810), (367, 692), (623, 933)] in located rect (233, 503, 873, 1015); red markers inside it 0 -> 2 (delta 2, contract >= 3); all clicks delivered=True; marker boxes after=[(363, 687, 372, 696), (619, 928, 628, 937)]
[  30.1s] STEP 14 run1.L4 `Done Picking \nBeads?` Yes button LOCATED on THIS VI's own panel GUI      PASS search rect (-6, 51, 1930, 1107) in 20260926_060634_v5_run1_before_done.png; 322 red clusters, 6 passed shape, winner=(1113, 914) | template score 0.00 (next 28.35152922957801); mean|diff| over 46x29 vs ref_done_yes_button.png; BOX=(1091, 900, 1136, 928) SIZE=(46, 29) CENTRE=(1113, 914) (reference measured 2026-09-18 17:28: box=(1155, 848, 1200, 876) centre=(1177, 862); the point v4 INHERITED from the V6 copy and missed: (1114, 915), delta (-1, -1)); evidence crop=G:\Codes\LabVIEW_Codes\MinLab\zz_LabView VI\AAA_UNIST\2. Tracking\V6_ParallelLoop\tools\bench\m8_shots\20260926_060634_run1_done_button.png
[  30.1s]   com.deq  #74 get ('Count',)
[  30.1s]   CLICKPROBE 'D1_s1_t0_20260926_055551_run_20260926_060634.vi' (1113,914) <- `Done Picking \nBeads?` (uid 11819) Yes, LOCATED at (1113, 914)
[  32.0s]   probe_click (1113, 914) -> delivered=True {'sfw_ret': True, 'fg_after_sfw_is_target': True, 'fg_at_buttondown_is_target': True, 'wfp_press_root_is_target': True} (NOTE: lv_gui presses at x+1 = 1114)
[  32.6s] STEP 15 run1.L5 done click DELIVERED (clickprobe, never -Action click) GUI      PASS {'sfw_ret': True, 'fg_after_sfw_is_target': True, 'fg_at_buttondown_is_target': True, 'wfp_press_root_is_target': True}; target hwnd=3082674; pressed at (1114, 914)
[  57.6s] STEP 16 run1.L6 `choose bandpass` within 30 s (brief step 5) GUI      PASS present=True after 25s; the V6 copy needed ~2 min of z-stack calibration first (drive_original_copy_v2.py:147), so a FAIL here is a TIMING statement, not a verdict on the click - L7 is the verdict
[  57.6s]   com.deq  #75 get ('Count',)
[  58.6s] STEP 17 run1.L7 picking loop ended  GUI      PASS Count 1 -> 1 after 25s; bandpass present=True; save present=False
[  64.1s]   CLICKPROBE 'choose bandpass' (174,352) <- bandpass Yes #1 LOCATED at (174, 352) (attempt 1)
[  72.4s]   CLICKPROBE 'choose bandpass' (174,352) <- bandpass Yes #2 LOCATED at (174, 352) (attempt 1)
[  76.2s] STEP 18 run1.L8 the three `choose bandpass` panels (Yes LOCATED, HWND-gated) GUI      FAIL 2 closed (contract 3), hwnds [4917508, 4983044]; terminal=save dialog appeared after 2 panel(s) || panel 1: rect=(29, 72, 1060, 874) LOCATED yes=(174, 352) (box=(116, 319, 233, 385) size=(118, 67) caption=(39, 19) red_px=208) hwnd_died=True | attempt 1 hwnd=4917508 rect=(29, 72, 1060, 874) checks={'sfw_ret': True, 'fg_after_sfw_is_target': True, 'fg_at_buttondown_is_target': True, 'wfp_press_root_is_target': True} target_hwnd_dead_within_500ms=True successor_hwnd=4983044 || panel 2: rect=(29, 72, 1060, 874) LOCATED yes=(174, 352) (box=(116, 319, 233, 385) size=(118, 67) caption=(39, 19) red_px=208) hwnd_died=True | attempt 1 hwnd=4983044 rect=(29, 72, 1060, 874) checks={'sfw_ret': True, 'fg_after_sfw_is_target': True, 'fg_at_buttondown_is_target': True, 'wfp_press_root_is_target': True} target_hwnd_dead_within_500ms=True successor_hwnd=16582976
[  79.9s]   GUI keys '^a' <- select the whole file-name field
[  80.4s]   GUI keys -> keys ^a
[  80.8s]   GUI keys 'G:\\Codes\\LabVIEW_Codes\\MinLab\\zz_LabView VI\\AAA_UNIST\\2. Tracking\\V6_ParallelLoop\\tools\\bench\\m8_out\\replay_s1_20260926_060634\\cal001' <- type the harness-owned absolute save path
[  86.6s]   GUI keys -> keys G:\Codes\LabVIEW_Codes\MinLab\zz_LabView VI\AAA_UNIST\2. Tracking\V6_ParallelLoop\tools\bench\m8_out\replay_s1_20260926_060634\cal001
[  87.7s]   GUI keys '{ENTER}' <- confirm the save dialog (default button)
[  88.2s]   GUI keys -> keys {ENTER}
[  89.5s] STEP 19 run1.L9 save dialog answered by keyboard GUI      PASS focus + ^a + type + ENTER; rect=(752, 55, 1712, 595); path=G:\Codes\LabVIEW_Codes\MinLab\zz_LabView VI\AAA_UNIST\2. Tracking\V6_ParallelLoop\tools\bench\m8_out\replay_s1_20260926_060634\cal001; shot=20260926_060634_save_dialog_v5_run1.png
[  92.5s]   com.deq  #76 get ('Cal File Path',)
[  92.5s] STEP 20 run1.L10 cal file in OUR folder FILE     PASS G:\Codes\LabVIEW_Codes\MinLab\zz_LabView VI\AAA_UNIST\2. Tracking\V6_ParallelLoop\tools\bench\m8_out\replay_s1_20260926_060634\cal001 (114400 B); `Cal File Path` indicator='G:\\Codes\\LabVIEW_Codes\\MinLab\\zz_LabView VI\\AAA_UNIST\\2. Tracking\\V6_ParallelLoop\\tools\\bench\\m8_out\\replay_s1_20260926_060634\\cal001'
[  94.5s]   com.deq  #77 get ('current image number',)
[  96.5s]   com.deq  #78 get ('current image number',)
[  98.5s]   com.deq  #79 get ('current image number',)
[ 100.5s]   com.deq  #80 get ('current image number',)
[ 102.6s]   com.deq  #81 get ('current image number',)
[ 104.6s]   com.deq  #82 get ('current image number',)
[ 106.6s]   com.deq  #83 get ('current image number',)
[ 108.6s]   com.deq  #84 get ('current image number',)
[ 110.6s]   com.deq  #85 get ('current image number',)
[ 112.6s]   com.deq  #86 get ('current image number',)
[ 114.6s]   com.deq  #87 get ('current image number',)
[ 116.6s]   com.deq  #88 get ('current image number',)
[ 118.6s]   com.deq  #89 get ('current image number',)
[ 120.6s]   com.deq  #90 get ('current image number',)
[ 122.7s]   com.deq  #91 get ('current image number',)
[ 122.7s]   com.deq  #92 get ('Total Lost Frames',)
[ 122.7s] STEP 21 run1.L11 frame counter advances (it read 0 all run in v4) VISERVER PASS current image number over 30s: 7298 .. 9828 (lost=25)
[ 122.7s]   com.deq  #93 set ('stop (end)',)
[ 122.7s]   com.deq  #94 set ('stop (end) 2',)
[ 122.8s]   run[v5_run1]: Run(False) RETURNED after 113.5s (err=None)
[ 123.7s]   com.deq  #95 state
[ 123.7s]   com.deq  #96 get ('stop (end)',)
[ 123.7s]   com.deq  #97 get ('stop (end) 2',)
[ 123.7s]   com.deq  #98 get ('current image number',)
[ 123.7s] STEP 22 run1.L12 stop - VI Server FIRST, COM Abort as the fallback VISERVER PASS WORKED: VI SERVER SetControlValue, ONE write each, no re-arm after 1.0s -- idle after 1.0s; write 'stop (end)'=True | write 'stop (end) 2'=True | t=1.0 ExecState=1 'stop (end)'=False 'stop (end) 2'=False frame=9830
[ 128.7s]   com.deq  #99 get ('Track File Path',)
[ 128.7s] STEP 23 run1.L13 trace file written FILE     PASS non-TIFF files: ['cal001 (114400 B)', 'tra001-000 (212776 B)']; by ext: {'<none>': (2, 327176)}; `Track File Path` indicator='G:\\Codes\\LabVIEW_Codes\\MinLab\\zz_LabView VI\\AAA_UNIST\\2. Tracking\\V6_ParallelLoop\\tools\\bench\\m8_out\\replay_s1_20260926_060634\\tra001-'
[ 128.7s]   com.deq  #100 state
[ 128.7s]   com.deq  #101 state
[ 128.7s]   com.deq  #102 get ('stop (end)',)
[ 128.7s]   com.deq  #103 get ('Focus Step (F1)',)
[ 128.7s]   com.deq  #104 get ('+ Inc (PgUp)',)
[ 128.7s]   com.deq  #105 get ('- Inc (PgDn)',)
[ 128.7s]   com.deq  #106 get ('continue tracking',)
[ 128.7s]   com.deq  #107 get ('Reset Tracking',)
[ 128.7s]   com.deq  #108 get ('Send',)
[ 128.7s]   com.deq  #109 get ('Rot step (turns)',)
[ 128.7s]   com.deq  #110 get ('HOME',)
[ 128.7s]   com.deq  #111 get ('Z/dZ',)
[ 128.7s]   com.deq  #112 get ('Correction Factor',)
[ 128.7s]   com.deq  #113 get ('Trans Speed (mm/s)',)
[ 128.7s]   com.deq  #114 get ('Stop Trans',)
[ 128.7s]   com.deq  #115 get ('# FD points',)
[ 128.7s]   com.deq  #116 get ('Lc',)
[ 128.7s]   com.deq  #117 get ('Lp',)
[ 128.7s]   com.deq  #118 get ('Baseline',)
[ 128.7s]   com.deq  #119 get ('Exp Baseline',)
[ 128.7s]   com.deq  #120 get ('Fix to a Certain Pattern',)
[ 128.7s]   com.deq  #121 get ('Focus Deviation from the Center',)
[ 128.7s]   com.deq  #122 get ('Auto-Reset',)
[ 128.7s]   com.deq  #123 get ('Auto-Focus',)
[ 128.7s]   com.deq  #124 get ('Auto-reset zero',)
[ 128.7s]   com.deq  #125 get ('# of Points',)
[ 128.7s]   com.deq  #126 get ('Autoreference? 1=Y',)
[ 128.7s]   com.deq  #127 get ('If no: current pos z?',)
[ 128.7s]   com.deq  #128 get ('Current pos rot?',)
[ 128.7s]   com.deq  #129 get ('Set Focus  (0->50)',)
[ 128.7s]   com.deq  #130 get ('Limit of Program',)
[ 128.7s]   com.deq  #131 get ('Limit of Auto-Focus',)
[ 128.7s]   com.deq  #132 get ('stop (end) 2',)
[ 128.7s]   com.deq  #133 get ('Set # of Cycles',)
[ 128.7s]   com.deq  #134 get ('Start Cycles',)
[ 128.7s]   com.deq  #135 get ('Switch',)
[ 128.7s]   com.deq  #136 get ('+ -> Lc',)
[ 128.7s]   com.deq  #137 get ('x -> Lc',)
[ 128.7s]   com.deq  #138 get ('pixel distance (nm)',)
[ 128.7s]   com.deq  #139 get ('Cross length (pixels)',)
[ 128.7s]   com.deq  #140 get ('z step (um)',)
[ 128.7s]   com.deq  #141 get ('# to avg per image',)
[ 128.7s]   com.deq  #142 get ('# images in stack',)
[ 128.7s]   com.deq  #143 get ('Focus Pos (Start)',)
[ 128.7s]   com.deq  #144 get ('1 L-Turn',)
[ 128.7s]   com.deq  #145 get ('1 R-Turn',)
[ 128.7s]   com.deq  #146 get ('Rot Step (deg) ',)
[ 128.7s]   com.deq  #147 get ('Rot \nSpeed',)
[ 128.7s]   com.deq  #148 get ('Send to Rot',)
[ 128.7s]   com.deq  #149 get ('- Cal Zero',)
[ 128.7s]   com.deq  #150 get ('+ Cal Zero',)
[ 128.7s]   com.deq  #151 get ('Trans Step (mm)',)
[ 128.7s]   com.deq  #152 get ('Send to Trans',)
[ 128.7s]   com.deq  #153 get ('Done Picking \nBeads?',)
[ 128.7s]   com.deq  #154 get ('Count',)
[ 128.7s]   com.deq  #155 get ('Mp measure freq',)
[ 128.7s]   com.deq  #156 get ('Force\nsmoothing\nhalf-width',)
[ 128.7s]   com.deq  #157 get ('Extension\nmedian filter\nhalf-width',)
[ 128.7s]   com.deq  #158 get ('# DT points',)
[ 128.7s]   com.deq  #159 get ('Frame rate',)
[ 128.7s]   com.deq  #160 get ('CycleSchedule',)
[ 128.7s]   com.deq  #161 get ('NumCol',)
[ 128.7s]   panel record [after]: 60/60 controls read, 0 errors, 0s
[ 128.7s]     PARAM '# DT points'                            = 2000
[ 128.7s]     PARAM '# FD points'                            = 20000
[ 128.7s]     PARAM '# images in stack'                      = 60.0
[ 128.7s]     PARAM '# of Points'                            = 2000000.0
[ 128.7s]     PARAM '# to avg per image'                     = 20.0
[ 128.7s]     PARAM '+ -> Lc'                                = 0.0
[ 128.7s]     PARAM '+ Cal Zero'                             = False
[ 128.7s]     PARAM '+ Inc (PgUp)'                           = False
[ 128.7s]     PARAM '- Cal Zero'                             = False
[ 128.7s]     PARAM '- Inc (PgDn)'                           = False
[ 128.7s]     PARAM '1 L-Turn'                               = False
[ 128.7s]     PARAM '1 R-Turn'                               = False
[ 128.7s]     PARAM 'Auto-Focus'                             = True
[ 128.7s]     PARAM 'Auto-Reset'                             = True
[ 128.7s]     PARAM 'Auto-reset zero'                        = 0
[ 128.7s]     PARAM 'Autoreference? 1=Y'                     = 0.0
[ 128.7s]     PARAM 'Baseline'                               = 0.0
[ 128.7s]     PARAM 'Correction Factor'                      = 0.88
[ 128.7s]     PARAM 'Count'                                  = 1
[ 128.7s]     PARAM 'Cross length (pixels)'                  = 120.0
[ 128.7s]     PARAM 'Current pos rot?'                       = 0.0
[ 128.7s]     PARAM 'CycleSchedule'                          = ((0.0,), (0.0,), (0.0,))
[ 128.7s]     PARAM 'Done Picking \nBeads?'                  = False
[ 128.7s]     PARAM 'Exp Baseline'                           = -1000.0
[ 128.7s]     PARAM 'Extension\nmedian filter\nhalf-width'   = 1
[ 128.7s]     PARAM 'Fix to a Certain Pattern'               = True
[ 128.7s]     PARAM 'Focus Deviation from the Center'        = 0.0
[ 128.7s]     PARAM 'Focus Pos (Start)'                      = 0.0
[ 128.7s]     PARAM 'Focus Step (F1)'                        = 0.1
[ 128.7s]     PARAM 'Force\nsmoothing\nhalf-width'           = 1
[ 128.7s]     PARAM 'Frame rate'                             = 25
[ 128.7s]     PARAM 'HOME'                                   = False
[ 128.7s]     PARAM 'If no: current pos z?'                  = 30.0
[ 128.7s]     PARAM 'Lc'                                     = 1050.0
[ 128.7s]     PARAM 'Limit of Auto-Focus'                    = 150000
[ 128.7s]     PARAM 'Limit of Program'                       = 150000
[ 128.7s]     PARAM 'Lp'                                     = 40.0
[ 128.7s]     PARAM 'Mp measure freq'                        = 1
[ 128.7s]     PARAM 'NumCol'                                 = 0
[ 128.7s]     PARAM 'Reset Tracking'                         = False
[ 128.7s]     PARAM 'Rot \nSpeed'                            = 100.0
[ 128.7s]     PARAM 'Rot Step (deg) '                        = 0.0
[ 128.7s]     PARAM 'Rot step (turns)'                       = 0.0
[ 128.7s]     PARAM 'Send'                                   = False
[ 128.7s]     PARAM 'Send to Rot'                            = False
[ 128.7s]     PARAM 'Send to Trans'                          = False
[ 128.7s]     PARAM 'Set # of Cycles'                        = 3
[ 128.7s]     PARAM 'Set Focus  (0->50)'                     = 51.5
[ 128.7s]     PARAM 'Start Cycles'                           = False
[ 128.7s]     PARAM 'Stop Trans'                             = False
[ 128.7s]     PARAM 'Switch'                                 = True
[ 128.7s]     PARAM 'Trans Speed (mm/s)'                     = 15.0
[ 128.7s]     PARAM 'Trans Step (mm)'                        = 0.0
[ 128.7s]     PARAM 'Z/dZ'                                   = False
[ 128.7s]     PARAM 'continue tracking'                      = False
[ 128.7s]     PARAM 'pixel distance (nm)'                    = 84.0
[ 128.7s]     PARAM 'stop (end)'                             = False
[ 128.7s]     PARAM 'stop (end) 2'                           = False
[ 128.7s]     PARAM 'x -> Lc'                                = 1.05
[ 128.7s]     PARAM 'z step (um)'                            = 0.1
[ 128.7s]   com.deq  #162 set ('stop (end)',)
[ 128.7s]   com.deq  #163 set ('stop (end) 2',)
[ 128.7s]   com.deq  #164 set ('Done Picking \nBeads?',)
[ 128.9s] LabVIEW handles AFTER 60683 (before 33999)
[ 128.9s]   com.deq  #165 closepanel
[ 128.9s]   com.deq  #166 release
[ 128.9s] cleanup: run folder 2 files / 327176 bytes; TIFFs deleted 0 / 0 bytes
[ 128.9s] STEP 90 G90 md5(COPY) unchanged - RUN, never saved, never deleted FILE     PASS 25ea4f7d10d91c41c4b5de64f850c945 -> 25ea4f7d10d91c41c4b5de64f850c945 (exists=True)
[ 128.9s] STEP 91 G91 md5(ORIGINAL) after     FILE     PASS 2a78e17c449cacdaf5da389818526859
[ 384.4s] STEP 92 G92 LabVIEW exited before the motor port is touched PROC     PASS waited 256s; forced kill used=True; running now=False
[ 384.4s]   motor_gate --session start  <- post-run TMX? re-read, AFTER LabVIEW released COM3/COM4
[ 394.7s]     | before: POS?=1=30.00000 TMN?=1=0.00000 TMX?=1=39.00000 ERR?=0
[ 394.7s]     | PRELIMITS TMN=0 TMX=39
[ 394.7s]     | ERR? after SPA = 0
[ 394.7s]     | LIMITS TMN=0 TMX=39 SPA15=39 SPA30=0
[ 394.7s]     | REFERENCE: POS before=30 -> SENT FNL 1 (to the negative limit switch)
[ 394.7s]     | REFSTATE RON=1 FRF=1 POS=0 POS_BEFORE=30 ERR=0 travelled=30.000
[ 394.7s]     | VERIFY: commanded=2 readback=1.99985 delta=0.0002 err=0 -> OK
[ 394.7s]     | VERIFY: commanded=0 readback=0 delta=0.0000 err=0 -> OK
[ 394.7s]     | VERIFY-RESULT: OK - reference move done and the stage follows commands
[ 394.7s]     | LIMITS TMN=0 TMX=39 SPA15=39 SPA30=0
[ 394.7s]     | RESULT: controller limits are TMN=0 TMX=39 (mode limits-set)
[ 394.7s]     | PI  : PI controller limits match the file (TMN 0.0000 / TMX 39.0000, tol 0.001) (sender code=0)
[ 394.7s]     | PI  : reference {"FRF": 1.0, "POS": 0.0, "POS_BEFORE": 30.0, "RON": 1.0} -> REFERENCED at 0; verify OK (attempt 1/3)
[ 394.7s]     | before SL: :A X=-3.847494 Y=-4.774393   SU: :A X=0.152497 Y=-0.774402
[ 394.7s]     | SL write -> :A
[ 394.7s]     | SU write -> :A
[ 394.7s]     | LIMITS SL X=-3.847494 Y=-4.774393 SU X=0.152497 Y=-0.774402
[ 394.7s]     | position after (must be unchanged): X=-24071 Y=-36863
[ 394.7s]     | RESULT: controller limits set (mode limits-set)
[ 394.7s]     | ASI : ASI controller limits match the file (SL {'X': -3.8475, 'Y': -4.7744} / SU {'X': 0.1525, 'Y': -0.7744} mm, tol 0.001) (sender code=0)
[ 394.7s]     | SESSION START OK -> G:\Codes\LabVIEW_Codes\MinLab\zz_LabView VI\AAA_UNIST\2. Tracking\V6_ParallelLoop\tools\bench\motor_session.json
[ 394.7s]     | RESULT {"schema":"result-line/1","status":"PASS","gates":{"pass":1,"fail":0},"first_fail":null,"artefacts":[]}
[ 394.7s] STEP 93 G93 post-run TMX? still 39  MOTOR    PASS TMX?=39.0 from 'PRELIMITS TMN=0 TMX=39'; gate exit=0; LIMITS TMN=0 TMX=39 SPA15=39 SPA30=0; REFSTATE RON=1 FRF=1 POS=0 POS_BEFORE=30 ERR=0 travelled=30.000
[ 394.7s] click records -> G:\Codes\LabVIEW_Codes\MinLab\zz_LabView VI\AAA_UNIST\2. Tracking\V6_ParallelLoop\tools\bench\m8_v5_replay_s1_r30_clicks.json

| step | method | result | detail |
|---|---|---|---|
| 0 G0 motor gate --session start (BEFORE LabVIEW opens COM3/COM4) | MOTOR | PASS | exit=0; LIMITS TMN=0 TMX=39 SPA15=39 SPA30=0; REFSTATE RON=1 FRF=1 POS=0 POS_BEFORE=0 ERR=0 travelled=0.000; SESSION START OK -> G:\Codes\LabVIEW_Codes\MinLab\zz_LabView VI\AAA_UNIST\2. Tracking\V6_ParallelLoop\tools\bench\motor_session.json |
| 1 G1 md5(ORIGINAL) before | FILE | PASS | 2a78e17c449cacdaf5da389818526859 |
| 2 G2 the D0 copy exists (nothing copied, saved or deleted) | FILE | PASS | C:\Program Files\National Instruments\LabVIEW 2026\user.lib\claudeDev\D1_s1_t0_20260926_055551_run_20260926_060634.vi (485148 B) md5=25ea4f7d10d91c41c4b5de64f850c945 |
| 3 G3a apartment2 attach | COM | PASS | apartment2 attached, LabVIEW 26.3.1f1 |
| 4 G3b ORIGINAL resident READ-ONLY | COM | PASS | original resident (ExecState=1) |
| 5 G3c copy loads, idle, unblocked | COM | PASS | ExecState=1; VERDICT: clear (no modal dialog) |
| 6 G4 panel parameters RECORDED (never set) | VISERVER | PASS | 60 of 60 controls returned a value, 0 errors |
| 7 G5 panel window rect read LIVE (recorded; NO click is derived from it) | GUI | PASS | rect=(-6, 51, 1930, 1107); v3's V6 rect (-6, 51, 1930, 1107) is printed for contrast only - v4's gate 7 compared these two and passed while the control positions differed |
| 10 run1.pre reset+readback of the 3 control-flow booleans | VISERVER | PASS | {'stop (end)': False, 'stop (end) 2': False, 'Done Picking \nBeads?': False} (no panel PARAMETER is written) |
| 11 run1.L1 VI left idle | COM | PASS | ExecState=2 after 2s; Run returned=False |
| 12 run1.L2 IMAQ display LOCATED in this leg's own capture | GUI | PASS | panel rect=(-6, 51, 1930, 1107); mid-grey band (233, 503, 873, 1015) = 641x513 px; (v3's V6 rect, NOT used: (232, 500, 873, 1013)) |
| 13 run1.L3 3 picks landed - CONFIRMED BY THE MARKERS THE VI DREW | GUI | FAIL | picks=[(489, 810), (367, 692), (623, 933)] in located rect (233, 503, 873, 1015); red markers inside it 0 -> 2 (delta 2, contract >= 3); all clicks delivered=True; marker boxes after=[(363, 687, 372, 696), (619, 928, 628, 937)] |
| 14 run1.L4 `Done Picking \nBeads?` Yes button LOCATED on THIS VI's own panel | GUI | PASS | search rect (-6, 51, 1930, 1107) in 20260926_060634_v5_run1_before_done.png; 322 red clusters, 6 passed shape, winner=(1113, 914) / template score 0.00 (next 28.35152922957801); mean/diff/ over 46x29 vs ref_done_yes_button.png; BOX=(1091, 900, 1136, 928) SIZE=(46, 29) CENTRE=(1113, 914) (reference measured 2026-09-18 17:28: box=(1155, 848, 1200, 876) centre=(1177, 862); the point v4 INHERITED from |
| 15 run1.L5 done click DELIVERED (clickprobe, never -Action click) | GUI | PASS | {'sfw_ret': True, 'fg_after_sfw_is_target': True, 'fg_at_buttondown_is_target': True, 'wfp_press_root_is_target': True}; target hwnd=3082674; pressed at (1114, 914) |
| 16 run1.L6 `choose bandpass` within 30 s (brief step 5) | GUI | PASS | present=True after 25s; the V6 copy needed ~2 min of z-stack calibration first (drive_original_copy_v2.py:147), so a FAIL here is a TIMING statement, not a verdict on the click - L7 is the verdict |
| 17 run1.L7 picking loop ended | GUI | PASS | Count 1 -> 1 after 25s; bandpass present=True; save present=False |
| 18 run1.L8 the three `choose bandpass` panels (Yes LOCATED, HWND-gated) | GUI | FAIL | 2 closed (contract 3), hwnds [4917508, 4983044]; terminal=save dialog appeared after 2 panel(s) // panel 1: rect=(29, 72, 1060, 874) LOCATED yes=(174, 352) (box=(116, 319, 233, 385) size=(118, 67) caption=(39, 19) red_px=208) hwnd_died=True / attempt 1 hwnd=4917508 rect=(29, 72, 1060, 874) checks={'sfw_ret': True, 'fg_after_sfw_is_target': True, 'fg_at_buttondown_is_target': True, 'wfp_press_root_ |
| 19 run1.L9 save dialog answered by keyboard | GUI | PASS | focus + ^a + type + ENTER; rect=(752, 55, 1712, 595); path=G:\Codes\LabVIEW_Codes\MinLab\zz_LabView VI\AAA_UNIST\2. Tracking\V6_ParallelLoop\tools\bench\m8_out\replay_s1_20260926_060634\cal001; shot=20260926_060634_save_dialog_v5_run1.png |
| 20 run1.L10 cal file in OUR folder | FILE | PASS | G:\Codes\LabVIEW_Codes\MinLab\zz_LabView VI\AAA_UNIST\2. Tracking\V6_ParallelLoop\tools\bench\m8_out\replay_s1_20260926_060634\cal001 (114400 B); `Cal File Path` indicator='G:\\Codes\\LabVIEW_Codes\\MinLab\\zz_LabView VI\\AAA_UNIST\\2. Tracking\\V6_ParallelLoop\\tools\\bench\\m8_out\\replay_s1_20260926_060634\\cal001' |
| 21 run1.L11 frame counter advances (it read 0 all run in v4) | VISERVER | PASS | current image number over 30s: 7298 .. 9828 (lost=25) |
| 22 run1.L12 stop - VI Server FIRST, COM Abort as the fallback | VISERVER | PASS | WORKED: VI SERVER SetControlValue, ONE write each, no re-arm after 1.0s -- idle after 1.0s; write 'stop (end)'=True / write 'stop (end) 2'=True / t=1.0 ExecState=1 'stop (end)'=False 'stop (end) 2'=False frame=9830 |
| 23 run1.L13 trace file written | FILE | PASS | non-TIFF files: ['cal001 (114400 B)', 'tra001-000 (212776 B)']; by ext: {'<none>': (2, 327176)}; `Track File Path` indicator='G:\\Codes\\LabVIEW_Codes\\MinLab\\zz_LabView VI\\AAA_UNIST\\2. Tracking\\V6_ParallelLoop\\tools\\bench\\m8_out\\replay_s1_20260926_060634\\tra001-' |
| 90 G90 md5(COPY) unchanged - RUN, never saved, never deleted | FILE | PASS | 25ea4f7d10d91c41c4b5de64f850c945 -> 25ea4f7d10d91c41c4b5de64f850c945 (exists=True) |
| 91 G91 md5(ORIGINAL) after | FILE | PASS | 2a78e17c449cacdaf5da389818526859 |
| 92 G92 LabVIEW exited before the motor port is touched | PROC | PASS | waited 256s; forced kill used=True; running now=False |
| 93 G93 post-run TMX? still 39 | MOTOR | PASS | TMX?=39.0 from 'PRELIMITS TMN=0 TMX=39'; gate exit=0; LIMITS TMN=0 TMX=39 SPA15=39 SPA30=0; REFSTATE RON=1 FRF=1 POS=0 POS_BEFORE=30 ERR=0 travelled=30.000 |

LOCATED: {
 "image_run1": [
  233,
  503,
  873,
  1015
 ],
 "done_run1": {
  "centre": [
   1113,
   914
  ],
  "crop": "G:\\Codes\\LabVIEW_Codes\\MinLab\\zz_LabView VI\\AAA_UNIST\\2. Tracking\\V6_ParallelLoop\\tools\\bench\\m8_shots\\20260926_060634_run1_done_button.png",
  "why": "search rect (-6, 51, 1930, 1107) in 20260926_060634_v5_run1_before_done.png; 322 red clusters, 6 passed shape, winner=(1113, 914) | template score 0.00 (next 28.35152922957801); mean|diff| over 46x29 vs ref_done_yes_button.png; BOX=(1091, 900, 1136, 928) SIZE=(46, 29) CENTRE=(1113, 914) (reference measured 2026-09-18 17:28: box=(1155, 848, 1200, 876) centre=(1177, 862); the point v4 INHERITED from the V6 copy and missed: (1114, 915), delta (-1, -1))"
 }
}

FACTS: {
 "handles_before": 33999,
 "motor_start": {
  "rc": 0,
  "parsed": {
   "before_lines": [
    "before: POS?=1=0.00000 TMN?=1=0.00000 TMX?=1=39.00000 ERR?=0"
   ],
   "prelimits_lines": [
    "PRELIMITS TMN=0 TMX=39"
   ],
   "limits_lines": [
    "LIMITS TMN=0 TMX=39 SPA15=39 SPA30=0",
    "LIMITS TMN=0 TMX=39 SPA15=39 SPA30=0"
   ],
   "refstate_lines": [
    "REFSTATE RON=1 FRF=1 POS=0 POS_BEFORE=0 ERR=0 travelled=0.000"
   ],
   "result_lines": [
    "RESULT: controller limits are TMN=0 TMX=39 (mode limits-set)"
   ],
   "session_lines": [
    "SESSION START OK -> G:\\Codes\\LabVIEW_Codes\\MinLab\\zz_LabView VI\\AAA_UNIST\\2. Tracking\\V6_ParallelLoop\\tools\\bench\\motor_session.json"
   ]
  }
 },
 "md5_original_before": "2a78e17c449cacdaf5da389818526859",
 "md5_copy_before": "25ea4f7d10d91c41c4b5de64f850c945",
 "handles_after_open": 63216,
 "panel_record_before": {
  "stop (end)": false,
  "Focus Step (F1)": 0.1,
  "+ Inc (PgUp)": false,
  "- Inc (PgDn)": false,
  "continue tracking": false,
  "Reset Tracking": false,
  "Send": false,
  "Rot step (turns)": 0.0,
  "HOME": false,
  "Z/dZ": false,
  "Correction Factor": 0.88,
  "Trans Speed (mm/s)": 15.0,
  "Stop Trans": false,
  "# FD points": 20000,
  "Lc": 1000.0,
  "Lp": 40.0,
  "Baseline": 0.0,
  "Exp Baseline": -1000.0,
  "Fix to a Certain Pattern": true,
  "Focus Deviation from the Center": 0.0,
  "Auto-Reset": true,
  "Auto-Focus": true,
  "Auto-reset zero": 0,
  "# of Points": 2000000.0,
  "Autoreference? 1=Y": 0.0,
  "If no: current pos z?": 30.0,
  "Current pos rot?": 0.0,
  "Set Focus  (0->50)": 51.5,
  "Limit of Program": 150000,
  "Limit of Auto-Focus": 150000,
  "stop (end) 2": false,
  "Set # of Cycles": 3,
  "Start Cycles": false,
  "Switch": true,
  "+ -> Lc": 0.0,
  "x -> Lc": 1.05,
  "pixel distance (nm)": 84.0,
  "Cross length (pixels)": 120.0,
  "z step (um)": 0.1,
  "# to avg per image": 20.0,
  "# images in stack": 60.0,
  "Focus Pos (Start)": 0.0,
  "1 L-Turn": false,
  "1 R-Turn": false,
  "Rot Step (deg) ": 0.0,
  "Rot \nSpeed": 100.0,
  "Send to Rot": false,
  "- Cal Zero": false,
  "+ Cal Zero": false,
  "Trans Step (mm)": 0.0,
  "Send to Trans": false,
  "Done Picking \nBeads?": false,
  "Count": 0,
  "Mp measure freq": 1,
  "Force\nsmoothing\nhalf-width": 1,
  "Extension\nmedian filter\nhalf-width": 1,
  "# DT points": 2000,
  "Frame rate": 25,
  "CycleSchedule": [
   [
    0.0
   ],
   [
    0.0
   ],
   [
    0.0
   ]
  ],
  "NumCol": 0
 },
 "panel_record_before_meta": {
  "labels": 60,
  "read": 60,
  "errors": 0,
  "truncated_at": null,
  "seconds": 0.6
 },
 "panel_rect": [
  -6,
  51,
  1930,
  1107
 ],
 "picks_run1": {
  "points": [
   [
    489,
    810
   ],
   [
    367,
    692
   ],
   [
    623,
    933
   ]
  ],
  "markers_before": 0,
  "markers_after": 2
 },
 "bandpass_run1": {
  "answered": 2,
  "hwnds": [
   4917508,
   4983044
  ],
  "terminal": "save dialog appeared after 2 panel(s)"
 },
 "frames_run1": [
  7298,
  7478,
  7659,
  7840,
  8020,
  8201,
  8381,
  8563,
  8743,
  8918,
  9105,
  9286,
  9467,
  9648,
  9828
 ],
 "stop_trace_run1": [
  "write 'stop (end)'=True",
  "write 'stop (end) 2'=True",
  "t=1.0 ExecState=1 'stop (end)'=False 'stop (end) 2'=False frame=9830"
 ],
 "stop_run1": {
  "mechanism": "VI SERVER SetControlValue, ONE write each, no re-arm",
  "latency_s": 1.0,
  "detail": "idle after 1.0s; write 'stop (end)'=True | write 'stop (end) 2'=True | t=1.0 ExecState=1 'stop (end)'=False 'stop (end) 2'=False frame=9830"
 },
 "files_run1": [
  "cal001 (114400 B)",
  "tra001-000 (212776 B)"
 ],
 "panel_record_after": {
  "stop (end)": false,
  "Focus Step (F1)": 0.1,
  "+ Inc (PgUp)": false,
  "- Inc (PgDn)": false,
  "continue tracking": false,
  "Reset Tracking": false,
  "Send": false,
  "Rot step (turns)": 0.0,
  "HOME": false,
  "Z/dZ": false,
  "Correction Factor": 0.88,
  "Trans Speed (mm/s)": 15.0,
  "Stop Trans": false,
  "# FD points": 20000,
  "Lc": 1050.0,
  "Lp": 40.0,
  "Baseline": 0.0,
  "Exp Baseline": -1000.0,
  "Fix to a Certain Pattern": true,
  "Focus Deviation from the Center": 0.0,
  "Auto-Reset": true,
  "Auto-Focus": true,
  "Auto-reset zero": 0,
  "# of Points": 2000000.0,
  "Autoreference? 1=Y": 0.0,
  "If no: current pos z?": 30.0,
  "Current pos rot?": 0.0,
  "Set Focus  (0->50)": 51.5,
  "Limit of Program": 150000,
  "Limit of Auto-Focus": 150000,
  "stop (end) 2": false,
  "Set # of Cycles": 3,
  "Start Cycles": false,
  "Switch": true,
  "+ -> Lc": 0.0,
  "x -> Lc": 1.05,
  "pixel distance (nm)": 84.0,
  "Cross length (pixels)": 120.0,
  "z step (um)": 0.1,
  "# to avg per image": 20.0,
  "# images in stack": 60.0,
  "Focus Pos (Start)": 0.0,
  "1 L-Turn": false,
  "1 R-Turn": false,
  "Rot Step (deg) ": 0.0,
  "Rot \nSpeed": 100.0,
  "Send to Rot": false,
  "- Cal Zero": false,
  "+ Cal Zero": false,
  "Trans Step (mm)": 0.0,
  "Send to Trans": false,
  "Done Picking \nBeads?": false,
  "Count": 1,
  "Mp measure freq": 1,
  "Force\nsmoothing\nhalf-width": 1,
  "Extension\nmedian filter\nhalf-width": 1,
  "# DT points": 2000,
  "Frame rate": 25,
  "CycleSchedule": [
   [
    0.0
   ],
   [
    0.0
   ],
   [
    0.0
   ]
  ],
  "NumCol": 0
 },
 "panel_record_after_meta": {
  "labels": 60,
  "read": 60,
  "errors": 0,
  "truncated_at": null,
  "seconds": 0.0
 },
 "handles_after": 60683,
 "run_dir": {
  "path": "G:\\Codes\\LabVIEW_Codes\\MinLab\\zz_LabView VI\\AAA_UNIST\\2. Tracking\\V6_ParallelLoop\\tools\\bench\\m8_out\\replay_s1_20260926_060634",
  "files": 2,
  "bytes": 327176,
  "by_ext": {
   "<none>": [
    2,
    327176
   ]
  },
  "non_tiff": [
   "cal001 (114400 B)",
   "tra001-000 (212776 B)"
  ]
 },
 "tiffs_deleted": {
  "count": 0,
  "bytes": 0
 },
 "md5_copy_after": "25ea4f7d10d91c41c4b5de64f850c945",
 "md5_original_after": "2a78e17c449cacdaf5da389818526859",
 "motor_after": {
  "rc": 0,
  "tmx": 39.0,
  "parsed": {
   "before_lines": [
    "before: POS?=1=30.00000 TMN?=1=0.00000 TMX?=1=39.00000 ERR?=0"
   ],
   "prelimits_lines": [
    "PRELIMITS TMN=0 TMX=39"
   ],
   "limits_lines": [
    "LIMITS TMN=0 TMX=39 SPA15=39 SPA30=0",
    "LIMITS TMN=0 TMX=39 SPA15=39 SPA30=0"
   ],
   "refstate_lines": [
    "REFSTATE RON=1 FRF=1 POS=0 POS_BEFORE=30 ERR=0 travelled=30.000"
   ],
   "result_lines": [
    "RESULT: controller limits are TMN=0 TMX=39 (mode limits-set)"
   ],
   "session_lines": [
    "SESSION START OK -> G:\\Codes\\LabVIEW_Codes\\MinLab\\zz_LabView VI\\AAA_UNIST\\2. Tracking\\V6_ParallelLoop\\tools\\bench\\motor_session.json"
   ]
  }
 },
 "gui_actions": 9,
 "located": {
  "image_run1": [
   233,
   503,
   873,
   1015
  ],
  "done_run1": {
   "centre": [
    1113,
    914
   ],
   "crop": "G:\\Codes\\LabVIEW_Codes\\MinLab\\zz_LabView VI\\AAA_UNIST\\2. Tracking\\V6_ParallelLoop\\tools\\bench\\m8_shots\\20260926_060634_run1_done_button.png",
   "why": "search rect (-6, 51, 1930, 1107) in 20260926_060634_v5_run1_before_done.png; 322 red clusters, 6 passed shape, winner=(1113, 914) | template score 0.00 (next 28.35152922957801); mean|diff| over 46x29 vs ref_done_yes_button.png; BOX=(1091, 900, 1136, 928) SIZE=(46, 29) CENTRE=(1113, 914) (reference measured 2026-09-18 17:28: box=(1155, 848, 1200, 876) centre=(1177, 862); the point v4 INHERITED from the V6 copy and missed: (1114, 915), delta (-1, -1))"
  }
 }
}
json: G:\Codes\LabVIEW_Codes\MinLab\zz_LabView VI\AAA_UNIST\2. Tracking\V6_ParallelLoop\tools\bench\m8_v5_replay_s1_r30.json

=== D0 v5: 24 pass, 2 fail ===
FAILING: 13 run1.L3 3 picks landed - CONFIRMED BY THE MARKERS THE VI DREW, 18 run1.L8 the three `choose bandpass` panels (Yes LOCATED, HWND-gated)
GATE M1 run copy md5 == source                PASS
GATE M2 reached experiment loop               FAIL
GATE M3 frames >= 2000                        PASS
GATE M4 stopped by the VI's own control       PASS
GATE M5 cal+tra written                       PASS
GATE M6 LabVIEW gone (tasklist)               PASS
GATE M7 bed md5 unchanged                     PASS
GATE M8 run copy deleted                      PASS
RESULT {"schema":"result-line/1","status":"FAIL","gates":{"pass":7,"fail":1},"first_fail":"M2 reached experiment loop","artefacts":[{"path":"tools\\bench\\m8_replay_s1_r30.json","md5":"363d77719f1fb732fc42e005f987edd5"}]}
STAMP FILES {'t0_site00_pid18276.bin': 2950, 't0_site02_pid18276.bin': 2950, 't0_site03_pid18276.bin': 2950, 't0_site04_pid18276.bin': 2950, 't0_site06_pid18276.bin': 2950, 't0_site08_pid18276.bin': 2950, 't0_site10_pid18276.bin': 940, 't0_site11_pid18276.bin': 940, 't0_site12_pid18276.bin': 940, 't0_site13_pid18276.bin': 940, 't0_site16_pid18276.bin': 940, 't0_site20_pid18276.bin': 917}
DEFAULT DIR NEW FILES []
GATE K1 drive_m8 leg gates all PASS                          FAIL
GATE K2 files for sites 00/10/20 with >= 1 stamp             PASS
GATE K3 no file landed in the default dir (env reached LabVIEW) PASS
RESULT {"schema":"result-line/1","status":"FAIL","gates":{"pass":2,"fail":1},"first_fail":"K1 drive_m8 leg gates all PASS","artefacts":[{"path":"tools\\bench\\t0_legs\\smoke_20260926_060544\\t0_site00_pid18276.bin","md5":"38d2baefa198bd34dce4d86ca1d4c210"},{"path":"tools\\bench\\t0_legs\\smoke_20260926_060544\\t0_site02_pid18276.bin","md5":"1f8ccb525cb112a76b244117f70d42a7"},{"path":"tools\\bench\\t0_legs\\smoke_20260926_060544\\t0_site03_pid18276.bin","md5":"2d2fdd940d218995851b46e76f0205e9"},{"path":"tools\\bench\\t0_legs\\smoke_20260926_060544\\t0_site04_pid18276.bin","md5":"d23fab16b43806a0b4c323f43ac35b2e"},{"path":"tools\\bench\\t0_legs\\smoke_20260926_060544\\t0_site06_pid18276.bin","md5":"88661b2fb35e95dd122c432bd58374b1"},{"path":"tools\\bench\\t0_legs\\smoke_20260926_060544\\t0_site08_pid18276.bin","md5":"4ab3e41e1bbe6f8f6ede34ccc0799227"},{"path":"tools\\bench\\t0_legs\\smoke_20260926_060544\\t0_site10_pid18276.bin","md5":"14d14e27950e245e7eb38dfa6c9206b4"},{"path":"tools\\bench\\t0_legs\\smoke_20260926_060544\\t0_site11_pid18276.bin","md5":"388ade8b6b9f66899caaa45d82cd3163"},{"path":"tools\\bench\\t0_legs\\smoke_20260926_060544\\t0_site12_pid18276.bin","md5":"2329b31e81518095e78970eaeb19003b"},{"path":"tools\\bench\\t0_legs\\smoke_20260926_060544\\t0_site13_pid18276.bin","md5":"18b5738ae60d6bcdf2812ca8dbd6bc3c"},{"path":"tools\\bench\\t0_legs\\smoke_20260926_060544\\t0_site16_pid18276.bin","md5":"464326eec929eeedaaf07163dadf4fdc"},{"path":"tools\\bench\\t0_legs\\smoke_20260926_060544\\t0_site20_pid18276.bin","md5":"7e00e9ac17d4a540ec67b8019b020965"}]}
BGRUN END rc=1 after 446s
