BGRUN START 2026-09-28 12:49:09 limit 40.0 min: py -u tools/bench/diag_c118_p1b.py
BGRUN PID 10644
BGRUN STAGE-RUN recorded diag_c118_p1b.py cycle='cycle 118' card=None pid=5184 -> stage_runs.jsonl
   PASS drop Get Controls.vi [43]
  PASS  A1 donor: both constants created (uid, no invoke error)  ({'err': '', 'inv_err': '', 'created_uid': 101}, {'err': '', 'inv_err': '', 'created_uid': 214})
  FAIL  A3 the names constant is a top-level Node with ONE source terminal
  FAIL  STOP at gate: A3 the names constant is a top-level Node with ONE source terminal

---------- [H] HYGIENE
  FACT  close_panel(scratch_c118_p1b_20260928_124909.vi) raised com_error: (-2147352567, '??? ??????.', (5507, 'LabVIEW', 'LabVIEW: (Hex 0x7) File not found. The file might be in a different location or deleted. Use the command prompt or the file explorer to verify that the path is correct.', None, 0, 0), None)
  FACT  gscript ref_counts: {'opened': 3, 'closed': 3, 'live': 0, 'cached_op_vis': 10}
  PASS  H5 VI-Server reference counter level (opened == closed)  {'opened': 3, 'closed': 3, 'live': 0, 'cached_op_vis': 10}
  FACT  LabVIEW handle count AFTER the work: 31024
  FAIL  H2 the INPUT's md5 is UNCHANGED after the run  before None / after 7dac9f04ff4b65fa517e8e12f4bef5f3
  FACT  PIN AFTER  ORIGINAL         2a78e17c449cacdaf5da389818526859  (want 2a78e17c449cacdaf5da389818526859) OK
  FACT  PIN AFTER  S1 D1_s1_copy    3e3d23cefd3a334001aa9d6156bf1aee  (want 3e3d23cefd3a334001aa9d6156bf1aee) OK
  FACT  PIN AFTER  S2 D1_s2_loops   6ff19497f2309e007a214660bb64b911  (want 6ff19497f2309e007a214660bb64b911) OK
  FACT  PIN AFTER  ROW2 bed         26c54ff784cb5cea21edbd214d2cc3a0  (want 26c54ff784cb5cea21edbd214d2cc3a0) OK
  FACT  PIN AFTER  M3a-2            3842f5e6f128226235dc78353f26ef44  (want 3842f5e6f128226235dc78353f26ef44) OK
  PASS  H3 every md5 pin still holds
  FACT  H6 NOT MEASURED: the run never took the BEFORE listing, so an 'added' set would be the whole directory. Reported, not gated.

====================================================================================================
=== GATES: 3 pass / 3 fail; failing: A3 the names constant is a top-level Node with ONE source terminal, STOP at gate: A3 the names constant is a top-level Node with ONE source terminal, H2 the INPUT's md5 is UNCHANGED after the run
JSON: G:\Codes\LabVIEW_Codes\MinLab\zz_LabView VI\AAA_UNIST\2. Tracking\V6_ParallelLoop\tools\bench\diag_c118_p1b.json   elapsed 24.2 s
RESULT {"schema":"result-line/1","status":"FAIL","gates":{"pass":3,"fail":3},"first_fail":"A3 the names constant is a top-level Node with ONE source terminal","artefacts":[]}
LabVIEW gone at exit: True
BGRUN END rc=1 after 29s
