BGRUN START 2026-09-15 12:55:48 limit 12.0 min: py -u tools/bench/diag_case5540_context.py
   fresh(): killing LabVIEW pid None
   COM preflight attempt 1/15: pid None->23380, wires 16->16
   COM preflight OK (pid 23380, two round-trips agree: 16 wires)
   fresh(): new LabVIEW pid 23380
Traceback (most recent call last):
  File "G:\Codes\LabVIEW_Codes\MinLab\zz_LabView VI\AAA_UNIST\2. Tracking\V6_ParallelLoop\tools\bench\diag_case5540_context.py", line 64, in <module>
    sys.exit(main())
  File "G:\Codes\LabVIEW_Codes\MinLab\zz_LabView VI\AAA_UNIST\2. Tracking\V6_ParallelLoop\tools\bench\diag_case5540_context.py", line 37, in main
    subs = g.subvis(MAIN)
TypeError: subvis() missing 1 required positional argument: 'diagram_index'
BGRUN END rc=1 after 27s
BGRUN START 2026-09-15 12:57:05 limit 12.0 min: py -u tools/bench/diag_case5540_context.py
   fresh(): killing LabVIEW pid None
   COM preflight attempt 1/15: pid None->22408, wires 16->16
   COM preflight OK (pid 22408, two round-trips agree: 16 wires)
   fresh(): new LabVIEW pid 22408
   SubVI 5058 = {'diagram': 43, 'name': 'Track N beads four-fold over-kernel-v3.vi', 'path': 'G:\\Codes\\LabVIEW_Codes\\MinLab\\zz_LabView VI\\background VIs\\Track N beads four-fold over-kernel-v3.vi'}
OBSERVED: wire 5812 Terms[0] source=True owner 'FlatSequenceInnerTunnel' uid 5818 reciprocal wire 5812 | cast-output class 'FlatSequenceInnerTunnel'  
OBSERVED: wire 5812 Terms[1] source=False owner 'LeftShiftRegister' uid 5805 reciprocal wire 5812 | cast-output class 'LeftShiftRegister'  
OBSERVED: wire 5812 Terms[2] source=False owner 'LoopTunnel' uid 5569 reciprocal wire 5812 | cast-output class 'LoopTunnel'  
OBSERVED: wire 5812 Terms[3] source=False owner '' uid 0 reciprocal wire 0 | cast-output class ''  error 1055: Property Node in OpWireSource_v5.vi er
RESULT wire 5812 (outer wire of LoopTunnel 5569 -> the reseed 'good' value): driven by ('FlatSequenceInnerTunnel', 5818); sinks [('LeftShiftRegister', 5805), ('LoopTunnel', 5569)]
OBSERVED: wire 2731 Terms[0] source=True owner 'FlatSequenceInnerTunnel' uid 2886 reciprocal wire 2731 | cast-output class 'FlatSequenceInnerTunnel'  
OBSERVED: wire 2731 Terms[1] source=False owner 'LeftShiftRegister' uid 1142 reciprocal wire 2731 | cast-output class 'LeftShiftRegister'  
OBSERVED: wire 2731 Terms[2] source=False owner 'LoopTunnel' uid 5752 reciprocal wire 2731 | cast-output class 'LoopTunnel'  
OBSERVED: wire 2731 Terms[3] source=False owner '' uid 0 reciprocal wire 0 | cast-output class ''  error 1055: Property Node in OpWireSource_v5.vi er
RESULT wire 2731 (outer wire of LoopTunnel 5752 -> the reseed 'x,y,z' value): driven by ('FlatSequenceInnerTunnel', 2886); sinks [('LeftShiftRegister', 1142), ('LoopTunnel', 5752)]
   PASS main VI unchanged
BGRUN END rc=0 after 38s
