BGRUN START 2026-10-02 08:51:18 limit 8.0 min: py -u tools/bench/selftest_chat_p2.py
BGRUN PID 8180
  ok   U1 user-rules.md rows U1..U13, each quote + date + source      ['U1', 'U2', 'U3', 'U4', 'U5', 'U6', 'U7', 'U8', 'U9', 'U10', 'U11', 'U12', 'U13']
  ok   U2 build_task carries user-rules.md in full + the fixed question 44767
  ok   U3 an absent user-rules.md is SAID in the task                 user-rules.md is attached in full below)
 C1 Does this plan 
  ok   U4 `user-rule-contradicted` is a blocking prior-art slug       ['user-rule-contradicted']
  ok   U5 the question's own menu lines are not answers (indented)    []
  ok   N1 a create class no clean stage ran is named NEW and not proven (['create:Queue'], False)
  ok   N2 once two clean stages carry it: no new class, proven        []
  ok   L1 L9 names items 238 and 240 only (>= 238, no line; sub-heading kept inside) ['C:/Users/KimLab/AppData/Local/Temp/p2st_fqbedfcb/plan_l9.md:10 (item 238)', 'C:/Users/KimLab/AppData/Local/Temp/p2st_fqbedfcb/plan_l9.md:14 (item 24
  ok   L2 L9 is WARN-only                                             ['WARN']
  ok   A1 61 min: a NEW bgrun recipe launch is refused (SOFT ALERT)   SOFT ALERT (card chat-P2 item 2, user 2026-09-28): this card was bound 61 min ago (> 60) -
  ok   A2 61 min: a read of the same file is not refused              None
  ok   A3 61 min: a self-test under bgrun is not refused              None
  ok   A4 30 min: the same launch passes the soft alert               None
  ok   A5 a re-bind to the same card keeps first_bound                {'card': 'tools\\bench\\cards\\task_chat-P2.json', 'agent_type': 'material', 'id': 'chat-P2', 'bound': '2026-10-02 08:51:19', 'first_bound': '2026-10-
  ok   A6 the real hook path refuses through bind()'s clock           CARD chat-P2 (tools\bench\cards\task_chat-P2.json): SOFT ALERT (card chat-P2 item 2, user 
  ok   E1 scratch count-only, counts match: ONE read, no double-click, OK (0, [{'out': 'C:\\Users\\KimLab\\AppData\\Local\\Temp\\p2st_fqbedfcb\\ec_15\\errorlist_bedp2_20261002_085119_raw.json', 'on_item': False}], 'count', '
  ok   E2 scratch count-only, an extra item: FULL read follows at once ([{'out': 'C:\\Users\\KimLab\\AppData\\Local\\Temp\\p2st_fqbedfcb\\ec_16\\errorlist_bedp2_20261002_085121_raw.json', 'on_item': False}, {'out': 'C:\\U
  ok   E3 --role final refuses count-only: full read                  ([{'out': 'C:\\Users\\KimLab\\AppData\\Local\\Temp\\p2st_fqbedfcb\\ec_17\\errorlist_bedp2_20261002_085122_raw.json', 'on_item': True}], 'full')
  ok   E4 the default (no flags) is a full read                       ([{'out': 'C:\\Users\\KimLab\\AppData\\Local\\Temp\\p2st_fqbedfcb\\ec_18\\errorlist_bedp2_20261002_085123_raw.json', 'on_item': True}], 'OK')
  ok   S1 same function as the previous attempt -> scratch-verify     ('scratch-verify', 'stagekit.p2_selftest_fn', 'result_e-1 and result_e-2 both failed in stagekit.p2_selftest_fn')
  ok   S2 a different function -> escalate                            ('escalate', None, 'e-2 failed once in stagekit.p2_selftest_fn; no previous failing attempt in the same function')
  ok   S3 a scratch PASS newer than the failure -> escalate           ('escalate', None, 'stagekit.p2_selftest_fn has a scratch_verify PASS newer than result_e-2')
  ok   S4 stage-run route: last two runs of the stage failed in it -> scratch-verify ('scratch-verify', 'stagekit.p2_selftest_fn', 'the last two runs of stage_d1_p2x.py both failed in stagekit.p2_selftest_fn')
  ok   S5 guard_session refuses the escalation rung (REPEATED TOOL FUNCTION) BLOCKED by tools/hooks/guard_session.py: REPEATED TOOL FUNCTION - SCRATCH VERIFY, NOT ESCALATION.
  
  ok   S6 the same card to `material` (same rung) is allowed          (0, '')

SUMMARY 25/25 gates pass
RESULT {"schema":"result-line/1","status":"PASS","gates":{"pass":25,"fail":0},"first_fail":null,"artefacts":[]}
BGRUN END rc=0 after 5s
