BGRUN START 2026-09-17 07:52:15 limit 12.0 min: py -u tools/bench/diag_savetrace_376.py
  **FAIL**  V1a save trace.vi on disk  G:\Codes\LabVIEW_Codes\MinLab\zz_LabView VI\AAA_UNIST\background VIs\save trace.vi
BGRUN END rc=1 after 0s
BGRUN START 2026-09-17 07:52:30 limit 12.0 min: py -u tools/bench/diag_savetrace_376.py
  PASS  V1a save trace.vi on disk  G:\Codes\LabVIEW_Codes\MinLab\zz_LabView VI\background VIs\save trace.vi
  FACT  original md5 BEFORE: 9d126b32e6de26aaa7bef48653dd991c
  FACT  ExecState of the copy: 1 (not gated)
  COUNT Node             7
  COUNT SubVI            1
  COUNT Diagram          3
  COUNT Wire             23
  COUNT Constant         0
  COUNT ControlTerminal  12
  COUNT Local            0
  COUNT WhileLoop        0
  COUNT ForLoop          0
  COUNT CaseStructure    1
  NODE  d0  uid 188  label 'Decrement'
  NODE  d0  uid 43  label 'Quotient & Remainder'
  NODE  d0  uid 177  label 'Equal?'
  NODE  d0  uid 196  label 'Replace Array Subset'
  NODE  d0  uid 57  label 'Case Structure'
  NODE  d2  uid 116  label 'save N xyz traces.vi'
  NODE  d2  uid 621  label 'Property Node'

=== V3: the answer, by label
  no   Open/Create/Replace File
  no   Open File
  no   Write to Text File
  no   Write File
  no   Write Characters
  no   Close File
  no   Write to Binary File
  no   Write Delimited
  no   Format Into String
  no   Array To Spreadsheet
  PASS  V3 the census returned node labels  7 nodes over 3 diagrams

=== V4: subVI calls
  SUBVI d2 uid 116 name 'save N xyz traces.vi'

=== V4b: panel objects (the pane's own vocabulary)
  FP[0] CTL 'current frame data array in'
  FP[1] CTL 'file size'
  FP[2] CTL 'cal cluster path'
  FP[3] IND 'total data array out'
  FP[4] IND 'file progress'
  FP[5] CTL 'total data array in'
  FP[6] IND 'file number to append out'
  FP[7] CTL 'selected path'
  FP[8] IND 'error out'
  FP[9] CTL 'error in'
  FP[10] CTL 'frame index'
  FP[11] CTL 'saved file refnum'
  PASS  V5 scratch copy deleted in the same run  C:\Program Files\National Instruments\LabVIEW 2026\user.lib\claudeDev\SCRATCH_savetrace_075230.vi
  PASS  V1b original md5 UNCHANGED after  9d126b32e6de26aaa7bef48653dd991c -> 9d126b32e6de26aaa7bef48653dd991c

=== diag_savetrace_376: 4 pass, 0 fail ===
BGRUN END rc=0 after 9s
