BGRUN START 2026-09-27 03:37:13 limit 1.0 min: py -u tools/bench/diag_c104_md5.py
BGRUN PID 26300
16c2ca00a114a227a81612dd49d111cc 303583 C:\Program Files\National Instruments\LabVIEW 2026\user.lib\claudeDev\D1_s1_dispA_20260927_024535.vi
3e3d23cefd3a334001aa9d6156bf1aee 474202 C:\Program Files\National Instruments\LabVIEW 2026\user.lib\claudeDev\D1_s1_copy.vi
42541bc818dd22951bf60636d1f46485 tools/recipes/stage_d1_disp.py
d5393162848fef90d099efa7f0439140 tools/bench/stage_d1_dispA.json
c7d80fc93279f4ea5efd21c068e7efa6 tools/bench/sim/disp/plan_disp.json
75cfd689b0b52ca04cc3e96eab0b76e6 tools/stagexec.py
{'file': 'C:\\Program Files\\National Instruments\\LabVIEW 2026\\user.lib\\claudeDev\\D1_s1_dispA_20260927_024535.vi', 'md5': '16c2ca00a114a227a81612dd49d111cc', 'stop_after': 33, 'plan_md5': 'c7d80fc93279f4ea5efd21c068e7efa6'}
4e674860aa9a984ae93785c38cd12c9e tools/bench/stage_d1_disp_c104B.log
059896932b325c8a4fde600aa3e2e4c3 tools/bench/stage_d1_disp.json
LABVIEW RUNNING: False
EXISTING 3e3d23cefd3a334001aa9d6156bf1aee 474202 C:\Program Files\National Instruments\LabVIEW 2026\user.lib\claudeDev\D1_s1_disp_20260926_224211.vi
EXISTING 3e3d23cefd3a334001aa9d6156bf1aee 474202 C:\Program Files\National Instruments\LabVIEW 2026\user.lib\claudeDev\D1_s1_disp_20260926_225529.vi
EXISTING 3e3d23cefd3a334001aa9d6156bf1aee 474202 C:\Program Files\National Instruments\LabVIEW 2026\user.lib\claudeDev\D1_s1_disp_20260926_233215.vi
EXISTING 3e3d23cefd3a334001aa9d6156bf1aee 474202 C:\Program Files\National Instruments\LabVIEW 2026\user.lib\claudeDev\D1_s1_disp_20260926_234019.vi
EXISTING 3e3d23cefd3a334001aa9d6156bf1aee 474202 C:\Program Files\National Instruments\LabVIEW 2026\user.lib\claudeDev\D1_s1_disp_20260927_001537.vi
EXISTING 3e3d23cefd3a334001aa9d6156bf1aee 474202 C:\Program Files\National Instruments\LabVIEW 2026\user.lib\claudeDev\D1_s1_disp_20260927_011732.vi
EXISTING 3e3d23cefd3a334001aa9d6156bf1aee 474202 C:\Program Files\National Instruments\LabVIEW 2026\user.lib\claudeDev\D1_s1_disp_20260927_012948.vi
EXISTING 16c2ca00a114a227a81612dd49d111cc 303583 C:\Program Files\National Instruments\LabVIEW 2026\user.lib\claudeDev\D1_s1_disp_20260927_033102.vi
BGRUN END rc=0 after 1s (NO RESULT LINE)
