BGRUN START 2026-09-20 22:38:16 limit 10.0 min: py -u tools/bench/diag_s56_transport3b.py
=== diag_s56_transport3b  2026-09-20 22:38:16   (cycle 56 dispatch 5, ATTEMPT 2 of the wire_indicators verb; PHASE 1 ONLY; NO VI IS RUN, 34(f); no new op, no device, no GUI; CHOOSES NOTHING)
  FACT  LabVIEW handles BEFORE (attempt 1 left 54,367; fresh baseline ~31,500): 34508
  FACT  T1 ORIGINAL (read-only probe, 34(k)): HASH G:\Codes\LabVIEW_Codes\MinLab\zz_LabView VI\AAA_UNIST\2. Tracking\Min_Track N beads V6_ParallelLoop.vi | exists=1 | size=473317 | md5=2a78e17c449cacdaf5da389818526859 | sha256=f827a67e91cc2a51284cdce0ada5d34ecf89cf865bca5f0bdfa870f0020df4bb
  PASS  T1 the ORIGINAL's md5 equals the pin  2a78e17c449cacdaf5da389818526859
  FACT  T2 the S2 artefact: HASH C:\Program Files\National Instruments\LabVIEW 2026\user.lib\claudeDev\D1_s2_loops.vi | exists=1 | size=475707 | md5=6ff19497f2309e007a214660bb64b911 | sha256=d52e754e29a85e9cc3ddeb039f6c5e325c9094c5e1f8c944059d4a5f7b33c3f5
  PASS  T2 D1_s2_loops.vi md5 == 6ff19497f2309e007a214660bb64b911  6ff19497f2309e007a214660bb64b911
  FACT  T2b RESTART (pre-batch, 44(e); attempt 1 left the instance UP at 54,367 handles): lv_restart rc=0 ['dialogs: ,1346,762| / ENABLED|13306306|0,0,0,0|LabVIEW / VERDICT: clear (no modal dialog)']
  FACT  LabVIEW handles AFTER the restart: 30691
  FACT  T3 the scratch at creation (copied from the S2 artefact): HASH C:\Program Files\National Instruments\LabVIEW 2026\user.lib\claudeDev\DIAG_s56_t3b_p1_20260920_223816.vi | exists=1 | size=475707 | md5=6ff19497f2309e007a214660bb64b911 | sha256=d52e754e29a85e9cc3ddeb039f6c5e325c9094c5e1f8c944059d4a5f7b33c3f5
  PASS  T3 the scratch is byte-identical to the S2 artefact  6ff19497f2309e007a214660bb64b911
  FACT  P-1b: ORIGINAL resident READ-ONLY (LabVIEW 26.3.1f1), its own ExecState 1; nothing opened, nothing saved
  FACT  class census BEFORE {'Diagram': 173, 'ControlTerminal': 114, 'Function': 183, 'Wire': 1905, 'Local': 8}
  FACT  ExecState [BEFORE] = 1
  FACT  E0 ControlTerminal owner-class census over 114 objects: {'Diagram': 114}
  FAIL  E0 every ControlTerminal reads owner class 'TopLevelDiagram'  {'Diagram': 114}
  FACT  E1 Traverse Diagram[0] = {'i': 0, 'class': 'TopLevelDiagram', 'uid': 536, 'pos': (-17474, 102), 'owner': ''} ; diag_index(#536) = 0  (files-only claim: #536 IS Traverse index 0, tools/bench/diag_c56_topdiagram_files.json)
  PASS  E1 Traverse Diagram index 0 is #536, class TopLevelDiagram  {'i': 0, 'class': 'TopLevelDiagram', 'uid': 536, 'pos': (-17474, 102), 'owner': ''} -> index 0
  FACT  E2 control uid 6 label VERBATIM 'File # Saved' (utf-8 hex 46696c652023205361766564), indicator=True, wire=0
  PASS  E2 the target indicator's label is READ OFF THE MACHINE, control uid 6, wire 0  label 'File # Saved' wire 0
  OBSERVED uid 6 -> owner 'Panel' uid 3 | self 'Digital'#6 | 482 says 'Panel' cast 'Panel' |  
  FACT  E2b owner_of(#6) = ('Panel', 3) - RE-MEASURED: a panel CONTROL's owner is the Panel, which is why the brief's diag_index(owner_of(...)) could not resolve
  FACT  E2c #10686 sits at Traverse `Function` index 102 of 183; Diagram #639 = index 46, #686 = index 19
  FACT  E5 BEFORE #10686 (the source node): node uid readback 10686, 3 terminals, 3 WIRED
  FACT  E6 BEFORE #637 (loop 1.1, the tunnel check): node uid readback 637, 59 terminals, 48 WIRED
  FACT  E3 attempt plan (HARD BOUND <= 3; dispatch 3's diagram_index=46 is NOT repeated, its 5001 is already on record): [{'n': 1, 'label': 'File # Saved', 'diagram_index': 0}, {'n': 2, 'label': 'Image', 'diagram_index': 0}]
  FACT  ExecState [attempt 1 BEFORE] = 1
  FACT  ExecState [attempt 1 AFTER] = 1
  FACT  E3 attempt 1: wire_indicators(Function[102], ['x .and. y?'] -> ['File # Saved'], diagram_index=0) error VERBATIM 'RuntimeError: wire_indicators: error 5001: LV-Scripting.lvlib:Wire Indicators.vi<ERR> | Control File # Saved not found | <b>Complete call chain:</b> | LV-Scripting.lvlib:Wire Indicators.vi | OpWireInd_v0.vi'
  FACT  E4 attempt 1: indicator uid 6 wire 0 -> 0 ; whole-VI Wire count delta 0 (a BRANCH adds no Wire object); ExecState 1 -> 1
  FACT  ExecState [attempt 2 BEFORE] = 1
  FACT  ExecState [attempt 2 AFTER] = 1
  FACT  E3 attempt 2: wire_indicators(Function[102], ['x .and. y?'] -> ['Image'], diagram_index=0) error VERBATIM 'RuntimeError: wire_indicators: error 5001: LV-Scripting.lvlib:Wire Indicators.vi<ERR> | Control Image not found | <b>Complete call chain:</b> | LV-Scripting.lvlib:Wire Indicators.vi | OpWireInd_v0.vi'
  FACT  E4 attempt 2: indicator uid 31543 wire 0 -> 0 ; whole-VI Wire count delta 0 (a BRANCH adds no Wire object); ExecState 1 -> 1
  FAIL  E3 wire_indicators returned an EMPTY error column on at least one attempt  ['RuntimeError: wire_indicators: error 5001: LV-Scripting.lvlib:Wire Indicators.vi<ERR> | Control File # Saved not found | <b>Complete call chain:</b> | LV-Scripting.lvlib:Wire Indicators.vi | OpWireInd_v0.vi', 'RuntimeError: wire_indicators: error 5001: LV-Scripting.lvlib:Wire Indicators.vi<ERR> | Control Image not found | <b>Complete call chain:</b> | LV-Scripting.lvlib:Wire Indicators.vi | OpWireInd_v0.vi']
  FAIL  E4 a target indicator's wire uid changed from 0  attempt None -> wire None
  FACT  E5 AFTER #10686 (the source node): node uid readback 10686, 3 terminals, 3 WIRED
  FACT  E6 AFTER #637 (loop 1.1, the tunnel check): node uid readback 637, 59 terminals, 48 WIRED
  PASS  E5 #10686 t0 stays wired and its wired-terminal count is reported (37(e))  3 -> 3 wired of 3 -> 3 terminals
  PASS  E6 #637 terminal count unchanged - no new tunnel/border object (37(e))  59 -> 59 terminals, 48 -> 48 wired
  FACT  class census AFTER {'Diagram': 173, 'ControlTerminal': 114, 'Function': 183, 'Wire': 1905, 'Local': 8}
  FACT  ExecState [immediately before the save attempt] = 1
  FACT  E7 g.save() returned 475727; exception/reason VERBATIM None
  FACT  E7 artefact after the save attempt: DIAG_s56_t3b_p1_20260920_223816.vi md5 bbbc2850b5b1899ac10c6438dfc3891d size 475727 B; version bytes [{'offset': 36, 'bytes': '26 00 80 00'}]
  PASS  E7 the run ends at ExecState 1 and g.save() returned a byte count  ExecState 1, bytes 475727, reason None

--- ORDERED PASS 2: `Is Broken?` (42(b)) - idempotent re-connect of the EXISTING #10686 t0 -> #10407 t0 connection on the same net; wire_delta must be 0
      [op stdout]       op readback {'UID': 10407, 'Name': '', 'UID 2': 10799, 'Is Broken?': False}
  FACT  E8 ORDERED `Is Broken?` = False on wire uid 10799 (op error column '', wire_delta 0)
  PASS  E8 the ORDERED second-pass `Is Broken?` read returned a boolean  False
  FACT  ExecState [after the Is Broken? read (SUSPECT, docs/NAMES.md:912-918; the save already happened)] = 0
  FACT  P-1b: preload references released; refs {'opened': 13, 'closed': 13, 'live': 0, 'cached_op_vis': 7}

--- Z: the closing facts
  FACT  refs {'opened': 13, 'closed': 13, 'live': 0, 'cached_op_vis': 7}
  FACT  LabVIEW handles AFTER everything: 63517
  FACT  Z1 ORIGINAL after everything: HASH G:\Codes\LabVIEW_Codes\MinLab\zz_LabView VI\AAA_UNIST\2. Tracking\Min_Track N beads V6_ParallelLoop.vi | exists=1 | size=473317 | md5=2a78e17c449cacdaf5da389818526859 | sha256=f827a67e91cc2a51284cdce0ada5d34ecf89cf865bca5f0bdfa870f0020df4bb
  FACT  Z1b D1_s1_copy.vi after everything: HASH C:\Program Files\National Instruments\LabVIEW 2026\user.lib\claudeDev\D1_s1_copy.vi | exists=1 | size=474202 | md5=3e3d23cefd3a334001aa9d6156bf1aee | sha256=1ab3360021cb04f03e8fe4a503d1972aefa26a34ed5b8fd9393ec6899330e0f7
  FACT  Z1c D1_s2_loops.vi after everything: HASH C:\Program Files\National Instruments\LabVIEW 2026\user.lib\claudeDev\D1_s2_loops.vi | exists=1 | size=475707 | md5=6ff19497f2309e007a214660bb64b911 | sha256=d52e754e29a85e9cc3ddeb039f6c5e325c9094c5e1f8c944059d4a5f7b33c3f5
  PASS  Z1 ORIGINAL / D1_s1_copy.vi / D1_s2_loops.vi md5 all unchanged  2a78e17c449cacdaf5da389818526859 / 3e3d23cefd3a334001aa9d6156bf1aee / 6ff19497f2309e007a214660bb64b911
  PASS  Z2 refs opened == closed, 0 live  {'opened': 13, 'closed': 13, 'live': 0, 'cached_op_vis': 7}

=== GATES 11 pass / 3 fail; failing: E0 every ControlTerminal reads owner class 'TopLevelDiagram', E3 wire_indicators returned an EMPTY error column on at least one attempt, E4 a target indicator's wire uid changed from 0
=== readings -> G:\Codes\LabVIEW_Codes\MinLab\zz_LabView VI\AAA_UNIST\2. Tracking\V6_ParallelLoop\tools\bench\diag_s56_transport3b.json
BGRUN END rc=1 after 78s
