BGRUN START 2026-09-27 21:49:54 limit 2.0 min: py -u tools/bench/diag_c111d_items.py
BGRUN PID 19844
{'bed': 'C:\\Program Files\\National Instruments\\LabVIEW 2026\\user.lib\\claudeDev\\D1_l2_b1_20260927_193100.vi', 'bed_md5_before': 'b705728ab0714dc8179fc955283800f9', 'bed_md5_after': 'b705728ab0714dc8179fc955283800f9', 'n_reported': 99, 'item_count': 99, 'verdict': 'MISMATCH', 'gates': {'window_opened': True, 'count_read': True, 'all_items_read': True, 'every_item_dclicked': True, 'closed_with_esc': True, 'scratch_identical': True, 'scratch_deleted': True, 'bed_md5_unchanged': True, 'block_diagram_open': True, 'refs_balanced': True, 'handles_baseline_up': True}}
raw items 99
0 | Build Array 'Build Array': Contains unwired or bad terminal | One or more required inputs to this function are not wired or are wired incorrectly. Show the Context Help window to see what the connection
1 | Split 1D Array 'Split 1D Array': Contains unwired or bad terminal | One or more required inputs to this function are not wired or are wired incorrectly. Show the Context Help window to see what the connection
2 | Build Array'Build Arrav': Contains unwired orbad terminal | One or more required inputs to this function are not wired or are wired incorrectly. Show the Context Help window to see what the connection
3 | Build Array 'Build Array': Contains unwired or bad terminal | One or more required inputs to this function are not wired or are wired incorrectly. Show the Context Help window to see what the connection
4 | Build Array 'Build Array': Contains unwired or bad terminal | One or more required inputs to this function are not wired or are wired incorrectly. Show the Context Help window to see what the connection
5 | This wire connects one or more data sinks but has no source. | A wire must be connected to one and only one data source, such as a control's terminal or a function output. This wire is not connected to a
6 | You have connected two terminals of different types. | These cannot be wired together because their data types (numeric, string, array, cluster, etc.) do not match. Show the Context Help window t
7 | You have connected an output loop tunnel to an input of Subvl. Change the input to an output, or add a source. | A wire must be connected to one and only one data source, such as a control's terminal or a function output. This wire is connected to two d
8 | This wire connects one or more data sinks but has no source. | A wire must be connected to one and only one data source, such as a control's terminal or a function output. This wire is not connected to a
9 | You have connected two arrays of different dimensions. | You have two or more array data types wired together, but the arrays have different numbers of dimensions. Show the Context Help window to s
10 | You have connected an output loop tunnel to an input of Subvl. Change the input to an output, or add a source. | A wire must be connected to one and only one data source, such as a control's terminal or a function output. This wire is connected to two d
11 | Loop Tunnel: Wire connected to an undirected tunnel. | A tunnel on this wire cannot determine whether it is an input or an output. Connect the tunnel to exactly one source terminal to set the dir
12 | Loop Tunnel: Wire connected to an undirected tunnel. | A tunnel on this wire cannot determine whether it is an input or an output. Connect the tunnel to exactly one source terminal to set the dir
13 | Loop Tunnel: Wire connected to an undirected tunnel. | A tunnel on this wire cannot determine whether it is an input or an output. Connect the tunnel to exactly one source terminal to set the dir
14 | Loop Tunnel: Wire connected to an undirected tunnel. | A tunnel on this wire cannot determine whether it is an input or an output. Connect the tunnel to exactly one source terminal to set the dir
15 | Bundle'Bundle':Containsunwiredorbad terminal | One or more required inputs to this function are not wired or are wired incorrectly. Show the Context Help window to see what the connection
16 | Index Array 'Index Array': Contains unwired or bad terminal | One or more required inputs to this function are not wired or are wired incorrectly. Show the Context Help window to see what the connection
17 | Replace Array Subset Replace Array Subset': Contains unwired or bad terminal | One or more required inputs to this function are not wired or are wired incorrectly. Show the Context Help window to see what the connection
18 | Replace Array Subset 'Replace Array Subset': Contains unwired or bad terminal | One or more required inputs to this function are not wired or are wired incorrectly. Show the Context Help window to see what the connection
19 | You have connected an output loop tunnel to an input of Subvl. Change the input to an output, or add a source. | A wire must be connected to one and only one data source, such as a control's terminal or a function output. This wire is connected to two d
20 | This wire connects one or more data sinks but has no source. | A wire must be connected to one and only one data source, such as a control's terminal or a function output. This wire is not connected to a
21 | This wire connects one or more data sinks but has no source. | A wire must be connected to one and only one data source, such as a control's terminal or a function output. This wire is not connected to a
22 | You have connected an output loop tunnel to an input of Subvl. Change the input to an output, or add a source. | A wire must be connected to one and only one data source, such as a control's terminal or a function output. This wire is connected to two d
23 | You have connected two terminals of different types. | These cannot be wired together because their data types (numeric, string, array, cluster, etc.) do not match. Show the Context Help window t
24 | You have connected two terminals of different types. | These cannot be wired together because their data types (numeric, string, array, cluster, etc.) do not match. Show the Context Help window t
25 | You have connected an output loop tunnel to an input of Subvl. Change the input to an output, or add a source. | A wire must be connected to one and only one data source, such as a control's terminal or a function output. This wire is connected to two d
26 | t,oraddasource. Youhaveconnectedanoutputlooptunnel toaninputofSubvl.Change theinputtoanoutput, | A wire must be connected to one and only one data source, such as a control's terminal or a function output. This wire is connected to two d
27 | You have connected an output loop tunnel to an input of Subvl. Change the input to an output, or add a source. | A wire must be connected to one and only one data source, such as a control's terminal or a function output. This wire is connected to two d
28 | You have connected two arrays of different dimensions. | You have two or more array data types wired together, but the arrays have different numbers of dimensions. Show the Context Help window to s
29 | Loop Tunnel: Wire connected to an undirected tunnel. | A tunnel on this wire cannot determine whether it is an input or an output. Connect the tunnel to exactly one source terminal to set the dir
30 | Loop Tunnel: Wire connected to an undirected tunnel. | A tunnel on this wire cannot determine whether it is an input or an output. Connect the tunnel to exactly one source terminal to set the dir
31 | LoopTunnel: Wire connected to an undirected tunnel. | A tunnel on this wire cannot determine whether it is an input or an output. Connect the tunnel to exactly one source terminal to set the dir
32 | Loop Tunnel: Wire connected to an undirected tunnel. | A tunnel on this wire cannot determine whether it is an input or an output. Connect the tunnel to exactly one source terminal to set the dir
33 | Loop Tunnel: Wire connected to an undirected tunnel. | A tunnel on this wire cannot determine whether it is an input or an output. Connect the tunnel to exactly one source terminal to set the dir
34 | LoopTunnel: Wire connected to an undirected tunnel. | A tunnel on this wire cannot determine whether it is an input or an output. Connect the tunnel to exactly one source terminal to set the dir
35 | Loop Tunnel: Wire connected to an undirected tunnel. | A tunnel on this wire cannot determine whether it is an input or an output. Connect the tunnel to exactly one source terminal to set the dir
36 | You have connected an output loop tunnel to an input of Subvl. Change the input to an output, or add a source. | A wire must be connected to one and only one data source, such as a control's terminal or a function output. This wire is connected to two d
37 | You have connected an output loop tunnel to an input of Build Array. Change the input to an output, or add a source. | A wire must be connected to one and only one data source, such as a control's terminal or a function output. This wire is connected to two d
38 | You have connected an output loop tunnel to an input of Replace Array Subset. Change the input to an output, or add a source. | A wire must be connected to one and only one data source, such as a control's terminal or a function output. This wire is connected to two d
39 | You have connected an output loop tunnel to an input of Subvl. Change the input to an output, or add a source. | A wire must be connected to one and only one data source, such as a control's terminal or a function output. This wire is connected to two d
40 | You have connected an output loop tunnel to an input of Replace Array Subset. Change the input to an output, or add a source. | A wire must be connected to one and only one data source, such as a control's terminal or a function output. This wire is connected to two d
41 | You have connected an output loop tunnel to an input of Subvl. Change the input to an output, or add a source. | A wire must be connected to one and only one data source, such as a control's terminal or a function output. This wire is connected to two d
42 | You have connected an output loop tunnel to an input of Replace Array Subset. Change the input to an output, or add a source. | A wire must be connected to one and only one data source, such as a control's terminal or a function output. This wire is connected to two d
43 | You haveconnectedan output loop tunnel toan inputofBuild Array.Change the input toan output,oradda source. | A wire must be connected to one and only one data source, such as a control's terminal or a function output. This wire is connected to two d
44 | CaseStructure'CaseStructure':Unwiredselector | The Case structure must have a Boolean, numeric or enumerated input wired to its selector terminal (the '?').
45 | SubV1'TrackNbeadsfour-foldover-kernel-v3.vi':reguiredinputImageIn'isnotwired | The designer of this subvl has specified that this terminal must be wired. Show the Context Help window to see what the required connections
46 | You have connected two terminals of different types. | These cannot be wired together because their data types (numeric, string, array, cluster, etc.) do not match. Show the Context Help window t
47 | Shift Register: unwired from inside the loop | 
48 | Shift Register: Shift register: Feedback Node: data type is undefined | You must wire a valid data type to the right side of this shift register, or delete the shift register.
49 | Shift Register: unwired from inside the loop | 
50 | Shift Register: Shift register: Feedback Node: data type is undefined | You must wire a valid data type to the right side of this shift register, or delete the shift register.
51 | This wire is not connected to anything. | This is a completely unconnected wire.
52 | Wire: Wire has loose ends. | This wire segment is not connected to anything. Select Remove Broken Wires from the Edit menu to delete all wires that are disconnected or b
53 | Wire: Wire has loose ends. | This wire segment is not connected to anything. Select Remove Broken Wires from the Edit menu to delete all wires that are disconnected or b
54 | This wire connects one or more data sinks but has no source. | A wire must be connected to one and only one data source, such as a control's terminal or a function output. This wire is not connected to a
55 | Wire: Wire has loose ends. | This wire segment is not connected to anything. Select Remove Broken Wires from the Edit menu to delete all wires that are disconnected or b
56 | Wire: Wire has loose ends. | This wire segment is not connected to anything. Select Remove Broken Wires from the Edit menu to delete all wires that are disconnected or b
57 | This wire is not connected to anything. | This is a completely unconnected wire.
58 | This wire is not connected to anything. | This is a completely unconnected wire.
59 | This wire connects one or more data sinks but has no source. | A wire must be connected to one and only one data source, such as a control's terminal or a function output. This wire is not connected to a
60 | Wire: Wire has loose ends. | This wire segment is not connected to anything. Select Remove Broken Wires from the Edit menu to delete all wires that are disconnected or b
61 | This wire is not connected to anything. | This is a completely unconnected wire.
62 | Wire: Wire has loose ends. | This wire segment is not connected to anything. Select Remove Broken Wires from the Edit menu to delete all wires that are disconnected or b
63 | This wire is not connected to anything. | This is a completely unconnected wire.
64 | This wire is not connected to anything. | This is a completely unconnected wire.
65 | Wire: Wire has loose ends. | This wire segment is not connected to anything. Select Remove Broken Wires from the Edit menu to delete all wires that are disconnected or b
66 | This wire is not connected to anything. | This is a completely unconnected wire.
67 | Wire: Wire has loose ends. | This wire segment is not connected to anything. Select Remove Broken Wires from the Edit menu to delete all wires that are disconnected or b
68 | This wire is not connected to anything. | This is a completely unconnected wire.
69 | This wire is not connected to anything. | This is a completely unconnected wire.
70 | This wire is not connected to anything. | This is a completely unconnected wire.
71 | This wire connects one or more data sinks but has no source. | A wire must be connected to one and only one data source, such as a control's terminal or a function output. This wire is not connected to a
72 | This wire is not connected to anything. | This is a completely unconnected wire.
73 | This wire is not connected to anything. | This is a completely unconnected wire.
74 | This wire is not connected to anything. | This is a completely unconnected wire.
75 | Wire: Wire has loose ends. | This wire segment is not connected to anything. Select Remove Broken Wires from the Edit menu to delete all wires that are disconnected or b
76 | This wire is not connected to anything. | This is a completely unconnected wire.
77 | This wire is not connected to anything. | This is a completely unconnected wire.
78 | Wire: Wire has loose ends. | This wire segment is not connected to anything. Select Remove Broken Wires from the Edit menu to delete all wires that are disconnected or b
79 | This wire connects one or more data sinks but has no source. | A wire must be connected to one and only one data source, such as a control's terminal or a function output. This wire is not connected to a
80 | This wire is not connected to anything. | This is a completely unconnected wire.
81 | This wire isnot connected to anvthing | This is a completely unconnected wire.
82 | This wire is not connected to anything. | This is a completely unconnected wire.
83 | Wire: Wire has loose ends. | This wire segment is not connected to anything. Select Remove Broken Wires from the Edit menu to delete all wires that are disconnected or b
84 | Wire: Wire has loose ends. | This wire segment is not connected to anything. Select Remove Broken Wires from the Edit menu to delete all wires that are disconnected or b
85 | Wire: Wire has loose ends. | This wire segment is not connected to anything. Select Remove Broken Wires from the Edit menu to delete all wires that are disconnected or b
86 | This wire is not connected to anything. | This is a completely unconnected wire.
87 | Wire: Wire has loose ends. | This wire segment is not connected to anything. Select Remove Broken Wires from the Edit menu to delete all wires that are disconnected or b
88 | Wire: Wire has loose ends. | This wire segment is not connected to anything. Select Remove Broken Wires from the Edit menu to delete all wires that are disconnected or b
89 | Wire: Wire has loose ends. | This wire segment is not connected to anything. Select Remove Broken Wires from the Edit menu to delete all wires that are disconnected or b
90 | This wire is not connected to anything. | This is a completely unconnected wire.
91 | Wire: Wire has loose ends. | This wire segment is not connected to anything. Select Remove Broken Wires from the Edit menu to delete all wires that are disconnected or b
92 | This wire connects one or more data sinks but has no source. | A wire must be connected to one and only one data source, such as a control's terminal or a function output. This wire is not connected to a
93 | Wire: Wire has loose ends. | This wire segment is not connected to anything. Select Remove Broken Wires from the Edit menu to delete all wires that are disconnected or b
94 | Wire: Wire has loose ends. | This wire segment is not connected to anything. Select Remove Broken Wires from the Edit menu to delete all wires that are disconnected or b
95 | Wire: Wire has loose ends. | This wire segment is not connected to anything. Select Remove Broken Wires from the Edit menu to delete all wires that are disconnected or b
96 | Wire: Wire has loose ends. | This wire segment is not connected to anything. Select Remove Broken Wires from the Edit menu to delete all wires that are disconnected or b
97 | Wire: Wire has loose ends. | This wire segment is not connected to anything. Select Remove Broken Wires from the Edit menu to delete all wires that are disconnected or b
98 | Wire:Wirehas loose ends. | This wire segment is not connected to anything. Select Remove Broken Wires from the Edit menu to delete all wires that are disconnected or b
BGRUN END rc=0 after 1s (NO RESULT LINE)
