BGRUN START 2026-09-26 04:34:13 limit 40.0 min: py -u tools/bench/diag_c90_t0_step3.py

---------- [0] FILES ONLY - the input's md5, the pins, the claudeDev listing
  FACT  claudeDev holds 261 .vi file(s) BEFORE the run
  PASS  K1 input md5 == 3e3d23cefd3a334001aa9d6156bf1aee  got 3e3d23cefd3a334001aa9d6156bf1aee
  FACT  PIN BEFORE ORIGINAL         2a78e17c449cacdaf5da389818526859  (want 2a78e17c449cacdaf5da389818526859) OK
  FACT  PIN BEFORE S1 D1_s1_copy    3e3d23cefd3a334001aa9d6156bf1aee  (want 3e3d23cefd3a334001aa9d6156bf1aee) OK
  FACT  PIN BEFORE S2 D1_s2_loops   6ff19497f2309e007a214660bb64b911  (want 6ff19497f2309e007a214660bb64b911) OK
  FACT  PIN BEFORE ROW2 bed         26c54ff784cb5cea21edbd214d2cc3a0  (want 26c54ff784cb5cea21edbd214d2cc3a0) OK
  FACT  PIN BEFORE M3a-2            3842f5e6f128226235dc78353f26ef44  (want 3842f5e6f128226235dc78353f26ef44) OK
  FACT  PIN BEFORE kswap            e77b8d5805d90f76e426cb06fdc26d1c  (want e77b8d5805d90f76e426cb06fdc26d1c) OK
  FACT  PIN BEFORE L2-A1 bed        51d9b8a3af5b4240cdc2ad193d9b4f41  (want 51d9b8a3af5b4240cdc2ad193d9b4f41) OK
  PASS  K2 the ORIGINAL's md5 is 2a78e17c449cacdaf5da389818526859  got 2a78e17c449cacdaf5da389818526859 at G:\Codes\LabVIEW_Codes\MinLab\zz_LabView VI\AAA_UNIST\2. Tracking\Min_Track N beads V6_ParallelLoop.vi

---------- [1] RESTART LabVIEW (standing authority; fresh ~31,500 handles)
  FACT  LabVIEW handle count BEFORE the restart: 0
  FACT  LabVIEW handle count AFTER the restart: 33998

---------- [2] THE DATED WORK COPY under claudeDev - the input is never opened for writing
  PASS  K3 the work copy is byte-identical to the input  D1_s1_t0_20260926_043414.vi
  FACT  ExecState [after open] D1_s1_t0_20260926_043414.vi = 1
  FACT  ExecState [after open] D1_s1_t0_20260926_043414.vi = 1
  FACT  SITE 1 OMITTED: no frame-grab node in loop #637 (Grab #15403 is on #15266, Get Image #22692 on #22650) - card 90-5 pass 1
  PASS  S00.1 CLFN #22968 built at top level (6 terms)  ((False, 0, ''), (False, 0, ''))
  PASS  S00.2 site constant #23090 on top-level t6 (err '')
  FACT  move_in node census: 625 rows
  FACT  OP move_in #22968 -> Diagram[43] at (1400, 900) -> err '' (0.2 s)
  FACT  move_in node census: 626 rows
  FACT  OP move_in #23090 -> Diagram[43] at (1310, 924) -> err '' (0.2 s)
  FAIL  S00.3 CLFN on Diagram[43]=#639 N[73], t6 wire 0, tunnels [[468, 132, 146], [468, 132, 146]]
  FACT  METHOD A FAILED on site 0 -> While-body sites use B (OpCreateConstOnTerm_v0)
  PASS  S02.1 CLFN #23004 built at top level (6 terms)  ((False, 0, ''), (False, 0, ''))
  FACT  move_in node census: 628 rows
  FACT  OP move_in #23004 -> Diagram[43] at (1430, 960) -> err '' (0.1 s)
  PASS  S02.2 (B) constant #23526 on WhileLoop[1].N[76].t6 (err '')
  PASS  S02.3 CLFN on Diagram[43]=#639 N[76], t6 wire 23547, tunnels None
  FACT  connect_from_wire node census: 629 rows
  FACT  OP connect_from_wire sink D[43].N[76].t8 <- w5859[0] -> err '' (0.5 s)
  FACT  S02 AFTER node census: 630 rows
  FACT  S02 CENSUS DIFF: Node 629 -> 630 ; 1 new uid(s): [(23402, 'Invoke', (2639, 933))]
  FACT  S02 new #23402 #23402 lives at: {'diagram_index': 43, 'diagram_uid': 639, 'diagram_class': 'Diagram', 'nodes_index': 78, 'nodes_on_diagram': 79, 'label': 'Invoke Node'}  (1 diagram(s) scanned of 170, 0.4 s)
  FACT  S02 new #23402 terminal table of #23402 (Diagram idx 43, Nodes[78], echo 23402): 6 terminal(s)
  FACT      S02 new #23402 t0  'reference'                        is_source=False wire=0       errs=[0, 0, 0, 1055]
  FACT      S02 new #23402 t1  'reference out'                    is_source=True  wire=0       errs=[0, 0, 0, 1055]
  FACT      S02 new #23402 t2  'error in (no error)'              is_source=False wire=0       errs=[0, 0, 0, 1055]
  FACT      S02 new #23402 t3  'error out'                        is_source=True  wire=0       errs=[0, 0, 0, 1055]
  FACT      S02 new #23402 t4  'Method'                           is_source=False wire=0       errs=[0, 0, 0, 1055]
  FACT      S02 new #23402 t5  'Method'                           is_source=True  wire=0       errs=[0, 0, 0, 1055]
  FACT  S02 the junk node's FULL terminal table is printed above; 6 terminal(s), 0 WIRED - the purge precondition (ZERO wired) HOLDS
  FACT  S02 purge delete Node #23402 at index 157: gone [23402], error '', census 630 -> 629, still present False (1.48 s)
  FACT  S02 AFTER THE PURGE node census: 629 rows
  FACT  S02 purge arithmetic: Node 629 -> 630 -> 629
  FAIL  S02.4 branch of w5859 -> t8: err '', Is Broken? False, wire delta 0
  FACT  S03 SKIPPED: method A failed on site 0 and the site is not in a While body
  FACT  S04 SKIPPED: method A failed on site 0 and the site is not in a While body
  FACT  S05 SKIPPED: method A failed on site 0 and the site is not in a While body
  FACT  S06 SKIPPED: method A failed on site 0 and the site is not in a While body
  FACT  S07 SKIPPED: method A failed on site 0 and the site is not in a While body
  PASS  S08.1 CLFN #23402 built at top level (6 terms)  ((False, 0, ''), (False, 0, ''))
  FACT  move_in node census: 630 rows
  FACT  OP move_in #23402 -> Diagram[43] at (1610, 1080) -> err '' (0.1 s)
  PASS  S08.2 (B) constant #23732 on WhileLoop[1].N[78].t6 (err '')
  PASS  S08.3 CLFN on Diagram[43]=#639 N[78], t6 wire 23783, tunnels None
  FACT  connect_from_wire node census: 631 rows
  FACT  OP connect_from_wire sink D[43].N[78].t8 <- w541[0] -> err '' (0.7 s)
  FACT  S08 AFTER node census: 632 rows
  FACT  S08 CENSUS DIFF: Node 631 -> 632 ; 1 new uid(s): [(23477, 'Invoke', (2639, 933))]
  FACT  S08 new #23477 #23477 lives at: {'diagram_index': 43, 'diagram_uid': 639, 'diagram_class': 'Diagram', 'nodes_index': 80, 'nodes_on_diagram': 81, 'label': 'Invoke Node'}  (1 diagram(s) scanned of 170, 0.4 s)
  FACT  S08 new #23477 terminal table of #23477 (Diagram idx 43, Nodes[80], echo 23477): 6 terminal(s)
  FACT      S08 new #23477 t0  'reference'                        is_source=False wire=0       errs=[0, 0, 0, 1055]
  FACT      S08 new #23477 t1  'reference out'                    is_source=True  wire=0       errs=[0, 0, 0, 1055]
  FACT      S08 new #23477 t2  'error in (no error)'              is_source=False wire=0       errs=[0, 0, 0, 1055]
  FACT      S08 new #23477 t3  'error out'                        is_source=True  wire=0       errs=[0, 0, 0, 1055]
  FACT      S08 new #23477 t4  'Method'                           is_source=False wire=0       errs=[0, 0, 0, 1055]
  FACT      S08 new #23477 t5  'Method'                           is_source=True  wire=0       errs=[0, 0, 0, 1055]
  FACT  S08 the junk node's FULL terminal table is printed above; 6 terminal(s), 0 WIRED - the purge precondition (ZERO wired) HOLDS
  FACT  S08 purge delete Node #23477 at index 157: gone [23477], error '', census 632 -> 631, still present False (1.48 s)
  FACT  S08 AFTER THE PURGE node census: 631 rows
  FACT  S08 purge arithmetic: Node 631 -> 632 -> 631
  FAIL  S08.4 branch of w541 -> t8: err '', Is Broken? False, wire delta 0
  PASS  S10.1 CLFN #23477 built at top level (6 terms)  ((False, 0, ''), (False, 0, ''))
  FACT  move_in node census: 632 rows
  FACT  OP move_in #23477 -> Diagram[99] at (1640, 900) -> err '' (0.2 s)
  PASS  S10.2 (B) constant #24045 on WhileLoop[2].N[22].t6 (err '')
  PASS  S10.3 CLFN on Diagram[99]=#15266 N[22], t6 wire 24139, tunnels None
  FACT  connect_from_wire node census: 633 rows
  FACT  OP connect_from_wire sink D[99].N[22].t8 <- w19372[0] -> err '' (0.6 s)
  FACT  S10 AFTER node census: 634 rows
  FACT  S10 CENSUS DIFF: Node 633 -> 634 ; 1 new uid(s): [(23898, 'Invoke', (-14936, 658))]
  FACT  S10 new #23898 #23898 lives at: {'diagram_index': 99, 'diagram_uid': 15266, 'diagram_class': 'Diagram', 'nodes_index': 24, 'nodes_on_diagram': 25, 'label': 'Invoke Node'}  (1 diagram(s) scanned of 170, 0.4 s)
  FACT  S10 new #23898 terminal table of #23898 (Diagram idx 99, Nodes[24], echo 23898): 6 terminal(s)
  FACT      S10 new #23898 t0  'reference'                        is_source=False wire=0       errs=[0, 0, 0, 1055]
  FACT      S10 new #23898 t1  'reference out'                    is_source=True  wire=0       errs=[0, 0, 0, 1055]
  FACT      S10 new #23898 t2  'error in (no error)'              is_source=False wire=0       errs=[0, 0, 0, 1055]
  FACT      S10 new #23898 t3  'error out'                        is_source=True  wire=0       errs=[0, 0, 0, 1055]
  FACT      S10 new #23898 t4  'Method'                           is_source=False wire=0       errs=[0, 0, 0, 1055]
  FACT      S10 new #23898 t5  'Method'                           is_source=True  wire=0       errs=[0, 0, 0, 1055]
  FACT  S10 the junk node's FULL terminal table is printed above; 6 terminal(s), 0 WIRED - the purge precondition (ZERO wired) HOLDS
  FACT  S10 purge delete Node #23898 at index 436: gone [23898], error '', census 634 -> 633, still present False (1.49 s)
  FACT  S10 AFTER THE PURGE node census: 633 rows
  FACT  S10 purge arithmetic: Node 633 -> 634 -> 633
  FAIL  S10.4 branch of w19372 -> t8: err '', Is Broken? False, wire delta 0
  PASS  S11.1 CLFN #23898 built at top level (6 terms)  ((False, 0, ''), (False, 0, ''))
  FACT  move_in node census: 634 rows
  FACT  OP move_in #23898 -> Diagram[99] at (1670, 960) -> err '' (0.1 s)
  PASS  S11.2 (B) constant #24405 on WhileLoop[2].N[24].t6 (err '')
  PASS  S11.3 CLFN on Diagram[99]=#15266 N[24], t6 wire 24438, tunnels None
  FACT  connect_from_wire node census: 635 rows
  FACT  OP connect_from_wire sink D[99].N[24].t8 <- w19465[0] -> err '' (0.3 s)
  FACT  S11 AFTER node census: 636 rows
  FACT  S11 CENSUS DIFF: Node 635 -> 636 ; 1 new uid(s): [(23910, 'Invoke', (-14936, 658))]
  FACT  S11 new #23910 #23910 lives at: {'diagram_index': 99, 'diagram_uid': 15266, 'diagram_class': 'Diagram', 'nodes_index': 26, 'nodes_on_diagram': 27, 'label': 'Invoke Node'}  (1 diagram(s) scanned of 170, 0.2 s)
  FACT  S11 new #23910 terminal table of #23910 (Diagram idx 99, Nodes[26], echo 23910): 6 terminal(s)
  FACT      S11 new #23910 t0  'reference'                        is_source=False wire=0       errs=[0, 0, 0, 1055]
  FACT      S11 new #23910 t1  'reference out'                    is_source=True  wire=0       errs=[0, 0, 0, 1055]
  FACT      S11 new #23910 t2  'error in (no error)'              is_source=False wire=0       errs=[0, 0, 0, 1055]
  FACT      S11 new #23910 t3  'error out'                        is_source=True  wire=0       errs=[0, 0, 0, 1055]
  FACT      S11 new #23910 t4  'Method'                           is_source=False wire=0       errs=[0, 0, 0, 1055]
  FACT      S11 new #23910 t5  'Method'                           is_source=True  wire=0       errs=[0, 0, 0, 1055]
  FACT  S11 the junk node's FULL terminal table is printed above; 6 terminal(s), 0 WIRED - the purge precondition (ZERO wired) HOLDS
  FACT  S11 purge delete Node #23910 at index 436: gone [23910], error '', census 636 -> 635, still present False (1.29 s)
  FACT  S11 AFTER THE PURGE node census: 635 rows
  FACT  S11 purge arithmetic: Node 635 -> 636 -> 635
  FAIL  S11.4 branch of w19465 -> t8: err '', Is Broken? False, wire delta 0
  PASS  S12.1 CLFN #23910 built at top level (6 terms)  ((False, 0, ''), (False, 0, ''))
  FACT  move_in node census: 636 rows
  FACT  OP move_in #23910 -> Diagram[99] at (1700, 1020) -> err '' (0.1 s)
  PASS  S12.2 (B) constant #24655 on WhileLoop[2].N[26].t6 (err '')
  PASS  S12.3 CLFN on Diagram[99]=#15266 N[26], t6 wire 24712, tunnels None
  FACT  connect_from_wire node census: 637 rows
  FACT  OP connect_from_wire sink D[99].N[26].t8 <- w19468[0] -> err '' (0.4 s)
  FACT  S12 AFTER node census: 638 rows
  FACT  S12 CENSUS DIFF: Node 637 -> 638 ; 1 new uid(s): [(24309, 'Invoke', (-14936, 658))]
  FACT  S12 new #24309 #24309 lives at: {'diagram_index': 99, 'diagram_uid': 15266, 'diagram_class': 'Diagram', 'nodes_index': 28, 'nodes_on_diagram': 29, 'label': 'Invoke Node'}  (1 diagram(s) scanned of 170, 0.2 s)
  FACT  S12 new #24309 terminal table of #24309 (Diagram idx 99, Nodes[28], echo 24309): 6 terminal(s)
  FACT      S12 new #24309 t0  'reference'                        is_source=False wire=0       errs=[0, 0, 0, 1055]
  FACT      S12 new #24309 t1  'reference out'                    is_source=True  wire=0       errs=[0, 0, 0, 1055]
  FACT      S12 new #24309 t2  'error in (no error)'              is_source=False wire=0       errs=[0, 0, 0, 1055]
  FACT      S12 new #24309 t3  'error out'                        is_source=True  wire=0       errs=[0, 0, 0, 1055]
  FACT      S12 new #24309 t4  'Method'                           is_source=False wire=0       errs=[0, 0, 0, 1055]
  FACT      S12 new #24309 t5  'Method'                           is_source=True  wire=0       errs=[0, 0, 0, 1055]
  FACT  S12 the junk node's FULL terminal table is printed above; 6 terminal(s), 0 WIRED - the purge precondition (ZERO wired) HOLDS
  FACT  S12 purge delete Node #24309 at index 436: gone [24309], error '', census 638 -> 637, still present False (1.31 s)
  FACT  S12 AFTER THE PURGE node census: 637 rows
  FACT  S12 purge arithmetic: Node 637 -> 638 -> 637
  FAIL  S12.4 branch of w19468 -> t8: err '', Is Broken? False, wire delta 0
  PASS  S13.1 CLFN #24309 built at top level (6 terms)  ((False, 0, ''), (False, 0, ''))
  FACT  move_in node census: 638 rows
  FACT  OP move_in #24309 -> Diagram[99] at (1730, 1080) -> err '' (0.1 s)
  PASS  S13.2 (B) constant #24886 on WhileLoop[2].N[28].t6 (err '')
  PASS  S13.3 CLFN on Diagram[99]=#15266 N[28], t6 wire 24930, tunnels None
  FACT  connect_from_wire node census: 639 rows
  FACT  OP connect_from_wire sink D[99].N[28].t8 <- w19429[0] -> err '' (0.4 s)
  FACT  S13 AFTER node census: 640 rows
  FACT  S13 CENSUS DIFF: Node 639 -> 640 ; 1 new uid(s): [(24513, 'Invoke', (-14936, 658))]
  FACT  S13 new #24513 #24513 lives at: {'diagram_index': 99, 'diagram_uid': 15266, 'diagram_class': 'Diagram', 'nodes_index': 30, 'nodes_on_diagram': 31, 'label': 'Invoke Node'}  (1 diagram(s) scanned of 170, 0.2 s)
  FACT  S13 new #24513 terminal table of #24513 (Diagram idx 99, Nodes[30], echo 24513): 6 terminal(s)
  FACT      S13 new #24513 t0  'reference'                        is_source=False wire=0       errs=[0, 0, 0, 1055]
  FACT      S13 new #24513 t1  'reference out'                    is_source=True  wire=0       errs=[0, 0, 0, 1055]
  FACT      S13 new #24513 t2  'error in (no error)'              is_source=False wire=0       errs=[0, 0, 0, 1055]
  FACT      S13 new #24513 t3  'error out'                        is_source=True  wire=0       errs=[0, 0, 0, 1055]
  FACT      S13 new #24513 t4  'Method'                           is_source=False wire=0       errs=[0, 0, 0, 1055]
  FACT      S13 new #24513 t5  'Method'                           is_source=True  wire=0       errs=[0, 0, 0, 1055]
  FACT  S13 the junk node's FULL terminal table is printed above; 6 terminal(s), 0 WIRED - the purge precondition (ZERO wired) HOLDS
  FACT  S13 purge delete Node #24513 at index 436: gone [24513], error '', census 640 -> 639, still present False (1.29 s)
  FACT  S13 AFTER THE PURGE node census: 639 rows
  FACT  S13 purge arithmetic: Node 639 -> 640 -> 639
  FAIL  S13.4 branch of w19429 -> t8: err '', Is Broken? False, wire delta 0
  FACT  S14 SKIPPED: method A failed on site 0 and the site is not in a While body
  FACT  S15 SKIPPED: method A failed on site 0 and the site is not in a While body
  FACT  S16 SKIPPED: method A failed on site 0 and the site is not in a While body
  FACT  S17 SKIPPED: method A failed on site 0 and the site is not in a While body
  PASS  S20.1 CLFN #24513 built at top level (6 terms)  ((False, 0, ''), (False, 0, ''))
  FACT  move_in node census: 640 rows
  FACT  OP move_in #24513 -> Diagram[20] at (1880, 900) -> err '' (0.2 s)
  PASS  S20.2 (B) constant #25125 on WhileLoop[0].N[13].t6 (err '')
  PASS  S20.3 CLFN on Diagram[20]=#25392 N[13], t6 wire 25194, tunnels None
  FACT  connect_from_wire node census: 641 rows
  FACT  OP connect_from_wire sink D[20].N[13].t8 <- w34066[0] -> err '' (0.3 s)
  FACT  S20 AFTER node census: 642 rows
  FACT  S20 CENSUS DIFF: Node 641 -> 642 ; 1 new uid(s): [(22207, 'Invoke', (2810, 142))]
  FACT  S20 new #22207 #22207 lives at: {'diagram_index': 20, 'diagram_uid': 25392, 'diagram_class': 'Diagram', 'nodes_index': 15, 'nodes_on_diagram': 16, 'label': 'Invoke Node'}  (1 diagram(s) scanned of 170, 0.3 s)
  FACT  S20 new #22207 terminal table of #22207 (Diagram idx 20, Nodes[15], echo 22207): 6 terminal(s)
  FACT      S20 new #22207 t0  'reference'                        is_source=False wire=0       errs=[0, 0, 0, 1055]
  FACT      S20 new #22207 t1  'reference out'                    is_source=True  wire=0       errs=[0, 0, 0, 1055]
  FACT      S20 new #22207 t2  'error in (no error)'              is_source=False wire=0       errs=[0, 0, 0, 1055]
  FACT      S20 new #22207 t3  'error out'                        is_source=True  wire=0       errs=[0, 0, 0, 1055]
  FACT      S20 new #22207 t4  'Method'                           is_source=False wire=0       errs=[0, 0, 0, 1055]
  FACT      S20 new #22207 t5  'Method'                           is_source=True  wire=0       errs=[0, 0, 0, 1055]
  FACT  S20 the junk node's FULL terminal table is printed above; 6 terminal(s), 0 WIRED - the purge precondition (ZERO wired) HOLDS
  FACT  S20 purge delete Node #22207 at index 96: gone [22207], error '', census 642 -> 641, still present False (1.32 s)
  FACT  S20 AFTER THE PURGE node census: 641 rows
  FACT  S20 purge arithmetic: Node 641 -> 642 -> 641
  FAIL  S20.4 branch of w34066 -> t8: err '', Is Broken? False, wire delta 0
  FACT  ExecState [after all sites] D1_s1_t0_20260926_043414.vi = 0
  FAIL  E1 ExecState 1 after 7/17 sites
  FACT  LIVE MAP {'gobject': 8.76, 'terminals': 14.4, 'fs': 0.0, 'total': 23.2}
  FAIL  CD computation_diff(S1,new): rows 0, removed 0, added 25 (classes ['CallLibrary', 'DigitalNumericConstant', 'Invoke']) == 2 x 7 sites
  FACT  NOT SAVED: ExecState 0
  FACT  THE WORK COPY IS A SCRATCH: this stage saves nothing, so D1_s1_t0_20260926_043414.vi is deleted at close

---------- [H] HYGIENE
  FACT  close_panel(D1_s1_t0_20260926_043414.vi) raised com_error: (-2147352567, '??? ??????.', (6649, 'LabVIEW', 'LabVIEW: (Hex 0x47D) Cannot close or set the state of a closed front panel. The front panel must already be open before you close it or set its state.', None, 0, 0), None)
  FACT  gscript ref_counts: {'opened': 13, 'closed': 13, 'live': 0, 'cached_op_vis': 14}
  PASS  H5 VI-Server reference counter level (opened == closed)  {'opened': 13, 'closed': 13, 'live': 0, 'cached_op_vis': 14}
  FACT  LabVIEW handle count AFTER the work: 54996
  PASS  H4 scratch deleted: D1_s1_t0_20260926_043414.vi  C:\Program Files\National Instruments\LabVIEW 2026\user.lib\claudeDev\D1_s1_t0_20260926_043414.vi
  PASS  H2 the INPUT's md5 is UNCHANGED after the run  before 3e3d23cefd3a334001aa9d6156bf1aee / after 3e3d23cefd3a334001aa9d6156bf1aee
  FACT  PIN AFTER  ORIGINAL         2a78e17c449cacdaf5da389818526859  (want 2a78e17c449cacdaf5da389818526859) OK
  FACT  PIN AFTER  S1 D1_s1_copy    3e3d23cefd3a334001aa9d6156bf1aee  (want 3e3d23cefd3a334001aa9d6156bf1aee) OK
  FACT  PIN AFTER  S2 D1_s2_loops   6ff19497f2309e007a214660bb64b911  (want 6ff19497f2309e007a214660bb64b911) OK
  FACT  PIN AFTER  ROW2 bed         26c54ff784cb5cea21edbd214d2cc3a0  (want 26c54ff784cb5cea21edbd214d2cc3a0) OK
  FACT  PIN AFTER  M3a-2            3842f5e6f128226235dc78353f26ef44  (want 3842f5e6f128226235dc78353f26ef44) OK
  FACT  PIN AFTER  kswap            e77b8d5805d90f76e426cb06fdc26d1c  (want e77b8d5805d90f76e426cb06fdc26d1c) OK
  FACT  PIN AFTER  L2-A1 bed        51d9b8a3af5b4240cdc2ad193d9b4f41  (want 51d9b8a3af5b4240cdc2ad193d9b4f41) OK
  PASS  H3 every md5 pin still holds
  FACT  THE FILES THIS RUN LEFT ON DISK: []  (removed: [])
  PASS  H6 the files left on disk == [] and nothing was removed  added [] removed []
  FACT  LabVIEW handle count at exit: 34009

====================================================================================================
=== GATES: 31 pass / 10 fail; failing: S00.3 CLFN on Diagram[43]=#639 N[73], t6 wire 0, tunnels [[468, 132, 146], [468, 132, 146]], S02.4 branch of w5859 -> t8: err '', Is Broken? False, wire delta 0, S08.4 branch of w541 -> t8: err '', Is Broken? False, wire delta 0, S10.4 branch of w19372 -> t8: err '', Is Broken? False, wire delta 0, S11.4 branch of w19465 -> t8: err '', Is Broken? False, wire delta 0, S12.4 branch of w19468 -> t8: err '', Is Broken? False, wire delta 0, S13.4 branch of w19429 -> t8: err '', Is Broken? False, wire delta 0, S20.4 branch of w34066 -> t8: err '', Is Broken? False, wire delta 0, E1 ExecState 1 after 7/17 sites, CD computation_diff(S1,new): rows 0, removed 0, added 25 (classes ['CallLibrary', 'DigitalNumericConstant', 'Invoke']) == 2 x 7 sites
JSON: G:\Codes\LabVIEW_Codes\MinLab\zz_LabView VI\AAA_UNIST\2. Tracking\V6_ParallelLoop\tools\bench\t0_sites_s1_step3.json   elapsed 228.9 s
RESULT {"schema":"result-line/1","status":"FAIL","gates":{"pass":31,"fail":10},"first_fail":"S00.3 CLFN on Diagram[43]=#639 N[73], t6 wire 0, tunnels [[468, 132, 146], [468, 132, 146]]","artefacts":[]}

---------- [Q] COM Quit, verify LabVIEW gone
  PASS  Q1 LabVIEW gone (quit rc 1, forced=False)
  FACT  PIN FINAL  ORIGINAL         2a78e17c449cacdaf5da389818526859  (want 2a78e17c449cacdaf5da389818526859) OK
  FACT  PIN FINAL  S1 D1_s1_copy    3e3d23cefd3a334001aa9d6156bf1aee  (want 3e3d23cefd3a334001aa9d6156bf1aee) OK
  FACT  PIN FINAL  S2 D1_s2_loops   6ff19497f2309e007a214660bb64b911  (want 6ff19497f2309e007a214660bb64b911) OK
  FACT  PIN FINAL  ROW2 bed         26c54ff784cb5cea21edbd214d2cc3a0  (want 26c54ff784cb5cea21edbd214d2cc3a0) OK
  FACT  PIN FINAL  M3a-2            3842f5e6f128226235dc78353f26ef44  (want 3842f5e6f128226235dc78353f26ef44) OK
  FACT  PIN FINAL  kswap            e77b8d5805d90f76e426cb06fdc26d1c  (want e77b8d5805d90f76e426cb06fdc26d1c) OK
  FACT  PIN FINAL  L2-A1 bed        51d9b8a3af5b4240cdc2ad193d9b4f41  (want 51d9b8a3af5b4240cdc2ad193d9b4f41) OK
  PASS  Q2 md5 pins after quit

====================================================================================================
=== GATES: 33 pass / 10 fail; failing: S00.3 CLFN on Diagram[43]=#639 N[73], t6 wire 0, tunnels [[468, 132, 146], [468, 132, 146]], S02.4 branch of w5859 -> t8: err '', Is Broken? False, wire delta 0, S08.4 branch of w541 -> t8: err '', Is Broken? False, wire delta 0, S10.4 branch of w19372 -> t8: err '', Is Broken? False, wire delta 0, S11.4 branch of w19465 -> t8: err '', Is Broken? False, wire delta 0, S12.4 branch of w19468 -> t8: err '', Is Broken? False, wire delta 0, S13.4 branch of w19429 -> t8: err '', Is Broken? False, wire delta 0, S20.4 branch of w34066 -> t8: err '', Is Broken? False, wire delta 0, E1 ExecState 1 after 7/17 sites, CD computation_diff(S1,new): rows 0, removed 0, added 25 (classes ['CallLibrary', 'DigitalNumericConstant', 'Invoke']) == 2 x 7 sites
JSON: G:\Codes\LabVIEW_Codes\MinLab\zz_LabView VI\AAA_UNIST\2. Tracking\V6_ParallelLoop\tools\bench\t0_sites_s1_step3.json   elapsed 295.3 s
RESULT {"schema":"result-line/1","status":"FAIL","gates":{"pass":33,"fail":10},"first_fail":"S00.3 CLFN on Diagram[43]=#639 N[73], t6 wire 0, tunnels [[468, 132, 146], [468, 132, 146]]","artefacts":[]}
BGRUN END rc=1 after 296s
