BGRUN START 2026-10-01 22:17:59 limit 3.0 min: py -u tools/bench/diag_c127_2_probe.py
BGRUN PID 22124
FSOT uids 58 rows 116
FSOT 57284 [(57287, 'Terminal', False, 536, 57288, 'input cluster'), (57286, 'Terminal', True, 3628, 57280, 'input cluster')]
  owner None
FSOT 59090 [(59093, 'Terminal', False, 536, 59094, 'refnum out'), (59092, 'Terminal', True, 3628, 59086, 'refnum out')]
  owner None
FSOT 28377 [(28383, 'Terminal', False, 536, 28386, 'error out'), (28379, 'Terminal', True, 3628, 29225, 'error out')]
  owner None
keys ['vi', 'md5', 'source', 'terminals', 'objs', 'loops', 'fs_tunnel_pairs', 'owners']
fs_tunnel_pairs n 576 [{'uid': 6115, 'class': 'FlatSequenceInnerTunnel', 'face_a': 'LeftTerm', 'term_a': 86540, 'wire_a': 40035, 'face_b': 'RightTerm', 'term_b': 6117, 'wire_b': 6124, 'uid_back': 6115, 'err': '', 'err_a': '', 'err_b': '', 'errs': ''}, {'uid': 6226, 'class': 'FlatSequenceInnerTunnel', 'face_a': 'LeftTerm', 'term_a': 81574, 'wire_a': 86569, 'face_b': 'RightTerm', 'term_b': 6230, 'wire_b': 6240, 'uid_back': 6226, 'err': '', 'err_a': '', 'err_b': '', 'errs': ''}]
SelTun [(3851, 3850, 'OuterTerminal', False, 3667), (3858, 3857, 'OuterTerminal', False, 3667), (3864, 3863, 'OuterTerminal', True, 3667)]
LoopTun [(27496, 27495, 'OuterTerminal', True, 81548), (27502, 27501, 'OuterTerminal', False, 81548)]
owner of 27219 ['CaseStructure', 22694]
owner of 639 ['WhileLoop', 637]
owner of 23169 ['ForLoop', 23093]
owner of 536 None
owner of 12938 None
owner of 681 None
RESULT {"schema":"result-line/1","status":"PASS","gates":{"pass":1,"fail":0},"first_fail":null,"artefacts":[]}
BGRUN END rc=0 after 1s
