BGRUN START 2026-09-16 20:10:04 limit 10.0 min: py -u tools/bench/diag_flatseq_diagrams_attach.py
   fresh(): killing LabVIEW pid None
   COM preflight attempt 1/15: pid None->17996, wires 16->16
   COM preflight OK (pid 17996, two round-trips agree: 16 wires)
   fresh(): new LabVIEW pid 17996
scratch ScratchFS_11844.vi from EMPTY_v0.vi, ExecState 1
  VI Server:FlatSequence + 3578BC00  (peer: FlatSequence.Diagrams[] - the frame DIAGRAM refs)
      ATTACHED - data terminal 'Diagrams[]'
      terminals [('reference', False), ('reference out', True), ('error in (no error)', False), ('error out', True), ('Diagrams[]', True)]
  PASS  P1 VI Server:FlatSequence + 3578BC00 ATTACHES   ATTACHED - data terminal 'Diagrams[]'
  VI Server:FlatSequence + 3578BC07  (peer: FlatSequence.Frames[])
      ATTACHED - data terminal 'Frames[]'
      terminals [('reference', False), ('reference out', True), ('error in (no error)', False), ('error out', True), ('Frames[]', True)]
  PASS  P2 VI Server:FlatSequence + 3578BC07 ATTACHES   ATTACHED - data terminal 'Frames[]'
  VI Server:FlatSequence + 6363801  (CONTROL: MultiFrameStructure.Frames[] on the WRONG class)
      CREATOR REFUSED - build_property(VI Server:FlatSequence, ['6363801']): creator refused - error 1077: Invoke Node in LV-Scripting.lvlib:Cre
      terminals None
  PASS  P3 VI Server:FlatSequence + 6363801 is REFUSED   CREATOR REFUSED - build_property(VI Server:FlatSequence, ['6363801']): creator refused - error 1077: Invoke Node in LV-Scripting.lvlib:Cre
  VI Server:MultiFrameStructure + 6363801  (CONTROL: the known-good pair, 5 recorded runs)
      ATTACHED - data terminal 'Frames[]'
      terminals [('reference', False), ('reference out', True), ('error in (no error)', False), ('error out', True), ('Frames[]', True)]
  PASS  P4 VI Server:MultiFrameStructure + 6363801 ATTACHES   ATTACHED - data terminal 'Frames[]'
   wrote G:\Codes\LabVIEW_Codes\MinLab\zz_LabView VI\AAA_UNIST\2. Tracking\V6_ParallelLoop\tools\bench\flatseq_diagrams_attach.json
  PASS  Z the scratch VI is deleted in the same run
   RESULT: FlatSequence.3578BC00=ATTACHED | FlatSequence.3578BC07=ATTACHED | FlatSequence.6363801=CREATOR REFUSED | MultiFrameStructure.6363801=ATTACHED
=== diag_flatseq_diagrams_attach: 5 pass, 0 fail ===
BGRUN END rc=0 after 33s
