BGRUN START 2026-09-18 09:22:51 limit 25.0 min: py -u tools/bench/diag_fstunnel_wire_semantics.py MATERIAL=1
READ-ONLY DIAGNOSTIC - no op built, no VI saved. Contract P0..P5 in the docstring.
   LabVIEW pid before anything: 2468

-- md5 before --
   c39f36e0675339673b707c59f0784fee  Min_Track N beads 4.5_KimLabMTroom_3StateClamping.vi
   2a78e17c449cacdaf5da389818526859  Min_Track N beads V6_ParallelLoop.vi
   5dc45a04ea5d809f5ca57e9309ed59c5  OpWireSource_v5.vi
   fresh(): killing LabVIEW pid 2468
   COM preflight attempt 1/15: pid None->15280, wires 16->16
   COM preflight OK (pid 15280, two round-trips agree: 16 wires)
   fresh(): new LabVIEW pid 15280
  HANDLES after a fresh LabVIEW: 30356  (fresh baseline ~31,500)

   reproducing build_one('OUT') on a SCRATCH copy of the donor:
      C:\Program Files\National Instruments\LabVIEW 2026\user.lib\claudeDev\SCRATCH_fswire_sem_16760.vi
   copy of the donor: ExecState 1, 19 nodes on diagram 0
   Terms[] PN 145 (wire 578) | Index Array 151 (element wire 639) | front TMSC 1044 (target-class wire 533) | back-half sinks [157, 1319, 1326]
  PASS P1a the donor copy is legal and the front section was found  | ExecState 1; terms 145 ia 151 tmsc 1044 consumers [157, 1319, 1326]
   deleted Node #145
   deleted Node #151
   deleted Wire #578
   deleted Wire #639
   deleted Wire #533
   after the deletes: back-half sinks {157: 0, 1319: 0, 1326: 0}; TMSC target class wire 0
  PASS P1b every sink is BARE and the cast's target class is unwired  | {157: 0, 1319: 0, 1326: 0}; target class 0
   PN_A uid 145 (Nodes[17], OuterTerminal); new control(s): ['reference 4']
  PASS P1c create_control on the PN's `reference` made exactly one new CONTROL  | ['reference 4']
   deleted the seed->PN_A wire #1651
   seed 'reference 4' -> TMSC `target class` wire 1457
  PASS P1d the seed really landed on `target class` (non-zero wire)  | 1457

   === BEFORE the call ===
      TMSC #1044 `specific class reference` .wire = 384   (row: {"i": 0, "name": "specific class reference", "is_source": true, "wire": 384, "name_err": 0, "src_err": 0, "conn_err": 0, "wire_err": 0, "node_uid": 1044})
      PN_A #145 `reference`          .wire = 0   (row: {"i": 0, "name": "reference", "is_source": false, "wire": 0, "name_err": 0, "src_err": 0, "conn_err": 0, "wire_err": 1055, "node_uid": 145})
      diagram Wire count                      = 40

   P5 a RESIDUAL wire #384 is already on the cast's output - reading its Terminals[]:
        w384 Terms[0] source=True owner 'Function' uid 1044 recip w384 
   P5 residual wire #384 terminals: [{"wire": 384, "index": 0, "uid_back": 384, "wire_class": "Wire", "is_source": true, "owner_class": "Function", "owner_uid": 1044, "recip_wire": 384, "cast_class": "Function", "err": "", "errs": ""}]

   P3 performing the ONE connection through gscript.wire(..., branch=True) (gscript.py:1325 - branch=True SKIPS the count check and asserts nothing else)
      wire(branch=True) returned 40 (the post-call Wire count)
  PASS P3 the raw connection call did not raise  | no exception

   === AFTER the call ===
      TMSC #1044 `specific class reference` .wire = 384   (row: {"i": 0, "name": "specific class reference", "is_source": true, "wire": 384, "name_err": 0, "src_err": 0, "conn_err": 0, "wire_err": 0, "node_uid": 1044})
      PN_A #145 `reference`          .wire = 384   (row: {"i": 0, "name": "reference", "is_source": false, "wire": 384, "name_err": 0, "src_err": 0, "conn_err": 0, "wire_err": 0, "node_uid": 145})
      diagram Wire count                      = 40
      ExecState after the call: 0 (0 is expected here - the back half is still bare)

   VERDICT: CONNECTED: both terminals report the SAME non-zero wire #384 -> the connection succeeded and gscript.wire's count test is the false negative
  PASS P4 the three readings were taken after the call  | w_out 384 / w_dst 384 / count 40
  PASS P0b the scratch VI was created and DELETED in the same run  | C:\Program Files\National Instruments\LabVIEW 2026\user.lib\claudeDev\SCRATCH_fswire_sem_16760.vi -> True
  HANDLES at the end: 31027  (fresh baseline ~31,500)

-- md5 after --
   c39f36e0675339673b707c59f0784fee  Min_Track N beads 4.5_KimLabMTroom_3StateClamping.vi
   2a78e17c449cacdaf5da389818526859  Min_Track N beads V6_ParallelLoop.vi
   5dc45a04ea5d809f5ca57e9309ed59c5  OpWireSource_v5.vi
  PASS P0a every original + the donor is byte-identical before and after  | {"Min_Track N beads 4.5_KimLabMTroom_3StateClamping.vi": "c39f36e0675339673b707c59f0784fee", "Min_Track N beads V6_ParallelLoop.vi": "2a78e17c449cacdaf5da389818526859", "OpWireSource_v5.vi": "5dc45a04ea5d809f5ca57e9309ed59c5"}

   -> G:\Codes\LabVIEW_Codes\MinLab\zz_LabView VI\AAA_UNIST\2. Tracking\V6_ParallelLoop\tools\bench\diag_fstunnel_wire_semantics.json

GATES 8/8 pass
BGRUN END rc=0 after 77s
