BGRUN START 2026-09-27 15:59:56 limit 3.0 min: py -u tools/bench/diag_c110_rows.py tools/bench/graph_l2a2_20260927.json
BGRUN PID 19224
ROW KEYS ['frame_diagram', 'is_source', 'owner_class', 'owner_uid', 'term_class', 'term_name', 'term_uid', 'wire_uid']
OBJ KEYS ['class', 'owner', 'pos', 'uid']
OBJ #1359 class ForLoop owner ['Diagram', 639] label None rows 0
OBJ #2222 class CaseStructure owner ['Diagram', 639] label None rows 0
OBJ #2626 class BuildArray owner None label None rows 5
OBJ #6104 class IndexArray owner None label None rows 4
OBJ #8885 class Function owner None label None rows 3
OBJ #9833 class IndexArray owner None label None rows 4
OBJ #11261 class BuildArray owner None label None rows 3
OBJ #29874 class ForLoop owner ['Diagram', 639] label None rows 0
OBJ #403 class ControlTerminal owner None label None rows 1
OBJ #9306 class ControlTerminal owner None label None rows 1
OBJ #28170 class ControlTerminal owner None label None rows 1
OBJ #29091 class ControlTerminal owner None label None rows 1
OBJ #47 class None owner None label None rows 0
OBJ #9289 class None owner None label None rows 0
OBJ #28148 class None owner None label None rows 0
OBJ #28996 class None owner None label None rows 0
OBJ #8323 class ControlTerminal owner None label None rows 1
OBJ #28786 class ControlTerminal owner None label None rows 1
OBJ #8038 class None owner None label None rows 0
OBJ #30117 class Property owner None label None rows 5
OBJ #4580 class Property owner None label None rows 5
OBJ #10068 class Function owner None label None rows 4
OBJ #5119 class Function owner None label None rows 3
OBJ #11608 class Bundler owner None label None rows 4
OBJ #29240 class Function owner None label None rows 4
OBJ #5058 class SubVI owner None label None rows 16
OBJ #376 class SubVI owner None label None rows 12
OBJ #9018 class RightShiftRegister owner None label None rows 2
OBJ #9025 class LeftShiftRegister owner None label None rows 2
OBJ #29505 class RightShiftRegister owner None label None rows 2
OBJ #29512 class LeftShiftRegister owner None label None rows 2
OBJ #8953 class GrowableFunction owner None label None rows 5
OBJ #28124 class GrowableFunction owner None label None rows 5
OBJ #27605 class SubVI owner None label None rows 2
OBJ #5426 class Function owner None label None rows 3
OBJ #5556 class Function owner None label None rows 3
OBJ #2276 class Tunnel owner None label None rows 3
OBJ #9087 class LoopTunnel owner None label None rows 2
OBJ #9227 class LoopTunnel owner None label None rows 2
OBJ #11363 class LoopTunnel owner None label None rows 2
OBJ #29911 class LoopTunnel owner None label None rows 2
OBJ #8476 class ControlTerminal owner None label None rows 1
  B #2626 t2813 'appended array' src=True fd=639 w0 -> []
  B #2626 t2832 'element' src=False fd=639 w16483 -> [(22703, 'FormatScanString', 'input 1', 639, False), (5119, 'Function', 'x-y', 639, True)]
  B #2626 t4160 'element' src=False fd=639 w30592 -> [(30117, 'Property', 'Value', 639, True), (20497, 'SelectorTunnel', 'Value', 639, False), (9503, 'LoopTunnel', 'Value', 639, False)]
  B #2626 t4165 'element' src=False fd=639 w4878 -> [(4580, 'Property', 'Value', 639, True)]
  B #2626 t4168 'array' src=False fd=639 w505 -> [(2765, 'SelectorTunnel', 'x,y,z array out', 639, False), (1147, 'RightShiftRegister', '', 639, False)]
  B #6104 t6261 'array' src=False fd=639 w6363 -> [(7091, 'SelectorTunnel', 'X out', 639, True)]
  B #6104 t6282 'subarray' src=True fd=639 w0 -> []
  B #6104 t6297 'disabled index (row)' src=False fd=639 w0 -> []
  B #6104 t6400 'index (col)' src=False fd=639 w6427 -> [(6404, 'DigitalNumericConstant', 'disabled index (col)', 639, True)]
  B #8885 t8891 'x*y' src=True fd=639 w28847 -> [(30135, 'LoopTunnel', '', 639, False), (10004, 'LoopTunnel', '', 639, False)]
  B #8885 t8894 'y' src=False fd=639 w9164 -> [(9050, 'DigitalNumericConstant', 'index (row)', 639, True)]
  B #8885 t8898 'x' src=False fd=639 w9012 -> [(9833, 'IndexArray', 'subarray', 639, True)]
  B #9833 t9839 'array' src=False fd=639 w4906 -> [(2451, 'SelectorTunnel', 'Z out', 639, True)]
  B #9833 t9842 'subarray' src=True fd=639 w9012 -> [(8885, 'Function', 'x', 639, False)]
  B #9833 t9845 'index (row)' src=False fd=639 w9924 -> [(9906, 'DigitalNumericConstant', 'index (row)', 639, True)]
  B #9833 t9902 'disabled index (col)' src=False fd=639 w0 -> []
  B #11261 t11267 'appended array' src=True fd=639 w10908 -> [(639, 'Diagram', 'Force (pN) vs Extension (nm) ', 639, False)]
  B #11261 t11270 'array' src=False fd=639 w11352 -> [(11363, 'LoopTunnel', '', 639, True)]
  B #11261 t11273 'element' src=False fd=639 w12256 -> [(11608, 'Bundler', 'output cluster', 639, True)]
LABEL 'Trans Pos (mm)': owner #251 ControlReferenceConstant t696 src=True fd=25392 w33367 -> [(30846, 'SubVI', 'tran display ref', 25392, False)]
LABEL 'Trans Pos (mm)': owner #3097 Local t3112 src=True fd=759 w3359 -> [(3115, 'Global', 'Trans position', 759, False)]
LABEL 'Trans Pos (mm)': owner #18240 Diagram t30749 src=False fd=18240 w31134 -> [(18089, 'FlatSequenceInnerTunnel', 'Numeric', 18240, True)]
LABEL 'Rot pos (deg)': owner #113 Diagram t6178 src=False fd=113 w7152 -> [(3242, 'Global', 'Rot position', 113, False), (7511, 'FlatSequenceInnerTunnel', 'Current pos rot?', 113, True), (7130, 'FlatSequenceInnerTunnel', 'Current pos rot?', 113, False)]
LABEL 'Rot pos (deg)': owner #885 ControlReferenceConstant t1518 src=True fd=25392 w33813 -> [(30846, 'SubVI', 'rot display ref', 25392, False)]
LABEL 'Rot pos (deg)': owner #3160 Local t3188 src=True fd=759 w3324 -> [(3166, 'Global', 'Rot position', 759, False)]
LABEL 'Z/dZ': owner #639 Diagram t403 src=True fd=639 w730 -> [(2276, 'Tunnel', '', 639, False)]
LABEL 'Correction Factor': owner #6132 SelectorTunnel t6142 src=False fd=639 w6096 -> [(639, 'Diagram', 'Correction Factor', 639, True)]
LABEL 'Correction Factor': owner #5696 SubVI t5894 src=False fd=2265 w6176 -> [(6132, 'SelectorTunnel', 'Correction Factor', 2265, True)]
LABEL 'Correction Factor': owner #6132 SelectorTunnel t6134 src=True fd=2265 w6176 -> [(5696, 'SubVI', 'Correction Factor', 2265, False)]
LABEL 'Correction Factor': owner #6085 SubVI t6180 src=False fd=2235 w6145 -> [(6132, 'SelectorTunnel', 'Correction Factor', 2235, True)]
LABEL 'Correction Factor': owner #6132 SelectorTunnel t6138 src=True fd=2235 w6145 -> [(6085, 'SubVI', 'Correction Factor', 2235, False)]
LABEL 'Correction Factor': owner #639 Diagram t9306 src=True fd=639 w6096 -> [(6132, 'SelectorTunnel', 'Correction Factor', 639, False)]
RESULT {"schema":"result-line/1","status":"PASS","gates":{"pass":1,"fail":0},"first_fail":null,"artefacts":[]}
BGRUN END rc=0 after 1s
