BGRUN START 2026-09-26 09:18:57 limit 3.0 min: py -u tools/bench/diag_c92c_abba.py --dry
BGRUN PID 26404
PRELAUNCH readers: {'R1 tra rule on INDEX-51 leg == (True@8, False@7)': True, 'R2 lost reader on INDEX-51 leg == 144': True, "R3 capture reader on INDEX-51 leg == ['723452']": True, 'R4 stats reader == 13804.85 / 8423.0': True}
=== LEG leg1 A@8 start 0.0 min; camera {"camera": "DRY", "hz": 90.0}
ROW {"leg": "leg1 A@8", "arm": "A", "slot": 1, "attempt": 1, "rc": 0, "secs": 0, "dir": "tools\\bench\\t0_legs\\c92c_abba8_20260926_091857_dry\\leg1_A_p8_a1", "lost_frames": 0, "frames_delta": null, "measured_hz": null, "picks_registered_tra": 8, "capture_class_before_pick1": null, "releases": null, "stamp_counts": null, "pm": {"H2 x": true}, "v5_failing": null, "stop_latency_s": null, "motor_tmx_after": 39.0, "tiffs": 0, "source_md5": null, "registered_ok": true}
  PRE-PICK CAPTURE []
=== LEG leg2 B@8 start 0.0 min; camera {"camera": "DRY", "hz": 90.0}
ROW {"leg": "leg2 B@8", "arm": "B", "slot": 2, "attempt": 1, "rc": 0, "secs": 0, "dir": "tools\\bench\\t0_legs\\c92c_abba8_20260926_091857_dry\\leg2_B_p8_a1", "lost_frames": 0, "frames_delta": null, "measured_hz": null, "picks_registered_tra": 8, "capture_class_before_pick1": null, "releases": null, "stamp_counts": null, "pm": {"H2 x": true}, "v5_failing": null, "stop_latency_s": null, "motor_tmx_after": 39.0, "tiffs": 0, "source_md5": null, "registered_ok": true}
  PRE-PICK CAPTURE []
=== LEG leg3 B@8 start 0.0 min; camera {"camera": "DRY", "hz": 90.0}
ROW {"leg": "leg3 B@8", "arm": "B", "slot": 3, "attempt": 1, "rc": 0, "secs": 0, "dir": "tools\\bench\\t0_legs\\c92c_abba8_20260926_091857_dry\\leg3_B_p8_a1", "lost_frames": 0, "frames_delta": null, "measured_hz": null, "picks_registered_tra": 8, "capture_class_before_pick1": null, "releases": null, "stamp_counts": null, "pm": {"H2 x": true}, "v5_failing": null, "stop_latency_s": null, "motor_tmx_after": 39.0, "tiffs": 0, "source_md5": null, "registered_ok": true}
  PRE-PICK CAPTURE []
=== LEG leg4 A@8 start 0.0 min; camera {"camera": "DRY", "hz": 90.0}
ROW {"leg": "leg4 A@8", "arm": "A", "slot": 4, "attempt": 1, "rc": 0, "secs": 0, "dir": "tools\\bench\\t0_legs\\c92c_abba8_20260926_091857_dry\\leg4_A_p8_a1", "lost_frames": 0, "frames_delta": null, "measured_hz": null, "picks_registered_tra": 8, "capture_class_before_pick1": null, "releases": null, "stamp_counts": null, "pm": {"H2 x": true}, "v5_failing": null, "stop_latency_s": null, "motor_tmx_after": 39.0, "tiffs": 0, "source_md5": null, "registered_ok": true}
  PRE-PICK CAPTURE []
camera restored: {"camera": "DRY", "hz": 90.0}
GATE R1 tra rule on INDEX-51 leg == (True@8, False@7)           PASS
GATE R2 lost reader on INDEX-51 leg == 144                      PASS
GATE R3 capture reader on INDEX-51 leg == ['723452']            PASS
GATE R4 stats reader == 13804.85 / 8423.0                       PASS
GATE T2 leg1 A@8 LabVIEW gone before                            PASS
GATE T4 leg1 A@8 camera 90 Hz before                            PASS
GATE T6 leg1 A@8 LabVIEW gone after                             PASS
GATE T1 leg1 A@8 rc 0                                           PASS
GATE T3 leg1 A@8 0 TIFFs                                        PASS
GATE T5 leg1 A@8 fps within 15%                                 PASS
GATE T10 leg1 A@8 TMX 39                                        PASS
GATE H2 leg1 A@8 no capture before pick 1                       PASS
GATE T12 slot1 A registered == 8 (<= 1 rerun)                   PASS
GATE T2 leg2 B@8 LabVIEW gone before                            PASS
GATE T4 leg2 B@8 camera 90 Hz before                            PASS
GATE T6 leg2 B@8 LabVIEW gone after                             PASS
GATE T1 leg2 B@8 rc 0                                           PASS
GATE T3 leg2 B@8 0 TIFFs                                        PASS
GATE T5 leg2 B@8 fps within 15%                                 PASS
GATE T10 leg2 B@8 TMX 39                                        PASS
GATE H2 leg2 B@8 no capture before pick 1                       PASS
GATE T12 slot2 B registered == 8 (<= 1 rerun)                   PASS
GATE T2 leg3 B@8 LabVIEW gone before                            PASS
GATE T4 leg3 B@8 camera 90 Hz before                            PASS
GATE T6 leg3 B@8 LabVIEW gone after                             PASS
GATE T1 leg3 B@8 rc 0                                           PASS
GATE T3 leg3 B@8 0 TIFFs                                        PASS
GATE T5 leg3 B@8 fps within 15%                                 PASS
GATE T10 leg3 B@8 TMX 39                                        PASS
GATE H2 leg3 B@8 no capture before pick 1                       PASS
GATE T12 slot3 B registered == 8 (<= 1 rerun)                   PASS
GATE T2 leg4 A@8 LabVIEW gone before                            PASS
GATE T4 leg4 A@8 camera 90 Hz before                            PASS
GATE T6 leg4 A@8 LabVIEW gone after                             PASS
GATE T1 leg4 A@8 rc 0                                           PASS
GATE T3 leg4 A@8 0 TIFFs                                        PASS
GATE T5 leg4 A@8 fps within 15%                                 PASS
GATE T10 leg4 A@8 TMX 39                                        PASS
GATE H2 leg4 A@8 no capture before pick 1                       PASS
GATE T12 slot4 A registered == 8 (<= 1 rerun)                   PASS
GATE T7 camera restored 90 Hz                                   PASS
GATE T8 S1/t0/t0at/kswap/bed md5 unchanged                      PASS
GATE T13 table written                                          PASS
SUMMARY {"leg1 A@8": {"lost": 0, "reg": 8, "cap1": null, "rel": null}, "leg2 B@8": {"lost": 0, "reg": 8, "cap1": null, "rel": null}, "leg3 B@8": {"lost": 0, "reg": 8, "cap1": null, "rel": null}, "leg4 A@8": {"lost": 0, "reg": 8, "cap1": null, "rel": null}}
LOST BY ARM {"A": [0, 0], "B": [0, 0]}
RESULT {"schema":"result-line/1","status":"PASS","gates":{"pass":43,"fail":0},"first_fail":null,"artefacts":[{"path":"tools\\bench\\m8_anythread8_92_dry.json","md5":"c83cd53009cebdb052b86376775278ff"}]}
BGRUN END rc=0 after 1s
