BGRUN START 2026-09-26 01:46:40 limit 2.0 min: py -u tools\bench\diag_c89_donor_census.py
'Replace Array Subset' 0 []
'Quotient & Remainder' 0 []
'Write to Binary File' 0 []
'Open/Create/Replace File' 0 []
'Close File' 0 []
'Initialize Array' 0 []
'Equal To 0?' 0 []
'Increment' 0 []
'Build Path' 0 []
'Array Subset' 0 []
'Equal?' 0 []
'Select' 0 []
'Array Size' 0 []
'Tick Count (ms)' 0 []
Traceback (most recent call last):
  File "G:\Codes\LabVIEW_Codes\MinLab\zz_LabView VI\AAA_UNIST\2. Tracking\V6_ParallelLoop\tools\bench\diag_c89_donor_census.py", line 33, in <module>
    print(protocol.result_line(status="PASS" if not missing else "FAIL", gates_pass=len(NEED) - len(missing),
TypeError: result_line() got an unexpected keyword argument 'status'
BGRUN END rc=1 after 0s (NO RESULT LINE)
BGRUN START 2026-09-26 01:47:06 limit 2.0 min: py -u tools\bench\diag_c89_donor_census.py
'Replace Array Subset' 23 ['MAINVI diag 160 uid 23911', 'MAINVI diag 160 uid 23929', 'MAINVI diag 161 uid 24278']
'Quotient & Remainder' 6 ['MAINVI diag 147 uid 20399', 'MAINVI diag 18 uid 10330', 'MAINVI diag 43 uid 10068']
'Write to Binary File' 1 ['MAINVI diag 169 uid 26615']
'Open/Create/Replace File' 0 []
'Close File' 0 []
'Initialize Array' 11 ['MAINVI diag 121 uid 17865', 'MAINVI diag 125 uid 17555', 'MAINVI diag 129 uid 17085']
'Equal To 0?' 5 ['MAINVI diag 150 uid 22073', 'MAINVI diag 43 uid 3057', 'MAINVI diag 53 uid 12045']
'Increment' 14 ['MAINVI diag 141 uid 15689', 'MAINVI diag 161 uid 24131', 'MAINVI diag 162 uid 24580']
'Build Path' 1 ['MAINVI diag 43 uid 23020']
'Array Subset' 3 ['MAINVI diag 167 uid 25775', 'MAINVI diag 19 uid 2048', 'MAINVI diag 46 uid 32664']
'Equal?' 5 ['MAINVI diag 142 uid 29111', 'MAINVI diag 157 uid 22731', 'MAINVI diag 2 uid 3812']
'Select' 0 []
'Array Size' 9 ['MAINVI diag 166 uid 25362', 'MAINVI diag 167 uid 25797', 'MAINVI diag 19 uid 9342']
'Tick Count (ms)' 4 ['MAINVI diag 57 uid 10972', 'MAINVI diag 61 uid 12096', 'MAINVI diag 64 uid 21710']
RESULT {"status":"FAIL","gates":{"pass":11,"fail":3},"first_fail":"no donor for Open/Create/Replace File, Close File, Select","schema":"result-line/1"}
BGRUN END rc=1 after 0s (RESULT: status=FAIL gates 11/3 first_fail=no donor for Open/Create/Replace File, Close File, Select; the process itself said 0)
