BGRUN START 2026-09-17 05:35:06 limit 28.0 min: py -u tools/bench/diag_d1_step0.py
MAIN md5 before: 2a78e17c449cacdaf5da389818526859
  PASS  G0a MAIN md5 before == recorded   2a78e17c449cacdaf5da389818526859
offline: diagram 43 has 75 nodes / 156 wire uids; diagram 19 has 21 nodes / 74 wire uids
  PASS  G1 the census gives #5058 16 terminals carrying the 13 recorded wires   16 terminals, wires [5637, 3040, 373, 5859, 505, 5975, 121, 42, 3512, 3646, 7429, 3912, 4027]
  PASS  G2 all 7 backward-slice nodes are on diagram 43   missing []
  FACT  per-frame seed wires [121, 505, 3040, 3689, 3747, 5859]; 22 nodes forward-reachable from them; 7 nodes reach a #5058 input
  FACT  91 boundary wires on the move set (one census end only): [42, 373, 464, 541, 628, 634, 697, 730, 1581, 1651, 1678, 1681, 1731, 1773, 1920, 1961, 2641, 2731, 3290, 3457, 3497, 3512, 3629, 3646, 3668, 3853, 3865, 3912, 3947, 3968, 4027, 4029, 4185, 4436, 4441, 4880, 4969, 5056, 5174, 5265, 5274, 5314, 5336, 5746, 5786, 5812, 5859, 5959, 5979, 6041, 6096, 6197, 6427, 6929, 7337, 7429, 7506, 8165, 8254, 8322, 8590, 9097, 9164, 9215, 9635, 9649, 9806, 9924, 10103, 10142, 10312, 10763, 10850, 10908, 10947, 11253, 11527, 11538, 15230, 15277, 16421, 17287, 23003, 28039, 28338, 29404, 29591, 31059, 32344, 32583, 32890]
   fresh(): handles before restart 51220
   fresh(): handles after restart 37290
  FACT  tunnel census: 132 LoopTunnels in 9 s
  PASS  G3a the tunnel census returns 132 LoopTunnels   132
  PASS  G3 the 6 loop-invariant kernel inputs resolve to the recorded LoopTunnels   {373: 2580, 42: 2396, 3512: 4432, 3646: 3656, 3912: 3920, 4027: 4031} vs {373: 2580, 42: 2396, 3512: 4432, 3646: 3656, 3912: 3920, 4027: 4031}
  FACT  shift-register census: 14 registers of WhileLoop[1]; uids [1147, 4256, 4334, 15, 24, 1117, 119, 5796, 9018, 862, 7311, 15197, 29505, 580] / lefts [1142, 4274, 4344, 51, 1108, 5351, 2972, 5805, 9025, 2853, 11001, 15204, 29512, 1755]
  PASS  G4a the frame loop has 14 shift registers   14
  PASS  G4 wires 7429 (pos in cal image in) and 5859 (Bead is good? array out) are shift-register terminals   7429 -> {'kind': 'leftShiftRegister', 'uid': 2972, 'class': 'LeftShiftRegister', 'side': 'inside'}; 5859 -> {'kind': 'rightShiftRegister', 'uid': 5796, 'class': 'RightShiftRegister', 'side': 'inside'}
  PASS  G5 panel_wiring returns 114 rows   114
  FACT  after tunnels/SRs/panel: 81/91 boundary wires resolved; 10 left (1 of them on the step-0 subject set)
OBSERVED: wire 10850 Terms[0] source=True owner 'DigitalNumericConstant' uid 10739 reciprocal wire 10850 | cast-output class 'DigitalNumericConstant'  
OBSERVED: wire 10850 Terms[1] source=False owner 'Comparison' uid 10950 reciprocal wire 10850 | cast-output class 'Comparison'  
OBSERVED: wire 10850 Terms[2] source=False owner '' uid 0 reciprocal wire 0 | cast-output class ''  error 1055: Property Node in OpWireSource_v5.vi er
    wire 10850 -> {'kind': 'OpWireSource_v5', 'owner_class': 'DigitalNumericConstant', 'owner_uid': 10739, 'sinks': [('Comparison', 10950)]}
OBSERVED: wire 8165 Terms[0] source=True owner 'FlatSequenceOuterTunnel' uid 16579 reciprocal wire 8165 | cast-output class 'FlatSequenceOuterTunnel'  
OBSERVED: wire 8165 Terms[1] source=False owner 'SubVI' uid 1114 reciprocal wire 8165 | cast-output class 'SubVI'  
OBSERVED: wire 8165 Terms[2] source=False owner '' uid 0 reciprocal wire 0 | cast-output class ''  error 1055: Property Node in OpWireSource_v5.vi er
    wire 8165 -> {'kind': 'OpWireSource_v5', 'owner_class': 'FlatSequenceOuterTunnel', 'owner_uid': 16579, 'sinks': [('SubVI', 1114)]}
OBSERVED: wire 6427 Terms[0] source=True owner 'DigitalNumericConstant' uid 6404 reciprocal wire 6427 | cast-output class 'DigitalNumericConstant'  
OBSERVED: wire 6427 Terms[1] source=False owner 'IndexArray' uid 6104 reciprocal wire 6427 | cast-output class 'IndexArray'  
OBSERVED: wire 6427 Terms[2] source=False owner '' uid 0 reciprocal wire 0 | cast-output class ''  error 1055: Property Node in OpWireSource_v5.vi er
    wire 6427 -> {'kind': 'OpWireSource_v5', 'owner_class': 'DigitalNumericConstant', 'owner_uid': 6404, 'sinks': [('IndexArray', 6104)]}
OBSERVED: wire 9164 Terms[0] source=True owner 'DigitalNumericConstant' uid 9050 reciprocal wire 9164 | cast-output class 'DigitalNumericConstant'  
OBSERVED: wire 9164 Terms[1] source=False owner 'Function' uid 8885 reciprocal wire 9164 | cast-output class 'Function'  
OBSERVED: wire 9164 Terms[2] source=False owner '' uid 0 reciprocal wire 0 | cast-output class ''  error 1055: Property Node in OpWireSource_v5.vi er
    wire 9164 -> {'kind': 'OpWireSource_v5', 'owner_class': 'DigitalNumericConstant', 'owner_uid': 9050, 'sinks': [('Function', 8885)]}
OBSERVED: wire 9924 Terms[0] source=True owner 'DigitalNumericConstant' uid 9906 reciprocal wire 9924 | cast-output class 'DigitalNumericConstant'  
OBSERVED: wire 9924 Terms[1] source=False owner 'IndexArray' uid 9833 reciprocal wire 9924 | cast-output class 'IndexArray'  
OBSERVED: wire 9924 Terms[2] source=False owner '' uid 0 reciprocal wire 0 | cast-output class ''  error 1055: Property Node in OpWireSource_v5.vi er
    wire 9924 -> {'kind': 'OpWireSource_v5', 'owner_class': 'DigitalNumericConstant', 'owner_uid': 9906, 'sinks': [('IndexArray', 9833)]}
OBSERVED: wire 10947 Terms[0] source=True owner 'DigitalNumericConstant' uid 10929 reciprocal wire 10947 | cast-output class 'DigitalNumericConstant'  
OBSERVED: wire 10947 Terms[1] source=False owner 'IndexArray' uid 10757 reciprocal wire 10947 | cast-output class 'IndexArray'  
OBSERVED: wire 10947 Terms[2] source=False owner '' uid 0 reciprocal wire 0 | cast-output class ''  error 1055: Property Node in OpWireSource_v5.vi er
    wire 10947 -> {'kind': 'OpWireSource_v5', 'owner_class': 'DigitalNumericConstant', 'owner_uid': 10929, 'sinks': [('IndexArray', 10757)]}
OBSERVED: wire 23003 Terms[0] source=True owner 'StringConstant' uid 22950 reciprocal wire 23003 | cast-output class 'StringConstant'  
OBSERVED: wire 23003 Terms[1] source=False owner 'FormatScanString' uid 22703 reciprocal wire 23003 | cast-output class 'FormatScanString'  
OBSERVED: wire 23003 Terms[2] source=False owner '' uid 0 reciprocal wire 0 | cast-output class ''  error 1055: Property Node in OpWireSource_v5.vi er
    wire 23003 -> {'kind': 'OpWireSource_v5', 'owner_class': 'StringConstant', 'owner_uid': 22950, 'sinks': [('FormatScanString', 22703)]}
OBSERVED: wire 1920 Terms[0] source=True owner 'SubVI' uid 6384 reciprocal wire 1920 | cast-output class 'SubVI'  
OBSERVED: wire 1920 Terms[1] source=False owner 'FlatSequenceInnerTunnel' uid 4774 reciprocal wire 1920 | cast-output class 'FlatSequenceInnerTunnel'  
OBSERVED: wire 1920 Terms[2] source=False owner '' uid 0 reciprocal wire 0 | cast-output class ''  error 1055: Property Node in OpWireSource_v5.vi er
    wire 1920 -> {'kind': 'OpWireSource_v5', 'owner_class': 'SubVI', 'owner_uid': 6384, 'sinks': [('FlatSequenceInnerTunnel', 4774)]}
OBSERVED: wire 5314 Terms[0] source=True owner 'DigitalNumericConstant' uid 2064 reciprocal wire 5314 | cast-output class 'DigitalNumericConstant'  
OBSERVED: wire 5314 Terms[1] source=False owner 'GrowableFunction' uid 2048 reciprocal wire 5314 | cast-output class 'GrowableFunction'  
OBSERVED: wire 5314 Terms[2] source=False owner '' uid 0 reciprocal wire 0 | cast-output class ''  error 1055: Property Node in OpWireSource_v5.vi er
    wire 5314 -> {'kind': 'OpWireSource_v5', 'owner_class': 'DigitalNumericConstant', 'owner_uid': 2064, 'sinks': [('GrowableFunction', 2048)]}
OBSERVED: wire 3865 Terms[0] source=True owner 'DigitalNumericConstant' uid 1849 reciprocal wire 3865 | cast-output class 'DigitalNumericConstant'  
OBSERVED: wire 3865 Terms[1] source=False owner 'GrowableFunction' uid 781 reciprocal wire 3865 | cast-output class 'GrowableFunction'  
OBSERVED: wire 3865 Terms[2] source=False owner '' uid 0 reciprocal wire 0 | cast-output class ''  error 1055: Property Node in OpWireSource_v5.vi er
    wire 3865 -> {'kind': 'OpWireSource_v5', 'owner_class': 'DigitalNumericConstant', 'owner_uid': 1849, 'sinks': [('GrowableFunction', 781)]}
  PASS  G6 every boundary wire of the step-0 subject set is resolved   unresolved on subject set: []; overall still open: []
  OBSERVED uid 5058 -> owner 'Diagram' uid 639 | self 'SubVI'#5058 | 482 says 'Diagram' cast 'Diagram' |  
    owner(5058) = 'Diagram'#639 (self 'SubVI'#5058)
  OBSERVED uid 10407 -> owner 'Diagram' uid 639 | self 'CaseStructure'#10407 | 482 says 'Diagram' cast 'Diagram' |  
    owner(10407) = 'Diagram'#639 (self 'CaseStructure'#10407)
  OBSERVED uid 48 -> owner 'Diagram' uid 639 | self 'SubVI'#48 | 482 says 'Diagram' cast 'Diagram' |  
    owner(48) = 'Diagram'#639 (self 'SubVI'#48)
  OBSERVED uid 5540 -> owner 'Diagram' uid 639 | self 'CaseStructure'#5540 | 482 says 'Diagram' cast 'Diagram' |  
    owner(5540) = 'Diagram'#639 (self 'CaseStructure'#5540)
  OBSERVED uid 12589 -> owner 'Diagram' uid 639 | self 'CaseStructure'#12589 | 482 says 'Diagram' cast 'Diagram' |  
    owner(12589) = 'Diagram'#639 (self 'CaseStructure'#12589)
  OBSERVED uid 11639 -> owner 'Diagram' uid 639 | self 'CompoundArithmetic'#11639 | 482 says 'Diagram' cast 'Diagram' |  
    owner(11639) = 'Diagram'#639 (self 'CompoundArithmetic'#11639)
  OBSERVED uid 6810 -> owner 'Diagram' uid 639 | self 'SubVI'#6810 | 482 says 'Diagram' cast 'Diagram' |  
    owner(6810) = 'Diagram'#639 (self 'SubVI'#6810)
  PASS  G0b MAIN md5 after == before   2a78e17c449cacdaf5da389818526859
handles: 51220 -> restart -> 37290 -> end 57947

=== (a) BACKWARD SLICE - the 7 nodes of frame-loop-wire-graph.md:43 ===

  #5540 'Case Structure'  ->  stays-with-tunnel
      because: no per-frame input; its value is loop-invariant and crosses on a tunnel
      IN  t0  ''                                           w5709   <- [(10247, 0, 'x .or. y?', True)]
      IN  t1  ''                                           w5979   <- {'kind': 'LoopTunnel', 'uid': 5569, 'index_mode': 0, 'side': 'inner', 'out_wire': 5812, 'in_wires': [5979], 'out_name': ''}
      IN  t3  'Bead is good? array out'                    w6041   <- {'kind': 'leftShiftRegister', 'uid': 5805, 'class': 'LeftShiftRegister', 'side': 'inside'}
      IN  t4  ''                                           w5746   <- {'kind': 'LoopTunnel', 'uid': 5752, 'index_mode': 0, 'side': 'inner', 'out_wire': 2731, 'in_wires': [5746], 'out_name': ''}
      IN  t5  'x,y,z array out'                            w1681   <- {'kind': 'leftShiftRegister', 'uid': 1142, 'class': 'LeftShiftRegister', 'side': 'inside'}
      OUT t2  'Bead is good? array out'                    w5637   -> [(5058, 0, 'Bead is good? array in', False)]
      OUT t6  'x,y,z array out'                            w5975   -> [(5058, 7, 'x,y,z array', False)]

  #6810 'get buff image-lost frames.vi'  ->  stays-with-acquisition
      because: it IS the frame source (row 1.8 REUSE); its Image Out crosses to 1.2 through Q_work
      IN  t0  'Session In'                                 w634    <- {'kind': 'LoopTunnel', 'uid': 665, 'index_mode': 0, 'side': 'inner', 'out_wire': 6910, 'in_wires': [634], 'out_name': 'Value'}
      IN  t5  'Image In'                                   w1651   <- {'kind': 'LoopTunnel', 'uid': 1666, 'index_mode': 0, 'side': 'inner', 'out_wire': 1678, 'in_wires': [1651], 'out_name': 'Value'}
      IN  t7  'Buffer to extract'                          w5416   <- {'kind': '?'}
      IN  t11 'error in'                                   w1961   <- {'kind': 'LoopTunnel', 'uid': 924, 'index_mode': 0, 'side': 'inner', 'out_wire': 925, 'in_wires': [1961], 'out_name': 'error out'}
      OUT t4  'Session Out'                                w4441   -> {'kind': 'LoopTunnel', 'uid': 4442, 'index_mode': 0, 'side': 'inner', 'out_wire': 4436, 'in_wires': [4441], 'out_name': 'Session Out'}
      OUT t6  'Image Out'                                  w3040   -> [(5058, 1, 'Image In', False), (22700, 11, 'Image', False)]
      OUT t8  'Missed frames?'                             w3689   -> [(57, 0, '', False)]
      OUT t10 'current image number'                       w3747   -> [(3191, 2, 'current image number', False), (57, 3, 'current image number', False), (5119, 2, 'x', False)]
      OUT t15 'error out'                                  w653    -> [(22700, 8, 'error in (no error)', False)]

  #9647 'And'  ->  stays-with-tunnel
      because: no per-frame input; its value is loop-invariant and crosses on a tunnel
      IN  t1  'y'                                          w9806   <- {'kind': 'PanelTerminal', 'label': 'Auto-Reset', 'indicator': False, 'uid': 17472, 'is_source': True}
      IN  t2  'x'                                          w9868   <- [(10950, 0, 'x < y?', True)]
      OUT t0  'x .and. y?'                                 w9921   -> [(10445, 0, '', False), (10382, 1, 'x', False)]

  #10247 'Or'  ->  stays-with-tunnel
      because: no per-frame input; its value is loop-invariant and crosses on a tunnel
      IN  t1  'y'                                          w10312  <- {'kind': 'PanelTerminal', 'label': 'Reset Tracking', 'indicator': False, 'uid': 5605, 'is_source': True}
      IN  t2  'x'                                          w10573  <- [(10445, 1, '', True)]
      OUT t0  'x .or. y?'                                  w5709   -> [(5540, 0, '', False)]

  #10445 'Case Structure'  ->  stays-with-tunnel
      because: no per-frame input; its value is loop-invariant and crosses on a tunnel
      IN  t0  ''                                           w9921   <- [(9647, 0, 'x .and. y?', True)]
      IN  t2  'Value'                                      w10763  <- {'kind': 'leftShiftRegister', 'uid': 11001, 'class': 'LeftShiftRegister', 'side': 'inside'}
      OUT t1  ''                                           w10573  -> [(10247, 2, 'x', False)]
      OUT t3  'Value'                                      w11389  -> [(11529, 2, 'x', False)]

  #10950 'Less?'  ->  stays-with-tunnel
      because: no per-frame input; its value is loop-invariant and crosses on a tunnel
      IN  t1  'y'                                          w10850  <- {'kind': 'OpWireSource_v5', 'owner_class': 'DigitalNumericConstant', 'owner_uid': 10739, 'sinks': [('Comparison', 10950)]}
      IN  t2  'x'                                          w17393  <- [(17289, 4, 'Value', True)]
      OUT t0  'x < y?'                                     w9868   -> [(9647, 2, 'x', False)]

  #17289 'min value'  ->  stays-with-tunnel
      because: no per-frame input; its value is loop-invariant and crosses on a tunnel
      OUT t4  'Value'                                      w17393  -> [(10950, 2, 'x', False)]
  PASS  G8 each of the 7 backward-slice nodes has exactly one classification   {5540: 'stays-with-tunnel', 6810: 'stays-with-acquisition', 9647: 'stays-with-tunnel', 10247: 'stays-with-tunnel', 10445: 'stays-with-tunnel', 10950: 'stays-with-tunnel', 17289: 'stays-with-tunnel'}

=== (b) #10407's per-frame inputs derived from the kernel's outputs ===
  #10407 t2 'Index of closest\ncal image slice, bead 2' <- w10990 <- #10757 'Index Array' 'element'
  the focus loop's OTHER inputs (not kernel-derived - tunnel / panel / VISA / its own partner):
    #10407 t0 ''                                           w10799 <- [(10686, 0, 'x .and. y?', True)]
    #10407 t1 '# slices in stack'                          w9635 <- {'kind': 'LoopTunnel', 'uid': 9641, 'index_mode': 0, 'side': 'inner', 'out_wire': 9649, 'in_wires': [9635], 'out_name': '# slices in stack'}
    #10407 t3 'Outgoing Handle'                            w11232 <- [(48, 6, 'Outgoing Handle', True)]
    #10407 t5 'Out position'                               w7388 <- [(48, 5, 'Out position', True)]
    #48 t0 '-Inc reference'                             w4833 <- [(3529, 0, '- Inc (PgDn)', True)]
    #48 t1 '+Inc reference'                             w2819 <- [(3560, 0, '+ Inc (PgUp)', True)]
    #48 t2 'Focus inc reference'                        w1893 <- [(3447, 0, 'Focus Step (F1)', True)]
    #48 t3 'VISA resource name'                         w1731 <- {'kind': 'leftShiftRegister', 'uid': 4344, 'class': 'LeftShiftRegister', 'side': 'inside'}
    #48 t4 'In position'                                w3947 <- {'kind': 'leftShiftRegister', 'uid': 4274, 'class': 'LeftShiftRegister', 'side': 'inside'}
  FACT  NOTIFIER PAYLOAD WIDTH (measured) = 1 value(s): [(10407, 2, 'Index of closest\ncal image slice, bead 2')]
  PASS  G7 #10407 / #48 consume at least one kernel-derived per-frame value   1
  FACT  REVERSE CROSSING: #10407 t6 'position [internal units]' w9113 -> #12589 'Case Structure' 'position [internal units]' (a value the 1.5 loop produces that a node outside it consumes)
  FACT  BEFORE census written: G:\Codes\LabVIEW_Codes\MinLab\zz_LabView VI\AAA_UNIST\2. Tracking\V6_ParallelLoop\tools\bench\d1_step0_census.json (47 nodes on d43, 5 on d19)

--- FACTS ---
  per-frame seed wires [121, 505, 3040, 3689, 3747, 5859]; 22 nodes forward-reachable from them; 7 nodes reach a #5058 input
  91 boundary wires on the move set (one census end only): [42, 373, 464, 541, 628, 634, 697, 730, 1581, 1651, 1678, 1681, 1731, 1773, 1920, 1961, 2641, 2731, 3290, 3457, 3497, 3512, 3629, 3646, 3668, 3853, 3865, 3912, 3947, 3968, 4027, 4029, 4185, 4436, 4441, 4880, 4969, 5056, 5174, 5265, 5274, 5314, 5336, 5746, 5786, 5812, 5859, 5959, 5979, 6041, 6096, 6197, 6427, 6929, 7337, 7429, 7506, 8165, 8254, 8322, 8590, 9097, 9164, 9215, 9635, 9649, 9806, 9924, 10103, 10142, 10312, 10763, 10850, 10908, 10947, 11253, 11527, 11538, 15230, 15277, 16421, 17287, 23003, 28039, 28338, 29404, 29591, 31059, 32344, 32583, 32890]
  tunnel census: 132 LoopTunnels in 9 s
  shift-register census: 14 registers of WhileLoop[1]; uids [1147, 4256, 4334, 15, 24, 1117, 119, 5796, 9018, 862, 7311, 15197, 29505, 580] / lefts [1142, 4274, 4344, 51, 1108, 5351, 2972, 5805, 9025, 2853, 11001, 15204, 29512, 1755]
  after tunnels/SRs/panel: 81/91 boundary wires resolved; 10 left (1 of them on the step-0 subject set)
  NOTIFIER PAYLOAD WIDTH (measured) = 1 value(s): [(10407, 2, 'Index of closest\ncal image slice, bead 2')]
  REVERSE CROSSING: #10407 t6 'position [internal units]' w9113 -> #12589 'Case Structure' 'position [internal units]' (a value the 1.5 loop produces that a node outside it consumes)
  BEFORE census written: G:\Codes\LabVIEW_Codes\MinLab\zz_LabView VI\AAA_UNIST\2. Tracking\V6_ParallelLoop\tools\bench\d1_step0_census.json (47 nodes on d43, 5 on d19)

SUMMARY 12/12 gates pass; failing: []
BGRUN END rc=0 after 35s
