BGRUN START 2026-10-01 22:17:31 limit 1.0 min: py -u tools/bench/diag_c127_1_tlb.py
BGRUN PID 22388
FAIL C:\Program Files\National Instruments\LabVIEW 2026\LabVIEW.exe (-2147312566, '유형 라이브러리/DLL 로드 오류입니다.', None, None)
RESULT {"schema": "result-line/1", "status": "PASS", "gates": {"pass": 1, "fail": 0}, "first_fail": null, "artefacts": [], "note": "err-like members None"}
BGRUN END rc=1 after 1s (RESULT: status=FAIL gates 0/1 first_fail=malformed RESULT line ($: unknown field(s) ['note']): {"schema": "result-line/1", "status": "PASS", "gates": {"pass": 1, "fail": 0}, "first_fail": null, "artefa; the process itself said 0)
BGRUN START 2026-10-01 22:17:58 limit 1.0 min: py -u tools/bench/diag_c127_1_tlb.py
BGRUN PID 20372
CLSID {9A872070-0A06-11D1-90B7-00A024CE2744}
Traceback (most recent call last):
  File "G:\Codes\LabVIEW_Codes\MinLab\zz_LabView VI\AAA_UNIST\2. Tracking\V6_ParallelLoop\tools\bench\diag_c127_1_tlb.py", line 13, in <module>
    tlid = rd(r"CLSID\%s\TypeLib" % clsid); print("TYPELIB", tlid)
  File "G:\Codes\LabVIEW_Codes\MinLab\zz_LabView VI\AAA_UNIST\2. Tracking\V6_ParallelLoop\tools\bench\diag_c127_1_tlb.py", line 10, in rd
    with winreg.OpenKey(winreg.HKEY_CLASSES_ROOT, path) as k:
FileNotFoundError: [WinError 2] 지정된 파일을 찾을 수 없습니다
BGRUN END rc=1 after 1s (NO RESULT LINE)
BGRUN START 2026-10-01 22:18:47 limit 1.0 min: py -u tools/bench/diag_c127_1_tlb.py
BGRUN PID 1624
TYPELIB {18FAFEF7-F4A1-47B8-8A08-D013829BDFD0} 1.0 LabVIEW Data Type Interface 1.0 Type Library
TYPELIB {7965A4F0-CC53-43c0-8B1D-03C576554FAA} 1.0 LabVIEW 15.0 DLL Builder ActiveX Automation Server
TYPELIB {9A872073-0A06-11D1-90B7-00A024CE2744} 5.5 LabVIEW 26.3.1f1 Type Library
TYPELIB {BB805E46-F179-438B-99B5-43A57C94DB55} 1.0 LabVIEW WinCIWrapper 1.0 Type Library
FILES [('1.0', 'win32', 'C:\\Program Files (x86)\\National Instruments\\Shared\\LVDB 2015\\CVI.dll'), ('5.5', 'win32', 'C:\\Program Files\\National Instruments\\LabVIEW 2026\\resource\\labview.tlb'), ('1.0', 'win32', 'C:\\Program Files (x86)\\National Instruments\\Shared\\WinCIWrap\\WinCIWrap.dll')]
5.5 win32 VirtualInstrument 165 ['Abort', 'AddRef', 'AllowDebugging', 'BDModificationBitSet', 'BDSize', 'Call', 'Call2', 'Callees', 'Callers', 'CenterFrontPanel', 'CloneName', 'CloseFPAfterCall', 'CloseFrontPanel', 'CodeSize', 'DataSize', 'Description', 'DidCompilerOrUserApproveInlining', 'DisconnectFromLibrary', 'DisconnectPolysAndSelectiveTypedefs', 'EditMode', 'ExecInlineIfPossible', 'ExecInlining', 'ExecInliningEnum', 'ExecIsInlineable', 'ExecPriority', 'ExecState', 'ExpandWhenDroppedAsSubVI', 'ExportVIStrings', 'ExportVIStringsUTF8', 'ExportVIStringsXLIFF', 'FPAllowRTPopup', 'FPAutoCenter', 'FPBehavior', 'FPGetRuntimePos', 'FPHiliteReturnButton', 'FPKeepWinProps', 'FPMinimizeable', 'FPModificationBitSet', 'FPMonitor', 'FPResizable', 'FPResizeable', 'FPRunTimePosRunCentered', 'FPRunTimePosRunCustom', 'FPRunTimePosRunMax', 'FPRunTimePosRunMin', 'FPRunTimePosRunUnchanged', 'FPRunTransparently', 'FPShowMenuBar', 'FPShowScrollBars', 'FPSize', 'FPSizeToScreen', 'FPState', 'FPTitleBarVisible', 'FPTransparency', 'FPWinBounds', 'FPWinClosable', 'FPWinCustomTitle', 'FPWinIsFrontMost', 'FPWinOpen', 'FPWinOrigin', 'FPWinPanelBounds', 'FPWinTitle', 'GetAllHierarchyRefers', 'GetControlValue', 'GetIDsOfNames', 'GetLockState', 'GetPanelImage', 'GetTypeInfo', 'GetTypeInfoCount', 'GetVIDependencies', 'HelpDocumentPath', 'HelpDocumentTag', 'HelpDocumentUrl', 'HelpUseOnline', 'HistAddCommentsAtSave', 'HistPromptAtClose', 'HistPromptForCommentsAtSave', 'HistRecordAppComments', 'HistUseDefaults', 'HistoryText', 'ImportVIStrings', 'ImportVIStringsXLIFF', 'Invoke', 'IsCloneVI', 'IsProbe', 'IsReentrant', 'Library', 'LogAtFinish', 'LogFilePath', 'MakeCurValueDefault', 'Name', 'NumClones', 'OldOpenFrontPanel', 'OpenFrontPanel', 'OwningApp', 'Path', 'PreferredExecSystem', 'PrintHeaderDatePrint', 'PrintHeaderModifyDate', 'PrintHeaderPageNumber', 'PrintHeaderVIIcon', 'PrintHeaderVIName', 'PrintLogFileAtFinish', 'PrintMargins', 'PrintPanel', 'PrintVIToHTML', 'PrintVIToPrinter', 'PrintVIToRTF', 'PrintVIToText', 'PrintingBDScaling', 'PrintingFPScaling', 'PrintingHeaderVIPath', 'PrintingHeaders', 'PrintingOrientation', 'QueryInterface', 'ReentrancyType', 'ReinitializeAllToDefault', 'Release', 'Revert', 'RevisionNumber', 'Run', 'RunOnOpen', 'RunTimeMenuPath', 'SaveForPrevious', 'SaveInstrument', 'SaveRunTimeMenu', 'SetControlValue', 'SetLockState', 'SetVIIcon', 'ShowFPOnCall', 'ShowFPOnLoad', 'SuspendOnCall', 'TBShowAbortButton', 'TBShowFreeRunButton', 'TBShowRunButton', 'TBVisible', 'VIModificationBitSet', 'VIType', '_BDWinNativeWindow', '_BDWinOSWindow', '_CPTM_CRC', '_CPTM_CRC_IgnoreDynamicDispatch', '_CPTM_CRC_IgnoreDynamicDispatch_v2', '_CPTM_CRC_New', '_CPTM_CRC_v3', '_Call3', '_CalleesPaths', '_CallersPaths', '_ExportInterface2', '_FPWinNativeWindow', '_FPWinOSWindow', '_GetControlValue2', '_GetCtrlArrayElemDefaultValVariant', '_GetCtrlArrayElemDefaultValVariant2', '_GetCtrlDefaultValVariant', '_GetCtrlDefaultValVariant2', '_GetMissingDepInfo', '_GetTag', '_GetTagNames', '_RemoveAllTags', '_RemoveTag', '_RemoveTags', '_SetTag', '_SetTags', '_SetTagsPersistence']
ERR-LIKE MEMBERS [('5.5', 'VirtualInstrument', 'PreferredExecSystem')]
RESULT {"status":"PASS","gates":{"pass":1,"fail":0},"first_fail":null,"artefacts":[],"schema":"result-line/1"}
BGRUN END rc=0 after 1s
