BGRUN START 2026-09-26 19:53:40 limit 15.0 min: py -u tools/bench/diag_c99b_lvread.py
BGRUN PID 25476

---------- [0] FILES ONLY - the input's md5, the pins, the claudeDev listing
  FACT  claudeDev holds 274 .vi file(s) BEFORE the run
  PASS  K1 input md5 == 3e3d23cefd3a334001aa9d6156bf1aee  got 3e3d23cefd3a334001aa9d6156bf1aee
  FACT  PIN BEFORE ORIGINAL         2a78e17c449cacdaf5da389818526859  (want 2a78e17c449cacdaf5da389818526859) OK
  FACT  PIN BEFORE S1 D1_s1_copy    3e3d23cefd3a334001aa9d6156bf1aee  (want 3e3d23cefd3a334001aa9d6156bf1aee) OK
  FACT  PIN BEFORE S2 D1_s2_loops   6ff19497f2309e007a214660bb64b911  (want 6ff19497f2309e007a214660bb64b911) OK
  FACT  PIN BEFORE ROW2 bed         26c54ff784cb5cea21edbd214d2cc3a0  (want 26c54ff784cb5cea21edbd214d2cc3a0) OK
  FACT  PIN BEFORE M3a-2            3842f5e6f128226235dc78353f26ef44  (want 3842f5e6f128226235dc78353f26ef44) OK
  PASS  K2 the ORIGINAL's md5 is 2a78e17c449cacdaf5da389818526859  got 2a78e17c449cacdaf5da389818526859 at G:\Codes\LabVIEW_Codes\MinLab\zz_LabView VI\AAA_UNIST\2. Tracking\Min_Track N beads V6_ParallelLoop.vi

---------- [1] RESTART LabVIEW (standing authority; fresh ~31,500 handles)
  FACT  LabVIEW handle count BEFORE the restart: 0
  FACT  LabVIEW handle count AFTER the restart: 34001
  FACT  PRELOAD: the ORIGINAL is resident READ-ONLY (LabVIEW 26.3.1f1), its own ExecState 1; nothing opened, nothing saved

---------- [2] THE DATED WORK COPY under claudeDev - the input is never opened for writing
  PASS  K3 the work copy is byte-identical to the input  scratch_c99b_read_20260926_195340.vi
  FACT  ExecState [after open] scratch_c99b_read_20260926_195340.vi = 1
  FACT  HANDLES before reads: 63227
  FACT  CONST #8972 -> {'cls': 'DigitalNumericConstant', 'uid_back': 8972, 'text': '0', 'repr': 1, 'wire': 8997, 'err': ''}
  FACT  CONST #8984 -> {'cls': 'DigitalNumericConstant', 'uid_back': 8984, 'text': '2', 'repr': 3, 'wire': 9788, 'err': ''}
  FACT  CONST #8775 -> {'cls': 'DigitalNumericConstant', 'uid_back': 8775, 'text': '0', 'repr': 3, 'wire': 8804, 'err': ''}
  FACT  CONST #8795 -> {'cls': 'DigitalNumericConstant', 'uid_back': 8795, 'text': '1', 'repr': 3, 'wire': 8808, 'err': ''}
  FACT  CONST #25261 -> {'cls': 'Constant', 'uid_back': 25261, 'text': '', 'repr': 0, 'wire': 0, 'err': ''}
  PASS  R1 #8972 (ring element) read with a Representation  {'cls': 'DigitalNumericConstant', 'uid_back': 8972, 'text': '0', 'repr': 1, 'wire': 8997, 'err': ''}
  PASS  R2 #8984 (ring dim 1) reads a positive integer  2
  PASS  R3 #8775/#8795 (row indices) read  [{'cls': 'DigitalNumericConstant', 'uid_back': 8775, 'text': '0', 'repr': 3, 'wire': 8804, 'err': ''}, {'cls': 'DigitalNumericConstant', 'uid_back': 8795, 'text': '1', 'repr': 3, 'wire': 8808, 'err': ''}]
  FACT  TurnOff saved (load-time) value False type bool err ''
  PASS  R4 'TurnOff' reads as a bool  False
  FACT  HANDLES after reads: 63347

---------- [H] HYGIENE
  FACT  close_panel(scratch_c99b_read_20260926_195340.vi) raised com_error: (-2147352567, '??? ??????.', (6649, 'LabVIEW', 'LabVIEW: (Hex 0x47D) Cannot close or set the state of a closed front panel. The front panel must already be open before you close it or set its state.', None, 0, 0), None)
  FACT  PRELOAD references released; refs {'opened': 5, 'closed': 5, 'live': 0, 'cached_op_vis': 2}
  FACT  gscript ref_counts: {'opened': 5, 'closed': 5, 'live': 0, 'cached_op_vis': 2}
  PASS  H5 VI-Server reference counter level (opened == closed)  {'opened': 5, 'closed': 5, 'live': 0, 'cached_op_vis': 2}
  FACT  LabVIEW handle count AFTER the work: 54532
  PASS  H4 scratch deleted: scratch_c99b_read_20260926_195340.vi  C:\Program Files\National Instruments\LabVIEW 2026\user.lib\claudeDev\scratch_c99b_read_20260926_195340.vi
  PASS  H2 the INPUT's md5 is UNCHANGED after the run  before 3e3d23cefd3a334001aa9d6156bf1aee / after 3e3d23cefd3a334001aa9d6156bf1aee
  FACT  PIN AFTER  ORIGINAL         2a78e17c449cacdaf5da389818526859  (want 2a78e17c449cacdaf5da389818526859) OK
  FACT  PIN AFTER  S1 D1_s1_copy    3e3d23cefd3a334001aa9d6156bf1aee  (want 3e3d23cefd3a334001aa9d6156bf1aee) OK
  FACT  PIN AFTER  S2 D1_s2_loops   6ff19497f2309e007a214660bb64b911  (want 6ff19497f2309e007a214660bb64b911) OK
  FACT  PIN AFTER  ROW2 bed         26c54ff784cb5cea21edbd214d2cc3a0  (want 26c54ff784cb5cea21edbd214d2cc3a0) OK
  FACT  PIN AFTER  M3a-2            3842f5e6f128226235dc78353f26ef44  (want 3842f5e6f128226235dc78353f26ef44) OK
  PASS  H3 every md5 pin still holds
  FACT  THE FILES THIS RUN LEFT ON DISK: []  (removed: [])
  PASS  H6 the files left on disk == [] and nothing was removed  added [] removed []
  FACT  LabVIEW handle count at exit: 34000

====================================================================================================
=== GATES: 12 pass / 0 fail
JSON: G:\Codes\LabVIEW_Codes\MinLab\zz_LabView VI\AAA_UNIST\2. Tracking\V6_ParallelLoop\tools\bench\diag_c99b_lvread.json   elapsed 112.6 s
RESULT {"schema":"result-line/1","status":"PASS","gates":{"pass":12,"fail":0},"first_fail":null,"artefacts":[]}
  PASS  Z LabVIEW gone after the run

====================================================================================================
=== GATES: 13 pass / 0 fail
JSON: G:\Codes\LabVIEW_Codes\MinLab\zz_LabView VI\AAA_UNIST\2. Tracking\V6_ParallelLoop\tools\bench\diag_c99b_lvread.json   elapsed 117.0 s
RESULT {"schema":"result-line/1","status":"PASS","gates":{"pass":13,"fail":0},"first_fail":null,"artefacts":[]}
BGRUN END rc=0 after 118s
