BGRUN START 2026-09-28 04:55:12 limit 2.0 min: py -u tools/bench/diag_c115b_r1.py
BGRUN PID 17788
PASS  R1a plan final, end cdiff rows == B3 finalized end (16)  {"n": 16, "b3": 16}
PASS  R1b node census removes exactly the retire set (12 SR uids)  {"removed": [119, 1142, 1147, 2972, 5796, 5805, 7311, 9018, 9025, 11001, 29505, 29512], "added": []}
PASS  R1c no kept terminal changes wire  []
  EFFECT step_01_delete_object.json {"deleted": [9018, 9025], "class": "RightShiftRegister", "terminals_removed": 4, "only_sink": [], "allow_either": [], "tunnel_flips": []}
  EFFECT step_02_delete_object.json {"deleted": [29505, 29512], "class": "RightShiftRegister", "terminals_removed": 4, "only_sink": [], "allow_either": [], "tunnel_flips": []}
  EFFECT step_03_delete_object.json {"deleted": [1142, 1147], "class": "RightShiftRegister", "terminals_removed": 4, "only_sink": [], "allow_either": [], "tunnel_flips": []}
  EFFECT step_04_delete_object.json {"deleted": [5796, 5805], "class": "RightShiftRegister", "terminals_removed": 4, "only_sink": [], "allow_either": [], "tunnel_flips": []}
  EFFECT step_05_delete_object.json {"deleted": [119, 2972], "class": "RightShiftRegister", "terminals_removed": 4, "only_sink": [], "allow_either": [], "tunnel_flips": []}
  EFFECT step_06_delete_object.json {"deleted": [7311, 11001], "class": "RightShiftRegister", "terminals_removed": 4, "only_sink": [], "allow_either": [], "tunnel_flips": []}
PASS  R1d six delete effects: no allow_either, no tunnel flip, each removes a Right+Left pair  6
SIM WIRES new [] lost [121, 505, 1681, 5859, 6041, 7429, 9097, 9215, 10763, 28039, 29591]
RESULT {"schema":"result-line/1","status":"PASS","gates":{"pass":4,"fail":0},"first_fail":null,"artefacts":[]}
BGRUN END rc=0 after 1s
BGRUN START 2026-09-28 05:12:30 limit 2.0 min: py -u tools/bench/diag_c115b_r1.py
BGRUN PID 10264
PASS  R1a plan final, end cdiff rows == B3 finalized end (16)  {"n": 16, "b3": 16}
PASS  R1b node census removes exactly the retire set (12 SR uids)  {"removed": [119, 1142, 1147, 2972, 5796, 5805, 7311, 9018, 9025, 11001, 29505, 29512], "added": []}
PASS  R1c no kept terminal changes wire  []
  EFFECT step_03_delete_object.json {"deleted": [9018, 9025], "class": "RightShiftRegister", "terminals_removed": 4, "only_sink": [], "allow_either": [], "tunnel_flips": []}
  EFFECT step_06_delete_object.json {"deleted": [29505, 29512], "class": "RightShiftRegister", "terminals_removed": 4, "only_sink": [], "allow_either": [], "tunnel_flips": []}
  EFFECT step_09_delete_object.json {"deleted": [1142, 1147], "class": "RightShiftRegister", "terminals_removed": 4, "only_sink": [], "allow_either": [], "tunnel_flips": []}
  EFFECT step_12_delete_object.json {"deleted": [5796, 5805], "class": "RightShiftRegister", "terminals_removed": 4, "only_sink": [], "allow_either": [], "tunnel_flips": []}
  EFFECT step_15_delete_object.json {"deleted": [119, 2972], "class": "RightShiftRegister", "terminals_removed": 4, "only_sink": [], "allow_either": [], "tunnel_flips": []}
  EFFECT step_17_delete_object.json {"deleted": [7311, 11001], "class": "RightShiftRegister", "terminals_removed": 4, "only_sink": [], "allow_either": [], "tunnel_flips": []}
PASS  R1d six delete effects: no allow_either, no tunnel flip, each removes a Right+Left pair  6
SIM WIRES new [] lost [121, 505, 1681, 5859, 6041, 7429, 9097, 9215, 10763, 28039, 29591]
RESULT {"schema":"result-line/1","status":"PASS","gates":{"pass":4,"fail":0},"first_fail":null,"artefacts":[]}
BGRUN END rc=0 after 1s
