BGRUN START 2026-09-27 06:45:51 limit 8.0 min: py -u tools\bench\diag_c105d_visa.py
BGRUN PID 24828
[c105d] procs_before [{"name": "nimxs.exe", "pid": 3768, "start": "09/23/2026 13:19:39", "cmd": ""}, {"name": "python.exe", "pid": 16200, "start": "09/27/2026 03:28:12", "cmd": "C:\\Users\\KimLab\\AppData\\Local\\Programs\\Python\\Python310\\python.exe tools/bgrun.py --max-min 720 --log tools/bench/cycle_runner_main_20260927a.log -- py tools/cycle_runner.py --cycles 8 --budget-min 480"}, {"name": "python.exe", "pid": 23872, "start": "09/27/2026 03:28:12", "cmd": "C:\\Users\\KimLab\\AppData\\Local\\Programs\\Python\\Python310\\python.exe tools/cycle_runner.py --cycles 8 --budget-min 480"}, {"name": "python.exe", "pid": 16572, "start": "09/27/2026 05:24:17", "cmd": "C:\\Users\\KimLab\\AppData\\Local\\Programs\\Python\\Python310\\python.exe \"G:\\Codes\\LabVIEW_Codes\\MinLab\\zz_LabView VI\\AAA_UNIST\\2. Tracking\\V6_ParallelLoop\\tools\\bgrun.py\" --max-min 180.0 --log \"G:\\Codes\\LabVIEW_Codes\\MinLab\\z"}, {"name": "python.exe", "pid": 24828, "start": "09/27/2026 06:45:51", "cmd": "C:\\Users\\KimLab\\AppData\\Local\\Programs\\Python\\Python310\\python.exe tools\\bgrun.py --material --max-min 8 --log tools\\bench\\diag_c105d_visa.log -- py -u tools\\bench\\diag_c105d_visa.py"}, {"name": "python.exe", "pid": 12040, "start": "09/27/2026 06:45:52", "cmd": "C:\\Users\\KimLab\\AppData\\Local\\Programs\\Python\\Python310\\python.exe -u tools\\bench\\diag_c105d_visa.py"}]
[c105d] env {"py_bits": 64, "pyvisa_installed": false, "visa_dll": "visa64.dll", "visa_dll_err": null}
[c105d] viOpenDefaultRM 0
[c105d] V1 {"name": "Rotor", "status": -1073807246, "hex": "0xBFFF0072", "text": "¸®¼Ò½º´Â À¯È¿ÇÏÁö¸¸ VISA°¡ ÇöÀç Á¢±ÙÇÒ ¼ö ¾ø½À´Ï´Ù.", "ms": 6.1, "close": null, "i": 0}
[c105d] V1 {"name": "Rotor", "status": -1073807246, "hex": "0xBFFF0072", "text": "¸®¼Ò½º´Â À¯È¿ÇÏÁö¸¸ VISA°¡ ÇöÀç Á¢±ÙÇÒ ¼ö ¾ø½À´Ï´Ù.", "ms": 0.7, "close": null, "i": 1}
[c105d] V1 {"name": "Rotor", "status": -1073807246, "hex": "0xBFFF0072", "text": "¸®¼Ò½º´Â À¯È¿ÇÏÁö¸¸ VISA°¡ ÇöÀç Á¢±ÙÇÒ ¼ö ¾ø½À´Ï´Ù.", "ms": 0.6, "close": null, "i": 2}
[c105d] V1 {"name": "ASRL5::INSTR", "status": -1073807246, "hex": "0xBFFF0072", "text": "¸®¼Ò½º´Â À¯È¿ÇÏÁö¸¸ VISA°¡ ÇöÀç Á¢±ÙÇÒ ¼ö ¾ø½À´Ï´Ù.", "ms": 0.6, "close": null, "i": 0}
[c105d] V1 {"name": "ASRL5::INSTR", "status": -1073807246, "hex": "0xBFFF0072", "text": "¸®¼Ò½º´Â À¯È¿ÇÏÁö¸¸ VISA°¡ ÇöÀç Á¢±ÙÇÒ ¼ö ¾ø½À´Ï´Ù.", "ms": 0.6, "close": null, "i": 1}
[c105d] V1 {"name": "ASRL5::INSTR", "status": -1073807246, "hex": "0xBFFF0072", "text": "¸®¼Ò½º´Â À¯È¿ÇÏÁö¸¸ VISA°¡ ÇöÀç Á¢±ÙÇÒ ¼ö ¾ø½À´Ï´Ù.", "ms": 0.7, "close": null, "i": 2}
[c105d] V2 {"A": {"name": "ASRL5::INSTR", "status": -1073807246, "hex": "0xBFFF0072", "text": "¸®¼Ò½º´Â À¯È¿ÇÏÁö¸¸ VISA°¡ ÇöÀç Á¢±ÙÇÒ ¼ö ¾ø½À´Ï´Ù.", "ms": 0.6}, "B": {"name": "ASRL5::INSTR", "status": -1073807246, "hex": "0xBFFF0072", "text": "¸®¼Ò½º´Â À¯È¿ÇÏÁö¸¸ VISA°¡ ÇöÀç Á¢±ÙÇÒ ¼ö ¾ø½À´Ï´Ù.", "ms": 0.4}, "closeB": null, "closeA": null}
[c105d] V3_fwd {"delay_ms": 0, "cf_err": 0, "cf_closed": 1, "visa": {"name": "ASRL5::INSTR", "status": -1073807246, "hex": "0xBFFF0072", "text": "¸®¼Ò½º´Â À¯È¿ÇÏÁö¸¸ VISA°¡ ÇöÀç Á¢±ÙÇÒ ¼ö ¾ø½À´Ï´Ù.", "ms": 0.6, "close": null}}
[c105d] V3_fwd {"delay_ms": 100, "cf_err": 0, "cf_closed": 1, "visa": {"name": "ASRL5::INSTR", "status": -1073807246, "hex": "0xBFFF0072", "text": "¸®¼Ò½º´Â À¯È¿ÇÏÁö¸¸ VISA°¡ ÇöÀç Á¢±ÙÇÒ ¼ö ¾ø½À´Ï´Ù.", "ms": 0.9, "close": null}}
[c105d] V3_fwd {"delay_ms": 1000, "cf_err": 0, "cf_closed": 1, "visa": {"name": "ASRL5::INSTR", "status": -1073807246, "hex": "0xBFFF0072", "text": "¸®¼Ò½º´Â À¯È¿ÇÏÁö¸¸ VISA°¡ ÇöÀç Á¢±ÙÇÒ ¼ö ¾ø½À´Ï´Ù.", "ms": 0.6, "close": null}}
[c105d] V3_rev {"visa": {"name": "ASRL5::INSTR", "status": -1073807246, "hex": "0xBFFF0072", "text": "¸®¼Ò½º´Â À¯È¿ÇÏÁö¸¸ VISA°¡ ÇöÀç Á¢±ÙÇÒ ¼ö ¾ø½À´Ï´Ù.", "ms": 0.6}, "cf_err_while_visa_held": 0, "cf_got_handle": true, "cf_closed": 1, "visa_close": null}
[c105d] V3_cal {"child_hold": "HOLD True 0", "visa_while_child_holds": {"name": "ASRL5::INSTR", "status": -1073807246, "hex": "0xBFFF0072", "text": "¸®¼Ò½º´Â À¯È¿ÇÏÁö¸¸ VISA°¡ ÇöÀç Á¢±ÙÇÒ ¼ö ¾ø½À´Ï´Ù.", "ms": 0.6, "close": null}, "child_end": "CLOSE 1", "child_rc": 0}
[c105d] V4 {"name": "COM6", "status": 0, "hex": "0x00000000", "text": "ÀÛ¾÷ÀÌ ¼º°øÀûÀ¸·Î ¿Ï·áµÇ¾ú½À´Ï´Ù.", "ms": 24.0, "close": 0, "i": 0}
[c105d] V4 {"name": "COM6", "status": 0, "hex": "0x00000000", "text": "ÀÛ¾÷ÀÌ ¼º°øÀûÀ¸·Î ¿Ï·áµÇ¾ú½À´Ï´Ù.", "ms": 4.5, "close": 0, "i": 1}
[c105d] V4 {"name": "COM6", "status": 0, "hex": "0x00000000", "text": "ÀÛ¾÷ÀÌ ¼º°øÀûÀ¸·Î ¿Ï·áµÇ¾ú½À´Ï´Ù.", "ms": 16.7, "close": 0, "i": 2}
[c105d] V4 {"name": "ASRL6::INSTR", "status": 0, "hex": "0x00000000", "text": "ÀÛ¾÷ÀÌ ¼º°øÀûÀ¸·Î ¿Ï·áµÇ¾ú½À´Ï´Ù.", "ms": 12.8, "close": 0, "i": 0}
[c105d] V4 {"name": "ASRL6::INSTR", "status": 0, "hex": "0x00000000", "text": "ÀÛ¾÷ÀÌ ¼º°øÀûÀ¸·Î ¿Ï·áµÇ¾ú½À´Ï´Ù.", "ms": 9.9, "close": 0, "i": 1}
[c105d] V4 {"name": "ASRL6::INSTR", "status": 0, "hex": "0x00000000", "text": "ÀÛ¾÷ÀÌ ¼º°øÀûÀ¸·Î ¿Ï·áµÇ¾ú½À´Ï´Ù.", "ms": 6.0, "close": 0, "i": 2}
[c105d] procs_after [{"name": "nimxs.exe", "pid": 3768, "start": "09/23/2026 13:19:39", "cmd": ""}, {"name": "python.exe", "pid": 16200, "start": "09/27/2026 03:28:12", "cmd": "C:\\Users\\KimLab\\AppData\\Local\\Programs\\Python\\Python310\\python.exe tools/bgrun.py --max-min 720 --log tools/bench/cycle_runner_main_20260927a.log -- py tools/cycle_runner.py --cycles 8 --budget-min 480"}, {"name": "python.exe", "pid": 23872, "start": "09/27/2026 03:28:12", "cmd": "C:\\Users\\KimLab\\AppData\\Local\\Programs\\Python\\Python310\\python.exe tools/cycle_runner.py --cycles 8 --budget-min 480"}, {"name": "python.exe", "pid": 16572, "start": "09/27/2026 05:24:17", "cmd": "C:\\Users\\KimLab\\AppData\\Local\\Programs\\Python\\Python310\\python.exe \"G:\\Codes\\LabVIEW_Codes\\MinLab\\zz_LabView VI\\AAA_UNIST\\2. Tracking\\V6_ParallelLoop\\tools\\bgrun.py\" --max-min 180.0 --log \"G:\\Codes\\LabVIEW_Codes\\MinLab\\z"}, {"name": "python.exe", "pid": 24828, "start": "09/27/2026 06:45:51", "cmd": "C:\\Users\\KimLab\\AppData\\Local\\Programs\\Python\\Python310\\python.exe tools\\bgrun.py --material --max-min 8 --log tools\\bench\\diag_c105d_visa.log -- py -u tools\\bench\\diag_c105d_visa.py"}, {"name": "python.exe", "pid": 12040, "start": "09/27/2026 06:45:52", "cmd": "C:\\Users\\KimLab\\AppData\\Local\\Programs\\Python\\Python310\\python.exe -u tools\\bench\\diag_c105d_visa.py"}]
GATE P0a LabVIEW absent before                PASS
GATE V1 every trial has a status              PASS
GATE V2 status of B recorded                  PASS
GATE V3 fwd x3 + rev + calibration recorded   PASS
GATE V4 every trial has a status              PASS
GATE P0b LabVIEW absent after                 PASS
RESULT {"schema":"result-line/1","status":"PASS","gates":{"pass":6,"fail":0},"first_fail":null,"artefacts":[{"path":"tools\\bench\\facts_c105d_visa.json","md5":"18354ce37d92706b7f89be6ebbc60126"}]}
BGRUN END rc=0 after 12s
