BGRUN START 2026-10-02 12:59:52 limit 3.0 min: py -u tools/bench/diag_c135_4_summarydiff.py
BGRUN PID 22648
DIFF  1 timing        steps/1/secs : 0.16 -> 0.17
DIFF  2 timing        steps/2/secs : 0.16 -> 0.17
DIFF  3 timing        steps/3/secs : 0.16 -> 0.17
DIFF  4 timing        steps/5/secs : 0.16 -> 0.17
DIFF  5 timing        steps/7/secs : 0.17 -> 0.18
DIFF  6 timing        steps/10/secs : 0.17 -> 0.16
DIFF  7 timing        steps/11/secs : 0.18 -> 0.16
DIFF  8 timing        steps/12/secs : 0.17 -> 0.16
DIFF  9 timing        steps/13/secs : 0.17 -> 0.16
DIFF 10 timing        steps/14/secs : 0.17 -> 0.16
DIFF 11 timing        steps/15/secs : 0.21 -> 0.22
DIFF 12 timing        steps/16/secs : 0.17 -> 0.16
DIFF 13 timing        steps/17/secs : 0.21 -> 0.2
DIFF 14 timing        steps/18/secs : 0.17 -> 0.16
GATE PASS summary real diffs == 14
GATE PASS every diff is timing or base-file identity
RESULT {"schema":"result-line/1","status":"PASS","gates":{"pass":2,"fail":0},"first_fail":null,"artefacts":[]}
BGRUN END rc=0 after 1s
