BGRUN START 2026-10-01 16:24:54 limit 30.0 min: py -u tools/bench/diag_c124_opconnecttermuid.py
BGRUN PID 20392
  GATE PASS  D donor OpSetIndexMode_v0 copy ES 1  
net_map: node 0 uid 43 (0 s)
net_map: node 1 uid 124 (1 s)
net_map: node 2 uid 308 (3 s)
net_map: node 3 uid 683 (3 s)
net_map: node 4 uid 316 (5 s)
net_map: node 5 uid 220 (6 s)
net_map: node 6 uid 334 (6 s)
net_map: purged 20/65 junk Invokes (1 s)
net_map: purged 40/65 junk Invokes (3 s)
net_map: purged 60/65 junk Invokes (4 s)
net_map: 6 nodes walked in 6.9 s; 65 junk Invoke(s) purged in 4.8 s
  GATE PASS  OpConnectTermUid_v0 X donor IndexMode PN #220 deleted, ES 1  
net_map: node 0 uid 43 (0 s)
net_map: node 1 uid 124 (2 s)
net_map: node 2 uid 308 (4 s)
net_map: node 3 uid 683 (5 s)
net_map: node 4 uid 316 (5 s)
net_map: node 5 uid 118 (5 s)
net_map: purged 20/57 junk Invokes (0 s)
net_map: purged 40/57 junk Invokes (1 s)
net_map: 5 nodes walked in 5.5 s; 57 junk Invoke(s) purged in 1.2 s
  GATE PASS  OpConnectTermUid_v0 S VI Server:Terminal seed 'reference' -> TMSC #683 -> PN #118: ES 1  
  GATE PASS  U `UID to GObject Reference.vi` dropped  [119]
  FACT  U2G terminals: [(0, 'error out', True), (1, '', False), (2, 'GObject', True), (3, 'dup Owning VI', True), (4, '', False), (5, '', False), (6, '', False), (7, '', False), (8, 'error in (no error)', False), (9, '', False), (10, 'UID', False), (11, 'Owning VI', False)]
  OBSERVED uid 428 -> owner 'TopLevelDiagram' uid 3 | self 'Function'#428 | 482 says 'TopLevelDiagram' cast 'TopLevelDiagram' |  
Traceback (most recent call last):
  File "G:\Codes\LabVIEW_Codes\MinLab\zz_LabView VI\AAA_UNIST\2. Tracking\V6_ParallelLoop\tools\bench\diag_c124_opconnecttermuid.py", line 138, in <module>
    lab = build()
  File "G:\Codes\LabVIEW_Codes\MinLab\zz_LabView VI\AAA_UNIST\2. Tracking\V6_ParallelLoop\tools\bench\diag_c124_opconnecttermuid.py", line 50, in build
    tm2 = g.create_primitive_nested(b.op, top, "TMSC", (1100, 800), donor={"donor": b.op, "uid": tm})
  File "G:\Codes\LabVIEW_Codes\MinLab\zz_LabView VI\AAA_UNIST\2. Tracking\V6_ParallelLoop\tools\gscript.py", line 4729, in create_primitive_nested
    raise RuntimeError("create_primitive_nested(%r on #%s): %s" % (prim_name, diagram_uid, " | ".join(probs)))
RuntimeError: create_primitive_nested('TMSC' on #3): new node #428 is owned by ('TopLevelDiagram', 3), not Diagram #3
  GATE FAIL  the run completed without an unhandled exception  RuntimeError("create_primitive_nested('TMSC' on #3): new node #428 is owned by ('TopLevelDiagram', 3), not Diagram #3")
  GATE PASS  X LabVIEW gone  
  GATE PASS  X scratch deleted  C:\Program Files\National Instruments\LabVIEW 2026\user.lib\claudeDev\scratch_c124_hyg_20261001_162455.vi
=== GATES: 6 pass / 1 fail; failing: ['the run completed without an unhandled exception']
RESULT {"schema":"result-line/1","status":"FAIL","gates":{"pass":6,"fail":1},"first_fail":"the run completed without an unhandled exception","artefacts":[]}
BGRUN END rc=1 after 80s
