BGRUN START 2026-09-27 23:16:26 limit 1.0 min: py -u tools/bench/diag_c112c_scan.py
BGRUN PID 21656
D1_s1_copy.json terms 5748 LSR 72 selCT 8 keys ['bytes', 'call_sites_in_main', 'connector_pane', 'connector_pane_source', 'connector_pane_unassigned_slots', 'connector_pane_unmatched_on_diagram', 'file', 'fs_tunnel_pairs', 'graph_summary', 'io_paths', 'md5', 'read']
D1_s3b_m3a3b_rowD_20260922_161040.json terms 5811 LSR 76 selCT 8 keys ['bytes', 'call_sites_in_main', 'connector_pane', 'connector_pane_source', 'connector_pane_unassigned_slots', 'connector_pane_unmatched_on_diagram', 'file', 'fs_tunnel_pairs', 'graph_summary', 'io_paths', 'md5', 'read']
Track N beads 24-fold over-kernel-v3.json terms 10325 LSR 4 selCT 2 keys ['bytes', 'call_sites_in_main', 'connector_pane', 'connector_pane_source', 'connector_pane_unassigned_slots', 'connector_pane_unmatched_on_diagram', 'file', 'graph_summary', 'io_paths', 'md5', 'read', 'severed_wires']
Track N beads exactly four-fold over-kernel.json terms 266 LSR 6 selCT 1 keys ['bytes', 'call_sites_in_main', 'connector_pane', 'connector_pane_source', 'connector_pane_unassigned_slots', 'connector_pane_unmatched_on_diagram', 'file', 'graph_summary', 'io_paths', 'md5', 'read', 'severed_wires']
Track N beads four-fold over-kernel-v3.json terms 704 LSR 6 selCT 2 keys ['bytes', 'call_sites_in_main', 'connector_pane', 'connector_pane_source', 'connector_pane_unassigned_slots', 'connector_pane_unmatched_on_diagram', 'file', 'graph_summary', 'io_paths', 'md5', 'read', 'severed_wires']
Track N beads one-fold over-kernel-v3.json terms 106 LSR 6 selCT 1 keys ['bytes', 'call_sites_in_main', 'connector_pane', 'connector_pane_source', 'connector_pane_unassigned_slots', 'connector_pane_unmatched_on_diagram', 'file', 'graph_summary', 'io_paths', 'md5', 'read', 'severed_wires']
Track N beads over-kernel-v2.json terms 262 LSR 6 selCT 2 keys ['bytes', 'call_sites_in_main', 'connector_pane', 'connector_pane_source', 'connector_pane_unassigned_slots', 'connector_pane_unmatched_on_diagram', 'file', 'graph_summary', 'io_paths', 'md5', 'read', 'severed_wires']
Track N beads twelve-fold over-kernel-v4.json terms 2841 LSR 8 selCT 2 keys ['bytes', 'call_sites_in_main', 'connector_pane', 'connector_pane_source', 'connector_pane_unassigned_slots', 'connector_pane_unmatched_on_diagram', 'file', 'graph_summary', 'io_paths', 'md5', 'read', 'severed_wires']
autotreat force-ext module v3 k-based.json terms 3294 LSR 20 selCT 1 keys ['bytes', 'call_sites_in_main', 'connector_pane', 'connector_pane_source', 'connector_pane_unassigned_slots', 'connector_pane_unmatched_on_diagram', 'file', 'graph_summary', 'io_paths', 'md5', 'read', 'severed_wires']
RESULT {"schema":"result-line/1","status":"PASS","gates":{"pass":1,"fail":0},"first_fail":null,"artefacts":[]} candidates 9
BGRUN END rc=0 after 1s
BGRUN START 2026-09-27 23:19:11 limit 1.0 min: py -u tools/bench/diag_c112c_scan.py
BGRUN PID 20740
D1_s1_copy.json                                         terms  5748 subvi 1151 LSR 72 While 3 selCT 8
D1_s3b_m3a3b_rowD_20260922_161040.json                  terms  5811 subvi 1151 LSR 76 While 6 selCT 8
Motor control.json                                      terms   371 subvi  80 LSR  0 While 0 selCT 1
Track 1 of N bds xyz-kernel-reentrant.json              terms   190 subvi  61 LSR  0 While 0 selCT 1
Track 2 of N bds xyz-kernel-reentrant-v2.json           terms   744 subvi 244 LSR  0 While 0 selCT 1
Track N beads 24-fold over-kernel-v3.json               terms 10325 subvi 9600 LSR  4 While 0 selCT 2
Track N beads N-fold over-kernel.json                   terms  2047 subvi 1792 LSR  0 While 0 selCT 1
Track N beads exactly four-fold over-kernel.json        terms   266 subvi  56 LSR  6 While 0 selCT 1
Track N beads four-fold over-kernel-v3.json             terms   704 subvi 168 LSR  6 While 0 selCT 2
Track N beads one-fold over-kernel-v3.json              terms   106 subvi  28 LSR  6 While 0 selCT 1
Track N beads over-kernel-v2.json                       terms   262 subvi  56 LSR  6 While 0 selCT 2
Track N beads twelve-fold over-kernel-v4.json           terms  2841 subvi 2496 LSR  8 While 0 selCT 2
Track four-fold 1-2-3-4 over-kernel.json                terms   669 subvi 168 LSR  0 While 0 selCT 1
Track four-fold remainder over-kernel.json              terms   436 subvi 112 LSR  0 While 0 selCT 1
WLC fitting kernel with boot KK.json                    terms   218 subvi  10 LSR  0 While 0 selCT 2
WLC fitting kernel with boot v2 fixed K.json            terms   361 subvi  10 LSR  0 While 0 selCT 1
WLC fitting kernel with boot v2-2param fixed L.json     terms   339 subvi   5 LSR  0 While 0 selCT 1
WLC fitting kernel with boot v2-2param.json             terms   339 subvi  10 LSR  0 While 0 selCT 1
WLC fitting kernel with boot v2.json                    terms   365 subvi  15 LSR  0 While 0 selCT 1
WLC fitting kernel with boot.json                       terms   178 subvi  10 LSR  0 While 0 selCT 1
autotreat force-ext module v3 k-based.json              terms  3294 subvi 188 LSR 20 While 2 selCT 1
check N bead pos v2-shutter control.json                terms   399 subvi 115 LSR  6 While 1 selCT 0
check N bead pos v2.json                                terms   400 subvi  93 LSR  4 While 1 selCT 0
check N bead pos v3-kimlab.json                         terms   393 subvi  94 LSR  4 While 1 selCT 0
choose bandpass v2 (prior).json                         terms   757 subvi  44 LSR 10 While 1 selCT 0
choose bandpass v2.json                                 terms   755 subvi  44 LSR 10 While 1 selCT 0
choose bandpass v3.json                                 terms  1279 subvi 120 LSR 16 While 1 selCT 0
exp-ref management.json                                 terms    66 subvi   0 LSR  4 While 1 selCT 0
fit WLC-plot KK.json                                    terms    85 subvi   0 LSR  0 While 0 selCT 1
generate spectra v2.json                                terms    77 subvi   0 LSR  0 While 0 selCT 1
generate spectra.json                                   terms    82 subvi   0 LSR  0 While 0 selCT 1
proc cal image-make bandpass.json                       terms    62 subvi   0 LSR  0 While 0 selCT 1
tracking-find avg profile center.json                   terms   274 subvi   9 LSR  0 While 0 selCT 1
tracking-fit parabola to avg profile.json               terms    68 subvi  16 LSR  0 While 0 selCT 1
tracking-prep avgx,y profiles.json                      terms    75 subvi   0 LSR  0 While 0 selCT 1
RESULT {"schema":"result-line/1","status":"PASS","gates":{"pass":1,"fail":0},"first_fail":null,"artefacts":[]}
BGRUN END rc=0 after 1s
