BGRUN START 2026-09-27 22:47:04 limit 3.0 min: py -u tools/bench/diag_c112a_u2seed.py
BGRUN PID 9072
  FACT  U2 base (l2a1_graph_k_80): seeded 3 terminal(s) on tunnels [2765]
  PASS  U2b' WITH seeding: after the move, is_source of the 15 read terminals == the real read  {}
  FACT  wire -> t6038: unflipped [(5702, 5705), (5702, 6033), (5680, 6007)]
  FACT  wire -> t5741: unflipped [(5725, 5729), (5725, 5733), (6016, 6026)]
  PASS  U2c' WITH seeding: after the two register wires, is_source of the 15 read terminals == the real read  {}
  FACT  L2-B1 seeded #2765 SelectorTunnel: faces (side, wired) [('O', False), ('I', True), ('I', True)]
  FACT  L2-B1 seeded #2992 SelectorTunnel: faces (side, wired) [('O', False), ('I', True), ('I', True)]
  FACT  L2-B1 seeded #3176 SelectorTunnel: faces (side, wired) [('O', False), ('I', True), ('I', True)]
  FACT  L2-B1 seeded #6132 SelectorTunnel: faces (side, wired) [('O', False), ('I', True), ('I', True)]
  FACT  L2-B1 seeded #9087 LoopTunnel: faces (side, wired) [('O', False), ('I', True)]
  FACT  L2-B1 seeded #9503 LoopTunnel: faces (side, wired) [('O', False), ('I', True)]
  FACT  L2-B1 seeded #10004 LoopTunnel: faces (side, wired) [('O', False), ('I', True)]
  FACT  L2-B1 seeded #10177 LoopTunnel: faces (side, wired) [('O', False), ('I', True)]
  FACT  L2-B1 seeded #28370 LoopTunnel: faces (side, wired) [('O', False), ('I', True)]
  FACT  L2-B1 seeded #29777 LoopTunnel: faces (side, wired) [('O', False), ('I', True)]
  FACT  L2-B1 seeded #29911 LoopTunnel: faces (side, wired) [('O', False), ('I', True)]
  FACT  L2-B1 seeded #30135 LoopTunnel: faces (side, wired) [('O', False), ('I', True)]
  FACT  L2-B1 seeded #30896 LoopTunnel: faces (side, wired) [('O', False), ('I', True)]
  FACT  L2-B1 seeded #31051 LoopTunnel: faces (side, wired) [('O', False), ('I', True)]
  FACT  L2-B1 seeded #31137 LoopTunnel: faces (side, wired) [('O', False), ('I', True)]
  FACT  L2-B1 seeded tunnels with NO wired face at all (the reviewer's 'simply unwired' risk): []
=== GATES: 2 pass / 0 fail
RESULT {"schema":"result-line/1","status":"PASS","gates":{"pass":2,"fail":0},"first_fail":null,"artefacts":[]}
BGRUN END rc=0 after 3s
