BGRUN START 2026-09-28 07:36:32 limit 1.0 min: py -u tools/bench/diag_c116b_keys.py
BGRUN PID 21156
== graph_l2b3_20260928.json keys ['fs_tunnel_pairs', 'handles', 'loops', 'md5', 'objs', 'owners', 'source', 'terminals', 'vi']
  vi = C:\Program Files\National Instruments\LabVIEW 2026\user.lib\claudeDev\D1_l2_b3_20260928_032703.vi
  md5 = 1b5c12d71ca48f22e3f4b80316c67e51
  source = tools/bench/diag_c114c_b3graph.py (read_live + mloops + owner_of, byte copy)
  terminals list 5851 {"term_uid": 6121, "term_name": "error out", "is_source": true, "wire_uid": 86546, "owner_uid": 10673, "owner_class": "FlatSequenceInnerTunnel", "frame_diagram": 536, "term_class": "Terminal"}
  objs list 10185 {"uid": 536, "class": "TopLevelDiagram", "pos": [-17476, 102], "owner": ""}
  loops list 23 {"class": "WhileLoop", "index": 0, "loop_uid": 23041, "left_of": {"24083": [24133], "24150": [24187]}, "right_uids": [24083, 24150]}
  fs_tunnel_pairs list 576 {"uid": 6115, "class": "FlatSequenceInnerTunnel", "face_a": "LeftTerm", "term_a": 86540, "wire_a": 40035, "face_b": "RightTerm", "term_b": 6117, "wire_b": 6124, "uid_back": 6115, "err": "", "err_a": "", "err_b": "", "errs": ""}
  owners dict 264 [["57", ["Diagram", 639]]]
  handles list 3 33990
  obj fields {'uid': 10185, 'class': 10185, 'pos': 10185, 'owner': 10185}
  obj classes [('Terminal', 3836), ('Wire', 1956), ('InnerTerminal', 853), ('FlatSequenceInnerTunnel', 518), ('OuterTerminal', 501), ('ParameterTerminal', 432), ('DigitalNumericConstant', 181), ('Diagram', 172), ('Function', 163), ('LoopTunnel', 151), ('SelectorTunnel', 146), ('PropertyItem', 120), ('Tunnel', 118), ('ControlTerminal', 118), ('Property', 106), ('SubVI', 92), ('OverridableParameterTerminal', 82), ('Text', 69), ('FlatSequenceOuterTunnel', 58), ('IndexArray', 47), ('RightShiftRegister', 43), ('LeftShiftRegister', 43), ('BooleanConstant', 41), ('GrowableFunction', 40), ('CaseStructure', 37), ('StringConstant', 22), ('FlatSequence', 21), ('ControlReferenceConstant', 21), ('BuildArray', 19), ('ForLoop', 17), ('ArrayConstant', 16), ('Comparison', 14), ('EnumConstant', 14), ('RingConstant', 13), ('Local', 12), ('Bundler', 12), ('NamedUnbundler', 12), ('Global', 7), ('Decoration', 7), ('ClusterConstant', 7)]
== graph_l2r1_20260928.json keys ['fs_tunnel_pairs', 'handles', 'md5', 'objs', 'source', 'terminals', 'vi', 'wire_census']
  vi = C:\Program Files\National Instruments\LabVIEW 2026\user.lib\claudeDev\D1_l2_r1_20260928_055441.vi
  md5 = f465196bb5016638b146e771ba54c5af
  source = tools/bench/diag_c115d_graph.py (read_live, byte copy)
  terminals list 5827 {"term_uid": 6121, "term_name": "error out", "is_source": true, "wire_uid": 86546, "owner_uid": 10673, "owner_class": "FlatSequenceInnerTunnel", "frame_diagram": 536, "term_class": "Terminal"}
  objs list 10138 {"uid": 536, "class": "TopLevelDiagram", "pos": [-17476, 102], "owner": ""}
  fs_tunnel_pairs list 576 {"uid": 6115, "class": "FlatSequenceInnerTunnel", "face_a": "LeftTerm", "term_a": 86540, "wire_a": 40035, "face_b": "RightTerm", "term_b": 6117, "wire_b": 6124, "uid_back": 6115, "err": "", "err_a": "", "err_b": "", "errs": ""}
  handles list 3 33991
  wire_census = 1945
  obj fields {'uid': 10138, 'class': 10138, 'pos': 10138, 'owner': 10138}
  obj classes [('Terminal', 3836), ('Wire', 1945), ('InnerTerminal', 841), ('FlatSequenceInnerTunnel', 518), ('OuterTerminal', 489), ('ParameterTerminal', 432), ('DigitalNumericConstant', 181), ('Diagram', 172), ('Function', 163), ('LoopTunnel', 151), ('SelectorTunnel', 146), ('PropertyItem', 120), ('Tunnel', 118), ('ControlTerminal', 118), ('Property', 106), ('SubVI', 92), ('OverridableParameterTerminal', 82), ('Text', 69), ('FlatSequenceOuterTunnel', 58), ('IndexArray', 47), ('BooleanConstant', 41), ('GrowableFunction', 40), ('CaseStructure', 37), ('RightShiftRegister', 37), ('LeftShiftRegister', 37), ('StringConstant', 22), ('FlatSequence', 21), ('ControlReferenceConstant', 21), ('BuildArray', 19), ('ForLoop', 17), ('ArrayConstant', 16), ('Comparison', 14), ('EnumConstant', 14), ('RingConstant', 13), ('Local', 12), ('Bundler', 12), ('NamedUnbundler', 12), ('Global', 7), ('Decoration', 7), ('ClusterConstant', 7)]
RESULT {"schema":"result-line/1","status":"FAIL","gates":{"pass":0,"fail":1},"first_fail":"key sets differ","artefacts":[]}
BGRUN END rc=1 after 1s (RESULT: status=FAIL gates 0/1 first_fail=key sets differ; the process itself said 0)
BGRUN START 2026-09-28 07:40:06 limit 1.0 min: py -u tools/bench/diag_c116b_keys.py
BGRUN PID 17192
PASS  K1 R1 objs - B3 objs == {}  []
PASS  K2 B3 - R1 == 12 SR + 11 stubs + 24 Inner/OuterTerminal  {"n_gone": 47, "rest_classes": {"OuterTerminal": 12, "InnerTerminal": 12}}
PASS  K3 every kept uid has equal class and owner (10138 kept)  []
PASS  K4 terminal rows: R1 - B3 == {}, B3 - R1 == the 24 rows owned by the 12 SR uids  {"r1_only": [], "b3_only_not_sr": [], "sr_rows_kept": []}
RESULT {"schema":"result-line/1","status":"PASS","gates":{"pass":4,"fail":0},"first_fail":null,"artefacts":[]}
BGRUN END rc=0 after 1s
