BGRUN START 2026-10-02 06:01:32 limit 1.0 min: py -u tools/bench/diag_c131_5_stubs.py
BGRUN PID 26544
Traceback (most recent call last):
  File "G:\Codes\LabVIEW_Codes\MinLab\zz_LabView VI\AAA_UNIST\2. Tracking\V6_ParallelLoop\tools\bench\diag_c131_5_stubs.py", line 32, in <module>
    ge, we, se = stubs(END)
  File "G:\Codes\LabVIEW_Codes\MinLab\zz_LabView VI\AAA_UNIST\2. Tracking\V6_ParallelLoop\tools\bench\diag_c131_5_stubs.py", line 21, in stubs
    for t in terms:
TypeError: 'NoneType' object is not iterable
BGRUN END rc=1 after 1s (NO RESULT LINE)
BGRUN START 2026-10-02 06:02:07 limit 1.0 min: py -u tools/bench/diag_c131_5_stubs.py
BGRUN PID 26208
BASE graph_ring_p3a_20261001_190155.json wires 1933 one-sided 8
END  step_31_wire_remove_loose_ends.json wires 1958 one-sided 7
RETIRED w3040 src/snk 1/0 in_end=False end_src/snk=None terms=[(6865, 'Image Out', 6810, 'SubVI', True)]
RESULT {"schema": "result-line/1", "status": "PASS", "gates": {"pass": 1, "fail": 0}, "first_fail": null, "artefacts": [], "retired": [3040], "new": []}
BGRUN END rc=1 after 1s (RESULT: status=FAIL gates 0/1 first_fail=malformed RESULT line ($: unknown field(s) ['new', 'retired']): {"schema": "result-line/1", "status": "PASS", "gates": {"pass": 1, "fail": 0}, "first_fail": nul; the process itself said 0)
BGRUN START 2026-10-02 06:02:24 limit 1.0 min: py -u tools/bench/diag_c131_5_stubs.py
BGRUN PID 26220
BASE graph_ring_p3a_20261001_190155.json wires 1933 one-sided 8
END  step_31_wire_remove_loose_ends.json wires 1958 one-sided 7
RETIRED w3040 src/snk 1/0 in_end=False end_src/snk=None terms=[(6865, 'Image Out', 6810, 'SubVI', True)]
RESULT {"schema": "result-line/1", "status": "PASS", "gates": {"pass": 1, "fail": 0}, "first_fail": null, "artefacts": []}
BGRUN END rc=0 after 1s
