BGRUN START 2026-09-28 10:50:31 limit 25.0 min: py -u tools/bench/diag_c117a_opv1.py
BGRUN PID 13404
  PASS  V0 v0 md5 pinned  15cf497190fcd972407f1be109197b01
  PASS  V1 byte copy ES 1  
  FACT  KB #157 = Node[16]
  FACT  ES at finish entry, before any wire (review c117a-opv1 section 3): 0
  FACT  node #43 [0] [(0, 'error out', 1, 0), (1, 'vi reference', 1, 467), (2, 'password ("")', 0, 0), (3, 'type specifier VI Refnum (for type only)', 0, 0), (4, 'error in (no error)', 0, 0), (5, 'options', 0, 0), (6, 'vi path', 0, 106), (7, 'application reference (local)', 0, 0)]
  FACT  node #118 [5] [(0, 'reference', 0, 376), (1, 'reference out', 1, 650), (2, 'error in (no error)', 0, 0), (3, 'error out', 1, 637), (4, 'UID', 1, 417), (5, 'Joints[]', 1, 576)]
  FACT  node #124 [1] [(0, 'error out', 1, 0), (1, '# of Refs', 1, 0), (2, 'References', 1, 600), (3, 'dup VI Refnum', 1, 0), (4, '', 0, 0), (5, 'Other Refnum', 0, 0), (6, 'Traverse Generated Code (F)', 0, 0), (7, 'Traverse Target', 0, 415), (8, 'error in (no error)', 0, 0), (9, '', 0, 0), (10, 'Class Name', 0, 373), (11, 'VI Refnum', 0, 467)]
  FACT  node #308 [2] [(0, 'array', 0, 600), (1, 'element', 1, 605), (2, 'index', 0, 1066)]
  FACT  node #316 [4] [(0, 'error out', 1, 0), (1, 'vi reference', 1, 0), (2, 'password ("")', 0, 0), (3, 'type specifier VI Refnum (for type only)', 0, 0), (4, 'error in (no error)', 0, 0), (5, 'options', 0, 0), (6, 'vi path', 0, 550), (7, 'application reference (local)', 0, 0)]
  FACT  node #615 [6] [(0, 'error out', 1, 0), (1, 'error in (no error)', 0, 0), (2, 'reference', 0, 650)]
  FACT  node #630 [7] [(0, 'error out', 1, 0), (1, 'error in (no error)', 0, 0), (2, 'reference', 0, 0)]
  FACT  node #683 [3] [(0, 'specific class reference', 1, 376), (1, 'error out', 1, 0), (2, 'target class', 0, 279), (3, 'reference', 0, 605), (4, 'error in', 0, 0)]
  PASS  M graph: one Traverse (References source) #124, PN #118 error in unwired, #615 error in unwired, ONE new node [630]  
  PASS  W2 NEW Close Reference `reference` <- Traverse References (branch): sink wired, ES 1  (0, 1, 600, 600)
  PASS  W1 PN error in <- Traverse error out: sink wired, ES 1  (1, 1, 656, 656)
  PASS  W3 NEW Close Reference error in <- PN error out (branch): sink wired, ES 1  (0, 1, 637, 637)
  PASS  W4 old #615 error in <- NEW Close Reference error out: sink wired, ES 1  (1, 1, 659, 659)
  PASS  W5 auto error handling OFF, ES 1  
  PASS  A copy_by_index (uid guard 157) finished and saved v1 at ES 1  (157, 4, '29dcb59f58d4d959e965f9f545abd50b')
  PASS  C COLD ExecState 1 (fresh LabVIEW)  29dcb59f58d4d959e965f9f545abd50b
  PASS  K cold: NEW CR #630 reference wire == Traverse References wire; PN error in == Traverse error out wire; #615 error in == NEW CR error out  [(124, [('error out', 656), ('# of Refs', 0), ('References', 600), ('dup VI Refnum', 0), ('', 0), ('Other Refnum', 0), ('Traverse Generated Code (F)', 0), ('Traverse Target', 415), ('error in (no error)', 0), ('', 0), ('Class Name', 373), ('VI Refnum', 467)]), (630, [('error out', 659), ('error in (no error)', 637), ('reference', 600)]), (118, [('reference', 376), ('reference out', 650), ('error i
  FACT  labels written {'joints_term': 'Joints[]', 'pn': 118, 'tmsc': 683, 'UID': 'UID', 'Joints': 'Joints[]', 'Err': 'error out 2', 'controls': ['vi path', 'Class Name', 'index', 'vi path 2', 'location (0, 0)', 'Properties', 'Class Name 2', 'index 2', 'reference'], 'close_ref': 615, 'close_ref_wire': 650, 'md5': '29dcb59f58d4d959e965f9f545abd50b', 'close_ref_array': 630, 'traverse': 124, 'donor': 'OpWireJoints_v0.vi 15cf497190fcd972407f1be109197b01'}
  PASS  H LabVIEW gone; v0 md5 unchanged  
=== GATES: 12 pass / 0 fail; failing: []
RESULT {"schema":"result-line/1","status":"PASS","gates":{"pass":12,"fail":0},"first_fail":null,"artefacts":[{"path":"C:\\Program Files\\National Instruments\\LabVIEW 2026\\user.lib\\claudeDev\\OpWireJoints_v1.vi","md5":"29dcb59f58d4d959e965f9f545abd50b"}]}
BGRUN END rc=0 after 184s
