BGRUN START 2026-09-27 13:27:34 limit 2.0 min: py -u tools/bench/diag_c108c_probe.py tools/bench/graph_l2a1_bed_20260927.json tools/bench/sim/disp/plan_disp.json tools/bench/facts_c99_display.json tools/bench/facts_c99b_display.json tools/bench/split_rows_l2l7.json tools/bench/build_d1_v0.json
BGRUN PID 11716
===  tools/bench/graph_l2a1_bed_20260927.json dict
  vi 'C:\\Program Files\\National Instruments\\LabVIEW 2026\\user.lib\\claudeDev\\D1_l2_a1_20260925_235224.vi'
  md5 '51d9b8a3af5b4240cdc2ad193d9b4f41'
  source 'tools/bench/diag_c107b_bedgraph.py (read_live + mloops + owner_of, byte copy)'
  terminals list 5833 {"term_uid": 6121, "term_name": "error out", "is_source": true, "wire_uid": 86546, "owner_uid": 10673, "owner_class": "FlatSequenceInnerTunnel", "frame_diagram": 536, "term_class": "Terminal"}
  objs list 10140 {"uid": 536, "class": "TopLevelDiagram", "pos": [-17476, 102], "owner": ""}
  loops list 23 {"class": "WhileLoop", "index": 0, "loop_uid": 23041, "left_of": {"24083": [24133], "24150": [24187]}, "right_uids": [24083, 24150]}
  fs_tunnel_pairs list 576 {"uid": 6115, "class": "FlatSequenceInnerTunnel", "face_a": "LeftTerm", "term_a": 86540, "wire_a": 40035, "face_b": "RightTerm", "term_b": 6117, "wire_b": 6124, "uid_back": 6115, "err": "", "err_a": "", "err_b": "", "errs": ""}
  graph_summary dict 14 [["objects", 10083], ["nodes", 1773]]
  owners dict 242 [["57", ["Diagram", 639]], ["113", ["FlatSequenceFrame", 0]]]
===  tools/bench/sim/disp/plan_disp.json dict
  schema 'stageplan/1'
  stage 'disp'
  goal 'PD212(c)/(h)/(i)3 display loop on D1_s1_copy.vi (out claudeDev\\D1_s1_disp_<ts>.vi): rows R1-R8 of tools/bench/cards/rows_spec_100.md, revised by card 100-3 from stageplan_disp.json (e5722b6c): value
  base dict 2 [["path", "tools/bench/par1359_95_graph.json"], ["md5", "143ad46ced0a85b2309863062e64caeb"]]
  context dict 3 [["s1_key", "D1_s1_copy"], ["loops", {"path": "tools/bench/graph_loops_s1_20260924.json"}]]
  actions list 57 {"op": "gate", "id": "g25261", "uid": 25261, "class": "BooleanConstant", "read": "bool_const", "stop_if": true, "why": "card 100-3: #25261 value gate (gscript.read_bool_const / OpConstValueB_v0) - the stage STOPS if it reads True; before any edit"}
  open_rows list 21 {"node": 10067, "term": "Initial Time at Start", "why": "PD213(d)(4): already open at the base"}
  final True
  finalized dict 12 [["base", {"path": "tools/bench/par1359_95_graph.json", "md5": "143ad46ced0a85b2309863062e64caeb"}], ["plan_in", {"path": "tools/bench/sim/disp/stageplan_disp_r4_open.json", "md5": "7eec1754c5cc58ebf5759142781de873"}]]
===  tools/bench/facts_c99_display.json dict
  schema 'facts/1'
  card '99-1'
  vi 'claudeDev\\D1_s1_copy.vi md5 3e3d23cefd3a334001aa9d6156bf1aee (start and end, certutil + diag_c99_lvread2.log:43)'
  level 'file-read (par1359_95_graph.json = S1 md5, graph_s3_loop15_20260924.json = bed md5 1a11d92a) + LabVIEW COM read of saved panel defaults (scratch byte copy, deleted); nothing run, nothing saved'
  F1a dict 6 [["indicator", "#8323 ControlTerminal 'Force (pN) vs Extension (nm) ' (trailing blank), owner Diagram #639 = WhileLoop #637 body"], ["feeding_wire", 10908]]
  F1b dict 5 [["type", "1D array of clusters {1D DBL (Median-filtered row), 1D DBL (split FIR row)} = XY-graph plots; length = #1359 iterations + 1 (the #11608 WLC element). Element types inferred from node classes (DBL not read); not machine-read as a type string"], ["ring", "Initialize Array #8953 on 686 (3 di
  F2 dict 5 [["8323_writers", ["terminal via w10908 (BuildArray #11261, diagram 639, every #637 iteration)", "Invoke #10313 'Reinit To Dflt', implicit, diagram 3628, all terminals unwired (c97 G4)"]], ["8323_readers", "none found: no Local names it (P5b), terminal records with its name == {8323} (P5c), no Prope
  F3 dict 4 [["finding", "the bed's S3 loop has NO stop local. WhileLoop #23032 (body 23058) conditional terminal #23080 <- w23145 <- Comparison #23035 'x = y?' with x AND y both from LoopTunnel #23172, whose outer is Increment #8486 'x+1' on 686 (the S2 x==x scaffold). Bed Locals #23523 ('index') and #23499 ('
  F4 dict 7 [["source", "t0_step4v2_94.json, arm B, delta_med_us from the i stamp; site-minus-site = difference of medians, an upper bound on a node's own time, not a per-node cost"], ["site6_plotZ_minus_site2_kernel_us", {"11": [2.0, 2.15], "15": [2.45, 5.3]}]]
  F5 dict 3 [["status", "NOT MEASURED"], ["why", "no local-WRITE creator in the fleet (stagekit.create_local_read only, stagekit.py:676-683; toolkit-capabilities.md:759) and no creator for a typed array-of-cluster constant on a fresh scratch VI; building them is a tool decision"]]
===  tools/bench/facts_c99b_display.json dict
  schema 'facts/1'
  card '99-2'
  vi 'claudeDev\\D1_s1_copy.vi md5 3e3d23cefd3a334001aa9d6156bf1aee (start and end: diag_c99b_lvread.log H2, diag_c99b_bench2.log PIN AFTER S1, certutil at close)'
  level 'F1/F2/F5/F6 file-read (par1359_95_graph.json = S1) + COM reads of constants/panel value on a deleted byte copy (diag_c99b_lvread.log). F3/F4 NOT MEASURED (scratch bench did not reach ExecState 1).'
  F1 dict 6 [["ring_carrier", "LeftShiftRegister #9025 (outer <- Initialize Array #8953 on 686) -> w9097 -> LoopTunnel #9087 (INDEXING input of For #1359) -> #8634 'array'; #8634 'output array' w8811 -> IndexArray #8741 'array' AND LoopTunnel #9227 (INDEXING output, index_mode 1) -> outer w9215 -> RightShiftReg
  F2 dict 4 [["inbound", ["w8811 8634:output array -> 8741:array (fd7911)", "w7931 'Exp Baseline' terminal (#8476, owner diagram 7911) -> 8764:y", "w12256 11608:output cluster (fd639) -> 11261:element", "w31059 control terminal 'Force smoothing half-width' (fd639) -> LoopTunnel 31051 (-> #27716 index, #28180 ha
  F3 dict 3 [["status", "NOT MEASURED"], ["why", "scratch F3-A (ring ctl -> For SR, non-const t0stamp `any` in the body) read ExecState 0 on both runs; run 1 wired `site` t6/t7 (script bug, confirmed by run 2's table); run 2 wired `any` t8/t9 (w327/w334) and still read 0"]]
  F4 dict 3 [["status", "NOT MEASURED"], ["why", "same script; F4 runs after F3 and was never reached"]]
  F5 dict 5 [["type", "Boolean indicator 'TurnOff', terminal #24444 on 639; saved/load-time value False (GetControlValue on the byte copy)"], ["writers", ["terminal #24444 <- w3457 <- CompoundArithmetic #11639 (every #637 iteration)", "implicit Property #8603 'Value' WRITE on diagram #4866 (owner FlatSequenceFr
  F6 dict 8 [["new While", "gscript.while_loop tools/gscript.py:1285 (top level); loop_in('while') :1249 (any diagram)"], ["new For", "gscript.for_loop :1304; loop_in('for') :1249"]]
  hygiene 'D1_s1_copy md5 3e3d23ce start+end; nothing saved (bench scratches deleted, H6 [] in bench2; run-1 scratch removed by run 2); LabVIEW gone (Z PASS x3, tasklist 0); handles lvread 63227->63347 over rea
  reviews 'archive/peer/2026-09-26-c99b-bench-t2.md (hypothesis, ANSWERED, disposition written)'
===  tools/bench/split_rows_l2l7.json dict
  bed 'C:\\Program Files\\National Instruments\\LabVIEW 2026\\user.lib\\claudeDev\\D1_s3_loop15.vi'
  md5 '1a11d92aacabf7ec844d65b8af19f39f'
  rows list 92 {"uid": 5540, "i": 0, "name": "", "is_source": false, "wire": 5709, "dest": "1.2", "other_ends": [{"kind": "node", "diagram": "43", "uid": 10247, "i": 0, "name": "x .or. y?", "is_source": true}], "source": {"kind": "node", "diagram": "43", "uid": 10247, "i": 0, "name": "x .or. y?", "is_source": true
  tally dict 2 [["missing", 33], ["name", 59]]
  where dict 19 [["5540", {"cls": null, "frame_diagrams": [], "owner": ["Diagram", 639]}], ["9647", {"cls": "Function", "frame_diagrams": [639], "owner": ["Diagram", 639]}]]
  sr_bodies dict 11 [["639", {"loop": ["WhileLoop", 637], "lefts": [[1142, 1073], [51, 1262], [1108, 1283], [5351, 1316], [2972, 1106], [5805, 1163], [9025, 1208], [2853, 1382], [11001, 1403], [15204, 1448], [29512, 1241], [1755, 1594]], "collisions": [], "touched": true}], ["2603", {"loop": ["ForLoop", 2457], "lefts":
  handles dict 2 [["base_60s_after_restart", 33985], ["after_open_60s", 54395]]
  p1 dict 6 [["cycle", 70], ["script", "tools/bench/p1_c70_resolve.py"]]
===  tools/bench/build_d1_v0.json dict
  phase 'full'
  loops dict 3 [["1.2", {"loop": 1221, "body": 1234, "body_i": 20}], ["1.5", {"loop": 1223, "body": 4989, "body_i": 20}]]
  moved list 23 ["1.2", 5540, true]
  cut list 109 [5540, 0, "", false, 5709]
  regs list 8 ["1.2", 25402, "x,y,z array out", 1147, 1142]
  rewire dict 4 [["wired", [["#5540 t0 '' <- same-loop 10247", "OpConnectNested_v1 D[24].N[4].T[0] -> D[24].N[0].T[0] wire 25564 (delta 1, ExecState 0) [unnamed end (sink '', source 'x .or. y?')]"], ["#5540 t3 'Bead is good? array out' <- from-sr None", "wire_sr LeftIn reg[1]"], ["#5540 t5 'x,y,z array out' <- from
  outer_cut list 0 
  sr_changed list 0 
  queues dict 8 [["Q_free", 20], ["Q_work", 20]]
  sentinels dict 5 [["Q_meta", -1], ["Q_rmeta", -1]]
  const_donors dict 5 [["0", 3130], ["1", 3683]]
  size 0
  md5_after '2a78e17c449cacdaf5da389818526859'
BGRUN END rc=0 after 1s (NO RESULT LINE)
