BGRUN START 2026-09-27 17:25:57 limit 8.0 min: py -u tools/bench/diag_c105d_visa.py
BGRUN PID 20956
[c105d] procs_before [{"name": "nimxs.exe", "pid": 3732, "start": "09/27/2026 17:21:43", "cmd": ""}, {"name": "python.exe", "pid": 20956, "start": "09/27/2026 17:25:57", "cmd": "C:\\Users\\KimLab\\AppData\\Local\\Programs\\Python\\Python310\\python.exe tools/bgrun.py --material --max-min 8 --log tools/bench/diag_c105d_visa_postreboot.log -- py -u tools/bench/diag_c105d_visa.py"}, {"name": "python.exe", "pid": 10376, "start": "09/27/2026 17:26:39", "cmd": "C:\\Users\\KimLab\\AppData\\Local\\Programs\\Python\\Python310\\python.exe -u tools/bench/diag_c105d_visa.py"}]
[c105d] env {"py_bits": 64, "pyvisa_installed": false, "visa_dll": "visa64.dll", "visa_dll_err": null}
[c105d] viOpenDefaultRM 0
[c105d] V1 {"name": "Rotor", "status": 0, "hex": "0x00000000", "text": "ÀÛ¾÷ÀÌ ¼º°øÀûÀ¸·Î ¿Ï·áµÇ¾ú½À´Ï´Ù.", "ms": 21.8, "close": 0, "i": 0}
[c105d] V1 {"name": "Rotor", "status": 0, "hex": "0x00000000", "text": "ÀÛ¾÷ÀÌ ¼º°øÀûÀ¸·Î ¿Ï·áµÇ¾ú½À´Ï´Ù.", "ms": 6.2, "close": 0, "i": 1}
[c105d] V1 {"name": "Rotor", "status": 0, "hex": "0x00000000", "text": "ÀÛ¾÷ÀÌ ¼º°øÀûÀ¸·Î ¿Ï·áµÇ¾ú½À´Ï´Ù.", "ms": 18.3, "close": 0, "i": 2}
[c105d] V1 {"name": "ASRL5::INSTR", "status": 0, "hex": "0x00000000", "text": "ÀÛ¾÷ÀÌ ¼º°øÀûÀ¸·Î ¿Ï·áµÇ¾ú½À´Ï´Ù.", "ms": 14.3, "close": 0, "i": 0}
[c105d] V1 {"name": "ASRL5::INSTR", "status": 0, "hex": "0x00000000", "text": "ÀÛ¾÷ÀÌ ¼º°øÀûÀ¸·Î ¿Ï·áµÇ¾ú½À´Ï´Ù.", "ms": 12.5, "close": 0, "i": 1}
[c105d] V1 {"name": "ASRL5::INSTR", "status": 0, "hex": "0x00000000", "text": "ÀÛ¾÷ÀÌ ¼º°øÀûÀ¸·Î ¿Ï·áµÇ¾ú½À´Ï´Ù.", "ms": 10.5, "close": 0, "i": 2}
[c105d] V2 {"A": {"name": "ASRL5::INSTR", "status": 0, "hex": "0x00000000", "text": "ÀÛ¾÷ÀÌ ¼º°øÀûÀ¸·Î ¿Ï·áµÇ¾ú½À´Ï´Ù.", "ms": 5.0}, "B": {"name": "ASRL5::INSTR", "status": 0, "hex": "0x00000000", "text": "ÀÛ¾÷ÀÌ ¼º°øÀûÀ¸·Î ¿Ï·áµÇ¾ú½À´Ï´Ù.", "ms": 0.8}, "closeB": 0, "closeA": 0}
[c105d] V3_fwd {"delay_ms": 0, "cf_err": 0, "cf_closed": 1, "visa": {"name": "ASRL5::INSTR", "status": 0, "hex": "0x00000000", "text": "ÀÛ¾÷ÀÌ ¼º°øÀûÀ¸·Î ¿Ï·áµÇ¾ú½À´Ï´Ù.", "ms": 4.2, "close": 0}}
[c105d] V3_fwd {"delay_ms": 100, "cf_err": 0, "cf_closed": 1, "visa": {"name": "ASRL5::INSTR", "status": 0, "hex": "0x00000000", "text": "ÀÛ¾÷ÀÌ ¼º°øÀûÀ¸·Î ¿Ï·áµÇ¾ú½À´Ï´Ù.", "ms": 4.0, "close": 0}}
[c105d] V3_fwd {"delay_ms": 1000, "cf_err": 0, "cf_closed": 1, "visa": {"name": "ASRL5::INSTR", "status": 0, "hex": "0x00000000", "text": "ÀÛ¾÷ÀÌ ¼º°øÀûÀ¸·Î ¿Ï·áµÇ¾ú½À´Ï´Ù.", "ms": 4.5, "close": 0}}
[c105d] V3_rev {"visa": {"name": "ASRL5::INSTR", "status": 0, "hex": "0x00000000", "text": "ÀÛ¾÷ÀÌ ¼º°øÀûÀ¸·Î ¿Ï·áµÇ¾ú½À´Ï´Ù.", "ms": 14.0}, "cf_err_while_visa_held": 5, "cf_got_handle": false, "cf_closed": null, "visa_close": 0}
[c105d] V3_cal {"child_hold": "HOLD True 0", "visa_while_child_holds": {"name": "ASRL5::INSTR", "status": -1073807246, "hex": "0xBFFF0072", "text": "¸®¼Ò½º´Â À¯È¿ÇÏÁö¸¸ VISA°¡ ÇöÀç Á¢±ÙÇÒ ¼ö ¾ø½À´Ï´Ù.", "ms": 0.6, "close": null}, "child_end": "CLOSE 1", "child_rc": 0}
[c105d] V4 {"name": "COM6", "status": 0, "hex": "0x00000000", "text": "ÀÛ¾÷ÀÌ ¼º°øÀûÀ¸·Î ¿Ï·áµÇ¾ú½À´Ï´Ù.", "ms": 8.2, "close": 0, "i": 0}
[c105d] V4 {"name": "COM6", "status": 0, "hex": "0x00000000", "text": "ÀÛ¾÷ÀÌ ¼º°øÀûÀ¸·Î ¿Ï·áµÇ¾ú½À´Ï´Ù.", "ms": 5.3, "close": 0, "i": 1}
[c105d] V4 {"name": "COM6", "status": 0, "hex": "0x00000000", "text": "ÀÛ¾÷ÀÌ ¼º°øÀûÀ¸·Î ¿Ï·áµÇ¾ú½À´Ï´Ù.", "ms": 17.5, "close": 0, "i": 2}
[c105d] V4 {"name": "ASRL6::INSTR", "status": 0, "hex": "0x00000000", "text": "ÀÛ¾÷ÀÌ ¼º°øÀûÀ¸·Î ¿Ï·áµÇ¾ú½À´Ï´Ù.", "ms": 12.2, "close": 0, "i": 0}
[c105d] V4 {"name": "ASRL6::INSTR", "status": 0, "hex": "0x00000000", "text": "ÀÛ¾÷ÀÌ ¼º°øÀûÀ¸·Î ¿Ï·áµÇ¾ú½À´Ï´Ù.", "ms": 7.1, "close": 0, "i": 1}
[c105d] V4 {"name": "ASRL6::INSTR", "status": 0, "hex": "0x00000000", "text": "ÀÛ¾÷ÀÌ ¼º°øÀûÀ¸·Î ¿Ï·áµÇ¾ú½À´Ï´Ù.", "ms": 18.5, "close": 0, "i": 2}
[c105d] procs_after [{"name": "nimxs.exe", "pid": 3732, "start": "09/27/2026 17:21:43", "cmd": ""}, {"name": "python.exe", "pid": 20956, "start": "09/27/2026 17:25:57", "cmd": "C:\\Users\\KimLab\\AppData\\Local\\Programs\\Python\\Python310\\python.exe tools/bgrun.py --material --max-min 8 --log tools/bench/diag_c105d_visa_postreboot.log -- py -u tools/bench/diag_c105d_visa.py"}, {"name": "python.exe", "pid": 10376, "start": "09/27/2026 17:26:39", "cmd": "C:\\Users\\KimLab\\AppData\\Local\\Programs\\Python\\Python310\\python.exe -u tools/bench/diag_c105d_visa.py"}]
GATE P0a LabVIEW absent before                PASS
GATE V1 every trial has a status              PASS
GATE V2 status of B recorded                  PASS
GATE V3 fwd x3 + rev + calibration recorded   PASS
GATE V4 every trial has a status              PASS
GATE P0b LabVIEW absent after                 PASS
RESULT {"schema":"result-line/1","status":"PASS","gates":{"pass":6,"fail":0},"first_fail":null,"artefacts":[{"path":"tools\\bench\\facts_c105d_visa.json","md5":"b6da4aa97afead33c0d48057ba264c7b"}]}
BGRUN END rc=0 after 55s
