BGRUN START 2026-09-17 11:09:49 limit 20.0 min: py -u tools\bench\diag_connectnested_donors.py
  FACT  LabVIEW handles before: 31267 (fresh-instance baseline ~31,500)

----- OpNetInfo_v1.vi: ExecState 1, {'Node': 13, 'Property': 5, 'Invoke': 0, 'IndexArray': 3, 'Wire': 27, 'ControlTerminal': 16, 'SubVI': 3, 'Diagram': 1, 'WhileLoop': 0, 'ForLoop': 0, 'Constant': 2}
   Nodes[ 0] #43     Open VI Reference                          [(0, 'error out', 'OUT', 0), (1, 'vi reference', 'OUT', 467), (2, 'password ("")', 'IN', 0), (3, 'type specifier VI Refnum (for type only)', 'IN', 0), (4, 'error in (no error)', 'IN', 383), (5, 'options', 'IN', 0), (6, 'vi path', 'IN', 106), (7, 'application reference (local)', 'IN', 0)]
   Nodes[ 1] #124    Traverse for GObjects.vi                   [(0, 'error out', 'OUT', 0), (1, '# of Refs', 'OUT', 0), (2, 'References', 'OUT', 600), (3, 'dup VI Refnum', 'OUT', 0), (4, '', 'IN', 0), (5, 'Other Refnum', 'IN', 0), (6, 'Traverse Generated Code (F)', 'IN', 0), (7, 'Traverse Target', 'IN', 415), (8, 'error in (no error)', 'IN', 0), (9, '', 'IN', 0), (10, 'Class Name', 'IN', 373), (11, 'VI Refnum', 'IN', 467)]
   Nodes[ 2] #308    Index Array                                [(0, 'array', 'IN', 600), (1, 'element', 'OUT', 605), (2, 'index', 'IN', 1066)]
   Nodes[ 3] #683    To More Specific Class                     [(0, 'specific class reference', 'OUT', 645), (1, 'error out', 'OUT', 0), (2, 'target class', 'IN', 772), (3, 'reference', 'IN', 605), (4, 'error in', 'IN', 0)]
   Nodes[ 4] #243    Create Invoke Node.vi                      [(0, 'Diagram in', 'IN', 645), (1, 'ID String', 'IN', 312), (2, 'location (0, 0)', 'IN', 742), (3, '', 'IN', 0), (4, 'Diagram out', 'OUT', 0), (5, 'reference', 'IN', 0), (6, 'reference out', 'OUT', 0), (7, 'Inputs', 'IN', 0), (8, 'Outputs', 'OUT', 0), (9, 'error in', 'IN', 771), (10, 'error out', 'OUT', 0), (11, 'error in (no error)', 'IN', 0), (12, 'Class Name', 'IN', 336), (13, '', 'IN', 0), (14, '', 'IN', 0), (15, 'error out', 'OUT', 0)]
   Nodes[ 5] #235    Property Node                              [(0, 'reference', 'IN', 645), (1, 'reference out', 'OUT', 0), (2, 'error in (no error)', 'IN', 0), (3, 'error out', 'OUT', 0), (4, 'Nodes[]', 'OUT', 428)]
   Nodes[ 6] #236    Index Array                                [(0, 'array', 'IN', 428), (1, 'element', 'OUT', 464), (2, 'index', 'IN', 452)]
   Nodes[ 7] #237    Property Node                              [(0, 'reference', 'IN', 464), (1, 'reference out', 'OUT', 0), (2, 'error in (no error)', 'IN', 0), (3, 'error out', 'OUT', 0), (4, 'Terms[]', 'OUT', 485)]
   Nodes[ 8] #239    Index Array                                [(0, 'array', 'IN', 485), (1, 'element', 'OUT', 572), (2, 'index', 'IN', 509)]
   Nodes[ 9] #240    Property Node                              [(0, 'reference', 'IN', 464), (1, 'reference out', 'OUT', 0), (2, 'error in (no error)', 'IN', 0), (3, 'error out', 'OUT', 0), (4, 'UID', 'OUT', 561)]
   Nodes[10] #241    Property Node                              [(0, 'reference', 'IN', 572), (1, 'reference out', 'OUT', 0), (2, 'error in (no error)', 'IN', 0), (3, 'error out', 'OUT', 630), (4, 'Name', 'OUT', 609), (5, 'Wire', 'OUT', 620)]
   Nodes[11] #242    Property Node                              [(0, 'reference', 'IN', 620), (1, 'reference out', 'OUT', 0), (2, 'error in (no error)', 'IN', 630), (3, 'error out', 'OUT', 739), (4, 'UID', 'OUT', 660), (5, 'Broken?', 'OUT', 676)]
   Nodes[12] #399    Clear Errors.vi                            [(0, 'error out', 'OUT', 0), (1, '', 'IN', 0), (2, '', 'IN', 0), (3, 'specific error cleared?', 'OUT', 0), (4, 'error in (no error)', 'IN', 739), (5, '', 'IN', 0), (6, '', 'IN', 0), (7, 'specific error code to clear (0: all)', 'IN', 0)]
   PANEL: [(0, 'vi path', False), (1, 'Class Name', False), (2, 'index', False), (3, 'vi path 2', False), (4, 'location (0, 0)', False), (5, 'error out', True), (6, 'Class Name 2', False), (7, 'Class Name 3', False), (8, 'error in (no error)', False), (9, 'index 2', False), (10, 'index 3', False), (11, 'UID', True), (12, 'Name', True), (13, 'UID 2', True), (14, 'Is Broken?', True), (15, 'error in', False)]
  PASS  D OpNetInfo_v1.vi md5 unchanged by the read  6a9d79264e44133ae03145f5da772cae

----- OpNodeTerms_v0.vi: ExecState 1, {'Node': 14, 'Property': 7, 'Invoke': 0, 'IndexArray': 2, 'Wire': 33, 'ControlTerminal': 23, 'SubVI': 2, 'Diagram': 2, 'WhileLoop': 0, 'ForLoop': 1, 'Constant': 7}
   Nodes[ 0] #43     Open VI Reference                          [(0, 'error out', 'OUT', 0), (1, 'vi reference', 'OUT', 467), (2, 'password ("")', 'IN', 0), (3, 'type specifier VI Refnum (for type only)', 'IN', 0), (4, 'error in (no error)', 'IN', 383), (5, 'options', 'IN', 0), (6, 'vi path', 'IN', 106), (7, 'application reference (local)', 'IN', 0)]
   Nodes[ 1] #124    Traverse for GObjects.vi                   [(0, 'error out', 'OUT', 0), (1, '# of Refs', 'OUT', 0), (2, 'References', 'OUT', 600), (3, 'dup VI Refnum', 'OUT', 0), (4, '', 'IN', 0), (5, 'Other Refnum', 'IN', 0), (6, 'Traverse Generated Code (F)', 'IN', 0), (7, 'Traverse Target', 'IN', 415), (8, 'error in (no error)', 'IN', 0), (9, '', 'IN', 0), (10, 'Class Name', 'IN', 373), (11, 'VI Refnum', 'IN', 467)]
   Nodes[ 2] #308    Index Array                                [(0, 'array', 'IN', 600), (1, 'element', 'OUT', 605), (2, 'index', 'IN', 1066)]
   Nodes[ 3] #683    To More Specific Class                     [(0, 'specific class reference', 'OUT', 645), (1, 'error out', 'OUT', 0), (2, 'target class', 'IN', 772), (3, 'reference', 'IN', 605), (4, 'error in', 'IN', 0)]
   Nodes[ 4] #235    Property Node                              [(0, 'reference', 'IN', 645), (1, 'reference out', 'OUT', 0), (2, 'error in (no error)', 'IN', 0), (3, 'error out', 'OUT', 0), (4, 'Nodes[]', 'OUT', 428)]
   Nodes[ 5] #236    Index Array                                [(0, 'array', 'IN', 428), (1, 'element', 'OUT', 464), (2, 'index', 'IN', 452)]
   Nodes[ 6] #237    Property Node                              [(0, 'reference', 'IN', 464), (1, 'reference out', 'OUT', 0), (2, 'error in (no error)', 'IN', 0), (3, 'error out', 'OUT', 0), (4, 'Terms[]', 'OUT', 569)]
   Nodes[ 7] #240    Property Node                              [(0, 'reference', 'IN', 464), (1, 'reference out', 'OUT', 0), (2, 'error in (no error)', 'IN', 0), (3, 'error out', 'OUT', 0), (4, 'UID', 'OUT', 561)]
   Nodes[ 8] #399    Clear Errors.vi                            [(0, 'error out', 'OUT', 0), (1, '', 'IN', 0), (2, '', 'IN', 0), (3, 'specific error cleared?', 'OUT', 0), (4, 'error in (no error)', 'IN', 0), (5, '', 'IN', 0), (6, '', 'IN', 0), (7, 'specific error code to clear (0: all)', 'IN', 0)]
   Nodes[ 9] #142    For Loop                                   [(0, '', 'IN', 0), (1, 'Terms[]', 'IN', 569), (2, '', 'OUT', 933), (3, '', 'OUT', 963), (4, '', 'OUT', 996), (5, '', 'OUT', 1084), (6, '', 'OUT', 1160), (7, '', 'OUT', 1236), (8, '', 'OUT', 1312)]
   PANEL: [(0, 'vi path', False), (1, 'Class Name', False), (2, 'index', False), (3, 'vi path 2', False), (4, 'location (0, 0)', False), (5, 'error out', True), (6, 'Class Name 2', False), (7, 'Class Name 3', False), (8, 'error in (no error)', False), (9, 'index 2', False), (10, 'index 3', False), (11, 'UID', True), (12, 'Name', True), (13, 'UID 2', True), (14, 'Is Broken?', True), (15, 'error in', False), (16, 'Array', True), (17, 'Array 2', True), (18, 'Array 3', True), (19, 'Array 4', True), (20, 'Array 5', True), (21, 'Array 6', True), (22, 'Array 7', True)]
  PASS  D OpNodeTerms_v0.vi md5 unchanged by the read  8a3ce146e3f9d98b6b95880fa7c03bd7

----- OpConnect_v0.vi: ExecState 1, {'Node': 12, 'Property': 4, 'Invoke': 1, 'IndexArray': 4, 'Wire': 15, 'ControlTerminal': 10, 'SubVI': 2, 'Diagram': 1, 'WhileLoop': 0, 'ForLoop': 0, 'Constant': 2}
   Nodes[ 0] #43     Open VI Reference                          [(0, 'error out', 'OUT', 0), (1, 'vi reference', 'OUT', 142), (2, 'password ("")', 'IN', 0), (3, 'type specifier VI Refnum (for type only)', 'IN', 0), (4, 'error in (no error)', 'IN', 0), (5, 'options', 'IN', 0), (6, 'vi path', 'IN', 106), (7, 'application reference (local)', 'IN', 0)]
   Nodes[ 1] #308    Index Array                                [(0, 'array', 'IN', 171), (1, 'element', 'OUT', 198), (2, 'index', 'IN', 1066)]
   Nodes[ 2] #327    Index Array                                [(0, 'array', 'IN', 206), (1, 'element', 'OUT', 442), (2, 'index', 'IN', 1108)]
   Nodes[ 3] #369    Clear Errors.vi                            [(0, 'error out', 'OUT', 0), (1, '', 'IN', 0), (2, '', 'IN', 0), (3, 'specific error cleared?', 'OUT', 0), (4, 'error in (no error)', 'IN', 537), (5, '', 'IN', 0), (6, '', 'IN', 0), (7, 'specific error code to clear (0: all)', 'IN', 0)]
   Nodes[ 4] #370    Clear Errors.vi                            [(0, 'error out', 'OUT', 0), (1, '', 'IN', 0), (2, '', 'IN', 0), (3, 'specific error cleared?', 'OUT', 0), (4, 'error in (no error)', 'IN', 0), (5, '', 'IN', 0), (6, '', 'IN', 0), (7, 'specific error code to clear (0: all)', 'IN', 0)]
   Nodes[ 5] #112    Property Node                              [(0, 'reference', 'IN', 142), (1, 'reference out', 'OUT', 0), (2, 'error in (no error)', 'IN', 0), (3, 'error out', 'OUT', 0), (4, 'Diagram', 'OUT', 167)]
   Nodes[ 6] #113    Property Node                              [(0, 'reference', 'IN', 167), (1, 'reference out', 'OUT', 0), (2, 'error in (no error)', 'IN', 0), (3, 'error out', 'OUT', 0), (4, 'Nodes[]', 'OUT', 171)]
   Nodes[ 7] #114    Property Node                              [(0, 'reference', 'IN', 198), (1, 'reference out', 'OUT', 0), (2, 'error in (no error)', 'IN', 0), (3, 'error out', 'OUT', 0), (4, 'Terms[]', 'OUT', 206)]
   Nodes[ 8] #90     Index Array                                [(0, 'array', 'IN', 171), (1, 'element', 'OUT', 311), (2, 'index', 'IN', 359)]
   Nodes[ 9] #95     Property Node                              [(0, 'reference', 'IN', 311), (1, 'reference out', 'OUT', 0), (2, 'error in (no error)', 'IN', 0), (3, 'error out', 'OUT', 0), (4, 'Terms[]', 'OUT', 316)]
   Nodes[10] #98     Index Array                                [(0, 'array', 'IN', 316), (1, 'element', 'OUT', 532), (2, 'index', 'IN', 380)]
   Nodes[11] #99     Invoke Node                                [(0, 'reference', 'IN', 442), (1, 'reference out', 'OUT', 0), (2, 'error in (no error)', 'IN', 0), (3, 'error out', 'OUT', 537), (4, 'Connect Wire', 'IN', 0), (5, 'Connect Wire', 'OUT', 0), (6, 'Wire Source', 'IN', 532), (7, 'Wire Source', 'OUT', 0), (8, 'Auto Wire? (T)', 'IN', 0), (9, 'Auto Wire? (T)', 'OUT', 0), (10, 'Wiring Specs', 'IN', 0), (11, 'Wiring Specs', 'OUT', 0), (12, 'Auto Route? (F)', 'IN', 0), (13, 'Auto Route? (F)', 'OUT', 0)]
   PANEL: [(0, 'vi path', False), (1, 'Class Name', False), (2, 'Class Name 2', False), (3, 'Names', False), (4, 'Names 2', False), (5, 'index', False), (6, 'index 2', False), (7, 'error out', True), (8, 'index 3', False), (9, 'index 4', False)]
  PASS  D OpConnect_v0.vi md5 unchanged by the read  cee0f70b926511d2457faa2800402cf3

----- OpStopFromNode_v0.vi: ExecState 1, {'Node': 20, 'Property': 11, 'Invoke': 1, 'IndexArray': 3, 'Wire': 33, 'ControlTerminal': 23, 'SubVI': 1, 'Diagram': 2, 'WhileLoop': 0, 'ForLoop': 1, 'Constant': 7}
   Nodes[ 0] #43     Open VI Reference                          [(0, 'error out', 'OUT', 0), (1, 'vi reference', 'OUT', 467), (2, 'password ("")', 'IN', 0), (3, 'type specifier VI Refnum (for type only)', 'IN', 0), (4, 'error in (no error)', 'IN', 0), (5, 'options', 'IN', 0), (6, 'vi path', 'IN', 106), (7, 'application reference (local)', 'IN', 0)]
   Nodes[ 1] #124    Traverse for GObjects.vi                   [(0, 'error out', 'OUT', 0), (1, '# of Refs', 'OUT', 0), (2, 'References', 'OUT', 600), (3, 'dup VI Refnum', 'OUT', 0), (4, '', 'IN', 0), (5, 'Other Refnum', 'IN', 0), (6, 'Traverse Generated Code (F)', 'IN', 0), (7, 'Traverse Target', 'IN', 415), (8, 'error in (no error)', 'IN', 0), (9, '', 'IN', 0), (10, 'Class Name', 'IN', 373), (11, 'VI Refnum', 'IN', 467)]
   Nodes[ 2] #308    Index Array                                [(0, 'array', 'IN', 600), (1, 'element', 'OUT', 605), (2, 'index', 'IN', 1066)]
   Nodes[ 3] #683    To More Specific Class                     [(0, 'specific class reference', 'OUT', 366), (1, 'error out', 'OUT', 0), (2, 'target class', 'IN', 333), (3, 'reference', 'IN', 605), (4, 'error in', 'IN', 0)]
   Nodes[ 4] #316    Open VI Reference                          [(0, 'error out', 'OUT', 0), (1, 'vi reference', 'OUT', 0), (2, 'password ("")', 'IN', 0), (3, 'type specifier VI Refnum (for type only)', 'IN', 0), (4, 'error in (no error)', 'IN', 0), (5, 'options', 'IN', 0), (6, 'vi path', 'IN', 550), (7, 'application reference (local)', 'IN', 0)]
   Nodes[ 5] #230    Property Node                              [(0, 'reference', 'IN', 366), (1, 'reference out', 'OUT', 0), (2, 'error in (no error)', 'IN', 0), (3, 'error out', 'OUT', 0), (4, 'UID', 'OUT', 620)]
   Nodes[ 6] #238    Property Node                              [(0, 'reference', 'IN', 366), (1, 'reference out', 'OUT', 0), (2, 'error in (no error)', 'IN', 0), (3, 'error out', 'OUT', 701), (4, 'ShiftRegs[]', 'OUT', 558)]
   Nodes[ 7] #313    For Loop                                   [(0, '', 'IN', 0), (1, 'ShiftRegs[]', 'IN', 558), (2, '', 'OUT', 603)]
   Nodes[ 8] #657    Property Node                              [(0, 'reference', 'IN', 366), (1, 'reference out', 'OUT', 0), (2, 'error in (no error)', 'IN', 0), (3, 'error out', 'OUT', 1001), (4, 'LpEndRef', 'OUT', 775)]
   Nodes[ 9] #738    Property Node                              [(0, 'reference', 'IN', 775), (1, 'reference out', 'OUT', 0), (2, 'error in (no error)', 'IN', 0), (3, 'error out', 'OUT', 0), (4, 'UID', 'OUT', 913)]
   Nodes[10] #743    Property Node                              [(0, 'reference', 'IN', 775), (1, 'reference out', 'OUT', 0), (2, 'error in (no error)', 'IN', 0), (3, 'error out', 'OUT', 1072), (4, 'IsSource', 'OUT', 942)]
   Nodes[11] #745    Property Node                              [(0, 'reference', 'IN', 775), (1, 'reference out', 'OUT', 0), (2, 'error in (no error)', 'IN', 0), (3, 'error out', 'OUT', 1131), (4, 'Wire', 'OUT', 885)]
   Nodes[12] #747    Property Node                              [(0, 'reference', 'IN', 885), (1, 'reference out', 'OUT', 0), (2, 'error in (no error)', 'IN', 0), (3, 'error out', 'OUT', 1190), (4, 'UID', 'OUT', 929)]
   Nodes[13] #1168   Property Node                              [(0, 'reference', 'IN', 366), (1, 'reference out', 'OUT', 0), (2, 'error in (no error)', 'IN', 0), (3, 'error out', 'OUT', 0), (4, 'Diagram', 'OUT', 1227)]
   Nodes[14] #1059   Property Node                              [(0, 'reference', 'IN', 1227), (1, 'reference out', 'OUT', 0), (2, 'error in (no error)', 'IN', 0), (3, 'error out', 'OUT', 0), (4, 'Nodes[]', 'OUT', 1245)]
   Nodes[15] #1176   Index Array                                [(0, 'array', 'IN', 1245), (1, 'element', 'OUT', 1285), (2, 'index', 'IN', 1270)]
   Nodes[16] #1181   Property Node                              [(0, 'reference', 'IN', 1285), (1, 'reference out', 'OUT', 0), (2, 'error in (no error)', 'IN', 0), (3, 'error out', 'OUT', 0), (4, 'Terms[]', 'OUT', 1304)]
   Nodes[17] #1200   Index Array                                [(0, 'array', 'IN', 1304), (1, 'element', 'OUT', 1354), (2, 'index', 'IN', 1328)]
   Nodes[18] #1224   Invoke Node                                [(0, 'reference', 'IN', 775), (1, 'reference out', 'OUT', 0), (2, 'error in (no error)', 'IN', 0), (3, 'error out', 'OUT', 1450), (4, 'Connect Wire', 'IN', 0), (5, 'Connect Wire', 'OUT', 0), (6, 'Wire Source', 'IN', 1354), (7, 'Wire Source', 'OUT', 0), (8, 'Auto Wire? (T)', 'IN', 0), (9, 'Auto Wire? (T)', 'OUT', 0), (10, 'Wiring Specs', 'IN', 0), (11, 'Wiring Specs', 'OUT', 0), (12, 'Auto Route? (F)', 'IN', 0), (13, 'Auto Route? (F)', 'OUT', 0)]
   PANEL: [(0, 'vi path', False), (1, 'Class Name', False), (2, 'index', False), (3, 'vi path 2', False), (4, 'location (0, 0)', False), (5, 'error out', True), (6, 'Properties', False), (7, 'Class Name 2', False), (8, 'index 2', False), (9, 'reference', False), (10, 'Array', True), (11, 'UID', True), (12, 'error out 2', True), (13, 'UID 2', True), (14, 'UID 3', True), (15, 'Is Source?', True), (16, 'error out 3', True), (17, 'error out 4', True), (18, 'error out 5', True), (19, 'error out 6', True), (20, 'index 3', False), (21, 'index 4', False), (22, 'error out 7', True)]
  PASS  D OpStopFromNode_v0.vi md5 unchanged by the read  a8b46d711543952f3a3dcd91cf1d0f27

----- OpCreateConstOnTerm_v0.vi: ExecState 1, {'Node': 21, 'Property': 12, 'Invoke': 1, 'IndexArray': 3, 'Wire': 36, 'ControlTerminal': 26, 'SubVI': 1, 'Diagram': 2, 'WhileLoop': 0, 'ForLoop': 1, 'Constant': 7}
   Nodes[ 0] #43     Open VI Reference                          [(0, 'error out', 'OUT', 0), (1, 'vi reference', 'OUT', 467), (2, 'password ("")', 'IN', 0), (3, 'type specifier VI Refnum (for type only)', 'IN', 0), (4, 'error in (no error)', 'IN', 0), (5, 'options', 'IN', 0), (6, 'vi path', 'IN', 106), (7, 'application reference (local)', 'IN', 0)]
   Nodes[ 1] #124    Traverse for GObjects.vi                   [(0, 'error out', 'OUT', 0), (1, '# of Refs', 'OUT', 0), (2, 'References', 'OUT', 600), (3, 'dup VI Refnum', 'OUT', 0), (4, '', 'IN', 0), (5, 'Other Refnum', 'IN', 0), (6, 'Traverse Generated Code (F)', 'IN', 0), (7, 'Traverse Target', 'IN', 415), (8, 'error in (no error)', 'IN', 0), (9, '', 'IN', 0), (10, 'Class Name', 'IN', 373), (11, 'VI Refnum', 'IN', 467)]
   Nodes[ 2] #308    Index Array                                [(0, 'array', 'IN', 600), (1, 'element', 'OUT', 605), (2, 'index', 'IN', 1066)]
   Nodes[ 3] #683    To More Specific Class                     [(0, 'specific class reference', 'OUT', 366), (1, 'error out', 'OUT', 0), (2, 'target class', 'IN', 333), (3, 'reference', 'IN', 605), (4, 'error in', 'IN', 0)]
   Nodes[ 4] #316    Open VI Reference                          [(0, 'error out', 'OUT', 0), (1, 'vi reference', 'OUT', 0), (2, 'password ("")', 'IN', 0), (3, 'type specifier VI Refnum (for type only)', 'IN', 0), (4, 'error in (no error)', 'IN', 0), (5, 'options', 'IN', 0), (6, 'vi path', 'IN', 550), (7, 'application reference (local)', 'IN', 0)]
   Nodes[ 5] #230    Property Node                              [(0, 'reference', 'IN', 366), (1, 'reference out', 'OUT', 0), (2, 'error in (no error)', 'IN', 0), (3, 'error out', 'OUT', 0), (4, 'UID', 'OUT', 620)]
   Nodes[ 6] #238    Property Node                              [(0, 'reference', 'IN', 366), (1, 'reference out', 'OUT', 0), (2, 'error in (no error)', 'IN', 0), (3, 'error out', 'OUT', 701), (4, 'ShiftRegs[]', 'OUT', 558)]
   Nodes[ 7] #313    For Loop                                   [(0, '', 'IN', 0), (1, 'ShiftRegs[]', 'IN', 558), (2, '', 'OUT', 603)]
   Nodes[ 8] #657    Property Node                              [(0, 'reference', 'IN', 366), (1, 'reference out', 'OUT', 0), (2, 'error in (no error)', 'IN', 0), (3, 'error out', 'OUT', 1001), (4, 'LpEndRef', 'OUT', 775)]
   Nodes[ 9] #738    Property Node                              [(0, 'reference', 'IN', 775), (1, 'reference out', 'OUT', 0), (2, 'error in (no error)', 'IN', 0), (3, 'error out', 'OUT', 0), (4, 'UID', 'OUT', 913)]
   Nodes[10] #743    Property Node                              [(0, 'reference', 'IN', 775), (1, 'reference out', 'OUT', 0), (2, 'error in (no error)', 'IN', 0), (3, 'error out', 'OUT', 1072), (4, 'IsSource', 'OUT', 942)]
   Nodes[11] #745    Property Node                              [(0, 'reference', 'IN', 775), (1, 'reference out', 'OUT', 0), (2, 'error in (no error)', 'IN', 0), (3, 'error out', 'OUT', 1131), (4, 'Wire', 'OUT', 885)]
   Nodes[12] #747    Property Node                              [(0, 'reference', 'IN', 885), (1, 'reference out', 'OUT', 0), (2, 'error in (no error)', 'IN', 0), (3, 'error out', 'OUT', 1190), (4, 'UID', 'OUT', 929)]
   Nodes[13] #1168   Property Node                              [(0, 'reference', 'IN', 366), (1, 'reference out', 'OUT', 0), (2, 'error in (no error)', 'IN', 0), (3, 'error out', 'OUT', 0), (4, 'Diagram', 'OUT', 1227)]
   Nodes[14] #1059   Property Node                              [(0, 'reference', 'IN', 1227), (1, 'reference out', 'OUT', 0), (2, 'error in (no error)', 'IN', 0), (3, 'error out', 'OUT', 0), (4, 'Nodes[]', 'OUT', 1245)]
   Nodes[15] #1176   Index Array                                [(0, 'array', 'IN', 1245), (1, 'element', 'OUT', 1285), (2, 'index', 'IN', 1270)]
   Nodes[16] #1181   Property Node                              [(0, 'reference', 'IN', 1285), (1, 'reference out', 'OUT', 0), (2, 'error in (no error)', 'IN', 0), (3, 'error out', 'OUT', 0), (4, 'Terms[]', 'OUT', 1304)]
   Nodes[17] #1200   Index Array                                [(0, 'array', 'IN', 1304), (1, 'element', 'OUT', 1327), (2, 'index', 'IN', 1328)]
   Nodes[18] #300    Invoke Node                                [(0, 'reference', 'IN', 1327), (1, 'reference out', 'OUT', 0), (2, 'error in (no error)', 'IN', 0), (3, 'error out', 'OUT', 1537), (4, 'Create Constant', 'IN', 0), (5, 'Create Constant', 'OUT', 1450), (6, 'Value', 'IN', 1428), (7, 'Value', 'OUT', 0)]
   Nodes[19] #310    Property Node                              [(0, 'reference', 'IN', 1450), (1, 'reference out', 'OUT', 0), (2, 'error in (no error)', 'IN', 0), (3, 'error out', 'OUT', 0), (4, 'UID', 'OUT', 1478)]
   PANEL: [(0, 'vi path', False), (1, 'Class Name', False), (2, 'index', False), (3, 'vi path 2', False), (4, 'location (0, 0)', False), (5, 'error out', True), (6, 'Properties', False), (7, 'Class Name 2', False), (8, 'index 2', False), (9, 'reference', False), (10, 'Array', True), (11, 'UID', True), (12, 'error out 2', True), (13, 'UID 2', True), (14, 'UID 3', True), (15, 'Is Source?', True), (16, 'error out 3', True), (17, 'error out 4', True), (18, 'error out 5', True), (19, 'error out 6', True), (20, 'index 3', False), (21, 'index 4', False), (22, 'error out 7', True), (23, 'Value', False), (24, 'UID 4', True), (25, 'error out 8', True)]
  PASS  D OpCreateConstOnTerm_v0.vi md5 unchanged by the read  b367fe2d47a0d62140e20d9ef95d0653

----- OpWhileCast_v0.vi: ExecState 1, {'Node': 9, 'Property': 3, 'Invoke': 0, 'IndexArray': 1, 'Wire': 16, 'ControlTerminal': 13, 'SubVI': 1, 'Diagram': 2, 'WhileLoop': 0, 'ForLoop': 1, 'Constant': 7}
   Nodes[ 0] #43     Open VI Reference                          [(0, 'error out', 'OUT', 0), (1, 'vi reference', 'OUT', 467), (2, 'password ("")', 'IN', 0), (3, 'type specifier VI Refnum (for type only)', 'IN', 0), (4, 'error in (no error)', 'IN', 0), (5, 'options', 'IN', 0), (6, 'vi path', 'IN', 106), (7, 'application reference (local)', 'IN', 0)]
   Nodes[ 1] #124    Traverse for GObjects.vi                   [(0, 'error out', 'OUT', 0), (1, '# of Refs', 'OUT', 0), (2, 'References', 'OUT', 600), (3, 'dup VI Refnum', 'OUT', 0), (4, '', 'IN', 0), (5, 'Other Refnum', 'IN', 0), (6, 'Traverse Generated Code (F)', 'IN', 0), (7, 'Traverse Target', 'IN', 415), (8, 'error in (no error)', 'IN', 0), (9, '', 'IN', 0), (10, 'Class Name', 'IN', 373), (11, 'VI Refnum', 'IN', 467)]
   Nodes[ 2] #308    Index Array                                [(0, 'array', 'IN', 600), (1, 'element', 'OUT', 605), (2, 'index', 'IN', 1066)]
   Nodes[ 3] #683    To More Specific Class                     [(0, 'specific class reference', 'OUT', 366), (1, 'error out', 'OUT', 0), (2, 'target class', 'IN', 333), (3, 'reference', 'IN', 605), (4, 'error in', 'IN', 0)]
   Nodes[ 4] #316    Open VI Reference                          [(0, 'error out', 'OUT', 0), (1, 'vi reference', 'OUT', 0), (2, 'password ("")', 'IN', 0), (3, 'type specifier VI Refnum (for type only)', 'IN', 0), (4, 'error in (no error)', 'IN', 0), (5, 'options', 'IN', 0), (6, 'vi path', 'IN', 550), (7, 'application reference (local)', 'IN', 0)]
   Nodes[ 5] #230    Property Node                              [(0, 'reference', 'IN', 366), (1, 'reference out', 'OUT', 0), (2, 'error in (no error)', 'IN', 0), (3, 'error out', 'OUT', 0), (4, 'UID', 'OUT', 620)]
   Nodes[ 6] #238    Property Node                              [(0, 'reference', 'IN', 366), (1, 'reference out', 'OUT', 0), (2, 'error in (no error)', 'IN', 0), (3, 'error out', 'OUT', 701), (4, 'ShiftRegs[]', 'OUT', 558)]
   Nodes[ 7] #313    For Loop                                   [(0, '', 'IN', 0), (1, 'ShiftRegs[]', 'IN', 558), (2, '', 'OUT', 603)]
   PANEL: [(0, 'vi path', False), (1, 'Class Name', False), (2, 'index', False), (3, 'vi path 2', False), (4, 'location (0, 0)', False), (5, 'error out', True), (6, 'Properties', False), (7, 'Class Name 2', False), (8, 'index 2', False), (9, 'reference', False), (10, 'Array', True), (11, 'UID', True), (12, 'error out 2', True)]
  PASS  D OpWhileCast_v0.vi md5 unchanged by the read  70a3f735b527c30d2196baf2623bfbad
  FACT  census -> G:\Codes\LabVIEW_Codes\MinLab\zz_LabView VI\AAA_UNIST\2. Tracking\V6_ParallelLoop\tools\bench\connectnested_donors.json
  FACT  LabVIEW handles after: 31369

--- FACTS ---
  LabVIEW handles before: 31267 (fresh-instance baseline ~31,500)
  census -> G:\Codes\LabVIEW_Codes\MinLab\zz_LabView VI\AAA_UNIST\2. Tracking\V6_ParallelLoop\tools\bench\connectnested_donors.json
  LabVIEW handles after: 31369

=== diag_connectnested_donors: 6 pass, 0 fail  (59 s) ===
BGRUN END rc=0 after 59s
