BGRUN START 2026-10-01 20:44:36 limit 50.0 min: py -u tools/bench/diag_c126_4_op.py
BGRUN PID 16920
  GATE PASS  B D donor OpSetIndexMode_v0 copy ES 1  
net_map: node 0 uid 43 (0 s)
net_map: node 1 uid 124 (1 s)
net_map: node 2 uid 308 (3 s)
net_map: node 3 uid 683 (4 s)
net_map: node 4 uid 316 (5 s)
net_map: node 5 uid 220 (6 s)
net_map: node 6 uid 334 (6 s)
net_map: purged 20/65 junk Invokes (1 s)
net_map: purged 40/65 junk Invokes (3 s)
net_map: purged 60/65 junk Invokes (4 s)
net_map: 6 nodes walked in 7.4 s; 65 junk Invoke(s) purged in 4.2 s
  GATE PASS  OpWireRemoveLooseEnds_v0 X donor IndexMode PN #220 deleted, ES 1  
net_map: node 0 uid 43 (0 s)
net_map: node 1 uid 124 (2 s)
net_map: node 2 uid 308 (3 s)
net_map: node 3 uid 683 (3 s)
net_map: node 4 uid 316 (4 s)
net_map: node 5 uid 118 (4 s)
net_map: purged 20/57 junk Invokes (0 s)
net_map: purged 40/57 junk Invokes (1 s)
net_map: 5 nodes walked in 4.0 s; 57 junk Invoke(s) purged in 1.1 s
  GATE PASS  OpWireRemoveLooseEnds_v0 S VI Server:Wire seed 'reference' -> TMSC #683 -> PN #118: ES 1  
  GATE PASS  M1 Invoke 6370C08 method terminal == 'RemoveLooseEnds' (id AND data name) ['RemoveLooseEnds', 'RemoveLooseEnds']  ['RemoveLooseEnds', 'RemoveLooseEnds']
  FACT  B PN outputs: (['UID', 'Broken?'], ['Broken?'])
  GATE PASS  OpWireRemoveLooseEnds_v0 A assembled ExecState 1  1
  GATE PASS  OpWireRemoveLooseEnds_v0 V saved by script  (11760, '0c3540784a456023b99d64150f50d0f4')
  GATE PASS  C COLD ExecState 1  0c3540784a456023b99d64150f50d0f4
  FACT  HYG: HYG OpWireRemoveLooseEnds_v0 round 0: 100 calls, errors 0, check [], h_pre 34082 h_post 34106 h_closed 34100, gdi 350 user 85, live 0, t 9s
  FACT  HYG: HYG OpWireRemoveLooseEnds_v0 round 1: 100 calls, errors 0, check [], h_pre 34106 h_post 34101 h_closed 34097, gdi 350 user 85, live 0, t 16s
  FACT  HYG: HYG OpWireRemoveLooseEnds_v0 round 2: 100 calls, errors 0, check [], h_pre 34103 h_post 34105 h_closed 34098, gdi 350 user 85, live 0, t 19s
  FACT  HYG: HYG OpWireRemoveLooseEnds_v0 round 3: 100 calls, errors 0, check [], h_pre 34102 h_post 34102 h_closed 34095, gdi 350 user 86, live 0, t 22s
  FACT  HYG: HYG OpWireRemoveLooseEnds_v0 round 4: 100 calls, errors 0, check [], h_pre 34101 h_post 34102 h_closed 34096, gdi 350 user 86, live 0, t 24s
  FACT  HYG: HYG OpWireRemoveLooseEnds_v0 round 5: 100 calls, errors 0, check [], h_pre 34102 h_post 34101 h_closed 34095, gdi 350 user 86, live 0, t 26s
  FACT  HYG: HYG OpWireRemoveLooseEnds_v0 round 6: 100 calls, errors 0, check [], h_pre 34101 h_post 34102 h_closed 34096, gdi 350 user 86, live 0, t 28s
  FACT  HYG: HYG OpWireRemoveLooseEnds_v0 round 7: 100 calls, errors 0, check [], h_pre 34102 h_post 34102 h_closed 34096, gdi 350 user 86, live 0, t 30s
  FACT  HYG: HYG OpWireRemoveLooseEnds_v0 round 8: 100 calls, errors 0, check [], h_pre 34102 h_post 34102 h_closed 34096, gdi 350 user 86, live 0, t 32s
  FACT  HYG: HYG OpWireRemoveLooseEnds_v0 round 9: 100 calls, errors 0, check [], h_pre 34102 h_post 34102 h_closed 34095, gdi 350 user 86, live 0, t 35s
  FACT  HYG: HYG OpWireRemoveLooseEnds_v0 round 10: 100 calls, errors 0, check [], h_pre 34101 h_post 34101 h_closed 34095, gdi 350 user 86, live 0, t 37s
  FACT  HYG: HYG OpWireRemoveLooseEnds_v0 round 11: 100 calls, errors 0, check [], h_pre 34101 h_post 34102 h_closed 34096, gdi 350 user 86, live 0, t 39s
  FACT  HYG: HYG OpWireRemoveLooseEnds_v0 round 12: 100 calls, errors 0, check [], h_pre 34102 h_post 34101 h_closed 34095, gdi 350 user 86, live 0, t 41s
  FACT  HYG: HYG OpWireRemoveLooseEnds_v0 round 13: 100 calls, errors 0, check [], h_pre 34101 h_post 34101 h_closed 34095, gdi 350 user 86, live 0, t 43s
  FACT  HYG: HYG OpWireRemoveLooseEnds_v0 round 14: 100 calls, errors 0, check [], h_pre 34102 h_post 34101 h_closed 34096, gdi 350 user 86, live 0, t 45s
  FACT  HYG: HYG OpWireRemoveLooseEnds_v0 round 15: 100 calls, errors 0, check [], h_pre 34102 h_post 34101 h_closed 34096, gdi 350 user 86, live 0, t 47s
  FACT  HYG: HYG OpWireRemoveLooseEnds_v0 round 16: 100 calls, errors 0, check [], h_pre 34102 h_post 34101 h_closed 34095, gdi 350 user 86, live 0, t 49s
  FACT  HYG: HYG OpWireRemoveLooseEnds_v0 round 17: 100 calls, errors 0, check [], h_pre 34101 h_post 34101 h_closed 34095, gdi 350 user 86, live 0, t 51s
  FACT  HYG: HYG OpWireRemoveLooseEnds_v0 round 18: 100 calls, errors 0, check [], h_pre 34101 h_post 34102 h_closed 34096, gdi 350 user 86, live 0, t 54s
  FACT  HYG: HYG OpWireRemoveLooseEnds_v0 round 19: 100 calls, errors 0, check [], h_pre 34102 h_post 34104 h_closed 34098, gdi 350 user 86, live 0, t 56s
  GATE PASS  H hygiene_run OpWireRemoveLooseEnds_v0: 2000 calls, 0 errors, max dev 5, refs 0  {'schema': 'op-hygiene/1', 'op': 'OpWireRemoveLooseEnds_v0', 'path': 'C:\\Program Files\\National Instruments\\LabVIEW 2026\\user.lib\\claudeDev\\OpWireRemoveLooseEnds_v0.vi', 'md5': '0c3540784a456023b99d64150f50d0f4', 'status': 'PASS', 'calls': 2000, 'errors': 0, 'error_samples': [], 'check_problems': [], 'handles_before': 34100, 'handles_after': 34098, 'handles_per_round': [34100, 34097, 34098, 
  FACT  EL s1_before: N 55 items 55 errors []; per-class delta vs the bed's 55 (bed, now) {'youhaveconnectedanoutputlooptunneltoaninputofsubvichangetheinputtoanoutputoraddasource': (0, 1), 'youhaveconnectedanoutputlooptunneltoaninputofsubvlchangetheinputtoanoutputoraddasource': (1, 0)}: {'buildarraybuildarraycontainsunwiredorbadterminal': 3, 'looptunnelwireconnectedtoanundirectedtunnel': 3, 'subvltracknbeadsfourfoldoverkernelv3vireguiredinputimageinisnotwired': 1, 'thiswireconnectsoneormoredatasinksbuthasnosource': 1, 'thiswireisnotconnectedtoanvthing': 1, 'thiswireisnotconnectedtoanything': 19, 'wirewirehaslooseends': 24, 'youhaveconnectedanoutputlooptunneltoaninputofreplacearra
  GATE FAIL  S1 Error List BEFORE == the bed's recorded 55, per-class delta {}  {'n': 55, 'items': 55, 'counts': {'buildarraybuildarraycontainsunwiredorbadterminal': 3, 'looptunnelwireconnectedtoanundirectedtunnel': 3, 'subvltracknbeadsfourfoldoverkernelv3vireguiredinputimageinisnotwired': 1, 'thiswireconnectsoneormoredatasinksbuthasnosource': 1, 'thiswireisnotconnectedtoanvthing': 1, 'thiswireisnotconnectedtoanything': 19, 'wirewirehaslooseends': 24, 'youhaveconnectedanoutpu
  FACT  S1 BEFORE w27378: {'present': True, 'joints': {'joints': 5, 'loose': 1, 'terms': 2, 'free': [(3, [6957, 2555])], 'raw': [[(3277, 1143), 1, 1, -1, -1, -1, 1], [(6957, 1143), 0, 2, -1, 2, 0, -1], [(6957, 2513), 4, 3, 1, 3, -1, 4], [(6957, 2555), 256, 1, 2, -1, -1, -1], [(6960, 2513), 1, 1, -1, -1, 2, -1]]}, 'terms': [('SelectorTunnel', 27344, '', False, 27365), ('LeftShiftRegister', 27258, '', True, 27278)], 'es': 0}
  GATE PASS  S1 w27378 present, BEFORE loose joints >= 1  {'present': True, 'joints': {'joints': 5, 'loose': 1, 'terms': 2, 'free': [(3, [6957, 2555])], 'raw': [[(3277, 1143), 1, 1, -1, -1, -1, 1], [(6957, 1143), 0, 2, -1, 2, 0, -1], [(6957, 2513), 4, 3, 1, 3, -1, 4], [(6957, 2555), 256, 1, 2, -1, -1, -1], [(6960, 2513), 1, 1, -1, -1, 2, -1]]}, 'terms': [('SelectorTunnel', 27344, '', False, 27365), ('LeftShiftRegister', 27258, '', True, 27278)], 'es': 0}
  FACT  S1 wire_remove_loose_ends: {'echo': 27378, 'broken_before': True, 'broken_after': False, 'err': ''}
  GATE PASS  S1 op echo 27378 err ''  {'echo': 27378, 'broken_before': True, 'broken_after': False, 'err': ''}
  FACT  S1 AFTER w27378: {'present': True, 'joints': {'joints': 4, 'loose': 0, 'terms': 2, 'free': [], 'raw': [[(3277, 1143), 1, 1, -1, -1, -1, 1], [(6957, 1143), 0, 2, -1, 2, 0, -1], [(6957, 2513), 0, 2, 1, -1, -1, 3], [(6960, 2513), 1, 1, -1, -1, 2, -1]]}, 'terms': [('SelectorTunnel', 27344, '', False, 27365), ('LeftShiftRegister', 27258, '', True, 27278)], 'es': 0}
  FACT  S1 census delta: {'new': [], 'gone': []}
  FACT  EL s1_after: N 54 items 54 errors []; per-class delta vs the bed's 55 (bed, now) {'wirewirehaslooseends': (24, 23), 'youhaveconnectedanoutputlooptunneltoaninputofsubvichangetheinputtoanoutputoraddasource': (0, 1), 'youhaveconnectedanoutputlooptunneltoaninputofsubvlchangetheinputtoanoutputoraddasource': (1, 0)}: {'buildarraybuildarraycontainsunwiredorbadterminal': 3, 'looptunnelwireconnectedtoanundirectedtunnel': 3, 'subvltracknbeadsfourfoldoverkernelv3vireguiredinputimageinisnotwired': 1, 'thiswireconnectsoneormoredatasinksbuthasnosource': 1, 'thiswireisnotconnectedtoanvthing': 1, 'thiswireisnotconnectedtoanything': 19, 'wirewirehaslooseends': 23, 'youhaveconnectedanoutputlooptunneltoaninputofreplacearra
  GATE PASS  X bed md5 unchanged  4dfa44aac8fb32f706b3eb792ee7d3cc
  GATE PASS  X LabVIEW gone  
  GATE PASS  X scratch copies deleted  1
=== GATES: 13 pass / 1 fail; failing: ["S1 Error List BEFORE == the bed's recorded 55, per-class delta {}"]
RESULT {"schema":"result-line/1","status":"FAIL","gates":{"pass":13,"fail":1},"first_fail":"S1 Error List BEFORE == the bed's recorded 55, per-class delta {}","artefacts":[{"path":"C:\\Program Files\\National Instruments\\LabVIEW 2026\\user.lib\\claudeDev\\OpWireRemoveLooseEnds_v0.vi","md5":"0c3540784a456023b99d64150f50d0f4"},{"path":"G:\\Codes\\LabVIEW_Codes\\MinLab\\zz_LabView VI\\AAA_UNIST\\2. Tracking\\V6_ParallelLoop\\tools\\bench\\diag_c126_4_oplabels.json","md5":"eef564239d144ff43be0b0e6579e3fbf"}]}
BGRUN END rc=1 after 1018s
