BGRUN START 2026-09-27 23:06:15 limit 5.0 min: py -u tools/bench/diag_c112b_final.py
BGRUN PID 13696
  BASE-FLIPS seeded 34 terminal(s) on 15 undirected tunnel(s): [2765, 2992, 3176, 6132, 9087, 9503, 10004, 10177, 28370, 29777, 29911, 30135, 30896, 31051, 31137]
  STEP 01 wire             ok cands=0 cdiff=56 measured:tools/bench/opmodels/connect_from_wire.json@87135ed9639c7ee773786a9bd8af2def
  STEP 02 wire             ok cands=0 cdiff=56 measured:tools/bench/opmodels/connect_from_wire.json@87135ed9639c7ee773786a9bd8af2def
  STEP 03 wire             ok cands=0 cdiff=55 measured:tools/bench/opmodels/connect_from_wire.json@87135ed9639c7ee773786a9bd8af2def
  STEP 04 wire             ok cands=0 cdiff=55 measured:tools/bench/opmodels/connect_from_wire.json@87135ed9639c7ee773786a9bd8af2def
  STEP 05 wire             ok cands=0 cdiff=55 measured:tools/bench/opmodels/connect_from_wire.json@87135ed9639c7ee773786a9bd8af2def
  STEP 06 wire             ok cands=0 cdiff=54 measured:tools/bench/opmodels/connect_from_wire.json@87135ed9639c7ee773786a9bd8af2def
  STEP 07 wire             ok cands=0 cdiff=54 measured:tools/bench/opmodels/connect_from_wire.json@87135ed9639c7ee773786a9bd8af2def
  ROUTE 1 connect ['b2_09']: cfw
  ROUTE 2 connect ['b2_10']: wire_sr:RightIn
  ROUTE 3 connect ['b2_11']: wire_sr:LeftIn
  ROUTE 4 connect ['b2_12']: cfw
  ROUTE 5 connect ['b2_13']: wire_sr:RightIn
  ROUTE 6 connect ['b2_14']: wire_sr:LeftIn
  ROUTE 7 connect ['b2_15']: ctltun
FINAL True open_rows_match True failed None end rows 54
ROUTE-ROW 1 ['b2_09'] cfw | uid echo: owner #10170 Terminals[18] uid == #25588 (name '') | None
ROUTE-ROW 2 ['b2_10'] wire_sr:RightIn | uid echo: owner #1359 Terminals[2] uid == #9234 (name '') | None
ROUTE-ROW 3 ['b2_11'] wire_sr:LeftIn | uid echo: owner #1359 Terminals[1] uid == #9092 (name '') | None
ROUTE-ROW 4 ['b2_12'] cfw | uid echo: owner #10170 Terminals[20] uid == #25606 (name '') | None
ROUTE-ROW 5 ['b2_13'] wire_sr:RightIn | uid echo: owner #29874 Terminals[5] uid == #29624 (name '') | None
ROUTE-ROW 6 ['b2_14'] wire_sr:LeftIn | uid echo: owner #29874 Terminals[3] uid == #29928 (name '') | None
ROUTE-ROW 7 ['b2_15'] ctltun | uid echo: owner #2222 Terminals[0] uid == #2282 (name '') | None
PLAN {'path': 'tools/bench/plan_l2b2a.json', 'md5': '4b782c1f5547c222c423636ca25c2ba9'}
  PASS  FINAL and open_rows_match
  PASS  route check PASS, 7 rows, 0 UNROUTABLE
  PASS  end cdiff 54 rows
RESULT {"schema":"result-line/1","status":"PASS","gates":{"pass":3,"fail":0},"first_fail":null,"artefacts":[{"path":"tools/bench/plan_l2b2a.json","md5":"4b782c1f5547c222c423636ca25c2ba9"}]}
BGRUN END rc=0 after 12s
