BGRUN START 2026-09-18 17:13:02 limit 3.0 min: py -u tools/bench/diag_d0_gate_probe.py
=== diag_d0_gate_probe (read-only) ===
ROOT G:\Codes\LabVIEW_Codes\MinLab\zz_LabView VI\AAA_UNIST\2. Tracking\V6_ParallelLoop
CYCLE_BUILD_BUDGET=10 CYCLE_HOURS=8.0 MAX_AGE_S=108000
     PASS     P1 helpers returned | retro=True log=True
RETRO  path  archive\peer\2026-09-18-retrospective-cycle29.md
RETRO  stamp 2026-09-18 16:52:33 (1789717953)
RETRO  mtime 2026-09-18 16:54:14
     PASS     P2 newest retrospective found | archive\peer\2026-09-18-retrospective-cycle29.md
BUILD  path  tools\bench\diag_d0_gate_probe.log
BUILD  mtime 2026-09-18 17:13:02 (1789719182)
BUILD  is_build_log True
     PASS     P3 newest build log found | tools\bench\diag_d0_gate_probe.log
SINCE  3 unreviewed build log(s), span 0.16 h, overdue=False
SINCE    2026-09-18 17:03:28  tools\bench\diag_d0_inventory.log
SINCE    2026-09-18 17:05:34  tools\bench\diag_d0_trace_path.log
SINCE    2026-09-18 17:13:02  tools\bench\diag_d0_gate_probe.log
     PASS     P4 since-set computed | 3 logs, 0.16 h, overdue=False
RETRO-GATE would block: False   (retro_stamp<build_mtime=True, overdue=False)
     PASS     P5 retrospective-gate predicate read | would_block=False
=== diag_d0_gate_probe: 5 pass, 0 fail ===
BGRUN END rc=0 after 0s
