BGRUN START 2026-10-01 23:33:02 limit 3.0 min: py -u tools/stage_prerun.py --dry tools/bench/diag_c127_5_errsel.py
BGRUN PID 7824

---------- [0] FILES ONLY (DRY RUN: no LabVIEW, no copy)
  PASS  K1 input md5 == eb8dad78209440fbbb9d87afad3d8ad6  got eb8dad78209440fbbb9d87afad3d8ad6
  PASS  DRY graph JSON for input md5 eb8dad78209440fbbb9d87afad3d8ad6  G:\Codes\LabVIEW_Codes\MinLab\zz_LabView VI\AAA_UNIST\2. Tracking\V6_ParallelLoop\tools\bench\graph_harness_copyloop_c95.json
  PASS  K IMAQ Copy #240 error out #360 present, unwired []
  PASS  D1 donors found: Unbundle None | Select None  (None, None)
  FACT  OP create_primitive_nested S1_sel Select -> err '' (0.0 s)
  FACT  CREATE S1_sel #<dry:g.create_primitive_nested> census {} terms []
  PASS  S1_sel op err '' and one node  <dry:g.create_primitive_nested>
  FACT  OP create_primitive_nested S1_kt const_donor -> err '' (0.0 s)
  FACT  CREATE S1_kt #<dry:g.create_primitive_nested> census {} terms []
  PASS  S1_kt op err '' and one node  <dry:g.create_primitive_nested>
  FACT  OP create_primitive_nested S1_kf const_donor -> err '' (0.0 s)
  FACT  CREATE S1_kf #<dry:g.create_primitive_nested> census {} terms []
  PASS  S1_kf op err '' and one node  <dry:g.create_primitive_nested>
  FACT  OP create_primitive_nested S1_mm Max & Min -> err '' (0.0 s)
  FACT  CREATE S1_mm #<dry:g.create_primitive_nested> census {} terms []
  PASS  S1_mm op err '' and one node  <dry:g.create_primitive_nested>
  FACT  OP create_primitive_nested S1_unb Unbundle By Name -> err '' (0.0 s)
  FACT  CREATE S1_unb #<dry:g.create_primitive_nested> census {} terms []
  PASS  S1_unb op err '' and one node  <dry:g.create_primitive_nested>
  FACT  OP connect_term_uid S1_W_unb_in #0 <- #360 -> err '' (0.0 s)
  FACT  WIRE S1_W_unb_in Is Broken? <dry:g.connect_term_uid.get()> err <dry:g.connect_term_uid.get()> census {} ExecState None
  PASS  S1_W_unb_in op err '' and Is Broken? False  <dry:g.connect_term_uid>
  PASS  U Unbundle By Name default element after wiring == status []
  FACT  OP connect_term_uid S1_W_s #0 <- #0 -> err '' (0.0 s)
  FACT  WIRE S1_W_s Is Broken? <dry:g.connect_term_uid.get()> err <dry:g.connect_term_uid.get()> census {} ExecState None
  PASS  S1_W_s op err '' and Is Broken? False  <dry:g.connect_term_uid>
  FACT  OP connect_term_uid S1_W_t #0 <- #0 -> err '' (0.0 s)
  FACT  WIRE S1_W_t Is Broken? <dry:g.connect_term_uid.get()> err <dry:g.connect_term_uid.get()> census {} ExecState None
  PASS  S1_W_t op err '' and Is Broken? False  <dry:g.connect_term_uid>
  FACT  OP connect_term_uid S1_W_f #0 <- #0 -> err '' (0.0 s)
  FACT  WIRE S1_W_f Is Broken? <dry:g.connect_term_uid.get()> err <dry:g.connect_term_uid.get()> census {} ExecState None
  PASS  S1_W_f op err '' and Is Broken? False  <dry:g.connect_term_uid>
  FACT  OP connect_term_uid S1_W_out #0 <- #0 -> err '' (0.0 s)
  FACT  WIRE S1_W_out Is Broken? <dry:g.connect_term_uid.get()> err <dry:g.connect_term_uid.get()> census {} ExecState None
  PASS  S1_W_out op err '' and Is Broken? False  <dry:g.connect_term_uid>
  FACT  END S1_ ExecState None Select terms []
  FACT  OP create_primitive_nested S2_sel Select -> err '' (0.0 s)
  FACT  CREATE S2_sel #<dry:g.create_primitive_nested> census {} terms []
  PASS  S2_sel op err '' and one node  <dry:g.create_primitive_nested>
  FACT  OP create_primitive_nested S2_kt const_donor -> err '' (0.0 s)
  FACT  CREATE S2_kt #<dry:g.create_primitive_nested> census {} terms []
  PASS  S2_kt op err '' and one node  <dry:g.create_primitive_nested>
  FACT  OP create_primitive_nested S2_kf const_donor -> err '' (0.0 s)
  FACT  CREATE S2_kf #<dry:g.create_primitive_nested> census {} terms []
  PASS  S2_kf op err '' and one node  <dry:g.create_primitive_nested>
  FACT  OP create_primitive_nested S2_mm Max & Min -> err '' (0.0 s)
  FACT  CREATE S2_mm #<dry:g.create_primitive_nested> census {} terms []
  PASS  S2_mm op err '' and one node  <dry:g.create_primitive_nested>
  FACT  OP connect_term_uid S2_W_s_direct #0 <- #360 -> err '' (0.0 s)
  FACT  WIRE S2_W_s_direct Is Broken? <dry:g.connect_term_uid.get()> err <dry:g.connect_term_uid.get()> census {} ExecState None
  FACT  OP connect_term_uid S2_W_t #0 <- #0 -> err '' (0.0 s)
  FACT  WIRE S2_W_t Is Broken? <dry:g.connect_term_uid.get()> err <dry:g.connect_term_uid.get()> census {} ExecState None
  PASS  S2_W_t op err '' and Is Broken? False  <dry:g.connect_term_uid>
  FACT  OP connect_term_uid S2_W_f #0 <- #0 -> err '' (0.0 s)
  FACT  WIRE S2_W_f Is Broken? <dry:g.connect_term_uid.get()> err <dry:g.connect_term_uid.get()> census {} ExecState None
  PASS  S2_W_f op err '' and Is Broken? False  <dry:g.connect_term_uid>
  FACT  OP connect_term_uid S2_W_out #0 <- #0 -> err '' (0.0 s)
  FACT  WIRE S2_W_out Is Broken? <dry:g.connect_term_uid.get()> err <dry:g.connect_term_uid.get()> census {} ExecState None
  PASS  S2_W_out op err '' and Is Broken? False  <dry:g.connect_term_uid>
  FACT  END S2_ ExecState None Select terms []
  PASS  E S1 ExecState 1
  PASS  X input md5 unchanged  eb8dad78209440fbbb9d87afad3d8ad6

=== DRY PASS: first_fail=None coverage 85/116 lines, first mutation Stage._op create_primitive_nested, unverified 0, graph tools/bench/graph_harness_copyloop_c95.json
RESULT {"schema":"result-line/1","status":"PASS","gates":{"pass":1,"fail":0},"first_fail":null,"artefacts":[]}
BGRUN END rc=0 after 1s
BGRUN KILLED (external) pid=7824 marked 2026-10-01 23:33:03 by bgrun pid=2036: no END/TIMEOUT and the runner process is gone
