BGRUN START 2026-09-23 03:29:13 limit 30.0 min: py -u tools/bench/diag_c90c_rowtable.py

---------- [0] FILES ONLY - the input's md5, the pins, the claudeDev listing
  FACT  claudeDev holds 238 .vi file(s) BEFORE the run
  PASS  K1 input md5 == 26c54ff784cb5cea21edbd214d2cc3a0  got 26c54ff784cb5cea21edbd214d2cc3a0
  FACT  PIN BEFORE ORIGINAL         2a78e17c449cacdaf5da389818526859  (want 2a78e17c449cacdaf5da389818526859) OK
  FACT  PIN BEFORE S1 D1_s1_copy    3e3d23cefd3a334001aa9d6156bf1aee  (want 3e3d23cefd3a334001aa9d6156bf1aee) OK
  FACT  PIN BEFORE S2 D1_s2_loops   6ff19497f2309e007a214660bb64b911  (want 6ff19497f2309e007a214660bb64b911) OK
  FACT  PIN BEFORE ROW2 bed         26c54ff784cb5cea21edbd214d2cc3a0  (want 26c54ff784cb5cea21edbd214d2cc3a0) OK
  FACT  PIN BEFORE M3a-2            3842f5e6f128226235dc78353f26ef44  (want 3842f5e6f128226235dc78353f26ef44) OK
  PASS  K2 the ORIGINAL's md5 is 2a78e17c449cacdaf5da389818526859  got 2a78e17c449cacdaf5da389818526859 at G:\Codes\LabVIEW_Codes\MinLab\zz_LabView VI\AAA_UNIST\2. Tracking\Min_Track N beads V6_ParallelLoop.vi

---------- [1] RESTART LabVIEW (standing authority; fresh ~31,500 handles)
  FACT  LabVIEW handle count BEFORE the restart: 33961
  FACT  LabVIEW handle count AFTER the restart: 33989
  FACT  PRELOAD: the ORIGINAL is resident READ-ONLY (LabVIEW 26.3.1f1), its own ExecState 1; nothing opened, nothing saved

---------- [2] THE DATED WORK COPY under claudeDev - the input is never opened for writing
  PASS  K3 the work copy is byte-identical to the input  diag_c90c_rowtable_20260923_032913.vi
  FACT  ExecState [after open] diag_c90c_rowtable_20260923_032913.vi = 1
  FACT  THE WORK COPY IS A SCRATCH: this stage saves nothing, so diag_c90c_rowtable_20260923_032913.vi is deleted at close

---------- [T0] THE TWO INPUTS - md5 asserted at both ends; the CLEAN Wire census
  FACT  T0 BED: D1_s3b_m3a3b_rowD_20260922_161040.vi md5 0b84595245dd650c0e8fd3f57104782c size 306977 B; version bytes [0, 38]
  PASS  G4a the BED's md5 is 0b84595245dd650c0e8fd3f57104782c  0b84595245dd650c0e8fd3f57104782c
  FACT  T0 CLEAN Wire census: 1907 wire(s)
  PASS  G1 all 11 briefed uids are in the CLEAN artefact's Wire census  missing []

---------- [T1] THE 11 WIRES READ WHOLE ON THE CLEAN ARTEFACT (net_sources, n=8)
  FACT  T1w1731 OpWireSource_v5(UID 2 = 1731): 3 row(s), 2 with a REAL owner
  FACT      T1w1731   t0  is_source=True  owner_class='LeftShiftRegister'        owner_uid=4344    recip=1731
  FACT      T1w1731   t1  is_source=False owner_class='SubVI'                    owner_uid=48      recip=1731
  FACT      T1w1731   t2  is_source=None  owner_class=None                       owner_uid=None    recip=None  READ ERROR errO=error 1055: Property Node in OpWireSource_v5.vi; errU=error 1055: Property Node in OpWireSource_v5.vi; errG=error 1055: Property Node in OpWireSource_v5.vi; errS=error 1055: Property Node in OpWireSource_v5.vi; errWU=error 1055: Property Node in OpWireSource_v5.vi; errCO=error 1055: Property Node in OpWireSource_v5.vi
  FACT  T1w1731 PD85 PRECONDITION: 2 real-owner row(s), 0 violate recip==queried_uid
  FACT  NET w1731: source-terminal owners [('LeftShiftRegister', 4344)] ; every owner [('LeftShiftRegister', 4344), ('SubVI', 48)] ; PD85 0
  FACT  RT1|CLEAN|w1731|r0| row={'i': 0, 'is_source': True, 'owner_class': 'LeftShiftRegister', 'owner_uid': 4344, 'recip': 1731}
  FACT  RT1|CLEAN|w1731|r1| row={'i': 1, 'is_source': False, 'owner_class': 'SubVI', 'owner_uid': 48, 'recip': 1731}
  FACT  RT1|CLEAN|w1731|r2| row={'i': 2, 'err': 'errO=error 1055: Property Node in OpWireSource_v5.vi; errU=error 1055: Property Node in OpWireSource_v5.vi; errG=error 1055: Property Node in OpWireSource_v5.vi; errS=error 1055: Property Node in OpWireSource_v5.vi; errWU=error 1055: Property Node in OpWireSource_v5.vi; errCO=error 1055: Property Node in OpWireSource_v5.vi'}
  FACT  RT1SUM|w1731| rows=3 real_owner_rows=2 in_census=True err=''
  FACT  T1w1893 OpWireSource_v5(UID 2 = 1893): 3 row(s), 2 with a REAL owner
  FACT      T1w1893   t0  is_source=True  owner_class='ControlReferenceConstant' owner_uid=3447    recip=1893
  FACT      T1w1893   t1  is_source=False owner_class='SubVI'                    owner_uid=48      recip=1893
  FACT      T1w1893   t2  is_source=None  owner_class=None                       owner_uid=None    recip=None  READ ERROR errO=error 1055: Property Node in OpWireSource_v5.vi; errU=error 1055: Property Node in OpWireSource_v5.vi; errG=error 1055: Property Node in OpWireSource_v5.vi; errS=error 1055: Property Node in OpWireSource_v5.vi; errWU=error 1055: Property Node in OpWireSource_v5.vi; errCO=error 1055: Property Node in OpWireSource_v5.vi
  FACT  T1w1893 PD85 PRECONDITION: 2 real-owner row(s), 0 violate recip==queried_uid
  FACT  NET w1893: source-terminal owners [('ControlReferenceConstant', 3447)] ; every owner [('ControlReferenceConstant', 3447), ('SubVI', 48)] ; PD85 0
  FACT  RT1|CLEAN|w1893|r0| row={'i': 0, 'is_source': True, 'owner_class': 'ControlReferenceConstant', 'owner_uid': 3447, 'recip': 1893}
  FACT  RT1|CLEAN|w1893|r1| row={'i': 1, 'is_source': False, 'owner_class': 'SubVI', 'owner_uid': 48, 'recip': 1893}
  FACT  RT1|CLEAN|w1893|r2| row={'i': 2, 'err': 'errO=error 1055: Property Node in OpWireSource_v5.vi; errU=error 1055: Property Node in OpWireSource_v5.vi; errG=error 1055: Property Node in OpWireSource_v5.vi; errS=error 1055: Property Node in OpWireSource_v5.vi; errWU=error 1055: Property Node in OpWireSource_v5.vi; errCO=error 1055: Property Node in OpWireSource_v5.vi'}
  FACT  RT1SUM|w1893| rows=3 real_owner_rows=2 in_census=True err=''
  FACT  T1w2819 OpWireSource_v5(UID 2 = 2819): 3 row(s), 2 with a REAL owner
  FACT      T1w2819   t0  is_source=True  owner_class='ControlReferenceConstant' owner_uid=3560    recip=2819
  FACT      T1w2819   t1  is_source=False owner_class='SubVI'                    owner_uid=48      recip=2819
  FACT      T1w2819   t2  is_source=None  owner_class=None                       owner_uid=None    recip=None  READ ERROR errO=error 1055: Property Node in OpWireSource_v5.vi; errU=error 1055: Property Node in OpWireSource_v5.vi; errG=error 1055: Property Node in OpWireSource_v5.vi; errS=error 1055: Property Node in OpWireSource_v5.vi; errWU=error 1055: Property Node in OpWireSource_v5.vi; errCO=error 1055: Property Node in OpWireSource_v5.vi
  FACT  T1w2819 PD85 PRECONDITION: 2 real-owner row(s), 0 violate recip==queried_uid
  FACT  NET w2819: source-terminal owners [('ControlReferenceConstant', 3560)] ; every owner [('ControlReferenceConstant', 3560), ('SubVI', 48)] ; PD85 0
  FACT  RT1|CLEAN|w2819|r0| row={'i': 0, 'is_source': True, 'owner_class': 'ControlReferenceConstant', 'owner_uid': 3560, 'recip': 2819}
  FACT  RT1|CLEAN|w2819|r1| row={'i': 1, 'is_source': False, 'owner_class': 'SubVI', 'owner_uid': 48, 'recip': 2819}
  FACT  RT1|CLEAN|w2819|r2| row={'i': 2, 'err': 'errO=error 1055: Property Node in OpWireSource_v5.vi; errU=error 1055: Property Node in OpWireSource_v5.vi; errG=error 1055: Property Node in OpWireSource_v5.vi; errS=error 1055: Property Node in OpWireSource_v5.vi; errWU=error 1055: Property Node in OpWireSource_v5.vi; errCO=error 1055: Property Node in OpWireSource_v5.vi'}
  FACT  RT1SUM|w2819| rows=3 real_owner_rows=2 in_census=True err=''
  FACT  T1w3947 OpWireSource_v5(UID 2 = 3947): 3 row(s), 2 with a REAL owner
  FACT      T1w3947   t0  is_source=True  owner_class='LeftShiftRegister'        owner_uid=4274    recip=3947
  FACT      T1w3947   t1  is_source=False owner_class='SubVI'                    owner_uid=48      recip=3947
  FACT      T1w3947   t2  is_source=None  owner_class=None                       owner_uid=None    recip=None  READ ERROR errO=error 1055: Property Node in OpWireSource_v5.vi; errU=error 1055: Property Node in OpWireSource_v5.vi; errG=error 1055: Property Node in OpWireSource_v5.vi; errS=error 1055: Property Node in OpWireSource_v5.vi; errWU=error 1055: Property Node in OpWireSource_v5.vi; errCO=error 1055: Property Node in OpWireSource_v5.vi
  FACT  T1w3947 PD85 PRECONDITION: 2 real-owner row(s), 0 violate recip==queried_uid
  FACT  NET w3947: source-terminal owners [('LeftShiftRegister', 4274)] ; every owner [('LeftShiftRegister', 4274), ('SubVI', 48)] ; PD85 0
  FACT  RT1|CLEAN|w3947|r0| row={'i': 0, 'is_source': True, 'owner_class': 'LeftShiftRegister', 'owner_uid': 4274, 'recip': 3947}
  FACT  RT1|CLEAN|w3947|r1| row={'i': 1, 'is_source': False, 'owner_class': 'SubVI', 'owner_uid': 48, 'recip': 3947}
  FACT  RT1|CLEAN|w3947|r2| row={'i': 2, 'err': 'errO=error 1055: Property Node in OpWireSource_v5.vi; errU=error 1055: Property Node in OpWireSource_v5.vi; errG=error 1055: Property Node in OpWireSource_v5.vi; errS=error 1055: Property Node in OpWireSource_v5.vi; errWU=error 1055: Property Node in OpWireSource_v5.vi; errCO=error 1055: Property Node in OpWireSource_v5.vi'}
  FACT  RT1SUM|w3947| rows=3 real_owner_rows=2 in_census=True err=''
  FACT  T1w4833 OpWireSource_v5(UID 2 = 4833): 3 row(s), 2 with a REAL owner
  FACT      T1w4833   t0  is_source=True  owner_class='ControlReferenceConstant' owner_uid=3529    recip=4833
  FACT      T1w4833   t1  is_source=False owner_class='SubVI'                    owner_uid=48      recip=4833
  FACT      T1w4833   t2  is_source=None  owner_class=None                       owner_uid=None    recip=None  READ ERROR errO=error 1055: Property Node in OpWireSource_v5.vi; errU=error 1055: Property Node in OpWireSource_v5.vi; errG=error 1055: Property Node in OpWireSource_v5.vi; errS=error 1055: Property Node in OpWireSource_v5.vi; errWU=error 1055: Property Node in OpWireSource_v5.vi; errCO=error 1055: Property Node in OpWireSource_v5.vi
  FACT  T1w4833 PD85 PRECONDITION: 2 real-owner row(s), 0 violate recip==queried_uid
  FACT  NET w4833: source-terminal owners [('ControlReferenceConstant', 3529)] ; every owner [('ControlReferenceConstant', 3529), ('SubVI', 48)] ; PD85 0
  FACT  RT1|CLEAN|w4833|r0| row={'i': 0, 'is_source': True, 'owner_class': 'ControlReferenceConstant', 'owner_uid': 3529, 'recip': 4833}
  FACT  RT1|CLEAN|w4833|r1| row={'i': 1, 'is_source': False, 'owner_class': 'SubVI', 'owner_uid': 48, 'recip': 4833}
  FACT  RT1|CLEAN|w4833|r2| row={'i': 2, 'err': 'errO=error 1055: Property Node in OpWireSource_v5.vi; errU=error 1055: Property Node in OpWireSource_v5.vi; errG=error 1055: Property Node in OpWireSource_v5.vi; errS=error 1055: Property Node in OpWireSource_v5.vi; errWU=error 1055: Property Node in OpWireSource_v5.vi; errCO=error 1055: Property Node in OpWireSource_v5.vi'}
  FACT  RT1SUM|w4833| rows=3 real_owner_rows=2 in_census=True err=''
  FACT  T1w7337 OpWireSource_v5(UID 2 = 7337): 3 row(s), 2 with a REAL owner
  FACT      T1w7337   t0  is_source=True  owner_class='SelectorTunnel'           owner_uid=11263   recip=7337
  FACT      T1w7337   t1  is_source=False owner_class='RightShiftRegister'       owner_uid=4334    recip=7337
  FACT      T1w7337   t2  is_source=None  owner_class=None                       owner_uid=None    recip=None  READ ERROR errO=error 1055: Property Node in OpWireSource_v5.vi; errU=error 1055: Property Node in OpWireSource_v5.vi; errG=error 1055: Property Node in OpWireSource_v5.vi; errS=error 1055: Property Node in OpWireSource_v5.vi; errWU=error 1055: Property Node in OpWireSource_v5.vi; errCO=error 1055: Property Node in OpWireSource_v5.vi
  FACT  T1w7337 PD85 PRECONDITION: 2 real-owner row(s), 0 violate recip==queried_uid
  FACT  NET w7337: source-terminal owners [('SelectorTunnel', 11263)] ; every owner [('RightShiftRegister', 4334), ('SelectorTunnel', 11263)] ; PD85 0
  FACT  RT1|CLEAN|w7337|r0| row={'i': 0, 'is_source': True, 'owner_class': 'SelectorTunnel', 'owner_uid': 11263, 'recip': 7337}
  FACT  RT1|CLEAN|w7337|r1| row={'i': 1, 'is_source': False, 'owner_class': 'RightShiftRegister', 'owner_uid': 4334, 'recip': 7337}
  FACT  RT1|CLEAN|w7337|r2| row={'i': 2, 'err': 'errO=error 1055: Property Node in OpWireSource_v5.vi; errU=error 1055: Property Node in OpWireSource_v5.vi; errG=error 1055: Property Node in OpWireSource_v5.vi; errS=error 1055: Property Node in OpWireSource_v5.vi; errWU=error 1055: Property Node in OpWireSource_v5.vi; errCO=error 1055: Property Node in OpWireSource_v5.vi'}
  FACT  RT1SUM|w7337| rows=3 real_owner_rows=2 in_census=True err=''
  FACT  T1w7388 OpWireSource_v5(UID 2 = 7388): 3 row(s), 2 with a REAL owner
  FACT      T1w7388   t0  is_source=True  owner_class='SubVI'                    owner_uid=48      recip=7388
  FACT      T1w7388   t1  is_source=False owner_class='SelectorTunnel'           owner_uid=11348   recip=7388
  FACT      T1w7388   t2  is_source=None  owner_class=None                       owner_uid=None    recip=None  READ ERROR errO=error 1055: Property Node in OpWireSource_v5.vi; errU=error 1055: Property Node in OpWireSource_v5.vi; errG=error 1055: Property Node in OpWireSource_v5.vi; errS=error 1055: Property Node in OpWireSource_v5.vi; errWU=error 1055: Property Node in OpWireSource_v5.vi; errCO=error 1055: Property Node in OpWireSource_v5.vi
  FACT  T1w7388 PD85 PRECONDITION: 2 real-owner row(s), 0 violate recip==queried_uid
  FACT  NET w7388: source-terminal owners [('SubVI', 48)] ; every owner [('SelectorTunnel', 11348), ('SubVI', 48)] ; PD85 0
  FACT  RT1|CLEAN|w7388|r0| row={'i': 0, 'is_source': True, 'owner_class': 'SubVI', 'owner_uid': 48, 'recip': 7388}
  FACT  RT1|CLEAN|w7388|r1| row={'i': 1, 'is_source': False, 'owner_class': 'SelectorTunnel', 'owner_uid': 11348, 'recip': 7388}
  FACT  RT1|CLEAN|w7388|r2| row={'i': 2, 'err': 'errO=error 1055: Property Node in OpWireSource_v5.vi; errU=error 1055: Property Node in OpWireSource_v5.vi; errG=error 1055: Property Node in OpWireSource_v5.vi; errS=error 1055: Property Node in OpWireSource_v5.vi; errWU=error 1055: Property Node in OpWireSource_v5.vi; errCO=error 1055: Property Node in OpWireSource_v5.vi'}
  FACT  RT1SUM|w7388| rows=3 real_owner_rows=2 in_census=True err=''
  FACT  T1w9635 OpWireSource_v5(UID 2 = 9635): 3 row(s), 2 with a REAL owner
  FACT      T1w9635   t0  is_source=True  owner_class='LoopTunnel'               owner_uid=9641    recip=9635
  FACT      T1w9635   t1  is_source=False owner_class='SelectorTunnel'           owner_uid=9623    recip=9635
  FACT      T1w9635   t2  is_source=None  owner_class=None                       owner_uid=None    recip=None  READ ERROR errO=error 1055: Property Node in OpWireSource_v5.vi; errU=error 1055: Property Node in OpWireSource_v5.vi; errG=error 1055: Property Node in OpWireSource_v5.vi; errS=error 1055: Property Node in OpWireSource_v5.vi; errWU=error 1055: Property Node in OpWireSource_v5.vi; errCO=error 1055: Property Node in OpWireSource_v5.vi
  FACT  T1w9635 PD85 PRECONDITION: 2 real-owner row(s), 0 violate recip==queried_uid
  FACT  NET w9635: source-terminal owners [('LoopTunnel', 9641)] ; every owner [('LoopTunnel', 9641), ('SelectorTunnel', 9623)] ; PD85 0
  FACT  RT1|CLEAN|w9635|r0| row={'i': 0, 'is_source': True, 'owner_class': 'LoopTunnel', 'owner_uid': 9641, 'recip': 9635}
  FACT  RT1|CLEAN|w9635|r1| row={'i': 1, 'is_source': False, 'owner_class': 'SelectorTunnel', 'owner_uid': 9623, 'recip': 9635}
  FACT  RT1|CLEAN|w9635|r2| row={'i': 2, 'err': 'errO=error 1055: Property Node in OpWireSource_v5.vi; errU=error 1055: Property Node in OpWireSource_v5.vi; errG=error 1055: Property Node in OpWireSource_v5.vi; errS=error 1055: Property Node in OpWireSource_v5.vi; errWU=error 1055: Property Node in OpWireSource_v5.vi; errCO=error 1055: Property Node in OpWireSource_v5.vi'}
  FACT  RT1SUM|w9635| rows=3 real_owner_rows=2 in_census=True err=''
  FACT  T1w11232 OpWireSource_v5(UID 2 = 11232): 3 row(s), 2 with a REAL owner
  FACT      T1w11232   t0  is_source=True  owner_class='SubVI'                    owner_uid=48      recip=11232
  FACT      T1w11232   t1  is_source=False owner_class='SelectorTunnel'           owner_uid=11220   recip=11232
  FACT      T1w11232   t2  is_source=None  owner_class=None                       owner_uid=None    recip=None  READ ERROR errO=error 1055: Property Node in OpWireSource_v5.vi; errU=error 1055: Property Node in OpWireSource_v5.vi; errG=error 1055: Property Node in OpWireSource_v5.vi; errS=error 1055: Property Node in OpWireSource_v5.vi; errWU=error 1055: Property Node in OpWireSource_v5.vi; errCO=error 1055: Property Node in OpWireSource_v5.vi
  FACT  T1w11232 PD85 PRECONDITION: 2 real-owner row(s), 0 violate recip==queried_uid
  FACT  NET w11232: source-terminal owners [('SubVI', 48)] ; every owner [('SelectorTunnel', 11220), ('SubVI', 48)] ; PD85 0
  FACT  RT1|CLEAN|w11232|r0| row={'i': 0, 'is_source': True, 'owner_class': 'SubVI', 'owner_uid': 48, 'recip': 11232}
  FACT  RT1|CLEAN|w11232|r1| row={'i': 1, 'is_source': False, 'owner_class': 'SelectorTunnel', 'owner_uid': 11220, 'recip': 11232}
  FACT  RT1|CLEAN|w11232|r2| row={'i': 2, 'err': 'errO=error 1055: Property Node in OpWireSource_v5.vi; errU=error 1055: Property Node in OpWireSource_v5.vi; errG=error 1055: Property Node in OpWireSource_v5.vi; errS=error 1055: Property Node in OpWireSource_v5.vi; errWU=error 1055: Property Node in OpWireSource_v5.vi; errCO=error 1055: Property Node in OpWireSource_v5.vi'}
  FACT  RT1SUM|w11232| rows=3 real_owner_rows=2 in_census=True err=''
  FACT  T1w23502 OpWireSource_v5(UID 2 = 23502): 3 row(s), 2 with a REAL owner
  FACT      T1w23502   t0  is_source=True  owner_class='Local'                    owner_uid=23499   recip=23502
  FACT      T1w23502   t1  is_source=False owner_class='Tunnel'                   owner_uid=10429   recip=23502
  FACT      T1w23502   t2  is_source=None  owner_class=None                       owner_uid=None    recip=None  READ ERROR errO=error 1055: Property Node in OpWireSource_v5.vi; errU=error 1055: Property Node in OpWireSource_v5.vi; errG=error 1055: Property Node in OpWireSource_v5.vi; errS=error 1055: Property Node in OpWireSource_v5.vi; errWU=error 1055: Property Node in OpWireSource_v5.vi; errCO=error 1055: Property Node in OpWireSource_v5.vi
  FACT  T1w23502 PD85 PRECONDITION: 2 real-owner row(s), 0 violate recip==queried_uid
  FACT  NET w23502: source-terminal owners [('Local', 23499)] ; every owner [('Local', 23499), ('Tunnel', 10429)] ; PD85 0
  FACT  RT1|CLEAN|w23502|r0| row={'i': 0, 'is_source': True, 'owner_class': 'Local', 'owner_uid': 23499, 'recip': 23502}
  FACT  RT1|CLEAN|w23502|r1| row={'i': 1, 'is_source': False, 'owner_class': 'Tunnel', 'owner_uid': 10429, 'recip': 23502}
  FACT  RT1|CLEAN|w23502|r2| row={'i': 2, 'err': 'errO=error 1055: Property Node in OpWireSource_v5.vi; errU=error 1055: Property Node in OpWireSource_v5.vi; errG=error 1055: Property Node in OpWireSource_v5.vi; errS=error 1055: Property Node in OpWireSource_v5.vi; errWU=error 1055: Property Node in OpWireSource_v5.vi; errCO=error 1055: Property Node in OpWireSource_v5.vi'}
  FACT  RT1SUM|w23502| rows=3 real_owner_rows=2 in_census=True err=''
  FACT  T1w23540 OpWireSource_v5(UID 2 = 23540): 3 row(s), 2 with a REAL owner
  FACT      T1w23540   t0  is_source=True  owner_class='Local'                    owner_uid=23523   recip=23540
  FACT      T1w23540   t1  is_source=False owner_class='SelectorTunnel'           owner_uid=10978   recip=23540
  FACT      T1w23540   t2  is_source=None  owner_class=None                       owner_uid=None    recip=None  READ ERROR errO=error 1055: Property Node in OpWireSource_v5.vi; errU=error 1055: Property Node in OpWireSource_v5.vi; errG=error 1055: Property Node in OpWireSource_v5.vi; errS=error 1055: Property Node in OpWireSource_v5.vi; errWU=error 1055: Property Node in OpWireSource_v5.vi; errCO=error 1055: Property Node in OpWireSource_v5.vi
  FACT  T1w23540 PD85 PRECONDITION: 2 real-owner row(s), 0 violate recip==queried_uid
  FACT  NET w23540: source-terminal owners [('Local', 23523)] ; every owner [('Local', 23523), ('SelectorTunnel', 10978)] ; PD85 0
  FACT  RT1|CLEAN|w23540|r0| row={'i': 0, 'is_source': True, 'owner_class': 'Local', 'owner_uid': 23523, 'recip': 23540}
  FACT  RT1|CLEAN|w23540|r1| row={'i': 1, 'is_source': False, 'owner_class': 'SelectorTunnel', 'owner_uid': 10978, 'recip': 23540}
  FACT  RT1|CLEAN|w23540|r2| row={'i': 2, 'err': 'errO=error 1055: Property Node in OpWireSource_v5.vi; errU=error 1055: Property Node in OpWireSource_v5.vi; errG=error 1055: Property Node in OpWireSource_v5.vi; errS=error 1055: Property Node in OpWireSource_v5.vi; errWU=error 1055: Property Node in OpWireSource_v5.vi; errCO=error 1055: Property Node in OpWireSource_v5.vi'}
  FACT  RT1SUM|w23540| rows=3 real_owner_rows=2 in_census=True err=''
  OBSERVED uid 999983 -> owner 'Diagram' uid 639 | self 'Wire'#23540 | 482 says 'Diagram' cast 'Diagram' |  
  FACT  CTL negative owner_of(#999983) on CLEAN raised RuntimeError: owner_of(999983) is not an answer: echoed 'Wire'#23540, errors ''
  FACT  RTC|NEG|CLEAN| owner_of(999983) -> None #None ; RAISED="RuntimeError: owner_of(999983) is not an answer: echoed 'Wire'#23540, errors ''"
  PASS  G2 CLEAN: the NEGATIVE uid 999983 does NOT echo back (strict owner_of refuses it)  raised "RuntimeError: owner_of(999983) is not an answer: echoed 'Wire'#23540, errors ''"
  FACT  CTLpos-CLEAN-w21 OpWireSource_v5(UID 2 = 21): 4 row(s), 3 with a REAL owner
  FACT      CTLpos-CLEAN-w21   t0  is_source=True  owner_class='FlatSequenceInnerTunnel'  owner_uid=1748    recip=21
  FACT      CTLpos-CLEAN-w21   t1  is_source=False owner_class='LoopTunnel'               owner_uid=3644    recip=21
  FACT      CTLpos-CLEAN-w21   t2  is_source=False owner_class='SubVI'                    owner_uid=6384    recip=21
  FACT      CTLpos-CLEAN-w21   t3  is_source=None  owner_class=None                       owner_uid=None    recip=None  READ ERROR errO=error 1055: Property Node in OpWireSource_v5.vi; errU=error 1055: Property Node in OpWireSource_v5.vi; errG=error 1055: Property Node in OpWireSource_v5.vi; errS=error 1055: Property Node in OpWireSource_v5.vi; errWU=error 1055: Property Node in OpWireSource_v5.vi; errCO=error 1055: Property Node in OpWireSource_v5.vi
  FACT  CTLpos-CLEAN-w21 PD85 PRECONDITION: 3 real-owner row(s), 0 violate recip==queried_uid
  FACT  NET w21: source-terminal owners [('FlatSequenceInnerTunnel', 1748)] ; every owner [('FlatSequenceInnerTunnel', 1748), ('LoopTunnel', 3644), ('SubVI', 6384)] ; PD85 0
  FACT  RTC|POS|CLEAN| intact wire 21: rows=4 real=3 owners=[('FlatSequenceInnerTunnel', 1748), ('LoopTunnel', 3644), ('SubVI', 6384)] PD85=0
  PASS  G3 CLEAN: the intact POSITIVE control wire 21 yields >=1 real owner row, PD85 0  3 real row(s), PD85 0

---------- [T2a] TERMINAL INDEX + NAME on the CLEAN artefact
  FACT  T2-CLEAN-48 #48 lives at: {'diagram_index': 46, 'diagram_uid': 639, 'diagram_class': 'Diagram', 'nodes_index': 11, 'nodes_on_diagram': 75, 'label': 'ASI_adjust focus-subvi.vi'}  (47 diagram(s) scanned of 173, 5.2 s)
  FACT  T2-CLEAN-48 terminal table of #48 (Diagram idx 46, Nodes[11], echo 48): 7 terminal(s)
  FACT      T2-CLEAN-48 t0  '-Inc reference'                   is_source=False wire=4833    errs=[0, 0, 0, 0]
  FACT      T2-CLEAN-48 t1  '+Inc reference'                   is_source=False wire=2819    errs=[0, 0, 0, 0]
  FACT      T2-CLEAN-48 t2  'Focus inc reference'              is_source=False wire=1893    errs=[0, 0, 0, 0]
  FACT      T2-CLEAN-48 t3  'VISA resource name'               is_source=False wire=1731    errs=[0, 0, 0, 0]
  FACT      T2-CLEAN-48 t4  'In position'                      is_source=False wire=3947    errs=[0, 0, 0, 0]
  FACT      T2-CLEAN-48 t5  'Out position'                     is_source=True  wire=7388    errs=[0, 0, 0, 0]
  FACT      T2-CLEAN-48 t6  'Outgoing Handle'                  is_source=True  wire=11232   errs=[0, 0, 0, 0]
  FACT  #48: 7 terminal(s), 7 WIRED
  FACT  RT2|CLEAN|48|t0| name='-Inc reference' is_source=False connected_wire=4833 state=WIRED errs=[0, 0, 0, 0]
  FACT  RT2|CLEAN|48|t1| name='+Inc reference' is_source=False connected_wire=2819 state=WIRED errs=[0, 0, 0, 0]
  FACT  RT2|CLEAN|48|t2| name='Focus inc reference' is_source=False connected_wire=1893 state=WIRED errs=[0, 0, 0, 0]
  FACT  RT2|CLEAN|48|t3| name='VISA resource name' is_source=False connected_wire=1731 state=WIRED errs=[0, 0, 0, 0]
  FACT  RT2|CLEAN|48|t4| name='In position' is_source=False connected_wire=3947 state=WIRED errs=[0, 0, 0, 0]
  FACT  RT2|CLEAN|48|t5| name='Out position' is_source=True connected_wire=7388 state=WIRED errs=[0, 0, 0, 0]
  FACT  RT2|CLEAN|48|t6| name='Outgoing Handle' is_source=True connected_wire=11232 state=WIRED errs=[0, 0, 0, 0]
  FACT  RT2SUM|CLEAN|48| terminals=7 uid_echo=48 found={'diagram_index': 46, 'diagram_uid': 639, 'diagram_class': 'Diagram', 'nodes_index': 11, 'nodes_on_diagram': 75, 'label': 'ASI_adjust focus-subvi.vi'}
  FACT  T2-CLEAN-10407 #10407 lives at: {'diagram_index': 46, 'diagram_uid': 639, 'diagram_class': 'Diagram', 'nodes_index': 24, 'nodes_on_diagram': 75, 'label': 'Case Structure'}  (47 diagram(s) scanned of 173, 5.2 s)
  FACT  T2-CLEAN-10407 terminal table of #10407 (Diagram idx 46, Nodes[24], echo 10407): 7 terminal(s)
  FACT      T2-CLEAN-10407 t0  ''                                 is_source=False wire=23502   errs=[0, 0, 0, 0]
  FACT      T2-CLEAN-10407 t1  '# slices in stack'                is_source=False wire=9635    errs=[0, 0, 0, 0]
  FACT      T2-CLEAN-10407 t2  'index'                            is_source=False wire=23540   errs=[0, 0, 0, 0]
  FACT      T2-CLEAN-10407 t3  'Outgoing Handle'                  is_source=False wire=11232   errs=[0, 0, 0, 0]
  FACT      T2-CLEAN-10407 t4  'VISA out'                         is_source=True  wire=7337    errs=[0, 0, 0, 0]
  FACT      T2-CLEAN-10407 t5  'Out position'                     is_source=False wire=7388    errs=[0, 0, 0, 0]
  FACT      T2-CLEAN-10407 t6  'position [internal units]'        is_source=True  wire=9113    errs=[0, 0, 0, 0]
  FACT  #10407: 7 terminal(s), 7 WIRED
  FACT  RT2|CLEAN|10407|t0| name='' is_source=False connected_wire=23502 state=WIRED errs=[0, 0, 0, 0]
  FACT  RT2|CLEAN|10407|t1| name='# slices in stack' is_source=False connected_wire=9635 state=WIRED errs=[0, 0, 0, 0]
  FACT  RT2|CLEAN|10407|t2| name='index' is_source=False connected_wire=23540 state=WIRED errs=[0, 0, 0, 0]
  FACT  RT2|CLEAN|10407|t3| name='Outgoing Handle' is_source=False connected_wire=11232 state=WIRED errs=[0, 0, 0, 0]
  FACT  RT2|CLEAN|10407|t4| name='VISA out' is_source=True connected_wire=7337 state=WIRED errs=[0, 0, 0, 0]
  FACT  RT2|CLEAN|10407|t5| name='Out position' is_source=False connected_wire=7388 state=WIRED errs=[0, 0, 0, 0]
  FACT  RT2|CLEAN|10407|t6| name='position [internal units]' is_source=True connected_wire=9113 state=WIRED errs=[0, 0, 0, 0]
  FACT  RT2SUM|CLEAN|10407| terminals=7 uid_echo=10407 found={'diagram_index': 46, 'diagram_uid': 639, 'diagram_class': 'Diagram', 'nodes_index': 24, 'nodes_on_diagram': 75, 'label': 'Case Structure'}
  PASS  SC diag_c90c_rowtable_20260923_032913_bed.vi is a byte-identical copy of D1_s3b_m3a3b_rowD_20260922_161040.vi  diag_c90c_rowtable_20260923_032913_bed.vi

---------- [T3] THE FOUR REPLACEMENT-SIDE TUNNELS' OWNERS, on the BED
  OBSERVED uid 10429 -> owner 'CaseStructure' uid 10407 | self 'Tunnel'#10429 | 482 says 'CaseStructure' cast 'CaseStructure' |  
  FACT  RT3|10429| owner_class='CaseStructure' owner_uid=10407 uid_echo=OK census_class='Tunnel' census_owner='CaseStructure' err=''
  OBSERVED uid 10978 -> owner 'CaseStructure' uid 10407 | self 'SelectorTunnel'#10978 | 482 says 'CaseStructure' cast 'CaseStructure' |  
  FACT  RT3|10978| owner_class='CaseStructure' owner_uid=10407 uid_echo=OK census_class='SelectorTunnel' census_owner='CaseStructure' err=''
  OBSERVED uid 11220 -> owner 'CaseStructure' uid 10407 | self 'SelectorTunnel'#11220 | 482 says 'CaseStructure' cast 'CaseStructure' |  
  FACT  RT3|11220| owner_class='CaseStructure' owner_uid=10407 uid_echo=OK census_class='SelectorTunnel' census_owner='CaseStructure' err=''
  OBSERVED uid 11348 -> owner 'CaseStructure' uid 10407 | self 'SelectorTunnel'#11348 | 482 says 'CaseStructure' cast 'CaseStructure' |  
  FACT  RT3|11348| owner_class='CaseStructure' owner_uid=10407 uid_echo=OK census_class='SelectorTunnel' census_owner='CaseStructure' err=''
  FACT  T0 BED Wire census: 1920 wire(s)
  OBSERVED uid 999983 -> owner 'CaseStructure' uid 10407 | self 'SelectorTunnel'#11348 | 482 says 'CaseStructure' cast 'CaseStructure' |  
  FACT  CTL negative owner_of(#999983) on BED raised RuntimeError: owner_of(999983) is not an answer: echoed 'SelectorTunnel'#11348, errors ''
  FACT  RTC|NEG|BED| owner_of(999983) -> None #None ; RAISED="RuntimeError: owner_of(999983) is not an answer: echoed 'SelectorTunnel'#11348, errors ''"
  PASS  G2 BED: the NEGATIVE uid 999983 does NOT echo back (strict owner_of refuses it)  raised "RuntimeError: owner_of(999983) is not an answer: echoed 'SelectorTunnel'#11348, errors ''"
  FACT  CTLpos-BED-w21 OpWireSource_v5(UID 2 = 21): 4 row(s), 3 with a REAL owner
  FACT      CTLpos-BED-w21   t0  is_source=True  owner_class='FlatSequenceInnerTunnel'  owner_uid=1748    recip=21
  FACT      CTLpos-BED-w21   t1  is_source=False owner_class='LoopTunnel'               owner_uid=3644    recip=21
  FACT      CTLpos-BED-w21   t2  is_source=False owner_class='SubVI'                    owner_uid=6384    recip=21
  FACT      CTLpos-BED-w21   t3  is_source=None  owner_class=None                       owner_uid=None    recip=None  READ ERROR errO=error 1055: Property Node in OpWireSource_v5.vi; errU=error 1055: Property Node in OpWireSource_v5.vi; errG=error 1055: Property Node in OpWireSource_v5.vi; errS=error 1055: Property Node in OpWireSource_v5.vi; errWU=error 1055: Property Node in OpWireSource_v5.vi; errCO=error 1055: Property Node in OpWireSource_v5.vi
  FACT  CTLpos-BED-w21 PD85 PRECONDITION: 3 real-owner row(s), 0 violate recip==queried_uid
  FACT  NET w21: source-terminal owners [('FlatSequenceInnerTunnel', 1748)] ; every owner [('FlatSequenceInnerTunnel', 1748), ('LoopTunnel', 3644), ('SubVI', 6384)] ; PD85 0
  FACT  RTC|POS|BED| intact wire 21: rows=4 real=3 owners=[('FlatSequenceInnerTunnel', 1748), ('LoopTunnel', 3644), ('SubVI', 6384)] PD85=0
  PASS  G3 BED: the intact POSITIVE control wire 21 yields >=1 real owner row, PD85 0  3 real row(s), PD85 0

---------- [T2b] TERMINAL INDEX + NAME on the BED - which of those indices are now BARE
  FACT  T2-BED-48 #48 lives at: {'diagram_index': 22, 'diagram_uid': 23058, 'diagram_class': 'Diagram', 'nodes_index': 4, 'nodes_on_diagram': 8, 'label': 'ASI_adjust focus-subvi.vi'}  (23 diagram(s) scanned of 173, 2.9 s)
  FACT  T2-BED-48 terminal table of #48 (Diagram idx 22, Nodes[4], echo 48): 7 terminal(s)
  FACT      T2-BED-48 t0  '-Inc reference'                   is_source=False wire=23804   errs=[0, 0, 0, 0]
  FACT      T2-BED-48 t1  '+Inc reference'                   is_source=False wire=23811   errs=[0, 0, 0, 0]
  FACT      T2-BED-48 t2  'Focus inc reference'              is_source=False wire=23820   errs=[0, 0, 0, 0]
  FACT      T2-BED-48 t3  'VISA resource name'               is_source=False wire=23985   errs=[0, 0, 0, 0]
  FACT      T2-BED-48 t4  'In position'                      is_source=False wire=24002   errs=[0, 0, 0, 0]
  FACT      T2-BED-48 t5  'Out position'                     is_source=True  wire=23838   errs=[0, 0, 0, 0]
  FACT      T2-BED-48 t6  'Outgoing Handle'                  is_source=True  wire=23829   errs=[0, 0, 0, 0]
  FACT  #48: 7 terminal(s), 7 WIRED
  FACT  RT2|BED|48|t0| name='-Inc reference' is_source=False connected_wire=23804 state=WIRED errs=[0, 0, 0, 0]
  FACT  RT2|BED|48|t1| name='+Inc reference' is_source=False connected_wire=23811 state=WIRED errs=[0, 0, 0, 0]
  FACT  RT2|BED|48|t2| name='Focus inc reference' is_source=False connected_wire=23820 state=WIRED errs=[0, 0, 0, 0]
  FACT  RT2|BED|48|t3| name='VISA resource name' is_source=False connected_wire=23985 state=WIRED errs=[0, 0, 0, 0]
  FACT  RT2|BED|48|t4| name='In position' is_source=False connected_wire=24002 state=WIRED errs=[0, 0, 0, 0]
  FACT  RT2|BED|48|t5| name='Out position' is_source=True connected_wire=23838 state=WIRED errs=[0, 0, 0, 0]
  FACT  RT2|BED|48|t6| name='Outgoing Handle' is_source=True connected_wire=23829 state=WIRED errs=[0, 0, 0, 0]
  FACT  RT2SUM|BED|48| terminals=7 uid_echo=48 found={'diagram_index': 22, 'diagram_uid': 23058, 'diagram_class': 'Diagram', 'nodes_index': 4, 'nodes_on_diagram': 8, 'label': 'ASI_adjust focus-subvi.vi'}
  FACT  T2-BED-10407 #10407 lives at: {'diagram_index': 22, 'diagram_uid': 23058, 'diagram_class': 'Diagram', 'nodes_index': 5, 'nodes_on_diagram': 8, 'label': 'Case Structure'}  (23 diagram(s) scanned of 173, 2.8 s)
  FACT  T2-BED-10407 terminal table of #10407 (Diagram idx 22, Nodes[5], echo 10407): 7 terminal(s)
  FACT      T2-BED-10407 t0  ''                                 is_source=False wire=23847   errs=[0, 0, 0, 0]
  FACT      T2-BED-10407 t1  '# slices in stack'                is_source=False wire=24009   errs=[0, 0, 0, 0]
  FACT      T2-BED-10407 t2  'index'                            is_source=False wire=23856   errs=[0, 0, 0, 0]
  FACT      T2-BED-10407 t3  'Outgoing Handle'                  is_source=False wire=23829   errs=[0, 0, 0, 0]
  FACT      T2-BED-10407 t4  'VISA out'                         is_source=True  wire=23952   errs=[0, 0, 0, 0]
  FACT      T2-BED-10407 t5  'Out position'                     is_source=False wire=23838   errs=[0, 0, 0, 0]
  FACT      T2-BED-10407 t6  'position [internal units]'        is_source=True  wire=24226   errs=[0, 0, 0, 0]
  FACT  #10407: 7 terminal(s), 7 WIRED
  FACT  RT2|BED|10407|t0| name='' is_source=False connected_wire=23847 state=WIRED errs=[0, 0, 0, 0]
  FACT  RT2|BED|10407|t1| name='# slices in stack' is_source=False connected_wire=24009 state=WIRED errs=[0, 0, 0, 0]
  FACT  RT2|BED|10407|t2| name='index' is_source=False connected_wire=23856 state=WIRED errs=[0, 0, 0, 0]
  FACT  RT2|BED|10407|t3| name='Outgoing Handle' is_source=False connected_wire=23829 state=WIRED errs=[0, 0, 0, 0]
  FACT  RT2|BED|10407|t4| name='VISA out' is_source=True connected_wire=23952 state=WIRED errs=[0, 0, 0, 0]
  FACT  RT2|BED|10407|t5| name='Out position' is_source=False connected_wire=23838 state=WIRED errs=[0, 0, 0, 0]
  FACT  RT2|BED|10407|t6| name='position [internal units]' is_source=True connected_wire=24226 state=WIRED errs=[0, 0, 0, 0]
  FACT  RT2SUM|BED|10407| terminals=7 uid_echo=10407 found={'diagram_index': 22, 'diagram_uid': 23058, 'diagram_class': 'Diagram', 'nodes_index': 5, 'nodes_on_diagram': 8, 'label': 'Case Structure'}
  PASS  G4b the BED's md5 is STILL 0b84595245dd650c0e8fd3f57104782c after every read  0b84595245dd650c0e8fd3f57104782c

---------- [X] THE ROW TABLE - every cell carries its own log:line
  FACT  THE ROW TABLE: G:\Codes\LabVIEW_Codes\MinLab\zz_LabView VI\AAA_UNIST\2. Tracking\V6_ParallelLoop\tools\bench\m3a4_row_table.json (40336 B); linemap error ''
  PASS  G5 the row table exists and keys all 11 wires  G:\Codes\LabVIEW_Codes\MinLab\zz_LabView VI\AAA_UNIST\2. Tracking\V6_ParallelLoop\tools\bench\m3a4_row_table.json

---------- [H] HYGIENE
  FACT  close_panel(diag_c90c_rowtable_20260923_032913.vi) raised com_error: (-2147352567, '??? ??????.', (6649, 'LabVIEW', 'LabVIEW: (Hex 0x47D) Cannot close or set the state of a closed front panel. The front panel must already be open before you close it or set its state.', None, 0, 0), None)
  FACT  PRELOAD references released; refs {'opened': 6, 'closed': 6, 'live': 0, 'cached_op_vis': 5}
  FACT  gscript ref_counts: {'opened': 6, 'closed': 6, 'live': 0, 'cached_op_vis': 5}
  PASS  H5 VI-Server reference counter level (opened == closed)  {'opened': 6, 'closed': 6, 'live': 0, 'cached_op_vis': 5}
  FACT  LabVIEW handle count AFTER the work: 54629
  PASS  H4 scratch deleted: diag_c90c_rowtable_20260923_032913.vi  C:\Program Files\National Instruments\LabVIEW 2026\user.lib\claudeDev\diag_c90c_rowtable_20260923_032913.vi
  PASS  H4 scratch deleted: diag_c90c_rowtable_20260923_032913_bed.vi  C:\Program Files\National Instruments\LabVIEW 2026\user.lib\claudeDev\diag_c90c_rowtable_20260923_032913_bed.vi
  PASS  H2 the INPUT's md5 is UNCHANGED after the run  before 26c54ff784cb5cea21edbd214d2cc3a0 / after 26c54ff784cb5cea21edbd214d2cc3a0
  FACT  PIN AFTER  ORIGINAL         2a78e17c449cacdaf5da389818526859  (want 2a78e17c449cacdaf5da389818526859) OK
  FACT  PIN AFTER  S1 D1_s1_copy    3e3d23cefd3a334001aa9d6156bf1aee  (want 3e3d23cefd3a334001aa9d6156bf1aee) OK
  FACT  PIN AFTER  S2 D1_s2_loops   6ff19497f2309e007a214660bb64b911  (want 6ff19497f2309e007a214660bb64b911) OK
  FACT  PIN AFTER  ROW2 bed         26c54ff784cb5cea21edbd214d2cc3a0  (want 26c54ff784cb5cea21edbd214d2cc3a0) OK
  FACT  PIN AFTER  M3a-2            3842f5e6f128226235dc78353f26ef44  (want 3842f5e6f128226235dc78353f26ef44) OK
  PASS  H3 every md5 pin still holds
  FACT  THE FILES THIS RUN LEFT ON DISK: []  (removed: [])
  PASS  H6 the files left on disk == [] and nothing was removed  added [] removed []
  FACT  LabVIEW handle count at exit: 33996

====================================================================================================
=== GATES: 18 pass / 0 fail
JSON: G:\Codes\LabVIEW_Codes\MinLab\zz_LabView VI\AAA_UNIST\2. Tracking\V6_ParallelLoop\tools\bench\diag_c90c_rowtable.json   elapsed 137.0 s
BGRUN END rc=0 after 137s
