BGRUN START 2026-09-26 04:04:57 limit 3.0 min: py -u tools/bench/diag_c90_wiki_peek.py
['file', 'md5', 'bytes', 'read', 'fs_tunnel_pairs', 'connector_pane', 'connector_pane_source', 'connector_pane_unassigned_slots', 'connector_pane_unmatched_on_diagram', 'terminals', 'wires', 'severed_wires', 'graph_summary', 'io_paths', 'summary', 'call_sites_in_main']
5748
{'term_uid': 6121, 'term_name': 'error out', 'is_source': True, 'wire_uid': 86546, 'owner_uid': 10673, 'owner_class': 'FlatSequenceInnerTunnel', 'frame_diagram': 536, 'term_class': 'Terminal'}
['objects', 'nodes', 'wires', 'terminals', 'diagrams', 'loops', 'cases', 'sequences', 'locals', 'globals', 'subvi_nodes', 'subvi_calls', 'class_census', 'edge_method']
[('Terminal', 3848), ('InnerTerminal', 820), ('OuterTerminal', 468), ('ParameterTerminal', 416), ('ControlTerminal', 114), ('OverridableParameterTerminal', 82)]
[]
{
"vi": "C:\\Program Files\\National Instruments\\LabVIEW 2026\\user.lib\\claudeDev\\D1_s1_copy.vi",
"md5": "3e3d23cefd3a334001aa9d6156bf1aee",
"loops": [
{
"class": "ForLoop",
"index": 0,
"loop_uid": 27489,
"left_of": {},
"right_uids": []
},
{
"class": "ForLoop",
"index": 1,
"loop_uid": 28670,
"left_of": {},
"right_uids": []
},
{
"class": "ForLoop",
"index": 2,
"loop_uid": 2457,
"left_of": {},
"right_uids": [
24147
]
},
{
"class": "ForLoop",
"index": 3,
"loop_uid": 4810,
"left_of": {},
"right_uids": []
},
{
"class": "ForLoop",
"index": 4,
"loop_uid": 29617,
"left_of": {},
"right_uids": [
30079,
25244
]
},
{
"class": "ForLoop",
"index": 5,
"loop_uid": 29874,
"left_of": {},
"right_uids": []
},
{
"class": "ForLoop",
"index": 6,
"loop_uid": 1359,
"left_of": {},
"right_uids": []
},
{
"class": "ForLoop",
"index": 7,
"loop_uid": 13683,
"left_of": {},
"right_uids": [
13696
]
},
{
"class": "ForLoop",
"index": 8,
"loop_uid": 13390,
"left_of": {},
"right_uids": []
},
{
"class": "ForLoop",
"index": 9,
"loop_uid": 16312,
"left_of": {},
"right_uids": []
},
{
"class": "ForLoop",
"index": 10,
"loop_uid": 16557,
"left_of": {},
"right_uids": [
16584
]
},
{
"class": "ForLoop",
"index": 11,
"loop_uid": 21305,
"left_of": {},
"right_uids": [
21358,
21380,
21441,
21555
]
},
{
"class": "ForLoop",
"index": 12,
"loop_uid": 22433,
"left_of": {},
"right_uids": [
22452,
22461,
22482
]
},
{
"class": "ForLoop",
"index": 13,
"loop_uid": 22786,
"left_of": {},
"right_uids": [
22813,
22822,
22831
]
},
{
"clas
['vi', 'md5', 'n', 'objects'] 9981 {'uid': 536, 'class': 'TopLevelDiagram', 'pos': [-17474, 102], 'owner': ''}
97 [{'node_uid': 26582, 'subvi_name': 'Simple Error Handler.vi', 'diagram': 1, 'path': 'C:\\Program Files\\National Instruments\\LabVIEW 2026\\vi.lib\\Utility\\error.llb\\Simple Error Handler.vi'}, {'node_uid': 30804, 'subvi_name': 'MOV.vi', 'diagram': 3, 'path': 'C:\\Program Files\\National Instruments\\LabVIEW 2026\\instr.lib\\Mercury\\GCS_LabVIEW\\Low Level\\General command.llb\\MOV.vi'}]
BGRUN END rc=0 after 0s (NO RESULT LINE)
BGRUN START 2026-09-26 04:05:35 limit 3.0 min: py -u tools/bench/diag_c90_wiki_peek.py
Traceback (most recent call last):
  File "G:\Codes\LabVIEW_Codes\MinLab\zz_LabView VI\AAA_UNIST\2. Tracking\V6_ParallelLoop\tools\bench\diag_c90_wiki_peek.py", line 7, in <module>
    v = gs[k]; print(k, type(v).__name__, len(v)); print(json.dumps(v if not isinstance(v, list) else v[:3])[:700])
TypeError: object of type 'int' has no len()
BGRUN END rc=1 after 0s (NO RESULT LINE)
BGRUN START 2026-09-26 04:05:49 limit 3.0 min: py -u tools/bench/diag_c90_wiki_peek.py
loops int
20
cases int
39
sequences int
25
diagrams int
170
diagrams objs: [{'uid': 536, 'class': 'TopLevelDiagram', 'pos': [-17474, 102], 'owner': ''}, {'uid': 3628, 'class': 'Diagram', 'pos': [-3622, 749], 'owner': 'FlatSequenceFrame'}, {'uid': 3667, 'class': 'Diagram', 'pos': [-3532, 2362], 'owner': 'Sequence'}, {'uid': 3886, 'class': 'Diagram', 'pos': [-3251, 2532], 'owner': 'CaseStructure'}, {'uid': 4406, 'class': 'Diagram', 'pos': [-3251, 2511], 'owner': 'CaseStructure'}, {'uid': 5038, 'class': 'Diagram', 'pos': [-3532, 2359], 'owner': 'Sequence'}]
class census: {'Terminal': 3825, 'Wire': 1899, 'InnerTerminal': 820, 'FlatSequenceInnerTunnel': 518, 'OuterTerminal': 468, 'ParameterTerminal': 416, 'DigitalNumericConstant': 180, 'Diagram': 169, 'Function': 160, 'SelectorTunnel': 146, 'LoopTunnel': 132, 'PropertyItem': 120, 'Tunnel': 118, 'ControlTerminal': 114, 'Property': 106, 'SubVI': 92, 'OverridableParameterTerminal': 82, 'Text': 69, 'FlatSequenceOuterTunnel': 58, 'IndexArray': 47, 'BooleanConstant': 41, 'GrowableFunction': 40, 'CaseStructure': 37, 'RightShiftRegister': 36, 'LeftShiftRegister': 36, 'StringConstant': 22, 'FlatSequence': 21, 'ControlReferenceConstant': 21, 'BuildArray': 19, 'ForLoop': 17, 'ArrayConstant': 16, 'EnumConstant': 14, 'RingConstant': 13, 'Bundler': 12, 'NamedUnbundler': 12, 'Comparison': 11, 'Local': 8, 'Global': 7, 'Decoration': 7, 'ClusterConstant': 7, 'PolymorphicSubVI': 5, 'Sequence': 4, 'CompoundArithmetic': 4, 'VISAResourceNameConstant': 3, 'InRangeAndCoerce': 3, 'WhileLoop': 3, 'Unbundler': 3, 'FlattenString': 3, 'FormatScanString': 2, 'EventStructure': 2, 'NamedBundler': 2, 'FixedConstant': 2, 'ArrayToCluster': 2, 'TopLevelDiagram': 1, 'Invoke': 1, '': 1, 'GenClassTagRefConstant': 1, 'ColorBoxConstant': 1, 'Constant': 1, 'ReadWriteFile': 1}
owner classes: [('SubVI', 1151), ('FlatSequenceInnerTunnel', 1036), ('Property', 544), ('SelectorTunnel', 466), ('Function', 416), ('Tunnel', 414), ('LoopTunnel', 264), ('Diagram', 186), ('GrowableFunction', 183), ('IndexArray', 181), ('DigitalNumericConstant', 158), ('FlatSequenceOuterTunnel', 116), ('RightShiftRegister', 72), ('LeftShiftRegister', 72), ('BuildArray', 60), ('PolymorphicSubVI', 54), ('Bundler', 52), ('NamedUnbundler', 42), ('BooleanConstant', 40), ('Comparison', 33), ('ControlReferenceConstant', 21), ('FlattenString', 21), ('NamedBundler', 17), ('CompoundArithmetic', 16), ('InRangeAndCoerce', 15), ('EnumConstant', 14), ('ArrayConstant', 12), ('FormatScanString', 12), ('StringConstant', 11), ('RingConstant', 11), ('Unbundler', 9), ('ReadWriteFile', 9), ('Local', 8), ('Global', 7), ('ClusterConstant', 7), ('Invoke', 6), ('ArrayToCluster', 4), ('VISAResourceNameConstant', 3), ('FixedConstant', 2), ('GenClassTagRefConstant', 1)]
loop-owned terminals: 0 []
wires shape: list 1899 [{'wire_uid': 21, 'src_uid': 1748, 'src_class': 'FlatSequenceInnerTunnel', 'src_term': '', 'sink_uid': 6384, 'sink_class': 'SubVI', 'sink_term': 'cal cluster path', 'n_src': 1, 'n_sink': 2, 'termless': False}, {'wire_uid': 40, 'src_uid': 384, 'src_class': 'FlatSequenceInnerTunnel', 'src_term': 'VISA out', 'sink_uid': 5987, 'sink_class': 'SubVI', 'sink_term': 'Incoming Handle', 'n_src': 1, 'n_sink': 1, 'termless': False}]
CALL 6216 16 grayscale color table.vi
CALL 5987 16 check N bead pos v3-kimlab.vi
CALL 6384 19 save N xyz traces.vi
CALL 5058 43 Track N beads four-fold over-kernel-v3.vi
CALL 376 43 save trace.vi
CALL 30306 50 NI_AALBase.lvlib:Median Filter.vi
CALL 29009 74 NI_AALBase.lvlib:Median Filter.vi
CALL 28233 74 NI_AALBase.lvlib:FIR Filter (DBL).vi
CALL 5696 75 N bead plot dZ.vi
CALL 6085 76 N bead plot Z.vi
CALL 15442 99 IMAQ ImageToArray
CALL 15472 99 Flatten Pixmap.vi
CALL 15511 99 Draw Flattened Pixmap.vi
CALL 16031 132 rect coord from center.vi
CALL 16073 132 Draw Grayed Out Rect.vi
CALL 16827 137 Draw Text at Point.vi
CALL 16788 137 Draw Circle by Radius.vi
locals/globals: 8
BGRUN END rc=0 after 0s (NO RESULT LINE)
BGRUN START 2026-09-26 04:12:26 limit 3.0 min: py -u tools/bench/diag_c90_wiki_peek.py
fs_tunnel_pairs list 576
[{'uid': 6115, 'class': 'FlatSequenceInnerTunnel', 'face_a': 'LeftTerm', 'term_a': 86540, 'wire_a': 40035, 'face_b': 'RightTerm', 'term_b': 6117, 'wire_b': 6124, 'uid_back': 6115, 'err': '', 'err_a': '', 'err_b': '', 'errs': ''}, {'uid': 6226, 'class': 'FlatSequenceInnerTunnel', 'face_a': 'LeftTerm', 'term_a': 81574, 'wire_a': 86569, 'face_b': 'RightTerm', 'term_b': 6230, 'wire_b': 6240, 'uid_back': 6226, 'err': '', 'err_a': '', 'err_b': '', 'errs': ''}]
FlatSequenceOuterTunnel 116 Counter({'Terminal': 116}) [{'term_uid': 57287, 'term_name': 'input cluster', 'is_source': False, 'wire_uid': 57288, 'owner_uid': 57284, 'owner_class': 'FlatSequenceOuterTunnel', 'frame_diagram': 536, 'term_class': 'Terminal'}, {'term_uid': 59093, 'term_name': 'refnum out', 'is_source': False, 'wire_uid': 59094, 'owner_uid': 59090, 'owner_class': 'FlatSequenceOuterTunnel', 'frame_diagram': 536, 'term_class': 'Terminal'}]
FlatSequenceInnerTunnel 1036 Counter({'Terminal': 1036}) [{'term_uid': 6121, 'term_name': 'error out', 'is_source': True, 'wire_uid': 86546, 'owner_uid': 10673, 'owner_class': 'FlatSequenceInnerTunnel', 'frame_diagram': 536, 'term_class': 'Terminal'}, {'term_uid': 6235, 'term_name': 'Set Focus  (0->50)', 'is_source': True, 'wire_uid': 86563, 'owner_uid': 10621, 'owner_class': 'FlatSequenceInnerTunnel', 'frame_diagram': 536, 'term_class': 'Terminal'}]
Tunnel 414 Counter({'InnerTerminal': 296, 'OuterTerminal': 118}) [{'term_uid': 3596, 'term_name': 'System no.', 'is_source': False, 'wire_uid': 365, 'owner_uid': 3597, 'owner_class': 'Tunnel', 'frame_diagram': 3628, 'term_class': 'OuterTerminal'}, {'term_uid': 3648, 'term_name': 'Axes to move', 'is_source': False, 'wire_uid': 6101, 'owner_uid': 3653, 'owner_class': 'Tunnel', 'frame_diagram': 3628, 'term_class': 'OuterTerminal'}]
[{'uid': 536, 'class': 'TopLevelDiagram', 'pos': [-17474, 102], 'owner': ''}, {'uid': 686, 'class': 'Diagram', 'pos': [1979, 136], 'owner': 'FlatSequenceFrame'}, {'uid': 15041, 'class': 'Diagram', 'pos': [-15217, 640], 'owner': 'FlatSequenceFrame'}, {'uid': 3121, 'class': 'Diagram', 'pos': [-111, 588], 'owner': 'FlatSequenceFrame'}, {'uid': 681, 'class': 'FlatSequence', 'pos': [-3623, 102], 'owner': 'TopLevelDiagram'}, {'uid': 16303, 'class': 'Diagram', 'pos': [-12392, 854], 'owner': 'CaseStructure'}, {'uid': 16621, 'class': 'Diagram', 'pos': [-12058, 889], 'owner': 'ForLoop'}]
Sequence-owned diagrams: [(3628, 'FlatSequenceFrame'), (3667, 'Sequence'), (5038, 'Sequence'), (81548, 'FlatSequenceFrame'), (113, 'FlatSequenceFrame'), (124, 'FlatSequenceFrame'), (43928, 'FlatSequenceFrame'), (44125, 'FlatSequenceFrame'), (44169, 'FlatSequenceFrame'), (5031, 'FlatSequenceFrame'), (3121, 'FlatSequenceFrame'), (1817, 'FlatSequenceFrame'), (4866, 'FlatSequenceFrame'), (686, 'FlatSequenceFrame'), (25767, 'FlatSequenceFrame'), (28036, 'FlatSequenceFrame'), (28426, 'FlatSequenceFrame'), (27425, 'FlatSequenceFrame'), (27723, 'FlatSequenceFrame'), (27076, 'FlatSequenceFrame'), (27259, 'FlatSequenceFrame'), (26535, 'FlatSequenceFrame'), (26880, 'FlatSequenceFrame'), (25892, 'FlatSequenceFrame'), (26292, 'FlatSequenceFrame'), (16565, 'FlatSequenceFrame'), (759, 'FlatSequenceFrame'), (12960, 'FlatSequenceFrame'), (13236, 'FlatSequenceFrame'), (18402, 'FlatSequenceFrame'), (32410, 'FlatSequenceFrame'), (33688, 'FlatSequenceFrame'), (14037, 'FlatSequenceFrame'), (14435, 'FlatSequenceFrame'), (14840, 'FlatSequenceFrame'), (15041, 'FlatSequenceFrame'), (16964, 'FlatSequenceFrame'), (19033, 'FlatSequenceFrame'), (19227, 'FlatSequenceFrame'), (18718, 'FlatSequenceFrame')]
WhileLoop-owned diagrams: [(25392, 'WhileLoop'), (639, 'WhileLoop'), (15266, 'WhileLoop')]
BGRUN END rc=0 after 0s (NO RESULT LINE)
