BGRUN START 2026-09-28 11:00:44 limit 30.0 min: py -u tools/bench/diag_c117a_hyg.py
BGRUN PID 10672
  PASS  K R1 md5 pinned; op v1 on disk  ('f465196bb5016638b146e771ba54c5af', '29dcb59f58d4d959e965f9f545abd50b')
  FACT  wires 1945; handles 34206 privMB 570.3 after load
  PASS  H20 20 calls: 0 errors, handles flat +-100 (after the warm call)  (45717, 45717, 573.7, 577.6, [])
  FACT  sample calls/handles/privMB (250, 45715, 577.8)
  FACT  sample calls/handles/privMB (500, 45712, 577.6)
  FACT  sample calls/handles/privMB (750, 45700, 577.5)
  FACT  sample calls/handles/privMB (1000, 45701, 577.5)
  FACT  sample calls/handles/privMB (1250, 45700, 577.5)
  FACT  sample calls/handles/privMB (1500, 45699, 577.5)
  FACT  sample calls/handles/privMB (1750, 45699, 577.6)
  FACT  sweep 1945 reads in 198.1 s
  FACT  sample calls/handles/privMB (2000, 45702, 577.6)
  PASS  SW all 1945 wires + P2 100 re-reads: 0 errors (2066 calls total)  (2066, 0, [])
  PASS  HF handles flat +-100 from after H20 to the end  (45717, 45702, 577.6, 577.6)
  PASS  P2 re-reads == sweep raws (100 wires)  []
  PASS  RA report_all(GObject) answers after the sweep (v0 hit error 2 here)  10173
  FACT  S0d REPORT-ONLY: 44 wires carry a LOOSE joint (R1 Error List loose-ends 24); not among the 23 of decode.log:41: [730, 4906, 5637, 5709, 5975, 6096, 6363, 9012, 9868, 10312, 10573, 10908, 11352, 17287, 17393, 23556, 28847, 30592, 31059, 31166, 32890]; of the 23 not loose now: []
  FACT  S0d w730 joints [[[4657, 1332], 260, 1, -1, 1, -1, -1], [[4657, 1377], 256, 2, 0, -1, 2, -1], [[4643, 1377], 262, 2, -1, 3, -1, 1], [[4643, 1404], 256, 2, 2, -1, 4, -1], [[4544, 1404], 262, 2, -1, 5, -1, 3], [[4544, 1494], 258, 2, 4, -1, -1, 6], [[4559, 1494], 256, 1, -1, -1, 5, -1]]
  FACT  S0d w4906 joints [[[4737, 1502], 258, 1, -1, -1, -1, 1], [[4791, 1502], 256, 2, 2, -1, 0, -1], [[4791, 1429], 262, 2, -1, 1, -1, 3], [[4883, 1429], 260, 2, -1, 4, 2, -1], [[4883, 1435], 258, 2, 3, -1, -1, 5], [[4897, 1435], 256, 1, -1, -1, 4, -1]]
  FACT  S0d w5637 joints [[[3877, 1102], 258, 1, -1, -1, -1, 1], [[3888, 1102], 260, 2, -1, 2, 0, -1], [[3888, 1144], 256, 2, 1, -1, 3, -1], [[3807, 1144], 262, 2, -1, 4, -1, 2], [[3807, 1477], 258, 2, 3, -1, -1, 5], [[3814, 1477], 256, 1, -1, -1, 4, -1]]
  FACT  S0d w5709 joints [[[3642, 1031], 258, 1, -1, -1, -1, 1], [[3766, 1031], 260, 2, -1, 2, 0, -1], [[3766, 1059], 258, 2, 1, -1, -1, 3], [[3775, 1059], 256, 1, -1, -1, 2, -1]]
  FACT  S0d w5975 joints [[[3877, 1078], 258, 1, -1, -1, -1, 1], [[3893, 1078], 260, 2, -1, 2, 0, -1], [[3893, 1181], 256, 2, 1, -1, 3, -1], [[3800, 1181], 262, 2, -1, 4, -1, 2], [[3800, 1491], 258, 2, 3, -1, -1, 5], [[3805, 1491], 256, 2, 6, -1, 4, -1], [[3805, 1490], 262, 2, -1, 5, -1, 7], [[3814, 1490], 256, 1, -1, -1, 6, -1]]
  FACT  S0d w6096 joints [[[4593, 1373], 258, 1, -1, -1, -1, 1], [[4613, 1373], 260, 2, -1, 2, 0, -1], [[4613, 1386], 256, 2, 1, -1, 3, -1], [[4539, 1386], 262, 2, -1, 4, -1, 2], [[4539, 1525], 258, 2, 3, -1, -1, 5], [[4559, 1525], 256, 1, -1, -1, 4, -1]]
  FACT  S0d w6363 joints [[[4737, 1513], 258, 1, -1, -1, -1, 1], [[4753, 1513], 260, 2, -1, 2, 0, -1], [[4753, 1600], 258, 2, 1, -1, -1, 3], [[4767, 1600], 256, 1, -1, -1, 2, -1]]
  FACT  S0d w9012 joints [[[4913, 1452], 258, 1, -1, -1, -1, 1], [[4928, 1452], 256, 2, 2, -1, 0, -1], [[4928, 1431], 262, 2, -1, 1, -1, 3], [[4999, 1431], 256, 1, -1, -1, 2, -1]]
  FACT  S0d w9868 joints [[[3088, 986], 258, 1, -1, -1, -1, 1], [[3100, 986], 256, 2, 2, -1, 0, -1], [[3100, 982], 262, 2, -1, 1, -1, 3], [[3198, 982], 260, 2, -1, 4, 2, -1], [[3198, 999], 258, 2, 3, -1, -1, 5], [[3210, 999], 256, 1, -1, -1, 4, -1]]
  FACT  S0d w10312 joints [[[3517, 1043], 258, 1, -1, -1, -1, 1], [[3542, 1043], 256, 2, 2, -1, 0, -1], [[3542, 1035], 262, 2, -1, 1, -1, 3], [[3631, 1035], 256, 1, -1, -1, 2, -1]]
  FACT  S0d w10573 joints [[[3461, 1008], 258, 1, -1, -1, -1, 1], [[3472, 1008], 260, 2, -1, 2, 0, -1], [[3472, 1019], 258, 2, 1, -1, -1, 3], [[3540, 1019], 260, 2, -1, 4, 2, -1], [[3540, 1027], 258, 2, 3, -1, -1, 5], [[3631, 1027], 256, 1, -1, -1, 4, -1]]
  FACT  S0d w10908 joints [[[5618, 2674], 260, 1, -1, 1, -1, -1], [[5618, 2675], 258, 2, 0, -1, -1, 2], [[5643, 2675], 260, 2, -1, 3, 1, -1], [[5643, 2700], 258, 2, 2, -1, -1, 4], [[5666, 2700], 256, 1, -1, -1, 3, -1]]
  FACT  S0d w11352 joints [[[5633, 1415], 256, 1, -1, -1, 1, -1], [[5586, 1415], 262, 2, -1, 2, -1, 0], [[5586, 2670], 258, 2, 1, -1, -1, 3], [[5602, 2670], 256, 1, -1, -1, 2, -1]]
  FACT  S0d w17287 joints [[[4610, 1431], 258, 1, -1, -1, -1, 1], [[4675, 1431], 260, 2, -1, 2, 0, -1], [[4675, 1434], 256, 1, 1, -1, -1, -1]]
  FACT  S0d w17393 joints [[[2964, 981], 258, 1, -1, -1, -1, 1], [[3078, 981], 256, 1, -1, -1, 0, -1]]
  FACT  S0d w23556 joints [[[4726, 1383], 256, 1, -1, -1, 1, -1], [[2778, 1383], 262, 2, -1, 2, -1, 0], [[2778, 4952], 256, 1, 1, -1, -1, -1]]
  FACT  S0d w28847 joints [[[4823, 1690], 256, 1, -1, -1, 1, -1], [[4808, 1690], 258, 2, 2, -1, -1, 0], [[4808, 1474], 262, 2, -1, 1, -1, 3], [[5009, 1474], 256, 2, 4, -1, 2, -1], [[5009, 1379], 262, 2, -1, 3, -1, 5], [[5106, 1379], 256, 1, -1, -1, 4, -1]]
  FACT  S0d w30592 joints [[[4625, 1630], 1, 1, -1, -1, -1, 1], [[4701, 1630], 4, 3, -1, 2, 0, 6], [[4701, 1692], 256, 2, 1, -1, 3, -1], [[4673, 1692], 262, 2, -1, 4, -1, 2], [[4673, 1717], 258, 2, 3, -1, -1, 5], [[4687, 1717], 256, 1, -1, -1, 4, -1], [[4716, 1630], 0, 2, -1, 7, 1, -1], [[4716, 1631], 2, 3, 6, 8, -1, 12], [[4716, 1831], 0, 2, 7, -1, 9, -1], [[3091, 1831], 0, 2, -1, 10, -1, 8], [[3091, 1921], 0, 2, 9, -1, -1, 11], [[3129, 1921], 1, 1, -1, -1, 10, -1], [[5096, 1631], 256, 2, 13, -1, 7, -1], [[5096, 1415], 262, 2, -1, 12, -1, 14], [[5106, 1415], 256, 1, -1, -1, 13, -1]]
  FACT  S0d w31059 joints [[[4892, 1392], 258, 1, -1, -1, -1, 1], [[4917, 1392], 256, 2, 2, -1, 0, -1], [[4917, 1368], 262, 2, -1, 1, -1, 3], [[5106, 1368], 256, 1, -1, -1, 2, -1]]
  FACT  S0d w31166 joints [[[4823, 1701], 256, 1, -1, -1, 1, -1], [[4813, 1701], 258, 2, 2, -1, -1, 0], [[4813, 1654], 262, 2, -1, 1, -1, 3], [[4888, 1654], 256, 2, 4, -1, 2, -1], [[4888, 1545], 262, 2, -1, 3, -1, 5], [[5038, 1545], 256, 2, 6, -1, 4, -1], [[5038, 1391], 262, 2, -1, 5, -1, 7], [[5106, 1391], 256, 1, -1, -1, 6, -1]]
  FACT  S0d w32890 joints [[[5271, 1722], 258, 1, -1, -1, -1, 1], [[5282, 1722], 256, 2, 2, -1, 0, -1], [[5282, 1708], 262, 2, -1, 1, -1, 3], [[5345, 1708], 256, 1, -1, -1, 2, -1]]
  PASS  H LabVIEW gone; scratch deleted; R1 md5 unchanged  
=== GATES: 7 pass / 0 fail; failing: []
RESULT {"schema":"result-line/1","status":"PASS","gates":{"pass":7,"fail":0},"first_fail":null,"artefacts":[{"path":"tools/bench/diag_c117a_hyg.json","md5":"abd2510646d021414377ff61a7f445d4"}]}
BGRUN END rc=0 after 285s
