BGRUN START 2026-09-23 01:30:58 limit 12.0 min: py -u tools/bench/diag_c89_execstate_factorial.py --p2-all

---------- [0] FILES ONLY - the input's md5, the pins, the claudeDev listing
  FACT  claudeDev holds 238 .vi file(s) BEFORE the run
  PASS  K1 input md5 == 0b84595245dd650c0e8fd3f57104782c  got 0b84595245dd650c0e8fd3f57104782c
  FACT  PIN BEFORE ORIGINAL         2a78e17c449cacdaf5da389818526859  (want 2a78e17c449cacdaf5da389818526859) OK
  FACT  PIN BEFORE S1 D1_s1_copy    3e3d23cefd3a334001aa9d6156bf1aee  (want 3e3d23cefd3a334001aa9d6156bf1aee) OK
  FACT  PIN BEFORE S2 D1_s2_loops   6ff19497f2309e007a214660bb64b911  (want 6ff19497f2309e007a214660bb64b911) OK
  FACT  PIN BEFORE ROW2 bed         26c54ff784cb5cea21edbd214d2cc3a0  (want 26c54ff784cb5cea21edbd214d2cc3a0) OK
  FACT  PIN BEFORE M3a-2            3842f5e6f128226235dc78353f26ef44  (want 3842f5e6f128226235dc78353f26ef44) OK
  PASS  K2 the ORIGINAL's md5 is 2a78e17c449cacdaf5da389818526859  got 2a78e17c449cacdaf5da389818526859 at G:\Codes\LabVIEW_Codes\MinLab\zz_LabView VI\AAA_UNIST\2. Tracking\Min_Track N beads V6_ParallelLoop.vi

---------- [1] RESTART LabVIEW (standing authority; fresh ~31,500 handles)
  FACT  LabVIEW handle count BEFORE the restart: 33980
  FACT  LabVIEW handle count AFTER the restart: 33972
  FACT  PRELOAD: the ORIGINAL is resident READ-ONLY (LabVIEW 26.3.1f1), its own ExecState 1; nothing opened, nothing saved

---------- [2] THE DATED WORK COPY under claudeDev - the input is never opened for writing
  PASS  K3 the work copy is byte-identical to the input  diag_c89_execstate_factorial_20260923_013058.vi
  FACT  ExecState [after open] diag_c89_execstate_factorial_20260923_013058.vi = 0
  FACT  THE WORK COPY IS A SCRATCH: this stage saves nothing, so diag_c89_execstate_factorial_20260923_013058.vi is deleted at close

---------- [A0] CONTROL - no mutation. PREDICTED ExecState 0. Reported as a VALUE, never gated.
  FACT  ExecState [A0 control] diag_c89_execstate_factorial_20260923_013058.vi = 0
  ROW   A0 ExecState (control, no mutation) : observed=0 expected=0
  FACT  CENSUS A0 control diag_c89_execstate_factorial_20260923_013058.vi: {'Diagram': 173, 'WhileLoop': 6, 'SubVI': 97, 'Wire': 1920, 'LoopTunnel': 138, 'Local': 10, 'ControlTerminal': 116, 'Node': 635}
  FACT  A0 Diagram #686 node count: 27

---------- [P2] READ-ONLY shift-register enumeration, loops owned by Diagram #None - nothing wired, deleted or saved
  FACT  SIGNATURE (tools/gscript.py:826): shift_reg_left(target, loop_index, reg_index, left_index=0, class_name='WhileLoop') -> OpShiftRegs_v1; returns {uid, class, out, inside, left_uids, left:{uid,class,out,inside}, errors}. loop_index indexes report_all('WhileLoop').
  OBSERVED uid 23041 -> owner 'Diagram' uid 686 | self 'WhileLoop'#23041 | 482 says 'Diagram' cast 'Diagram' |  
  FACT  P2 WhileLoop #23041 (index 0) owner -> 'Diagram' #686 
  OBSERVED uid 10170 -> owner 'Diagram' uid 686 | self 'WhileLoop'#10170 | 482 says 'Diagram' cast 'Diagram' |  
  FACT  P2 WhileLoop #10170 (index 1) owner -> 'Diagram' #686 
  OBSERVED uid 23032 -> owner 'Diagram' uid 686 | self 'WhileLoop'#23032 | 482 says 'Diagram' cast 'Diagram' |  
  FACT  P2 WhileLoop #23032 (index 2) owner -> 'Diagram' #686 
  OBSERVED uid 25380 -> owner 'Diagram' uid 686 | self 'WhileLoop'#25380 | 482 says 'Diagram' cast 'Diagram' |  
  FACT  P2 WhileLoop #25380 (index 3) owner -> 'Diagram' #686 
  OBSERVED uid 637 -> owner 'Diagram' uid 686 | self 'WhileLoop'#637 | 482 says 'Diagram' cast 'Diagram' |  
  FACT  P2 WhileLoop #637 (index 4) owner -> 'Diagram' #686 
  OBSERVED uid 15173 -> owner 'Diagram' uid 15041 | self 'WhileLoop'#15173 | 482 says 'Diagram' cast 'Diagram' |  
  FACT  P2 WhileLoop #15173 (index 5) owner -> 'Diagram' #15041 
  FACT  P2 WhileLoops selected (owner filter None): [(0, 23041), (1, 10170), (2, 23032), (3, 25380), (4, 637), (5, 15173)]  (of 6 WhileLoop(s) on the VI)
  FACT  P2   loop 2 reg 0: RIGHT #23868 (RightShiftRegister) ; LEFTS [23880] (LeftShiftRegister) ; errors {}
  FACT  P2   loop 2 reg 1: RIGHT #23895 (RightShiftRegister) ; LEFTS [23909] (LeftShiftRegister) ; errors {}
  FACT  P2   loop 3 reg 0: RIGHT #32497 (RightShiftRegister) ; LEFTS [32504] (LeftShiftRegister) ; errors {}
  FACT  P2   loop 3 reg 1: RIGHT #2621 (RightShiftRegister) ; LEFTS [2800] (LeftShiftRegister) ; errors {}
  FACT  P2   loop 3 reg 2: RIGHT #3091 (RightShiftRegister) ; LEFTS [3133] (LeftShiftRegister) ; errors {}
  FACT  P2   loop 4 reg 0: RIGHT #1147 (RightShiftRegister) ; LEFTS [1142] (LeftShiftRegister) ; errors {}
  FACT  P2   loop 4 reg 1: RIGHT #4256 (RightShiftRegister) ; LEFTS [4274] (LeftShiftRegister) ; errors {}
  FACT  P2   loop 4 reg 2: RIGHT #4334 (RightShiftRegister) ; LEFTS [4344] (LeftShiftRegister) ; errors {}
  FACT  P2   loop 4 reg 3: RIGHT #15 (RightShiftRegister) ; LEFTS [51] (LeftShiftRegister) ; errors {}
  FACT  P2   loop 4 reg 4: RIGHT #24 (RightShiftRegister) ; LEFTS [1108] (LeftShiftRegister) ; errors {}
  FACT  P2   loop 4 reg 5: RIGHT #1117 (RightShiftRegister) ; LEFTS [5351] (LeftShiftRegister) ; errors {}
  FACT  P2   loop 4 reg 6: RIGHT #119 (RightShiftRegister) ; LEFTS [2972] (LeftShiftRegister) ; errors {}
  FACT  P2   loop 4 reg 7: RIGHT #5796 (RightShiftRegister) ; LEFTS [5805] (LeftShiftRegister) ; errors {}
  FACT  P2   loop 5 reg 0: RIGHT #15206 (RightShiftRegister) ; LEFTS [15212] (LeftShiftRegister) ; errors {}
  FACT  P2   loop 5 reg 1: RIGHT #15219 (RightShiftRegister) ; LEFTS [15223] (LeftShiftRegister) ; errors {}
  FACT  P2   loop 5 reg 2: RIGHT #15228 (RightShiftRegister) ; LEFTS [15234] (LeftShiftRegister) ; errors {}
  FACT  P2   loop 5 reg 3: RIGHT #15239 (RightShiftRegister) ; LEFTS [15243] (LeftShiftRegister) ; errors {}
  FACT  P2 FULL shift-register uid list the op names on Diagram #639 (34): [15, 24, 51, 119, 1108, 1117, 1142, 1147, 2621, 2800, 2972, 3091, 3133, 4256, 4274, 4334, 4344, 5351, 5796, 5805, 15206, 15212, 15219, 15223, 15228, 15234, 15239, 15243, 23868, 23880, 23895, 23909, 32497, 32504]
  FACT  P2 MEMBERSHIP #4344: PRESENT
  FACT  P2 MEMBERSHIP #4274: PRESENT
  FACT  P2 MEMBERSHIP #4334: PRESENT
  OBSERVED uid 9641 -> owner 'WhileLoop' uid 637 | self 'LoopTunnel'#9641 | 482 says 'WhileLoop' cast 'WhileLoop' |  
  FACT  P2 LoopTunnel #9641: in report_all('LoopTunnel') (138 rows) -> True ; owner_of -> 'WhileLoop' #637 err ''

---------- [H] HYGIENE
  FACT  close_panel(diag_c89_execstate_factorial_20260923_013058.vi) raised com_error: (-2147352567, '??? ??????.', (6649, 'LabVIEW', 'LabVIEW: (Hex 0x47D) Cannot close or set the state of a closed front panel. The front panel must already be open before you close it or set its state.', None, 0, 0), None)
  FACT  PRELOAD references released; refs {'opened': 5, 'closed': 5, 'live': 0, 'cached_op_vis': 5}
  FACT  gscript ref_counts: {'opened': 5, 'closed': 5, 'live': 0, 'cached_op_vis': 5}
  PASS  H5 VI-Server reference counter level (opened == closed)  {'opened': 5, 'closed': 5, 'live': 0, 'cached_op_vis': 5}
  FACT  LabVIEW handle count AFTER the work: 45827
  PASS  H4 scratch deleted: diag_c89_execstate_factorial_20260923_013058.vi  C:\Program Files\National Instruments\LabVIEW 2026\user.lib\claudeDev\diag_c89_execstate_factorial_20260923_013058.vi
  PASS  H2 the INPUT's md5 is UNCHANGED after the run  before 0b84595245dd650c0e8fd3f57104782c / after 0b84595245dd650c0e8fd3f57104782c
  FACT  PIN AFTER  ORIGINAL         2a78e17c449cacdaf5da389818526859  (want 2a78e17c449cacdaf5da389818526859) OK
  FACT  PIN AFTER  S1 D1_s1_copy    3e3d23cefd3a334001aa9d6156bf1aee  (want 3e3d23cefd3a334001aa9d6156bf1aee) OK
  FACT  PIN AFTER  S2 D1_s2_loops   6ff19497f2309e007a214660bb64b911  (want 6ff19497f2309e007a214660bb64b911) OK
  FACT  PIN AFTER  ROW2 bed         26c54ff784cb5cea21edbd214d2cc3a0  (want 26c54ff784cb5cea21edbd214d2cc3a0) OK
  FACT  PIN AFTER  M3a-2            3842f5e6f128226235dc78353f26ef44  (want 3842f5e6f128226235dc78353f26ef44) OK
  PASS  H3 every md5 pin still holds
  FACT  THE FILES THIS RUN LEFT ON DISK: []  (removed: [])
  PASS  H6 the files left on disk == [] and nothing was removed  added [] removed []
  FACT  LabVIEW handle count at exit: 33994

====================================================================================================
=== GATES: 8 pass / 0 fail
JSON: G:\Codes\LabVIEW_Codes\MinLab\zz_LabView VI\AAA_UNIST\2. Tracking\V6_ParallelLoop\tools\bench\diag_c89_execstate_factorial.json   elapsed 115.4 s
BGRUN END rc=0 after 116s
