BGRUN START 2026-09-27 21:53:43 limit 3.0 min: py -u tools/bench/diag_c111e_census_dump.py
BGRUN PID 10484
REWIRE keys ['cut_terminals', 'resolved', 'unresolved', 'by_action', 'inputs', 'counts'] BUILD keys ['phase', 'loops', 'moved', 'cut', 'regs', 'rewire', 'outer_cut', 'sr_changed', 'queues', 'sentinels', 'const_donors', 'size', 'md5_after']
RS #1359 i1 '' src=False w9097 dest=1.2 from-tunnel :: {"other_ends": [], "source": {"kind": "tunnel", "uid": 9087, "index_mode": 1, "out_name": ""}, "outer_wire": 9097, "outer_source": null}
RS #1359 i2 '' src=True w9215 dest=1.2 source-side :: {"other_ends": [], "source": null, "sinks": []}
RS #1359 i3 'Value' src=False w30592 dest=1.2 from-stay:30117 :: {"other_ends": [{"kind": "node", "diagram": "43", "uid": 20474, "i": 3, "name": "Value", "is_source": false}, {"kind": "node", "diagram": "43", "uid": 30117, "i": 4, "name": "Value", "is_source": true}, {"kind": "node", "diagram": "43", "uid": 2626, "i": 2, "name": "element", "is_source": false}], "source": {"kind": "node", "diagram": "43", "uid": 30117, "i": 4, "name": "Value", "is_source": true}
RS #1359 i4 '' src=False w28847 dest=1.2 same-loop :: {"other_ends": [{"kind": "node", "diagram": "43", "uid": 8885, "i": 0, "name": "x*y", "is_source": true}, {"kind": "node", "diagram": "43", "uid": 29874, "i": 4, "name": "", "is_source": false}], "source": {"kind": "node", "diagram": "43", "uid": 8885, "i": 0, "name": "x*y", "is_source": true}}
RS #1359 i5 '' src=False w10187 dest=1.2 from-stay:10068 :: {"other_ends": [{"kind": "node", "diagram": "43", "uid": 10068, "i": 1, "name": "x-y*floor(x/y)", "is_source": true}], "source": {"kind": "node", "diagram": "43", "uid": 10068, "i": 1, "name": "x-y*floor(x/y)", "is_source": true}}
RS #1359 i6 '' src=True w11352 dest=1.2 source-side :: {"other_ends": [{"kind": "node", "diagram": "43", "uid": 11261, "i": 1, "name": "array", "is_source": false}], "source": null, "sinks": [{"kind": "node", "diagram": "43", "uid": 11261, "i": 1, "name": "array", "is_source": false}]}
RS #1359 i7 'Force\nsmoothing\nhalf-width' src=False w31059 dest=1.2 from-ctl :: {"other_ends": [], "source": {"kind": "ctl", "uid": 28148, "label": "Force\nsmoothing\nhalf-width", "indicator": false}}
RS #1359 i8 'Extension\nmedian filter\nhalf-width' src=False w31166 dest=1.2 from-ctl :: {"other_ends": [{"kind": "node", "diagram": "43", "uid": 29874, "i": 6, "name": "Extension\nmedian filter\nhalf-width", "is_source": false}], "source": {"kind": "ctl", "uid": 28996, "label": "Extension\nmedian filter\nhalf-width", "indicator": false}}
RS #1359 i9 'Magnet position output' src=False w28338 dest=1.2 from-tunnel :: {"other_ends": [], "source": {"kind": "tunnel", "uid": 28343, "index_mode": 0, "out_name": "Magnet position output"}, "outer_wire": 28392, "outer_source": {"kind": "node", "diagram": "19", "uid": 27605, "i": 0, "name": "Magnet position output", "is_source": true}}
RS #2222 i0 '' src=False w730 dest=1.2 from-ctl :: {"other_ends": [], "source": {"kind": "ctl", "uid": 47, "label": "Z/dZ", "indicator": false}}
RS #2222 i1 'Z out' src=True w4906 dest=1.2 source-side :: {"other_ends": [{"kind": "node", "diagram": "43", "uid": 9833, "i": 0, "name": "array", "is_source": false}], "source": null, "sinks": [{"kind": "node", "diagram": "43", "uid": 9833, "i": 0, "name": "array", "is_source": false}]}
RS #2222 i2 'x,y,z array out' src=False w505 dest=1.2 to-sr :: {"other_ends": [{"kind": "node", "diagram": "43", "uid": 5058, "i": 4, "name": "x,y,z array out", "is_source": true}, {"kind": "node", "diagram": "43", "uid": 2626, "i": 4, "name": "array", "is_source": false}], "source": {"kind": "sr", "right": 1147, "left": 1142, "row": "1.2", "name": "x,y,z array out", "side": "right-in"}}
RS #2222 i3 '' src=False w628 dest=1.2 from-tunnel :: {"other_ends": [], "source": {"kind": "tunnel", "uid": 5129, "index_mode": 0, "out_name": ""}, "outer_wire": 5174, "outer_source": null}
RS #2222 i4 '' src=False w1773 dest=1.2 from-tunnel :: {"other_ends": [], "source": {"kind": "tunnel", "uid": 5328, "index_mode": 0, "out_name": ""}, "outer_wire": 5336, "outer_source": null}
RS #2222 i5 'Correction Factor' src=False w6096 dest=1.2 from-ctl :: {"other_ends": [], "source": {"kind": "ctl", "uid": 9289, "label": "Correction Factor", "indicator": false}}
RS #2222 i6 'X out' src=True w6363 dest=1.2 source-side :: {"other_ends": [{"kind": "node", "diagram": "43", "uid": 6104, "i": 0, "name": "array", "is_source": false}], "source": null, "sinks": [{"kind": "node", "diagram": "43", "uid": 6104, "i": 0, "name": "array", "is_source": false}]}
RS #2626 i0 'appended array' src=True w4517 dest=1.2 source-side :: {"other_ends": [{"kind": "node", "diagram": "43", "uid": 376, "i": 5, "name": "current frame data array in", "is_source": false}], "source": null, "sinks": [{"kind": "node", "diagram": "43", "uid": 376, "i": 5, "name": "current frame data array in", "is_source": false}]}
RS #2626 i1 'element' src=False w16483 dest=1.2 from-stay:5119 :: {"other_ends": [{"kind": "node", "diagram": "43", "uid": 5119, "i": 0, "name": "x-y", "is_source": true}, {"kind": "node", "diagram": "43", "uid": 22703, "i": 5, "name": "input 1", "is_source": false}], "source": {"kind": "node", "diagram": "43", "uid": 5119, "i": 0, "name": "x-y", "is_source": true}}
RS #2626 i2 'element' src=False w30592 dest=1.2 from-stay:30117 :: {"other_ends": [{"kind": "node", "diagram": "43", "uid": 1359, "i": 3, "name": "Value", "is_source": false}, {"kind": "node", "diagram": "43", "uid": 20474, "i": 3, "name": "Value", "is_source": false}, {"kind": "node", "diagram": "43", "uid": 30117, "i": 4, "name": "Value", "is_source": true}], "source": {"kind": "node", "diagram": "43", "uid": 30117, "i": 4, "name": "Value", "is_source": true}}
RS #2626 i3 'element' src=False w4878 dest=1.2 from-stay:4580 :: {"other_ends": [{"kind": "node", "diagram": "43", "uid": 4580, "i": 4, "name": "Value", "is_source": true}], "source": {"kind": "node", "diagram": "43", "uid": 4580, "i": 4, "name": "Value", "is_source": true}}
RS #2626 i4 'array' src=False w505 dest=1.2 to-sr :: {"other_ends": [{"kind": "node", "diagram": "43", "uid": 5058, "i": 4, "name": "x,y,z array out", "is_source": true}, {"kind": "node", "diagram": "43", "uid": 2222, "i": 2, "name": "x,y,z array out", "is_source": false}], "source": {"kind": "sr", "right": 1147, "left": 1142, "row": "1.2", "name": "x,y,z array out", "side": "right-in"}}
RS #6104 i0 'array' src=False w6363 dest=1.2 same-loop :: {"other_ends": [{"kind": "node", "diagram": "43", "uid": 2222, "i": 6, "name": "X out", "is_source": true}], "source": {"kind": "node", "diagram": "43", "uid": 2222, "i": 6, "name": "X out", "is_source": true}}
RS #6104 i3 'index (col)' src=False w6427 dest=1.2 from-const :: {"other_ends": [], "source": {"kind": "const", "uid": 6404, "text": "0", "repr": 3, "val": 0}}
RS #8885 i0 'x*y' src=True w28847 dest=1.2 source-side :: {"other_ends": [{"kind": "node", "diagram": "43", "uid": 1359, "i": 4, "name": "", "is_source": false}, {"kind": "node", "diagram": "43", "uid": 29874, "i": 4, "name": "", "is_source": false}], "source": null, "sinks": [{"kind": "node", "diagram": "43", "uid": 1359, "i": 4, "name": "", "is_source": false}, {"kind": "node", "diagram": "43", "uid": 29874, "i": 4, "name": "", "is_source": false}]}
RS #8885 i1 'y' src=False w9164 dest=1.2 from-const :: {"other_ends": [], "source": {"kind": "const", "uid": 9050, "text": "1000", "repr": 1, "val": 1000.0}}
RS #8885 i2 'x' src=False w9012 dest=1.2 same-loop :: {"other_ends": [{"kind": "node", "diagram": "43", "uid": 9833, "i": 1, "name": "subarray", "is_source": true}], "source": {"kind": "node", "diagram": "43", "uid": 9833, "i": 1, "name": "subarray", "is_source": true}}
RS #9833 i0 'array' src=False w4906 dest=1.2 same-loop :: {"other_ends": [{"kind": "node", "diagram": "43", "uid": 2222, "i": 1, "name": "Z out", "is_source": true}], "source": {"kind": "node", "diagram": "43", "uid": 2222, "i": 1, "name": "Z out", "is_source": true}}
RS #9833 i1 'subarray' src=True w9012 dest=1.2 source-side :: {"other_ends": [{"kind": "node", "diagram": "43", "uid": 8885, "i": 2, "name": "x", "is_source": false}], "source": null, "sinks": [{"kind": "node", "diagram": "43", "uid": 8885, "i": 2, "name": "x", "is_source": false}]}
RS #9833 i2 'index (row)' src=False w9924 dest=1.2 from-const :: {"other_ends": [], "source": {"kind": "const", "uid": 9906, "text": "0", "repr": 3, "val": 0}}
RS #11261 i0 'appended array' src=True w10908 dest=1.2 source-side :: {"other_ends": [], "source": null, "sinks": []}
RS #11261 i1 'array' src=False w11352 dest=1.2 same-loop :: {"other_ends": [{"kind": "node", "diagram": "43", "uid": 1359, "i": 6, "name": "", "is_source": true}], "source": {"kind": "node", "diagram": "43", "uid": 1359, "i": 6, "name": "", "is_source": true}}
RS #11261 i2 'element' src=False w12256 dest=1.2 from-stay:11608 :: {"other_ends": [{"kind": "node", "diagram": "43", "uid": 11608, "i": 0, "name": "output cluster", "is_source": true}], "source": {"kind": "node", "diagram": "43", "uid": 11608, "i": 0, "name": "output cluster", "is_source": true}}
RS #29874 i1 '' src=True w32890 dest=1.2 source-side :: {"other_ends": [], "source": null, "sinks": []}
RS #29874 i2 '' src=False w29787 dest=1.2 from-stay:29240 :: {"other_ends": [{"kind": "node", "diagram": "43", "uid": 29240, "i": 1, "name": "x-y*floor(x/y)", "is_source": true}], "source": {"kind": "node", "diagram": "43", "uid": 29240, "i": 1, "name": "x-y*floor(x/y)", "is_source": true}}
RS #29874 i3 '' src=False w28039 dest=1.2 from-tunnel :: {"other_ends": [], "source": {"kind": "tunnel", "uid": 29911, "index_mode": 1, "out_name": ""}, "outer_wire": 28039, "outer_source": null}
RS #29874 i4 '' src=False w28847 dest=1.2 same-loop :: {"other_ends": [{"kind": "node", "diagram": "43", "uid": 1359, "i": 4, "name": "", "is_source": false}, {"kind": "node", "diagram": "43", "uid": 8885, "i": 0, "name": "x*y", "is_source": true}], "source": {"kind": "node", "diagram": "43", "uid": 8885, "i": 0, "name": "x*y", "is_source": true}}
RS #29874 i5 '' src=True w29591 dest=1.2 source-side :: {"other_ends": [], "source": null, "sinks": []}
RS #29874 i6 'Extension\nmedian filter\nhalf-width' src=False w31166 dest=1.2 from-ctl :: {"other_ends": [{"kind": "node", "diagram": "43", "uid": 1359, "i": 8, "name": "Extension\nmedian filter\nhalf-width", "is_source": false}], "source": {"kind": "ctl", "uid": 28996, "label": "Extension\nmedian filter\nhalf-width", "indicator": false}}
BV cut [1359, 1, '', False, 9097]
BV cut [1359, 2, '', True, 9215]
BV cut [1359, 3, 'Value', False, 30592]
BV cut [1359, 4, '', False, 28847]
BV cut [1359, 5, '', False, 10187]
BV cut [1359, 6, '', True, 11352]
BV cut [1359, 7, 'Force\nsmoothing\nhalf-width', False, 31059]
BV cut [1359, 8, 'Extension\nmedian filter\nhalf-width', False, 31166]
BV cut [1359, 9, 'Magnet position output', False, 28338]
BV cut [2222, 0, '', False, 730]
BV cut [2222, 1, 'Z out', True, 4906]
BV cut [2222, 2, 'x,y,z array out', False, 505]
BV cut [2222, 3, '', False, 628]
BV cut [2222, 4, '', False, 1773]
BV cut [2222, 5, 'Correction Factor', False, 6096]
BV cut [2222, 6, 'X out', True, 6363]
BV cut [2626, 0, 'appended array', True, 4517]
BV cut [2626, 1, 'element', False, 16483]
BV cut [2626, 2, 'element', False, 30592]
BV cut [2626, 3, 'element', False, 4878]
BV cut [2626, 4, 'array', False, 505]
BV cut [6104, 0, 'array', False, 6363]
BV cut [6104, 3, 'index (col)', False, 6427]
BV cut [8885, 0, 'x*y', True, 28847]
BV cut [8885, 1, 'y', False, 9164]
BV cut [8885, 2, 'x', False, 9012]
BV cut [9833, 0, 'array', False, 4906]
BV cut [9833, 1, 'subarray', True, 9012]
BV cut [9833, 2, 'index (row)', False, 9924]
BV cut [11261, 0, 'appended array', True, 10908]
BV cut [11261, 1, 'array', False, 11352]
BV cut [11261, 2, 'element', False, 12256]
BV cut [29874, 1, '', True, 32890]
BV cut [29874, 2, '', False, 29787]
BV cut [29874, 3, '', False, 28039]
BV cut [29874, 4, '', False, 28847]
BV cut [29874, 5, '', True, 29591]
BV cut [29874, 6, 'Extension\nmedian filter\nhalf-width', False, 31166]
BV key regs list 8
BV key rewire dict 4
BV key outer_cut list 0
BV key sr_changed list 0
BV key queues dict 8
BV key sentinels dict 5
BV key const_donors dict 5
BV key size int 0
BV key md5_after str 32
RESULT {"status":"PASS","gates":{"pass":2,"fail":0},"first_fail":null,"artefacts":[],"schema":"result-line/1"}
COUNTS RS rows 38, BV cut rows 38
BGRUN END rc=0 after 1s
