BGRUN START 2026-09-27 22:30:23 limit 1.0 min: py -u tools/bench/diag_c112a_regs.py
BGRUN PID 2332
keys ['fs_tunnel_pairs', 'loops', 'md5', 'objs', 'owners', 'source', 'terminals', 'vi']
LOOP {"class": "WhileLoop", "index": 1, "loop_uid": 10170, "left_of": {"23508": [23792], "10850": [25240], "25339": [25344], "25371": [25382], "9603": [10544], "25545": [25582]}, "right_uids": [23508, 10850, 25339, 25371, 9603, 25545]}
LOOP {"class": "WhileLoop", "index": 4, "loop_uid": 637, "left_of": {"1147": [1142], "1117": [5351], "119": [2972], "5796": [5805], "9018": [9025], "862": [2853], "7311": [11001], "15197": [15204], "29505": [29512], "580": [1755]}, "right_uids": [1147, 1117, 119, 5796, 9018, 862, 7311, 15197, 29505, 580]}
LOOP {"class": "ForLoop", "index": 1, "loop_uid": 29874, "left_of": {}, "right_uids": []}
LOOP {"class": "ForLoop", "index": 2, "loop_uid": 1359, "left_of": {}, "right_uids": []}
owners n 250 sample [('57', ['Diagram', 639]), ('113', ['FlatSequenceFrame', 0]), ('124', ['FlatSequenceFrame', 0])]
OWNER frame 2235 -> ['CaseStructure', 2222]
OWNER frame 2265 -> ['CaseStructure', 2222]
OWNER frame 7911 -> ['ForLoop', 1359]
OWNER frame 9603 -> ['WhileLoop', 10170]
OWNER frame 10544 -> ['WhileLoop', 10170]
OWNER frame 23166 -> ['WhileLoop', 10170]
OWNER frame 25545 -> ['WhileLoop', 10170]
OWNER frame 25582 -> ['WhileLoop', 10170]
OWNER frame 29894 -> ['ForLoop', 29874]
OBJ {"uid": 536, "class": "TopLevelDiagram", "pos": [-17476, 102], "owner": ""}
OBJ {"uid": 10170, "class": "WhileLoop", "pos": [4587, 5717], "owner": "Diagram"}
OBJ {"uid": 29874, "class": "ForLoop", "pos": [9412, 7381], "owner": "Diagram"}
OBJ {"uid": 1359, "class": "ForLoop", "pos": [9695, 7059], "owner": "Diagram"}
OBJ {"uid": 2222, "class": "CaseStructure", "pos": [9148, 7191], "owner": "Diagram"}
OBJ {"uid": 2276, "class": "Tunnel", "pos": [9148, 7211], "owner": "CaseStructure"}
OBJ {"uid": 403, "class": "ControlTerminal", "pos": [9234, 7047], "owner": "Diagram"}
OBJ {"uid": 28124, "class": "GrowableFunction", "pos": [2568, 1883], "owner": "Diagram"}
OBJ {"uid": 8953, "class": "GrowableFunction", "pos": [2325, 1069], "owner": "Diagram"}
ROW {"term_uid": 25579, "term_name": "", "is_source": true, "wire_uid": 0, "owner_uid": 9603, "owner_class": "RightShiftRegister", "frame_diagram": 686, "term_class": "OuterTerminal"}
ROW {"term_uid": 25588, "term_name": "", "is_source": false, "wire_uid": 0, "owner_uid": 10544, "owner_class": "LeftShiftRegister", "frame_diagram": 686, "term_class": "OuterTerminal"}
ROW {"term_uid": 25602, "term_name": "", "is_source": true, "wire_uid": 0, "owner_uid": 25545, "owner_class": "RightShiftRegister", "frame_diagram": 686, "term_class": "OuterTerminal"}
ROW {"term_uid": 25606, "term_name": "", "is_source": false, "wire_uid": 0, "owner_uid": 25582, "owner_class": "LeftShiftRegister", "frame_diagram": 686, "term_class": "OuterTerminal"}
ROW {"term_uid": 29928, "term_name": "", "is_source": false, "wire_uid": 0, "owner_uid": 29911, "owner_class": "LoopTunnel", "frame_diagram": 23166, "term_class": "OuterTerminal"}
ROW {"term_uid": 29624, "term_name": "", "is_source": true, "wire_uid": 0, "owner_uid": 29616, "owner_class": "LoopTunnel", "frame_diagram": 23166, "term_class": "OuterTerminal"}
ROW {"term_uid": 29923, "term_name": "", "is_source": false, "wire_uid": 29853, "owner_uid": 29911, "owner_class": "LoopTunnel", "frame_diagram": 29894, "term_class": "InnerTerminal"}
ROW {"term_uid": 29618, "term_name": "", "is_source": false, "wire_uid": 30546, "owner_uid": 29616, "owner_class": "LoopTunnel", "frame_diagram": 29894, "term_class": "InnerTerminal"}
ROW {"term_uid": 9092, "term_name": "", "is_source": false, "wire_uid": 0, "owner_uid": 9087, "owner_class": "LoopTunnel", "frame_diagram": 23166, "term_class": "OuterTerminal"}
ROW {"term_uid": 9234, "term_name": "", "is_source": true, "wire_uid": 0, "owner_uid": 9227, "owner_class": "LoopTunnel", "frame_diagram": 23166, "term_class": "OuterTerminal"}
ROW {"term_uid": 9089, "term_name": "", "is_source": false, "wire_uid": 9076, "owner_uid": 9087, "owner_class": "LoopTunnel", "frame_diagram": 7911, "term_class": "InnerTerminal"}
ROW {"term_uid": 9230, "term_name": "", "is_source": false, "wire_uid": 8811, "owner_uid": 9227, "owner_class": "LoopTunnel", "frame_diagram": 7911, "term_class": "InnerTerminal"}
ROW {"term_uid": 2282, "term_name": "", "is_source": false, "wire_uid": 0, "owner_uid": 2276, "owner_class": "Tunnel", "frame_diagram": 23166, "term_class": "OuterTerminal"}
ROW {"term_uid": 2280, "term_name": "", "is_source": true, "wire_uid": 0, "owner_uid": 2276, "owner_class": "Tunnel", "frame_diagram": 2265, "term_class": "InnerTerminal"}
ROW {"term_uid": 2279, "term_name": "", "is_source": true, "wire_uid": 0, "owner_uid": 2276, "owner_class": "Tunnel", "frame_diagram": 2235, "term_class": "InnerTerminal"}
ROW {"term_uid": 22281, "term_name": "", "is_source": false, "wire_uid": 0, "owner_uid": 9603, "owner_class": "RightShiftRegister", "frame_diagram": 23166, "term_class": "InnerTerminal"}
ROW {"term_uid": 25587, "term_name": "", "is_source": true, "wire_uid": 0, "owner_uid": 10544, "owner_class": "LeftShiftRegister", "frame_diagram": 23166, "term_class": "InnerTerminal"}
ROW {"term_uid": 25596, "term_name": "", "is_source": false, "wire_uid": 0, "owner_uid": 25545, "owner_class": "RightShiftRegister", "frame_diagram": 23166, "term_class": "InnerTerminal"}
ROW {"term_uid": 25605, "term_name": "", "is_source": true, "wire_uid": 0, "owner_uid": 25582, "owner_class": "LeftShiftRegister", "frame_diagram": 23166, "term_class": "InnerTerminal"}
ROW {"term_uid": 28172, "term_name": "initialized array", "is_source": true, "wire_uid": 29122, "owner_uid": 28124, "owner_class": "GrowableFunction", "frame_diagram": 686, "term_class": "Terminal"}
ROW {"term_uid": 8958, "term_name": "initialized array", "is_source": true, "wire_uid": 9051, "owner_uid": 8953, "owner_class": "GrowableFunction", "frame_diagram": 686, "term_class": "Terminal"}
RESULT {"schema":"result-line/1","status":"PASS","gates":{"pass":1,"fail":0},"first_fail":null,"artefacts":[]}
BGRUN END rc=0 after 1s
