BGRUN START 2026-09-27 04:07:15 limit 5.0 min: py -u tools/bench/diag_c104d_e3.py
BGRUN PID 22876
dry PASS E3 rows 6 == want 6 (classes 1-3 of 21 open rows); class-4 sources equal 15/15; added 8 all plan-created: False; removed 0
bad_added [(23090, 'DiagramTerminal'), (23447, 'DiagramTerminal')]
bind obj {-1: 23047, -5: 23295, -8: 23403, -20: 23538, -21: 23775, -22: 23620, -24: 23623, -26: 23781, -28: 23796, -30: 23811, -32: 23886, -37: 23910, -42: 23982, -47: 10000018, -52: 10000023, -58: 10000027, -61: 10000030, -64: 10000033, -69: 10000039, -72: 10000042, -75: 10000044}
bind diag {-2: 23073, -6: 23432}
ADDED 23090 DiagramTerminal rows []
   objs []
ADDED 23447 DiagramTerminal rows []
   objs []
ADDED 23538 ControlTerminal rows [{"term_uid": 23538, "term_name": "plot ring (display)", "is_source": false, "wire_uid": 9215, "owner_uid": 639, "owner_class": "Diagram", "frame_diagram": 639, "term_class": "ControlTerminal"}]
   objs []
ADDED 23775 ControlTerminal rows [{"term_uid": 23775, "term_name": "plot WLC (display)", "is_source": false, "wire_uid": 12256, "owner_uid": 639, "owner_class": "Diagram", "frame_diagram": 639, "term_class": "ControlTerminal"}]
   objs []
ADDED 10000030 Function rows [{"term_uid": 10000031, "term_name": "milliseconds to wait", "is_source": false, "wire_uid": 10000043, "owner_uid": 10000030, "owner_class": "Function", "frame_diagram": 23073, "term_class": "ParameterTerminal"}, {"term_uid": 10000032, "term_name": "millisecond timer value", "is_source": true, "wire_uid": 0, "owner_uid": 10000030, "owner_class": "Function", "frame_diagram": 23073, "term_class": "ParameterTerminal"}]
   objs [{"uid": 10000030, "class": "Function", "pos": [0, 0], "owner": "Diagram"}]
ADDED 10000033 Comparison rows [{"term_uid": 10000034, "term_name": "x", "is_source": false, "wire_uid": 10000041, "owner_uid": 10000033, "owner_class": "Comparison", "frame_diagram": 23073, "term_class": "ParameterTerminal"}, {"term_uid": 10000035, "term_name": "y", "is_source": false, "wire_uid": 10000038, "owner_uid": 10000033, "owner_class": "Comparison", "frame_diagram": 23073, "term_class": "ParameterTerminal"}, {"term_uid": 10000036, "term_name": "max(x,y)", "is_source": true, "wire_uid": 10000043, "owner_uid": 10000033, "owner_class": "Comparison", "frame_diagram": 23073, "term_class": "ParameterTerminal"}, {"term_uid": 10000037, "term_name": "min(x,y)", "is_source": true, "wire_uid": 0, "owner_uid": 10000033, "ow
   objs [{"uid": 10000033, "class": "Comparison", "pos": [0, 0], "owner": "Diagram"}]
ADDED 10000039 DigitalNumericConstant rows [{"term_uid": 10000040, "term_name": "y", "is_source": true, "wire_uid": 10000038, "owner_uid": 10000039, "owner_class": "DigitalNumericConstant", "frame_diagram": 23073, "term_class": "Terminal"}]
   objs [{"uid": 10000039, "class": "DigitalNumericConstant", "pos": [0, 0], "owner": "Diagram"}]
ADDED 10000042 ControlTerminal rows [{"term_uid": 10000042, "term_name": "Display period (ms)", "is_source": true, "wire_uid": 10000041, "owner_uid": 23073, "owner_class": "Diagram", "frame_diagram": 23073, "term_class": "ControlTerminal"}]
   objs []
objs type list [{'uid': 536, 'class': 'TopLevelDiagram', 'pos': [-17474, 102], 'owner': ''}, {'uid': 681, 'class': 'FlatSequence', 'pos': [-3623, 102], 'owner': 'TopLevelDiagram'}]
RESULT {"schema":"result-line/1","status":"PASS","gates":{"pass":1,"fail":0},"first_fail":null,"artefacts":[]}
BGRUN END rc=0 after 8s
BGRUN START 2026-09-27 04:07:39 limit 5.0 min: py -u tools/bench/diag_c104d_e3.py
BGRUN PID 9272
dry PASS E3 rows 6 == want 6 (classes 1-3 of 21 open rows); class-4 sources equal 15/15; added 8 all plan-created: False; removed 0
bad_added [(23090, 'DiagramTerminal'), (23447, 'DiagramTerminal')]
bind obj {-1: 23047, -5: 23295, -8: 23403, -20: 23538, -21: 23775, -22: 23620, -24: 23623, -26: 23781, -28: 23796, -30: 23811, -32: 23886, -37: 23910, -42: 23982, -47: 10000018, -52: 10000023, -58: 10000027, -61: 10000030, -64: 10000033, -69: 10000039, -72: 10000042, -75: 10000044}
bind diag {-2: 23073, -6: 23432}
bind term (sim<0) {-3: 23090, -4: 23099, -7: 23447, -9: 23402, -10: 23408, -20: 23538, -21: 23775, -23: 23792, -25: 23807, -27: 23823, -29: 23841, -31: 23859, -33: 23906, -34: 23895, -38: 23978, -39: 23961, -43: 24015, -44: 24009, -48: 10000019, -49: 10000020, -53: 10000024, -54: 10000025, -59: 10000028, -62: 10000031, -63: 10000032, -65: 10000034, -66: 10000035, -67: 10000036, -68: 10000037, -70: 10000040, -72: 10000042, -76: 10000045}
step57 loops (created) [{"loop_uid": -1, "right_uids": [], "left_of": {}}, {"loop_uid": -5, "right_uids": [], "left_of": {}}]
ADDED 23090 DiagramTerminal rows []
   objs []
ADDED 23447 DiagramTerminal rows []
   objs []
ADDED 23538 ControlTerminal rows [{"term_uid": 23538, "term_name": "plot ring (display)", "is_source": false, "wire_uid": 9215, "owner_uid": 639, "owner_class": "Diagram", "frame_diagram": 639, "term_class": "ControlTerminal"}]
   objs []
ADDED 23775 ControlTerminal rows [{"term_uid": 23775, "term_name": "plot WLC (display)", "is_source": false, "wire_uid": 12256, "owner_uid": 639, "owner_class": "Diagram", "frame_diagram": 639, "term_class": "ControlTerminal"}]
   objs []
ADDED 10000030 Function rows [{"term_uid": 10000031, "term_name": "milliseconds to wait", "is_source": false, "wire_uid": 10000043, "owner_uid": 10000030, "owner_class": "Function", "frame_diagram": 23073, "term_class": "ParameterTerminal"}, {"term_uid": 10000032, "term_name": "millisecond timer value", "is_source": true, "wire_uid": 0, "owner_uid": 10000030, "owner_class": "Function", "frame_diagram": 23073, "term_class": "ParameterTerminal"}]
   objs [{"uid": 10000030, "class": "Function", "pos": [0, 0], "owner": "Diagram"}]
ADDED 10000033 Comparison rows [{"term_uid": 10000034, "term_name": "x", "is_source": false, "wire_uid": 10000041, "owner_uid": 10000033, "owner_class": "Comparison", "frame_diagram": 23073, "term_class": "ParameterTerminal"}, {"term_uid": 10000035, "term_name": "y", "is_source": false, "wire_uid": 10000038, "owner_uid": 10000033, "owner_class": "Comparison", "frame_diagram": 23073, "term_class": "ParameterTerminal"}, {"term_uid": 10000036, "term_name": "max(x,y)", "is_source": true, "wire_uid": 10000043, "owner_uid": 10000033, "owner_class": "Comparison", "frame_diagram": 23073, "term_class": "ParameterTerminal"}, {"term_uid": 10000037, "term_name": "min(x,y)", "is_source": true, "wire_uid": 0, "owner_uid": 10000033, "ow
   objs [{"uid": 10000033, "class": "Comparison", "pos": [0, 0], "owner": "Diagram"}]
ADDED 10000039 DigitalNumericConstant rows [{"term_uid": 10000040, "term_name": "y", "is_source": true, "wire_uid": 10000038, "owner_uid": 10000039, "owner_class": "DigitalNumericConstant", "frame_diagram": 23073, "term_class": "Terminal"}]
   objs [{"uid": 10000039, "class": "DigitalNumericConstant", "pos": [0, 0], "owner": "Diagram"}]
ADDED 10000042 ControlTerminal rows [{"term_uid": 10000042, "term_name": "Display period (ms)", "is_source": true, "wire_uid": 10000041, "owner_uid": 23073, "owner_class": "Diagram", "frame_diagram": 23073, "term_class": "ControlTerminal"}]
   objs []
objs type list [{'uid': 536, 'class': 'TopLevelDiagram', 'pos': [-17474, 102], 'owner': ''}, {'uid': 681, 'class': 'FlatSequence', 'pos': [-3623, 102], 'owner': 'TopLevelDiagram'}]
RESULT {"schema":"result-line/1","status":"PASS","gates":{"pass":1,"fail":0},"first_fail":null,"artefacts":[]}
BGRUN END rc=0 after 8s
