BGRUN START 2026-09-21 13:59:32 limit 35.0 min: py -u tools/bench/diag_c64_s3b_row1.py
=== diag_c64_s3b_row1  2026-09-21 13:59:32
=== cycle 64 material #5: THE DELIVERABLE BUILD - S3b ROW 1 ONLY, staged saves, a node census diff and a junk purge after EVERY op call. ROW 2 IS NOT IN THIS RUN.
=== NO g.open_panel and NO g.ensure_loaded call appears in this file; the edits reach the load only inside the wrappers. VERIFICATION IS STRUCTURAL, NEVER FUNCTIONAL (34(f)).
  FACT  LabVIEW handles BEFORE: 34171
  FACT  tracked VI Server refs BEFORE: {'opened': 0, 'closed': 0, 'live': 0, 'cached_op_vis': 0}
  FACT  Z0 ORIGINAL (read-only probe): HASH G:\Codes\LabVIEW_Codes\MinLab\zz_LabView VI\AAA_UNIST\2. Tracking\Min_Track N beads V6_ParallelLoop.vi | exists=1 | size=473317 | md5=2a78e17c449cacdaf5da389818526859 | sha256=f827a67e91cc2a51284cdce0ada5d34ecf89cf865bca5f0bdfa870f0020df4bb
  PASS  Z_0 the ORIGINAL's md5 equals the pin  2a78e17c449cacdaf5da389818526859
  FACT  Z0b D1_s1_copy.vi: HASH C:\Program Files\National Instruments\LabVIEW 2026\user.lib\claudeDev\D1_s1_copy.vi | exists=1 | size=474202 | md5=3e3d23cefd3a334001aa9d6156bf1aee | sha256=1ab3360021cb04f03e8fe4a503d1972aefa26a34ed5b8fd9393ec6899330e0f7
  PASS  Z_0b D1_s1_copy.vi md5 == 3e3d23cefd3a334001aa9d6156bf1aee  3e3d23cefd3a334001aa9d6156bf1aee
  FACT  Z0c D1_s2_loops.vi: HASH C:\Program Files\National Instruments\LabVIEW 2026\user.lib\claudeDev\D1_s2_loops.vi | exists=1 | size=475707 | md5=6ff19497f2309e007a214660bb64b911 | sha256=d52e754e29a85e9cc3ddeb039f6c5e325c9094c5e1f8c944059d4a5f7b33c3f5
  PASS  Z_0c D1_s2_loops.vi md5 == 6ff19497f2309e007a214660bb64b911  6ff19497f2309e007a214660bb64b911
  FACT  Z0d D1_s3a_focus_ind.vi (the BED, FATAL pin, never written): HASH C:\Program Files\National Instruments\LabVIEW 2026\user.lib\claudeDev\D1_s3a_focus_ind.vi | exists=1 | size=476172 | md5=eef91c1d91f16b034707e4d1285ca8cb | sha256=8afd9f95e280139e64aa648906ba7f799e8d0ae39aabfae42c93ef4f102d23bb
  PASS  Z_0d D1_s3a_focus_ind.vi md5 == eef91c1d91f16b034707e4d1285ca8cb  eef91c1d91f16b034707e4d1285ca8cb
  FACT  Z0e the donor OpCreateLocalRead_v0.vi: HASH C:\Program Files\National Instruments\LabVIEW 2026\user.lib\claudeDev\OpCreateLocalRead_v0.vi | exists=1 | size=10192 | md5=f695d97a36ae127cd2dd3ca6b1fc1089 | sha256=2b2b3d97596a8a1c90fc8426012dfd213acdae5a34c427ab07ed3773c712cb4e
  PASS  Z_0e OpCreateLocalRead_v0.vi md5 == f695d97a36ae127cd2dd3ca6b1fc1089  f695d97a36ae127cd2dd3ca6b1fc1089
  FACT  Z0f OpConnectNested_v1.vi: HASH C:\Program Files\National Instruments\LabVIEW 2026\user.lib\claudeDev\OpConnectNested_v1.vi | exists=1 | size=14666 | md5=b7a1bb56cefe2b4632125e6bda0d7221 | sha256=eb3ace5b6ea391471cadadc15f0177d62595443b379aef7161c12ae9d77ee996
  PASS  Z_0f OpConnectNested_v1.vi md5 starts with b7a1bb56  b7a1bb56cefe2b4632125e6bda0d7221
  PASS  Z_0g neither artefact path exists before this run  D1_s3b_row1a_20260921_135932.vi / D1_s3b_row1_20260921_135932.vi / WORK_C64R1_20260921_135932.vi
  FACT  Z_R RESTART (pre-batch, 44(e)): lv_restart rc=0 ['dialogs: ,1346,762| / ENABLED|49088362|0,0,0,0|LabVIEW / VERDICT: clear (no modal dialog)']
  FACT  LabVIEW handles AFTER the pre-batch restart: 30695

========== ROW 1  sink #10407 t0  <-  source #10686 t0 'x .and. y?'   (existing indicator 'Automatic Error Handling', control uid 23555)

---------- [1] the cold reading and the baselines
  FACT  ExecState [01 [1] the working copy, COLD (no open_panel call)] = 1   (+66.7 s, read cost 1.70 s)
  PASS  A0 the working copy opens COLD at ExecState 1  1
  FACT  [1] baseline counts: {'Node': 630, 'Wire': 1905, 'ControlTerminal': 116, 'Local': 8}
  PASS  A0b the baselines hold: Node 630 / Wire 1905 / ControlTerminal 116 / Local 8  {'Node': 630, 'Wire': 1905, 'ControlTerminal': 116, 'Local': 8}
  FACT  [1] baseline node census: 630 rows
  FACT  [1] diag_index(#639) RE-READ off the machine = 46
  PASS  A0c Diagram #639 resolves to a live Traverse index  46 (the brief recorded 46)
  FACT  [1] diag_index(#686) (the diagram that holds #637) = 19
  FACT  [1] BEFORE #637 #637 lives at: {'diagram_index': 19, 'diagram_uid': 686, 'diagram_class': 'Diagram', 'nodes_index': 4, 'nodes_on_diagram': 24, 'label': 'While Loop'}  (1 diagram(s) scanned of 173, 2.5 s)
  FACT  [1] BEFORE #637 terminal table of #637 (Diagram idx 19, Nodes[4], echo 637): 59 terminal(s)
  FACT      [1] BEFORE #637 t0  'error out'                        is_source=True  wire=697     errs=[0, 0, 0, 0]
  FACT      [1] BEFORE #637 t1  'error out'                        is_source=False wire=925     errs=[0, 0, 0, 0]
  FACT      [1] BEFORE #637 t2  'x,y,z array out'                  is_source=True  wire=0       errs=[0, 0, 0, 1055]
  FACT      [1] BEFORE #637 t3  'x,y,z array out'                  is_source=False wire=2731    errs=[0, 0, 0, 0]
  FACT      [1] BEFORE #637 t4  'Value'                            is_source=False wire=6910    errs=[0, 0, 0, 0]
  FACT      [1] BEFORE #637 t5  'Real-space cosine window'         is_source=False wire=5786    errs=[0, 0, 0, 0]
  FACT      [1] BEFORE #637 t6  'Cosine bandpass for Hilbert'      is_source=False wire=4029    errs=[0, 0, 0, 0]
  FACT      [1] BEFORE #637 t7  'Session Out'                      is_source=True  wire=4436    errs=[0, 0, 0, 0]
  FACT      [1] BEFORE #637 t8  'position [internal units]'        is_source=True  wire=4859    errs=[0, 0, 0, 0]
  FACT      [1] BEFORE #637 t9  'position [internal units]'        is_source=False wire=3968    errs=[0, 0, 0, 0]
  FACT      [1] BEFORE #637 t10 'VISA out'                         is_source=True  wire=7506    errs=[0, 0, 0, 0]
  FACT      [1] BEFORE #637 t11 'VISA out'                         is_source=False wire=4185    errs=[0, 0, 0, 0]
  FACT      [1] BEFORE #637 t12 'total data array out'             is_source=True  wire=3957    errs=[0, 0, 0, 0]
  FACT      [1] BEFORE #637 t13 'total data array out'             is_source=False wire=3543    errs=[0, 0, 0, 0]
  FACT      [1] BEFORE #637 t14 ''                                 is_source=False wire=2362    errs=[0, 0, 0, 0]
  FACT      [1] BEFORE #637 t15 'error out'                        is_source=True  wire=1899    errs=[0, 0, 0, 0]
  FACT      [1] BEFORE #637 t16 'error out'                        is_source=False wire=4969    errs=[0, 0, 0, 0]
  FACT      [1] BEFORE #637 t17 ''                                 is_source=False wire=5104    errs=[0, 0, 0, 0]
  FACT      [1] BEFORE #637 t18 'file number to append out'        is_source=True  wire=5073    errs=[0, 0, 0, 0]
  FACT      [1] BEFORE #637 t19 'file progress'                    is_source=True  wire=4337    errs=[0, 0, 0, 0]
  FACT      [1] BEFORE #637 t20 'LastBufferNumber'                 is_source=True  wire=0       errs=[0, 0, 0, 1055]
  FACT      [1] BEFORE #637 t21 'LastBufferNumber'                 is_source=False wire=1827    errs=[0, 0, 0, 0]
  FACT      [1] BEFORE #637 t22 ''                                 is_source=False wire=3668    errs=[0, 0, 0, 0]
  FACT      [1] BEFORE #637 t23 ''                                 is_source=False wire=21      errs=[0, 0, 0, 0]
  FACT      [1] BEFORE #637 t24 'pos in cal image out'             is_source=True  wire=0       errs=[0, 0, 0, 1055]
  FACT      [1] BEFORE #637 t25 'pos in cal image out'             is_source=False wire=8590    errs=[0, 0, 0, 0]
  FACT      [1] BEFORE #637 t26 ''                                 is_source=False wire=5174    errs=[0, 0, 0, 0]
  FACT      [1] BEFORE #637 t27 ''                                 is_source=False wire=5336    errs=[0, 0, 0, 0]
  FACT      [1] BEFORE #637 t28 'Bead is good? array out'          is_source=True  wire=0       errs=[0, 0, 0, 1055]
  FACT      [1] BEFORE #637 t29 'Bead is good? array out'          is_source=False wire=5812    errs=[0, 0, 0, 0]
  FACT      [1] BEFORE #637 t30 ''                                 is_source=False wire=5812    errs=[0, 0, 0, 0]
  FACT      [1] BEFORE #637 t31 ''                                 is_source=False wire=2731    errs=[0, 0, 0, 0]
  FACT      [1] BEFORE #637 t32 ''                                 is_source=False wire=2641    errs=[0, 0, 0, 0]
  FACT      [1] BEFORE #637 t33 ''                                 is_source=False wire=5265    errs=[0, 0, 0, 0]
  FACT      [1] BEFORE #637 t34 ''                                 is_source=False wire=3853    errs=[0, 0, 0, 0]
  FACT      [1] BEFORE #637 t35 'Value'                            is_source=False wire=1678    errs=[0, 0, 0, 0]
  FACT      [1] BEFORE #637 t36 'current image number'             is_source=True  wire=1420    errs=[0, 0, 0, 0]
  FACT      [1] BEFORE #637 t37 ''                                 is_source=True  wire=2187    errs=[0, 0, 0, 0]
  FACT      [1] BEFORE #637 t38 'LastBufferNumber'                 is_source=False wire=1827    errs=[0, 0, 0, 0]
  FACT      [1] BEFORE #637 t39 'error out'                        is_source=False wire=6197    errs=[0, 0, 0, 0]
  FACT      [1] BEFORE #637 t40 ''                                 is_source=True  wire=0       errs=[0, 0, 0, 1055]
  FACT      [1] BEFORE #637 t41 ''                                 is_source=False wire=9051    errs=[0, 0, 0, 0]
  FACT      [1] BEFORE #637 t42 '# FD points'                      is_source=False wire=9000    errs=[0, 0, 0, 0]
  FACT      [1] BEFORE #637 t43 'F-x out'                          is_source=True  wire=0       errs=[0, 0, 0, 1055]
  FACT      [1] BEFORE #637 t44 'F-x out'                          is_source=False wire=0       errs=[0, 0, 0, 1055]
  FACT      [1] BEFORE #637 t45 '# slices in stack'                is_source=False wire=9649    errs=[0, 0, 0, 0]
  FACT      [1] BEFORE #637 t46 'Value'                            is_source=True  wire=0       errs=[0, 0, 0, 1055]
  FACT      [1] BEFORE #637 t47 'Value'                            is_source=False wire=11253   errs=[0, 0, 0, 0]
  FACT      [1] BEFORE #637 t48 'System no.'                       is_source=True  wire=0       errs=[0, 0, 0, 1055]
  FACT      [1] BEFORE #637 t49 'System no.'                       is_source=False wire=16421   errs=[0, 0, 0, 0]
  FACT      [1] BEFORE #637 t50 '# DT points'                      is_source=False wire=29006   errs=[0, 0, 0, 0]
  FACT      [1] BEFORE #637 t51 ''                                 is_source=True  wire=0       errs=[0, 0, 0, 1055]
  FACT      [1] BEFORE #637 t52 ''                                 is_source=False wire=29122   errs=[0, 0, 0, 0]
  FACT      [1] BEFORE #637 t53 'Magnet position output'           is_source=False wire=28392   errs=[0, 0, 0, 0]
  FACT      [1] BEFORE #637 t54 ''                                 is_source=False wire=29081   errs=[0, 0, 0, 0]
  FACT      [1] BEFORE #637 t55 ''                                 is_source=False wire=29106   errs=[0, 0, 0, 0]
  FACT      [1] BEFORE #637 t56 'Value'                            is_source=False wire=32583   errs=[0, 0, 0, 0]
  FACT      [1] BEFORE #637 t57 'Value'                            is_source=True  wire=0       errs=[0, 0, 0, 1055]
  FACT      [1] BEFORE #637 t58 'Value'                            is_source=False wire=32344   errs=[0, 0, 0, 0]
  FACT  [1] BEFORE #637 (WhileLoop): 59 terminals, 48 WIRED
  PASS  A0d #637 baseline reads (59, 48)  (59, 48)
  FACT  [1] SINK #10407 #10407 lives at: {'diagram_index': 46, 'diagram_uid': 639, 'diagram_class': 'Diagram', 'nodes_index': 24, 'nodes_on_diagram': 73, 'label': 'Case Structure'}  (1 diagram(s) scanned of 173, 2.6 s)
  FACT  [1] SINK #10407 terminal table of #10407 (Diagram idx 46, Nodes[24], echo 10407): 7 terminal(s)
  FACT      [1] SINK #10407 t0  ''                                 is_source=False wire=10799   errs=[0, 0, 0, 0]
  FACT      [1] SINK #10407 t1  '# slices in stack'                is_source=False wire=9635    errs=[0, 0, 0, 0]
  FACT      [1] SINK #10407 t2  'Index of closest\ncal image slice, bead 2' is_source=False wire=10990   errs=[0, 0, 0, 0]
  FACT      [1] SINK #10407 t3  'Outgoing Handle'                  is_source=False wire=11232   errs=[0, 0, 0, 0]
  FACT      [1] SINK #10407 t4  'VISA out'                         is_source=True  wire=7337    errs=[0, 0, 0, 0]
  FACT      [1] SINK #10407 t5  'Out position'                     is_source=False wire=7388    errs=[0, 0, 0, 0]
  FACT      [1] SINK #10407 t6  'position [internal units]'        is_source=True  wire=9113    errs=[0, 0, 0, 0]
  FACT  [1] SOURCE #10686 #10686 lives at: {'diagram_index': 46, 'diagram_uid': 639, 'diagram_class': 'Diagram', 'nodes_index': 25, 'nodes_on_diagram': 73, 'label': 'And'}  (1 diagram(s) scanned of 173, 2.5 s)
  FACT  [1] SOURCE #10686 terminal table of #10686 (Diagram idx 46, Nodes[25], echo 10686): 3 terminal(s)
  FACT      [1] SOURCE #10686 t0  'x .and. y?'                       is_source=True  wire=10799   errs=[0, 0, 0, 0]
  FACT      [1] SOURCE #10686 t1  'y'                                is_source=False wire=9105    errs=[0, 0, 0, 0]
  FACT      [1] SOURCE #10686 t2  'x'                                is_source=False wire=3050    errs=[0, 0, 0, 0]
  PASS  A1 #10407 at Nodes[24] and #10686 at Nodes[25] on Diagram #639, each echoing its own uid  sink Nodes[24] echo 10407 ; source Nodes[25] echo 10686
  PASS  A1b #10407 t0 carries wire 10799 (the wire this row replaces)  {'i': 0, 'name': '', 'name_hex': '', 'is_source': False, 'wire': 10799, 'has_wire': True, 'errs': [0, 0, 0, 0]}
  PASS  A1c the source terminal's NAME reads off the machine as 'x .and. y?'  'x .and. y?' (hex '78202e616e642e20793f')
  FACT  [1] BEFORE panel_wiring: 116 rows
  FACT  the EXISTING indicator (control uid 23555): panel row {'label': 'Automatic Error Handling', 'indicator': True, 'uid': 23555, 'is_source': False, 'wire': 10799, 'term_err': 0, 'wire_err': 0} ; label READ OFF THE MACHINE 'Automatic Error Handling' (hex '4175746f6d61746963204572726f722048616e646c696e67') ; front-panel rows carrying that label: [(115, 'Automatic Error Handling', True)]
  PASS  A1d the EXISTING indicator is found by its own control uid and EXACTLY ONE front-panel row carries its label  label 'Automatic Error Handling' rows [(115, 'Automatic Error Handling', True)] (recorded 'Automatic Error Handling')
  PASS  A1e that front-panel row index is 115 and the label equals the recorded one  row 115 ; live label 'Automatic Error Handling' vs recorded 'Automatic Error Handling'

---------- [2] delete Wire 10799 by uid - ExecState 0 is EXPECTED (unwired Case selector)
  FACT  [2] delete Wire #10799 at index 715: gone [10799], error '', census 1905 -> 1904, still present False (5.50 s)
  PASS  B the delete removed EXACTLY wire uid 10799  gone [10799] ; error ''
  FACT  ExecState [02 [2] after the wire delete (0 is EXPECTED)] = 0   (+220.2 s, read cost 0.00 s)
  PASS  B2 ExecState after the delete is 0, as the sequence expects  0
  FACT  [2] wire delete AFTER node census: 630 rows
  FACT  [2] wire delete CENSUS DIFF: Node 630 -> 630 ; 0 new uid(s): []
  FACT  [2] after counts: {'Node': 630, 'Wire': 1904, 'ControlTerminal': 116, 'Local': 8}

---------- [3] OpCreateLocalRead_v0 (Write? = False = READ) bound to the EXISTING indicator
  FACT  OpCreateLocalRead_v0 front-panel labels READ OFF THE MACHINE: [(0, 'vi path', False), (1, 'Class Name', False), (2, 'Class Name 2', False), (3, 'Names', False), (4, 'Names 2', False), (5, 'index', False), (6, 'index 2', False), (7, 'error out', True), (8, 'Text', True), (9, 'Indicator', True), (10, 'Write?', False)] ; direction candidates ['Write?']
  PASS  C0 the donor's direction control was identified on the machine  'Write?'
  FACT  [3] OpCreateLocalRead_v0(Write?=False) on Panel.Controls[115]: error cluster (False, 0, '') ; op walked to 'Automatic Error Handling' (indicator=True) ; Local census 8 -> 9 ; new Local uid(s) [23499]
  PASS  C the Local census went 8 -> 9 (want 9)  added [23499]
  FACT  ExecState [03 [3] after the Local was created (still unwired)] = 0   (+230.1 s, read cost 0.00 s)
  FACT  [3] the new Local BEFORE move_in #23499 lives at: {'diagram_index': 0, 'diagram_uid': 536, 'diagram_class': 'TopLevelDiagram', 'nodes_index': 0, 'nodes_on_diagram': 1, 'label': 'WORK_C64R1_20260921_135932.vi'}  (1 diagram(s) scanned of 173, 0.2 s)
  FACT  [3] the new Local BEFORE move_in terminal table of #23499 (Diagram idx 0, Nodes[0], echo 23499): 1 terminal(s)
  FACT      [3] the new Local BEFORE move_in t0  'Automatic Error Handling'         is_source=True  wire=0       errs=[0, 0, 0, 1055]
  FACT  LOCAL READBACK VERBATIM (before move_in): Local #23499 -> 1 terminal(s); NAME 'Automatic Error Handling' (hex '4175746f6d61746963204572726f722048616e646c696e67'), is_source True, wire 0 ; lives at {'diagram_index': 0, 'diagram_uid': 536, 'diagram_class': 'TopLevelDiagram', 'nodes_index': 0, 'nodes_on_diagram': 1, 'label': 'WORK_C64R1_20260921_135932.vi'}
  PASS  C2 RULE-1a GATE (50(i)): ONE terminal, NAME == the label read off the machine, is_source True (= READ)  name 'Automatic Error Handling' (hex '4175746f6d61746963204572726f722048616e646c696e67') vs label 'Automatic Error Handling' (hex '4175746f6d61746963204572726f722048616e646c696e67') ; is_source True
  FACT  [3] donor AFTER node census: 631 rows
  FACT  [3] donor CENSUS DIFF: Node 630 -> 631 ; 1 new uid(s): [(23499, 'Local', (3919, 2169))]
  FACT  [3] donor new node #23499 (Local) is INTENDED by this build - kept
  FACT  [3] after the donor and its purge counts: {'Node': 631, 'Wire': 1904, 'ControlTerminal': 116, 'Local': 9}
  FACT  [3] the whole-VI Node census with the new Local present = 631 (baseline was 630; the difference IS the answer to 'does a Local count as a Node', measured not assumed)

---------- [4] move_in the new Local onto Diagram #639
  FACT  [4] before move_in diag_index(#639) RE-READ off the machine = 46
  FACT  [4] move_in(Local #23499 -> Diagram #639 at LIVE Traverse index 46, position (120, 4000)) returned 3447 ; error VERBATIM ''
  PASS  D0 move_in returned without raising  returned 3447 ; error ''
  FACT  [4] move_in AFTER node census: 632 rows
  FACT  [4] move_in CENSUS DIFF: Node 631 -> 632 ; 1 new uid(s): [(9317, 'Invoke', (2639, 933))]
  FACT  [4] move_in new #9317 #9317 lives at: {'diagram_index': 46, 'diagram_uid': 639, 'diagram_class': 'Diagram', 'nodes_index': 73, 'nodes_on_diagram': 75, 'label': 'Invoke Node'}  (1 diagram(s) scanned of 173, 0.3 s)
  FACT  [4] move_in new #9317 terminal table of #9317 (Diagram idx 46, Nodes[73], echo 9317): 6 terminal(s)
  FACT      [4] move_in new #9317 t0  'reference'                        is_source=False wire=0       errs=[0, 0, 0, 1055]
  FACT      [4] move_in new #9317 t1  'reference out'                    is_source=True  wire=0       errs=[0, 0, 0, 1055]
  FACT      [4] move_in new #9317 t2  'error in (no error)'              is_source=False wire=0       errs=[0, 0, 0, 1055]
  FACT      [4] move_in new #9317 t3  'error out'                        is_source=True  wire=0       errs=[0, 0, 0, 1055]
  FACT      [4] move_in new #9317 t4  'Method'                           is_source=False wire=0       errs=[0, 0, 0, 1055]
  FACT      [4] move_in new #9317 t5  'Method'                           is_source=True  wire=0       errs=[0, 0, 0, 1055]
  FACT  [4] move_in purge delete Node #9317 at index 164: gone [9317], error '', census 632 -> 631, still present False (1.22 s)
  FACT  [4] move_in PURGED junk Invoke #9317 (label 'Invoke Node', 6 terminals, 0 wired) on Diagram idx 46
  FACT  [4] move_in AFTER THE PURGE (the next step's baseline) node census: 631 rows
  FACT  [4] the Local AFTER move_in #23499 lives at: {'diagram_index': 46, 'diagram_uid': 639, 'diagram_class': 'Diagram', 'nodes_index': 73, 'nodes_on_diagram': 74, 'label': 'WORK_C64R1_20260921_135932.vi'}  (1 diagram(s) scanned of 173, 0.2 s)
  FACT  [4] the Local AFTER move_in terminal table of #23499 (Diagram idx 46, Nodes[73], echo 23499): 1 terminal(s)
  FACT      [4] the Local AFTER move_in t0  'Automatic Error Handling'         is_source=True  wire=0       errs=[0, 0, 0, 1055]
  FACT  ExecState [04 [4] after move_in and its purge] = 0   (+235.5 s, read cost 0.00 s)
  PASS  D *** move_in leaves the Local owned by Diagram #639 ***  lives at {'diagram_index': 46, 'diagram_uid': 639, 'diagram_class': 'Diagram', 'nodes_index': 73, 'nodes_on_diagram': 74, 'label': 'WORK_C64R1_20260921_135932.vi'} ; ExecState 0
  PASS  D2 RULE-1a GATE RE-READ AFTER move_in: ONE terminal, NAME == 'Automatic Error Handling', is_source True (= READ)  name 'Automatic Error Handling' (hex '4175746f6d61746963204572726f722048616e646c696e67') ; is_source True  [before the move: name 'Automatic Error Handling' is_source True]
  FACT  [4] after move_in counts: {'Node': 631, 'Wire': 1904, 'ControlTerminal': 116, 'Local': 9}
  PASS  D3 the Local census is STILL 9 after move_in (the move duplicated nothing)  {'Node': 631, 'Wire': 1904, 'ControlTerminal': 116, 'Local': 9}

---------- [5] connect_nested_v1: the Local's SOURCE into the freed #10407 sink
  FACT  [5] before the connect diag_index(#639) RE-READ off the machine = 46
  FACT  [5] #10407 before the connect #10407 lives at: {'diagram_index': 46, 'diagram_uid': 639, 'diagram_class': 'Diagram', 'nodes_index': 24, 'nodes_on_diagram': 74, 'label': 'Case Structure'}  (1 diagram(s) scanned of 173, 0.2 s)
  FACT  [5] #10407 before the connect terminal table of #10407 (Diagram idx 46, Nodes[24], echo 10407): 7 terminal(s)
  FACT      [5] #10407 before the connect t0  ''                                 is_source=False wire=0       errs=[0, 0, 0, 1055]
  FACT      [5] #10407 before the connect t1  '# slices in stack'                is_source=False wire=9635    errs=[0, 0, 0, 0]
  FACT      [5] #10407 before the connect t2  'Index of closest\ncal image slice, bead 2' is_source=False wire=10990   errs=[0, 0, 0, 0]
  FACT      [5] #10407 before the connect t3  'Outgoing Handle'                  is_source=False wire=11232   errs=[0, 0, 0, 0]
  FACT      [5] #10407 before the connect t4  'VISA out'                         is_source=True  wire=7337    errs=[0, 0, 0, 0]
  FACT      [5] #10407 before the connect t5  'Out position'                     is_source=False wire=7388    errs=[0, 0, 0, 0]
  FACT      [5] #10407 before the connect t6  'position [internal units]'        is_source=True  wire=9113    errs=[0, 0, 0, 0]
  FACT  [5] the Local before the connect #23499 lives at: {'diagram_index': 46, 'diagram_uid': 639, 'diagram_class': 'Diagram', 'nodes_index': 73, 'nodes_on_diagram': 74, 'label': 'WORK_C64R1_20260921_135932.vi'}  (1 diagram(s) scanned of 173, 0.3 s)
  FACT  [5] CONNECT: connect_nested_v1(target, sink_diag=46, sink_node=24, sink_term=0, src_diag=46, src_node=73, src_term=0)   (SAME diagram on both sides: 46 == 46)
      [op stdout] op readback {'UID': 10407, 'Name': '', 'UID 2': 0, 'Is Broken?': False}
  FACT  [5] connect result: {'wire_delta': 1, 'exec_state_returned': 0, 'op_error': '', 'error_verbatim': ''}
  PASS  E wire_delta == 1 (a NEW wire was made)  wire_delta 1 ; Wire census 1904 -> 1905
  FACT  [5] #10407 AFTER the connect #10407 lives at: {'diagram_index': 46, 'diagram_uid': 639, 'diagram_class': 'Diagram', 'nodes_index': 24, 'nodes_on_diagram': 75, 'label': 'Case Structure'}  (1 diagram(s) scanned of 173, 0.2 s)
  FACT  [5] #10407 AFTER the connect terminal table of #10407 (Diagram idx 46, Nodes[24], echo 10407): 7 terminal(s)
  FACT      [5] #10407 AFTER the connect t0  ''                                 is_source=False wire=23502   errs=[0, 0, 0, 0]
  FACT      [5] #10407 AFTER the connect t1  '# slices in stack'                is_source=False wire=9635    errs=[0, 0, 0, 0]
  FACT      [5] #10407 AFTER the connect t2  'Index of closest\ncal image slice, bead 2' is_source=False wire=10990   errs=[0, 0, 0, 0]
  FACT      [5] #10407 AFTER the connect t3  'Outgoing Handle'                  is_source=False wire=11232   errs=[0, 0, 0, 0]
  FACT      [5] #10407 AFTER the connect t4  'VISA out'                         is_source=True  wire=7337    errs=[0, 0, 0, 0]
  FACT      [5] #10407 AFTER the connect t5  'Out position'                     is_source=False wire=7388    errs=[0, 0, 0, 0]
  FACT      [5] #10407 AFTER the connect t6  'position [internal units]'        is_source=True  wire=9113    errs=[0, 0, 0, 0]
  FACT  [5] the Local AFTER the connect #23499 lives at: {'diagram_index': 46, 'diagram_uid': 639, 'diagram_class': 'Diagram', 'nodes_index': 73, 'nodes_on_diagram': 75, 'label': 'WORK_C64R1_20260921_135932.vi'}  (1 diagram(s) scanned of 173, 0.3 s)
  FACT  [5] the Local AFTER the connect terminal table of #23499 (Diagram idx 46, Nodes[73], echo 23499): 1 terminal(s)
  FACT      [5] the Local AFTER the connect t0  'Automatic Error Handling'         is_source=True  wire=23502   errs=[0, 0, 0, 0]
  FACT  [5] #10407 t0 wire uid 23502  |  the Local #23499 t0 'Automatic Error Handling' wire uid 23502  ->  SAME uid: True
  PASS  E2 *** ONE wire uid at BOTH ends (a same-diagram wire, no tunnel) ***  sink 23502 vs local 23502
  FACT  [5] AFTER THE CONNECT #637 #637 lives at: {'diagram_index': 19, 'diagram_uid': 686, 'diagram_class': 'Diagram', 'nodes_index': 4, 'nodes_on_diagram': 24, 'label': 'While Loop'}  (1 diagram(s) scanned of 173, 0.2 s)
  FACT  [5] AFTER THE CONNECT #637 terminal table of #637 (Diagram idx 19, Nodes[4], echo 637): 59 terminal(s)
  FACT      [5] AFTER THE CONNECT #637 t0  'error out'                        is_source=True  wire=697     errs=[0, 0, 0, 0]
  FACT      [5] AFTER THE CONNECT #637 t1  'error out'                        is_source=False wire=925     errs=[0, 0, 0, 0]
  FACT      [5] AFTER THE CONNECT #637 t2  'x,y,z array out'                  is_source=True  wire=0       errs=[0, 0, 0, 1055]
  FACT      [5] AFTER THE CONNECT #637 t3  'x,y,z array out'                  is_source=False wire=2731    errs=[0, 0, 0, 0]
  FACT      [5] AFTER THE CONNECT #637 t4  'Value'                            is_source=False wire=6910    errs=[0, 0, 0, 0]
  FACT      [5] AFTER THE CONNECT #637 t5  'Real-space cosine window'         is_source=False wire=5786    errs=[0, 0, 0, 0]
  FACT      [5] AFTER THE CONNECT #637 t6  'Cosine bandpass for Hilbert'      is_source=False wire=4029    errs=[0, 0, 0, 0]
  FACT      [5] AFTER THE CONNECT #637 t7  'Session Out'                      is_source=True  wire=4436    errs=[0, 0, 0, 0]
  FACT      [5] AFTER THE CONNECT #637 t8  'position [internal units]'        is_source=True  wire=4859    errs=[0, 0, 0, 0]
  FACT      [5] AFTER THE CONNECT #637 t9  'position [internal units]'        is_source=False wire=3968    errs=[0, 0, 0, 0]
  FACT      [5] AFTER THE CONNECT #637 t10 'VISA out'                         is_source=True  wire=7506    errs=[0, 0, 0, 0]
  FACT      [5] AFTER THE CONNECT #637 t11 'VISA out'                         is_source=False wire=4185    errs=[0, 0, 0, 0]
  FACT      [5] AFTER THE CONNECT #637 t12 'total data array out'             is_source=True  wire=3957    errs=[0, 0, 0, 0]
  FACT      [5] AFTER THE CONNECT #637 t13 'total data array out'             is_source=False wire=3543    errs=[0, 0, 0, 0]
  FACT      [5] AFTER THE CONNECT #637 t14 ''                                 is_source=False wire=2362    errs=[0, 0, 0, 0]
  FACT      [5] AFTER THE CONNECT #637 t15 'error out'                        is_source=True  wire=1899    errs=[0, 0, 0, 0]
  FACT      [5] AFTER THE CONNECT #637 t16 'error out'                        is_source=False wire=4969    errs=[0, 0, 0, 0]
  FACT      [5] AFTER THE CONNECT #637 t17 ''                                 is_source=False wire=5104    errs=[0, 0, 0, 0]
  FACT      [5] AFTER THE CONNECT #637 t18 'file number to append out'        is_source=True  wire=5073    errs=[0, 0, 0, 0]
  FACT      [5] AFTER THE CONNECT #637 t19 'file progress'                    is_source=True  wire=4337    errs=[0, 0, 0, 0]
  FACT      [5] AFTER THE CONNECT #637 t20 'LastBufferNumber'                 is_source=True  wire=0       errs=[0, 0, 0, 1055]
  FACT      [5] AFTER THE CONNECT #637 t21 'LastBufferNumber'                 is_source=False wire=1827    errs=[0, 0, 0, 0]
  FACT      [5] AFTER THE CONNECT #637 t22 ''                                 is_source=False wire=3668    errs=[0, 0, 0, 0]
  FACT      [5] AFTER THE CONNECT #637 t23 ''                                 is_source=False wire=21      errs=[0, 0, 0, 0]
  FACT      [5] AFTER THE CONNECT #637 t24 'pos in cal image out'             is_source=True  wire=0       errs=[0, 0, 0, 1055]
  FACT      [5] AFTER THE CONNECT #637 t25 'pos in cal image out'             is_source=False wire=8590    errs=[0, 0, 0, 0]
  FACT      [5] AFTER THE CONNECT #637 t26 ''                                 is_source=False wire=5174    errs=[0, 0, 0, 0]
  FACT      [5] AFTER THE CONNECT #637 t27 ''                                 is_source=False wire=5336    errs=[0, 0, 0, 0]
  FACT      [5] AFTER THE CONNECT #637 t28 'Bead is good? array out'          is_source=True  wire=0       errs=[0, 0, 0, 1055]
  FACT      [5] AFTER THE CONNECT #637 t29 'Bead is good? array out'          is_source=False wire=5812    errs=[0, 0, 0, 0]
  FACT      [5] AFTER THE CONNECT #637 t30 ''                                 is_source=False wire=5812    errs=[0, 0, 0, 0]
  FACT      [5] AFTER THE CONNECT #637 t31 ''                                 is_source=False wire=2731    errs=[0, 0, 0, 0]
  FACT      [5] AFTER THE CONNECT #637 t32 ''                                 is_source=False wire=2641    errs=[0, 0, 0, 0]
  FACT      [5] AFTER THE CONNECT #637 t33 ''                                 is_source=False wire=5265    errs=[0, 0, 0, 0]
  FACT      [5] AFTER THE CONNECT #637 t34 ''                                 is_source=False wire=3853    errs=[0, 0, 0, 0]
  FACT      [5] AFTER THE CONNECT #637 t35 'Value'                            is_source=False wire=1678    errs=[0, 0, 0, 0]
  FACT      [5] AFTER THE CONNECT #637 t36 'current image number'             is_source=True  wire=1420    errs=[0, 0, 0, 0]
  FACT      [5] AFTER THE CONNECT #637 t37 ''                                 is_source=True  wire=2187    errs=[0, 0, 0, 0]
  FACT      [5] AFTER THE CONNECT #637 t38 'LastBufferNumber'                 is_source=False wire=1827    errs=[0, 0, 0, 0]
  FACT      [5] AFTER THE CONNECT #637 t39 'error out'                        is_source=False wire=6197    errs=[0, 0, 0, 0]
  FACT      [5] AFTER THE CONNECT #637 t40 ''                                 is_source=True  wire=0       errs=[0, 0, 0, 1055]
  FACT      [5] AFTER THE CONNECT #637 t41 ''                                 is_source=False wire=9051    errs=[0, 0, 0, 0]
  FACT      [5] AFTER THE CONNECT #637 t42 '# FD points'                      is_source=False wire=9000    errs=[0, 0, 0, 0]
  FACT      [5] AFTER THE CONNECT #637 t43 'F-x out'                          is_source=True  wire=0       errs=[0, 0, 0, 1055]
  FACT      [5] AFTER THE CONNECT #637 t44 'F-x out'                          is_source=False wire=0       errs=[0, 0, 0, 1055]
  FACT      [5] AFTER THE CONNECT #637 t45 '# slices in stack'                is_source=False wire=9649    errs=[0, 0, 0, 0]
  FACT      [5] AFTER THE CONNECT #637 t46 'Value'                            is_source=True  wire=0       errs=[0, 0, 0, 1055]
  FACT      [5] AFTER THE CONNECT #637 t47 'Value'                            is_source=False wire=11253   errs=[0, 0, 0, 0]
  FACT      [5] AFTER THE CONNECT #637 t48 'System no.'                       is_source=True  wire=0       errs=[0, 0, 0, 1055]
  FACT      [5] AFTER THE CONNECT #637 t49 'System no.'                       is_source=False wire=16421   errs=[0, 0, 0, 0]
  FACT      [5] AFTER THE CONNECT #637 t50 '# DT points'                      is_source=False wire=29006   errs=[0, 0, 0, 0]
  FACT      [5] AFTER THE CONNECT #637 t51 ''                                 is_source=True  wire=0       errs=[0, 0, 0, 1055]
  FACT      [5] AFTER THE CONNECT #637 t52 ''                                 is_source=False wire=29122   errs=[0, 0, 0, 0]
  FACT      [5] AFTER THE CONNECT #637 t53 'Magnet position output'           is_source=False wire=28392   errs=[0, 0, 0, 0]
  FACT      [5] AFTER THE CONNECT #637 t54 ''                                 is_source=False wire=29081   errs=[0, 0, 0, 0]
  FACT      [5] AFTER THE CONNECT #637 t55 ''                                 is_source=False wire=29106   errs=[0, 0, 0, 0]
  FACT      [5] AFTER THE CONNECT #637 t56 'Value'                            is_source=False wire=32583   errs=[0, 0, 0, 0]
  FACT      [5] AFTER THE CONNECT #637 t57 'Value'                            is_source=True  wire=0       errs=[0, 0, 0, 1055]
  FACT      [5] AFTER THE CONNECT #637 t58 'Value'                            is_source=False wire=32344   errs=[0, 0, 0, 0]
  FACT  [5] AFTER THE CONNECT #637 (WhileLoop): 59 terminals, 48 WIRED
  PASS  E3 *** #637 is back at the (59, 48) baseline immediately after the connect (50(e): no tunnel, no border object) ***  (59, 48) -> (59, 48)
  FACT  [5] after the connect counts: {'Node': 632, 'Wire': 1905, 'ControlTerminal': 116, 'Local': 9}
  PASS  E4 ControlTerminal is still 116 and Local still 9 after the connect  {'Node': 632, 'Wire': 1905, 'ControlTerminal': 116, 'Local': 9}
  FACT  ExecState [05 [5] immediately after the connect, BEFORE the purge] = 0   (+238.0 s, read cost 0.00 s)

---------- [6] the census diff and the purge of the op's junk node
  FACT  [6] connect AFTER node census: 632 rows
  FACT  [6] connect CENSUS DIFF: Node 631 -> 632 ; 1 new uid(s): [(9317, 'Invoke', (2639, 933))]
  FACT  [6] connect new #9317 #9317 lives at: {'diagram_index': 46, 'diagram_uid': 639, 'diagram_class': 'Diagram', 'nodes_index': 74, 'nodes_on_diagram': 75, 'label': 'Invoke Node'}  (1 diagram(s) scanned of 173, 0.2 s)
  FACT  [6] connect new #9317 terminal table of #9317 (Diagram idx 46, Nodes[74], echo 9317): 6 terminal(s)
  FACT      [6] connect new #9317 t0  'reference'                        is_source=False wire=0       errs=[0, 0, 0, 1055]
  FACT      [6] connect new #9317 t1  'reference out'                    is_source=True  wire=0       errs=[0, 0, 0, 1055]
  FACT      [6] connect new #9317 t2  'error in (no error)'              is_source=False wire=0       errs=[0, 0, 0, 1055]
  FACT      [6] connect new #9317 t3  'error out'                        is_source=True  wire=0       errs=[0, 0, 0, 1055]
  FACT      [6] connect new #9317 t4  'Method'                           is_source=False wire=0       errs=[0, 0, 0, 1055]
  FACT      [6] connect new #9317 t5  'Method'                           is_source=True  wire=0       errs=[0, 0, 0, 1055]
  FACT  [6] connect purge delete Node #9317 at index 163: gone [9317], error '', census 632 -> 631, still present False (1.24 s)
  FACT  [6] connect PURGED junk Invoke #9317 (label 'Invoke Node', 6 terminals, 0 wired) on Diagram idx 46
  FACT  [6] connect AFTER THE PURGE (the next step's baseline) node census: 631 rows
  PASS  F the census diff isolated the junk node and it was deleted BY UID  deleted [(9317, 'Invoke', 6, 0)] ; reported-not-deleted []
  FACT  [6] after the purge counts: {'Node': 631, 'Wire': 1905, 'ControlTerminal': 116, 'Local': 9}
  PASS  F2 after the purge: Node 631 (the reading taken with the Local present), Wire 1905, ControlTerminal 116, Local 9  {'Node': 631, 'Wire': 1905, 'ControlTerminal': 116, 'Local': 9}
  FACT  ExecState [06 [7] after the purge - 1 is REQUIRED here] = 1   (+242.0 s, read cost 0.00 s)
  PASS  G *** ExecState == 1 after the purge (REQUIRED) ***  1

---------- [7] SAVE the row's guaranteed artefact
  FACT  ExecState [07 STEP7 immediately before the save] = 1   (+242.0 s, read cost 0.00 s)
  FACT  STEP7 the artefact: D1_s3b_row1a_20260921_135932.vi md5 c7094f98324af3bb53755fef718f8e28 size 476634 B; version bytes [{'offset': 36, 'bytes': '26 00 80 00'}]
  FACT  STEP7 FILE ON DISK: C:\Program Files\National Instruments\LabVIEW 2026\user.lib\claudeDev\D1_s3b_row1a_20260921_135932.vi  md5 'c7094f98324af3bb53755fef718f8e28'  size 476634  mtime '2026-09-21 14:03:35'  (ExecState at the save 1 ; COM save error '' ; bytes equal to the bed False ; carries the in-memory edits True)
  PASS  STEP7 *** A FILE IS ON DISK at D1_s3b_row1a_20260921_135932.vi ***  md5 'c7094f98324af3bb53755fef718f8e28' size 476634 mtime '2026-09-21 14:03:35'
  PASS  STEP7 that file is NOT byte-identical to the bed (the in-memory edits LANDED)  md5 'c7094f98324af3bb53755fef718f8e28' vs bed eef91c1d91f16b034707e4d1285ca8cb ; save error ''

---------- [8] wire_indicators re-feeds the EXISTING indicator 'Automatic Error Handling'
  FACT  [8] before wire_indicators diag_index(#639) RE-READ off the machine = 46
  FACT  [8] the source #10686 in the Traverse 'Function' list: index 102 (the brief recorded 102)
  PASS  H0 the source's live 'Function' Traverse index is 102  102
  FACT  [8] CALL: g.wire_indicators(target, node_index=102, src_terms=['x .and. y?'], indicator_names=['Automatic Error Handling'], diagram_index=46, node_class='Function')
  FACT  [8] wire_indicators returned 0.0882723331451416 ; raised ''  -- a raise here is a READING, not a verdict: the wrapper tests exec_state ABSOLUTELY (gscript.py:1794-1797), a MEASURED defect NOT repaired here
  FACT  ExecState [08 [8] after wire_indicators] = 1   (+243.6 s, read cost 0.00 s)
  FACT  [8] wire_indicators AFTER node census: 631 rows
  FACT  [8] wire_indicators CENSUS DIFF: Node 631 -> 631 ; 0 new uid(s): []
  FACT  [8] the source AFTER wire_indicators #10686 lives at: {'diagram_index': 46, 'diagram_uid': 639, 'diagram_class': 'Diagram', 'nodes_index': 25, 'nodes_on_diagram': 74, 'label': 'And'}  (1 diagram(s) scanned of 173, 0.3 s)
  FACT  [8] the source AFTER wire_indicators terminal table of #10686 (Diagram idx 46, Nodes[25], echo 10686): 3 terminal(s)
  FACT      [8] the source AFTER wire_indicators t0  'x .and. y?'                       is_source=True  wire=23526   errs=[0, 0, 0, 0]
  FACT      [8] the source AFTER wire_indicators t1  'y'                                is_source=False wire=9105    errs=[0, 0, 0, 0]
  FACT      [8] the source AFTER wire_indicators t2  'x'                                is_source=False wire=3050    errs=[0, 0, 0, 0]
  PASS  H wire_indicators left a NON-ZERO wire on the source #10686 t0  wire 23526 ; row {'i': 0, 'name': 'x .and. y?', 'name_hex': '78202e616e642e20793f', 'is_source': True, 'wire': 23526, 'has_wire': True, 'errs': [0, 0, 0, 0]}
  FACT  [8] T3 panel_wiring: 116 rows
  FACT  [8] T3 SEPARATOR - the net of wire 23526 (74 nodes scanned on #639, 116 panel rows): [{'where': 'Diagram #639 Nodes[25] = #10686', 'node_uid': 10686, 'terminal': 0, 'name': 'x .and. y?', 'is_source': True}, {'where': 'panel control uid 23555', 'node_uid': 23555, 'terminal': None, 'name': 'Automatic Error Handling', 'is_source': False}]
  FACT  [8] T3 SOURCES on that net: 1 -> [{'where': 'Diagram #639 Nodes[25] = #10686', 'node_uid': 10686, 'terminal': 0, 'name': 'x .and. y?', 'is_source': True}]
  PASS  I *** THE T3 SEPARATOR: EXACTLY ONE source on wire 23526, and control 23555 is among its sinks ***  sources 1 -> [{'where': 'Diagram #639 Nodes[25] = #10686', 'node_uid': 10686, 'terminal': 0, 'name': 'x .and. y?', 'is_source': True}] ; sinks [23555]
  FACT  [8] AFTER wire_indicators #637 #637 lives at: {'diagram_index': 19, 'diagram_uid': 686, 'diagram_class': 'Diagram', 'nodes_index': 4, 'nodes_on_diagram': 24, 'label': 'While Loop'}  (1 diagram(s) scanned of 173, 0.2 s)
  FACT  [8] AFTER wire_indicators #637 terminal table of #637 (Diagram idx 19, Nodes[4], echo 637): 59 terminal(s)
  FACT      [8] AFTER wire_indicators #637 t0  'error out'                        is_source=True  wire=697     errs=[0, 0, 0, 0]
  FACT      [8] AFTER wire_indicators #637 t1  'error out'                        is_source=False wire=925     errs=[0, 0, 0, 0]
  FACT      [8] AFTER wire_indicators #637 t2  'x,y,z array out'                  is_source=True  wire=0       errs=[0, 0, 0, 1055]
  FACT      [8] AFTER wire_indicators #637 t3  'x,y,z array out'                  is_source=False wire=2731    errs=[0, 0, 0, 0]
  FACT      [8] AFTER wire_indicators #637 t4  'Value'                            is_source=False wire=6910    errs=[0, 0, 0, 0]
  FACT      [8] AFTER wire_indicators #637 t5  'Real-space cosine window'         is_source=False wire=5786    errs=[0, 0, 0, 0]
  FACT      [8] AFTER wire_indicators #637 t6  'Cosine bandpass for Hilbert'      is_source=False wire=4029    errs=[0, 0, 0, 0]
  FACT      [8] AFTER wire_indicators #637 t7  'Session Out'                      is_source=True  wire=4436    errs=[0, 0, 0, 0]
  FACT      [8] AFTER wire_indicators #637 t8  'position [internal units]'        is_source=True  wire=4859    errs=[0, 0, 0, 0]
  FACT      [8] AFTER wire_indicators #637 t9  'position [internal units]'        is_source=False wire=3968    errs=[0, 0, 0, 0]
  FACT      [8] AFTER wire_indicators #637 t10 'VISA out'                         is_source=True  wire=7506    errs=[0, 0, 0, 0]
  FACT      [8] AFTER wire_indicators #637 t11 'VISA out'                         is_source=False wire=4185    errs=[0, 0, 0, 0]
  FACT      [8] AFTER wire_indicators #637 t12 'total data array out'             is_source=True  wire=3957    errs=[0, 0, 0, 0]
  FACT      [8] AFTER wire_indicators #637 t13 'total data array out'             is_source=False wire=3543    errs=[0, 0, 0, 0]
  FACT      [8] AFTER wire_indicators #637 t14 ''                                 is_source=False wire=2362    errs=[0, 0, 0, 0]
  FACT      [8] AFTER wire_indicators #637 t15 'error out'                        is_source=True  wire=1899    errs=[0, 0, 0, 0]
  FACT      [8] AFTER wire_indicators #637 t16 'error out'                        is_source=False wire=4969    errs=[0, 0, 0, 0]
  FACT      [8] AFTER wire_indicators #637 t17 ''                                 is_source=False wire=5104    errs=[0, 0, 0, 0]
  FACT      [8] AFTER wire_indicators #637 t18 'file number to append out'        is_source=True  wire=5073    errs=[0, 0, 0, 0]
  FACT      [8] AFTER wire_indicators #637 t19 'file progress'                    is_source=True  wire=4337    errs=[0, 0, 0, 0]
  FACT      [8] AFTER wire_indicators #637 t20 'LastBufferNumber'                 is_source=True  wire=0       errs=[0, 0, 0, 1055]
  FACT      [8] AFTER wire_indicators #637 t21 'LastBufferNumber'                 is_source=False wire=1827    errs=[0, 0, 0, 0]
  FACT      [8] AFTER wire_indicators #637 t22 ''                                 is_source=False wire=3668    errs=[0, 0, 0, 0]
  FACT      [8] AFTER wire_indicators #637 t23 ''                                 is_source=False wire=21      errs=[0, 0, 0, 0]
  FACT      [8] AFTER wire_indicators #637 t24 'pos in cal image out'             is_source=True  wire=0       errs=[0, 0, 0, 1055]
  FACT      [8] AFTER wire_indicators #637 t25 'pos in cal image out'             is_source=False wire=8590    errs=[0, 0, 0, 0]
  FACT      [8] AFTER wire_indicators #637 t26 ''                                 is_source=False wire=5174    errs=[0, 0, 0, 0]
  FACT      [8] AFTER wire_indicators #637 t27 ''                                 is_source=False wire=5336    errs=[0, 0, 0, 0]
  FACT      [8] AFTER wire_indicators #637 t28 'Bead is good? array out'          is_source=True  wire=0       errs=[0, 0, 0, 1055]
  FACT      [8] AFTER wire_indicators #637 t29 'Bead is good? array out'          is_source=False wire=5812    errs=[0, 0, 0, 0]
  FACT      [8] AFTER wire_indicators #637 t30 ''                                 is_source=False wire=5812    errs=[0, 0, 0, 0]
  FACT      [8] AFTER wire_indicators #637 t31 ''                                 is_source=False wire=2731    errs=[0, 0, 0, 0]
  FACT      [8] AFTER wire_indicators #637 t32 ''                                 is_source=False wire=2641    errs=[0, 0, 0, 0]
  FACT      [8] AFTER wire_indicators #637 t33 ''                                 is_source=False wire=5265    errs=[0, 0, 0, 0]
  FACT      [8] AFTER wire_indicators #637 t34 ''                                 is_source=False wire=3853    errs=[0, 0, 0, 0]
  FACT      [8] AFTER wire_indicators #637 t35 'Value'                            is_source=False wire=1678    errs=[0, 0, 0, 0]
  FACT      [8] AFTER wire_indicators #637 t36 'current image number'             is_source=True  wire=1420    errs=[0, 0, 0, 0]
  FACT      [8] AFTER wire_indicators #637 t37 ''                                 is_source=True  wire=2187    errs=[0, 0, 0, 0]
  FACT      [8] AFTER wire_indicators #637 t38 'LastBufferNumber'                 is_source=False wire=1827    errs=[0, 0, 0, 0]
  FACT      [8] AFTER wire_indicators #637 t39 'error out'                        is_source=False wire=6197    errs=[0, 0, 0, 0]
  FACT      [8] AFTER wire_indicators #637 t40 ''                                 is_source=True  wire=0       errs=[0, 0, 0, 1055]
  FACT      [8] AFTER wire_indicators #637 t41 ''                                 is_source=False wire=9051    errs=[0, 0, 0, 0]
  FACT      [8] AFTER wire_indicators #637 t42 '# FD points'                      is_source=False wire=9000    errs=[0, 0, 0, 0]
  FACT      [8] AFTER wire_indicators #637 t43 'F-x out'                          is_source=True  wire=0       errs=[0, 0, 0, 1055]
  FACT      [8] AFTER wire_indicators #637 t44 'F-x out'                          is_source=False wire=0       errs=[0, 0, 0, 1055]
  FACT      [8] AFTER wire_indicators #637 t45 '# slices in stack'                is_source=False wire=9649    errs=[0, 0, 0, 0]
  FACT      [8] AFTER wire_indicators #637 t46 'Value'                            is_source=True  wire=0       errs=[0, 0, 0, 1055]
  FACT      [8] AFTER wire_indicators #637 t47 'Value'                            is_source=False wire=11253   errs=[0, 0, 0, 0]
  FACT      [8] AFTER wire_indicators #637 t48 'System no.'                       is_source=True  wire=0       errs=[0, 0, 0, 1055]
  FACT      [8] AFTER wire_indicators #637 t49 'System no.'                       is_source=False wire=16421   errs=[0, 0, 0, 0]
  FACT      [8] AFTER wire_indicators #637 t50 '# DT points'                      is_source=False wire=29006   errs=[0, 0, 0, 0]
  FACT      [8] AFTER wire_indicators #637 t51 ''                                 is_source=True  wire=0       errs=[0, 0, 0, 1055]
  FACT      [8] AFTER wire_indicators #637 t52 ''                                 is_source=False wire=29122   errs=[0, 0, 0, 0]
  FACT      [8] AFTER wire_indicators #637 t53 'Magnet position output'           is_source=False wire=28392   errs=[0, 0, 0, 0]
  FACT      [8] AFTER wire_indicators #637 t54 ''                                 is_source=False wire=29081   errs=[0, 0, 0, 0]
  FACT      [8] AFTER wire_indicators #637 t55 ''                                 is_source=False wire=29106   errs=[0, 0, 0, 0]
  FACT      [8] AFTER wire_indicators #637 t56 'Value'                            is_source=False wire=32583   errs=[0, 0, 0, 0]
  FACT      [8] AFTER wire_indicators #637 t57 'Value'                            is_source=True  wire=0       errs=[0, 0, 0, 1055]
  FACT      [8] AFTER wire_indicators #637 t58 'Value'                            is_source=False wire=32344   errs=[0, 0, 0, 0]
  FACT  [8] AFTER wire_indicators #637 (WhileLoop): 59 terminals, 48 WIRED
  PASS  I2 #637 is still at the (59, 48) baseline after wire_indicators  (59, 48)
  FACT  [8] after wire_indicators counts: {'Node': 631, 'Wire': 1906, 'ControlTerminal': 116, 'Local': 9}
  FACT  [8] AFTER panel_wiring: 116 rows
  PASS  I3 ControlTerminal is still 116 and the panel row count is unchanged  {'Node': 631, 'Wire': 1906, 'ControlTerminal': 116, 'Local': 9} ; panel rows 116 -> 116
  FACT  ExecState [09 [9] before the final save - 1 is REQUIRED here] = 1   (+247.5 s, read cost 0.00 s)
  PASS  J *** ExecState == 1 after wire_indicators (REQUIRED) ***  1

---------- [9] SAVE the final row-1 artefact
  FACT  ExecState [10 STEP9 immediately before the save] = 1   (+247.5 s, read cost 0.00 s)
  FACT  STEP9 the artefact: D1_s3b_row1_20260921_135932.vi md5 72f0d47d0b1cbd0834d50f1483e558c1 size 476734 B; version bytes [{'offset': 36, 'bytes': '26 00 80 00'}]
  FACT  STEP9 FILE ON DISK: C:\Program Files\National Instruments\LabVIEW 2026\user.lib\claudeDev\D1_s3b_row1_20260921_135932.vi  md5 '72f0d47d0b1cbd0834d50f1483e558c1'  size 476734  mtime '2026-09-21 14:03:40'  (ExecState at the save 1 ; COM save error '' ; bytes equal to the bed False ; carries the in-memory edits True)
  PASS  STEP9 *** A FILE IS ON DISK at D1_s3b_row1_20260921_135932.vi ***  md5 '72f0d47d0b1cbd0834d50f1483e558c1' size 476734 mtime '2026-09-21 14:03:40'
  PASS  STEP9 that file is NOT byte-identical to the bed (the in-memory edits LANDED)  md5 '72f0d47d0b1cbd0834d50f1483e558c1' vs bed eef91c1d91f16b034707e4d1285ca8cb ; save error ''
  PASS  J2 the two artefacts differ from each other (the wire_indicators step changed the file)  step7 'c7094f98324af3bb53755fef718f8e28' vs step9 '72f0d47d0b1cbd0834d50f1483e558c1'
  PASS  Z_2 the working copy is removed in the same run  WORK_C64R1_20260921_135932.vi
  FACT  THE FILES THIS RUN LEFT ON DISK: [('D1_s3b_row1a_20260921_135932.vi', 'c7094f98324af3bb53755fef718f8e28', 476634), ('D1_s3b_row1_20260921_135932.vi', '72f0d47d0b1cbd0834d50f1483e558c1', 476734)]

========== [10] RESTART, then COLD-open the final artefact
  FACT  [10] RESTART before the cold reopen: lv_restart rc=0 ['dialogs: ,1346,762| / ENABLED|14420872|0,0,0,0|LabVIEW / VERDICT: clear (no modal dialog)']
  FACT  ExecState [11 [10] COLD, freshly restarted LabVIEW, D1_s3b_row1_20260921_135932.vi] = 1   (+315.1 s, read cost 1.67 s)
  PASS  K *** THE COLD READING of D1_s3b_row1_20260921_135932.vi: ExecState 1 is the artefact's pass criterion ***  ExecState 1
  FACT  [10] the final artefact, re-read: HASH C:\Program Files\National Instruments\LabVIEW 2026\user.lib\claudeDev\D1_s3b_row1_20260921_135932.vi | exists=1 | size=476734 | md5=72f0d47d0b1cbd0834d50f1483e558c1 | sha256=7b25b8e73d34fd943e5de4a3998edb56234055621f7481a9a9ecee482b6571c3
  FACT  [10] COLD counts: {'Node': 631, 'Wire': 1906, 'ControlTerminal': 116, 'Local': 9}
  FAIL  K2 the COLD censuses: Node 631 (the in-memory reading with the Local present), Wire 1905, ControlTerminal 116, Local 9  {'Node': 631, 'Wire': 1906, 'ControlTerminal': 116, 'Local': 9}
  FACT  [10] COLD #10407 #10407 lives at: {'diagram_index': 46, 'diagram_uid': 639, 'diagram_class': 'Diagram', 'nodes_index': 24, 'nodes_on_diagram': 74, 'label': 'Case Structure'}  (1 diagram(s) scanned of 173, 1.8 s)
  FACT  [10] COLD #10407 terminal table of #10407 (Diagram idx 46, Nodes[24], echo 10407): 7 terminal(s)
  FACT      [10] COLD #10407 t0  ''                                 is_source=False wire=23502   errs=[0, 0, 0, 0]
  FACT      [10] COLD #10407 t1  '# slices in stack'                is_source=False wire=9635    errs=[0, 0, 0, 0]
  FACT      [10] COLD #10407 t2  'Index of closest\ncal image slice, bead 2' is_source=False wire=10990   errs=[0, 0, 0, 0]
  FACT      [10] COLD #10407 t3  'Outgoing Handle'                  is_source=False wire=11232   errs=[0, 0, 0, 0]
  FACT      [10] COLD #10407 t4  'VISA out'                         is_source=True  wire=7337    errs=[0, 0, 0, 0]
  FACT      [10] COLD #10407 t5  'Out position'                     is_source=False wire=7388    errs=[0, 0, 0, 0]
  FACT      [10] COLD #10407 t6  'position [internal units]'        is_source=True  wire=9113    errs=[0, 0, 0, 0]
  FACT  [10] COLD the Local #23499 lives at: {'diagram_index': 46, 'diagram_uid': 639, 'diagram_class': 'Diagram', 'nodes_index': 73, 'nodes_on_diagram': 74, 'label': 'WORK_C64R1_20260921_135932.vi'}  (1 diagram(s) scanned of 173, 2.5 s)
  FACT  [10] COLD the Local terminal table of #23499 (Diagram idx 46, Nodes[73], echo 23499): 1 terminal(s)
  FACT      [10] COLD the Local t0  'Automatic Error Handling'         is_source=True  wire=23502   errs=[0, 0, 0, 0]
  PASS  K3 COLD: #10407 t0 carries a wire and the SAME uid appears on the Local (the far end)  sink t0 {'i': 0, 'name': '', 'name_hex': '', 'is_source': False, 'wire': 23502, 'has_wire': True, 'errs': [0, 0, 0, 0]} ; far end (Local #23499, {'diagram_index': 46, 'diagram_uid': 639, 'diagram_class': 'Diagram', 'nodes_index': 73, 'nodes_on_diagram': 74, 'label': 'WORK_C64R1_20260921_135932.vi'}) {'i': 0, 'name': 'Automatic Error Handling', 'name_hex': '4175746f6d61746963204572726f722048616e646c696e67', 'is_source': True, 'wire': 23502, 'has_wire': True, 'errs': [0, 0, 0, 0]}

========== [11] the ORDERED `Wire.Is Broken?` pass (42(b), 52(f)) - LAST, nothing is saved after this point
  FACT  [11] #10407 #10407 lives at: {'diagram_index': 46, 'diagram_uid': 639, 'diagram_class': 'Diagram', 'nodes_index': 24, 'nodes_on_diagram': 74, 'label': 'Case Structure'}  (1 diagram(s) scanned of 173, 2.5 s)
  FACT  [11] the Local #23499 lives at: {'diagram_index': 46, 'diagram_uid': 639, 'diagram_class': 'Diagram', 'nodes_index': 73, 'nodes_on_diagram': 74, 'label': 'WORK_C64R1_20260921_135932.vi'}  (1 diagram(s) scanned of 173, 2.5 s)
  FACT  [11] the Local terminal table of #23499 (Diagram idx 46, Nodes[73], echo 23499): 1 terminal(s)
  FACT      [11] the Local t0  'Automatic Error Handling'         is_source=True  wire=23502   errs=[0, 0, 0, 0]
  FACT  connect_nested_v1(target, 46, 24, 0, 46, 73, 0) - IDEMPOTENT re-connect of an EXISTING connection; wire_delta must be 0
      [op stdout]       op readback {'UID': 10407, 'Name': '', 'UID 2': 23502, 'Is Broken?': False}
  FACT  ORDERED `Is Broken?` = False on wire uid 23502 (wire_delta 0 - expected 0 ; op error '')
  PASS  L the ORDERED `Is Broken?` reads False on the new #10407 t0 wire  Is Broken? False on wire 23502 ; wire_delta 0
  FACT  ExecState [12 [11] after the Is Broken? read (SUSPECT, NAMES.md:912-918; every save is already done)] = 0   (+335.9 s, read cost 0.00 s)

--- Z: the closing facts
  FACT  tracked VI Server refs AFTER: {'opened': 23, 'closed': 23, 'live': 0, 'cached_op_vis': 5}
  FACT  LabVIEW handles AFTER everything: 41127
  FACT  Z1 ORIGINAL after everything: HASH G:\Codes\LabVIEW_Codes\MinLab\zz_LabView VI\AAA_UNIST\2. Tracking\Min_Track N beads V6_ParallelLoop.vi | exists=1 | size=473317 | md5=2a78e17c449cacdaf5da389818526859 | sha256=f827a67e91cc2a51284cdce0ada5d34ecf89cf865bca5f0bdfa870f0020df4bb
  FACT  Z1b D1_s1_copy.vi after everything: HASH C:\Program Files\National Instruments\LabVIEW 2026\user.lib\claudeDev\D1_s1_copy.vi | exists=1 | size=474202 | md5=3e3d23cefd3a334001aa9d6156bf1aee | sha256=1ab3360021cb04f03e8fe4a503d1972aefa26a34ed5b8fd9393ec6899330e0f7
  FACT  Z1c D1_s2_loops.vi after everything: HASH C:\Program Files\National Instruments\LabVIEW 2026\user.lib\claudeDev\D1_s2_loops.vi | exists=1 | size=475707 | md5=6ff19497f2309e007a214660bb64b911 | sha256=d52e754e29a85e9cc3ddeb039f6c5e325c9094c5e1f8c944059d4a5f7b33c3f5
  FACT  Z1d D1_s3a_focus_ind.vi after everything: HASH C:\Program Files\National Instruments\LabVIEW 2026\user.lib\claudeDev\D1_s3a_focus_ind.vi | exists=1 | size=476172 | md5=eef91c1d91f16b034707e4d1285ca8cb | sha256=8afd9f95e280139e64aa648906ba7f799e8d0ae39aabfae42c93ef4f102d23bb
  FACT  Z1e the donor OpCreateLocalRead_v0.vi after everything: HASH C:\Program Files\National Instruments\LabVIEW 2026\user.lib\claudeDev\OpCreateLocalRead_v0.vi | exists=1 | size=10192 | md5=f695d97a36ae127cd2dd3ca6b1fc1089 | sha256=2b2b3d97596a8a1c90fc8426012dfd213acdae5a34c427ab07ed3773c712cb4e
  FACT  Z1f OpConnectNested_v1.vi after everything: HASH C:\Program Files\National Instruments\LabVIEW 2026\user.lib\claudeDev\OpConnectNested_v1.vi | exists=1 | size=14666 | md5=b7a1bb56cefe2b4632125e6bda0d7221 | sha256=eb3ace5b6ea391471cadadc15f0177d62595443b379aef7161c12ae9d77ee996
  PASS  Z_1 ORIGINAL / D1_s1_copy / D1_s2_loops / D1_s3a_focus_ind md5 ALL unchanged  2a78e17c449cacdaf5da389818526859 / 3e3d23cefd3a334001aa9d6156bf1aee / 6ff19497f2309e007a214660bb64b911 / eef91c1d91f16b034707e4d1285ca8cb
  PASS  Z_1b OpCreateLocalRead_v0.vi is byte-unchanged  f695d97a36ae127cd2dd3ca6b1fc1089
  PASS  Z_1c OpConnectNested_v1.vi is byte-unchanged  'b7a1bb56cefe2b4632125e6bda0d7221' -> 'b7a1bb56cefe2b4632125e6bda0d7221'
  PASS  Z_1d refs opened == closed, 0 live  {'opened': 23, 'closed': 23, 'live': 0, 'cached_op_vis': 5}

=== THE COMPLETE TIMESTAMPED ExecState TIMELINE
  step tag                                                                      ExecState    wall      
  1    [1] the working copy, COLD (no open_panel call)                          1            14:00:40  
  2    [2] after the wire delete (0 is EXPECTED)                                0            14:03:12  
  3    [3] after the Local was created (still unwired)                          0            14:03:22  
  4    [4] after move_in and its purge                                          0            14:03:27  
  5    [5] immediately after the connect, BEFORE the purge                      0            14:03:30  
  6    [7] after the purge - 1 is REQUIRED here                                 1            14:03:34  
  7    STEP7 immediately before the save                                        1            14:03:34  
  8    [8] after wire_indicators                                                1            14:03:35  
  9    [9] before the final save - 1 is REQUIRED here                           1            14:03:39  
  10   STEP9 immediately before the save                                        1            14:03:39  
  11   [10] COLD, freshly restarted LabVIEW, D1_s3b_row1_20260921_135932.vi     1            14:04:49  
  12   [11] after the Is Broken? read (SUSPECT, NAMES.md:912-918; every save is 0            14:05:08  

=== THE FILES THIS RUN LEFT ON DISK
  STEP7      D1_s3b_row1a_20260921_135932.vi                md5 'c7094f98324af3bb53755fef718f8e28'  size 476634  mtime '2026-09-21 14:03:35'  ES-at-save 1  carries the edits True
  STEP9      D1_s3b_row1_20260921_135932.vi                 md5 '72f0d47d0b1cbd0834d50f1483e558c1'  size 476734  mtime '2026-09-21 14:03:40'  ES-at-save 1  carries the edits True

=== THE PURGES (one census diff per op call)
  [2] wire delete        Node 630 -> 630 -> 630 ; new [] ; deleted [] ; reported-not-deleted []
  [3] donor              Node 630 -> 631 -> 631 ; new [(23499, 'Local', (3919, 2169))] ; deleted [] ; reported-not-deleted []
  [4] move_in            Node 631 -> 632 -> 631 ; new [(9317, 'Invoke', (2639, 933))] ; deleted [9317] ; reported-not-deleted []
  [6] connect            Node 631 -> 632 -> 631 ; new [(9317, 'Invoke', (2639, 933))] ; deleted [9317] ; reported-not-deleted []
  [8] wire_indicators    Node 631 -> 631 -> 631 ; new [] ; deleted [] ; reported-not-deleted []

=== GATES 51 pass / 1 fail; failing: K2 the COLD censuses: Node 631 (the in-memory reading with the Local present), Wire 1905, ControlTerminal 116, Local 9
=== readings -> G:\Codes\LabVIEW_Codes\MinLab\zz_LabView VI\AAA_UNIST\2. Tracking\V6_ParallelLoop\tools\bench\diag_c64_s3b_row1.json
BGRUN END rc=1 after 336s
