BGRUN START 2026-09-26 09:19:48 limit 75.0 min: py -u tools/bench/diag_c92c_abba.py
BGRUN PID 23924
PRELAUNCH readers: {'R1 tra rule on INDEX-51 leg == (True@8, False@7)': True, 'R2 lost reader on INDEX-51 leg == 144': True, "R3 capture reader on INDEX-51 leg == ['723452']": True, 'R4 stats reader == 13804.85 / 8423.0': True}
=== LEG leg1 A@8 start 0.2 min; camera {"camera": "cam1", "set_rc": 0, "hz": 90.0}
  [c92c leg] src C:\Program Files\National Instruments\LabVIEW 2026\user.lib\claudeDev\D1_s1_copy.vi picks 8 run-s 120 stamps False out G:\Codes\LabVIEW_Codes\MinLab\zz_LabView VI\AAA_UNIST\2. Tracking\V6_ParallelLoop\tools\bench\t0_legs\c92c_abba8_20260926_091948\leg1_A_p8_a1
  [c92c leg] CAPTURE {"tag": "bead 1 (refe", "t": 1790382065.9504561, "panel_hwnd": 71107920, "tid": 15720, "ok": true, "hwndCapture": 15140914, "capture_win": {"hwnd": 15140914, "class": "LVDChild", "title": "LabVIEW", "pid": 25972}, "flags": 0}
  [c92c leg] CAPTURE {"tag": "after-release-1", "t": 1790382069.0228608, "panel_hwnd": 71107920, "tid": 15720, "ok": true, "hwndCapture": 0, "capture_win": null, "flags": 0}
  [c92c leg] CAPTURE {"tag": "bead 2 (magn", "t": 1790382073.4105785, "panel_hwnd": 71107920, "tid": 15720, "ok": true, "hwndCapture": 0, "capture_win": null, "flags": 0}
  [c92c leg] CAPTURE {"tag": "bead 3 (magn", "t": 1790382077.8045897, "panel_hwnd": 71107920, "tid": 15720, "ok": true, "hwndCapture": 0, "capture_win": null, "flags": 0}
  [c92c leg] CAPTURE {"tag": "bead 4 (magn", "t": 1790382082.229287, "panel_hwnd": 71107920, "tid": 15720, "ok": true, "hwndCapture": 0, "capture_win": null, "flags": 0}
  [c92c leg] CAPTURE {"tag": "bead 5 (magn", "t": 1790382086.6077533, "panel_hwnd": 71107920, "tid": 15720, "ok": true, "hwndCapture": 0, "capture_win": null, "flags": 0}
  [c92c leg] CAPTURE {"tag": "bead 6 (magn", "t": 1790382091.0031664, "panel_hwnd": 71107920, "tid": 15720, "ok": true, "hwndCapture": 0, "capture_win": null, "flags": 0}
  [c92c leg] CAPTURE {"tag": "bead 7 (magn", "t": 1790382095.4049757, "panel_hwnd": 71107920, "tid": 15720, "ok": true, "hwndCapture": 0, "capture_win": null, "flags": 0}
  [c92c leg] CAPTURE {"tag": "bead 8 (magn", "t": 1790382099.7902477, "panel_hwnd": 71107920, "tid": 15720, "ok": true, "hwndCapture": 0, "capture_win": null, "flags": 0}
  FAILING: 18 run1.L8 the three `choose bandpass` panels (Yes LOCATED, HWND-gated)
  GATE M1 run copy md5 == source                PASS
  GATE M2 reached experiment loop               PASS
  GATE M3 frames >= 2000                        PASS
  GATE M4 stopped by the VI's own control       PASS
  GATE M5 cal+tra written                       PASS
  GATE M6 LabVIEW gone (tasklist)               PASS
  GATE M7 bed md5 unchanged                     PASS
  GATE M8 run copy deleted                      PASS
  RESULT {"schema":"result-line/1","status":"PASS","gates":{"pass":8,"fail":0},"first_fail":null,"artefacts":[{"path":"tools\\bench\\m8_replay_s1_p8_r120.json","md5":"0d11692168e99d7cca9053c8516a8414"}]}
  REGISTERED picks target=8 tra=8.0 lost='20' releases=1 cap_class_pick1='LVDChild'
  GATE H1 capture read before every pick (== picks)         PASS
  GATE H2 before pick 1 no capture held (after any release) PASS
  GATE U1 >=1 pick click                                    PASS
  GATE U2 tra exact for target N (reported; sequencer reruns) PASS
  RESULT {"schema":"result-line/1","status":"PASS","gates":{"pass":5,"fail":0},"first_fail":null,"artefacts":[{"path":"tools\\bench\\t0_legs\\c92c_abba8_20260926_091948\\leg1_A_p8_a1\\leg.json","md5":"98b2a9867b98c2045ba137c2848c5ab2"}]}
ROW {"leg": "leg1 A@8", "arm": "A", "slot": 1, "attempt": 1, "rc": 0, "secs": 612, "dir": "tools\\bench\\t0_legs\\c92c_abba8_20260926_091948\\leg1_A_p8_a1", "lost_frames": 20, "frames_delta": 10670, "measured_hz": 88.9, "picks_registered_tra": 8.0, "capture_class_before_pick1": "LVDChild", "releases": 1, "stamp_counts": {}, "pm": {"H1 capture read before every pick (== picks)": true, "H2 before pick 1 no capture held (after any release)": true, "U1 >=1 pick click": true, "U2 tra exact for target N (reported; sequencer reruns)": true}, "v5_failing": ["run1.L8"], "stop_latency_s": 1.0, "motor_tmx_after": 39.0, "tiffs": 0, "source_md5": "3e3d23cefd3a334001aa9d6156bf1aee", "registered_ok": true}
  PRE-PICK CAPTURE [('bead 1 (refe', 15140914, 'LVDChild'), ('bead 2 (magn', 0, None), ('bead 3 (magn', 0, None), ('bead 4 (magn', 0, None), ('bead 5 (magn', 0, None), ('bead 6 (magn', 0, None), ('bead 7 (magn', 0, None), ('bead 8 (magn', 0, None)]
=== LEG leg2 B@8 start 10.4 min; camera {"camera": "cam1", "set_rc": 0, "hz": 90.0}
  [c92c leg] src C:\Program Files\National Instruments\LabVIEW 2026\user.lib\claudeDev\D1_s1_t0at_20260926_090833.vi picks 8 run-s 120 stamps True out G:\Codes\LabVIEW_Codes\MinLab\zz_LabView VI\AAA_UNIST\2. Tracking\V6_ParallelLoop\tools\bench\t0_legs\c92c_abba8_20260926_091948\leg2_B_p8_a1
  [c92c leg] CAPTURE {"tag": "bead 1 (refe", "t": 1790382681.6938953, "panel_hwnd": 29296926, "tid": 26180, "ok": true, "hwndCapture": 19006978, "capture_win": {"hwnd": 19006978, "class": "LVDChild", "title": "LabVIEW", "pid": 26352}, "flags": 0}
  [c92c leg] CAPTURE {"tag": "after-release-1", "t": 1790382684.7714322, "panel_hwnd": 29296926, "tid": 26180, "ok": true, "hwndCapture": 0, "capture_win": null, "flags": 0}
  [c92c leg] CAPTURE {"tag": "bead 2 (magn", "t": 1790382689.1566117, "panel_hwnd": 29296926, "tid": 26180, "ok": true, "hwndCapture": 0, "capture_win": null, "flags": 0}
  [c92c leg] CAPTURE {"tag": "bead 3 (magn", "t": 1790382693.5454414, "panel_hwnd": 29296926, "tid": 26180, "ok": true, "hwndCapture": 0, "capture_win": null, "flags": 0}
  [c92c leg] CAPTURE {"tag": "bead 4 (magn", "t": 1790382697.9415212, "panel_hwnd": 29296926, "tid": 26180, "ok": true, "hwndCapture": 0, "capture_win": null, "flags": 0}
  [c92c leg] CAPTURE {"tag": "bead 5 (magn", "t": 1790382702.3347664, "panel_hwnd": 29296926, "tid": 26180, "ok": true, "hwndCapture": 0, "capture_win": null, "flags": 0}
  [c92c leg] CAPTURE {"tag": "bead 6 (magn", "t": 1790382706.71936, "panel_hwnd": 29296926, "tid": 26180, "ok": true, "hwndCapture": 0, "capture_win": null, "flags": 0}
  [c92c leg] CAPTURE {"tag": "bead 7 (magn", "t": 1790382711.121376, "panel_hwnd": 29296926, "tid": 26180, "ok": true, "hwndCapture": 0, "capture_win": null, "flags": 0}
  [c92c leg] CAPTURE {"tag": "bead 8 (magn", "t": 1790382715.5138817, "panel_hwnd": 29296926, "tid": 26180, "ok": true, "hwndCapture": 0, "capture_win": null, "flags": 0}
  FAILING: 18 run1.L8 the three `choose bandpass` panels (Yes LOCATED, HWND-gated)
  GATE M1 run copy md5 == source                PASS
  GATE M2 reached experiment loop               PASS
  GATE M3 frames >= 2000                        PASS
  GATE M4 stopped by the VI's own control       PASS
  GATE M5 cal+tra written                       PASS
  GATE M6 LabVIEW gone (tasklist)               PASS
  GATE M7 bed md5 unchanged                     PASS
  GATE M8 run copy deleted                      PASS
  RESULT {"schema":"result-line/1","status":"PASS","gates":{"pass":8,"fail":0},"first_fail":null,"artefacts":[{"path":"tools\\bench\\m8_replay_s1_p8_r120.json","md5":"047e5835fb86e858415cb5509910ce6d"}]}
  REGISTERED picks target=8 tra=8.0 lost='130' releases=1 cap_class_pick1='LVDChild'
  GATE H1 capture read before every pick (== picks)         PASS
  GATE H2 before pick 1 no capture held (after any release) PASS
  GATE U1 >=1 pick click                                    PASS
  GATE U2 tra exact for target N (reported; sequencer reruns) PASS
  GATE K2 stamp files sites 00/10/20 >= 1                   PASS
  GATE K3 nothing in the default stamp dir                  PASS
  RESULT {"schema":"result-line/1","status":"PASS","gates":{"pass":7,"fail":0},"first_fail":null,"artefacts":[{"path":"tools\\bench\\t0_legs\\c92c_abba8_20260926_091948\\leg2_B_p8_a1\\leg.json","md5":"be89d5a2166ee30336c28fde4e5d8bc2"}]}
ROW {"leg": "leg2 B@8", "arm": "B", "slot": 2, "attempt": 1, "rc": 0, "secs": 611, "dir": "tools\\bench\\t0_legs\\c92c_abba8_20260926_091948\\leg2_B_p8_a1", "lost_frames": 130, "frames_delta": 10664, "measured_hz": 88.9, "picks_registered_tra": 8.0, "capture_class_before_pick1": "LVDChild", "releases": 1, "stamp_counts": {"t0_site00_pid26352.bin": 10983, "t0_site02_pid26352.bin": 10983, "t0_site03_pid26352.bin": 10983, "t0_site04_pid26352.bin": 10983, "t0_site06_pid26352.bin": 10983, "t0_site08_pid26352.bin": 10983, "t0_site10_pid26352.bin": 2999, "t0_site11_pid26352.bin": 2999, "t0_site12_pid26352.bin": 2999, "t0_site13_pid26352.bin": 2999, "t0_site16_pid26352.bin": 2999, "t0_site20_pid26352.bin": 3199}, "pm": {"H1 capture read before every pick (== picks)": true, "H2 before pick 1 no capture held (after any release)": true, "U1 >=1 pick click": true, "U2 tra exact for target N (reported; sequencer reruns)": true, "K2 stamp files sites 00/10/20 >= 1": true, "K3 nothing in the default stamp dir": true}, "v5_failing": ["run1.L8"], "stop_latency_s": 1.0, "motor_tmx_after": 39.0, "tiffs": 0, "source_md5": "30a15c6772d5ef3336ed274abc4c2f40", "registered_ok": true}
  PRE-PICK CAPTURE [('bead 1 (refe', 19006978, 'LVDChild'), ('bead 2 (magn', 0, None), ('bead 3 (magn', 0, None), ('bead 4 (magn', 0, None), ('bead 5 (magn', 0, None), ('bead 6 (magn', 0, None), ('bead 7 (magn', 0, None), ('bead 8 (magn', 0, None)]
=== LEG leg3 B@8 start 20.7 min; camera {"camera": "cam1", "set_rc": 0, "hz": 90.0}
  [c92c leg] src C:\Program Files\National Instruments\LabVIEW 2026\user.lib\claudeDev\D1_s1_t0at_20260926_090833.vi picks 8 run-s 120 stamps True out G:\Codes\LabVIEW_Codes\MinLab\zz_LabView VI\AAA_UNIST\2. Tracking\V6_ParallelLoop\tools\bench\t0_legs\c92c_abba8_20260926_091948\leg3_B_p8_a1
  [c92c leg] CAPTURE {"tag": "bead 1 (refe", "t": 1790383296.8774648, "panel_hwnd": 19006848, "tid": 24160, "ok": true, "hwndCapture": 0, "capture_win": null, "flags": 0}
  [c92c leg] CAPTURE {"tag": "bead 2 (magn", "t": 1790383301.2767053, "panel_hwnd": 19006848, "tid": 24160, "ok": true, "hwndCapture": 0, "capture_win": null, "flags": 0}
  [c92c leg] CAPTURE {"tag": "bead 3 (magn", "t": 1790383305.6958709, "panel_hwnd": 19006848, "tid": 24160, "ok": true, "hwndCapture": 0, "capture_win": null, "flags": 0}
  [c92c leg] CAPTURE {"tag": "bead 4 (magn", "t": 1790383310.1090252, "panel_hwnd": 19006848, "tid": 24160, "ok": true, "hwndCapture": 0, "capture_win": null, "flags": 0}
  [c92c leg] CAPTURE {"tag": "bead 5 (magn", "t": 1790383314.51015, "panel_hwnd": 19006848, "tid": 24160, "ok": true, "hwndCapture": 0, "capture_win": null, "flags": 0}
  [c92c leg] CAPTURE {"tag": "bead 6 (magn", "t": 1790383318.9138525, "panel_hwnd": 19006848, "tid": 24160, "ok": true, "hwndCapture": 0, "capture_win": null, "flags": 0}
  [c92c leg] CAPTURE {"tag": "bead 7 (magn", "t": 1790383323.304345, "panel_hwnd": 19006848, "tid": 24160, "ok": true, "hwndCapture": 0, "capture_win": null, "flags": 0}
  [c92c leg] CAPTURE {"tag": "bead 8 (magn", "t": 1790383327.6999857, "panel_hwnd": 19006848, "tid": 24160, "ok": true, "hwndCapture": 0, "capture_win": null, "flags": 0}
  FAILING: 18 run1.L8 the three `choose bandpass` panels (Yes LOCATED, HWND-gated)
  GATE M1 run copy md5 == source                PASS
  GATE M2 reached experiment loop               PASS
  GATE M3 frames >= 2000                        PASS
  GATE M4 stopped by the VI's own control       PASS
  GATE M5 cal+tra written                       PASS
  GATE M6 LabVIEW gone (tasklist)               PASS
  GATE M7 bed md5 unchanged                     PASS
  GATE M8 run copy deleted                      PASS
  RESULT {"schema":"result-line/1","status":"PASS","gates":{"pass":8,"fail":0},"first_fail":null,"artefacts":[{"path":"tools\\bench\\m8_replay_s1_p8_r120.json","md5":"133a57b3305765ffdaacc1f7eaa4b18b"}]}
  REGISTERED picks target=8 tra=8.0 lost='131' releases=0 cap_class_pick1=None
  GATE H1 capture read before every pick (== picks)         PASS
  GATE H2 before pick 1 no capture held (after any release) PASS
  GATE U1 >=1 pick click                                    PASS
  GATE U2 tra exact for target N (reported; sequencer reruns) PASS
  GATE K2 stamp files sites 00/10/20 >= 1                   PASS
  GATE K3 nothing in the default stamp dir                  PASS
  RESULT {"schema":"result-line/1","status":"PASS","gates":{"pass":7,"fail":0},"first_fail":null,"artefacts":[{"path":"tools\\bench\\t0_legs\\c92c_abba8_20260926_091948\\leg3_B_p8_a1\\leg.json","md5":"8acdde8abe3dee91b81c44fe9054866e"}]}
ROW {"leg": "leg3 B@8", "arm": "B", "slot": 3, "attempt": 1, "rc": 0, "secs": 608, "dir": "tools\\bench\\t0_legs\\c92c_abba8_20260926_091948\\leg3_B_p8_a1", "lost_frames": 131, "frames_delta": 10668, "measured_hz": 88.9, "picks_registered_tra": 8.0, "capture_class_before_pick1": null, "releases": 0, "stamp_counts": {"t0_site00_pid26424.bin": 10982, "t0_site02_pid26424.bin": 10982, "t0_site03_pid26424.bin": 10982, "t0_site04_pid26424.bin": 10982, "t0_site06_pid26424.bin": 10982, "t0_site08_pid26424.bin": 10982, "t0_site10_pid26424.bin": 2890, "t0_site11_pid26424.bin": 2890, "t0_site12_pid26424.bin": 2890, "t0_site13_pid26424.bin": 2890, "t0_site16_pid26424.bin": 2890, "t0_site20_pid26424.bin": 3205}, "pm": {"H1 capture read before every pick (== picks)": true, "H2 before pick 1 no capture held (after any release)": true, "U1 >=1 pick click": true, "U2 tra exact for target N (reported; sequencer reruns)": true, "K2 stamp files sites 00/10/20 >= 1": true, "K3 nothing in the default stamp dir": true}, "v5_failing": ["run1.L8"], "stop_latency_s": 1.0, "motor_tmx_after": 39.0, "tiffs": 0, "source_md5": "30a15c6772d5ef3336ed274abc4c2f40", "registered_ok": true}
  PRE-PICK CAPTURE [('bead 1 (refe', 0, None), ('bead 2 (magn', 0, None), ('bead 3 (magn', 0, None), ('bead 4 (magn', 0, None), ('bead 5 (magn', 0, None), ('bead 6 (magn', 0, None), ('bead 7 (magn', 0, None), ('bead 8 (magn', 0, None)]
=== LEG leg4 A@8 start 30.9 min; camera {"camera": "cam1", "set_rc": 0, "hz": 90.0}
  [c92c leg] src C:\Program Files\National Instruments\LabVIEW 2026\user.lib\claudeDev\D1_s1_copy.vi picks 8 run-s 120 stamps False out G:\Codes\LabVIEW_Codes\MinLab\zz_LabView VI\AAA_UNIST\2. Tracking\V6_ParallelLoop\tools\bench\t0_legs\c92c_abba8_20260926_091948\leg4_A_p8_a1
  [c92c leg] CAPTURE {"tag": "bead 1 (refe", "t": 1790383910.0257802, "panel_hwnd": 15534446, "tid": 25224, "ok": true, "hwndCapture": 14288284, "capture_win": {"hwnd": 14288284, "class": "LVDChild", "title": "LabVIEW", "pid": 25476}, "flags": 0}
  [c92c leg] CAPTURE {"tag": "after-release-1", "t": 1790383913.0696907, "panel_hwnd": 15534446, "tid": 25224, "ok": true, "hwndCapture": 0, "capture_win": null, "flags": 0}
  [c92c leg] CAPTURE {"tag": "bead 2 (magn", "t": 1790383917.4625826, "panel_hwnd": 15534446, "tid": 25224, "ok": true, "hwndCapture": 0, "capture_win": null, "flags": 0}
  [c92c leg] CAPTURE {"tag": "bead 3 (magn", "t": 1790383921.8698235, "panel_hwnd": 15534446, "tid": 25224, "ok": true, "hwndCapture": 0, "capture_win": null, "flags": 0}
  [c92c leg] CAPTURE {"tag": "bead 4 (magn", "t": 1790383926.2584617, "panel_hwnd": 15534446, "tid": 25224, "ok": true, "hwndCapture": 0, "capture_win": null, "flags": 0}
  [c92c leg] CAPTURE {"tag": "bead 5 (magn", "t": 1790383930.6466851, "panel_hwnd": 15534446, "tid": 25224, "ok": true, "hwndCapture": 0, "capture_win": null, "flags": 0}
  [c92c leg] CAPTURE {"tag": "bead 6 (magn", "t": 1790383935.0319166, "panel_hwnd": 15534446, "tid": 25224, "ok": true, "hwndCapture": 0, "capture_win": null, "flags": 0}
  [c92c leg] CAPTURE {"tag": "bead 7 (magn", "t": 1790383939.4318552, "panel_hwnd": 15534446, "tid": 25224, "ok": true, "hwndCapture": 0, "capture_win": null, "flags": 0}
  [c92c leg] CAPTURE {"tag": "bead 8 (magn", "t": 1790383943.8184447, "panel_hwnd": 15534446, "tid": 25224, "ok": true, "hwndCapture": 0, "capture_win": null, "flags": 0}
  FAILING: 18 run1.L8 the three `choose bandpass` panels (Yes LOCATED, HWND-gated)
  GATE M1 run copy md5 == source                PASS
  GATE M2 reached experiment loop               PASS
  GATE M3 frames >= 2000                        PASS
  GATE M4 stopped by the VI's own control       PASS
  GATE M5 cal+tra written                       PASS
  GATE M6 LabVIEW gone (tasklist)               PASS
  GATE M7 bed md5 unchanged                     PASS
  GATE M8 run copy deleted                      PASS
  RESULT {"schema":"result-line/1","status":"PASS","gates":{"pass":8,"fail":0},"first_fail":null,"artefacts":[{"path":"tools\\bench\\m8_replay_s1_p8_r120.json","md5":"e2072c55e9db4091527c28abd19cb96e"}]}
  REGISTERED picks target=8 tra=8.0 lost='22' releases=1 cap_class_pick1='LVDChild'
  GATE H1 capture read before every pick (== picks)         PASS
  GATE H2 before pick 1 no capture held (after any release) PASS
  GATE U1 >=1 pick click                                    PASS
  GATE U2 tra exact for target N (reported; sequencer reruns) PASS
  RESULT {"schema":"result-line/1","status":"PASS","gates":{"pass":5,"fail":0},"first_fail":null,"artefacts":[{"path":"tools\\bench\\t0_legs\\c92c_abba8_20260926_091948\\leg4_A_p8_a1\\leg.json","md5":"82b467c8cfe8a314a772482ef073a6d0"}]}
ROW {"leg": "leg4 A@8", "arm": "A", "slot": 4, "attempt": 1, "rc": 0, "secs": 611, "dir": "tools\\bench\\t0_legs\\c92c_abba8_20260926_091948\\leg4_A_p8_a1", "lost_frames": 22, "frames_delta": 10664, "measured_hz": 88.9, "picks_registered_tra": 8.0, "capture_class_before_pick1": "LVDChild", "releases": 1, "stamp_counts": {}, "pm": {"H1 capture read before every pick (== picks)": true, "H2 before pick 1 no capture held (after any release)": true, "U1 >=1 pick click": true, "U2 tra exact for target N (reported; sequencer reruns)": true}, "v5_failing": ["run1.L8"], "stop_latency_s": 1.0, "motor_tmx_after": 39.0, "tiffs": 0, "source_md5": "3e3d23cefd3a334001aa9d6156bf1aee", "registered_ok": true}
  PRE-PICK CAPTURE [('bead 1 (refe', 14288284, 'LVDChild'), ('bead 2 (magn', 0, None), ('bead 3 (magn', 0, None), ('bead 4 (magn', 0, None), ('bead 5 (magn', 0, None), ('bead 6 (magn', 0, None), ('bead 7 (magn', 0, None), ('bead 8 (magn', 0, None)]
camera restored: {"camera": "cam1", "set_rc": 0, "hz": 90.0}
GATE R1 tra rule on INDEX-51 leg == (True@8, False@7)           PASS
GATE R2 lost reader on INDEX-51 leg == 144                      PASS
GATE R3 capture reader on INDEX-51 leg == ['723452']            PASS
GATE R4 stats reader == 13804.85 / 8423.0                       PASS
GATE T2 leg1 A@8 LabVIEW gone before                            PASS
GATE T4 leg1 A@8 camera 90 Hz before                            PASS
GATE T6 leg1 A@8 LabVIEW gone after                             PASS
GATE T1 leg1 A@8 rc 0                                           PASS
GATE T3 leg1 A@8 0 TIFFs                                        PASS
GATE T5 leg1 A@8 fps within 15%                                 PASS
GATE T10 leg1 A@8 TMX 39                                        PASS
GATE H2 leg1 A@8 no capture before pick 1                       PASS
GATE T12 slot1 A registered == 8 (<= 1 rerun)                   PASS
GATE T2 leg2 B@8 LabVIEW gone before                            PASS
GATE T4 leg2 B@8 camera 90 Hz before                            PASS
GATE T6 leg2 B@8 LabVIEW gone after                             PASS
GATE T1 leg2 B@8 rc 0                                           PASS
GATE T3 leg2 B@8 0 TIFFs                                        PASS
GATE T5 leg2 B@8 fps within 15%                                 PASS
GATE T10 leg2 B@8 TMX 39                                        PASS
GATE H2 leg2 B@8 no capture before pick 1                       PASS
GATE T12 slot2 B registered == 8 (<= 1 rerun)                   PASS
GATE T2 leg3 B@8 LabVIEW gone before                            PASS
GATE T4 leg3 B@8 camera 90 Hz before                            PASS
GATE T6 leg3 B@8 LabVIEW gone after                             PASS
GATE T1 leg3 B@8 rc 0                                           PASS
GATE T3 leg3 B@8 0 TIFFs                                        PASS
GATE T5 leg3 B@8 fps within 15%                                 PASS
GATE T10 leg3 B@8 TMX 39                                        PASS
GATE H2 leg3 B@8 no capture before pick 1                       PASS
GATE T12 slot3 B registered == 8 (<= 1 rerun)                   PASS
GATE T2 leg4 A@8 LabVIEW gone before                            PASS
GATE T4 leg4 A@8 camera 90 Hz before                            PASS
GATE T6 leg4 A@8 LabVIEW gone after                             PASS
GATE T1 leg4 A@8 rc 0                                           PASS
GATE T3 leg4 A@8 0 TIFFs                                        PASS
GATE T5 leg4 A@8 fps within 15%                                 PASS
GATE T10 leg4 A@8 TMX 39                                        PASS
GATE H2 leg4 A@8 no capture before pick 1                       PASS
GATE T12 slot4 A registered == 8 (<= 1 rerun)                   PASS
GATE T7 camera restored 90 Hz                                   PASS
GATE T8 S1/t0/t0at/kswap/bed md5 unchanged                      PASS
GATE T13 table written                                          PASS
SUMMARY {"leg1 A@8": {"lost": 20, "reg": 8.0, "cap1": "LVDChild", "rel": 1}, "leg2 B@8": {"lost": 130, "reg": 8.0, "cap1": "LVDChild", "rel": 1}, "leg3 B@8": {"lost": 131, "reg": 8.0, "cap1": null, "rel": 0}, "leg4 A@8": {"lost": 22, "reg": 8.0, "cap1": "LVDChild", "rel": 1}}
LOST BY ARM {"A": [20, 22], "B": [130, 131]}
SITES leg2 B@8 {"637_tracking": {"iterations": 10983, "period_median_us": 11159.400000000001, "period_p95_us": 12960.47, "sites": {"2": {"stamps": 10983, "median_us": 9694.9, "p95_us": 11478.68}, "3": {"stamps": 10983, "median_us": 10534.1, "p95_us": 12017.840000000002}, "4": {"stamps": 10983, "median_us": 10770.300000000001, "p95_us": 12286.150000000001}, "6": {"stamps": 10983, "median_us": 9722.7, "p95_us": 11502.12}, "8": {"stamps": 10983, "median_us": 9741.9, "p95_us": 11532.99}}}, "15173_display": {"iterations": 2999, "period_median_us": 11678.35, "period_p95_us": 32602.63000000001, "sites": {"11": {"stamps": 2999, "median_us": 9096.800000000001, "p95_us": 16452.850000000002}, "12": {"stamps": 2999, "median_us": 9600.800000000001, "p95_us": 16945.14}, "13": {"stamps": 2999, "median_us": 10480.800000000001, "p95_us": 17323.82}, "16": {"stamps": 2999, "median_us": 11090.7, "p95_us": 18403.49}}}, "25380": {"iterations": 3199, "period_median_us": 34249.9, "period_p95_us": 49113.67, "sites": {}}}
SITES leg3 B@8 {"637_tracking": {"iterations": 10982, "period_median_us": 11176.2, "period_p95_us": 12663.400000000001, "sites": {"2": {"stamps": 10982, "median_us": 9852.850000000002, "p95_us": 11546.544999999998}, "3": {"stamps": 10982, "median_us": 10691.850000000002, "p95_us": 12045.97}, "4": {"stamps": 10982, "median_us": 10904.45, "p95_us": 12277.79}, "6": {"stamps": 10982, "median_us": 9883.25, "p95_us": 11564.675}, "8": {"stamps": 10982, "median_us": 9900.400000000001, "p95_us": 11593.565}}}, "15173_display": {"iterations": 2890, "period_median_us": 11580.2, "period_p95_us": 30528.599999999995, "sites": {"11": {"stamps": 2890, "median_us": 9076.5, "p95_us": 16210.384999999998}, "12": {"stamps": 2890, "median_us": 9561.2, "p95_us": 16728.66}, "13": {"stamps": 2890, "median_us": 10411.7, "p95_us": 17193.734999999997}, "16": {"stamps": 2890, "median_us": 11061.150000000001, "p95_us": 18101.89}}}, "25380": {"iterations": 3205, "period_median_us": 34217.65, "period_p95_us": 48681.075000000004, "sites": {}}}
RESULT {"schema":"result-line/1","status":"PASS","gates":{"pass":43,"fail":0},"first_fail":null,"artefacts":[{"path":"tools\\bench\\m8_anythread8_92.json","md5":"1b237f0e57c81128b38caeb75373e5a4"}]}
BGRUN END rc=0 after 2472s
