BGRUN START 2026-10-02 18:19:24 limit 45.0 min: py -u tools/bench/diag_c138_6_run.py
BGRUN PID 7408
  FACT  handles after restart: 33987
  GATE PASS  bed md5 before  
  GATE PASS  0 OpStopMode_v0 record in op_hygiene/, op_hygiene_check None  None
  GATE PASS  0 OpStopModeB_v0 record in op_hygiene/, op_hygiene_check None  None
  GATE PASS  0 OpStopModeB_v0 opened by gscript.op() outside hygiene_probe  
  FACT  1 donor create/read: {'uid': 127, 'read': {'cls': 'DigitalNumericConstant', 'value': 2147483647, 'type': {'representation': 3, 'repr_name': 'I32', 'td': 3}, 'text': '2147483647', 'wire': 140, 'echo': 127, 'err': '', 'route': 'OpConstValueN_v1', 'note': 'v0x26008000 tds=[3] body=4B/4 attrs=0'}, 'new': [127], 'create': {'err': '', 'inv_err': '', 'created_uid': 127}}
  GATE PASS  1 exactly one new constant #127 == created uid  ([127], {'err': '', 'inv_err': '', 'created_uid': 127})
  GATE PASS  1 value 2147483647, representation I32  {'cls': 'DigitalNumericConstant', 'value': 2147483647, 'type': {'representation': 3, 'repr_name': 'I32', 'td': 3}, 'text': '2147483647', 'wire': 140, 'echo': 127, 'err': '', 'route': 'OpConstValueN_v1', 'note': 'v0x26008000 tds=[3] body=4B/4 attrs=0'}
  GATE PASS  1 DonorI32Max_v0 ExecState 1  
  GATE PASS  1 saved by script  c0c8db654c98bb6833b8935dccefb3ee
  GATE PASS  3 bed byte copy md5 == bed  
  FACT  3 #10465 rows before: [{'term_uid': 10469, 'term_name': '', 'is_source': False, 'wire_uid': 25415, 'owner_uid': 10465, 'owner_class': 'Tunnel', 'frame_diagram': 23166}, {'term_uid': 10467, 'term_name': '', 'is_source': True, 'wire_uid': 0, 'owner_uid': 10465, 'owner_class': 'Tunnel', 'frame_diagram': 10453}, {'term_uid': 10468, 'term_name': '', 'is_source': True, 'wire_uid': 0, 'owner_uid': 10465, 'owner_class': 'Tunnel', 'frame_diagram': 10459}]
  GATE PASS  3 #10465 has 3 rows, t10469 on w25415  [{'term_uid': 10469, 'term_name': '', 'is_source': False, 'wire_uid': 25415, 'owner_uid': 10465, 'owner_class': 'Tunnel', 'frame_diagram': 23166}, {'term_uid': 10467, 'term_name': '', 'is_source': True, 'wire_uid': 0, 'owner_uid': 10465, 'owner_class': 'Tunnel', 'frame_diagram': 10453}, {'term_uid': 10468, 'term_name': '', 'is_source': True, 'wire_uid': 0, 'owner_uid': 10465, 'owner_class': 'Tunne
      3 deleted wire w25415
  GATE PASS  3 delete_wire w25415  
  FACT  3 #10465 after delete: {'exists_in_Traverse_Tunnel': True, 'rows': [{'term_uid': 10469, 'term_name': '', 'is_source': False, 'wire_uid': 0, 'owner_uid': 10465, 'owner_class': 'Tunnel', 'frame_diagram': 23166}, {'term_uid': 10467, 'term_name': '', 'is_source': True, 'wire_uid': 0, 'owner_uid': 10465, 'owner_class': 'Tunnel', 'frame_diagram': 10453}, {'term_uid': 10468, 'term_name': '', 'is_source': True, 'wire_uid': 0, 'owner_uid': 10465, 'owner_class': 'Tunnel', 'frame_diagram': 10459}], 'es': 0}
  FACT  EL bed: {'items': 52, 'n': 52, 'classes': {'buildarraybuildarraycontainsunwiredorbadterminal': 3, 'casestructurecasestructureunwiredselector': 1, 'looptunnelwireconnectedtoanundirectedtunnel': 3, 'subvltracknbeadsfourfoldoverkernelv3vireguiredinputimageinisnotwired': 1, 'thiswireconnectsoneormoredatasinksbuthasnosource': 1, 'thiswireisnotconnectedtoanvthing': 1, 'thiswireisnotconnectedtoanything': 19, 'wirewirehaslooseends': 20, 'youhaveconnectedanoutputlooptunneltoaninputofreplacearraysubsetchangetheinputtoanoutputoraddasource': 1, 'youhaveconnectedanoutputlooptunneltoaninputofsubvichangetheinputtoan
  GATE PASS  3 bed md5 unchanged  
  GATE PASS  4 target (While + Boolean control) ExecState 1  
  GATE PASS  scratch_c138_6_wB A assembled ExecState 1  1
  FACT  scratch_c138_6_wB labels: {'Value': 'Mechanical Action 2', 'WErr': 'error out 4', 'controls': ['vi path', 'Class Name', 'index', 'vi path 2', 'location (0, 0)', 'Properties', 'Class Name 2', 'index 2', 'reference', 'Traverse Target', 'Mechanical Action 2']}
  GATE PASS  4 Mechanical Action written 4 -> read 4 (reader outside hygiene_probe)  ({'err': '', 'uid': 157, 'v': 0}, {'err': '', 'uid': 157, 'v': 4})
  OBSERVED uid 134 -> owner 'TopLevelDiagram' uid 3 | self 'Local'#134 | 482 says 'TopLevelDiagram' cast 'TopLevelDiagram' |  
  FACT  4 local of a latched Boolean: {'write': {'err': '', 'uid': 157, 'v': 0}, 'read': {'err': '', 'uid': 157, 'v': 4}, 'local': {'uid': 134, 'owner_class': 'TopLevelDiagram', 'owner': 3, 'is_source': [True], 'err': '', 'new': [134]}, 'es': 0, 'panel': [{'label': 'Visible', 'indicator': False, 'uid': 157, 'is_source': True, 'wire': 0, 'term_err': 0, 'wire_err': 1055}]}
  FACT  EL latch: {'items': 2, 'n': 2, 'classes': {'booleanvisiblebooleanlatchactionisincompatiblewithlocalvariables': 1, 'localvariablescratchc1386latch181925vithisvariableisnotconnectedtoanything': 1}, 'errors': [], 'first': ['{\'index\': 0, \'row_index\': 0, \'vi\': \'scratch_c138_6_latch_181925.vi\', \'object\': "Boolean \'Visible\'", \'reason\': \'Boolean latch action is incompatible with local v', '{\'index\': 1, \'row_index\': 2, \'vi\': \'scratch_c138_6_latch_181925.vi\', \'object\': "LocalVariable\'scratch_c138_6latch_181925.vi\'", \'reason\': \'This variable is not c']}
  GATE PASS  4 latch + local => refused, or ExecState 0 with Error List items > 0  ({'uid': 134, 'owner_class': 'TopLevelDiagram', 'owner': 3, 'is_source': [True], 'err': '', 'new': [134]}, 0, {'items': 2, 'n': 2, 'classes': {'booleanvisiblebooleanlatchactionisincompatiblewithlocalvariables': 1, 'localvariablescratchc1386latch181925vithisvariableisnotconnectedtoanything': 1}, 'errors': [], 'first': ['{\'index\': 0, \'row_index\': 0, \'vi\': \'scratch_c138_6_latch_181925.vi\', \'
  OBSERVED uid 46 -> owner 'TopLevelDiagram' uid 3 | self 'Comparison'#46 | 482 says 'TopLevelDiagram' cast 'TopLevelDiagram' |  
  OBSERVED uid 229 -> owner 'TopLevelDiagram' uid 3 | self 'Function'#229 | 482 says 'TopLevelDiagram' cast 'TopLevelDiagram' |  
  OBSERVED uid 254 -> owner 'Diagram' uid 203 | self 'Function'#254 | 482 says 'Diagram' cast 'Diagram' |  
  OBSERVED uid 284 -> owner 'Diagram' uid 203 | self 'DigitalNumericConstant'#284 | 482 says 'Diagram' cast 'Diagram' |  
  FACT  2 created: {'top': 3, 'FG': 43, 'fgb': 114, 'FMN': 45, 'fmb': 203, 'GT': 46, 'AMM': 229, 'SW': 254, 'KMX': 284, 'wires': {}}
  FACT  2 terminals owned by FG: []
  OBSERVED uid 305 -> owner 'Diagram' uid 114 | self 'DigitalNumericConstant'#305 | 482 says 'Diagram' cast 'Diagram' |  
  GATE PASS  T one terminal {'owner_uid': 305, 'is_source': True}  [(304, '', 0)]
  GATE PASS  T one terminal {'owner_uid': 46, 'term_name': 'x'}  [(223, 'x', 0)]
  FACT  2 WIRE GT.x <- Num (FG out): {'wire_uid': 325, 'broken': False, 'sink_echo': 223, 'src_echo': 304, 'err': '', 'purged': 0, 'invoke_left': []}
  GATE PASS  2 wire GT.x <- Num (FG out) err '' and Is Broken? False  {'wire_uid': 325, 'broken': False, 'sink_echo': 223, 'src_echo': 304, 'err': '', 'purged': 0, 'invoke_left': []}
  GATE PASS  2 FG out tunnel outer face  [{'term_uid': 337, 'term_name': '', 'is_source': True, 'wire_uid': 325, 'owner_uid': 331, 'owner_class': 'LoopTunnel', 'frame_diagram': 3}]
  OBSERVED uid 46 -> owner 'TopLevelDiagram' uid 3 | self 'Comparison'#46 | 482 says 'TopLevelDiagram' cast 'TopLevelDiagram' |  
Traceback (most recent call last):
  File "G:\Codes\LabVIEW_Codes\MinLab\zz_LabView VI\AAA_UNIST\2. Tracking\V6_ParallelLoop\tools\bench\diag_c138_6_run.py", line 146, in <module>
    main()
  File "G:\Codes\LabVIEW_Codes\MinLab\zz_LabView VI\AAA_UNIST\2. Tracking\V6_ParallelLoop\tools\bench\diag_c138_6_run.py", line 143, in main
    step4(); ldump(); step2()                                                                    # noqa: E702
  File "G:\Codes\LabVIEW_Codes\MinLab\zz_LabView VI\AAA_UNIST\2. Tracking\V6_ParallelLoop\tools\bench\diag_c138_6_run.py", line 115, in step2
    c = g.create_control_nested(TGT2, GT, ti(GT, "y", False)); R = rows(TGT2)                   # noqa: E702 - after x is wired, so y has adapted
  File "G:\Codes\LabVIEW_Codes\MinLab\zz_LabView VI\AAA_UNIST\2. Tracking\V6_ParallelLoop\tools\gscript.py", line 4348, in create_control_nested
    row = _node_term_row(target, node_uid, terminal_index)
  File "G:\Codes\LabVIEW_Codes\MinLab\zz_LabView VI\AAA_UNIST\2. Tracking\V6_ParallelLoop\tools\gscript.py", line 4149, in _node_term_row
    raise ValueError("#%s is owned by %s #%s, not by a Diagram" % (node_uid, c, o))
ValueError: #46 is owned by TopLevelDiagram #3, not by a Diagram
  GATE FAIL  the run completed without an unhandled exception  ValueError('#46 is owned by TopLevelDiagram #3, not by a Diagram')
  GATE PASS  5 LabVIEW gone  
  GATE PASS  5 scratch files deleted  ['C:\\Program Files\\National Instruments\\LabVIEW 2026\\user.lib\\claudeDev\\scratch_c138_6_bed_181925.vi', 'C:\\Program Files\\National Instruments\\LabVIEW 2026\\user.lib\\claudeDev\\scratch_c138_6_latch_181925.vi', 'C:\\Program Files\\National Instruments\\LabVIEW 2026\\user.lib\\claudeDev\\scratch_c138_6_wB.vi', 'C:\\Program Files\\National Instruments\\LabVIEW 2026\\user.lib\\claudeDev\\scra
  GATE PASS  5 bed md5 unchanged  
=== GATES: 23 pass / 1 fail; failing: ['the run completed without an unhandled exception']
RESULT {"schema":"result-line/1","status":"FAIL","gates":{"pass":23,"fail":1},"first_fail":"the run completed without an unhandled exception","artefacts":[{"path":"C:\\Program Files\\National Instruments\\LabVIEW 2026\\user.lib\\claudeDev\\DonorI32Max_v0.vi","md5":"c0c8db654c98bb6833b8935dccefb3ee"}]}
BGRUN END rc=1 after 617s
