BGRUN START 2026-09-28 01:13:03 limit 1.0 min: py -u tools/bench/diag_c113c_peek.py
BGRUN PID 1652
{'7911': ['ForLoop', 1359], '29172': ['ForLoop', 29874], '29894': ['ForLoop', 29874]}
{'term_uid': 29178, 'term_name': '', 'is_source': True, 'wire_uid': 0, 'owner_uid': 29172, 'owner_class': 'LoopTunnel', 'frame_diagram': 23166, 'term_class': 'OuterTerminal'}
{'term_uid': 31055, 'term_name': 'Force\nsmoothing\nhalf-width', 'is_source': False, 'wire_uid': 0, 'owner_uid': 31051, 'owner_class': 'LoopTunnel', 'frame_diagram': 23166, 'term_class': 'OuterTerminal'}
{'term_uid': 31158, 'term_name': 'Extension\nmedian filter\nhalf-width', 'is_source': False, 'wire_uid': 0, 'owner_uid': 31137, 'owner_class': 'LoopTunnel', 'frame_diagram': 23166, 'term_class': 'OuterTerminal'}
{'term_uid': 28170, 'term_name': 'Force\nsmoothing\nhalf-width', 'is_source': True, 'wire_uid': 0, 'owner_uid': 23166, 'owner_class': 'Diagram', 'frame_diagram': 23166, 'term_class': 'ControlTerminal'}
{'term_uid': 29091, 'term_name': 'Extension\nmedian filter\nhalf-width', 'is_source': True, 'wire_uid': 0, 'owner_uid': 23166, 'owner_class': 'Diagram', 'frame_diagram': 23166, 'term_class': 'ControlTerminal'}
{'term_uid': 28786, 'term_name': 'Extension (nm) vs Time (Frame #)', 'is_source': False, 'wire_uid': 0, 'owner_uid': 23166, 'owner_class': 'Diagram', 'frame_diagram': 23166, 'term_class': 'ControlTerminal'}
TUN {'term_uid': 29178, 'term_name': '', 'is_source': True, 'wire_uid': 0, 'owner_uid': 29172, 'owner_class': 'LoopTunnel', 'frame_diagram': 23166, 'term_class': 'OuterTerminal'} node_of 29172
TUN {'term_uid': 29174, 'term_name': '', 'is_source': False, 'wire_uid': 29183, 'owner_uid': 29172, 'owner_class': 'LoopTunnel', 'frame_diagram': 29894, 'term_class': 'InnerTerminal'} node_of 29172
TUN {'term_uid': 31055, 'term_name': 'Force\nsmoothing\nhalf-width', 'is_source': False, 'wire_uid': 0, 'owner_uid': 31051, 'owner_class': 'LoopTunnel', 'frame_diagram': 23166, 'term_class': 'OuterTerminal'} node_of 31051
TUN {'term_uid': 31053, 'term_name': 'Force\nsmoothing\nhalf-width', 'is_source': False, 'wire_uid': 31064, 'owner_uid': 31051, 'owner_class': 'LoopTunnel', 'frame_diagram': 7911, 'term_class': 'InnerTerminal'} node_of 31051
['fs_tunnel_pairs', 'loops', 'md5', 'objs', 'owners', 'source', 'terminals', 'vi']
RESULT {"schema":"result-line/1","status":"PASS","gates":{"pass":1,"fail":0},"first_fail":null,"artefacts":[]}
BGRUN END rc=0 after 1s
BGRUN START 2026-09-28 01:22:19 limit 1.0 min: py -u tools/bench/diag_c113c_peek.py
BGRUN PID 8640
plan_md5 pin 58046f2f2d445a332b4a5b13bf405646 plan file 58046f2f2d445a332b4a5b13bf405646
scope without S1 names [10850, 23508, 23792, 24053, 24104, 24268, 24324, 25228, 25276, 25339]
NAMEDIFF {'node': 10850, 'class': 'RightShiftRegister', 'row_node': False, 'equal': False, 'bed_only': {'': 2}, 's1_only': {}}
NAMEDIFF {'node': 23508, 'class': 'RightShiftRegister', 'row_node': False, 'equal': False, 'bed_only': {'': 2}, 's1_only': {}}
NAMEDIFF {'node': 23792, 'class': 'LeftShiftRegister', 'row_node': False, 'equal': False, 'bed_only': {'': 2}, 's1_only': {}}
NAMEDIFF {'node': 24053, 'class': 'LoopTunnel', 'row_node': False, 'equal': False, 'bed_only': {'': 2}, 's1_only': {}}
NAMEDIFF {'node': 24104, 'class': 'LoopTunnel', 'row_node': False, 'equal': False, 'bed_only': {'': 2}, 's1_only': {}}
NAMEDIFF {'node': 24268, 'class': 'LoopTunnel', 'row_node': False, 'equal': False, 'bed_only': {'': 2}, 's1_only': {}}
NAMEDIFF {'node': 24324, 'class': 'LoopTunnel', 'row_node': False, 'equal': False, 'bed_only': {'': 2}, 's1_only': {}}
NAMEDIFF {'node': 25228, 'class': 'LoopTunnel', 'row_node': False, 'equal': False, 'bed_only': {'Real-space cosine window': 2}, 's1_only': {}}
NAMEDIFF {'node': 25276, 'class': 'LoopTunnel', 'row_node': False, 'equal': False, 'bed_only': {'Cosine bandpass for Hilbert': 2}, 's1_only': {}}
NAMEDIFF {'node': 25339, 'class': 'RightShiftRegister', 'row_node': False, 'equal': False, 'bed_only': {'': 2}, 's1_only': {}}
B2a D4 scope [8634, 29625, 8741, 30331, 8764, 28233, 30306, 29005]
RESULT {"schema":"result-line/1","status":"PASS","gates":{"pass":1,"fail":0},"first_fail":null,"artefacts":[]}
BGRUN END rc=0 after 1s
