BGRUN START 2026-10-02 05:00:54 limit 2.0 min: py -u tools/bench/diag_c131_1_census.py
BGRUN PID 19000
AGG ('ArrayConstant', 'src_empty', 'LoopTunnel', 'OuterTerminal', 'same') 1 e.g. [(25604, 21143, '', 21478, 21476, '')]
AGG ('ArrayConstant', 'src_named', 'FlatSequenceInnerTunnel', 'Terminal', 'same') 1 e.g. [(14394, 14055, 'Axes to move', 14031, 14030, 'Axes to move')]
AGG ('ArrayConstant', 'src_named', 'LeftShiftRegister', 'OuterTerminal', 'same') 2 e.g. [(19543, 15058, 'Array of bead\nx/y pos', 15223, 15226, 'Array of bead\nx/y pos'), (19537, 15100, 'exp/ref array', 15243, 15246, 'exp/ref array')]
AGG ('ArrayConstant', 'src_named', 'LoopTunnel', 'OuterTerminal', 'same') 1 e.g. [(26217, 23517, 'Control Names', 26131, 26175, 'Control Names')]
AGG ('ArrayConstant', 'src_named', 'Tunnel', 'OuterTerminal', 'same') 1 e.g. [(6101, 6058, 'Axes to move', 3653, 3648, 'Axes to move')]
AGG ('BooleanConstant', 'src_empty', 'SelectorTunnel', 'InnerTerminal', 'same') 3 e.g. [(10634, 10623, '', 10584, 10586, ''), (10597, 10547, '', 10584, 10590, ''), (13680, 12199, '', 12081, 12083, '')]
AGG ('BooleanConstant', 'src_named', 'FlatSequenceInnerTunnel', 'Terminal', 'same') 2 e.g. [(14406, 14174, 'All axes?', 14023, 14022, 'All axes?'), (14409, 14131, 'Use dialog to define\nconnected stages?', 14015, 14014, 'Use dialog to define\nconnected stages?')]
AGG ('BuildArray', 'src_named', 'LoopTunnel', 'InnerTerminal', 'empty') 1 e.g. [(26007, 25994, 'appended array', 25883, 25885, '')]
AGG ('BuildArray', 'src_named', 'RightShiftRegister', 'InnerTerminal', 'empty') 1 e.g. [(23587, 23367, 'appended array', 22831, 22833, '')]
AGG ('BuildArray', 'src_named', 'SelectorTunnel', 'InnerTerminal', 'empty') 3 e.g. [(23998, 23901, 'appended array', 23650, 23653, ''), (24434, 24259, 'appended array', 23650, 23654, ''), (25076, 24904, 'appended array', 23650, 23655, '')]
AGG ('BuildArray', 'src_named', 'Tunnel', 'InnerTerminal', 'empty') 2 e.g. [(15774, 15758, 'appended array', 15662, 15664, ''), (15886, 15876, 'appended array', 15677, 15680, '')]
AGG ('Bundler', 'src_named', 'LoopTunnel', 'InnerTerminal', 'empty') 3 e.g. [(27724, 27662, 'output cluster', 27496, 27498, ''), (29183, 29012, 'output cluster', 29172, 29174, ''), (11374, 11316, 'output cluster', 11363, 11365, '')]
AGG ('Bundler', 'src_named', 'RightShiftRegister', 'InnerTerminal', 'empty') 1 e.g. [(13875, 13840, 'concatenated string', 13696, 13698, '')]
AGG ('Bundler', 'src_named', 'SelectorTunnel', 'InnerTerminal', 'other') 1 e.g. [(13919, 13897, 'concatenated string', 13525, 13528, 'data string')]
AGG ('ClusterConstant', 'src_named', 'LeftShiftRegister', 'OuterTerminal', 'same') 1 e.g. [(4969, 4965, 'error out', 24133, 24205, 'error out')]
AGG ('Comparison', 'src_named', 'Tunnel', 'OuterTerminal', 'empty') 4 e.g. [(4940, 3815, 'x = y?', 3831, 3828, ''), (27245, 27144, 'x = y?', 27185, 27182, ''), (21840, 21825, 'x < y?', 21729, 21728, '')]
AGG ('CompoundArithmetic', 'src_named', 'LoopTunnel', 'InnerTerminal', 'empty') 1 e.g. [(13470, 13457, 'result', 13397, 13399, '')]
AGG ('CompoundArithmetic', 'src_named', 'Tunnel', 'OuterTerminal', 'empty') 1 e.g. [(15229, 17936, 'result', 22085, 22084, '')]
AGG ('Constant', 'src_named', 'LoopTunnel', 'OuterTerminal', 'same') 1 e.g. [(25607, 21227, 'Picture', 21469, 21467, 'Picture')]
AGG ('Diagram', 'src_empty', 'LoopTunnel', 'OuterTerminal', 'same') 1 e.g. [(25414, 22071, '', 25285, 25284, '')]
AGG ('Diagram', 'src_named', 'FlatSequenceInnerTunnel', 'Terminal', 'same') 2 e.g. [(31742, 26751, 'CycleSchedule', 31691, 31731, 'CycleSchedule'), (13111, 11190, 'pixel distance (nm)', 12954, 12953, 'pixel distance (nm)')]
AGG ('Diagram', 'src_named', 'FlatSequenceOuterTunnel', 'Terminal', 'same') 1 e.g. [(16585, 19733, 'Lc', 16579, 16581, 'Lc')]
AGG ('Diagram', 'src_named', 'LeftShiftRegister', 'OuterTerminal', 'same') 3 e.g. [(11253, 10225, 'Auto-reset zero', 25382, 25399, 'Auto-reset zero'), (25254, 22040, 'Session Out', 22456, 22459, 'Session Out'), (25218, 22050, 'error out', 22465, 22468, 'error out')]
AGG ('Diagram', 'src_named', 'LoopTunnel', 'OuterTerminal', 'same') 8 e.g. [(25753, 29091, 'Extension\nmedian filter\nhalf-width', 30896, 30901, 'Extension\nmedian filter\nhalf-width'), (25753, 29091, 'Extension\nmedian filter\nhalf-width', 31137, 31158, 'Extension\nmedian filter\nhalf-width'), (25700, 28170, 'Force\nsmoothing\nhalf-width', 31051, 31055, 'Force\nsmoothing\nhalf-width')]
AGG ('Diagram', 'src_named', 'SelectorTunnel', 'OuterTerminal', 'same') 4 e.g. [(4892, 10667, 'If no: current pos z?', 3858, 3857, 'If no: current pos z?'), (25801, 9306, 'Correction Factor', 6132, 6142, 'Correction Factor'), (30530, 28068, 'Count', 31929, 31938, 'Count')]
AGG ('Diagram', 'src_named', 'Tunnel', 'InnerTerminal', 'same') 2 e.g. [(6119, 11038, 'Set Focus  (0->50)', 3445, 3459, 'Set Focus  (0->50)'), (7559, 10841, 'Current pos rot?', 7542, 7544, 'Current pos rot?')]
AGG ('Diagram', 'src_named', 'Tunnel', 'OuterTerminal', 'empty') 8 e.g. [(25668, 403, 'Z/dZ', 2276, 2282, ''), (15302, 9939, 'Start Cycles', 20477, 20476, ''), (19293, 11532, '1 L-Turn', 18978, 18977, '')]
AGG ('DigitalNumericConstant', 'src_empty', 'LeftShiftRegister', 'OuterTerminal', 'other') 1 e.g. [(39296, 27094, '', 27056, 27122, 'current image number')]
AGG ('DigitalNumericConstant', 'src_empty', 'LeftShiftRegister', 'OuterTerminal', 'same') 3 e.g. [(39360, 27266, '', 27258, 27281, ''), (32388, 32383, '', 24297, 24321, ''), (19549, 15047, '', 15234, 15237, '')]
AGG ('DigitalNumericConstant', 'src_empty', 'SelectorTunnel', 'InnerTerminal', 'other') 1 e.g. [(9036, 2609, '', 22100, 22103, 'System no.')]
AGG ('DigitalNumericConstant', 'src_empty', 'Tunnel', 'OuterTerminal', 'same') 3 e.g. [(12108, 11390, '', 10557, 10572, ''), (14732, 13262, '', 13393, 13392, ''), (19487, 15280, '', 15557, 15556, '')]
AGG ('DigitalNumericConstant', 'src_named', 'LeftShiftRegister', 'OuterTerminal', 'same') 2 e.g. [(32441, 32337, 'final trans pos', 32504, 32514, 'final trans pos'), (16421, 20330, 'System no.', 15204, 15214, 'System no.')]
AGG ('DigitalNumericConstant', 'src_named', 'SelectorTunnel', 'InnerTerminal', 'same') 1 e.g. [(1992, 521, 'In Set Position', 3537, 3563, 'In Set Position')]
AGG ('DigitalNumericConstant', 'src_named', 'Tunnel', 'OuterTerminal', 'same') 1 e.g. [(365, 3574, 'System no.', 3597, 3596, 'System no.')]
AGG ('FixedConstant', 'src_empty', 'LeftShiftRegister', 'OuterTerminal', 'same') 1 e.g. [(13916, 13615, '', 13700, 13703, '')]
AGG ('FlatSequenceInnerTunnel', 'src_empty', 'FlatSequenceInnerTunnel', 'Terminal', 'same') 131 e.g. [(58022, 58034, '', 58013, 58018, ''), (58103, 58115, '', 58094, 58099, ''), (58695, 58707, '', 58686, 58691, '')]
AGG ('FlatSequenceInnerTunnel', 'src_empty', 'FlatSequenceOuterTunnel', 'Terminal', 'same') 1 e.g. [(25497, 24987, '', 43605, 43612, '')]
AGG ('FlatSequenceInnerTunnel', 'src_empty', 'LeftShiftRegister', 'OuterTerminal', 'same') 3 e.g. [(8590, 6247, '', 23792, 23859, ''), (25438, 2892, '', 25240, 25315, ''), (25461, 5820, '', 25344, 25363, '')]
AGG ('FlatSequenceInnerTunnel', 'src_empty', 'LoopTunnel', 'OuterTerminal', 'same') 17 e.g. [(25225, 1751, '', 24357, 24366, ''), (25238, 2495, '', 24361, 25234, ''), (25265, 4714, '', 25223, 25247, '')]
AGG ('FlatSequenceInnerTunnel', 'src_empty', 'Tunnel', 'OuterTerminal', 'same') 1 e.g. [(26080, 21028, '', 25853, 25852, '')]
AGG ('FlatSequenceInnerTunnel', 'src_named', 'FlatSequenceInnerTunnel', 'Terminal', 'same') 286 e.g. [(86546, 6121, 'error out', 10673, 86541, 'error out'), (86563, 6235, 'Set Focus  (0->50)', 10621, 86558, 'Set Focus  (0->50)'), (86580, 6590, 'Numeric', 10614, 86575, 'Numeric')]
AGG ('FlatSequenceInnerTunnel', 'src_named', 'FlatSequenceOuterTunnel', 'Terminal', 'same') 13 e.g. [(28543, 28025, 'error out', 28414, 28417, 'error out'), (27883, 27417, 'error out', 27711, 27719, 'error out'), (27346, 27064, 'error out', 27252, 27255, 'error out')]
AGG ('FlatSequenceInnerTunnel', 'src_named', 'LeftShiftRegister', 'OuterTerminal', 'other') 3 e.g. [(4185, 4200, 'Outgoing Handle', 23880, 23927, 'VISA out'), (3968, 3976, 'Out position', 23909, 23978, 'position [internal units]'), (32344, 31696, 'CycleSchedule', 1755, 1787, 'Value')]
AGG ('FlatSequenceInnerTunnel', 'src_named', 'LeftShiftRegister', 'OuterTerminal', 'same') 3 e.g. [(19502, 14828, 'position [internal units]', 15212, 15217, 'position [internal units]'), (25628, 20153, 'Session Out', 21372, 21376, 'Session Out'), (25613, 20177, 'Array of bead\nx/y pos', 21446, 21452, 'Array of bead\nx/y pos')]
AGG ('FlatSequenceInnerTunnel', 'src_named', 'LoopTunnel', 'OuterTerminal', 'same') 19 e.g. [(25306, 5661, 'Real-space cosine window', 25228, 25293, 'Real-space cosine window'), (25336, 5958, 'Cosine bandpass for Hilbert', 25276, 25316, 'Cosine bandpass for Hilbert'), (24077, 9657, '# slices in stack', 24035, 24059, '# slices in stack')]
AGG ('FlatSequenceInnerTunnel', 'src_named', 'SelectorTunnel', 'OuterTerminal', 'same') 1 e.g. [(6127, 757, 'Set Focus  (0->50)', 5765, 5878, 'Set Focus  (0->50)')]
AGG ('FlatSequenceOuterTunnel', 'src_empty', 'Tunnel', 'OuterTerminal', 'same') 1 e.g. [(19308, 16957, '', 18039, 18038, '')]
AGG ('FlatSequenceOuterTunnel', 'src_named', 'FlatSequenceInnerTunnel', 'Terminal', 'same') 8 e.g. [(57280, 57286, 'input cluster', 57256, 57273, 'input cluster'), (59086, 59092, 'refnum out', 59069, 59079, 'refnum out'), (44583, 44159, 'VISA out', 4682, 481, 'VISA out')]
AGG ('FlatSequenceOuterTunnel', 'src_named', 'FlatSequenceOuterTunnel', 'Terminal', 'same') 4 e.g. [(57288, 57298, 'input cluster', 57284, 57287, 'input cluster'), (59094, 59104, 'refnum out', 59090, 59093, 'refnum out'), (28386, 28205, 'error out', 28377, 28383, 'error out')]
AGG ('FlatSequenceOuterTunnel', 'src_named', 'LoopTunnel', 'InnerTerminal', 'same') 3 e.g. [(24355, 25713, 'error out', 24334, 24339, 'error out'), (19366, 16958, 'error out', 15260, 15263, 'error out'), (29957, 29986, 'VISA resource name out', 29946, 29948, 'VISA resource name out')]
AGG ('FlatSequenceOuterTunnel', 'src_named', 'SelectorTunnel', 'InnerTerminal', 'same') 11 e.g. [(28584, 28411, 'error out', 27925, 27934, 'error out'), (27895, 27710, 'error out', 27377, 27380, 'error out'), (27357, 27251, 'error out', 27012, 27016, 'error out')]
AGG ('FlatSequenceOuterTunnel', 'src_named', 'SelectorTunnel', 'OuterTerminal', 'same') 10 e.g. [(29169, 25756, 'Value', 27941, 27937, 'Value'), (29169, 25756, 'Value', 27382, 27381, 'Value'), (29169, 25756, 'Value', 27018, 27017, 'Value')]
AGG ('FlatSequenceOuterTunnel', 'src_named', 'Tunnel', 'OuterTerminal', 'same') 1 e.g. [(29225, 28379, 'error out', 29213, 29222, 'error out')]
AGG ('FlattenString', 'src_named', 'SelectorTunnel', 'InnerTerminal', 'same') 1 e.g. [(13580, 13565, 'data string', 13525, 13527, 'data string')]
AGG ('Function', 'src_named', 'FlatSequenceInnerTunnel', 'Terminal', 'empty') 12 e.g. [(25092, 24086, 'x*y', 25059, 25075, ''), (28312, 28149, 'x+1', 58920, 58937, ''), (3280, 3454, 'string', 3775, 3790, '')]
AGG ('Function', 'src_named', 'FlatSequenceOuterTunnel', 'Terminal', 'empty') 1 e.g. [(19369, 19352, 'x = 0?', 16955, 16954, '')]
AGG ('Function', 'src_named', 'LoopTunnel', 'InnerTerminal', 'empty') 2 e.g. [(28984, 28911, 'x*y', 31388, 31390, ''), (25381, 25372, 'x/y', 25332, 25334, '')]
AGG ('Function', 'src_named', 'LoopTunnel', 'OuterTerminal', 'empty') 9 e.g. [(28312, 28149, 'x+1', 27524, 27523, ''), (23519, 8494, 'x+1', 23501, 23514, ''), (23519, 8494, 'x+1', 23417, 23450, '')]
AGG ('Function', 'src_named', 'RightShiftRegister', 'InnerTerminal', 'empty') 1 e.g. [(4134, 4844, 'x+y', 24147, 24303, '')]
AGG ('Function', 'src_named', 'RightShiftRegister', 'InnerTerminal', 'other') 1 e.g. [(1109, 2037, 'x+1', 1117, 5355, 'LastBufferNumber')]
AGG ('Function', 'src_named', 'SelectorTunnel', 'InnerTerminal', 'empty') 4 e.g. [(27404, 27315, 'x+1', 27359, 27368, ''), (11971, 11592, 'x .or. y?', 12081, 12087, ''), (20756, 20738, 'x-y', 20586, 20588, '')]
AGG ('Function', 'src_named', 'SelectorTunnel', 'InnerTerminal', 'other') 3 e.g. [(10205, 10156, 'x+1', 11336, 11342, 'Value'), (21142, 20828, 'x+1', 20581, 20584, 'System no.'), (22269, 22185, 'x+y', 22143, 22148, 'position [internal units]')]
AGG ('Function', 'src_named', 'SelectorTunnel', 'InnerTerminal', 'same') 1 e.g. [(18828, 10974, 'millisecond timer value', 18814, 18820, 'millisecond timer value')]
AGG ('Function', 'src_named', 'SelectorTunnel', 'OuterTerminal', 'empty') 4 e.g. [(29173, 29136, 'x-y', 26490, 26489, ''), (29368, 33958, 'size(s)', 25032, 25050, ''), (14735, 13493, 'size(s)', 13520, 13519, '')]
AGG ('Function', 'src_named', 'Tunnel', 'InnerTerminal', 'empty') 1 e.g. [(15786, 15691, 'x+1', 15652, 15654, '')]
AGG ('Function', 'src_named', 'Tunnel', 'OuterTerminal', 'empty') 18 e.g. [(364, 3464, 'x = 0?', 3410, 3419, ''), (25415, 9668, 'x .and. y?', 10465, 10469, ''), (25435, 10253, 'x .or. y?', 5603, 5608, '')]
AGG ('GrowableFunction', 'src_named', 'FlatSequenceInnerTunnel', 'Terminal', 'empty') 4 e.g. [(28288, 27746, 'output array', 58094, 58111, ''), (5743, 5552, 'initialized array', 5718, 5736, ''), (9397, 3262, 'initialized array', 4352, 8587, '')]
AGG ('GrowableFunction', 'src_named', 'LeftShiftRegister', 'OuterTerminal', 'empty') 3 e.g. [(3543, 1842, 'initialized array', 24187, 24291, ''), (9051, 8958, 'initialized array', 10544, 25588, ''), (29122, 28172, 'initialized array', 25582, 25606, '')]
AGG ('GrowableFunction', 'src_named', 'LoopTunnel', 'InnerTerminal', 'empty') 2 e.g. [(30546, 29634, 'output array', 29616, 29618, ''), (8811, 8643, 'output array', 9227, 9230, '')]
AGG ('GrowableFunction', 'src_named', 'RightShiftRegister', 'InnerTerminal', 'other') 3 e.g. [(25419, 21568, 'output array', 25244, 25295, 'Value'), (31077, 29205, 'output array', 30079, 30089, 'Value'), (23530, 23445, 'output array', 22813, 22815, 'Array of bead\nx/y pos')]
AGG ('GrowableFunction', 'src_named', 'SelectorTunnel', 'InnerTerminal', 'other') 3 e.g. [(23968, 23934, 'output array', 23657, 23660, 'Array of bead\nx/y pos'), (24374, 24340, 'output array', 23657, 23661, 'Array of bead\nx/y pos'), (24977, 24943, 'output array', 23657, 23662, 'Array of bead\nx/y pos')]
AGG ('InRangeAndCoerce', 'src_named', 'SelectorTunnel', 'InnerTerminal', 'other') 1 e.g. [(2254, 1369, 'coerced(x)', 3537, 3544, 'In Set Position')]
AGG ('IndexArray', 'src_named', 'FlatSequenceInnerTunnel', 'Terminal', 'other') 1 e.g. [(18214, 18204, 'element', 18089, 18088, 'Numeric')]
AGG ('IndexArray', 'src_named', 'LoopTunnel', 'InnerTerminal', 'empty') 1 e.g. [(30188, 29377, 'element', 30173, 30176, '')]
AGG ('IndexArray', 'src_named', 'LoopTunnel', 'InnerTerminal', 'other') 1 e.g. [(30084, 9811, 'element', 30063, 30066, 'Force')]
AGG ('IndexArray', 'src_named', 'LoopTunnel', 'OuterTerminal', 'other') 1 e.g. [(10121, 28549, 'subarray', 5988, 10112, 'Value')]
AGG ('IndexArray', 'src_named', 'SelectorTunnel', 'InnerTerminal', 'other') 2 e.g. [(7153, 27077, 'element', 8468, 8728, 'Numeric'), (25721, 23951, 'element', 8468, 24400, 'Numeric')]
AGG ('IndexArray', 'src_named', 'Tunnel', 'InnerTerminal', 'other') 1 e.g. [(2348, 3510, 'element', 6598, 6604, 'Numeric')]
AGG ('LeftShiftRegister', 'src_empty', 'LoopTunnel', 'OuterTerminal', 'same') 2 e.g. [(25657, 25605, '', 29911, 29928, ''), (25642, 25587, '', 9087, 9092, '')]
AGG ('LeftShiftRegister', 'src_empty', 'SelectorTunnel', 'OuterTerminal', 'same') 4 e.g. [(25358, 25361, '', 5702, 6038, ''), (25309, 25312, '', 5825, 5883, ''), (27378, 27278, '', 27344, 27365, '')]
AGG ('LeftShiftRegister', 'src_named', 'SelectorTunnel', 'OuterTerminal', 'same') 8 e.g. [(25394, 25396, 'Auto-reset zero', 10750, 10760, 'Auto-reset zero'), (32324, 1785, 'Value', 32295, 32321, 'Value'), (11538, 15213, 'System no.', 20507, 20506, 'System no.')]
AGG ('LeftShiftRegister', 'src_named', 'Tunnel', 'OuterTerminal', 'same') 7 e.g. [(25493, 21390, 'error out', 21595, 21593, 'error out'), (25490, 21375, 'Session Out', 21619, 21614, 'Session Out'), (25460, 21449, 'Array of bead\nx/y pos', 21804, 21801, 'Array of bead\nx/y pos')]
AGG ('Local', 'src_named', 'LoopTunnel', 'OuterTerminal', 'same') 1 e.g. [(26104, 25808, 'Color table', 25861, 25860, 'Color table')]
AGG ('Local', 'src_named', 'RightShiftRegister', 'InnerTerminal', 'same') 1 e.g. [(23466, 23511, 'Automatic Error Handling', 23469, 23801, 'Automatic Error Handling')]
AGG ('Local', 'src_named', 'SelectorTunnel', 'OuterTerminal', 'same') 1 e.g. [(23856, 23550, 'index', 10978, 10987, 'index')]
AGG ('LoopTunnel', 'src_empty', 'FlatSequenceInnerTunnel', 'Terminal', 'same') 5 e.g. [(28240, 27495, '', 58686, 58703, ''), (28246, 27519, '', 58013, 58030, ''), (14729, 13396, '', 13175, 13174, '')]
AGG ('LoopTunnel', 'src_empty', 'LoopTunnel', 'InnerTerminal', 'same') 1 e.g. [(25407, 25331, '', 25279, 25281, '')]
AGG ('LoopTunnel', 'src_empty', 'LoopTunnel', 'OuterTerminal', 'same') 3 e.g. [(29081, 29841, '', 29077, 29080, ''), (29106, 31394, '', 29102, 29105, ''), (16915, 16343, '', 16609, 16608, '')]
AGG ('LoopTunnel', 'src_empty', 'RightShiftRegister', 'InnerTerminal', 'same') 2 e.g. [(25645, 29624, '', 25545, 25596, ''), (25638, 9234, '', 9603, 22281, '')]
AGG ('LoopTunnel', 'src_empty', 'SelectorTunnel', 'OuterTerminal', 'same') 8 e.g. [(25819, 25903, '', 2992, 2996, ''), (25782, 26012, '', 3176, 3193, ''), (9806, 25434, '', 5967, 5976, '')]
AGG ('LoopTunnel', 'src_empty', 'Tunnel', 'InnerTerminal', 'same') 1 e.g. [(25420, 25278, '', 21750, 21759, '')]
AGG ('LoopTunnel', 'src_empty', 'Tunnel', 'OuterTerminal', 'same') 9 e.g. [(16541, 16337, '', 16394, 16388, ''), (25463, 21432, '', 21787, 21784, ''), (25457, 21463, '', 21818, 21817, '')]
AGG ('LoopTunnel', 'src_named', 'FlatSequenceInnerTunnel', 'Terminal', 'same') 16 e.g. [(37446, 24351, 'error out', 2297, 2776, 'error out'), (697, 651, 'error out', 1828, 2150, 'error out'), (4436, 4444, 'Session Out', 4424, 4423, 'Session Out')]
AGG ('LoopTunnel', 'src_named', 'FlatSequenceOuterTunnel', 'Terminal', 'same') 5 e.g. [(30928, 30713, 'Value', 25748, 25745, 'Value'), (29404, 29417, '# DT points', 50806, 50811, '# DT points'), (19381, 15258, 'error out', 16951, 16950, 'error out')]
AGG ('LoopTunnel', 'src_named', 'LoopTunnel', 'InnerTerminal', 'same') 1 e.g. [(30928, 30713, 'Value', 29237, 29241, 'Value')]
AGG ('LoopTunnel', 'src_named', 'LoopTunnel', 'OuterTerminal', 'same') 2 e.g. [(25833, 25887, 'Magnet position output', 28370, 28378, 'Magnet position output'), (24130, 24196, 'position [internal units]', 24018, 24071, 'position [internal units]')]
AGG ('LoopTunnel', 'src_named', 'SelectorTunnel', 'OuterTerminal', 'same') 5 e.g. [(24009, 24042, '# slices in stack', 9623, 9632, '# slices in stack'), (32565, 32574, 'Value', 24364, 32560, 'Value'), (3356, 3365, 'LastBufferNumber', 3340, 3351, 'LastBufferNumber')]
AGG ('LoopTunnel', 'src_named', 'Tunnel', 'OuterTerminal', 'same') 17 e.g. [(25487, 21330, 'data string', 21634, 21631, 'data string'), (25484, 21348, 'Real-space cosine window', 21654, 21652, 'Real-space cosine window'), (25481, 21353, 'Cosine bandpass for Hilbert', 21668, 21666, 'Cosine bandpass for Hilbert')]
AGG ('NamedBundler', 'src_named', 'FlatSequenceInnerTunnel', 'Terminal', 'empty') 1 e.g. [(13135, 13061, 'output cluster', 12946, 12945, '')]
AGG ('NamedBundler', 'src_named', 'FlatSequenceOuterTunnel', 'Terminal', 'other') 1 e.g. [(26668, 26448, 'output cluster', 57292, 57294, 'input cluster')]
AGG ('NamedUnbundler', 'src_named', 'FlatSequenceInnerTunnel', 'Terminal', 'same') 2 e.g. [(28315, 27470, '# slices in stack', 58397, 58414, '# slices in stack'), (28294, 27482, 'exp/ref array', 57881, 57898, 'exp/ref array')]
AGG ('NamedUnbundler', 'src_named', 'LoopTunnel', 'OuterTerminal', 'same') 7 e.g. [(28237, 27476, 'obj step between slices', 27514, 27513, 'obj step between slices'), (28315, 27470, '# slices in stack', 27530, 27529, '# slices in stack'), (28300, 27467, 'cal image array', 27502, 27501, 'cal image array')]
AGG ('NamedUnbundler', 'src_named', 'SelectorTunnel', 'OuterTerminal', 'same') 2 e.g. [(19420, 15372, 'Y', 15981, 15980, 'Y'), (19423, 15369, 'X', 15976, 15975, 'X')]
AGG ('NamedUnbundler', 'src_named', 'Tunnel', 'OuterTerminal', 'empty') 1 e.g. [(25586, 21294, '# images in stack', 21314, 21311, '')]
AGG ('Property', 'src_named', 'FlatSequenceInnerTunnel', 'Terminal', 'same') 4 e.g. [(27222, 32842, 'Value', 27163, 27202, 'Value'), (25018, 35894, 'Value', 24990, 25008, 'Value'), (24006, 35936, 'Value', 23967, 23994, 'Value')]
AGG ('Property', 'src_named', 'LeftShiftRegister', 'OuterTerminal', 'same') 3 e.g. [(1827, 1589, 'LastBufferNumber', 5351, 5366, 'LastBufferNumber'), (29233, 22685, 'Value', 30086, 30096, 'Value'), (9139, 22676, 'Value', 25289, 25329, 'Value')]
AGG ('Property', 'src_named', 'LoopTunnel', 'OuterTerminal', 'other') 1 e.g. [(6910, 264, 'IMAQdx Session', 665, 672, 'Value')]
AGG ('Property', 'src_named', 'LoopTunnel', 'OuterTerminal', 'same') 5 e.g. [(1827, 1589, 'LastBufferNumber', 3363, 3370, 'LastBufferNumber'), (925, 1584, 'error out', 924, 881, 'error out'), (29233, 22685, 'Value', 8917, 8944, 'Value')]
AGG ('Property', 'src_named', 'RightShiftRegister', 'InnerTerminal', 'same') 1 e.g. [(9139, 22676, 'Value', 580, 1769, 'Value')]
AGG ('Property', 'src_named', 'SelectorTunnel', 'InnerTerminal', 'other') 1 e.g. [(19480, 24128, 'Value', 18814, 18816, 'millisecond timer value')]
AGG ('Property', 'src_named', 'SelectorTunnel', 'InnerTerminal', 'same') 1 e.g. [(10125, 9943, 'Value', 11336, 11338, 'Value')]
AGG ('Property', 'src_named', 'SelectorTunnel', 'OuterTerminal', 'same') 4 e.g. [(29182, 29076, 'Value', 25828, 25827, 'Value'), (30592, 30145, 'Value', 20497, 20496, 'Value'), (21967, 21951, 'Value', 21618, 21617, 'Value')]
AGG ('Property', 'src_named', 'Tunnel', 'InnerTerminal', 'same') 1 e.g. [(22376, 22366, 'Value', 21963, 21969, 'Value')]
AGG ('Property', 'src_named', 'Tunnel', 'OuterTerminal', 'empty') 5 e.g. [(29189, 28970, 'Value', 26447, 26445, ''), (29192, 28905, 'Value', 25813, 25812, ''), (29236, 28814, 'Value', 27910, 27908, '')]
AGG ('ReadWriteFile', 'src_named', 'FlatSequenceOuterTunnel', 'Terminal', 'same') 1 e.g. [(59107, 26623, 'refnum out', 59098, 59100, 'refnum out')]
AGG ('RightShiftRegister', 'src_empty', 'FlatSequenceInnerTunnel', 'Terminal', 'same') 1 e.g. [(19546, 15227, '', 14987, 14986, '')]
AGG ('RightShiftRegister', 'src_empty', 'SelectorTunnel', 'OuterTerminal', 'same') 1 e.g. [(25120, 22830, '', 23643, 23642, '')]
AGG ('RightShiftRegister', 'src_named', 'FlatSequenceInnerTunnel', 'Terminal', 'same') 7 e.g. [(25324, 23906, 'VISA out', 7468, 7488, 'VISA out'), (19552, 15205, 'position [internal units]', 14979, 14978, 'position [internal units]'), (19540, 15218, 'Array of bead\nx/y pos', 14995, 14994, 'Array of bead\nx/y pos')]
AGG ('RightShiftRegister', 'src_named', 'SelectorTunnel', 'InnerTerminal', 'same') 1 e.g. [(16924, 16578, 'new picture', 16277, 16280, 'new picture')]
AGG ('RightShiftRegister', 'src_named', 'SelectorTunnel', 'OuterTerminal', 'same') 4 e.g. [(31717, 30093, 'Value', 28416, 28431, 'Value'), (25053, 25321, 'Value', 9008, 10172, 'Value'), (25096, 22812, 'Array of bead\nx/y pos', 23664, 23663, 'Array of bead\nx/y pos')]
AGG ('RightShiftRegister', 'src_named', 'Tunnel', 'InnerTerminal', 'same') 3 e.g. [(25212, 22451, 'Session Out', 21709, 21722, 'Session Out'), (25209, 22460, 'error out', 21730, 21746, 'error out'), (25236, 22481, 'Array of bead\nx/y pos', 21836, 21844, 'Array of bead\nx/y pos')]
AGG ('SelectorTunnel', 'src_empty', 'FlatSequenceOuterTunnel', 'Terminal', 'same') 2 e.g. [(26970, 26493, '', 26529, 26528, ''), (28767, 28760, '', 28772, 28778, '')]
AGG ('SelectorTunnel', 'src_empty', 'LoopTunnel', 'InnerTerminal', 'same') 1 e.g. [(16532, 16401, '', 16344, 16347, '')]
AGG ('SelectorTunnel', 'src_empty', 'LoopTunnel', 'OuterTerminal', 'same') 3 e.g. [(26943, 24390, '', 26864, 26883, ''), (29739, 9084, '', 29722, 29733, ''), (13907, 13518, '', 13690, 13689, '')]
AGG ('SelectorTunnel', 'src_empty', 'RightShiftRegister', 'InnerTerminal', 'same') 2 e.g. [(27337, 27400, '', 27250, 27261, ''), (19453, 15561, '', 15228, 15232, '')]
AGG ('SelectorTunnel', 'src_empty', 'SelectorTunnel', 'InnerTerminal', 'same') 7 e.g. [(5710, 5705, '', 5680, 5999, ''), (6071, 5828, '', 6016, 6018, ''), (6011, 5973, '', 5680, 6003, '')]
AGG ('SelectorTunnel', 'src_empty', 'SelectorTunnel', 'OuterTerminal', 'same') 1 e.g. [(28864, 25042, '', 27843, 28854, '')]
AGG ('SelectorTunnel', 'src_empty', 'Tunnel', 'InnerTerminal', 'same') 1 e.g. [(25117, 23649, '', 22624, 22627, '')]
AGG ('SelectorTunnel', 'src_empty', 'Tunnel', 'OuterTerminal', 'same') 1 e.g. [(15912, 15570, '', 15657, 15656, '')]
AGG ('SelectorTunnel', 'src_named', 'FlatSequenceInnerTunnel', 'Terminal', 'same') 1 e.g. [(14726, 13524, 'data string', 13183, 13182, 'data string')]
AGG ('SelectorTunnel', 'src_named', 'FlatSequenceOuterTunnel', 'Terminal', 'same') 22 e.g. [(29246, 27924, 'error out', 25716, 25724, 'error out'), (28623, 27923, 'error out', 28014, 28013, 'error out'), (28576, 27968, 'Value', 28028, 28027, 'Value')]
AGG ('SelectorTunnel', 'src_named', 'LeftShiftRegister', 'OuterTerminal', 'same') 1 e.g. [(16927, 16268, 'new picture', 16593, 16597, 'new picture')]
AGG ('SelectorTunnel', 'src_named', 'LoopTunnel', 'InnerTerminal', 'same') 1 e.g. [(24226, 3399, 'position [internal units]', 24154, 24169, 'position [internal units]')]
AGG ('SelectorTunnel', 'src_named', 'LoopTunnel', 'OuterTerminal', 'same') 2 e.g. [(16918, 16295, 'exp/ref array', 16331, 16328, 'exp/ref array'), (16921, 16288, 'Array of bead\nx/y pos', 16600, 16599, 'Array of bead\nx/y pos')]
AGG ('SelectorTunnel', 'src_named', 'RightShiftRegister', 'InnerTerminal', 'other') 1 e.g. [(25386, 11346, 'Value', 25371, 25385, 'Auto-reset zero')]
AGG ('SelectorTunnel', 'src_named', 'RightShiftRegister', 'InnerTerminal', 'same') 5 e.g. [(23952, 11279, 'VISA out', 23868, 23889, 'VISA out'), (24226, 3399, 'position [internal units]', 23895, 23948, 'position [internal units]'), (15277, 22099, 'System no.', 15197, 15207, 'System no.')]
AGG ('SelectorTunnel', 'src_named', 'SelectorTunnel', 'InnerTerminal', 'other') 4 e.g. [(11303, 11222, 'Outgoing Handle', 11263, 11265, 'VISA out'), (5773, 11350, 'Out position', 2017, 2486, 'position [internal units]'), (817, 2182, 'current image number', 1034, 1104, 'LastBufferNumber')]
AGG ('SelectorTunnel', 'src_named', 'SelectorTunnel', 'InnerTerminal', 'same') 37 e.g. [(27989, 27921, 'error out', 27925, 27932, 'error out'), (27395, 27374, 'error out', 27377, 27379, 'error out'), (27032, 27008, 'error out', 27012, 27015, 'error out')]
AGG ('SelectorTunnel', 'src_named', 'SelectorTunnel', 'OuterTerminal', 'same') 24 e.g. [(29255, 27376, 'error out', 27917, 27916, 'error out'), (29262, 27011, 'error out', 27372, 27371, 'error out'), (29242, 26483, 'error out', 27005, 27003, 'error out')]
AGG ('SelectorTunnel', 'src_named', 'Tunnel', 'InnerTerminal', 'same') 2 e.g. [(22307, 22142, 'position [internal units]', 21994, 22000, 'position [internal units]'), (25114, 23656, 'Array of bead\nx/y pos', 22609, 22612, 'Array of bead\nx/y pos')]
AGG ('SelectorTunnel', 'src_named', 'Tunnel', 'OuterTerminal', 'empty') 1 e.g. [(21862, 21620, 'Value', 21633, 21632, '')]
AGG ('SelectorTunnel', 'src_named', 'Tunnel', 'OuterTerminal', 'same') 2 e.g. [(15906, 15580, 'Array of bead\nx/y pos', 15667, 15666, 'Array of bead\nx/y pos'), (15903, 15585, 'exp/ref array', 15672, 15671, 'exp/ref array')]
AGG ('StringConstant', 'src_empty', 'SelectorTunnel', 'InnerTerminal', 'same') 2 e.g. [(16453, 16429, '', 16402, 16406, ''), (16516, 16480, '', 16402, 16407, '')]
AGG ('SubVI', 'src_named', 'FlatSequenceInnerTunnel', 'Terminal', 'same') 30 e.g. [(44101, 44048, 'VISA out', 43922, 43921, 'VISA out'), (4056, 6037, 'Out position', 4021, 4048, 'Out position'), (4105, 6062, 'Outgoing Handle', 4080, 4098, 'Outgoing Handle')]
AGG ('SubVI', 'src_named', 'FlatSequenceOuterTunnel', 'Terminal', 'same') 6 e.g. [(44235, 44205, 'position [internal units]', 44164, 44166, 'position [internal units]'), (44238, 44208, 'VISA out', 44160, 44162, 'VISA out'), (25437, 31121, 'error out', 25732, 25729, 'error out')]
AGG ('SubVI', 'src_named', 'LeftShiftRegister', 'OuterTerminal', 'same') 1 e.g. [(25553, 34161, 'position [internal units]', 21567, 21573, 'position [internal units]')]
AGG ('SubVI', 'src_named', 'LoopTunnel', 'InnerTerminal', 'same') 13 e.g. [(10362, 5704, 'file progress', 5204, 8776, 'file progress'), (25232, 5739, 'file number to append out', 10404, 24342, 'file number to append out'), (29862, 28497, 'Force', 29823, 29829, 'Force')]
AGG ('SubVI', 'src_named', 'LoopTunnel', 'OuterTerminal', 'same') 2 e.g. [(25911, 27635, 'Magnet position output', 25870, 25893, 'Magnet position output'), (25911, 27635, 'Magnet position output', 28311, 28334, 'Magnet position output')]
AGG ('SubVI', 'src_named', 'RightShiftRegister', 'InnerTerminal', 'empty') 4 e.g. [(24300, 3954, 'total data array out', 24150, 24235, ''), (25283, 5124, 'x,y,z array out', 10850, 25246, ''), (23807, 5171, 'pos in cal image out', 23508, 23798, '')]
AGG ('SubVI', 'src_named', 'RightShiftRegister', 'InnerTerminal', 'other') 2 e.g. [(6774, 15939, 'Out position', 15206, 15209, 'position [internal units]'), (23560, 23329, 'Picture out', 22822, 22824, 'Picture')]
AGG ('SubVI', 'src_named', 'RightShiftRegister', 'InnerTerminal', 'same') 7 e.g. [(24264, 3934, 'error out', 24083, 24139, 'error out'), (4461, 31085, 'tran pos', 3091, 3377, 'tran pos'), (4526, 31102, 'final trans pos', 32497, 32507, 'final trans pos')]
AGG ('SubVI', 'src_named', 'SelectorTunnel', 'InnerTerminal', 'other') 2 e.g. [(7109, 5882, 'dX out', 7091, 7093, 'X out'), (6386, 5886, 'dZ out', 2451, 2592, 'Z out')]
AGG ('SubVI', 'src_named', 'SelectorTunnel', 'InnerTerminal', 'same') 11 e.g. [(32594, 31498, 'error out', 3864, 3869, 'error out'), (4786, 4736, 'error out', 3864, 3870, 'error out'), (363, 6163, 'X out', 7091, 7101, 'X out')]
AGG ('SubVI', 'src_named', 'SelectorTunnel', 'OuterTerminal', 'same') 6 e.g. [(25283, 5124, 'x,y,z array out', 2765, 2811, 'x,y,z array out'), (23829, 798, 'Outgoing Handle', 11220, 11229, 'Outgoing Handle'), (23838, 698, 'Out position', 11348, 11358, 'Out position')]
AGG ('SubVI', 'src_named', 'Tunnel', 'InnerTerminal', 'same') 3 e.g. [(5890, 5693, 'error out', 1165, 1361, 'error out'), (22759, 22695, 'error out', 22549, 22551, 'error out'), (22762, 22704, 'Session Out', 22589, 22591, 'Session Out')]
AGG ('SubVI', 'src_named', 'Tunnel', 'OuterTerminal', 'empty') 1 e.g. [(3689, 6884, 'Missed frames?', 270, 276, '')]
AGG ('Tunnel', 'src_empty', 'LeftShiftRegister', 'OuterTerminal', 'same') 1 e.g. [(25132, 22622, '', 22835, 22838, '')]
AGG ('Tunnel', 'src_empty', 'LoopTunnel', 'InnerTerminal', 'same') 3 e.g. [(27694, 27494, '', 27520, 27522, ''), (25469, 21748, '', 21397, 21403, ''), (25156, 22623, '', 22507, 22509, '')]
AGG ('Tunnel', 'src_empty', 'LoopTunnel', 'OuterTerminal', 'same') 4 e.g. [(25245, 21795, '', 22476, 22475, ''), (25239, 21830, '', 22491, 22490, ''), (25230, 21869, '', 22503, 22502, '')]
AGG ('Tunnel', 'src_empty', 'SelectorTunnel', 'InnerTerminal', 'other') 2 e.g. [(15909, 15661, '', 15572, 15575, 'Array of bead\nx/y pos'), (15900, 15676, '', 15587, 15590, 'exp/ref array')]
AGG ('Tunnel', 'src_empty', 'SelectorTunnel', 'InnerTerminal', 'same') 1 e.g. [(15915, 15651, '', 15562, 15565, '')]
AGG ('Tunnel', 'src_empty', 'SelectorTunnel', 'OuterTerminal', 'same') 1 e.g. [(25093, 22607, '', 23671, 23670, '')]
AGG ('Tunnel', 'src_empty', 'Tunnel', 'OuterTerminal', 'same') 3 e.g. [(25129, 22632, '', 23622, 23621, ''), (25093, 22607, '', 22789, 22788, ''), (25417, 21798, '', 25275, 25274, '')]
AGG ('Tunnel', 'src_named', 'FlatSequenceInnerTunnel', 'Terminal', 'same') 4 e.g. [(6124, 1366, 'error out', 10673, 6117, 'error out'), (6240, 6106, 'Set Focus  (0->50)', 10621, 6230, 'Set Focus  (0->50)'), (6593, 6608, 'Numeric', 10614, 6586, 'Numeric')]
AGG ('Tunnel', 'src_named', 'LeftShiftRegister', 'OuterTerminal', 'same') 3 e.g. [(25242, 21814, 'Array of bead\nx/y pos', 22486, 22489, 'Array of bead\nx/y pos'), (25099, 22602, 'Array of bead\nx/y pos', 22817, 22820, 'Array of bead\nx/y pos'), (25135, 22617, 'Picture', 22826, 22829, 'Picture')]
AGG ('Tunnel', 'src_named', 'LoopTunnel', 'InnerTerminal', 'same') 1 e.g. [(25430, 21960, 'Value', 21544, 21547, 'Value')]
AGG ('Tunnel', 'src_named', 'LoopTunnel', 'OuterTerminal', 'same') 10 e.g. [(25263, 21650, 'data string', 22440, 22439, 'data string'), (25260, 21661, 'Real-space cosine window', 22444, 22443, 'Real-space cosine window'), (25257, 21684, 'Cosine bandpass for Hilbert', 22448, 22447, 'Cosine bandpass for Hilbert')]
AGG ('Tunnel', 'src_named', 'RightShiftRegister', 'InnerTerminal', 'same') 7 e.g. [(25475, 21706, 'Session Out', 21358, 21368, 'Session Out'), (25472, 21727, 'error out', 21380, 21383, 'error out'), (25454, 21835, 'Array of bead\nx/y pos', 21441, 21443, 'Array of bead\nx/y pos')]
AGG ('Tunnel', 'src_named', 'SelectorTunnel', 'OuterTerminal', 'same') 10 e.g. [(4925, 3603, 'System no.', 3851, 3850, 'System no.'), (4881, 3655, 'Axes to move', 3880, 3879, 'Axes to move'), (29207, 29215, 'error out', 29194, 29203, 'error out')]
AGG ('Tunnel', 'src_named', 'Tunnel', 'OuterTerminal', 'empty') 1 e.g. [(25248, 21778, '# to avg per image', 22436, 22435, '')]
FACES ('FlatSequenceInnerTunnel', 'uniform') 259 []
FACES ('FlatSequenceOuterTunnel', 'uniform') 58 []
FACES ('LeftShiftRegister', 'uniform') 39 []
FACES ('LoopTunnel', 'mixed') 6 [(29823, [('OuterTerminal', True, '', 686, 29081), ('InnerTerminal', False, 'Force', 28686, 29862)]), (5988, [('OuterTerminal', False, 'Value', 32166, 10121), ('InnerTerminal', True, 'Numeric', 24642, 29036)]), (30063, [('OuterTerminal', True, '', 32166, 24023), ('InnerTerminal', False, 'Force', 24642, 30084)]), (26131, [('OuterTerminal', False, 'Control Names', 13236, 26217), ('InnerTerminal', True, 'element', 23169, 25878)]), (16331, [('OuterTerminal', False, 'exp/ref array', 16303, 16918), ('InnerTerminal', True, '', 16355, 16541)]), (21544, [('OuterTerminal', True, '', 21134, 25559), ('InnerTerminal', False, 'Value', 21577, 25430)])]
FACES ('LoopTunnel', 'uniform') 133 []
FACES ('RightShiftRegister', 'uniform') 39 []
FACES ('SelectorTunnel', 'uniform') 148 []
FACES ('Tunnel', 'uniform') 120 []
NET 3040 [(6865, 'Image Out', True, 6810, 'SubVI', 639)]
NET 653 [(6924, 'error out', True, 6810, 'SubVI', 639), (650, 'error out', False, 649, 'LoopTunnel', 639)]
NET 3747 [(27161, 'x', False, 26879, 'Comparison', 639), (7680, 'x', False, 5119, 'Function', 639), (3312, 'current image number', False, 3078, 'SelectorTunnel', 639), (2194, 'current image number', False, 2179, 'SelectorTunnel', 639), (6897, 'current image number', True, 6810, 'SubVI', 639), (1607, 'current image number', False, 1605, 'LoopTunnel', 639), (34217, 'current image number', False, 639, 'Diagram', 639), (27084, 'current image number', False, 27039, 'RightShiftRegister', 639)]
NET 3268 [(29256, 'x', False, 29240, 'Function', 639), (12200, '', False, 12195, 'FlatSequenceOuterTunnel', 639), (3509, 'index i', False, 1114, 'SubVI', 639), (10083, 'x', False, 10068, 'Function', 639), (3272, '', False, 3045, 'SelectorTunnel', 639), (3211, 'x', False, 2136, 'Function', 639), (644, '', True, 639, 'Diagram', 639), (644, '', True, 639, 'Diagram', 639), (2218, '', False, 2213, 'LoopTunnel', 639)]
TERM 30145 ('Value', 30117, 'Property', 30592, 639) [(20496, 'Value', 'SelectorTunnel', 'OuterTerminal', False)]
TERM 4728 ('Value', 4580, 'Property', 4878, 639) []
TERM 644 ('', 639, 'Diagram', 3268, 639) [(12200, '', 'FlatSequenceOuterTunnel', 'Terminal', False), (3272, '', 'SelectorTunnel', 'OuterTerminal', False), (2218, '', 'LoopTunnel', 'InnerTerminal', False)]
TERM 6865 ('Image Out', 6810, 'SubVI', 3040, 639) []
TERM 6897 ('current image number', 6810, 'SubVI', 3747, 639) [(3312, 'current image number', 'SelectorTunnel', 'OuterTerminal', False), (2194, 'current image number', 'SelectorTunnel', 'OuterTerminal', False), (1607, 'current image number', 'LoopTunnel', 'InnerTerminal', False), (27084, 'current image number', 'RightShiftRegister', 'InnerTerminal', False)]
TERM 23289 ('New Image', 23099, 'SubVI', 0, 23169) []
TERM 27401 ('x-y*floor(x/y)', 27373, 'Function', 0, 27219) []
TERM 6814 None None
RESULT {"schema":"result-line/1","status":"PASS","gates":{"pass":1,"fail":0},"first_fail":null,"artefacts":[]}
BGRUN END rc=0 after 1s
