BGRUN START 2026-09-26 22:12:18 limit 20.0 min: py -u tools/bench/diag_c100_verbs_build.py --only-v6
BGRUN PID 9156
  GATE PASS  H0 S1 md5 pin at start  3e3d23cefd3a334001aa9d6156bf1aee
  FACT  handles after restart: 33998
  FACT  ops kept from runs 1-2 (not rebuilt): ['OpConstValueB_v0', 'OpCreateControlNested_v0', 'OpCreateIndicatorNested_v0', 'OpVisibleSet_v0']
  GATE PASS  V6 D0 OpPrimDonor_v0.vi is a byte copy of examples\Comparison\Max and Min.vi  6e9580638a1134fab1765dd444f4c485
  FACT  V6 donor node labels (diagram, uid, label): [(3, 337, 'Max & Min'), (3, 43, 'Max & Min'), (3, 116, 'Max & Min'), (3, 94, 'Max & Min'), (3, 1478, 'Max & Min'), (3, 705, 'Max & Min')]
  GATE PASS  V6 D1 `Max & Min` found by label in the donor (lowest uid of 6 taken)  [(337, 3), (43, 3), (116, 3), (94, 3), (1478, 3), (705, 3)]
  FACT  V6 donor registry: {'Max & Min': {'donor': 'C:\\Program Files\\National Instruments\\LabVIEW 2026\\user.lib\\claudeDev\\OpPrimDonor_v0.vi', 'md5': '6e9580638a1134fab1765dd444f4c485', 'uid': 43, 'diagram': 3, 'class': 'Comparison', 'source': 'C:\\Program Files\\National Instruments\\LabVIEW 2026\\examples\\Comparison\\Max and Min.vi'}}
  GATE PASS  V6 D2 the NI example's bytes are unchanged  6e9580638a1134fab1765dd444f4c485
  GATE PASS  OpPrimCopyNested_v0 D donor copy ES 1  
net_map: node 0 uid 43 (0 s)
net_map: node 1 uid 124 (1 s)
net_map: node 2 uid 308 (3 s)
net_map: node 3 uid 683 (4 s)
net_map: node 4 uid 316 (5 s)
net_map: node 5 uid 220 (6 s)
net_map: node 6 uid 334 (7 s)
net_map: purged 20/65 junk Invokes (1 s)
net_map: purged 40/65 junk Invokes (3 s)
net_map: purged 60/65 junk Invokes (4 s)
net_map: 6 nodes walked in 7.3 s; 65 junk Invoke(s) purged in 4.9 s
  GATE PASS  OpPrimCopyNested_v0 X donor IndexMode PN #220 deleted, ES 1  
net_map: node 0 uid 43 (0 s)
net_map: node 1 uid 124 (0 s)
net_map: node 2 uid 308 (1 s)
net_map: node 3 uid 683 (1 s)
net_map: node 4 uid 316 (1 s)
net_map: node 5 uid 118 (1 s)
net_map: purged 20/57 junk Invokes (0 s)
net_map: purged 40/57 junk Invokes (1 s)
net_map: 5 nodes walked in 1.4 s; 57 junk Invoke(s) purged in 1.2 s
  GATE PASS  OpPrimCopyNested_v0 S VI Server:Diagram seed 'reference' -> TMSC #683 -> PN #118: ES 1  
  FACT  OpPrimCopyNested_v0 OVR #316 terminals: [(0, 'error out', True, 0), (1, 'vi reference', True, 0), (2, 'password ("")', False, 0), (3, 'type specifier VI Refnum (for type only)', False, 0), (4, 'error in (no error)', False, 0), (5, 'options', False, 0), (6, 'vi path', False, 550), (7, 'application reference (local)', False, 0)]
  GATE PASS  OpPrimCopyNested_v0 O the `vi path 2` Open VI Reference found by its input wire w550  316
  FACT  OpPrimCopyNested_v0 Move 632A400 terminal census: [(0, 'reference', 'IN', 0), (1, 'reference out', 'OUT', 0), (2, 'error in (no error)', 'IN', 0), (3, 'error out', 'OUT', 0), (4, 'Move', 'IN', 0), (5, 'Move', 'OUT', 0), (6, 'position', 'IN', 0), (7, 'position', 'OUT', 0), (8, 'owner', 'IN', 0), (9, 'owner', 'OUT', 0), (10, 'duplicate', 'IN', 0), (11, 'duplicate', 'OUT', 0)]
  GATE PASS  OpPrimCopyNested_v0 U `UID to GObject Reference.vi` dropped  [120]
  FACT  OpPrimCopyNested_v0 labels: {'method': '632A400', 'census': [(0, 'reference', 'IN', 0), (1, 'reference out', 'OUT', 0), (2, 'error in (no error)', 'IN', 0), (3, 'error out', 'OUT', 0), (4, 'Move', 'IN', 0), (5, 'Move', 'OUT', 0), (6, 'position', 'IN', 0), (7, 'position', 'OUT', 0), (8, 'owner', 'IN', 0), (9, 'owner', 'OUT', 0), (10, 'duplicate', 'IN', 0), (11, 'duplicate', 'OUT', 0)], 'ovr_b': 316, 'u2g': 120, 'donors': {'Ma
  GATE PASS  OpPrimCopyNested_v0 A assembled ExecState 1  1
  GATE PASS  OpPrimCopyNested_v0 V saved by script  (13427, '89e4545900e33261e4b28cf175264d4a')
  GATE PASS  OpPrimCopyNested_v0 C COLD ExecState 1 (fresh LabVIEW)  89e4545900e33261e4b28cf175264d4a
  GATE PASS  OpTunnelInd_v0 C COLD ExecState 1 (fresh LabVIEW)  bdad067da400a1964f671491db0b01f9
  GATE PASS  OpTunnels_v0 C COLD ExecState 1 (fresh LabVIEW)  ac194e7ab66165c3a9dc8965b3e7b29f
  GATE PASS  OpCreateIndicatorNested_v0 C COLD ExecState 1 (fresh LabVIEW)  0e5a4739bdb6303febdbbe56dc1e6176
  GATE PASS  OpCreateControlNested_v0 C COLD ExecState 1 (fresh LabVIEW)  ead0d7438ed448ad573345350f5ccd51
  GATE PASS  OpVisibleSet_v0 C COLD ExecState 1 (fresh LabVIEW)  5405166375c2de62aa863828aeff64dc
  GATE PASS  T0 scratch byte-identical to S1 at creation  3e3d23cefd3a334001aa9d6156bf1aee
  FACT  T0 scratch ExecState: 1
  OBSERVED uid 44143 -> owner 'Diagram' uid 44125 | self 'Function'#44143 | 482 says 'Diagram' cast 'Diagram' |  
  FACT  V2 #44143 owner ('Diagram', 44125), t1 wire 44151: [(0, 'millisecond timer value', True, 0), (1, 'milliseconds to wait', False, 44151)]
  OBSERVED uid 44143 -> owner 'Diagram' uid 44125 | self 'Function'#44143 | 482 says 'Diagram' cast 'Diagram' |  
  FACT  V2 negative (wired sink): sink t1 'milliseconds to wait' of #44143 is already wired (w44151) - Create Control would leave a DANGLING control
  GATE PASS  V2 negative: a wired sink -> ValueError before any edit, no control created  ("sink t1 'milliseconds to wait' of #44143 is already wired (w44151) - Create Control would leave a DANGLING control", 114)
  OBSERVED uid 44143 -> owner 'Diagram' uid 44125 | self 'Function'#44143 | 482 says 'Diagram' cast 'Diagram' |  
  OBSERVED uid 44143 -> owner 'Diagram' uid 44125 | self 'Function'#44143 | 482 says 'Diagram' cast 'Diagram' |  
  FACT  V2 positive (value=100): {'echo': 44143, 'created_uid': 23004, 'err': '', 'uid_err': '', 'new_terminals': [23035], 'new_panel': [{'label': 'milliseconds to wait', 'indicator': False, 'uid': 23004, 'is_source': True, 'wire': 23070, 'term_err': 0, 'wire_err': 0}]}
  OBSERVED uid 23035 -> owner 'Diagram' uid 44125 | self 'ControlTerminal'#23035 | 482 says 'Diagram' cast 'Diagram' |  
  FACT  V2 created control 'milliseconds to wait' value read back (reported, not gated): 100
  GATE PASS  V2 control created on Wait (ms) #44143 in Diagram #44125, wired, echo ok  {'echo': 44143, 'created_uid': 23004, 'err': '', 'uid_err': '', 'new_terminals': [23035], 'new_panel': [{'label': 'milliseconds to wait', 'indicator': False, 'uid': 23004, 'is_source': True, 'wire': 23070, 'term_err': 0, 'wire_err': 0}]}
  OBSERVED uid 44143 -> owner 'Diagram' uid 44125 | self 'Function'#44143 | 482 says 'Diagram' cast 'Diagram' |  
  OBSERVED uid 44143 -> owner 'Diagram' uid 44125 | self 'Function'#44143 | 482 says 'Diagram' cast 'Diagram' |  
  OBSERVED uid 44143 -> owner 'Diagram' uid 44125 | self 'Function'#44143 | 482 says 'Diagram' cast 'Diagram' |  
  OBSERVED uid 44143 -> owner 'Diagram' uid 44125 | self 'Function'#44143 | 482 says 'Diagram' cast 'Diagram' |  
  OBSERVED uid 44143 -> owner 'Diagram' uid 44125 | self 'Function'#44143 | 482 says 'Diagram' cast 'Diagram' |  
  OBSERVED uid 44143 -> owner 'Diagram' uid 44125 | self 'Function'#44143 | 482 says 'Diagram' cast 'Diagram' |  
  OBSERVED uid 44143 -> owner 'Diagram' uid 44125 | self 'Function'#44143 | 482 says 'Diagram' cast 'Diagram' |  
  OBSERVED uid 44143 -> owner 'Diagram' uid 44125 | self 'Function'#44143 | 482 says 'Diagram' cast 'Diagram' |  
  OBSERVED uid 44143 -> owner 'Diagram' uid 44125 | self 'Function'#44143 | 482 says 'Diagram' cast 'Diagram' |  
  OBSERVED uid 44143 -> owner 'Diagram' uid 44125 | self 'Function'#44143 | 482 says 'Diagram' cast 'Diagram' |  
  OBSERVED uid 44143 -> owner 'Diagram' uid 44125 | self 'Function'#44143 | 482 says 'Diagram' cast 'Diagram' |  
  OBSERVED uid 44143 -> owner 'Diagram' uid 44125 | self 'Function'#44143 | 482 says 'Diagram' cast 'Diagram' |  
  OBSERVED uid 44143 -> owner 'Diagram' uid 44125 | self 'Function'#44143 | 482 says 'Diagram' cast 'Diagram' |  
  OBSERVED uid 44143 -> owner 'Diagram' uid 44125 | self 'Function'#44143 | 482 says 'Diagram' cast 'Diagram' |  
  OBSERVED uid 44143 -> owner 'Diagram' uid 44125 | self 'Function'#44143 | 482 says 'Diagram' cast 'Diagram' |  
  OBSERVED uid 44143 -> owner 'Diagram' uid 44125 | self 'Function'#44143 | 482 says 'Diagram' cast 'Diagram' |  
  OBSERVED uid 44143 -> owner 'Diagram' uid 44125 | self 'Function'#44143 | 482 says 'Diagram' cast 'Diagram' |  
  OBSERVED uid 44143 -> owner 'Diagram' uid 44125 | self 'Function'#44143 | 482 says 'Diagram' cast 'Diagram' |  
  OBSERVED uid 44143 -> owner 'Diagram' uid 44125 | self 'Function'#44143 | 482 says 'Diagram' cast 'Diagram' |  
  OBSERVED uid 44143 -> owner 'Diagram' uid 44125 | self 'Function'#44143 | 482 says 'Diagram' cast 'Diagram' |  
  OBSERVED uid 44143 -> owner 'Diagram' uid 44125 | self 'Function'#44143 | 482 says 'Diagram' cast 'Diagram' |  
  OBSERVED uid 44143 -> owner 'Diagram' uid 44125 | self 'Function'#44143 | 482 says 'Diagram' cast 'Diagram' |  
  OBSERVED uid 44143 -> owner 'Diagram' uid 44125 | self 'Function'#44143 | 482 says 'Diagram' cast 'Diagram' |  
  OBSERVED uid 44143 -> owner 'Diagram' uid 44125 | self 'Function'#44143 | 482 says 'Diagram' cast 'Diagram' |  
  OBSERVED uid 44143 -> owner 'Diagram' uid 44125 | self 'Function'#44143 | 482 says 'Diagram' cast 'Diagram' |  
  OBSERVED uid 44143 -> owner 'Diagram' uid 44125 | self 'Function'#44143 | 482 says 'Diagram' cast 'Diagram' |  
  OBSERVED uid 44143 -> owner 'Diagram' uid 44125 | self 'Function'#44143 | 482 says 'Diagram' cast 'Diagram' |  
  OBSERVED uid 44143 -> owner 'Diagram' uid 44125 | self 'Function'#44143 | 482 says 'Diagram' cast 'Diagram' |  
  OBSERVED uid 44143 -> owner 'Diagram' uid 44125 | self 'Function'#44143 | 482 says 'Diagram' cast 'Diagram' |  
  OBSERVED uid 44143 -> owner 'Diagram' uid 44125 | self 'Function'#44143 | 482 says 'Diagram' cast 'Diagram' |  
  OBSERVED uid 44143 -> owner 'Diagram' uid 44125 | self 'Function'#44143 | 482 says 'Diagram' cast 'Diagram' |  
  OBSERVED uid 44143 -> owner 'Diagram' uid 44125 | self 'Function'#44143 | 482 says 'Diagram' cast 'Diagram' |  
  OBSERVED uid 44143 -> owner 'Diagram' uid 44125 | self 'Function'#44143 | 482 says 'Diagram' cast 'Diagram' |  
  OBSERVED uid 44143 -> owner 'Diagram' uid 44125 | self 'Function'#44143 | 482 says 'Diagram' cast 'Diagram' |  
  OBSERVED uid 44143 -> owner 'Diagram' uid 44125 | self 'Function'#44143 | 482 says 'Diagram' cast 'Diagram' |  
  OBSERVED uid 44143 -> owner 'Diagram' uid 44125 | self 'Function'#44143 | 482 says 'Diagram' cast 'Diagram' |  
  OBSERVED uid 44143 -> owner 'Diagram' uid 44125 | self 'Function'#44143 | 482 says 'Diagram' cast 'Diagram' |  
  OBSERVED uid 44143 -> owner 'Diagram' uid 44125 | self 'Function'#44143 | 482 says 'Diagram' cast 'Diagram' |  
  GATE PASS  V2 19 more cut+create calls: 19 controls, handles flat  (19, 54644, 54636)
  FACT  V6 negatives: [((639, 'No Such Primitive'), "no donor registered for primitive 'No Such Primitive' (registered: ['Max & Min'])"), ((44143, 'Max & Min'), '#44143 is not a Diagram of scratch_c100_221218.vi')]
  GATE PASS  V6 negatives: unknown primitive / non-Diagram destination -> ValueError before any edit  (624, [((639, 'No Such Primitive'), "no donor registered for primitive 'No Such Primitive' (registered: ['Max & Min'])"), ((44143, 'Max & Min'), '#44143 is not a Diagram of scratch_c100_221218.vi')])
  OBSERVED uid 2146 -> owner 'Diagram' uid 639 | self 'Comparison'#2146 | 482 says 'Diagram' cast 'Diagram' |  
  FACT  V6 placed #2146, label on Diagram #639: ['Max & Min']
  GATE PASS  V6 `Max & Min` placed in nested Diagram #639 by DONOR COPY: echoes + node delta + owner (verb) and label  (2146, ['Max & Min'])
  OBSERVED uid 2149 -> owner 'Diagram' uid 639 | self 'Comparison'#2149 | 482 says 'Diagram' cast 'Diagram' |  
  OBSERVED uid 24150 -> owner 'Diagram' uid 639 | self 'Comparison'#24150 | 482 says 'Diagram' cast 'Diagram' |  
  OBSERVED uid 24403 -> owner 'Diagram' uid 639 | self 'Comparison'#24403 | 482 says 'Diagram' cast 'Diagram' |  
  OBSERVED uid 24563 -> owner 'Diagram' uid 639 | self 'Comparison'#24563 | 482 says 'Diagram' cast 'Diagram' |  
  OBSERVED uid 24789 -> owner 'Diagram' uid 639 | self 'Comparison'#24789 | 482 says 'Diagram' cast 'Diagram' |  
  OBSERVED uid 24958 -> owner 'Diagram' uid 639 | self 'Comparison'#24958 | 482 says 'Diagram' cast 'Diagram' |  
  OBSERVED uid 25176 -> owner 'Diagram' uid 639 | self 'Comparison'#25176 | 482 says 'Diagram' cast 'Diagram' |  
  OBSERVED uid 25342 -> owner 'Diagram' uid 639 | self 'Comparison'#25342 | 482 says 'Diagram' cast 'Diagram' |  
  OBSERVED uid 25479 -> owner 'Diagram' uid 639 | self 'Comparison'#25479 | 482 says 'Diagram' cast 'Diagram' |  
  OBSERVED uid 25584 -> owner 'Diagram' uid 639 | self 'Comparison'#25584 | 482 says 'Diagram' cast 'Diagram' |  
  OBSERVED uid 25774 -> owner 'Diagram' uid 639 | self 'Comparison'#25774 | 482 says 'Diagram' cast 'Diagram' |  
  OBSERVED uid 26110 -> owner 'Diagram' uid 639 | self 'Comparison'#26110 | 482 says 'Diagram' cast 'Diagram' |  
  OBSERVED uid 26501 -> owner 'Diagram' uid 639 | self 'Comparison'#26501 | 482 says 'Diagram' cast 'Diagram' |  
  OBSERVED uid 26885 -> owner 'Diagram' uid 639 | self 'Comparison'#26885 | 482 says 'Diagram' cast 'Diagram' |  
  OBSERVED uid 27126 -> owner 'Diagram' uid 639 | self 'Comparison'#27126 | 482 says 'Diagram' cast 'Diagram' |  
  OBSERVED uid 27277 -> owner 'Diagram' uid 639 | self 'Comparison'#27277 | 482 says 'Diagram' cast 'Diagram' |  
  OBSERVED uid 27423 -> owner 'Diagram' uid 639 | self 'Comparison'#27423 | 482 says 'Diagram' cast 'Diagram' |  
  OBSERVED uid 27876 -> owner 'Diagram' uid 639 | self 'Comparison'#27876 | 482 says 'Diagram' cast 'Diagram' |  
  OBSERVED uid 28047 -> owner 'Diagram' uid 639 | self 'Comparison'#28047 | 482 says 'Diagram' cast 'Diagram' |  
  OBSERVED uid 28341 -> owner 'Diagram' uid 639 | self 'Comparison'#28341 | 482 says 'Diagram' cast 'Diagram' |  
  GATE PASS  V6 20 calls: 20 distinct new nodes, handles flat  (20, 54650, 54650)
  FACT  V6 scratch ExecState after the unwired copies (not gated): 0
  FACT  handles at end / start / refs: (54651, 33998, {'opened': 24, 'closed': 24, 'live': 0, 'cached_op_vis': 9})
  GATE PASS  H LabVIEW gone  
  GATE PASS  H scratch deleted  C:\Program Files\National Instruments\LabVIEW 2026\user.lib\claudeDev\scratch_c100_221218.vi
  GATE PASS  H1 S1 md5 pin at end  3e3d23cefd3a334001aa9d6156bf1aee
=== GATES: 27 pass / 0 fail; failing: []
RESULT {"schema":"result-line/1","status":"PASS","gates":{"pass":27,"fail":0},"first_fail":null,"artefacts":[{"path":"C:\\Program Files\\National Instruments\\LabVIEW 2026\\user.lib\\claudeDev\\OpPrimCopyNested_v0.vi","md5":"89e4545900e33261e4b28cf175264d4a"},{"path":"C:\\Program Files\\National Instruments\\LabVIEW 2026\\user.lib\\claudeDev\\OpPrimDonor_v0.vi","md5":"6e9580638a1134fab1765dd444f4c485"}]}
BGRUN END rc=0 after 254s
