BGRUN START 2026-09-27 13:28:54 limit 2.0 min: py -u tools/bench/diag_c108c_look2.py
BGRUN PID 23844
graph_l2a1_bed_20260927.json md5 93d153ddb36f1967c1e6e75f3541c565 lines 0
par1359_95_graph.json md5 143ad46ced0a85b2309863062e64caeb lines 147994
sim/disp/plan_disp.json md5 c7d80fc93279f4ea5efd21c068e7efa6 lines 1325
ACT {"op": "gate", "id": "g25261", "uid": 25261, "class": "BooleanConstant", "read": "bool_const", "stop_if": true}
ACT {"op": "create", "id": "r1_dl", "class": "WhileLoop", "diagram": 686, "as": "DL1"}
ACT {"op": "create", "id": "r2_dlf", "class": "ForLoop", "diagram": "new:DL1.body", "as": "DLF1"}
ACT {"op": "move_in", "id": "mv_8775", "nodes": [8775], "dest_diagram": "new:DLF1.body", "pos": [229, 67]}
ACT {"op": "move_in", "id": "mv_8795", "nodes": [8795], "dest_diagram": "new:DLF1.body", "pos": [229, 89]}
ACT {"op": "move_in", "id": "mv_8741", "nodes": [8741], "dest_diagram": "new:DLF1.body", "pos": [253, 55]}
ACT {"op": "move_in", "id": "mv_8764", "nodes": [8764], "dest_diagram": "new:DLF1.body", "pos": [318, 45]}
ACT {"op": "move_in", "id": "mv_28180", "nodes": [28180], "dest_diagram": "new:DLF1.body", "pos": [245, 0]}
ACT {"op": "move_in", "id": "mv_28233", "nodes": [28233], "dest_diagram": "new:DLF1.body", "pos": [313, 92]}
ACT {"op": "move_in", "id": "mv_27716", "nodes": [27716], "dest_diagram": "new:DLF1.body", "pos": [425, 92]}
ACT {"op": "move_in", "id": "mv_29009", "nodes": [29009], "dest_diagram": "new:DLF1.body", "pos": [424, 51]}
ACT {"op": "move_in", "id": "mv_11310", "nodes": [11310], "dest_diagram": "new:DLF1.body", "pos": [488, 51]}
ACT {"op": "wire", "id": "rw_8774_8753", "src": {"uid": 8775, "term": "index (row)", "term_uid": 8774}, "dst": {"uid": 8741, "term": "index (row)", "term_uid": 8753}}
ACT {"op": "wire", "id": "rw_8794_8762", "src": {"uid": 8795, "term": "index (row)", "term_uid": 8794}, "dst": {"uid": 8741, "term": "index (row)", "term_uid": 8762}}
ACT {"op": "wire", "id": "rw_8750_8790", "src": {"uid": 8741, "term": "subarray", "term_uid": 8750}, "dst": {"uid": 8764, "term": "x", "term_uid": 8790}}
ACT {"op": "wire", "id": "rw_8759_28291", "src": {"uid": 8741, "term": "subarray", "term_uid": 8759}, "dst": {"uid": 28233, "term": "X", "term_uid": 28291}}
ACT {"op": "wire", "id": "rw_8770_29049", "src": {"uid": 8764, "term": "x-y", "term_uid": 8770}, "dst": {"uid": 29009, "term": "X", "term_uid": 29049}}
ACT {"op": "wire", "id": "rw_28189_28281", "src": {"uid": 28180, "term": "forward coefficients", "term_uid": 28189}, "dst": {"uid": 28233, "term": "FIR Coefficients", "term_uid": 28281}}
ACT {"op": "wire", "id": "rw_28251_27827", "src": {"uid": 28233, "term": "Filtered X", "term_uid": 28251}, "dst": {"uid": 27716, "term": "array", "term_uid": 27827}}
ACT {"op": "wire", "id": "rw_29025_11320", "src": {"uid": 29009, "term": "Filtered X", "term_uid": 29025}, "dst": {"uid": 11310, "term": "Filtered X", "term_uid": 11320}}
ACT {"op": "wire", "id": "rw_27784_11323", "src": {"uid": 27716, "term": "second subarray", "term_uid": 27784}, "dst": {"uid": 11310, "term": "element", "term_uid": 11323}}
ACT {"op": "move_in", "id": "mv_11261", "nodes": [11261], "dest_diagram": "new:DL1.body", "pos": [2961, 1735]}
ACT {"op": "delete_object", "id": "del_11363", "uid": 11363}
ACT {"op": "create", "id": "r5_ind_ring", "class": "ControlTerminal", "diagram": 639, "as": "INDRING1", "label": "plot ring (display)", "indicator": true, "visible": false, "born_on": {"uid": 9227, "term_uid": 9234}}
ACT {"op": "create", "id": "r5_ind_wlc", "class": "ControlTerminal", "diagram": 639, "as": "INDWLC1", "label": "plot WLC (display)", "indicator": true, "visible": false, "born_on": {"uid": 11608, "term_uid": 11614}}
ACT {"op": "create", "id": "r6_lr_ring", "class": "Local", "diagram": "new:DL1.body", "as": "LRRING1", "label": "plot ring (display)", "mode": "read", "terminals": [{"name": "plot ring (display)", "is_source": true}]}
ACT {"op": "create", "id": "r6_lr_wlc", "class": "Local", "diagram": "new:DL1.body", "as": "LRWLC1", "label": "plot WLC (display)", "mode": "read", "terminals": [{"name": "plot WLC (display)", "is_source": true}]}
ACT {"op": "create", "id": "r6_lr_base", "class": "Local", "diagram": "new:DL1.body", "as": "LRBASE1", "label": "Exp Baseline", "mode": "read", "terminals": [{"name": "Exp Baseline", "is_source": true}]}
ACT {"op": "create", "id": "r6_lr_fhw", "class": "Local", "diagram": "new:DL1.body", "as": "LRFHW1", "label": "Force\nsmoothing\nhalf-width", "mode": "read", "terminals": [{"name": "Force\nsmoothing\nhalf-width", "is_source": true}]}
ACT {"op": "create", "id": "r6_lr_ehw", "class": "Local", "diagram": "new:DL1.body", "as": "LREHW1", "label": "Extension\nmedian filter\nhalf-width", "mode": "read", "terminals": [{"name": "Extension\nmedian filter\nhalf-width", "is_source": true}]}
ACT {"op": "tunnel", "id": "t_ring", "loop": "new:DLF1", "body": "new:DLF1.body", "parent": "new:DL1.body", "dir": "in", "as": "TRING1", "indexing": true}
ACT {"op": "wire", "id": "t_ring_out", "src": "new:LRRING1.value", "dst": "new:TRING1.outer"}
ACT {"op": "wire", "id": "t_ring_in", "src": "new:TRING1.inner", "dst": {"uid": 8741, "term": "array", "term_uid": 8747}}
ACT {"op": "tunnel", "id": "t_base", "loop": "new:DLF1", "body": "new:DLF1.body", "parent": "new:DL1.body", "dir": "in", "as": "TBASE1", "indexing": false}
ACT {"op": "wire", "id": "t_base_out", "src": "new:LRBASE1.value", "dst": "new:TBASE1.outer"}
ACT {"op": "wire", "id": "t_base_in", "src": "new:TBASE1.inner", "dst": {"uid": 8764, "term": "y", "term_uid": 8777}}
ACT {"op": "tunnel", "id": "t_fhw", "loop": "new:DLF1", "body": "new:DLF1.body", "parent": "new:DL1.body", "dir": "in", "as": "TFHW1", "indexing": false}
ACT {"op": "wire", "id": "t_fhw_out", "src": "new:LRFHW1.value", "dst": "new:TFHW1.outer"}
ACT {"op": "wire", "id": "t_fhw_in", "src": "new:TFHW1.inner", "dst": {"uid": 27716, "term": "index", "term_uid": 27818}}
ACT {"op": "wire", "id": "t_fhw_br_28223", "src": "new:TFHW1.inner", "dst": {"uid": 28180, "term": "half-width", "term_uid": 28223}}
ACT {"op": "tunnel", "id": "t_ehw", "loop": "new:DLF1", "body": "new:DLF1.body", "parent": "new:DL1.body", "dir": "in", "as": "TEHW1", "indexing": false}
ACT {"op": "wire", "id": "t_ehw_out", "src": "new:LREHW1.value", "dst": "new:TEHW1.outer"}
ACT {"op": "wire", "id": "t_ehw_in", "src": "new:TEHW1.inner", "dst": {"uid": 29009, "term": "right rank", "term_uid": 29043}}
ACT {"op": "wire", "id": "t_ehw_br_29046", "src": "new:TEHW1.inner", "dst": {"uid": 29009, "term": "left rank", "term_uid": 29046}}
ACT {"op": "tunnel", "id": "t_out", "loop": "new:DLF1", "body": "new:DLF1.body", "parent": "new:DL1.body", "dir": "out", "as": "TOUT1", "indexing": true}
ACT {"op": "wire", "id": "t_out_in", "src": {"uid": 11310, "term": "output cluster", "term_uid": 11316}, "dst": "new:TOUT1.inner"}
ACT {"op": "wire", "id": "t_out_out", "src": "new:TOUT1.outer", "dst": {"uid": 11261, "term": "array", "term_uid": 11270}}
ACT {"op": "wire", "id": "r6_wlc_element", "src": "new:LRWLC1.value", "dst": {"uid": 11261, "term": "element", "term_uid": 11273}}
ACT {"op": "create", "id": "r6_lw_force", "class": "Local", "diagram": "new:DL1.body", "as": "LWFORCE1", "label": "Force (pN) vs Extension (nm) ", "mode": "write", "terminals": [{"name": "Force (pN) vs Extension (nm) ", "is_source": false}]}
ACT {"op": "wire", "id": "r6_force_write", "src": {"uid": 11261, "term": "appended array", "term_uid": 11267}, "dst": "new:LWFORCE1.value"}
ACT {"op": "create", "id": "r7_wait", "class": "Function", "diagram": "new:DL1.body", "as": "WAIT1", "prim": "Wait (ms)", "terminals": [{"name": "milliseconds to wait", "is_source": false, "term_class": "ParameterTerminal"}, {"name": "millisecond timer value", "is
ACT {"op": "create", "id": "r7_max", "class": "Comparison", "diagram": "new:DL1.body", "as": "MAX1", "prim": "Max & Min", "terminals": [{"name": "x", "is_source": false, "term_class": "ParameterTerminal"}, {"name": "y", "is_source": false, "term_class": "Parameter
ACT {"op": "create", "id": "r7_one", "class": "DigitalNumericConstant", "diagram": "new:DL1.body", "as": "ONE1", "on": "new:MAX1.y", "value": 1}
ACT {"op": "create", "id": "r7_ctl", "class": "ControlTerminal", "diagram": "new:DL1.body", "as": "CTLPERIOD1", "label": "Display period (ms)", "on": "new:MAX1.x", "representation": "DBL", "default": 100}
ACT {"op": "wire", "id": "r7_max_wait", "src": "new:MAX1.max(x,y)", "dst": "new:WAIT1.milliseconds to wait"}
ACT {"op": "create", "id": "r8_lr_turnoff", "class": "Local", "diagram": "new:DL1.body", "as": "LRTURNOFF1", "label": "TurnOff", "mode": "read", "terminals": [{"name": "TurnOff", "is_source": true}]}
ACT {"op": "wire", "id": "r8_stop", "src": "new:LRTURNOFF1.value", "dst": "new:DL1.cond"}
OPEN [{"node": 10067, "term": "Initial Time at Start", "why": "PD213(d)(4): already open at the base"}, {"node": 12236, "term": "x", "why": "PD213(d)(4): already open at the base"}, {"node": 12236, "term": "y", "why": "PD213(d)(4): already open at the base"}, {"node": 1566, "term": "error in (no error)", "why": "PD213(d)(4): already open at the base"}, {"node": 16184, "term": "error in", "why": "PD213(d)(4): already open at the base"}, {"node": 17164, "term": "error in", "why": "PD213(d)(4): already open at the base"}, {"node": 18136, "term": "error in", "why": "PD213(d)(4): already open at the base"}, {"node": 19532, "term": "Cycle Start Time", "why": "PD213(d)(4): already open at the base"}, {"node": 21699, "term": "x", "why": "PD213(d)(4): already open at the base"}, {"node": 27165, "term": "error in (no error)", "why": "PD213(d)(4): already open at the base"}, {"node": 27466, "term": "error in (no error)", "why": "PD213(d)(4): already open at the base"}, {"node": 27716, "term": "index", "why": "PD213(d)(1): source now a LOCAL READ of the same control"}, {"node": 28094, "term": "error in (no error)", "why": "PD213(d)(4): already open at the base"}, {"node": 28180, "term": "half-width", "why": "PD213(d)(1): source now a LOCAL READ of the same control"}, {"node": 29009, "term": "left rank", "why": "PD213(d)(1): source now a LOCAL READ of the same control"}, {"node": 29009, "term": "right rank", "why": "PD213(d)(1): source now a LOCAL READ of the same control"}, {"node": 31870, "t
FINALIZED keys ['base', 'plan_in', 'last_step', 'summary', 'end_cdiff_rows', 'failed', 'first_divergent', 'open_rows', 'open_rows_match', 'step_files', 'undecided', 'at']
== graph_l2a1_bed_20260927.json 51d9b8a3af5b4240cdc2ad193d9b4f41 loops [(23041, 'WhileLoop'), (10170, 'WhileLoop'), (23032, 'WhileLoop'), (25380, 'WhileLoop'), (637, 'WhileLoop'), (15173, 'WhileLoop'), (27489, 'ForLoop'), (28670, 'ForLoop'), (2457, 'ForLoop'), (4810, 'ForLoop'), (29617, 'ForLoop'), (29874, 'ForLoop'), (1359, 'ForLoop'), (13683, 'ForLoop'), (13390, 'ForLoop'), (16312, 'ForLoop'), (16557, 'ForLoop'), (21305, 'ForLoop'), (22433, 'ForLoop'), (22786, 'ForLoop'), (25272, 'ForLoop'), (25325, 'ForLoop'), (25850, 'ForLoop')]
 PRE 1359 [(1359, 'ForLoop'), (7911, 'Diagram'), (29009, 'SubVI')]
 PRE 2222 [(2222, 'CaseStructure'), (2265, 'Diagram'), (5696, 'SubVI')]
 PRE 29874 [(29874, 'ForLoop'), (29894, 'Diagram'), (30306, 'SubVI')]
 PRE 637 [(637, 'WhileLoop')]
 PRE 10170 [(10170, 'WhileLoop')]
 PRE 23041 [(23041, 'WhileLoop'), (23405, 'Diagram'), (3052, 'ControlReferenceConstant')]
 PRE 23032 [(23032, 'WhileLoop'), (23058, 'Diagram'), (23844, 'Function'), (23903, 'ParameterTerminal'), (23958, 'ParameterTerminal')]
 owners for tunnels {'9087': None, '9227': None, '11363': None, '31051': None, '2276': None, '29172': None, '7911': ['ForLoop', 1359], '2235': ['CaseStructure', 2222], '29894': ['ForLoop', 29874]}
== par1359_95_graph.json 3e3d23cefd3a334001aa9d6156bf1aee loops []
 PRE 1359 [(1359, 'ForLoop'), (7911, 'Diagram'), (29009, 'SubVI')]
 PRE 2222 [(2222, 'CaseStructure'), (2265, 'Diagram'), (5696, 'SubVI')]
 PRE 29874 [(29874, 'ForLoop'), (29894, 'Diagram'), (30306, 'SubVI')]
 PRE 637 [(637, 'WhileLoop')]
 no 10170
 no 23041
 no 23032
 owners for tunnels {'9087': None, '9227': None, '11363': None, '31051': None, '2276': None, '29172': None, '7911': None, '2235': None, '29894': None}
BGRUN END rc=0 after 1s (NO RESULT LINE)
