BGRUN START 2026-09-27 16:10:14 limit 3.0 min: py -u tools/bench/diag_c110_stepcdiff.py tools/bench/sim/l2b1/step_27_wire.json 5696 6085 2765 5058
BGRUN PID 21984
ROW {'node': 5058, 'class': 'SubVI', 'sink': "#5058 Terminal 'Image In'", 'before': ['6810|Terminal|Image Out|0'], 'after': []}
ROW {'node': 5696, 'class': 'SubVI', 'sink': "#5696 Terminal 'x,y,z array'", 'before': ['5058|Terminal|x,y,z array out|0@2765/f1'], 'after': []}
ROW {'node': 5696, 'class': 'SubVI', 'sink': "#5696 Terminal 'z index of first ref'", 'before': ['5426|OverridableParameterTerminal|x+y|0@2992/f1'], 'after': []}
ROW {'node': 5696, 'class': 'SubVI', 'sink': "#5696 Terminal 'z indices of all exp'", 'before': ['5556|OverridableParameterTerminal|x+y|0@3176/f1'], 'after': []}
ROW {'node': 6085, 'class': 'SubVI', 'sink': "#6085 Terminal 'x,y,z array'", 'before': ['5058|Terminal|x,y,z array out|0@2765/f0'], 'after': []}
ROW {'node': 6085, 'class': 'SubVI', 'sink': "#6085 Terminal 'z index of first ref'", 'before': ['5426|OverridableParameterTerminal|x+y|0@2992/f0'], 'after': []}
ROW {'node': 6085, 'class': 'SubVI', 'sink': "#6085 Terminal 'z indices of all exp'", 'before': ['5556|OverridableParameterTerminal|x+y|0@3176/f0'], 'after': []}
STATE KEYS ['dedupe', 'diagrams', 'flip_reg', 'fs_pairs', 'graph_summary', 'loops', 'md5', 'neg', 'objs', 'owners', 'removed_nodes', 'sym', 'terminals', 'unflip', 'vi'] rows 25
  T {'term_uid': 5124, 'term_name': 'x,y,z array out', 'is_source': True, 'wire_uid': 25283, 'owner_uid': 5058, 'owner_class': 'SubVI', 'frame_diagram': 23166, 'term_class': 'Terminal'}
  T {'term_uid': 5151, 'term_name': '', 'is_source': False, 'wire_uid': 0, 'owner_uid': 5058, 'owner_class': 'SubVI', 'frame_diagram': 23166, 'term_class': 'Terminal'}
  T {'term_uid': 5156, 'term_name': '', 'is_source': False, 'wire_uid': 0, 'owner_uid': 5058, 'owner_class': 'SubVI', 'frame_diagram': 23166, 'term_class': 'Terminal'}
  T {'term_uid': 5164, 'term_name': 'x,y,z array', 'is_source': False, 'wire_uid': 25520, 'owner_uid': 5058, 'owner_class': 'SubVI', 'frame_diagram': 23166, 'term_class': 'Terminal'}
  T {'term_uid': 5180, 'term_name': '', 'is_source': False, 'wire_uid': 0, 'owner_uid': 5058, 'owner_class': 'SubVI', 'frame_diagram': 23166, 'term_class': 'Terminal'}
  T {'term_uid': 2811, 'term_name': 'x,y,z array out', 'is_source': False, 'wire_uid': 25283, 'owner_uid': 2765, 'owner_class': 'SelectorTunnel', 'frame_diagram': 23166, 'term_class': 'OuterTerminal'}
  T {'term_uid': 5910, 'term_name': 'x,y,z array', 'is_source': False, 'wire_uid': 2924, 'owner_uid': 5696, 'owner_class': 'SubVI', 'frame_diagram': 2265, 'term_class': 'Terminal'}
  T {'term_uid': 2792, 'term_name': 'x,y,z array out', 'is_source': False, 'wire_uid': 2924, 'owner_uid': 2765, 'owner_class': 'SelectorTunnel', 'frame_diagram': 2265, 'term_class': 'InnerTerminal'}
  T {'term_uid': 6253, 'term_name': 'x,y,z array', 'is_source': False, 'wire_uid': 3472, 'owner_uid': 6085, 'owner_class': 'SubVI', 'frame_diagram': 2235, 'term_class': 'Terminal'}
  T {'term_uid': 2789, 'term_name': 'x,y,z array out', 'is_source': False, 'wire_uid': 3472, 'owner_uid': 2765, 'owner_class': 'SelectorTunnel', 'frame_diagram': 2235, 'term_class': 'InnerTerminal'}
RESULT {"schema":"result-line/1","status":"PASS","gates":{"pass":1,"fail":0},"first_fail":null,"artefacts":[]}
BGRUN END rc=0 after 1s
