BGRUN START 2026-09-26 23:35:48 limit 3.0 min: py -u tools/bench/diag_c101_forn.py
BGRUN PID 18976
  FACT Tunnel-class owners in S1: 118
  FACT Tunnel #270 obj {'class': 'Tunnel', 'pos': [4163, 1098], 'owner': 'CaseStructure'} frame 639 (frame owner ('WhileLoop', 637)) rows [(276, '', False, 3689, 'OuterTerminal'), (274, '', True, 0, 'InnerTerminal'), (275, '', True, 0, 'InnerTerminal')]
  FACT Tunnel #1165 obj {'class': 'Tunnel', 'pos': [-2713, 2444], 'owner': 'Sequence'} frame 3628 (frame owner ('FlatSequenceFrame', 0)) rows [(1366, 'error out', True, 6124, 'OuterTerminal'), (1271, 'error out', False, 0, 'InnerTerminal'), (1361, 'error out', False, 5890, 'InnerTerminal')]
  FACT Tunnel #1185 obj {'class': 'Tunnel', 'pos': [9254, 1105], 'owner': 'CaseStructure'} frame 759 (frame owner ('FlatSequenceFrame', 0)) rows [(1174, '', False, 7291, 'OuterTerminal'), (1199, '', True, 0, 'InnerTerminal'), (1274, '', True, 0, 'InnerTerminal')]
  FACT Tunnel #2276 obj {'class': 'Tunnel', 'pos': [4555, 1488], 'owner': 'CaseStructure'} frame 639 (frame owner ('WhileLoop', 637)) rows [(2282, '', False, 730, 'OuterTerminal'), (2280, '', True, 0, 'InnerTerminal'), (2279, '', True, 0, 'InnerTerminal')]
  FACT Tunnel #2634 obj {'class': 'Tunnel', 'pos': [2814, 1320], 'owner': 'ForLoop'} frame 639 (frame owner ('WhileLoop', 637)) rows [(2639, '', False, 30469, 'OuterTerminal'), (2638, '', True, 0, 'InnerTerminal')]
  FACT Tunnel #3302 obj {'class': 'Tunnel', 'pos': [4179, 985], 'owner': 'CaseStructure'} frame 639 (frame owner ('WhileLoop', 637)) rows [(3307, '', False, 3050, 'OuterTerminal'), (3305, '', True, 0, 'InnerTerminal'), (3306, '', True, 0, 'InnerTerminal')]
  FACT Tunnel #3410 obj {'class': 'Tunnel', 'pos': [-692, 1095], 'owner': 'CaseStructure'} frame 124 (frame owner ('FlatSequenceFrame', 0)) rows [(3419, '', False, 364, 'OuterTerminal'), (3418, '', True, 0, 'InnerTerminal'), (3414, '', True, 0, 'InnerTerminal')]
  FACT Tunnel #3445 obj {'class': 'Tunnel', 'pos': [-2713, 2386], 'owner': 'Sequence'} frame 3628 (frame owner ('FlatSequenceFrame', 0)) rows [(6106, 'Set Focus  (0->50)', True, 6240, 'OuterTerminal'), (3459, 'Set Focus  (0->50)', False, 6119, 'InnerTerminal'), (3469, 'Set Focus  (0->50)', False, 0, 'InnerTerminal')]
  FACT Tunnel #3597 obj {'class': 'Tunnel', 'pos': [-3533, 2362], 'owner': 'Sequence'} frame 3628 (frame owner ('FlatSequenceFrame', 0)) rows [(3596, 'System no.', False, 365, 'OuterTerminal'), (3603, 'System no.', True, 4925, 'InnerTerminal'), (3604, 'System no.', True, 5860, 'InnerTerminal')]
  FACT Tunnel #3653 obj {'class': 'Tunnel', 'pos': [-3533, 2374], 'owner': 'Sequence'} frame 3628 (frame owner ('FlatSequenceFrame', 0)) rows [(3648, 'Axes to move', False, 6101, 'OuterTerminal'), (3655, 'Axes to move', True, 4881, 'InnerTerminal'), (3658, 'Axes to move', True, 5832, 'InnerTerminal')]
  FACT Tunnel #3831 obj {'class': 'Tunnel', 'pos': [-3252, 2514], 'owner': 'CaseStructure'} frame 3667 (frame owner ('Sequence', 3593)) rows [(3828, '', False, 4940, 'OuterTerminal'), (3844, '', True, 0, 'InnerTerminal'), (3849, '', True, 0, 'InnerTerminal')]
  FACT Tunnel #5603 obj {'class': 'Tunnel', 'pos': [3771, 1053], 'owner': 'CaseStructure'} frame 639 (frame owner ('WhileLoop', 637)) rows [(5608, '', False, 5709, 'OuterTerminal'), (5606, '', True, 0, 'InnerTerminal'), (5607, '', True, 0, 'InnerTerminal')]
  FACT Tunnel #6598 obj {'class': 'Tunnel', 'pos': [-2713, 2432], 'owner': 'Sequence'} frame 3628 (frame owner ('FlatSequenceFrame', 0)) rows [(6608, 'Numeric', True, 6593, 'OuterTerminal'), (6600, 'Numeric', False, 0, 'InnerTerminal'), (6604, 'Numeric', False, 2348, 'InnerTerminal')]
  FACT Tunnel #7542 obj {'class': 'Tunnel', 'pos': [-2713, 2398], 'owner': 'Sequence'} frame 3628 (frame owner ('FlatSequenceFrame', 0)) rows [(7556, 'Current pos rot?', True, 7537, 'OuterTerminal'), (7544, 'Current pos rot?', False, 7559, 'InnerTerminal'), (7548, 'Current pos rot?', False, 0, 'InnerTerminal')]
  FACT Tunnel #7922 obj {'class': 'Tunnel', 'pos': [5102, 1336], 'owner': 'ForLoop'} frame 639 (frame owner ('WhileLoop', 637)) rows [(7928, '', False, 0, 'OuterTerminal'), (7927, '', True, 0, 'InnerTerminal')]
  FACT Tunnel #10251 obj {'class': 'Tunnel', 'pos': [2730, 1165], 'owner': 'EventStructure'} frame 639 (frame owner ('WhileLoop', 637)) rows [(10376, 'Event Registration Refnum', False, 0, 'OuterTerminal'), (10373, 'Event Registration Refnum', True, 0, 'InnerTerminal'), (32074, 'Event Registration Refnum', True, 0, 'InnerTerminal'), (32179, 'Event Registration Refnum', True, 0, 'InnerTerminal')]
  FACT Tunnel #10263 obj {'class': 'Tunnel', 'pos': [3206, 1165], 'owner': 'EventStructure'} frame 639 (frame owner ('WhileLoop', 637)) rows [(10379, 'Event Registration Refnum', True, 0, 'OuterTerminal'), (10378, 'Event Registration Refnum', False, 0, 'InnerTerminal'), (32080, 'Event Registration Refnum', False, 0, 'InnerTerminal'), (32189, 'Event Registration Refnum', False, 0, 'InnerTerminal')]
  FACT Tunnel #10429 obj {'class': 'Tunnel', 'pos': [4771, 1041], 'owner': 'CaseStructure'} frame 639 (frame owner ('WhileLoop', 637)) rows [(10433, '', False, 10799, 'OuterTerminal'), (10431, '', True, 0, 'InnerTerminal'), (10432, '', True, 0, 'InnerTerminal')]
  FACT Tunnel #10465 obj {'class': 'Tunnel', 'pos': [3305, 992], 'owner': 'CaseStructure'} frame 639 (frame owner ('WhileLoop', 637)) rows [(10469, '', False, 9921, 'OuterTerminal'), (10467, '', True, 0, 'InnerTerminal'), (10468, '', True, 0, 'InnerTerminal')]
  FACT Tunnel #10557 obj {'class': 'Tunnel', 'pos': [2730, 1145], 'owner': 'EventStructure'} frame 639 (frame owner ('WhileLoop', 637)) rows [(10572, '', False, 12108, 'OuterTerminal'), (10565, '', True, 0, 'InnerTerminal'), (32077, '', True, 0, 'InnerTerminal'), (32184, '', True, 0, 'InnerTerminal')]
  FACT Tunnel #11942 obj {'class': 'Tunnel', 'pos': [4969, 2013], 'owner': 'CaseStructure'} frame 16565 (frame owner ('FlatSequenceFrame', 0)) rows [(11946, '', False, 50620, 'OuterTerminal'), (11944, '', True, 0, 'InnerTerminal'), (11945, '', True, 0, 'InnerTerminal')]
  FACT Tunnel #12633 obj {'class': 'Tunnel', 'pos': [5926, 1099], 'owner': 'CaseStructure'} frame 639 (frame owner ('WhileLoop', 637)) rows [(12639, '', False, 3050, 'OuterTerminal'), (12637, '', True, 0, 'InnerTerminal'), (12638, '', True, 0, 'InnerTerminal')]
  FACT Tunnel #13393 obj {'class': 'Tunnel', 'pos': [-16656, 916], 'owner': 'ForLoop'} frame 13236 (frame owner ('FlatSequenceFrame', 0)) rows [(13392, '', False, 14732, 'OuterTerminal'), (13395, '', True, 0, 'InnerTerminal')]
  FACT Tunnel #13510 obj {'class': 'Tunnel', 'pos': [-16307, 994], 'owner': 'CaseStructure'} frame 13236 (frame owner ('FlatSequenceFrame', 0)) rows [(13509, '', False, 14738, 'OuterTerminal'), (13512, '', True, 0, 'InnerTerminal'), (13513, '', True, 0, 'InnerTerminal')]
  FACT Tunnel #13686 obj {'class': 'Tunnel', 'pos': [-16235, 1018], 'owner': 'ForLoop'} frame 13589 (frame owner ('CaseStructure', 13507)) rows [(13685, '', False, 0, 'OuterTerminal'), (13688, '', True, 0, 'InnerTerminal')]
  FACT Tunnel #15547 obj {'class': 'Tunnel', 'pos': [-12145, 1137], 'owner': 'EventStructure'} frame 15266 (frame owner ('WhileLoop', 15173)) rows [(15546, 'Event Registration Refnum', False, 0, 'OuterTerminal'), (15549, 'Event Registration Refnum', True, 0, 'InnerTerminal'), (15550, 'Event Registration Refnum', True, 0, 'InnerTerminal')]
  FACT Tunnel #15551 obj {'class': 'Tunnel', 'pos': [-11511, 1137], 'owner': 'EventStructure'} frame 15266 (frame owner ('WhileLoop', 15173)) rows [(15555, 'Event Registration Refnum', True, 0, 'OuterTerminal'), (15553, 'Event Registration Refnum', False, 0, 'InnerTerminal'), (15554, 'Event Registration Refnum', False, 0, 'InnerTerminal')]
  FACT Tunnel #15557 obj {'class': 'Tunnel', 'pos': [-12145, 1112], 'owner': 'EventStructure'} frame 15266 (frame owner ('WhileLoop', 15173)) rows [(15556, '', False, 19487, 'OuterTerminal'), (15559, '', True, 0, 'InnerTerminal'), (15560, '', True, 0, 'InnerTerminal')]
  FACT Tunnel #15652 obj {'class': 'Tunnel', 'pos': [-11564, 1250], 'owner': 'Sequence'} frame 15622 (frame owner ('EventStructure', 15544)) rows [(15651, '', True, 15915, 'OuterTerminal'), (15654, '', False, 15786, 'InnerTerminal'), (15655, '', False, 0, 'InnerTerminal')]
  FACT Tunnel #15657 obj {'class': 'Tunnel', 'pos': [-12059, 1250], 'owner': 'Sequence'} frame 15622 (frame owner ('EventStructure', 15544)) rows [(15656, '', False, 15912, 'OuterTerminal'), (15659, '', True, 15783, 'InnerTerminal'), (15660, '', True, 0, 'InnerTerminal')]
  FACT Tunnel #15662 obj {'class': 'Tunnel', 'pos': [-11564, 1196], 'owner': 'Sequence'} frame 15622 (frame owner ('EventStructure', 15544)) rows [(15661, '', True, 15909, 'OuterTerminal'), (15664, '', False, 15774, 'InnerTerminal'), (15665, '', False, 0, 'InnerTerminal')]
  FACT Tunnel #15667 obj {'class': 'Tunnel', 'pos': [-12059, 1184], 'owner': 'Sequence'} frame 15622 (frame owner ('EventStructure', 15544)) rows [(15666, 'Array of bead\nx/y pos', False, 15906, 'OuterTerminal'), (15669, 'Array of bead\nx/y pos', True, 15768, 'InnerTerminal'), (15670, 'Array of bead\nx/y pos', True, 0, 'InnerTerminal')]
  FACT Tunnel #15672 obj {'class': 'Tunnel', 'pos': [-12059, 1196], 'owner': 'Sequence'} frame 15622 (frame owner ('EventStructure', 15544)) rows [(15671, 'exp/ref array', False, 15903, 'OuterTerminal'), (15674, 'exp/ref array', True, 0, 'InnerTerminal'), (15675, 'exp/ref array', True, 15889, 'InnerTerminal')]
  FACT Tunnel #15677 obj {'class': 'Tunnel', 'pos': [-11564, 1184], 'owner': 'Sequence'} frame 15622 (frame owner ('EventStructure', 15544)) rows [(15676, '', True, 15900, 'OuterTerminal'), (15679, '', False, 0, 'InnerTerminal'), (15680, '', False, 15886, 'InnerTerminal')]
  FACT Tunnel #15971 obj {'class': 'Tunnel', 'pos': [-12711, 905], 'owner': 'CaseStructure'} frame 15266 (frame owner ('WhileLoop', 15173)) rows [(15970, '', False, 19411, 'OuterTerminal'), (15973, '', True, 0, 'InnerTerminal'), (15974, '', True, 0, 'InnerTerminal')]
  FACT Tunnel #16247 obj {'class': 'Tunnel', 'pos': [-12393, 857], 'owner': 'CaseStructure'} frame 15266 (frame owner ('WhileLoop', 15173)) rows [(16244, '', False, 19444, 'OuterTerminal'), (16253, '', True, 0, 'InnerTerminal'), (16256, '', True, 0, 'InnerTerminal')]
  FACT Tunnel #16321 obj {'class': 'Tunnel', 'pos': [-12367, 881], 'owner': 'ForLoop'} frame 16303 (frame owner ('CaseStructure', 16238)) rows [(16317, '', False, 0, 'OuterTerminal'), (16325, '', True, 0, 'InnerTerminal')]
  FACT Tunnel #16394 obj {'class': 'Tunnel', 'pos': [-12340, 923], 'owner': 'CaseStructure'} frame 16355 (frame owner ('ForLoop', 16312)) rows [(16388, '', False, 16541, 'OuterTerminal'), (16398, '', True, 0, 'InnerTerminal'), (16400, '', True, 0, 'InnerTerminal')]
  FACT Tunnel #16568 obj {'class': 'Tunnel', 'pos': [-12059, 872], 'owner': 'ForLoop'} frame 16303 (frame owner ('CaseStructure', 16238)) rows [(16564, '', False, 0, 'OuterTerminal'), (16575, '', True, 0, 'InnerTerminal')]
  FACT Tunnel #16973 obj {'class': 'Tunnel', 'pos': [-14781, 1570], 'owner': 'CaseStructure'} frame 16964 (frame owner ('FlatSequenceFrame', 0)) rows [(16972, '', False, 19311, 'OuterTerminal'), (16975, '', True, 0, 'InnerTerminal'), (16976, '', True, 0, 'InnerTerminal')]
  FACT Tunnel #17414 obj {'class': 'Tunnel', 'pos': [-14157, 1614], 'owner': 'CaseStructure'} frame 16964 (frame owner ('FlatSequenceFrame', 0)) rows [(17412, '', False, 19327, 'OuterTerminal'), (17416, '', True, 0, 'InnerTerminal'), (17417, '', True, 0, 'InnerTerminal')]
  FACT Tunnel #17725 obj {'class': 'Tunnel', 'pos': [-13732, 1614], 'owner': 'CaseStructure'} frame 16964 (frame owner ('FlatSequenceFrame', 0)) rows [(17724, '', False, 19323, 'OuterTerminal'), (17727, '', True, 0, 'InnerTerminal'), (17728, '', True, 0, 'InnerTerminal')]
  FACT Tunnel #18039 obj {'class': 'Tunnel', 'pos': [-13357, 1741], 'owner': 'CaseStructure'} frame 16964 (frame owner ('FlatSequenceFrame', 0)) rows [(18038, '', False, 19308, 'OuterTerminal'), (18041, '', True, 0, 'InnerTerminal'), (18042, '', True, 0, 'InnerTerminal')]
  FACT Tunnel #18270 obj {'class': 'Tunnel', 'pos': [-12937, 1514], 'owner': 'CaseStructure'} frame 16964 (frame owner ('FlatSequenceFrame', 0)) rows [(18269, '', False, 19302, 'OuterTerminal'), (18272, '', True, 0, 'InnerTerminal'), (18273, '', True, 0, 'InnerTerminal')]
  FACT Tunnel #18669 obj {'class': 'Tunnel', 'pos': [-12357, 1614], 'owner': 'CaseStructure'} frame 16964 (frame owner ('FlatSequenceFrame', 0)) rows [(18668, '', False, 19296, 'OuterTerminal'), (18671, '', True, 0, 'InnerTerminal'), (18672, '', True, 0, 'InnerTerminal')]
  FACT Tunnel #18736 obj {'class': 'Tunnel', 'pos': [3294, 1329], 'owner': 'CaseStructure'} frame 639 (frame owner ('WhileLoop', 637)) rows [(18740, '', False, 19084, 'OuterTerminal'), (18738, '', True, 0, 'InnerTerminal'), (18739, '', True, 0, 'InnerTerminal')]
  FACT Tunnel #18978 obj {'class': 'Tunnel', 'pos': [-11902, 1614], 'owner': 'CaseStructure'} frame 16964 (frame owner ('FlatSequenceFrame', 0)) rows [(18977, '', False, 19293, 'OuterTerminal'), (18981, '', True, 0, 'InnerTerminal'), (18982, '', True, 0, 'InnerTerminal')]
  FACT Tunnel #20477 obj {'class': 'Tunnel', 'pos': [3125, 1860], 'owner': 'CaseStructure'} frame 639 (frame owner ('WhileLoop', 637)) rows [(20476, '', False, 15302, 'OuterTerminal'), (20479, '', True, 0, 'InnerTerminal'), (20480, '', True, 0, 'InnerTerminal')]
  FACT Tunnel #20551 obj {'class': 'Tunnel', 'pos': [3456, 2109], 'owner': 'CaseStructure'} frame 20530 (frame owner ('CaseStructure', 20474)) rows [(20550, '', False, 22036, 'OuterTerminal'), (20553, '', True, 0, 'InnerTerminal'), (20554, '', True, 0, 'InnerTerminal')]
  FACT Tunnel #21314 obj {'class': 'Tunnel', 'pos': [-9073, 761], 'owner': 'ForLoop'} frame 21134 (frame owner ('FlatSequenceFrame', 0)) rows [(21311, '', False, 25586, 'OuterTerminal'), (21319, '', True, 0, 'InnerTerminal')]
  FACT Tunnel #21595 obj {'class': 'Tunnel', 'pos': [-8974, 876], 'owner': 'Sequence'} frame 21577 (frame owner ('ForLoop', 21305)) rows [(21593, 'error out', False, 25493, 'OuterTerminal'), (21597, 'error out', True, 0, 'InnerTerminal'), (21599, 'error out', True, 0, 'InnerTerminal'), (21601, 'error out', True, 22421, 'InnerTerminal'), (21604, 'error out', True, 0, 'InnerTerminal'), (21609, 'error out', True, 0, 'InnerTerminal')]
  FACT Tunnel #21603 obj {'class': 'Tunnel', 'pos': [4278, 1968], 'owner': 'CaseStructure'} frame 20530 (frame owner ('CaseStructure', 20474)) rows [(21602, '', False, 21979, 'OuterTerminal'), (21605, '', True, 0, 'InnerTerminal'), (21606, '', True, 0, 'InnerTerminal')]
  FACT Tunnel #21619 obj {'class': 'Tunnel', 'pos': [-8974, 864], 'owner': 'Sequence'} frame 21577 (frame owner ('ForLoop', 21305)) rows [(21614, 'Session Out', False, 25490, 'OuterTerminal'), (21623, 'Session Out', True, 0, 'InnerTerminal'), (21625, 'Session Out', True, 0, 'InnerTerminal'), (21626, 'Session Out', True, 22424, 'InnerTerminal'), (21627, 'Session Out', True, 0, 'InnerTerminal'), (21629, 'Session Out', True, 0, 'InnerTerminal')]
  FACT Tunnel #21633 obj {'class': 'Tunnel', 'pos': [4305, 2003], 'owner': 'CaseStructure'} frame 21624 (frame owner ('CaseStructure', 21600)) rows [(21632, '', False, 21862, 'OuterTerminal'), (21635, '', True, 0, 'InnerTerminal'), (21636, '', True, 0, 'InnerTerminal')]
  FACT Tunnel #21634 obj {'class': 'Tunnel', 'pos': [-8974, 1050], 'owner': 'Sequence'} frame 21577 (frame owner ('ForLoop', 21305)) rows [(21631, 'data string', False, 25487, 'OuterTerminal'), (21644, 'data string', True, 0, 'InnerTerminal'), (21647, 'data string', True, 0, 'InnerTerminal'), (21648, 'data string', True, 0, 'InnerTerminal'), (21650, 'data string', True, 25263, 'InnerTerminal'), (21651, 'data string', True, 0, 'InnerTerminal')]
  FACT Tunnel #21654 obj {'class': 'Tunnel', 'pos': [-8974, 1086], 'owner': 'Sequence'} frame 21577 (frame owner ('ForLoop', 21305)) rows [(21652, 'Real-space cosine window', False, 25484, 'OuterTerminal'), (21657, 'Real-space cosine window', True, 0, 'InnerTerminal'), (21659, 'Real-space cosine window', True, 0, 'InnerTerminal'), (21660, 'Real-space cosine window', True, 0, 'InnerTerminal'), (21661, 'Real-space cosine window', True, 25260, 'InnerTerminal'), (21663, 'Real-space cosine window', True, 0, 'InnerTerminal')]
  FACT Tunnel #21668 obj {'class': 'Tunnel', 'pos': [-8974, 1074], 'owner': 'Sequence'} frame 21577 (frame owner ('ForLoop', 21305)) rows [(21666, 'Cosine bandpass for Hilbert', False, 25481, 'OuterTerminal'), (21675, 'Cosine bandpass for Hilbert', True, 0, 'InnerTerminal'), (21678, 'Cosine bandpass for Hilbert', True, 0, 'InnerTerminal'), (21681, 'Cosine bandpass for Hilbert', True, 0, 'InnerTerminal'), (21684, 'Cosine bandpass for Hilbert', True, 25257, 'InnerTerminal'), (21687, 'Cosine bandpass for Hilbert', True, 0, 'InnerTerminal')]
  FACT Tunnel #21693 obj {'class': 'Tunnel', 'pos': [-8974, 816], 'owner': 'Sequence'} frame 21577 (frame owner ('ForLoop', 21305)) rows [(21690, '', False, 25478, 'OuterTerminal'), (21696, '', True, 22322, 'InnerTerminal'), (21697, '', True, 0, 'InnerTerminal'), (21698, '', True, 0, 'InnerTerminal'), (21700, '', True, 0, 'InnerTerminal'), (21703, '', True, 0, 'InnerTerminal')]
  FACT Tunnel #21709 obj {'class': 'Tunnel', 'pos': [-5543, 930], 'owner': 'Sequence'} frame 21577 (frame owner ('ForLoop', 21305)) rows [(21706, 'Session Out', True, 25475, 'OuterTerminal'), (21714, 'Session Out', False, 0, 'InnerTerminal'), (21716, 'Session Out', False, 0, 'InnerTerminal'), (21719, 'Session Out', False, 0, 'InnerTerminal'), (21722, 'Session Out', False, 25212, 'InnerTerminal'), (21725, 'Session Out', False, 0, 'InnerTerminal')]
  FACT Tunnel #21729 obj {'class': 'Tunnel', 'pos': [4477, 2061], 'owner': 'CaseStructure'} frame 21658 (frame owner ('CaseStructure', 21630)) rows [(21728, '', False, 21840, 'OuterTerminal'), (21731, '', True, 0, 'InnerTerminal'), (21732, '', True, 0, 'InnerTerminal')]
  FACT Tunnel #21730 obj {'class': 'Tunnel', 'pos': [-5543, 964], 'owner': 'Sequence'} frame 21577 (frame owner ('ForLoop', 21305)) rows [(21727, 'error out', True, 25472, 'OuterTerminal'), (21740, 'error out', False, 0, 'InnerTerminal'), (21743, 'error out', False, 0, 'InnerTerminal'), (21744, 'error out', False, 0, 'InnerTerminal'), (21746, 'error out', False, 25209, 'InnerTerminal'), (21747, 'error out', False, 0, 'InnerTerminal')]
  FACT Tunnel #21750 obj {'class': 'Tunnel', 'pos': [-5543, 884], 'owner': 'Sequence'} frame 21577 (frame owner ('ForLoop', 21305)) rows [(21748, '', True, 25469, 'OuterTerminal'), (21753, '', False, 0, 'InnerTerminal'), (21755, '', False, 0, 'InnerTerminal'), (21756, '', False, 0, 'InnerTerminal'), (21757, '', False, 0, 'InnerTerminal'), (21759, '', False, 25420, 'InnerTerminal')]
  FACT Tunnel #21764 obj {'class': 'Tunnel', 'pos': [-8974, 888], 'owner': 'Sequence'} frame 21577 (frame owner ('ForLoop', 21305)) rows [(21762, '# to avg per image', False, 25466, 'OuterTerminal'), (21769, '# to avg per image', True, 0, 'InnerTerminal'), (21772, '# to avg per image', True, 0, 'InnerTerminal'), (21775, '# to avg per image', True, 0, 'InnerTerminal'), (21778, '# to avg per image', True, 25248, 'InnerTerminal'), (21781, '# to avg per image', True, 0, 'InnerTerminal')]
  FACT Tunnel #21787 obj {'class': 'Tunnel', 'pos': [-8974, 946], 'owner': 'Sequence'} frame 21577 (frame owner ('ForLoop', 21305)) rows [(21784, '', False, 25463, 'OuterTerminal'), (21790, '', True, 0, 'InnerTerminal'), (21791, '', True, 0, 'InnerTerminal'), (21792, '', True, 0, 'InnerTerminal'), (21795, '', True, 25245, 'InnerTerminal'), (21798, '', True, 25417, 'InnerTerminal')]
  FACT Tunnel #21804 obj {'class': 'Tunnel', 'pos': [-8974, 900], 'owner': 'Sequence'} frame 21577 (frame owner ('ForLoop', 21305)) rows [(21801, 'Array of bead\nx/y pos', False, 25460, 'OuterTerminal'), (21810, 'Array of bead\nx/y pos', True, 0, 'InnerTerminal'), (21811, 'Array of bead\nx/y pos', True, 0, 'InnerTerminal'), (21813, 'Array of bead\nx/y pos', True, 0, 'InnerTerminal'), (21814, 'Array of bead\nx/y pos', True, 25242, 'InnerTerminal'), (21815, 'Array of bead\nx/y pos', True, 0, 'InnerTerminal')]
  FACT Tunnel #21818 obj {'class': 'Tunnel', 'pos': [-8974, 970], 'owner': 'Sequence'} frame 21577 (frame owner ('ForLoop', 21305)) rows [(21817, '', False, 25457, 'OuterTerminal'), (21821, '', True, 0, 'InnerTerminal'), (21824, '', True, 0, 'InnerTerminal'), (21827, '', True, 0, 'InnerTerminal'), (21830, '', True, 25239, 'InnerTerminal'), (21833, '', True, 0, 'InnerTerminal')]
  FACT Tunnel #21836 obj {'class': 'Tunnel', 'pos': [-5543, 918], 'owner': 'Sequence'} frame 21577 (frame owner ('ForLoop', 21305)) rows [(21835, 'Array of bead\nx/y pos', True, 25454, 'OuterTerminal'), (21839, 'Array of bead\nx/y pos', False, 0, 'InnerTerminal'), (21841, 'Array of bead\nx/y pos', False, 0, 'InnerTerminal'), (21842, 'Array of bead\nx/y pos', False, 0, 'InnerTerminal'), (21844, 'Array of bead\nx/y pos', False, 25236, 'InnerTerminal'), (21845, 'Array of bead\nx/y pos', False, 0, 'InnerTerminal')]
  FACT Tunnel #21848 obj {'class': 'Tunnel', 'pos': [-8974, 994], 'owner': 'Sequence'} frame 21577 (frame owner ('ForLoop', 21305)) rows [(21847, 'Picture', False, 25451, 'OuterTerminal'), (21851, 'Picture', True, 0, 'InnerTerminal'), (21853, 'Picture', True, 0, 'InnerTerminal'), (21854, 'Picture', True, 0, 'InnerTerminal'), (21856, 'Picture', True, 25233, 'InnerTerminal'), (21857, 'Picture', True, 0, 'InnerTerminal')]
  FACT Tunnel #21860 obj {'class': 'Tunnel', 'pos': [-8974, 1026], 'owner': 'Sequence'} frame 21577 (frame owner ('ForLoop', 21305)) rows [(21859, '', False, 25448, 'OuterTerminal'), (21864, '', True, 0, 'InnerTerminal'), (21866, '', True, 0, 'InnerTerminal'), (21867, '', True, 0, 'InnerTerminal'), (21869, '', True, 25230, 'InnerTerminal'), (21870, '', True, 0, 'InnerTerminal')]
  FACT Tunnel #21873 obj {'class': 'Tunnel', 'pos': [-8974, 958], 'owner': 'Sequence'} frame 21577 (frame owner ('ForLoop', 21305)) rows [(21872, '', False, 25445, 'OuterTerminal'), (21876, '', True, 0, 'InnerTerminal'), (21879, '', True, 0, 'InnerTerminal'), (21881, '', True, 0, 'InnerTerminal'), (21885, '', True, 25224, 'InnerTerminal'), (21886, '', True, 0, 'InnerTerminal')]
  FACT Tunnel #21891 obj {'class': 'Tunnel', 'pos': [-8974, 1062], 'owner': 'Sequence'} frame 21577 (frame owner ('ForLoop', 21305)) rows [(21888, 'cross length', False, 25442, 'OuterTerminal'), (21897, 'cross length', True, 0, 'InnerTerminal'), (21900, 'cross length', True, 0, 'InnerTerminal'), (21903, 'cross length', True, 0, 'InnerTerminal'), (21906, 'cross length', True, 25221, 'InnerTerminal'), (21909, 'cross length', True, 0, 'InnerTerminal')]
  FACT Tunnel #21912 obj {'class': 'Tunnel', 'pos': [-8974, 840], 'owner': 'Sequence'} frame 21577 (frame owner ('ForLoop', 21305)) rows [(21910, 'z step between images', False, 25439, 'OuterTerminal'), (21914, 'z step between images', True, 22316, 'InnerTerminal'), (21916, 'z step between images', True, 0, 'InnerTerminal'), (21917, 'z step between images', True, 0, 'InnerTerminal'), (21919, 'z step between images', True, 0, 'InnerTerminal'), (21920, 'z step between images', True, 0, 'InnerTerminal')]
  FACT Tunnel #21923 obj {'class': 'Tunnel', 'pos': [-8974, 828], 'owner': 'Sequence'} frame 21577 (frame owner ('ForLoop', 21305)) rows [(21922, 'VISA out', False, 25436, 'OuterTerminal'), (21929, 'VISA out', True, 22313, 'InnerTerminal'), (21932, 'VISA out', True, 0, 'InnerTerminal'), (21935, 'VISA out', True, 0, 'InnerTerminal'), (21938, 'VISA out', True, 0, 'InnerTerminal'), (21941, 'VISA out', True, 0, 'InnerTerminal')]
  FACT Tunnel #21947 obj {'class': 'Tunnel', 'pos': [-8974, 982], 'owner': 'Sequence'} frame 21577 (frame owner ('ForLoop', 21305)) rows [(21944, 'New Image', False, 25433, 'OuterTerminal'), (21953, 'New Image', True, 0, 'InnerTerminal'), (21954, 'New Image', True, 0, 'InnerTerminal'), (21956, 'New Image', True, 0, 'InnerTerminal'), (21957, 'New Image', True, 25215, 'InnerTerminal'), (21958, 'New Image', True, 0, 'InnerTerminal')]
  FACT Tunnel #21963 obj {'class': 'Tunnel', 'pos': [-5543, 816], 'owner': 'Sequence'} frame 21577 (frame owner ('ForLoop', 21305)) rows [(21960, 'Value', True, 25430, 'OuterTerminal'), (21968, 'Value', False, 0, 'InnerTerminal'), (21969, 'Value', False, 22376, 'InnerTerminal'), (21971, 'Value', False, 0, 'InnerTerminal'), (21972, 'Value', False, 0, 'InnerTerminal'), (21974, 'Value', False, 0, 'InnerTerminal')]
  FACT Tunnel #21977 obj {'class': 'Tunnel', 'pos': [-8974, 852], 'owner': 'Sequence'} frame 21577 (frame owner ('ForLoop', 21305)) rows [(21975, 'position [internal units]', False, 25427, 'OuterTerminal'), (21980, 'position [internal units]', True, 22310, 'InnerTerminal'), (21981, 'position [internal units]', True, 0, 'InnerTerminal'), (21983, 'position [internal units]', True, 0, 'InnerTerminal'), (21984, 'position [internal units]', True, 0, 'InnerTerminal'), (21988, 'position [internal units]', True, 0, 'InnerTerminal')]
  FACT Tunnel #21994 obj {'class': 'Tunnel', 'pos': [-5543, 828], 'owner': 'Sequence'} frame 21577 (frame owner ('ForLoop', 21305)) rows [(21991, 'position [internal units]', True, 25424, 'OuterTerminal'), (22000, 'position [internal units]', False, 22307, 'InnerTerminal'), (22003, 'position [internal units]', False, 0, 'InnerTerminal'), (22004, 'position [internal units]', False, 0, 'InnerTerminal'), (22006, 'position [internal units]', False, 0, 'InnerTerminal'), (22007, 'position [internal units]', False, 0, 'InnerTerminal')]
  FACT Tunnel #22085 obj {'class': 'Tunnel', 'pos': [5994, 1418], 'owner': 'CaseStructure'} frame 639 (frame owner ('WhileLoop', 637)) rows [(22084, '', False, 15229, 'OuterTerminal'), (22087, '', True, 0, 'InnerTerminal'), (22088, '', True, 0, 'InnerTerminal')]
  FACT Tunnel #22101 obj {'class': 'Tunnel', 'pos': [-8779, 851], 'owner': 'CaseStructure'} frame 22013 (frame owner ('Sequence', 21590)) rows [(22096, '', False, 22319, 'OuterTerminal'), (22111, '', True, 0, 'InnerTerminal'), (22114, '', True, 0, 'InnerTerminal')]
  FACT Tunnel #22436 obj {'class': 'Tunnel', 'pos': [-8773, 851], 'owner': 'ForLoop'} frame 22427 (frame owner ('Sequence', 21590)) rows [(22435, '', False, 25248, 'OuterTerminal'), (22438, '', True, 0, 'InnerTerminal')]
  FACT Tunnel #22544 obj {'class': 'Tunnel', 'pos': [-8637, 1014], 'owner': 'Sequence'} frame 22532 (frame owner ('ForLoop', 22433)) rows [(22543, 'error out', False, 25198, 'OuterTerminal'), (22546, 'error out', True, 22771, 'InnerTerminal'), (22547, 'error out', True, 0, 'InnerTerminal')]
  FACT Tunnel #22549 obj {'class': 'Tunnel', 'pos': [-6116, 969], 'owner': 'Sequence'} frame 22532 (frame owner ('ForLoop', 22433)) rows [(22548, 'error out', True, 25195, 'OuterTerminal'), (22551, 'error out', False, 22759, 'InnerTerminal'), (22552, 'error out', False, 0, 'InnerTerminal')]
  FACT Tunnel #22554 obj {'class': 'Tunnel', 'pos': [-8637, 990], 'owner': 'Sequence'} frame 22532 (frame owner ('ForLoop', 22433)) rows [(22553, '', False, 25186, 'OuterTerminal'), (22556, '', True, 22774, 'InnerTerminal'), (22557, '', True, 0, 'InnerTerminal')]
  FACT Tunnel #22559 obj {'class': 'Tunnel', 'pos': [-8637, 1050], 'owner': 'Sequence'} frame 22532 (frame owner ('ForLoop', 22433)) rows [(22558, 'data string', False, 25192, 'OuterTerminal'), (22561, 'data string', True, 0, 'InnerTerminal'), (22562, 'data string', True, 25105, 'InnerTerminal')]
  FACT Tunnel #22564 obj {'class': 'Tunnel', 'pos': [-8637, 1086], 'owner': 'Sequence'} frame 22532 (frame owner ('ForLoop', 22433)) rows [(22563, 'Real-space cosine window', False, 25189, 'OuterTerminal'), (22566, 'Real-space cosine window', True, 0, 'InnerTerminal'), (22567, 'Real-space cosine window', True, 25123, 'InnerTerminal')]
  FACT Tunnel #22569 obj {'class': 'Tunnel', 'pos': [-8637, 1074], 'owner': 'Sequence'} frame 22532 (frame owner ('ForLoop', 22433)) rows [(22568, 'Cosine bandpass for Hilbert', False, 25150, 'OuterTerminal'), (22571, 'Cosine bandpass for Hilbert', True, 0, 'InnerTerminal'), (22572, 'Cosine bandpass for Hilbert', True, 25138, 'InnerTerminal')]
  FACT Tunnel #22574 obj {'class': 'Tunnel', 'pos': [-8637, 1002], 'owner': 'Sequence'} frame 22532 (frame owner ('ForLoop', 22433)) rows [(22573, '', False, 25186, 'OuterTerminal'), (22576, '', True, 0, 'InnerTerminal'), (22577, '', True, 0, 'InnerTerminal')]
  FACT Tunnel #22579 obj {'class': 'Tunnel', 'pos': [-8637, 931], 'owner': 'Sequence'} frame 22532 (frame owner ('ForLoop', 22433)) rows [(22578, 'Session Out', False, 25183, 'OuterTerminal'), (22581, 'Session Out', True, 22768, 'InnerTerminal'), (22582, 'Session Out', True, 0, 'InnerTerminal')]
  FACT Tunnel #22584 obj {'class': 'Tunnel', 'pos': [-8637, 978], 'owner': 'Sequence'} frame 22532 (frame owner ('ForLoop', 22433)) rows [(22583, 'LastBufferNumber', False, 25180, 'OuterTerminal'), (22586, 'LastBufferNumber', True, 22777, 'InnerTerminal'), (22587, 'LastBufferNumber', True, 0, 'InnerTerminal')]
  FACT Tunnel #22589 obj {'class': 'Tunnel', 'pos': [-6116, 952], 'owner': 'Sequence'} frame 22532 (frame owner ('ForLoop', 22433)) rows [(22588, 'Session Out', True, 25177, 'OuterTerminal'), (22591, 'Session Out', False, 22762, 'InnerTerminal'), (22592, 'Session Out', False, 0, 'InnerTerminal')]
  FACT Tunnel #22594 obj {'class': 'Tunnel', 'pos': [-8637, 906], 'owner': 'Sequence'} frame 22532 (frame owner ('ForLoop', 22433)) rows [(22593, '', False, 25174, 'OuterTerminal'), (22596, '', True, 0, 'InnerTerminal'), (22597, '', True, 0, 'InnerTerminal')]
  FACT Tunnel #22599 obj {'class': 'Tunnel', 'pos': [-8637, 1038], 'owner': 'Sequence'} frame 22532 (frame owner ('ForLoop', 22433)) rows [(22598, 'Array of bead\nx/y pos', False, 25171, 'OuterTerminal'), (22601, 'Array of bead\nx/y pos', True, 0, 'InnerTerminal'), (22602, 'Array of bead\nx/y pos', True, 25099, 'InnerTerminal')]
  FACT Tunnel #22604 obj {'class': 'Tunnel', 'pos': [-8637, 942], 'owner': 'Sequence'} frame 22532 (frame owner ('ForLoop', 22433)) rows [(22603, '', False, 25168, 'OuterTerminal'), (22606, '', True, 0, 'InnerTerminal'), (22607, '', True, 25093, 'InnerTerminal')]
  FACT Tunnel #22609 obj {'class': 'Tunnel', 'pos': [-6116, 940], 'owner': 'Sequence'} frame 22532 (frame owner ('ForLoop', 22433)) rows [(22608, 'Array of bead\nx/y pos', True, 25165, 'OuterTerminal'), (22611, 'Array of bead\nx/y pos', False, 0, 'InnerTerminal'), (22612, 'Array of bead\nx/y pos', False, 25114, 'InnerTerminal')]
  FACT Tunnel #22614 obj {'class': 'Tunnel', 'pos': [-8637, 966], 'owner': 'Sequence'} frame 22532 (frame owner ('ForLoop', 22433)) rows [(22613, 'Picture', False, 25162, 'OuterTerminal'), (22616, 'Picture', True, 0, 'InnerTerminal'), (22617, 'Picture', True, 25135, 'InnerTerminal')]
  FACT Tunnel #22619 obj {'class': 'Tunnel', 'pos': [-8637, 1026], 'owner': 'Sequence'} frame 22532 (frame owner ('ForLoop', 22433)) rows [(22618, '', False, 25159, 'OuterTerminal'), (22621, '', True, 0, 'InnerTerminal'), (22622, '', True, 25132, 'InnerTerminal')]
  FACT Tunnel #22624 obj {'class': 'Tunnel', 'pos': [-6116, 906], 'owner': 'Sequence'} frame 22532 (frame owner ('ForLoop', 22433)) rows [(22623, '', True, 25156, 'OuterTerminal'), (22626, '', False, 0, 'InnerTerminal'), (22627, '', False, 25117, 'InnerTerminal')]
  FACT Tunnel #22629 obj {'class': 'Tunnel', 'pos': [-8637, 918], 'owner': 'Sequence'} frame 22532 (frame owner ('ForLoop', 22433)) rows [(22628, '', False, 25153, 'OuterTerminal'), (22631, '', True, 0, 'InnerTerminal'), (22632, '', True, 25129, 'InnerTerminal')]
  FACT Tunnel #22634 obj {'class': 'Tunnel', 'pos': [-8637, 1335], 'owner': 'Sequence'} frame 22532 (frame owner ('ForLoop', 22433)) rows [(22633, 'Cosine bandpass for Hilbert', False, 25150, 'OuterTerminal'), (22636, 'Cosine bandpass for Hilbert', True, 0, 'InnerTerminal'), (22637, 'Cosine bandpass for Hilbert', True, 25126, 'InnerTerminal')]
  FACT Tunnel #22639 obj {'class': 'Tunnel', 'pos': [-8637, 1062], 'owner': 'Sequence'} frame 22532 (frame owner ('ForLoop', 22433)) rows [(22638, 'cross length', False, 25147, 'OuterTerminal'), (22641, 'cross length', True, 0, 'InnerTerminal'), (22642, 'cross length', True, 25090, 'InnerTerminal')]
  FACT Tunnel #22644 obj {'class': 'Tunnel', 'pos': [-8637, 954], 'owner': 'Sequence'} frame 22532 (frame owner ('ForLoop', 22433)) rows [(22643, 'New Image', False, 25144, 'OuterTerminal'), (22646, 'New Image', True, 22765, 'InnerTerminal'), (22647, 'New Image', True, 0, 'InnerTerminal')]
  FACT Tunnel #22789 obj {'class': 'Tunnel', 'pos': [-8527, 924], 'owner': 'ForLoop'} frame 22780 (frame owner ('Sequence', 22541)) rows [(22788, '', False, 25093, 'OuterTerminal'), (22791, '', True, 0, 'InnerTerminal')]
  FACT Tunnel #23622 obj {'class': 'Tunnel', 'pos': [-7317, 931], 'owner': 'CaseStructure'} frame 22780 (frame owner ('Sequence', 22541)) rows [(23621, '', False, 25129, 'OuterTerminal'), (23624, '', True, 0, 'InnerTerminal'), (23625, '', True, 0, 'InnerTerminal'), (23626, '', True, 0, 'InnerTerminal'), (23627, '', True, 0, 'InnerTerminal')]
  FACT Tunnel #24673 obj {'class': 'Tunnel', 'pos': [2865, 1168], 'owner': 'ForLoop'} frame 32166 (frame owner ('EventStructure', 10153)) rows [(24682, '', False, 0, 'OuterTerminal'), (24679, '', True, 0, 'InnerTerminal')]
  FACT Tunnel #25275 obj {'class': 'Tunnel', 'pos': [-6000, 836], 'owner': 'ForLoop'} frame 25266 (frame owner ('Sequence', 21590)) rows [(25274, '', False, 25417, 'OuterTerminal'), (25277, '', True, 0, 'InnerTerminal')]
  FACT Tunnel #25328 obj {'class': 'Tunnel', 'pos': [-5812, 858], 'owner': 'ForLoop'} frame 25290 (frame owner ('ForLoop', 25272)) rows [(25327, '', False, 0, 'OuterTerminal'), (25330, '', True, 0, 'InnerTerminal')]
  FACT Tunnel #25813 obj {'class': 'Tunnel', 'pos': [3116, 282], 'owner': 'CaseStructure'} frame 25767 (frame owner ('FlatSequenceFrame', 0)) rows [(25812, '', False, 29192, 'OuterTerminal'), (25815, '', True, 0, 'InnerTerminal'), (25816, '', True, 0, 'InnerTerminal')]
  FACT Tunnel #25853 obj {'class': 'Tunnel', 'pos': [-4973, 811], 'owner': 'ForLoop'} frame 25769 (frame owner ('FlatSequenceFrame', 0)) rows [(25852, '', False, 26080, 'OuterTerminal'), (25855, '', True, 0, 'InnerTerminal')]
  FACT Tunnel #26447 obj {'class': 'Tunnel', 'pos': [3598, 283], 'owner': 'CaseStructure'} frame 25767 (frame owner ('FlatSequenceFrame', 0)) rows [(26445, '', False, 29189, 'OuterTerminal'), (26457, '', True, 0, 'InnerTerminal'), (26460, '', True, 0, 'InnerTerminal')]
  FACT Tunnel #26997 obj {'class': 'Tunnel', 'pos': [4050, 226], 'owner': 'CaseStructure'} frame 25767 (frame owner ('FlatSequenceFrame', 0)) rows [(26996, '', False, 29219, 'OuterTerminal'), (27000, '', True, 0, 'InnerTerminal'), (27002, '', True, 0, 'InnerTerminal')]
  FACT Tunnel #27367 obj {'class': 'Tunnel', 'pos': [4518, 334], 'owner': 'CaseStructure'} frame 25767 (frame owner ('FlatSequenceFrame', 0)) rows [(27366, '', False, 29232, 'OuterTerminal'), (27369, '', True, 0, 'InnerTerminal'), (27370, '', True, 0, 'InnerTerminal')]
  FACT Tunnel #27492 obj {'class': 'Tunnel', 'pos': [-1986, 1120], 'owner': 'ForLoop'} frame 81548 (frame owner ('FlatSequenceFrame', 0)) rows [(27491, '', False, 0, 'OuterTerminal'), (27494, '', True, 27694, 'InnerTerminal')]
  FACT Tunnel #27910 obj {'class': 'Tunnel', 'pos': [4907, 336], 'owner': 'CaseStructure'} frame 25767 (frame owner ('FlatSequenceFrame', 0)) rows [(27908, '', False, 29236, 'OuterTerminal'), (27913, '', True, 0, 'InnerTerminal'), (27914, '', True, 0, 'InnerTerminal')]
  FACT Tunnel #28713 obj {'class': 'Tunnel', 'pos': [2410, 2498], 'owner': 'ForLoop'} frame 686 (frame owner ('FlatSequenceFrame', 0)) rows [(28719, '', False, 25646, 'OuterTerminal'), (28717, '', True, 0, 'InnerTerminal')]
  FACT Tunnel #28747 obj {'class': 'Tunnel', 'pos': [-11908, 1228], 'owner': 'CaseStructure'} frame 15795 (frame owner ('Sequence', 15649)) rows [(28751, '', False, 29334, 'OuterTerminal'), (28749, '', True, 0, 'InnerTerminal'), (28750, '', True, 0, 'InnerTerminal')]
  FACT Tunnel #29213 obj {'class': 'Tunnel', 'pos': [-3533, 2612], 'owner': 'Sequence'} frame 3628 (frame owner ('FlatSequenceFrame', 0)) rows [(29222, 'error out', False, 29225, 'OuterTerminal'), (29215, 'error out', True, 29207, 'InnerTerminal'), (29218, 'error out', True, 0, 'InnerTerminal')]
  FACT Tunnel #29650 obj {'class': 'Tunnel', 'pos': [2929, 1582], 'owner': 'ForLoop'} frame 639 (frame owner ('WhileLoop', 637)) rows [(29653, '', False, 30019, 'OuterTerminal'), (29652, '', True, 0, 'InnerTerminal')]
  FACT Tunnel #29914 obj {'class': 'Tunnel', 'pos': [4819, 1658], 'owner': 'ForLoop'} frame 639 (frame owner ('WhileLoop', 637)) rows [(29917, '', False, 0, 'OuterTerminal'), (29916, '', True, 0, 'InnerTerminal')]
  FACT ForLoops (owners of bodies): [1359, 2457, 4810, 13390, 13683, 16312, 16557, 21305, 22433, 22786, 25272, 25325, 25850, 27489, 28670, 29617, 29874]
  FACT ForLoop #1359 obj {'class': 'ForLoop', 'pos': [5102, 1336], 'owner': 'Diagram'}; owner ['Diagram', 639]
  FACT ForLoop #2457 obj {'class': 'ForLoop', 'pos': [2814, 1320], 'owner': 'Diagram'}; owner ['Diagram', 639]
  FACT ForLoop #4810 obj {'class': 'ForLoop', 'pos': [2865, 1168], 'owner': 'Diagram'}; owner ['Diagram', 32166]
  FACT ForLoop #13390 obj {'class': 'ForLoop', 'pos': [-16656, 916], 'owner': 'Diagram'}; owner ['Diagram', 13236]
  FACT ForLoop #13683 obj {'class': 'ForLoop', 'pos': [-16235, 1018], 'owner': 'Diagram'}; owner ['Diagram', 13589]
  FACT ForLoop #16312 obj {'class': 'ForLoop', 'pos': [-12367, 881], 'owner': 'Diagram'}; owner ['Diagram', 16303]
  FACT ForLoop #16557 obj {'class': 'ForLoop', 'pos': [-12059, 872], 'owner': 'Diagram'}; owner ['Diagram', 16303]
  FACT ForLoop #21305 obj {'class': 'ForLoop', 'pos': [-9073, 761], 'owner': 'Diagram'}; owner ['Diagram', 21134]
  FACT ForLoop #22433 obj {'class': 'ForLoop', 'pos': [-8773, 851], 'owner': 'Diagram'}; owner ['Diagram', 22427]
  FACT ForLoop #22786 obj {'class': 'ForLoop', 'pos': [-8527, 924], 'owner': 'Diagram'}; owner ['Diagram', 22780]
  FACT ForLoop #25272 obj {'class': 'ForLoop', 'pos': [-6000, 836], 'owner': 'Diagram'}; owner ['Diagram', 25266]
  FACT ForLoop #25325 obj {'class': 'ForLoop', 'pos': [-5812, 858], 'owner': 'Diagram'}; owner ['Diagram', 25290]
  FACT ForLoop #25850 obj {'class': 'ForLoop', 'pos': [-4973, 811], 'owner': 'Diagram'}; owner ['Diagram', 25769]
  FACT ForLoop #27489 obj {'class': 'ForLoop', 'pos': [-1986, 1120], 'owner': 'Diagram'}; owner ['Diagram', 81548]
  FACT ForLoop #28670 obj {'class': 'ForLoop', 'pos': [2410, 2498], 'owner': 'Diagram'}; owner ['Diagram', 686]
  FACT ForLoop #29617 obj {'class': 'ForLoop', 'pos': [2929, 1582], 'owner': 'Diagram'}; owner ['Diagram', 639]
  FACT ForLoop #29874 obj {'class': 'ForLoop', 'pos': [4819, 1658], 'owner': 'Diagram'}; owner ['Diagram', 639]
RESULT {"schema":"result-line/1","status":"PASS","gates":{"pass":1,"fail":0},"first_fail":null,"artefacts":[]}
BGRUN END rc=0 after 1s
