BGRUN START 2026-09-28 13:30:59 limit 40.0 min: py -u tools/bench/diag_c118_p1b.py
BGRUN PID 21372
BGRUN STAGE-RUN recorded diag_c118_p1b.py cycle='cycle 119' card=None pid=21480 -> stage_runs.jsonl
  PASS  K0 donor DonorPool_v0.vi md5 == fac6e4ab0fc4f7513d1a98df31e1f4e8 (byte copy of the 118-3 donor)  fac6e4ab0fc4f7513d1a98df31e1f4e8

---------- [0] FILES ONLY - the input's md5, the pins, the claudeDev listing
  FACT  claudeDev holds 307 .vi file(s) BEFORE the run
  PASS  K1 input md5 == 7dac9f04ff4b65fa517e8e12f4bef5f3  got 7dac9f04ff4b65fa517e8e12f4bef5f3
  FACT  PIN BEFORE ORIGINAL         2a78e17c449cacdaf5da389818526859  (want 2a78e17c449cacdaf5da389818526859) OK
  FACT  PIN BEFORE S1 D1_s1_copy    3e3d23cefd3a334001aa9d6156bf1aee  (want 3e3d23cefd3a334001aa9d6156bf1aee) OK
  FACT  PIN BEFORE S2 D1_s2_loops   6ff19497f2309e007a214660bb64b911  (want 6ff19497f2309e007a214660bb64b911) OK
  FACT  PIN BEFORE ROW2 bed         26c54ff784cb5cea21edbd214d2cc3a0  (want 26c54ff784cb5cea21edbd214d2cc3a0) OK
  FACT  PIN BEFORE M3a-2            3842f5e6f128226235dc78353f26ef44  (want 3842f5e6f128226235dc78353f26ef44) OK
  PASS  K2 the ORIGINAL's md5 is 2a78e17c449cacdaf5da389818526859  got 2a78e17c449cacdaf5da389818526859 at G:\Codes\LabVIEW_Codes\MinLab\zz_LabView VI\AAA_UNIST\2. Tracking\Min_Track N beads V6_ParallelLoop.vi

---------- [1] RESTART LabVIEW (standing authority; fresh ~31,500 handles)
  FACT  LabVIEW handle count BEFORE the restart: 0
  FACT  LabVIEW handle count AFTER the restart: 33991

---------- [2] THE DATED WORK COPY under claudeDev - the input is never opened for writing
  PASS  K3 the work copy is byte-identical to the input  scratch_c119_p1b_20260928_133100.vi
  FACT  ExecState [after open] scratch_c119_p1b_20260928_133100.vi = 0
  FACT  DONOR #101 {"cls": "ArrayConstant", "value": ["Cam_pool00", "Cam_pool01", "Cam_pool02", "Cam_pool03", "Cam_pool04", "Cam_pool05", "Cam_pool06", "Cam_pool07", "Cam_pool08", "Cam_pool09", "Cam_pool10", "Cam_pool11", "Cam_pool12", "Cam_pool13", "Cam_pool14", "Cam_pool15", "Cam_pool16", "Cam_pool17", "Cam_pool18", "Cam_pool19"], "type": {"python": "tuple", "n": 20, "elements": ["str"]}, "echo": 101, "err": "", "route": "OpConstValueArr_v0"}
  PASS  A1 donor #101 read_const_value == Cam_pool00..19 (ArrayConstant, uid echo, no error)  ('ArrayConstant', '')
  FACT  CREATE for: {'ret': 23093, 'err': ''}
  PASS  B1a For loop #23093 on #13236 with ONE body [23169]  (23093, [23169])
  FACT  CREATE imaq: {'ret': 0.14327526092529297, 'err': ''}
  OBSERVED uid 25286 -> owner 'ArrayConstant' uid 23517 | self 'StringConstant'#25286 | 482 says 'ArrayConstant' cast 'ArrayConstant' |  
  OBSERVED uid 23517 -> owner 'Diagram' uid 13236 | self 'ArrayConstant'#23517 | 482 says 'Diagram' cast 'Diagram' |  
  FACT  CREATE names: {'ret': 23517, 'err': ''}
  OBSERVED uid 26002 -> owner 'Diagram' uid 13236 | self 'DigitalNumericConstant'#26002 | 482 says 'Diagram' cast 'Diagram' |  
  FACT  CREATE c20a: {'ret': 26002, 'err': ''}
  OBSERVED uid 26793 -> owner 'Diagram' uid 13236 | self 'DigitalNumericConstant'#26793 | 482 says 'Diagram' cast 'Diagram' |  
  FACT  CREATE c20b: {'ret': 26793, 'err': ''}
  OBSERVED uid 27242 -> owner 'Diagram' uid 23169 | self 'RingConstant'#27242 | 482 says 'Diagram' cast 'Diagram' |  
  FACT  CREATE ring: {'ret': 27242, 'err': ''}
  FACT  CREATE obt_free: {'ret': [23099], 'err': ''}
  FACT  CREATE obt_work: {'ret': [22218], 'err': ''}
  FACT  CREATE enq: {'ret': [23105], 'err': ''}
  FACT  NEW OBJECTS by class {'ForLoop': [23093], 'SubVI': [23096], 'Function': [22218, 23099, 23105], 'LoopTunnel': [25842]}; IMAQ #23096; body #23169
  PASS  B1 every create returned without error  {'for': '', 'imaq': '', 'names': '', 'c20a': '', 'c20b': '', 'ring': '', 'obt_free': '', 'obt_work': '', 'enq': ''}
  PASS  B1b census: ForLoop +1, SubVI +1, Function +3 (2 Obtain + Enqueue), LoopTunnel +1 (the Enqueue's auto tunnel)  {'ForLoop': 1, 'SubVI': 1, 'Function': 3, 'LoopTunnel': 1}
  FACT  NAMES COPY #23517 {"cls": "ArrayConstant", "value": ["Cam_pool00", "Cam_pool01", "Cam_pool02", "Cam_pool03", "Cam_pool04", "Cam_pool05", "Cam_pool06", "Cam_pool07", "Cam_pool08", "Cam_pool09", "Cam_pool10", "Cam_pool11", "Cam_pool12", "Cam_pool13", "Cam_pool14", "Cam_pool15", "Cam_pool16", "Cam_pool17", "Cam_pool18", "Cam_pool19"], "type": {"python": "tuple", "n": 20, "elements": ["str"]}, "echo": 23517, "err": "", "route": "OpConstValueArr_v0"}
  PASS  V1 names copy #23517 IN THE BED: read_const_value == Cam_pool00..19 (PD234(k) L4), ArrayConstant, no error  ('ArrayConstant', '')
  FACT  RING #13245 {"cls": "RingConstant", "value": 0, "type": {"python": "int", "representation": 6}, "echo": 13245, "err": "", "route": "OpConstValueRing_v0"} | dup {"cls": "RingConstant", "value": 0, "type": {"python": "int", "representation": 6}, "echo": 27242, "err": "", "route": "OpConstValueRing_v0"}
  PASS  B2 ring dup value + Representation == #13245's (read_const_value, PD234(k)(2)); #13245 unmoved on its old wire  ((0, 6), (0, 6))
  PASS  B3 both Obtain 'element data type' on #13938.New Image's wire w14741 (PD234(d)); no old row changed its wire  ([14741, 14741], [])
  PASS  B3b Enqueue #23105 'queue' wired (w25811) from the NEW LoopTunnel's inner face  [{'term_uid': 25889, 'term_name': 'queue out', 'is_source': True, 'wire_uid': 25811, 'owner_uid': 25842, 'owner_class': 'LoopTunnel', 'frame_diagram': 23169, 'term_class': 'InnerTerminal'}]
  FACT  wire node census: 642 rows
  FACT  wire names -> pool Image Name raised RuntimeError: wire Control Names->Image Name: error 1057: To More Specific Class in OpWire_v1.vi
  FACT  OP wire names -> pool Image Name -> err 'RuntimeError: wire Control Names->Image Name: error 1057: To More Specific Class in OpWire_v1.vi' (0.3 s)
  FAIL  T1 the names wire made exactly ONE new LoopTunnel (source terminal 'Control Names', err 'RuntimeError: wire Control Names->Image Name: error 1057: To More Specific Class in OpWire_v1.vi')
  FAIL  STOP at gate: T1 the names wire made exactly ONE new LoopTunnel (source terminal 'Control Names', err 'RuntimeError: wire Control Names->Image Name: error 1057: To More Specific Class in OpWire_v1.vi')

---------- [H] HYGIENE
  FACT  close_panel(scratch_c119_p1b_20260928_133100.vi) raised com_error: (-2147352567, '??? ??????.', (6649, 'LabVIEW', 'LabVIEW: (Hex 0x47D) Cannot close or set the state of a closed front panel. The front panel must already be open before you close it or set its state.', None, 0, 0), None)
  FACT  gscript ref_counts: {'opened': 5, 'closed': 5, 'live': 0, 'cached_op_vis': 12}
  PASS  H5 VI-Server reference counter level (opened == closed)  {'opened': 5, 'closed': 5, 'live': 0, 'cached_op_vis': 12}
  FACT  LabVIEW handle count AFTER the work: 46050
  PASS  H4 scratch deleted: scratch_c119_p1b_20260928_133100.vi  C:\Program Files\National Instruments\LabVIEW 2026\user.lib\claudeDev\scratch_c119_p1b_20260928_133100.vi
  PASS  H2 the INPUT's md5 is UNCHANGED after the run  before 7dac9f04ff4b65fa517e8e12f4bef5f3 / after 7dac9f04ff4b65fa517e8e12f4bef5f3
  FACT  PIN AFTER  ORIGINAL         2a78e17c449cacdaf5da389818526859  (want 2a78e17c449cacdaf5da389818526859) OK
  FACT  PIN AFTER  S1 D1_s1_copy    3e3d23cefd3a334001aa9d6156bf1aee  (want 3e3d23cefd3a334001aa9d6156bf1aee) OK
  FACT  PIN AFTER  S2 D1_s2_loops   6ff19497f2309e007a214660bb64b911  (want 6ff19497f2309e007a214660bb64b911) OK
  FACT  PIN AFTER  ROW2 bed         26c54ff784cb5cea21edbd214d2cc3a0  (want 26c54ff784cb5cea21edbd214d2cc3a0) OK
  FACT  PIN AFTER  M3a-2            3842f5e6f128226235dc78353f26ef44  (want 3842f5e6f128226235dc78353f26ef44) OK
  PASS  H3 every md5 pin still holds
  FACT  THE FILES THIS RUN LEFT ON DISK: []  (removed: [])
  PASS  H6 the files left on disk == [] and nothing was removed  added [] removed []
  FACT  LabVIEW handle count at exit: 33989

====================================================================================================
=== GATES: 17 pass / 2 fail; failing: T1 the names wire made exactly ONE new LoopTunnel (source terminal 'Control Names', err 'RuntimeError: wire Control Names->Image Name: error 1057: To More Specific Class in OpWire_v1.vi'), STOP at gate: T1 the names wire made exactly ONE new LoopTunnel (source terminal 'Control Names', err 'RuntimeError: wire Control Names->Image Name: error 1057: To More Specific Class in OpWire_v1.vi')
JSON: G:\Codes\LabVIEW_Codes\MinLab\zz_LabView VI\AAA_UNIST\2. Tracking\V6_ParallelLoop\tools\bench\diag_c119_p1b.json   elapsed 157.3 s
RESULT {"schema":"result-line/1","status":"FAIL","gates":{"pass":17,"fail":2},"first_fail":"T1 the names wire made exactly ONE new LoopTunnel (source terminal 'Control Names', err 'RuntimeError: wire Control Names->Image Name: error 1057: To More Specific Class in OpWire_v1.vi')","artefacts":[]}
LabVIEW gone at exit: True
BGRUN END rc=1 after 162s
