BGRUN START 2026-10-02 07:21:29 limit 5.0 min: py -u tools/stage_prerun.py --dry tools/bench/diag_c132_2_graph_p3b1.py
BGRUN PID 18604
  FACT  bed md5 before: 9d7bf28738b7c154280e5e7c2c9d4961

---------- [0] FILES ONLY (DRY RUN: no LabVIEW, no copy)
  PASS  K1 input md5 == 9d7bf28738b7c154280e5e7c2c9d4961  got 9d7bf28738b7c154280e5e7c2c9d4961
  FAIL  DRY graph JSON for input md5 9d7bf28738b7c154280e5e7c2c9d4961  no tools/bench/graph_*.json carries this md5

=== DRY FAIL: first_fail=GATE DRY graph JSON for input md5 9d7bf28738b7c154280e5e7c2c9d4961 coverage 19/53 lines, first mutation None, unverified 0, graph None
RESULT {"schema":"result-line/1","status":"FAIL","gates":{"pass":0,"fail":1},"first_fail":"GATE DRY graph JSON for input md5 9d7bf28738b7c154280e5e7c2c9d4961","artefacts":[]}
BGRUN END rc=1 after 1s
BGRUN START 2026-10-02 07:21:59 limit 5.0 min: py -u tools/stage_prerun.py --dry tools/bench/diag_c132_2_graph_p3b1.py --graph tools/bench/sim/ring_p3b1/step_31_wire_remove_loose_ends.json
BGRUN PID 16520
  FACT  bed md5 before: 9d7bf28738b7c154280e5e7c2c9d4961

---------- [0] FILES ONLY (DRY RUN: no LabVIEW, no copy)
  PASS  K1 input md5 == 9d7bf28738b7c154280e5e7c2c9d4961  got 9d7bf28738b7c154280e5e7c2c9d4961
  FAIL  DRY graph JSON for input md5 9d7bf28738b7c154280e5e7c2c9d4961  graph tools/bench/sim/ring_p3b1/step_31_wire_remove_loose_ends.json: no terminals/objs key(s) - keys present ['action', 'effect', 'error', 'model_source', 'n', 'prev', 'schema', 'stage', 'state'] (not the terminal-list graph shape)

=== DRY FAIL: first_fail=GATE DRY graph JSON for input md5 9d7bf28738b7c154280e5e7c2c9d4961 coverage 19/53 lines, first mutation None, unverified 0, graph tools/bench/sim/ring_p3b1/step_31_wire_remove_loose_ends.json
RESULT {"schema":"result-line/1","status":"FAIL","gates":{"pass":0,"fail":1},"first_fail":"GATE DRY graph JSON for input md5 9d7bf28738b7c154280e5e7c2c9d4961","artefacts":[]}
BGRUN END rc=1 after 1s
BGRUN START 2026-10-02 07:22:12 limit 5.0 min: py -u tools/stage_prerun.py --dry tools/bench/diag_c132_2_graph_p3b1.py --graph tools/bench/graph_ring_p3a_20261001_190155.json
BGRUN PID 24168
  FACT  bed md5 before: 9d7bf28738b7c154280e5e7c2c9d4961

---------- [0] FILES ONLY (DRY RUN: no LabVIEW, no copy)
  PASS  K1 input md5 == 9d7bf28738b7c154280e5e7c2c9d4961  got 9d7bf28738b7c154280e5e7c2c9d4961
  PASS  DRY graph JSON for input md5 9d7bf28738b7c154280e5e7c2c9d4961  tools/bench/graph_ring_p3a_20261001_190155.json

=== DRY PASS: first_fail=None coverage 21/53 lines, first mutation None, unverified 0, graph tools/bench/graph_ring_p3a_20261001_190155.json
RESULT {"schema":"result-line/1","status":"PASS","gates":{"pass":1,"fail":0},"first_fail":null,"artefacts":[]}
BGRUN END rc=0 after 1s
