BGRUN START 2026-09-17 15:36:12 limit 30.0 min: py -u tools/recipes/diag_moved_structure_terminals.py --restart
  FACT  lv_restart rc=0: ['dialogs: 8,1346,762| / ENABLED|5965874|0,0,0,0|LabVIEW / VERDICT: clear (no modal dialog)']
  PASS  P0 original md5 BEFORE  2a78e17c449cacdaf5da389818526859
  PASS  P0b the cited evidence files exist  []
  FACT  LabVIEW handles before: 30680 (fresh-instance baseline ~31,500)

=== A (OFFLINE): the stored census for the five moved structures (prior-art B4)
  PASS  PA1a the stored census has diagram key '43'
  PASS  PA1 #5540 is in the stored census of diagram 43
  FACT  A #5540: 7 terminals (trailing empties trimmed)
        t0   IN  (sink)    wire 5709   name ''
        t1   IN  (sink)    wire 5979   name ''
        t2   OUT (source)  wire 5637   name 'Bead is good? array out'
        t3   IN  (sink)    wire 6041   name 'Bead is good? array out'
        t4   IN  (sink)    wire 5746   name ''
        t5   IN  (sink)    wire 1681   name 'x,y,z array out'
        t6   OUT (source)  wire 5975   name 'x,y,z array out'
  PASS  PA1 #2222 is in the stored census of diagram 43
  FACT  A #2222: 7 terminals (trailing empties trimmed)
        t0   IN  (sink)    wire 730    name ''
        t1   OUT (source)  wire 4906   name 'Z out'
        t2   IN  (sink)    wire 505    name 'x,y,z array out'
        t3   IN  (sink)    wire 628    name ''
        t4   IN  (sink)    wire 1773   name ''
        t5   IN  (sink)    wire 6096   name 'Correction Factor'
        t6   OUT (source)  wire 6363   name 'X out'
  PASS  PA1 #1359 is in the stored census of diagram 43
  FACT  A #1359: 10 terminals (trailing empties trimmed)
        t0   IN  (sink)    wire 0      name ''
        t1   IN  (sink)    wire 9097   name ''
        t2   OUT (source)  wire 9215   name ''
        t3   IN  (sink)    wire 30592  name 'Value'
        t4   IN  (sink)    wire 28847  name ''
        t5   IN  (sink)    wire 10187  name ''
        t6   OUT (source)  wire 11352  name ''
        t7   IN  (sink)    wire 31059  name 'Force\nsmoothing\nhalf-width'
        t8   IN  (sink)    wire 31166  name 'Extension\nmedian filter\nhalf-width'
        t9   IN  (sink)    wire 28338  name 'Magnet position output'
  PASS  PA1 #29874 is in the stored census of diagram 43
  FACT  A #29874: 7 terminals (trailing empties trimmed)
        t0   IN  (sink)    wire 0      name ''
        t1   OUT (source)  wire 32890  name ''
        t2   IN  (sink)    wire 29787  name ''
        t3   IN  (sink)    wire 28039  name ''
        t4   IN  (sink)    wire 28847  name ''
        t5   OUT (source)  wire 29591  name ''
        t6   IN  (sink)    wire 31166  name 'Extension\nmedian filter\nhalf-width'
  PASS  PA1 #10407 is in the stored census of diagram 43
  FACT  A #10407: 7 terminals (trailing empties trimmed)
        t0   IN  (sink)    wire 10799  name ''
        t1   IN  (sink)    wire 9635   name '# slices in stack'
        t2   IN  (sink)    wire 10990  name 'Index of closest\ncal image slice, bead 2'
        t3   IN  (sink)    wire 11232  name 'Outgoing Handle'
        t4   OUT (source)  wire 7337   name 'VISA out'
        t5   IN  (sink)    wire 7388   name 'Out position'
        t6   OUT (source)  wire 9113   name 'position [internal units]'

=== PA2 [stored/pristine]: the SINK RULE, row by row over d1_tunnel_sources.json
      #5540 t1: '' is_source=False wire=5979  (tunnel #5569, outer w5812)  -> SINK-RULE OK
      #5540 t4: '' is_source=False wire=5746  (tunnel #5752, outer w2731)  -> SINK-RULE OK
      #1359 t1: '' is_source=False wire=9097  (tunnel #9087, outer w9097)  -> SINK-RULE OK
      #1359 t9: 'Magnet position output' is_source=False wire=28338  (tunnel #28343, outer w28392)  -> SINK-RULE OK
      #2222 t3: '' is_source=False wire=628  (tunnel #5129, outer w5174)  -> SINK-RULE OK
      #2222 t4: '' is_source=False wire=1773  (tunnel #5328, outer w5336)  -> SINK-RULE OK
      #29874 t3: '' is_source=False wire=28039  (tunnel #29911, outer w28039)  -> SINK-RULE OK
      #10407 t1: '# slices in stack' is_source=False wire=9635  (tunnel #9641, outer w9649)  -> SINK-RULE OK
      #376 t6 'cal cluster path': fresh-drop ? the sink is a FRESHLY DROPPED subVI's NAMED input; this census cannot speak for it
      #376 t7 'frame index': fresh-drop ? the sink is a FRESHLY DROPPED subVI's NAMED input; this census cannot speak for it
      #376 t9 'file size': fresh-drop ? the sink is a FRESHLY DROPPED subVI's NAMED input; this census cannot speak for it
      #376 t11 'selected path': fresh-drop ? the sink is a FRESHLY DROPPED subVI's NAMED input; this census cannot speak for it
      #5058 t2 'cross size': fresh-drop ? the sink is a FRESHLY DROPPED subVI's NAMED input; this census cannot speak for it
      #5058 t9 '# of bead 4 packs': fresh-drop ? the sink is a FRESHLY DROPPED subVI's NAMED input; this census cannot speak for it
      #5058 t11 '4 pack remainder': fresh-drop ? the sink is a FRESHLY DROPPED subVI's NAMED input; this census cannot speak for it
      #5058 t12 'Array of cal clusters': fresh-drop ? the sink is a FRESHLY DROPPED subVI's NAMED input; this census cannot speak for it
      #5058 t14 'Real-space cosine window': fresh-drop ? the sink is a FRESHLY DROPPED subVI's NAMED input; this census cannot speak for it
      #5058 t15 'Cosine bandpass\nfor Hilbert ': fresh-drop ? the sink is a FRESHLY DROPPED subVI's NAMED input; this census cannot speak for it
  PASS  PA2 [stored/pristine] every from-tunnel row on a MOVED structure has an Is Source? FALSE sink (8 rows)  0 violate it: []

=== D (OFFLINE): #5540 index -> side -> tunnel, joined by WIRE UID (prior-art A4a / B3)
  PASS  PD #5540 is in the stored census
      t0  w5709   IN   -    -                      
      t1  w5979   IN   IN   input tunnel 5967      frame 5592 pass-through, driven by LoopTunnel 5569
      t2  w5637   OUT  OUT  SelectorTunnel 5680    Bead is good? array in
      t3  w6041   IN   IN   input tunnel 5702      frame 5582 pass-through, driven by LeftShiftRegister 5805
      t4  w5746   IN   IN   input tunnel 5725      frame 5592 pass-through, driven by LoopTunnel 5752
      t5  w1681   IN   IN   input tunnel 5825      frame 5582 pass-through, driven by LeftShiftRegister 1142
      t6  w5975   OUT  OUT  SelectorTunnel 6016    x,y,z array
  PASS  PD every #5540 index except the selector joins to a CENSUS-B tunnel  unjoined [(0, 5709)] (t0 w5709 is the CASE SELECTOR, not a tunnel - stage2-assembly-step-e.md CENSUS B lists 4 input + 2 output tunnels for 7 terminals)

=== PA3: five identity reads on a fresh copy confirm the stored census
  PASS  PA3a copy A on DISK is byte-identical to the original before LabVIEW sees it  2a78e17c449cacdaf5da389818526859
  PASS  PA3b Diagram #639 is Traverse index 43  index 43
  PASS  PA3 #5540 Nodes[6] echoes its own uid  echoed 5540
  PASS  PA3 #2222 Nodes[13] echoes its own uid  echoed 2222
  PASS  PA3 #1359 Nodes[16] echoes its own uid  echoed 1359
  PASS  PA3 #29874 Nodes[54] echoes its own uid  echoed 29874
  PASS  PA3 #10407 Nodes[24] echoes its own uid  echoed 10407
  PASS  PA3c the five live reads reproduce the stored census exactly  5 of 5 match; differ: []

=== C: bare #5540 t1 on an UNMOVED copy ? delete its wire + Remove Bad Wires (prior-art A3)
      step 0: t1 wire 5979; map [(0, '', 'IN', 5709), (1, '', 'IN', 5979), (2, 'Bead is good? array out', 'OUT', 5637), (3, 'Bead is good? array out', 'IN', 6041), (4, '', 'IN', 5746), (5, 'x,y,z array out', 'IN', 1681), (6, 'x,y,z array out', 'OUT', 5975)]
      step 1: t1 wire 5637; map [(0, '', 'IN', 5709), (1, 'Bead is good? array out', 'OUT', 5637), (2, 'Bead is good? array out', 'IN', 6041), (3, '', 'IN', 5746), (4, 'x,y,z array out', 'IN', 1681), (5, 'x,y,z array out', 'OUT', 5975)]
      step 2: t1 wire 0; map [(0, '', 'IN', 5709), (1, 'Bead is good? array out', 'OUT', 0), (2, 'Bead is good? array out', 'IN', 6041), (3, '', 'IN', 5746), (4, 'x,y,z array out', 'IN', 1681), (5, 'x,y,z array out', 'OUT', 5975)]
  FACT  PC #5540 t1 wire sequence across delete+RBW: [5979, 5637, 0] (build_opconnectfromwire_v0_run2.log:96 recorded [5979, 5637, 0])
  PASS  PC deleting t1's wire + Remove Bad Wires SHIFTS what index 1 denotes (the measured cause of STATUS OPEN 37, not the move)  sequence [5979, 5637, 0]; a second value that is neither 0 nor the first IS the shift
  FACT  PC index -> name across the first delete: [(1, '', 'Bead is good? array out'), (3, 'Bead is good? array out', ''), (4, '', 'x,y,z array out'), (6, 'x,y,z array out', None)] (empty = names kept their indices)

=== B: the five structures AFTER a move into fresh While loops (no precedent - prior-art B1)
  PASS  PB0 copy B on DISK is byte-identical to the original before LabVIEW sees it  2a78e17c449cacdaf5da389818526859
  PASS  PB1 loop 1.2 created  +1 diagrams, +1 while loops
  FACT  1.2: WhileLoop #1133, body Diagram #1170
  PASS  PB1 loop 1.5 created  +1 diagrams, +1 while loops
  FACT  1.5: WhileLoop #1134, body Diagram #1194
  PASS  PB1 loop 1.7 created  +1 diagrams, +1 while loops
  FACT  1.7: WhileLoop #1135, body Diagram #1215
  PASS  PB1 WhileLoop 3 -> 6 and Diagram 170 -> 173  WhileLoop 6, Diagram 173
  OBSERVED uid 5540 -> owner 'Diagram' uid 1170 | self 'CaseStructure'#5540 | 482 says 'Diagram' cast 'Diagram' |  
  OBSERVED uid 1170 -> owner 'WhileLoop' uid 1133 | self 'Diagram'#1170 | 482 says 'WhileLoop' cast 'WhileLoop' |  
  PASS  PB1 #5540 -> 1.2  owner Diagram#1170 (want Diagram#1170); owner(owner) WhileLoop#1133 (want WhileLoop#1133)
  OBSERVED uid 2222 -> owner 'Diagram' uid 1170 | self 'CaseStructure'#2222 | 482 says 'Diagram' cast 'Diagram' |  
  OBSERVED uid 1170 -> owner 'WhileLoop' uid 1133 | self 'Diagram'#1170 | 482 says 'WhileLoop' cast 'WhileLoop' |  
  PASS  PB1 #2222 -> 1.2  owner Diagram#1170 (want Diagram#1170); owner(owner) WhileLoop#1133 (want WhileLoop#1133)
  OBSERVED uid 1359 -> owner 'Diagram' uid 1170 | self 'ForLoop'#1359 | 482 says 'Diagram' cast 'Diagram' |  
  OBSERVED uid 1170 -> owner 'WhileLoop' uid 1133 | self 'Diagram'#1170 | 482 says 'WhileLoop' cast 'WhileLoop' |  
  PASS  PB1 #1359 -> 1.2  owner Diagram#1170 (want Diagram#1170); owner(owner) WhileLoop#1133 (want WhileLoop#1133)
  OBSERVED uid 29874 -> owner 'Diagram' uid 1170 | self 'ForLoop'#29874 | 482 says 'Diagram' cast 'Diagram' |  
  OBSERVED uid 1170 -> owner 'WhileLoop' uid 1133 | self 'Diagram'#1170 | 482 says 'WhileLoop' cast 'WhileLoop' |  
  PASS  PB1 #29874 -> 1.2  owner Diagram#1170 (want Diagram#1170); owner(owner) WhileLoop#1133 (want WhileLoop#1133)
  OBSERVED uid 10407 -> owner 'Diagram' uid 1194 | self 'CaseStructure'#10407 | 482 says 'Diagram' cast 'Diagram' |  
  OBSERVED uid 1194 -> owner 'WhileLoop' uid 1134 | self 'Diagram'#1194 | 482 says 'WhileLoop' cast 'WhileLoop' |  
  PASS  PB1 #10407 -> 1.5  owner Diagram#1194 (want Diagram#1194); owner(owner) WhileLoop#1134 (want WhileLoop#1134)
  FACT  PB1 the five moves cost: Wire 1902 -> 1902, LoopTunnel 132 -> 132 (probe_move_into_v0.log:231 measured 1902->1895 / 132->130 for TWO moves - tunnels DO die)
  PASS  PB2 #5540 Nodes[0] on the new body echoes its own uid  echoed 5540
  FACT  B #5540: 7 terminals (trailing empties trimmed)
        t0   IN  (sink)    wire 0      name ''
        t1   IN  (sink)    wire 0      name ''
        t2   IN  (sink)    wire 0      name 'Bead is good? array out'
        t3   IN  (sink)    wire 0      name 'Bead is good? array out'
        t4   IN  (sink)    wire 0      name ''
        t5   IN  (sink)    wire 0      name 'x,y,z array out'
        t6   IN  (sink)    wire 0      name 'x,y,z array out'
  PASS  PB2 #2222 Nodes[2] on the new body echoes its own uid  echoed 2222
  FACT  B #2222: 7 terminals (trailing empties trimmed)
        t0   IN  (sink)    wire 0      name ''
        t1   OUT (source)  wire 0      name 'Z out'
        t2   IN  (sink)    wire 0      name 'x,y,z array out'
        t3   IN  (sink)    wire 0      name ''
        t4   IN  (sink)    wire 0      name ''
        t5   IN  (sink)    wire 0      name 'Correction Factor'
        t6   OUT (source)  wire 0      name 'X out'
  PASS  PB2 #1359 Nodes[5] on the new body echoes its own uid  echoed 1359
  FACT  B #1359: 10 terminals (trailing empties trimmed)
        t0   IN  (sink)    wire 0      name ''
        t1   IN  (sink)    wire 0      name ''
        t2   OUT (source)  wire 0      name ''
        t3   IN  (sink)    wire 0      name 'Value'
        t4   IN  (sink)    wire 0      name ''
        t5   IN  (sink)    wire 0      name ''
        t6   OUT (source)  wire 0      name ''
        t7   IN  (sink)    wire 0      name 'Force\nsmoothing\nhalf-width'
        t8   IN  (sink)    wire 0      name 'Extension\nmedian filter\nhalf-width'
        t9   IN  (sink)    wire 0      name 'Magnet position output'
  PASS  PB2 #29874 Nodes[6] on the new body echoes its own uid  echoed 29874
  FACT  B #29874: 7 terminals (trailing empties trimmed)
        t0   IN  (sink)    wire 0      name ''
        t1   OUT (source)  wire 0      name ''
        t2   IN  (sink)    wire 0      name ''
        t3   IN  (sink)    wire 0      name ''
        t4   IN  (sink)    wire 0      name ''
        t5   OUT (source)  wire 0      name ''
        t6   IN  (sink)    wire 0      name 'Extension\nmedian filter\nhalf-width'
  PASS  PB2 #10407 Nodes[1] on the new body echoes its own uid  echoed 10407
  FACT  B #10407: 7 terminals (trailing empties trimmed)
        t0   IN  (sink)    wire 0      name ''
        t1   IN  (sink)    wire 0      name '# slices in stack'
        t2   IN  (sink)    wire 0      name 'Index of closest\ncal image slice, bead 2'
        t3   IN  (sink)    wire 0      name 'Outgoing Handle'
        t4   OUT (source)  wire 0      name 'VISA out'
        t5   IN  (sink)    wire 0      name 'Out position'
        t6   OUT (source)  wire 0      name 'position [internal units]'

=== PB2: did any SINK become a SOURCE across the move?
  FACT  PB2 #5540: 7 terminals before, 7 after
      CHANGED #5540 t2: ('Bead is good? array out', src True, w5637) -> ('Bead is good? array out', src False, w0)
      CHANGED #5540 t6: ('x,y,z array out', src True, w5975) -> ('x,y,z array out', src False, w0)
  FACT  PB2 #2222: 7 terminals before, 7 after
  FACT  PB2 #1359: 10 terminals before, 10 after
  FACT  PB2 #29874: 7 terminals before, 7 after
  FACT  PB2 #10407: 7 terminals before, 7 after
  PASS  PB2 no terminal that was a SINK before the move reads SOURCE after it  []
  PASS  P5 scratch deleted in the same run: SCRATCH_term_pre_153612.vi
  PASS  P5 scratch deleted in the same run: SCRATCH_term_post_153612.vi
  PASS  P5b original md5 AFTER  2a78e17c449cacdaf5da389818526859
  FACT  LabVIEW handles after: 37905 (before 30680)

--- FACTS ---
  lv_restart rc=0: ['dialogs: 8,1346,762| / ENABLED|5965874|0,0,0,0|LabVIEW / VERDICT: clear (no modal dialog)']
  LabVIEW handles before: 30680 (fresh-instance baseline ~31,500)
  A #5540: 7 terminals (trailing empties trimmed)
  A #2222: 7 terminals (trailing empties trimmed)
  A #1359: 10 terminals (trailing empties trimmed)
  A #29874: 7 terminals (trailing empties trimmed)
  A #10407: 7 terminals (trailing empties trimmed)
  PC #5540 t1 wire sequence across delete+RBW: [5979, 5637, 0] (build_opconnectfromwire_v0_run2.log:96 recorded [5979, 5637, 0])
  PC index -> name across the first delete: [(1, '', 'Bead is good? array out'), (3, 'Bead is good? array out', ''), (4, '', 'x,y,z array out'), (6, 'x,y,z array out', None)] (empty = names kept their indices)
  1.2: WhileLoop #1133, body Diagram #1170
  1.5: WhileLoop #1134, body Diagram #1194
  1.7: WhileLoop #1135, body Diagram #1215
  PB1 the five moves cost: Wire 1902 -> 1902, LoopTunnel 132 -> 132 (probe_move_into_v0.log:231 measured 1902->1895 / 132->130 for TWO moves - tunnels DO die)
  B #5540: 7 terminals (trailing empties trimmed)
  B #2222: 7 terminals (trailing empties trimmed)
  B #1359: 10 terminals (trailing empties trimmed)
  B #29874: 7 terminals (trailing empties trimmed)
  B #10407: 7 terminals (trailing empties trimmed)
  PB2 #5540: 7 terminals before, 7 after
  PB2 #2222: 7 terminals before, 7 after
  PB2 #1359: 10 terminals before, 10 after
  PB2 #29874: 7 terminals before, 7 after
  PB2 #10407: 7 terminals before, 7 after
  LabVIEW handles after: 37905 (before 30680)

=== diag_moved_structure_terminals: 39 pass, 0 fail  (113 s) ===
BGRUN END rc=0 after 113s
