BGRUN START 2026-09-28 07:31:43 limit 10.0 min: py -u tools/bench/diag_c116a_regress.py after
BGRUN PID 6740
SELFTEST stoprecord_table: rc 0 status PASS pass 107 fail 0 fails [] (tools\bench\selftest_stoprecord_table_c116a_after.log)
SELFTEST stoprecord_bgrun: rc 0 status PASS pass 6 fail 0 fails [] (tools\bench\selftest_stoprecord_bgrun_c116a_after.log)
SELFTEST stoprecord_eqform: rc 0 status PASS pass 5 fail 0 fails [] (tools\bench\selftest_stoprecord_eqform_c116a_after.log)
SELFTEST stoprecord_supersession: rc 0 status PASS pass 36 fail 0 fails [] (tools\bench\selftest_stoprecord_supersession_c116a_after.log)
SELFTEST stoprecord_offline_c107: rc 1 status FAIL pass 15 fail 10 fails ['L4 HEAD launched_plan_runs misses the comment-quote line 2 (', 'N1 bgrun launch of the recipe REFUSED', 'N2 direct launch REFUSED', 'N3 dry && launch REFUSED', 'N4 dry <NL> launch REFUSED', 'N5 dry piped into py REFUSED', 'N6 command substitution REFUSED', 'N7 other program with --dry REFUSED', 'N8 stage_prerun without --dry/--prerun REFUSED', 'N9 guard_bash.stop_gate(N1) == 2'] (tools\bench\selftest_stoprecord_offline_c107_c116a_after.log)
SELFTEST c103d_hooks: rc 0 status PASS pass 17 fail 0 fails [] (tools\bench\selftest_c103d_hooks_c116a_after.log)
SELFTEST c106d_tools: rc 0 status PASS pass 23 fail 0 fails [] (tools\bench\selftest_c106d_tools_c116a_after.log)
SELFTEST c108e_tools: rc 0 status PASS pass 13 fail 0 fails [] (tools\bench\selftest_c108e_tools_c116a_after.log)
SELFTEST c111c_launchunit: rc 1 status FAIL pass 32 fail 1 fails ['D4h'] (tools\bench\selftest_c111c_launchunit_c116a_after.log)
SELFTEST c110_launchgate: rc 0 status PASS pass 10 fail 0 fails [] (tools\bench\selftest_c110_launchgate_c116a_after.log)
SELFTEST launch_gate: rc 0 status PASS pass 28 fail 0 fails [] (tools\bench\selftest_launch_gate_c116a_after.log)
SELFTEST stage_prerun_headcmp_79-6: rc 0 status PASS pass 2 fail 0 fails [] (tools\bench\selftest_stage_prerun_headcmp_79-6_c116a_after.log)
SELFTEST errorlist_reuse_81: rc 0 status PASS pass 18 fail 0 fails [] (tools\bench\selftest_errorlist_reuse_81_c116a_after.log)
SELFTEST audit_c7: rc 0 status PASS pass 8 fail 0 fails [] (tools\bench\selftest_audit_c7_c116a_after.log)
SELFTEST audit_cost_window: rc 0 status PASS pass 7 fail 0 fails [] (tools\bench\selftest_audit_cost_window_c116a_after.log)
SELFTEST audit_c4c_split: rc 0 status PASS pass 33 fail 0 fails [] (tools\bench\selftest_audit_c4c_split_c116a_after.log)
SELFTEST stoprecord_c116a: rc 0 status PASS pass 38 fail 0 fails [] (tools\bench\selftest_stoprecord_c116a_c116a_after.log)
SELFTEST c116a_landed: rc 0 status PASS pass 18 fail 0 fails ['H1 2026-09-28 07:5x ->', 'H2 bare 2026-09-28 ->', 'H6 real violation-decisions.md: 0'] (tools\bench\selftest_c116a_landed_c116a_after.log)
  PASS  G1 stoprecord_table failing set unchanged ([])  ([], 107, 0)
  PASS  G2 stoprecord_table status not worse (PASS -> PASS)  (107, 107)
  PASS  G4 stoprecord_table fail count not higher (0 -> 0)  0
  PASS  G1 stoprecord_bgrun failing set unchanged ([])  ([], 6, 0)
  PASS  G2 stoprecord_bgrun status not worse (PASS -> PASS)  (6, 6)
  PASS  G4 stoprecord_bgrun fail count not higher (0 -> 0)  0
  PASS  G1 stoprecord_eqform failing set unchanged ([])  ([], 5, 0)
  PASS  G2 stoprecord_eqform status not worse (PASS -> PASS)  (5, 5)
  PASS  G4 stoprecord_eqform fail count not higher (0 -> 0)  0
  PASS  G1 stoprecord_supersession failing set unchanged ([])  ([], 36, 0)
  PASS  G2 stoprecord_supersession status not worse (PASS -> PASS)  (36, 36)
  PASS  G4 stoprecord_supersession fail count not higher (0 -> 0)  0
  PASS  G1 stoprecord_offline_c107 failing set unchanged (['L4 HEAD launched_plan_runs misses the comment-quote line 2 (', 'N1 bgrun launch of the recipe REFUSED', 'N2 direct launch REFUSED', 'N3 dry && launch REFUSED', 'N4 dry <NL> launch REFUSED', 'N5 dry piped into py REFUSED', 'N6 command substitution REFUSED', 'N7 other program with --dry REFUSED', 'N8 stage_prerun without --dry/--prerun REFUSED', 'N9 guard_bash.stop_gate(N1) == 2'])  (['L4 HEAD launched_plan_runs misses the comment-quote line 2 (', 'N1 bgrun launch of the recipe REFUSED', 'N2 direct launch REFUSED', 'N3 dry && launch REFUSED', 'N4 dry <NL> launch REFUSED', 'N5 dry piped into py REFUSED', 'N6 command substitution REFUSED', 'N7 other program with --dry REFUSED', 'N8 stage_prerun without --dry/--prerun REFUSED', 'N9 guard_bash.stop_gate(N1) == 2'], 15, 10)
  PASS  G2 stoprecord_offline_c107 status not worse (FAIL -> FAIL)  (15, 15)
  PASS  G4 stoprecord_offline_c107 fail count not higher (10 -> 10)  1
  PASS  G1 c103d_hooks failing set unchanged ([])  ([], 17, 0)
  PASS  G2 c103d_hooks status not worse (PASS -> PASS)  (17, 17)
  PASS  G4 c103d_hooks fail count not higher (0 -> 0)  0
  PASS  G1 c106d_tools failing set unchanged ([])  ([], 23, 0)
  PASS  G2 c106d_tools status not worse (PASS -> PASS)  (23, 23)
  PASS  G4 c106d_tools fail count not higher (0 -> 0)  0
  PASS  G1 c108e_tools failing set unchanged ([])  ([], 13, 0)
  PASS  G2 c108e_tools status not worse (PASS -> PASS)  (13, 13)
  PASS  G4 c108e_tools fail count not higher (0 -> 0)  0
  PASS  G1 c111c_launchunit failing set unchanged (['D4h'])  (['D4h'], 32, 1)
  PASS  G2 c111c_launchunit status not worse (FAIL -> FAIL)  (32, 32)
  PASS  G4 c111c_launchunit fail count not higher (1 -> 1)  1
  PASS  G1 c110_launchgate failing set unchanged ([])  ([], 10, 0)
  PASS  G2 c110_launchgate status not worse (PASS -> PASS)  (10, 10)
  PASS  G4 c110_launchgate fail count not higher (0 -> 0)  0
  PASS  G1 launch_gate failing set unchanged ([])  ([], 28, 0)
  PASS  G2 launch_gate status not worse (PASS -> PASS)  (28, 28)
  PASS  G4 launch_gate fail count not higher (0 -> 0)  0
  PASS  G1 stage_prerun_headcmp_79-6 failing set unchanged ([])  ([], 2, 0)
  PASS  G2 stage_prerun_headcmp_79-6 status not worse (PASS -> PASS)  (2, 2)
  PASS  G4 stage_prerun_headcmp_79-6 fail count not higher (0 -> 0)  0
  PASS  G1 errorlist_reuse_81 failing set unchanged ([])  ([], 18, 0)
  PASS  G2 errorlist_reuse_81 status not worse (PASS -> PASS)  (18, 18)
  PASS  G4 errorlist_reuse_81 fail count not higher (0 -> 0)  0
  PASS  G1 audit_c7 failing set unchanged ([])  ([], 8, 0)
  PASS  G2 audit_c7 status not worse (PASS -> PASS)  (8, 8)
  PASS  G4 audit_c7 fail count not higher (0 -> 0)  0
  PASS  G1 audit_cost_window failing set unchanged ([])  ([], 7, 0)
  PASS  G2 audit_cost_window status not worse (PASS -> PASS)  (7, 7)
  PASS  G4 audit_cost_window fail count not higher (0 -> 0)  0
  PASS  G1 audit_c4c_split failing set unchanged ([])  ([], 33, 0)
  PASS  G2 audit_c4c_split status not worse (PASS -> PASS)  (33, 33)
  PASS  G4 audit_c4c_split fail count not higher (0 -> 0)  0
  PASS  G3 new stoprecord_c116a RESULT PASS fail 0  {'rc': 0, 'status': 'PASS', 'pass': 38, 'fail': 0, 'fails': []}
  PASS  G3 new c116a_landed RESULT PASS fail 0  {'rc': 0, 'status': 'PASS', 'pass': 18, 'fail': 0, 'fails': ['H1 2026-09-28 07:5x ->', 'H2 bare 2026-09-28 ->', 'H6 real violation-decisions.md: 0']}
=== GATES: 50 pass / 0 fail
RESULT {"schema":"result-line/1","status":"PASS","gates":{"pass":50,"fail":0},"first_fail":null,"artefacts":[]}
BGRUN END rc=0 after 58s
