BGRUN START 2026-09-26 23:19:04 limit 2.0 min: py -u tools/bench/diag_c101_peek.py
BGRUN PID 12600
['schema', 'stage', 'goal', 'base', 'context', 'actions', 'open_rows', 'final', 'finalized']
{
"base": {
"path": "tools/bench/par1359_95_graph.json",
"md5": "143ad46ced0a85b2309863062e64caeb"
},
"plan_in": {
"path": "tools/bench/sim/disp/stageplan_disp_r4_open.json",
"md5": "e2bbca7e4f8b14bfb548af965276f75e"
},
"last_step": {
"path": "tools/bench/sim/disp/step_57_wire.json",
"md5": "b2076c16b48dafe26472d7f3a52f16cc"
},
"summary": {
"path": "tools/bench/sim/disp/summary.json",
"md5": "9e0fbc447e93e92e32c759ff9f16c74e"
},
"end_cdiff_rows": [
"10067|ControlTerminal|Initial Time at Start|0",
"12236|ParameterTerminal|x|0",
"12236|ParameterTerminal|y|0",
"1566|Terminal|error in (no error)|0",
"16184|Terminal|error in|0",
"17164|Terminal|error in|0",
"18136|Terminal|error in|0",
"19532|ControlTerminal|Cycle Start Time|0",
"21699|ParameterTerminal|x|0",
"27165|Terminal|error in (no error)|0",
"27466|Terminal|error in (no error)|0",
"27716|ParameterTerminal|index|0",
"28094|Terminal|error in (no error)|0",
"28180|Terminal|half-width|0",
"29009|Terminal|left rank|0",
"29009|Terminal|right rank|0",
"31870|Terminal|error in|0",
"33114|Terminal|error in (no error)|0",
"35648|Terminal|error in (no error)|0",
"8323|ControlTerminal|Force (pN) vs Extension (nm) |0",
"8764|ParameterTerminal|y|0"
],
"failed": null,
"first_divergent": {
"n": 0,
"op": "base",
"id": null,
"rows_from_here": 21
},
"open_rows": [
[
1566,
"error in (no error)"
],
[
8323,
"Force (pN) vs Extension (nm) "
],
[
8764,
"y"
],
[
10067,
"Initial Time at Start"
],
[
12236,
"x"
],
[
12236,
"y"
],
[
16184,
"error in"
],
[
17164,
"error in"
],
[
18136,
"error in"
],
[
19532,
"Cycle Start Time"
],
[
21699,
"x"
],
[
27165,
"error in (no error)"
],
[
27466,
"error in (no error)"
],
[
27716,
"index"
],
[
28094,
"error in (no error)"
],
[
28180,
"half-width"
],
[
29009,
"left rank"
],
[
29009,
"right rank"
],
[
31870,
"error in"
],
[
33114,
"error in (no error)"
],
[
35648,
"error in (no error)"
]
],
"open_rows_match": true,
"step_files": [
{
"n": 0,
"op": "base",
"path": "tools/bench/sim/disp/step_00_base.json",
"md5": "a4eba6638516574711e91e6e2d9acdbc"
},
{
"n": 1,
"op": "gate",
"path": "tools/bench/sim/disp/step_01_gate.json",
"md5": "bcc3fc40eaafb66d6c92b89ddd92074f"
},
{
"n": 2,
"op": "create",
"path": "tools/bench/sim/disp/step_02_create.json",
"md5": "afe606540fd2633514f631ad01c0582c"
},
{
"n": 3,
"op": "create",
"path": "tools/bench/sim/disp/step_03_create.json",
"md5": "923e2764f280b0352fa741ddf8ade88e"
},
{
"n": 4,
"op": "move_in",
"path": "tools/bench/sim/disp/step_04_move_in.json",
"md5": "0e5a
CONTEXT {"s1_key": "D1_s1_copy", "loops": {"path": "tools/bench/graph_loops_s1_20260924.json"}, "owners": {"path": "tools/bench/sim/l2a1/graph_k_80_owners.json"}}
1 {"op": "gate", "id": "g25261", "uid": 25261, "class": "BooleanConstant", "read": "bool_const", "stop_if": true, "why": "card 100-3: #25261 value gate (gscript.read_bool_const / OpConstValueB_v0) - the stage STOPS if it reads True; before any edit"}
2 {"op": "create", "id": "r1_dl", "class": "WhileLoop", "diagram": 686, "as": "DL1", "why": "R1 display loop on 686 (owner of #25380 and #637, diag_c100_probe2.log); gscript.loop_in('while') OpWhileLoopIn_v0"}
3 {"op": "create", "id": "r2_dlf", "class": "ForLoop", "diagram": "new:DL1.body", "as": "DLF1", "why": "R2 per-bead For inside R1; gscript.loop_in('for') OpForLoopIn_v0"}
4 {"op": "move_in", "id": "mv_8775", "nodes": [8775], "dest_diagram": "new:DLF1.body", "pos": [229, 67], "why": "R3; pos = old-body-relative (stageplan_disp.json pos_rel_to_old_body)"}
5 {"op": "move_in", "id": "mv_8795", "nodes": [8795], "dest_diagram": "new:DLF1.body", "pos": [229, 89], "why": "R3"}
6 {"op": "move_in", "id": "mv_8741", "nodes": [8741], "dest_diagram": "new:DLF1.body", "pos": [253, 55], "why": "R3"}
7 {"op": "move_in", "id": "mv_8764", "nodes": [8764], "dest_diagram": "new:DLF1.body", "pos": [318, 45], "why": "R3"}
8 {"op": "move_in", "id": "mv_28180", "nodes": [28180], "dest_diagram": "new:DLF1.body", "pos": [245, 0], "why": "R3"}
9 {"op": "move_in", "id": "mv_28233", "nodes": [28233], "dest_diagram": "new:DLF1.body", "pos": [313, 92], "why": "R3"}
10 {"op": "move_in", "id": "mv_27716", "nodes": [27716], "dest_diagram": "new:DLF1.body", "pos": [425, 92], "why": "R3"}
11 {"op": "move_in", "id": "mv_29009", "nodes": [29009], "dest_diagram": "new:DLF1.body", "pos": [424, 51], "why": "R3"}
12 {"op": "move_in", "id": "mv_11310", "nodes": [11310], "dest_diagram": "new:DLF1.body", "pos": [488, 51], "why": "R3"}
13 {"op": "wire", "id": "rw_8774_8753", "src": {"uid": 8775, "term": "index (row)", "term_uid": 8774}, "dst": {"uid": 8741, "term": "index (row)", "term_uid": 8753}, "why": "R3 S1 w8804"}
14 {"op": "wire", "id": "rw_8794_8762", "src": {"uid": 8795, "term": "index (row)", "term_uid": 8794}, "dst": {"uid": 8741, "term": "index (row)", "term_uid": 8762}, "why": "R3 S1 w8808"}
15 {"op": "wire", "id": "rw_8750_8790", "src": {"uid": 8741, "term": "subarray", "term_uid": 8750}, "dst": {"uid": 8764, "term": "x", "term_uid": 8790}, "why": "R3 S1 w33062"}
16 {"op": "wire", "id": "rw_8759_28291", "src": {"uid": 8741, "term": "subarray", "term_uid": 8759}, "dst": {"uid": 28233, "term": "X", "term_uid": 28291}, "why": "R3 S1 w28443"}
17 {"op": "wire", "id": "rw_8770_29049", "src": {"uid": 8764, "term": "x-y", "term_uid": 8770}, "dst": {"uid": 29009, "term": "X", "term_uid": 29049}, "why": "R3 S1 w15847"}
18 {"op": "wire", "id": "rw_28189_28281", "src": {"uid": 28180, "term": "forward coefficients", "term_uid": 28189}, "dst": {"uid": 28233, "term": "FIR Coefficients", "term_uid": 28281}, "why": "R3 S1 w28139"}
19 {"op": "wire", "id": "rw_28251_27827", "src": {"uid": 28233, "term": "Filtered X", "term_uid": 28251}, "dst": {"uid": 27716, "term": "array", "term_uid": 27827}, "why": "R3 S1 w28509"}
20 {"op": "wire", "id": "rw_29025_11320", "src": {"uid": 29009, "term": "Filtered X", "term_uid": 29025}, "dst": {"uid": 11310, "term": "Filtered X", "term_uid": 11320}, "why": "R3 S1 w24106"}
21 {"op": "wire", "id": "rw_27784_11323", "src": {"uid": 27716, "term": "second subarray", "term_uid": 27784}, "dst": {"uid": 11310, "term": "element", "term_uid": 11323}, "why": "R3 S1 w9407"}
22 {"op": "move_in", "id": "mv_11261", "nodes": [11261], "dest_diagram": "new:DL1.body", "pos": [2961, 1735], "why": "R4 BuildArray into R1 outside R2"}
23 {"op": "delete_object", "id": "del_11363", "uid": 11363, "why": "card 100-3 (judgement): For #1359 output tunnel #11363 has both faces unwired after R3 (w11374) and R4 (w11352) - deleted"}
24 {"op": "create", "id": "r5_ind_ring", "class": "ControlTerminal", "diagram": 639, "as": "INDRING1", "label": "plot ring (display)", "indicator": true, "visible": false, "born_on": {"uid": 9227, "term_uid": 9234}, "why": "R5 L1 hidden indicator created on the w
25 {"op": "create", "id": "r5_ind_wlc", "class": "ControlTerminal", "diagram": 639, "as": "INDWLC1", "label": "plot WLC (display)", "indicator": true, "visible": false, "born_on": {"uid": 11608, "term_uid": 11614}, "why": "R5 L2 hidden indicator on #11608 'output
26 {"op": "create", "id": "r6_lr_ring", "class": "Local", "diagram": "new:DL1.body", "as": "LRRING1", "label": "plot ring (display)", "mode": "read", "terminals": [{"name": "plot ring (display)", "is_source": true}], "why": "R6 local READ of L1; stagekit.create_l
27 {"op": "create", "id": "r6_lr_wlc", "class": "Local", "diagram": "new:DL1.body", "as": "LRWLC1", "label": "plot WLC (display)", "mode": "read", "terminals": [{"name": "plot WLC (display)", "is_source": true}], "why": "R6 local READ of L2"}
28 {"op": "create", "id": "r6_lr_base", "class": "Local", "diagram": "new:DL1.body", "as": "LRBASE1", "label": "Exp Baseline", "mode": "read", "terminals": [{"name": "Exp Baseline", "is_source": true}], "why": "R6 local READ of Exp Baseline (#8476)"}
29 {"op": "create", "id": "r6_lr_fhw", "class": "Local", "diagram": "new:DL1.body", "as": "LRFHW1", "label": "Force\nsmoothing\nhalf-width", "mode": "read", "terminals": [{"name": "Force\nsmoothing\nhalf-width", "is_source": true}], "why": "R6 local READ of the w
30 {"op": "create", "id": "r6_lr_ehw", "class": "Local", "diagram": "new:DL1.body", "as": "LREHW1", "label": "Extension\nmedian filter\nhalf-width", "mode": "read", "terminals": [{"name": "Extension\nmedian filter\nhalf-width", "is_source": true}], "why": "R6 loc
31 {"op": "tunnel", "id": "t_ring", "loop": "new:DLF1", "body": "new:DLF1.body", "parent": "new:DL1.body", "dir": "in", "as": "TRING1", "indexing": true, "why": "R6 one page per bead"}
32 {"op": "wire", "id": "t_ring_out", "src": "new:LRRING1.value", "dst": "new:TRING1.outer"}
33 {"op": "wire", "id": "t_ring_in", "src": "new:TRING1.inner", "dst": {"uid": 8741, "term": "array", "term_uid": 8747}, "why": "S1 w8811"}
34 {"op": "tunnel", "id": "t_base", "loop": "new:DLF1", "body": "new:DLF1.body", "parent": "new:DL1.body", "dir": "in", "as": "TBASE1", "indexing": false}
35 {"op": "wire", "id": "t_base_out", "src": "new:LRBASE1.value", "dst": "new:TBASE1.outer"}
36 {"op": "wire", "id": "t_base_in", "src": "new:TBASE1.inner", "dst": {"uid": 8764, "term": "y", "term_uid": 8777}, "why": "S1 w7931"}
37 {"op": "tunnel", "id": "t_fhw", "loop": "new:DLF1", "body": "new:DLF1.body", "parent": "new:DL1.body", "dir": "in", "as": "TFHW1", "indexing": false}
38 {"op": "wire", "id": "t_fhw_out", "src": "new:LRFHW1.value", "dst": "new:TFHW1.outer"}
39 {"op": "wire", "id": "t_fhw_in", "src": "new:TFHW1.inner", "dst": {"uid": 27716, "term": "index", "term_uid": 27818}, "why": "S1 w31064"}
40 {"op": "wire", "id": "t_fhw_br_28223", "src": "new:TFHW1.inner", "dst": {"uid": 28180, "term": "half-width", "term_uid": 28223}, "why": "S1 w31064 branch: connect_from_wire off the tunnel's INNER face"}
41 {"op": "tunnel", "id": "t_ehw", "loop": "new:DLF1", "body": "new:DLF1.body", "parent": "new:DL1.body", "dir": "in", "as": "TEHW1", "indexing": false}
42 {"op": "wire", "id": "t_ehw_out", "src": "new:LREHW1.value", "dst": "new:TEHW1.outer"}
43 {"op": "wire", "id": "t_ehw_in", "src": "new:TEHW1.inner", "dst": {"uid": 29009, "term": "right rank", "term_uid": 29043}, "why": "S1 w31128"}
44 {"op": "wire", "id": "t_ehw_br_29046", "src": "new:TEHW1.inner", "dst": {"uid": 29009, "term": "left rank", "term_uid": 29046}, "why": "S1 w31128 branch off the INNER face"}
45 {"op": "tunnel", "id": "t_out", "loop": "new:DLF1", "body": "new:DLF1.body", "parent": "new:DL1.body", "dir": "out", "as": "TOUT1", "indexing": true, "why": "R6 auto-indexed output = the role of #11363"}
46 {"op": "wire", "id": "t_out_in", "src": {"uid": 11310, "term": "output cluster", "term_uid": 11316}, "dst": "new:TOUT1.inner", "why": "S1 w11374"}
47 {"op": "wire", "id": "t_out_out", "src": "new:TOUT1.outer", "dst": {"uid": 11261, "term": "array", "term_uid": 11270}, "why": "S1 w11352"}
48 {"op": "wire", "id": "r6_wlc_element", "src": "new:LRWLC1.value", "dst": {"uid": 11261, "term": "element", "term_uid": 11273}, "why": "S1 w12256 (from L2)"}
49 {"op": "create", "id": "r6_lw_force", "class": "Local", "diagram": "new:DL1.body", "as": "LWFORCE1", "label": "Force (pN) vs Extension (nm) ", "mode": "write", "terminals": [{"name": "Force (pN) vs Extension (nm) ", "is_source": false}], "why": "R6 #8323 writt
50 {"op": "wire", "id": "r6_force_write", "src": {"uid": 11261, "term": "appended array", "term_uid": 11267}, "dst": "new:LWFORCE1.value", "why": "S1 w10908"}
51 {"op": "create", "id": "r7_wait", "class": "Function", "diagram": "new:DL1.body", "as": "WAIT1", "donor_uid": 44143, "terminals": [{"name": "milliseconds to wait", "is_source": false, "term_class": "ParameterTerminal"}, {"name": "millisecond timer value", "is_
52 {"op": "create", "id": "r7_max", "class": "Comparison", "diagram": "new:DL1.body", "as": "MAX1", "prim": "Max & Min", "terminals": [{"name": "x", "is_source": false, "term_class": "ParameterTerminal"}, {"name": "y", "is_source": false, "term_class": "Parameter
53 {"op": "create", "id": "r7_one", "class": "DigitalNumericConstant", "diagram": "new:DL1.body", "as": "ONE1", "on": "new:MAX1.y", "value": 1, "why": "R7 the 1 of the clamp; stagekit.const_row (OpCreateConstOnTerm_v0, a node in a WhileLoop body)"}
54 {"op": "create", "id": "r7_ctl", "class": "ControlTerminal", "diagram": "new:DL1.body", "as": "CTLPERIOD1", "label": "Display period (ms)", "on": "new:MAX1.x", "representation": "DBL", "default": 100, "why": "R7 control created on MAX1 x; PD213(b): DBL (Max & 
55 {"op": "wire", "id": "r7_max_wait", "src": "new:MAX1.max(x,y)", "dst": "new:WAIT1.milliseconds to wait"}
56 {"op": "create", "id": "r8_lr_turnoff", "class": "Local", "diagram": "new:DL1.body", "as": "LRTURNOFF1", "label": "TurnOff", "mode": "read", "terminals": [{"name": "TurnOff", "is_source": true}], "why": "R8 local READ of TurnOff #24444"}
57 {"op": "wire", "id": "r8_stop", "src": "new:LRTURNOFF1.value", "dst": "new:DL1.cond", "why": "R8 OpStopFromNode_v0: R1 stops on TurnOff"}
57 21
Traceback (most recent call last):
  File "G:\Codes\LabVIEW_Codes\MinLab\zz_LabView VI\AAA_UNIST\2. Tracking\V6_ParallelLoop\tools\bench\diag_c101_peek.py", line 14, in <module>
    print(protocol.result_line("PASS", {"pass": 1, "fail": 0}) if hasattr(protocol, "result_line") else "RESULT {}")
TypeError: result_line() takes 1 positional argument but 2 were given
BGRUN END rc=1 after 1s (NO RESULT LINE)
