BGRUN START 2026-09-21 13:34:52 limit 30.0 min: py -u tools/bench/diag_c64_junkpurge.py
=== diag_c64_junkpurge  2026-09-21 13:34:52
=== cycle 64 material #4: ONE delete-by-uid separates 'the reader perturbs the reading' from 'the op's junk node breaks the VI'. PURE MEASUREMENT - nothing is built, no VI is saved.
=== NO g.open_panel call appears in this file; the edits reach it only inside the wrappers' own ensure_loaded. No loaded path is ever removed-and-replaced.
  FACT  LabVIEW handles BEFORE: 33976
  FACT  tracked VI Server refs BEFORE: {'opened': 0, 'closed': 0, 'live': 0, 'cached_op_vis': 0}
  FACT  Z0 ORIGINAL (read-only probe): HASH G:\Codes\LabVIEW_Codes\MinLab\zz_LabView VI\AAA_UNIST\2. Tracking\Min_Track N beads V6_ParallelLoop.vi | exists=1 | size=473317 | md5=2a78e17c449cacdaf5da389818526859 | sha256=f827a67e91cc2a51284cdce0ada5d34ecf89cf865bca5f0bdfa870f0020df4bb
  PASS  Z_0 the ORIGINAL's md5 equals the pin  2a78e17c449cacdaf5da389818526859
  FACT  Z0b D1_s1_copy.vi: HASH C:\Program Files\National Instruments\LabVIEW 2026\user.lib\claudeDev\D1_s1_copy.vi | exists=1 | size=474202 | md5=3e3d23cefd3a334001aa9d6156bf1aee | sha256=1ab3360021cb04f03e8fe4a503d1972aefa26a34ed5b8fd9393ec6899330e0f7
  PASS  Z_0b D1_s1_copy.vi md5 == 3e3d23cefd3a334001aa9d6156bf1aee  3e3d23cefd3a334001aa9d6156bf1aee
  FACT  Z0c D1_s2_loops.vi: HASH C:\Program Files\National Instruments\LabVIEW 2026\user.lib\claudeDev\D1_s2_loops.vi | exists=1 | size=475707 | md5=6ff19497f2309e007a214660bb64b911 | sha256=d52e754e29a85e9cc3ddeb039f6c5e325c9094c5e1f8c944059d4a5f7b33c3f5
  PASS  Z_0c D1_s2_loops.vi md5 == 6ff19497f2309e007a214660bb64b911  6ff19497f2309e007a214660bb64b911
  FACT  Z0d D1_s3a_focus_ind.vi (FATAL pin, never written): HASH C:\Program Files\National Instruments\LabVIEW 2026\user.lib\claudeDev\D1_s3a_focus_ind.vi | exists=1 | size=476172 | md5=eef91c1d91f16b034707e4d1285ca8cb | sha256=8afd9f95e280139e64aa648906ba7f799e8d0ae39aabfae42c93ef4f102d23bb
  PASS  Z_0d D1_s3a_focus_ind.vi md5 == eef91c1d91f16b034707e4d1285ca8cb  eef91c1d91f16b034707e4d1285ca8cb
  FACT  Z0e the donor OpCreateLocalRead_v0.vi: HASH C:\Program Files\National Instruments\LabVIEW 2026\user.lib\claudeDev\OpCreateLocalRead_v0.vi | exists=1 | size=10192 | md5=f695d97a36ae127cd2dd3ca6b1fc1089 | sha256=2b2b3d97596a8a1c90fc8426012dfd213acdae5a34c427ab07ed3773c712cb4e
  PASS  Z_0e OpCreateLocalRead_v0.vi md5 == f695d97a36ae127cd2dd3ca6b1fc1089  f695d97a36ae127cd2dd3ca6b1fc1089
  FACT  Z0f OpConnectNested_v1.vi (the op under test): HASH C:\Program Files\National Instruments\LabVIEW 2026\user.lib\claudeDev\OpConnectNested_v1.vi | exists=1 | size=14666 | md5=b7a1bb56cefe2b4632125e6bda0d7221 | sha256=eb3ace5b6ea391471cadadc15f0177d62595443b379aef7161c12ae9d77ee996
  PASS  Z_0f OpConnectNested_v1.vi md5 starts with b7a1bb56  b7a1bb56cefe2b4632125e6bda0d7221
  FACT  Z0g the LEG 1 bed OpReport_v0.vi: HASH C:\Program Files\National Instruments\LabVIEW 2026\user.lib\claudeDev\OpReport_v0.vi | exists=1 | size=7523 | md5=2b21a1c10f895d7dad41037e20cd690a | sha256=ef50792a6b250f5d105c2cf4d032538eb7f0d308eb0619f478a5a5cfa1c045f0
  PASS  Z_0g OpReport_v0.vi md5 starts with 2b21a1c1  2b21a1c10f895d7dad41037e20cd690a
  FACT  Z_R RESTART (pre-batch, 44(e)): lv_restart rc=0 ['dialogs: ,1346,762| / ENABLED|16320648|0,0,0,0|LabVIEW / VERDICT: clear (no modal dialog)']
  FACT  LabVIEW handles AFTER the pre-batch restart: 30689

=== LEG 1  THE OP BED: a scratch duplicate of claudeDev\OpReport_v0.vi, the SAME idempotent pair dispatch #3 used (wire 467)
  FACT  ExecState [01 L1 | [L1 1] the untouched scratch, cold] = 1   (+66.2 s, read cost 0.36 s)
  FACT  L1 before counts: {'Node': 2, 'Wire': 6}
  FACT  L1 before node census: 2 rows
  FACT  L1 before wire census: 6 rows
  FACT  L1 src terminal table of #None (Diagram idx 0, Nodes[0], echo 43): 8 terminal(s)
  FACT      L1 src t0  'error out'                        is_source=True  wire=0       errs=[0, 0, 0, 1055]
  FACT      L1 src t1  'vi reference'                     is_source=True  wire=467     errs=[0, 0, 0, 0]
  FACT      L1 src t2  'password ("")'                    is_source=False wire=0       errs=[0, 0, 0, 1055]
  FACT      L1 src t3  'type specifier VI Refnum (for type only)' is_source=False wire=0       errs=[0, 0, 0, 1055]
  FACT      L1 src t4  'error in (no error)'              is_source=False wire=0       errs=[0, 0, 0, 1055]
  FACT      L1 src t5  'options'                          is_source=False wire=0       errs=[0, 0, 0, 1055]
  FACT      L1 src t6  'vi path'                          is_source=False wire=106     errs=[0, 0, 0, 0]
  FACT      L1 src t7  'application reference (local)'    is_source=False wire=0       errs=[0, 0, 0, 1055]
  FACT  L1 sink terminal table of #None (Diagram idx 0, Nodes[1], echo 124): 12 terminal(s)
  FACT      L1 sink t0  'error out'                        is_source=True  wire=425     errs=[0, 0, 0, 0]
  FACT      L1 sink t1  '# of Refs'                        is_source=True  wire=303     errs=[0, 0, 0, 0]
  FACT      L1 sink t2  'References'                       is_source=True  wire=0       errs=[0, 0, 0, 1055]
  FACT      L1 sink t3  'dup VI Refnum'                    is_source=True  wire=0       errs=[0, 0, 0, 1055]
  FACT      L1 sink t4  ''                                 is_source=False wire=0       errs=[0, 0, 0, 1055]
  FACT      L1 sink t5  'Other Refnum'                     is_source=False wire=0       errs=[0, 0, 0, 1055]
  FACT      L1 sink t6  'Traverse Generated Code (F)'      is_source=False wire=0       errs=[0, 0, 0, 1055]
  FACT      L1 sink t7  'Traverse Target'                  is_source=False wire=415     errs=[0, 0, 0, 0]
  FACT      L1 sink t8  'error in (no error)'              is_source=False wire=0       errs=[0, 0, 0, 1055]
  FACT      L1 sink t9  ''                                 is_source=False wire=0       errs=[0, 0, 0, 1055]
  FACT      L1 sink t10 'Class Name'                       is_source=False wire=373     errs=[0, 0, 0, 0]
  FACT      L1 sink t11 'VI Refnum'                        is_source=False wire=467     errs=[0, 0, 0, 0]
  PASS  L1_a the bed pair is intact on the scratch: wire 467 at BOTH ends, src is_source True  src {'i': 1, 'name': 'vi reference', 'is_source': True, 'wire': 467, 'has_wire': True, 'errs': [0, 0, 0, 0]} ; sink {'i': 11, 'name': 'VI Refnum', 'is_source': False, 'wire': 467, 'has_wire': True, 'errs': [0, 0, 0, 0]}
  FACT  ExecState [02 L1 | [L1 2] immediately BEFORE the idempotent connect_nested_v1] = 1   (+67.8 s, read cost 0.06 s)
  FACT  L1 THE ONE CALL: connect_nested_v1(target, sink_diag=0, sink_node=1, sink_term=11, src_diag=0, src_node=0, src_term=1)   (IDEMPOTENT - this pair is already joined by wire 467)
      [op stdout] op readback {'UID': 124, 'Name': 'VI Refnum', 'UID 2': 467, 'Is Broken?': False}
  FACT  L1 connect result: {'wire_delta': 0, 'exec_state_returned': 0, 'op_error': '', 'error_verbatim': '', 'call_cost_s': 0.29}
  FACT  ExecState [03 L1 | [L1 3] immediately AFTER the connect] = 0   (+68.1 s, read cost 0.01 s)
  FACT  L1 after connect counts: {'Node': 3, 'Wire': 6}
  FACT  L1 after connect node census: 3 rows
  FACT  L1 after connect wire census: 6 rows
  PASS  L1_b the connect was IDEMPOTENT (wire_delta 0 and the Wire census unchanged)  wire_delta 0 ; Wire 6 -> 6
  FACT  L1 THE CENSUS DIFF: 1 new Node uid(s): [(167, 'Invoke', (0, 0), 'TopLevelDiagram')]
  PASS  L1_c exactly ONE new Node appeared and it is identified by uid  Node 2 -> 3 ; new [167]
  FACT  L1 owning diagram of #167: {'diagram_index': 0, 'diagram_uid': 3, 'diagram_class': 'TopLevelDiagram', 'nodes_index': 2, 'nodes_on_diagram': 3, 'label': 'Invoke Node'}  (1 diagram(s) scanned of 1, 0.1 s)
  PASS  L1_c2 the new node's OWNING DIAGRAM is named by the census that found it (not owner_of)  {'diagram_index': 0, 'diagram_uid': 3, 'diagram_class': 'TopLevelDiagram', 'nodes_index': 2, 'nodes_on_diagram': 3, 'label': 'Invoke Node'}
  FACT  L1 NEW NODE terminal table of #167 (Diagram idx 0, Nodes[2], echo 167): 6 terminal(s)
  FACT      L1 NEW NODE t0  'reference'                        is_source=False wire=0       errs=[0, 0, 0, 1055]
  FACT      L1 NEW NODE t1  'reference out'                    is_source=True  wire=0       errs=[0, 0, 0, 1055]
  FACT      L1 NEW NODE t2  'error in (no error)'              is_source=False wire=0       errs=[0, 0, 0, 1055]
  FACT      L1 NEW NODE t3  'error out'                        is_source=True  wire=0       errs=[0, 0, 0, 1055]
  FACT      L1 NEW NODE t4  'Method'                           is_source=False wire=0       errs=[0, 0, 0, 1055]
  FACT      L1 NEW NODE t5  'Method'                           is_source=True  wire=0       errs=[0, 0, 0, 1055]
  FACT  L1 THE NEW NODE: uid #167, class 'Invoke', label 'Invoke Node', pos (0, 0), owner_class 'TopLevelDiagram', 6 terminal(s), 0 of them wired
  PASS  L1_c3 the new node's FULL terminal table was read (every terminal, name, is_source, wire)  echo 167 ; 6 terminal(s) ; ''
  FACT  L1 the new node #167 carries 0 wire(s): []
  FACT  L1 delete Node #167 at index 0: gone [167], error '', census 3 -> 2, still present False (0.14 s)
  PASS  L1_d the new node was deleted BY UID and delete_object reports exactly that uid gone  gone [167] (asked 167) ; error '' ; still present False
  FACT  ExecState [04 L1 | [L1] immediately AFTER the delete-by-uid] = 1   (+69.0 s, read cost 0.00 s)
  FACT  ExecState [05 L1 | [L1] bare re-read 1 of 3 (~2 s apart)] = 1   (+71.0 s, read cost 0.00 s)
  FACT  ExecState [06 L1 | [L1] bare re-read 2 of 3 (~2 s apart)] = 1   (+73.0 s, read cost 0.01 s)
  FACT  ExecState [07 L1 | [L1] bare re-read 3 of 3 (~2 s apart)] = 1   (+75.0 s, read cost 0.00 s)
  FACT  L1 THE READING: ExecState after the delete 1, then [1, 1, 1]
  FACT  L1 after delete counts: {'Node': 2, 'Wire': 6}
  FACT  L1 after delete wire census: 6 rows
  PASS  L1_e *** THE READING: ExecState 1 (cold) -> 0 (after connect) -> 1 (after the junk purge) ***  {'cold': 1, 'before_connect': 1, 'after_connect': 0, 'after_delete': 1, 're_reads': [1, 1, 1], 'Wire': [6, 6, 6], 'Node': [2, 3, 2]}
  PASS  Z_3a the LEG 1 scratch is deleted in the same run  C:\Program Files\National Instruments\LabVIEW 2026\user.lib\claudeDev\SCRATCH_C64JP1_20260921_133452.vi

=== LEG 2  THE REAL BED: a scratch duplicate of claudeDev\D1_s3a_focus_ind.vi and the negative control's own call connect_nested_v1(46,24,0,46,25,0)
  FACT  ExecState [08 L2 | [L2 1] the untouched scratch, cold] = 1   (+75.2 s, read cost 1.28 s)
  PASS  L2_a the scratch opens COLD at ExecState 1  1
  FACT  L2 before counts: {'Node': 630, 'Wire': 1905, 'ControlTerminal': 116}
  PASS  L2_a2 the baselines hold: Node 630 / Wire 1905 / ControlTerminal 116  {'Node': 630, 'Wire': 1905, 'ControlTerminal': 116}
  FACT  L2 before node census: 630 rows
  FACT  L2 diag_index(#639) RE-READ off the machine = 46
  FACT  L2 SINK #10407 terminal table of #10407 (Diagram idx 46, Nodes[24], echo 10407): 7 terminal(s)
  FACT      L2 SINK #10407 t0  ''                                 is_source=False wire=10799   errs=[0, 0, 0, 0]
  FACT      L2 SINK #10407 t1  '# slices in stack'                is_source=False wire=9635    errs=[0, 0, 0, 0]
  FACT      L2 SINK #10407 t2  'Index of closest\ncal image slice, bead 2' is_source=False wire=10990   errs=[0, 0, 0, 0]
  FACT      L2 SINK #10407 t3  'Outgoing Handle'                  is_source=False wire=11232   errs=[0, 0, 0, 0]
  FACT      L2 SINK #10407 t4  'VISA out'                         is_source=True  wire=7337    errs=[0, 0, 0, 0]
  FACT      L2 SINK #10407 t5  'Out position'                     is_source=False wire=7388    errs=[0, 0, 0, 0]
  FACT      L2 SINK #10407 t6  'position [internal units]'        is_source=True  wire=9113    errs=[0, 0, 0, 0]
  FACT  L2 SINK #10407 on Diagram #639: Nodes[24] label 'Case Structure' ; t0 {'i': 0, 'name': '', 'is_source': False, 'wire': 10799, 'has_wire': True, 'errs': [0, 0, 0, 0]}
  FACT  L2 SOURCE #10686 terminal table of #10686 (Diagram idx 46, Nodes[25], echo 10686): 3 terminal(s)
  FACT      L2 SOURCE #10686 t0  'x .and. y?'                       is_source=True  wire=10799   errs=[0, 0, 0, 0]
  FACT      L2 SOURCE #10686 t1  'y'                                is_source=False wire=9105    errs=[0, 0, 0, 0]
  FACT      L2 SOURCE #10686 t2  'x'                                is_source=False wire=3050    errs=[0, 0, 0, 0]
  FACT  L2 SOURCE #10686 on Diagram #639: Nodes[25] label 'And' ; t0 {'i': 0, 'name': 'x .and. y?', 'is_source': True, 'wire': 10799, 'has_wire': True, 'errs': [0, 0, 0, 0]}
  PASS  L2_b #10407 and #10686 resolve on Diagram #639 with their own uid echoed back, at Nodes[24]/[25]  sink Nodes[24] echo 10407 ; source Nodes[25] echo 10686
  PASS  L2_b2 #10407 t0 and #10686 t0 BOTH already carry wire 10799  sink t0 {'i': 0, 'name': '', 'is_source': False, 'wire': 10799, 'has_wire': True, 'errs': [0, 0, 0, 0]} ; source t0 {'i': 0, 'name': 'x .and. y?', 'is_source': True, 'wire': 10799, 'has_wire': True, 'errs': [0, 0, 0, 0]}
  FACT  ExecState [09 L2 | [L2 2] immediately BEFORE the idempotent connect_nested_v1] = 1   (+89.4 s, read cost 0.76 s)
  FACT  L2 THE ONE CALL: connect_nested_v1(target, 46, 24, 0, 46, 25, 0)   (IDEMPOTENT - this pair is already joined by wire 10799)
      [op stdout] op readback {'UID': 10407, 'Name': '', 'UID 2': 10799, 'Is Broken?': False}
  FACT  L2 connect result: {'wire_delta': 0, 'exec_state_returned': 0, 'op_error': '', 'error_verbatim': '', 'call_cost_s': 2.73}
  FACT  ExecState [10 L2 | [L2 3] immediately AFTER the connect] = 0   (+92.9 s, read cost 0.00 s)
  FACT  L2 after connect counts: {'Node': 631, 'Wire': 1905, 'ControlTerminal': 116}
  PASS  L2_c the connect was IDEMPOTENT (wire_delta 0 and the Wire census unchanged)  wire_delta 0 ; Wire 1905 -> 1905
  FACT  L2 after connect node census: 631 rows
  FACT  L2 THE CENSUS DIFF: 1 new Node uid(s): [(23493, 'Invoke', (2639, 933), 'Diagram')]
  PASS  L2_d exactly ONE new Node appeared and it is identified by uid  Node 630 -> 631 ; new [23493]
  FACT  L2 owning diagram of #23493: {'diagram_index': 46, 'diagram_uid': 639, 'diagram_class': 'Diagram', 'nodes_index': 73, 'nodes_on_diagram': 74, 'label': 'Invoke Node'}  (1 diagram(s) scanned of 173, 0.4 s)
  PASS  L2_d2 the new node's OWNING DIAGRAM is named by the census that found it (not owner_of)  {'diagram_index': 46, 'diagram_uid': 639, 'diagram_class': 'Diagram', 'nodes_index': 73, 'nodes_on_diagram': 74, 'label': 'Invoke Node'}
  FACT  L2 NEW NODE terminal table of #23493 (Diagram idx 46, Nodes[73], echo 23493): 6 terminal(s)
  FACT      L2 NEW NODE t0  'reference'                        is_source=False wire=0       errs=[0, 0, 0, 1055]
  FACT      L2 NEW NODE t1  'reference out'                    is_source=True  wire=0       errs=[0, 0, 0, 1055]
  FACT      L2 NEW NODE t2  'error in (no error)'              is_source=False wire=0       errs=[0, 0, 0, 1055]
  FACT      L2 NEW NODE t3  'error out'                        is_source=True  wire=0       errs=[0, 0, 0, 1055]
  FACT      L2 NEW NODE t4  'Method'                           is_source=False wire=0       errs=[0, 0, 0, 1055]
  FACT      L2 NEW NODE t5  'Method'                           is_source=True  wire=0       errs=[0, 0, 0, 1055]
  FACT  L2 THE NEW NODE: uid #23493, class 'Invoke', label 'Invoke Node', pos (2639, 933), owner_class 'Diagram', 6 terminal(s), 0 of them wired
  PASS  L2_d3 the new node's FULL terminal table was read (every terminal, name, is_source, wire)  echo 23493 ; 6 terminal(s) ; ''
  FACT  L2 the new node #23493 carries 0 wire(s): []
  FACT  L2 delete Node #23493 at index 163: gone [23493], error '', census 631 -> 630, still present False (1.48 s)
  PASS  L2_e the new node was deleted BY UID and delete_object reports exactly that uid gone  gone [23493] (asked 23493) ; error '' ; still present False
  FACT  ExecState [11 L2 | [L2] immediately AFTER the delete-by-uid] = 1   (+97.5 s, read cost 0.00 s)
  FACT  ExecState [12 L2 | [L2] bare re-read 1 of 3 (~2 s apart)] = 1   (+99.5 s, read cost 0.00 s)
  FACT  ExecState [13 L2 | [L2] bare re-read 2 of 3 (~2 s apart)] = 1   (+101.6 s, read cost 0.00 s)
  FACT  ExecState [14 L2 | [L2] bare re-read 3 of 3 (~2 s apart)] = 1   (+103.6 s, read cost 0.00 s)
  FACT  L2 THE READING: ExecState after the delete 1, then [1, 1, 1]
  FACT  L2 after delete counts: {'Node': 630, 'Wire': 1905, 'ControlTerminal': 116}
  FACT  L2 SINK after #10407 terminal table of #10407 (Diagram idx 46, Nodes[24], echo 10407): 7 terminal(s)
  FACT      L2 SINK after #10407 t0  ''                                 is_source=False wire=10799   errs=[0, 0, 0, 0]
  FACT      L2 SINK after #10407 t1  '# slices in stack'                is_source=False wire=9635    errs=[0, 0, 0, 0]
  FACT      L2 SINK after #10407 t2  'Index of closest\ncal image slice, bead 2' is_source=False wire=10990   errs=[0, 0, 0, 0]
  FACT      L2 SINK after #10407 t3  'Outgoing Handle'                  is_source=False wire=11232   errs=[0, 0, 0, 0]
  FACT      L2 SINK after #10407 t4  'VISA out'                         is_source=True  wire=7337    errs=[0, 0, 0, 0]
  FACT      L2 SINK after #10407 t5  'Out position'                     is_source=False wire=7388    errs=[0, 0, 0, 0]
  FACT      L2 SINK after #10407 t6  'position [internal units]'        is_source=True  wire=9113    errs=[0, 0, 0, 0]
  FACT  L2 SINK after #10407 on Diagram #639: Nodes[24] label 'Case Structure' ; t0 {'i': 0, 'name': '', 'is_source': False, 'wire': 10799, 'has_wire': True, 'errs': [0, 0, 0, 0]}
  PASS  L2_e2 #10407 t0 still carries wire 10799 after the purge  before 10799 ; after 10799
  PASS  L2_e3 the ControlTerminal census is unchanged across the whole leg (116)  116 -> 116 -> 116
  PASS  L2_f *** THE READING: ExecState 1 (cold) -> 0 (after connect) -> 1 (after the junk purge) ***  {'cold': 1, 'before_connect': 1, 'after_connect': 0, 'after_delete': 1, 're_reads': [1, 1, 1], 'Wire': [1905, 1905, 1905], 'Node': [630, 631, 630], 'ControlTerminal': [116, 116], 'case_t0_wire': [10799, 10799]}
  PASS  Z_3b the LEG 2 scratch is deleted in the same run  C:\Program Files\National Instruments\LabVIEW 2026\user.lib\claudeDev\SCRATCH_C64JP2_20260921_133452.vi
  FACT  tracked VI Server refs AFTER: {'opened': 20, 'closed': 20, 'live': 0, 'cached_op_vis': 6}
  FACT  LabVIEW handles AFTER everything: 41136
  FACT  Z1 ORIGINAL after everything: HASH G:\Codes\LabVIEW_Codes\MinLab\zz_LabView VI\AAA_UNIST\2. Tracking\Min_Track N beads V6_ParallelLoop.vi | exists=1 | size=473317 | md5=2a78e17c449cacdaf5da389818526859 | sha256=f827a67e91cc2a51284cdce0ada5d34ecf89cf865bca5f0bdfa870f0020df4bb
  FACT  Z1b D1_s1_copy.vi after everything: HASH C:\Program Files\National Instruments\LabVIEW 2026\user.lib\claudeDev\D1_s1_copy.vi | exists=1 | size=474202 | md5=3e3d23cefd3a334001aa9d6156bf1aee | sha256=1ab3360021cb04f03e8fe4a503d1972aefa26a34ed5b8fd9393ec6899330e0f7
  FACT  Z1c D1_s2_loops.vi after everything: HASH C:\Program Files\National Instruments\LabVIEW 2026\user.lib\claudeDev\D1_s2_loops.vi | exists=1 | size=475707 | md5=6ff19497f2309e007a214660bb64b911 | sha256=d52e754e29a85e9cc3ddeb039f6c5e325c9094c5e1f8c944059d4a5f7b33c3f5
  FACT  Z1d D1_s3a_focus_ind.vi after everything: HASH C:\Program Files\National Instruments\LabVIEW 2026\user.lib\claudeDev\D1_s3a_focus_ind.vi | exists=1 | size=476172 | md5=eef91c1d91f16b034707e4d1285ca8cb | sha256=8afd9f95e280139e64aa648906ba7f799e8d0ae39aabfae42c93ef4f102d23bb
  FACT  Z1e the donor OpCreateLocalRead_v0.vi after everything: HASH C:\Program Files\National Instruments\LabVIEW 2026\user.lib\claudeDev\OpCreateLocalRead_v0.vi | exists=1 | size=10192 | md5=f695d97a36ae127cd2dd3ca6b1fc1089 | sha256=2b2b3d97596a8a1c90fc8426012dfd213acdae5a34c427ab07ed3773c712cb4e
  FACT  Z1f OpConnectNested_v1.vi after everything: HASH C:\Program Files\National Instruments\LabVIEW 2026\user.lib\claudeDev\OpConnectNested_v1.vi | exists=1 | size=14666 | md5=b7a1bb56cefe2b4632125e6bda0d7221 | sha256=eb3ace5b6ea391471cadadc15f0177d62595443b379aef7161c12ae9d77ee996
  FACT  Z1g the LEG 1 bed OpReport_v0.vi after everything: HASH C:\Program Files\National Instruments\LabVIEW 2026\user.lib\claudeDev\OpReport_v0.vi | exists=1 | size=7523 | md5=2b21a1c10f895d7dad41037e20cd690a | sha256=ef50792a6b250f5d105c2cf4d032538eb7f0d308eb0619f478a5a5cfa1c045f0
  PASS  Z_1 ORIGINAL / D1_s1_copy / D1_s2_loops / D1_s3a_focus_ind md5 ALL unchanged  2a78e17c449cacdaf5da389818526859 / 3e3d23cefd3a334001aa9d6156bf1aee / 6ff19497f2309e007a214660bb64b911 / eef91c1d91f16b034707e4d1285ca8cb
  PASS  Z_1b the donor OpCreateLocalRead_v0.vi is byte-unchanged  f695d97a36ae127cd2dd3ca6b1fc1089
  PASS  Z_1c OpConnectNested_v1.vi is byte-unchanged across the run  'b7a1bb56cefe2b4632125e6bda0d7221' -> 'b7a1bb56cefe2b4632125e6bda0d7221'
  PASS  Z_1d the LEG 1 bed OpReport_v0.vi is byte-unchanged across the run  '2b21a1c10f895d7dad41037e20cd690a' -> '2b21a1c10f895d7dad41037e20cd690a'
  PASS  Z_1e refs opened == closed, 0 live  {'opened': 20, 'closed': 20, 'live': 0, 'cached_op_vis': 6}
  PASS  Z_1f EVERY scratch is gone (nothing is left on disk by this run)  still on disk: []

=== THE COMPLETE TIMESTAMPED ExecState TIMELINE
  step leg  call / tag                                                 ExecState    wall      
  1    L1   [L1 1] the untouched scratch, cold                         1            13:35:58  
  2    L1   [L1 2] immediately BEFORE the idempotent connect_nested_v1 1            13:36:00  
  3    L1   [L1 3] immediately AFTER the connect                       0            13:36:00  
  4    L1   [L1] immediately AFTER the delete-by-uid                   1            13:36:01  
  5    L1   [L1] bare re-read 1 of 3 (~2 s apart)                      1            13:36:03  
  6    L1   [L1] bare re-read 2 of 3 (~2 s apart)                      1            13:36:05  
  7    L1   [L1] bare re-read 3 of 3 (~2 s apart)                      1            13:36:07  
  8    L2   [L2 1] the untouched scratch, cold                         1            13:36:08  
  9    L2   [L2 2] immediately BEFORE the idempotent connect_nested_v1 1            13:36:22  
  10   L2   [L2 3] immediately AFTER the connect                       0            13:36:25  
  11   L2   [L2] immediately AFTER the delete-by-uid                   1            13:36:29  
  12   L2   [L2] bare re-read 1 of 3 (~2 s apart)                      1            13:36:31  
  13   L2   [L2] bare re-read 2 of 3 (~2 s apart)                      1            13:36:33  
  14   L2   [L2] bare re-read 3 of 3 (~2 s apart)                      1            13:36:35  

=== THE TWO LEGS SIDE BY SIDE
  leg    bed                            cold ES  ES connect ES purge    re-reads     the new node
  LEG1   OpReport_v0.vi                 1        0          1           [1, 1, 1]    #167 Invoke on Diagram idx 0 (uid #3), 6 terminal(s)
  LEG2   D1_s3a_focus_ind.vi            1        0          1           [1, 1, 1]    #23493 Invoke on Diagram idx 46 (uid #639), 6 terminal(s)

=== GATES 34 pass / 0 fail
=== readings -> G:\Codes\LabVIEW_Codes\MinLab\zz_LabView VI\AAA_UNIST\2. Tracking\V6_ParallelLoop\tools\bench\diag_c64_junkpurge.json
BGRUN END rc=0 after 104s
