BGRUN START 2026-09-28 11:54:00 limit 2.0 min: py -u tools/bench/diag_c118_q.py tools/bench/graph_l2r1_saved_20260928.json 13938,20436
BGRUN PID 7316
{'vi': 97, 'md5': 32, 'source': 94, 'terminals': 5827, 'objs': 10138, 'loops': 23, 'fs_tunnel_pairs': 576, 'owners': 253}
== uid 13938
 T {'term_uid': 13941, 'term_name': 'New Image', 'is_source': True, 'wire_uid': 14741, 'owner_uid': 13938, 'owner_class': 'SubVI', 'frame_diagram': 13236, 'term_class': 'Terminal'}
 T {'term_uid': 13944, 'term_name': 'Border Size', 'is_source': False, 'wire_uid': 0, 'owner_uid': 13938, 'owner_class': 'SubVI', 'frame_diagram': 13236, 'term_class': 'Terminal'}
 T {'term_uid': 13947, 'term_name': 'Image Name', 'is_source': False, 'wire_uid': 23613, 'owner_uid': 13938, 'owner_class': 'SubVI', 'frame_diagram': 13236, 'term_class': 'Terminal'}
 T {'term_uid': 13950, 'term_name': 'error out', 'is_source': True, 'wire_uid': 14750, 'owner_uid': 13938, 'owner_class': 'SubVI', 'frame_diagram': 13236, 'term_class': 'Terminal'}
 T {'term_uid': 13953, 'term_name': '', 'is_source': False, 'wire_uid': 0, 'owner_uid': 13938, 'owner_class': 'SubVI', 'frame_diagram': 13236, 'term_class': 'Terminal'}
 T {'term_uid': 13956, 'term_name': 'Image Type', 'is_source': False, 'wire_uid': 14753, 'owner_uid': 13938, 'owner_class': 'SubVI', 'frame_diagram': 13236, 'term_class': 'Terminal'}
 T {'term_uid': 13959, 'term_name': 'error in (no error)', 'is_source': False, 'wire_uid': 0, 'owner_uid': 13938, 'owner_class': 'SubVI', 'frame_diagram': 13236, 'term_class': 'Terminal'}
 O {'uid': 13938, 'class': 'SubVI', 'pos': [-15703, 689], 'owner': 'Diagram'}
== uid 20436
 T {'term_uid': 20439, 'term_name': 'New Image', 'is_source': True, 'wire_uid': 20729, 'owner_uid': 20436, 'owner_class': 'SubVI', 'frame_diagram': 20261, 'term_class': 'Terminal'}
 T {'term_uid': 20442, 'term_name': 'Border Size', 'is_source': False, 'wire_uid': 0, 'owner_uid': 20436, 'owner_class': 'SubVI', 'frame_diagram': 20261, 'term_class': 'Terminal'}
 T {'term_uid': 20445, 'term_name': 'Image Name', 'is_source': False, 'wire_uid': 32944, 'owner_uid': 20436, 'owner_class': 'SubVI', 'frame_diagram': 20261, 'term_class': 'Terminal'}
 T {'term_uid': 20448, 'term_name': 'error out', 'is_source': True, 'wire_uid': 0, 'owner_uid': 20436, 'owner_class': 'SubVI', 'frame_diagram': 20261, 'term_class': 'Terminal'}
 T {'term_uid': 20451, 'term_name': '', 'is_source': False, 'wire_uid': 0, 'owner_uid': 20436, 'owner_class': 'SubVI', 'frame_diagram': 20261, 'term_class': 'Terminal'}
 T {'term_uid': 20454, 'term_name': 'Image Type', 'is_source': False, 'wire_uid': 20761, 'owner_uid': 20436, 'owner_class': 'SubVI', 'frame_diagram': 20261, 'term_class': 'Terminal'}
 T {'term_uid': 20457, 'term_name': 'error in (no error)', 'is_source': False, 'wire_uid': 0, 'owner_uid': 20436, 'owner_class': 'SubVI', 'frame_diagram': 20261, 'term_class': 'Terminal'}
 O {'uid': 20436, 'class': 'SubVI', 'pos': [-9908, 948], 'owner': 'Diagram'}
sample term {'term_uid': 6121, 'term_name': 'error out', 'is_source': True, 'wire_uid': 86546, 'owner_uid': 10673, 'owner_class': 'FlatSequenceInnerTunnel', 'frame_diagram': 536, 'term_class': 'Terminal'}
sample obj {'uid': 536, 'class': 'TopLevelDiagram', 'pos': [-17476, 102], 'owner': ''}
RESULT {"schema":"result-line/1","status":"PASS","gates":{"pass":1,"fail":0},"first_fail":null,"artefacts":[]}
BGRUN END rc=0 after 1s
BGRUN START 2026-09-28 11:54:11 limit 2.0 min: py -u tools/bench/diag_c118_q.py tools/bench/graph_l2r1_saved_20260928.json 0 23613,14753,14741,14750 13236 x
BGRUN PID 5856
{'vi': 97, 'md5': 32, 'source': 94, 'terminals': 5827, 'objs': 10138, 'loops': 23, 'fs_tunnel_pairs': 576, 'owners': 253}
== uid 0
 O {'uid': 0, 'class': '', 'pos': [0, 0], 'owner': ''}
== wire 23613
 T {'term_uid': 13947, 'term_name': 'Image Name', 'is_source': False, 'wire_uid': 23613, 'owner_uid': 13938, 'owner_class': 'SubVI', 'frame_diagram': 13236, 'term_class': 'Terminal'} [{'uid': 13938, 'class': 'SubVI', 'pos': [-15703, 689], 'owner': 'Diagram'}]
 T {'term_uid': 23607, 'term_name': 'Image Name', 'is_source': True, 'wire_uid': 23613, 'owner_uid': 23583, 'owner_class': 'StringConstant', 'frame_diagram': 13236, 'term_class': 'Terminal'} [{'uid': 23583, 'class': 'StringConstant', 'pos': [-15745, 688], 'owner': 'Diagram'}]
== wire 14753
 T {'term_uid': 13956, 'term_name': 'Image Type', 'is_source': False, 'wire_uid': 14753, 'owner_uid': 13938, 'owner_class': 'SubVI', 'frame_diagram': 13236, 'term_class': 'Terminal'} [{'uid': 13938, 'class': 'SubVI', 'pos': [-15703, 689], 'owner': 'Diagram'}]
 T {'term_uid': 13242, 'term_name': 'Image Type', 'is_source': True, 'wire_uid': 14753, 'owner_uid': 13245, 'owner_class': 'RingConstant', 'frame_diagram': 13236, 'term_class': 'Terminal'} [{'uid': 13245, 'class': 'RingConstant', 'pos': [-15913, 916], 'owner': 'Diagram'}]
== wire 14741
 T {'term_uid': 13941, 'term_name': 'New Image', 'is_source': True, 'wire_uid': 14741, 'owner_uid': 13938, 'owner_class': 'SubVI', 'frame_diagram': 13236, 'term_class': 'Terminal'} [{'uid': 13938, 'class': 'SubVI', 'pos': [-15703, 689], 'owner': 'Diagram'}]
 T {'term_uid': 13166, 'term_name': 'New Image', 'is_source': False, 'wire_uid': 14741, 'owner_uid': 13167, 'owner_class': 'FlatSequenceInnerTunnel', 'frame_diagram': 13236, 'term_class': 'Terminal'} [{'uid': 13167, 'class': 'FlatSequenceInnerTunnel', 'pos': [-15563, 668], 'owner': 'FlatSequence'}]
== wire 14750
 T {'term_uid': 13989, 'term_name': 'error in', 'is_source': False, 'wire_uid': 14750, 'owner_uid': 13962, 'owner_class': 'SubVI', 'frame_diagram': 13236, 'term_class': 'Terminal'} [{'uid': 13962, 'class': 'SubVI', 'pos': [-15642, 685], 'owner': 'Diagram'}]
 T {'term_uid': 13950, 'term_name': 'error out', 'is_source': True, 'wire_uid': 14750, 'owner_uid': 13938, 'owner_class': 'SubVI', 'frame_diagram': 13236, 'term_class': 'Terminal'} [{'uid': 13938, 'class': 'SubVI', 'pos': [-15703, 689], 'owner': 'Diagram'}]
== diagram 13236 owners with rows: [(66, 'GenClassTagRefConstant'), (1491, 'Function'), (9775, 'Property'), (12946, 'FlatSequenceInnerTunnel'), (12954, 'FlatSequenceInnerTunnel'), (12994, 'DigitalNumericConstant'), (13149, 'FlatSequenceInnerTunnel'), (13157, 'FlatSequenceInnerTunnel'), (13167, 'FlatSequenceInnerTunnel'), (13175, 'FlatSequenceInnerTunnel'), (13183, 'FlatSequenceInnerTunnel'), (13191, 'FlatSequenceInnerTunnel'), (13199, 'FlatSequenceInnerTunnel'), (13207, 'FlatSequenceInnerTunnel'), (13215, 'FlatSequenceInnerTunnel'), (13224, 'FlatSequenceInnerTunnel'), (13236, 'Diagram'), (13245, 'RingConstant'), (13251, 'Function'), (13265, 'DigitalNumericConstant'), (13366, 'Property'), (13393, 'Tunnel'), (13397, 'LoopTunnel'), (13491, 'Function'), (13499, 'Function'), (13510, 'Tunnel'), (13515, 'SelectorTunnel'), (13520, 'SelectorTunnel'), (13525, 'SelectorTunnel'), (13938, 'SubVI'), (13962, 'SubVI'), (14007, 'FlatSequenceInnerTunnel'), (14015, 'FlatSequenceInnerTunnel'), (14023, 'FlatSequenceInnerTunnel'), (14031, 'FlatSequenceInnerTunnel'), (14430, 'FlatSequenceOuterTunnel'), (22712, 'DigitalNumericConstant'), (23583, 'StringConstant'), (24244, 'DigitalNumericConstant'), (25621, 'DigitalNumericConstant'), (27783, 'FlatSequenceInnerTunnel'), (27926, 'Property'), (28344, 'Property'), (29546, 'SubVI'), (30342, 'DigitalNumericConstant'), (31027, 'FlatSequenceInnerTunnel'), (31050, 'FlatSequenceOuterTunnel'), (32391, 'DigitalNumericConstant'), (32435, 'FlatSequenceInnerTunnel'), (33151, 'SubVI'), (33714, 'FlatSequenceInnerTunnel'), (34409, 'FlatSequenceOuterTunnel'), (34489, 'FlatSequenceOuterTunnel')]
   objs: [{'uid': 13236, 'class': 'Diagram', 'pos': [-16715, 640], 'owner': 'FlatSequenceFrame'}]
owners sample ('57', ['Diagram', 639])
owners sample ('113', ['FlatSequenceFrame', 0])
owners sample ('124', ['FlatSequenceFrame', 0])
loops sample {'class': 'WhileLoop', 'index': 0, 'loop_uid': 23041, 'left_of': {'24083': [24133], '24150': [24187]}, 'right_uids': [24083, 24150]}
loops sample {'class': 'WhileLoop', 'index': 1, 'loop_uid': 10170, 'left_of': {'23508': [23792], '10850': [25240], '25339': [25344], '25371': [25382], '9603': [10544], '25545': [25582]}, 'right_uids': [23508, 10850, 25339, 25371, 9603, 25545]}
sample term {'term_uid': 6121, 'term_name': 'error out', 'is_source': True, 'wire_uid': 86546, 'owner_uid': 10673, 'owner_class': 'FlatSequenceInnerTunnel', 'frame_diagram': 536, 'term_class': 'Terminal'}
sample obj {'uid': 536, 'class': 'TopLevelDiagram', 'pos': [-17476, 102], 'owner': ''}
RESULT {"schema":"result-line/1","status":"PASS","gates":{"pass":1,"fail":0},"first_fail":null,"artefacts":[]}
BGRUN END rc=0 after 1s
