BGRUN START 2026-09-16 15:18:25 limit 12.0 min: py -u tools/bench/diag_ownerchain_state.py
target C:\Program Files\National Instruments\LabVIEW 2026\user.lib\claudeDev\OpOwnerChain_v0.vi
  exists=True
  ExecState 1

=== P1 class counts (compare with the build's 12/2/2) ===
  Property     12
  SubVI        2
  IndexArray   2
  Node         19

=== P2/P3 which uids are still enumerated, and under which class ===
  uid 145   claimed deleted as Property    -> found in ['Property', 'Node']  STILL PRESENT (delete reported success and did nothing)
  uid 151   claimed deleted as IndexArray  -> found in ['IndexArray', 'Node']  STILL PRESENT (delete reported success and did nothing)
  uid 157   claimed deleted as Property    -> found in ['Property', 'Node']  STILL PRESENT (delete reported success and did nothing)
  uid 1319  claimed deleted as Property    -> found in ['Property', 'Node']  STILL PRESENT (delete reported success and did nothing)
  uid 1326  claimed deleted as Property    -> found in ['Property', 'Node']  STILL PRESENT (delete reported success and did nothing)
  uid 1329  claimed deleted as Property    -> found in ['Property', 'Node']  STILL PRESENT (delete reported success and did nothing)
  uid 1044  classes: ['Node']
  uid 241   classes: ['Property', 'Node']
  uid 163   classes: ['Property', 'Node']
  uid 1221  classes: ['Node']
  uid 482   classes: ['Property', 'Node']
  uid 990   classes: ['SubVI', 'Node']

=== P4 terminals of the rewire targets ===
net_map: node 0 uid 43 (0 s)
net_map: node 1 uid 124 (1 s)
net_map: node 2 uid 167 (2 s)
net_map: node 3 uid 241 (2 s)
net_map: node 4 uid 482 (2 s)
net_map: node 5 uid 145 (2 s)
net_map: node 6 uid 151 (3 s)
net_map: node 7 uid 157 (3 s)
net_map: node 8 uid 163 (3 s)
net_map: node 9 uid 990 (3 s)
net_map: node 10 uid 1044 (4 s)
net_map: node 11 uid 307 (4 s)
net_map: node 12 uid 310 (4 s)
net_map: node 13 uid 1186 (4 s)
net_map: node 14 uid 1221 (4 s)
net_map: node 15 uid 1319 (5 s)
net_map: node 16 uid 1326 (5 s)
net_map: node 17 uid 1329 (5 s)
net_map: node 18 uid 1554 (5 s)
net_map: node 19 uid 1639 (5 s)
net_map: purged 20/152 junk Invokes (1 s)
net_map: purged 40/152 junk Invokes (1 s)
net_map: purged 60/152 junk Invokes (2 s)
net_map: purged 80/152 junk Invokes (2 s)
net_map: purged 100/152 junk Invokes (2 s)
net_map: purged 120/152 junk Invokes (3 s)
net_map: purged 140/152 junk Invokes (3 s)
net_map: 19 nodes walked in 5.6 s; 152 junk Invoke(s) purged in 3.6 s
  net_map sees 19 nodes: [43, 124, 145, 151, 157, 163, 167, 241, 307, 310, 482, 990, 1044, 1186, 1221, 1319, 1326, 1329, 1554]
  uid 241 ALL terminals: [('reference', 318), ('reference out', 0), ('error in (no error)', 425), ('error out', 325), ('Position', 471), ('ClassName', 555), ('UID', 308), ('Owner', 0)]
  uid 163 'reference' -> [('reference', 751)]
  uid 1221 'reference' -> [('reference', 751)]
  uid 482 'reference' -> [('reference', 751)]
  uid 990 'GObject' -> [('GObject', 1081)]
  uid 1044 ALL terminals: [('specific class reference', 384), ('error out', 0), ('target class', 533), ('reference', 1081), ('error in', 0)]

wrote G:\Codes\LabVIEW_Codes\MinLab\zz_LabView VI\AAA_UNIST\2. Tracking\V6_ParallelLoop\tools\bench\diag_ownerchain_state.json
BGRUN END rc=0 after 23s
