BGRUN START 2026-09-20 22:19:01 limit 18.0 min: py -u tools/bench/diag_s56_transport3.py
=== diag_s56_transport3  2026-09-20 22:19:01   (cycle 56 dispatch 5; PHASE 1 -> 2 -> 3; NO VI IS RUN, 34(f); no new op, no new device, no GUI action, no recipe; CHOOSES NOTHING)
  FACT  LabVIEW handles BEFORE (dispatch 3 left ~60,179; fresh-instance baseline ~31,500): 30939
  FACT  T1 ORIGINAL (read-only probe, 34(k)): HASH G:\Codes\LabVIEW_Codes\MinLab\zz_LabView VI\AAA_UNIST\2. Tracking\Min_Track N beads V6_ParallelLoop.vi | exists=1 | size=473317 | md5=2a78e17c449cacdaf5da389818526859 | sha256=f827a67e91cc2a51284cdce0ada5d34ecf89cf865bca5f0bdfa870f0020df4bb
  PASS  T1 the ORIGINAL's md5 equals the pin  2a78e17c449cacdaf5da389818526859
  FACT  T1b D1_s1_copy.vi: HASH C:\Program Files\National Instruments\LabVIEW 2026\user.lib\claudeDev\D1_s1_copy.vi | exists=1 | size=474202 | md5=3e3d23cefd3a334001aa9d6156bf1aee | sha256=1ab3360021cb04f03e8fe4a503d1972aefa26a34ed5b8fd9393ec6899330e0f7
  PASS  T1b D1_s1_copy.vi md5 == 3e3d23cefd3a334001aa9d6156bf1aee  3e3d23cefd3a334001aa9d6156bf1aee
  FACT  T2 the S2 artefact: HASH C:\Program Files\National Instruments\LabVIEW 2026\user.lib\claudeDev\D1_s2_loops.vi | exists=1 | size=475707 | md5=6ff19497f2309e007a214660bb64b911 | sha256=d52e754e29a85e9cc3ddeb039f6c5e325c9094c5e1f8c944059d4a5f7b33c3f5
  PASS  T2 D1_s2_loops.vi md5 == 6ff19497f2309e007a214660bb64b911  6ff19497f2309e007a214660bb64b911
  FACT  T2b RESTART (pre-batch, 44(e); dispatch 3 left the instance UP at ~60,179 handles): lv_restart rc=0 ['dialogs: ,1346,762| / ENABLED|11536352|0,0,0,0|LabVIEW / VERDICT: clear (no modal dialog)']
  FACT  LabVIEW handles AFTER the restart: 30684
  FACT  owed cleanup (ONE attempt, no retry): DIAG_s56_wireind_20260920_214454.vi existed=True removed=True error VERBATIM ''
  FACT  owed cleanup (ONE attempt, no retry): DIAG_s56_localvar_20260920_214454.vi existed=True removed=True error VERBATIM ''
  FACT  T3 P1 scratch at creation (copied from the S2 artefact D1_s2_loops.vi): HASH C:\Program Files\National Instruments\LabVIEW 2026\user.lib\claudeDev\DIAG_s56_t3_p1_20260920_221901.vi | exists=1 | size=475707 | md5=6ff19497f2309e007a214660bb64b911 | sha256=d52e754e29a85e9cc3ddeb039f6c5e325c9094c5e1f8c944059d4a5f7b33c3f5
  PASS  T3 the P1 scratch is byte-identical to the S2 artefact D1_s2_loops.vi  6ff19497f2309e007a214660bb64b911 (expected 6ff19497f2309e007a214660bb64b911)

=================== PHASE 1  (the 5001 addressing hypothesis)  scratch DIAG_s56_t3_p1_20260920_221901.vi
  FACT  P-1: ORIGINAL resident READ-ONLY (LabVIEW 26.3.1f1), its own ExecState 1; nothing opened, nothing saved
  FACT  class census [before] {'Diagram': 173, 'WhileLoop': 6, 'SubVI': 97, 'Local': 8, 'IndexArray': 47, 'LoopTunnel': 135, 'Wire': 1905, 'ControlTerminal': 114, 'Function': 183}
  FACT  ExecState [P1 BEFORE] = 1
  FACT  A0 ControlTerminal uid 6 label VERBATIM 'File # Saved' (utf-8 hex 46696c652023205361766564), indicator=True, wire=0, is_source=False
  PASS  A0 the target indicator's label is READ OFF THE MACHINE for ControlTerminal uid 6, wire 0  label 'File # Saved' wire 0
  FACT  A0b the SECOND reader (fp_labels, index 7) reads 'File # Saved' - byte-identical to panel_wiring's: True
  OBSERVED uid 6 -> owner 'Panel' uid 3 | self 'Digital'#6 | 482 says 'Panel' cast 'Panel' |  
  FACT  A1 the target indicator's owner: owner_of(#6) = ('Panel', 3) [strict=True] error VERBATIM ''
  FACT  diag_index(#3) raised ValueError: 3 is not in list
  FACT  A1 the TARGET indicator's own owner diagram = 'Panel' #3 -> Traverse Diagram index None  (dispatch 3 passed the SOURCE's diagram #639 instead)
  FAIL  A1 owner_of(#6) answered and diag_index resolved it  ('Panel', 3) -> index None
  FACT  A1b #10686 sits at Traverse index 102 of class `Function` (183 members); dispatch 3 measured 102
  FACT  A1c Diagram #639 reads Traverse index 46; Diagram #686 reads 19
  FACT  A4 BEFORE #10686 (the source node): node uid readback 10686, 3 terminals, 3 WIRED
  FACT  A5 BEFORE #637 (loop 1.1, the tunnel check): node uid readback 637, 59 terminals, 48 WIRED
  FACT  A4a #10686 t0 reads 'x .and. y?' (is_source True, wire 10799)
  OBSERVED uid 31543 -> owner 'Panel' uid 3 | self 'PlugInControl'#31543 | 482 says 'Panel' cast 'Panel' |  
  FACT  A1d the ALT indicator's owner: owner_of(#31543) = ('Panel', 3) [strict=True] error VERBATIM ''
  FACT  diag_index(alt owner) raised ValueError: 3 is not in list
  FACT  A2 attempt plan (HARD BOUND <= 3, no loop over indices): [{'n': 3, 'label': 'Image', 'diagram_index': None}]
  FACT  ExecState [P1 attempt 3 BEFORE] = 1
  FACT  ExecState [P1 attempt 3 AFTER] = 1
  FACT  A2 attempt 3: wire_indicators(Function[102], ['x .and. y?'] -> ['Image'], diagram_index=None) error VERBATIM 'NOT ATTEMPTED: function index 102 / diagram_index None unresolved'
  FACT  A3 attempt 3: indicator uid 31543 wire 0 -> 0 ; whole-VI Wire count delta 0 (a BRANCH adds no Wire object, tools/gscript.py:1771-1772); ExecState 1 -> 1
  FAIL  A2 wire_indicators returned an EMPTY error column on at least one attempt  ['NOT ATTEMPTED: function index 102 / diagram_index None unresolved']
  FAIL  A3 a target indicator's wire uid changed from 0  attempt None -> wire None
  FACT  A4 AFTER #10686 (the source node): node uid readback 10686, 3 terminals, 3 WIRED
  FACT  A5 AFTER #637 (loop 1.1, the tunnel check): node uid readback 637, 59 terminals, 48 WIRED
  PASS  A4 #10686 t0 stays wired and its wired-terminal count is reported (37(e))  3 -> 3 wired of 3 -> 3 terminals
  PASS  A5 #637 terminal count unchanged - no new tunnel/border object (37(e))  59 -> 59 terminals, 48 -> 48 wired
  FACT  class census [after] {'Diagram': 173, 'WhileLoop': 6, 'SubVI': 97, 'Local': 8, 'IndexArray': 47, 'LoopTunnel': 135, 'Wire': 1905, 'ControlTerminal': 114, 'Function': 183}
  FACT  ExecState [A7 PHASE 1 immediately before the save attempt] = 1
  FACT  A7 PHASE 1 g.save() returned 475726; exception/reason VERBATIM None
  FACT  A7 PHASE 1 artefact after the save attempt: DIAG_s56_t3_p1_20260920_221901.vi md5 1286f1c8ee34feb866f38dda387874bf size 475726 B; version bytes [{'offset': 36, 'bytes': '26 00 80 00'}]
  PASS  A7 PHASE 1 ends at ExecState 1 and g.save() returned a byte count  ExecState 1, bytes 475726, reason None

--- ORDERED PASS 2: the `Is Broken?` reading (42(b)) - idempotent re-connect of the EXISTING #10686 t0 -> #10407 t0 connection on the same net; wire_delta must be 0
      [op stdout]       op readback {'UID': 10407, 'Name': '', 'UID 2': 10799, 'Is Broken?': False}
  FACT  A6 ORDERED `Is Broken?` = False on wire uid 10799 (op error column '', wire_delta 0). True here is a LEGITIMATE reading, not a failure.
  PASS  A6 the ORDERED second-pass `Is Broken?` read returned a boolean  False
  FACT  ExecState [after the Is Broken? read (SUSPECT, docs/NAMES.md:912-918; the save already happened)] = 0
  FACT  P-1: preload references released; refs {'opened': 11, 'closed': 11, 'live': 0, 'cached_op_vis': 7}
  FACT  T3 P2 scratch at creation (copied from the S2 artefact D1_s2_loops.vi): HASH C:\Program Files\National Instruments\LabVIEW 2026\user.lib\claudeDev\DIAG_s56_t3_p2_20260920_221901.vi | exists=1 | size=475707 | md5=6ff19497f2309e007a214660bb64b911 | sha256=d52e754e29a85e9cc3ddeb039f6c5e325c9094c5e1f8c944059d4a5f7b33c3f5
  PASS  T3 the P2 scratch is byte-identical to the S2 artefact D1_s2_loops.vi  6ff19497f2309e007a214660bb64b911 (expected 6ff19497f2309e007a214660bb64b911)

=================== PHASE 2  (top-level node + a panel object)  scratch DIAG_s56_t3_p2_20260920_221901.vi
  FACT  P-2: ORIGINAL resident READ-ONLY (LabVIEW 26.3.1f1), its own ExecState 1; nothing opened, nothing saved
  FACT  class census [before] {'Diagram': 173, 'WhileLoop': 6, 'SubVI': 97, 'Local': 8, 'IndexArray': 47, 'LoopTunnel': 135, 'Wire': 1905, 'ControlTerminal': 114, 'Function': 183}
  FACT  ExecState [P2 BEFORE] = 1
  FACT  B2a node_info(max_n=40) BEFORE the IndexArray: 0 entries -> []
  FACT  B1 build_index_array(top-level, (6200, 5200)) -> new [{'i': 0, 'class': 'IndexArray', 'uid': 23486, 'pos': (6200, 5200), 'owner': 'TopLevelDiagram'}] ; error VERBATIM ''
  PASS  B1 build_index_array put exactly 1 new IndexArray on the target  [{'i': 0, 'class': 'IndexArray', 'uid': 23486, 'pos': (6200, 5200), 'owner': 'TopLevelDiagram'}]
  OBSERVED uid 23486 -> owner 'TopLevelDiagram' uid 536 | self 'IndexArray'#23486 | 482 says 'TopLevelDiagram' cast 'TopLevelDiagram' |  
  FACT  B1b the new IndexArray's owner diagram: owner_of(#23486) = ('TopLevelDiagram', 536) [strict=True] error VERBATIM ''
  FACT  B2 node_info(max_n=40) AFTER the IndexArray (create_indicator's OWN ladder): 1 entries -> [(0, 'Index Array', 'Index Array')]
  PASS  B2 node_info reads >= 1 node on the top-level diagram  1 entries
  FACT  B3a the new node's terminals (Traverse Diagram 0): node uid readback 23486, 3 terminals, 0 WIRED
  FACT  B3 create_indicator(Nodes[0].Terminals[2]) -> new [{'i': 114, 'class': 'ControlTerminal', 'uid': 23541, 'pos': (6224, 5203), 'owner': 'TopLevelDiagram'}] ; error VERBATIM ''
  PASS  B3 create_indicator produced a ControlTerminal (114 -> 115)  new [{'i': 114, 'class': 'ControlTerminal', 'uid': 23541, 'pos': (6224, 5203), 'owner': 'TopLevelDiagram'}], count 114 -> 115
  FACT  B3b the new indicator reads label None, indicator=None, wire=None
  FACT  ExecState [P2 after create_indicator] = 0
  FACT  B4 delete_object(IndexArray[0]) -> gone [23486] ; error VERBATIM ''
  PASS  B4 delete_object removed the IndexArray  [23486] (error '')
  FACT  ExecState [P2 after the delete] = 1
  FACT  class census [after] {'Diagram': 173, 'WhileLoop': 6, 'SubVI': 97, 'Local': 8, 'IndexArray': 47, 'LoopTunnel': 135, 'Wire': 1905, 'ControlTerminal': 115, 'Function': 183}
  FACT  ExecState [B5 PHASE 2 immediately before the save attempt] = 1
  FACT  B5 PHASE 2 g.save() returned 476182; exception/reason VERBATIM None
  FACT  B5 PHASE 2 artefact after the save attempt: DIAG_s56_t3_p2_20260920_221901.vi md5 cbe9ddd5690983fae2919b3027264d4b size 476182 B; version bytes [{'offset': 36, 'bytes': '26 00 80 00'}]
  PASS  B5 PHASE 2 ends at ExecState 1 and g.save() returned a byte count  ExecState 1, bytes 476182, reason None
  FACT  P-2: preload references released; refs {'opened': 20, 'closed': 20, 'live': 0, 'cached_op_vis': 11}
  FACT  C7 NO generic property READER exists in this fleet. Every reader on disk is a PURPOSE-BUILT op with its property IDs hard-wired at build time (OpReport_v3 class/uid/pos/owner, OpPanelWiring_v0 label/indicator/uid/is-source/wire, OpFPLabels_v0, OpNodeInfo_v0 style/label, OpNodeTerms_v0, OpOwnerChain_v1, OpConnectNested_v1's `Wire.Is Broken?`), and none of them reads Local.Control Name. gscript.py has no generic property-read wrapper at all: the only property-touching entry points are `build_property` (:2194), which CREATES a Property Node inside a target VI - and reading its value back would require RUNNING that VI, which 34(f) forbids - plus the special-purpose WRITERS `set_index_mode`, `set_auto_error_handling`, `set_node_label`. ID 6355400 appears 0 times in docs/vi-server-ids.json and 0 times in tools/gscript.py. So the binding of the 8 existing `Local`s CANNOT be read today without building a new op VI (Pre-decided 2 forbids it in this cycle).
  PASS  C7 the pure read question is ANSWERED mechanically  op inventory 108, property-like ops ['OpBuildPN_v0.vi', 'OpBuildPN_v1.vi', 'OpCreatePropNode_v0.vi']
  FACT  T3 P3 scratch at creation (copied from phase 2's SAVED artefact DIAG_s56_t3_p2_20260920_221901.vi (ExecState 1)): HASH C:\Program Files\National Instruments\LabVIEW 2026\user.lib\claudeDev\DIAG_s56_t3_p3_20260920_221901.vi | exists=1 | size=476182 | md5=cbe9ddd5690983fae2919b3027264d4b | sha256=5bf132a17e64afbcd77fb08476400479876704a5d6f3e30d80b83f05eee16a60
  PASS  T3 the P3 scratch is byte-identical to phase 2's SAVED artefact DIAG_s56_t3_p2_20260920_221901.vi (ExecState 1)  cbe9ddd5690983fae2919b3027264d4b (expected cbe9ddd5690983fae2919b3027264d4b)

=================== PHASE 3  (the Local by DUPLICATION)  scratch DIAG_s56_t3_p3_20260920_221901.vi  (parent: phase 2's SAVED artefact DIAG_s56_t3_p2_20260920_221901.vi (ExecState 1))
  FACT  P-3: ORIGINAL resident READ-ONLY (LabVIEW 26.3.1f1), its own ExecState 1; nothing opened, nothing saved
  FACT  class census [before] {'Diagram': 173, 'WhileLoop': 6, 'SubVI': 97, 'Local': 8, 'IndexArray': 47, 'LoopTunnel': 135, 'Wire': 1905, 'ControlTerminal': 115, 'Function': 183}
  FACT  ExecState [P3 BEFORE] = 1
  FACT  C1 `Local` objects BEFORE: count 8, uids [2143, 2991, 3097, 3160, 4277, 11574, 16942, 25805], owners ['Diagram']
  PASS  C1 the 8 `Local` uids read live equal the pinned set  [2143, 2991, 3097, 3160, 4277, 11574, 16942, 25805] vs pin [2143, 2991, 3097, 3160, 4277, 11574, 16942, 25805]
  FACT  C2a the donor Local = Traverse index 0, uid 2991, owner 'Diagram' (the FIRST member of class `Local`; expect_uid is passed as the op's own uid guard, gscript.py:1532)
  FACT  P-3: preload references released; refs {'opened': 23, 'closed': 23, 'live': 0, 'cached_op_vis': 11}
  FACT  C2 copy_by_index(donor=target, 'Local'[0], duplicate=True, expect_uid=2991) -> added None, selected uid None ; error VERBATIM 'RuntimeError: copy_by_index: Target still broken after finish (ExecState 0) - not saved; close without saving / restart before the next attempt'
  PASS  C2 copy_by_index reported an outcome verbatim  added None, error 'RuntimeError: copy_by_index: Target still broken after finish (ExecState 0) - not saved; close without saving / restart before the next attempt'
  FACT  C2b Moving Objects Source after the copy: Test - Moving Objects Source.vi md5 cbe9ddd5690983fae2919b3027264d4b size 476182 B; version bytes [{'offset': 36, 'bytes': '26 00 80 00'}]
  FACT  C2b Moving Objects Target after the copy: Test - Moving Objects Target.vi md5 cbe9ddd5690983fae2919b3027264d4b size 476182 B; version bytes [{'offset': 36, 'bytes': '26 00 80 00'}]
  FACT  C3/C4/C5/C6 NOT ATTEMPTED: copy_by_index added no object, so there is nothing to move, count or save. That is the reading, reported as one.
  FAIL  C3 the copy's class and owner diagram were READ BACK  NOT ATTEMPTED (no object was copied)
  FAIL  C4 move_in reports the copy's owner diagram as #23058  NOT ATTEMPTED (no object was copied)
  FAIL  C5 the `Local` Traverse count went 8 -> 9  NOT ATTEMPTED (no object was copied)
  FAIL  C6 PHASE 3 ends at ExecState 1 and g.save() returned a byte count  NOT ATTEMPTED (no object was copied)

--- Z: the closing facts
  FACT  refs {'opened': 26, 'closed': 26, 'live': 0, 'cached_op_vis': 12}
  FACT  LabVIEW handles AFTER everything: 54367
  FACT  Z0 Moving Objects Source at the end: Test - Moving Objects Source.vi md5 cbe9ddd5690983fae2919b3027264d4b size 476182 B; version bytes [{'offset': 36, 'bytes': '26 00 80 00'}]
  FACT  Z0 Moving Objects Target at the end: Test - Moving Objects Target.vi md5 cbe9ddd5690983fae2919b3027264d4b size 476182 B; version bytes [{'offset': 36, 'bytes': '26 00 80 00'}]
  FACT  Z1 ORIGINAL after everything: HASH G:\Codes\LabVIEW_Codes\MinLab\zz_LabView VI\AAA_UNIST\2. Tracking\Min_Track N beads V6_ParallelLoop.vi | exists=1 | size=473317 | md5=2a78e17c449cacdaf5da389818526859 | sha256=f827a67e91cc2a51284cdce0ada5d34ecf89cf865bca5f0bdfa870f0020df4bb
  FACT  Z1b D1_s1_copy.vi after everything: HASH C:\Program Files\National Instruments\LabVIEW 2026\user.lib\claudeDev\D1_s1_copy.vi | exists=1 | size=474202 | md5=3e3d23cefd3a334001aa9d6156bf1aee | sha256=1ab3360021cb04f03e8fe4a503d1972aefa26a34ed5b8fd9393ec6899330e0f7
  FACT  Z1c D1_s2_loops.vi after everything: HASH C:\Program Files\National Instruments\LabVIEW 2026\user.lib\claudeDev\D1_s2_loops.vi | exists=1 | size=475707 | md5=6ff19497f2309e007a214660bb64b911 | sha256=d52e754e29a85e9cc3ddeb039f6c5e325c9094c5e1f8c944059d4a5f7b33c3f5
  PASS  Z1 ORIGINAL / D1_s1_copy.vi / D1_s2_loops.vi md5 all unchanged  2a78e17c449cacdaf5da389818526859 / 3e3d23cefd3a334001aa9d6156bf1aee / 6ff19497f2309e007a214660bb64b911
  PASS  Z2 refs opened == closed, 0 live  {'opened': 26, 'closed': 26, 'live': 0, 'cached_op_vis': 12}
  FACT  ARTEFACT phase1: {'path': 'C:\\Program Files\\National Instruments\\LabVIEW 2026\\user.lib\\claudeDev\\DIAG_s56_t3_p1_20260920_221901.vi', 'bytes': 475726, 'file': {'path': 'C:\\Program Files\\National Instruments\\LabVIEW 2026\\user.lib\\claudeDev\\DIAG_s56_t3_p1_20260920_221901.vi', 'exists': True, 'md5': '1286f1c8ee34feb866f38dda387874bf', 'size': 475726, 'version_candidates': [{'offset': 36, 'bytes': '26 00 80 00'}]}}
  FACT  ARTEFACT phase2: {'path': 'C:\\Program Files\\National Instruments\\LabVIEW 2026\\user.lib\\claudeDev\\DIAG_s56_t3_p2_20260920_221901.vi', 'bytes': 476182, 'file': {'path': 'C:\\Program Files\\National Instruments\\LabVIEW 2026\\user.lib\\claudeDev\\DIAG_s56_t3_p2_20260920_221901.vi', 'exists': True, 'md5': 'cbe9ddd5690983fae2919b3027264d4b', 'size': 476182, 'version_candidates': [{'offset': 36, 'bytes': '26 00 80 00'}]}}
  FACT  ARTEFACT phase3: {'path': 'C:\\Program Files\\National Instruments\\LabVIEW 2026\\user.lib\\claudeDev\\DIAG_s56_t3_p3_20260920_221901.vi', 'bytes': None, 'file': None}

=== GATES 21 pass / 7 fail; failing: A1 owner_of(#6) answered and diag_index resolved it, A2 wire_indicators returned an EMPTY error column on at least one attempt, A3 a target indicator's wire uid changed from 0, C3 the copy's class and owner diagram were READ BACK, C4 move_in reports the copy's owner diagram as #23058, C5 the `Local` Traverse count went 8 -> 9, C6 PHASE 3 ends at ExecState 1 and g.save() returned a byte count
=== readings -> G:\Codes\LabVIEW_Codes\MinLab\zz_LabView VI\AAA_UNIST\2. Tracking\V6_ParallelLoop\tools\bench\diag_s56_transport3.json
BGRUN END rc=1 after 330s
