BGRUN START 2026-09-28 09:13:10 limit 3.0 min: py tools/bench/diag_c116d_decode.py
BGRUN PID 14684
ERRREADS before: 1409 of 1945 reads bad; first 3 [(536, '29267', 'error 1055: Property Node in OpWireJoints_v0.vi | uid echo 0 != #29267', 0), (537, '29282', 'error 1055: Property Node in OpWireJoints_v0.vi | uid echo 0 != #29282', 0), (538, '4526', 'error 1055: Property Node in OpWireJoints_v0.vi | uid echo 0 != #4526', 0)]; last [(1944, '26725', 'error 1055: Property Node in OpWireJoints_v0.vi | uid echo 0 != #26725', 0)]
ERRREADS after: 0 of 0 reads bad; first 3 []; last []
net | role | before loose/joints/terms/pass-through | after
  w42 | stub | L9/J10/T1/P0 f[3, 256, 258, 260, 262] | -
  w373 | stub | L4/J5/T1/P0 f[3, 256, 258, 260] | -
  w628 | stub | L2/J3/T1/P0 f[3, 256, 260] | -
  w1773 | stub | L13/J14/T1/P0 f[3, 256, 258, 260, 262] | -
  w3040 | other | L8/J9/T1/P0 f[3, 256, 260, 262] | -
  w3512 | stub | L11/J12/T1/P0 f[3, 256, 258, 260] | -
  w3646 | stub | L2/J3/T1/P0 f[3, 256, 260] | -
  w3912 | stub | L6/J7/T1/P0 f[3, 256, 258, 260] | -
  w4027 | stub | L6/J7/T1/P0 f[3, 256, 258, 260] | -
  w4878 | other | L3/J4/T1/P0 f[3, 256, 262] | -
  w5746 | stub | L7/J8/T1/P0 f[3, 256, 262] | -
  w5979 | stub | L5/J6/T1/P0 f[3, 256, 258, 260, 262] | -
  w8590 | pd230 | L6/J10/T2/P0 f[0, 1, 4, 256, 258, 262] | -
  w9051 | pd230 | L4/J8/T2/P0 f[0, 1, 4, 256, 258, 260] | -
  w10187 | other | L5/J6/T1/P0 f[3, 256, 258, 260, 262] | -
  w11253 | pd230 | L2/J6/T2/P0 f[0, 1, 4, 256, 258] | -
  w11389 | pd230 | L2/J9/T2/P0 f[0, 1, 2, 256, 260] | -
  w12256 | other | L3/J4/T1/P0 f[3, 256, 262] | -
  w24277 | outer13 | L0/J8/T3/P0 f[0, 1] | -
  w24333 | outer13 | L0/J12/T3/P0 f[0, 1] | -
  w25225 | outer13 | L0/J8/T4/P1 f[0, 1] | -
  w25237 | outer13 | L0/J6/T3/P0 f[0, 1] | -
  w25238 | outer13 | L0/J14/T5/P1 f[0, 1] | -
  w25280 | outer13 | L0/J6/T3/P0 f[0, 1] | -
  w25306 | outer13 | L0/J8/T3/P0 f[0, 1] | -
  w25336 | outer13 | L0/J6/T3/P0 f[0, 1] | -
  w25438 | outer13+pd230 | L3/J15/T4/P0 f[0, 1, 2, 256, 258, 260] | -
  w25461 | outer13+pd230 | L2/J13/T4/P0 f[0, 1, 4, 256, 258] | -
  w25911 | outer13 | L0/J8/T4/P0 f[0, 1] | -
  w26021 | outer13 | L0/J6/T3/P0 f[0, 1] | -
  w26064 | outer13 | L0/J6/T3/P0 f[0, 1] | -
  w28338 | stub | L15/J16/T1/P0 f[3, 256, 258, 260, 262] | -
  w29122 | pd230 | L2/J6/T2/P0 f[0, 1, 256, 262] | -
  w29787 | other | L3/J4/T1/P0 f[3, 256, 262] | -
COVERAGE {'before': {'wires': 1945, 'target_read': 37, 'sweep_read': 1908, 'sweep_total': 1908}}
SUM before: 23 wires with a loose joint (R1 Error List loose-ends 24): ['10187', '11253', '11389', '12256', '1773', '25438', '25461', '28338', '29122', '29787', '3040', '3512', '3646', '373', '3912', '4027', '42', '4878', '5746', '5979', '628', '8590', '9051']
SUM after : 0 wires with a loose joint (scratch Error List loose-ends 22): []
OUTER13 newly loose: []
OUTER13 loose before: [25438, 25461]
OUTER13 not loose after: []
FULL SWEEP both phases: True
RESULT {"schema":"result-line/1","status":"PASS","gates":{"pass":1,"fail":0},"first_fail":null,"artefacts":[]}
BGRUN END rc=0 after 1s
