BGRUN START 2026-09-27 14:06:27 limit 60.0 min: py -u tools\bench\diag_c108e_regress.py
BGRUN PID 23600
LabVIEW running before: False
  PASS  selftest_protocol  rc 0 4s {'pass': 48, 'fail': 0}
  PASS  selftest_protocol_wiring  rc 0 8s {'pass': 66, 'fail': 0}
  PASS  selftest_requires  rc 0 1s {'pass': 7, 'fail': 0}
  PASS  selftest_cycle_runner  rc 0 17s {'pass': 10, 'fail': 0}
  PASS  selftest_cycle_runner_ladder  rc 0 20s {'pass': 13, 'fail': 0}
  PASS  selftest_cycle_runner_ff  rc 0 54s {'pass': 5, 'fail': 0}
  FAIL  selftest_heartbeat  rc 1 61s {'pass': 11, 'fail': 1} first_fail=F1 selftest_cycle_runner_ff 3/3 | tail: PASS G1 Stop blocked on HEARTBEAT (exit 2) / PASS G2 runner cell exempt (exit 0) / PASS G3 released after --ack (exit 0) / FAIL F1 selftest_cycle_runner_ff 3/3 (?) / 11/12 PASS / RESULT {"schema":"result-line/1","status":"FAIL","gates":{"pass":11,"fail":1},"first_fail":"F1 selftest_cycle_runner_ff 3/3","artefacts":[]}
  PASS  selftest_leg_guard  rc 0 72s {'pass': 30, 'fail': 0}
  PASS  selftest_stage_prerun_stageplan  rc 0 16s {'pass': 12, 'fail': 0}
  PASS  selftest_stage_prerun_c103  rc 0 135s {'pass': 4, 'fail': 0}
  PASS  selftest_stage_prerun_c106c  rc 0 145s {'pass': 6, 'fail': 0}
  PASS  selftest_stage_prerun_c106e  rc 0 33s {'pass': 15, 'fail': 0}
  PASS  selftest_stage_prerun_graphload  rc 0 0s {'pass': 18, 'fail': 0}
  PASS  selftest_stage_prerun_headcmp_79-6  rc 0 5s {'pass': 2, 'fail': 0}
  PASS  selftest_launch_gate  rc 0 1s {'pass': 28, 'fail': 0}
  PASS  selftest_prerun_diag  rc 0 0s {'pass': 9, 'fail': 0}
  PASS  selftest_stagexec_gate  rc 0 1s {'pass': 13, 'fail': 0}
  PASS  selftest_guard_peer_budget  rc 0 23s no RESULT line
  PASS  selftest_guard_peer_failre  rc 0 4s no RESULT line
  PASS  selftest_guard_peer_jev  rc 0 14s {'pass': 29, 'fail': 0}
  PASS  selftest_guard_peer_ladder  rc 0 1s no RESULT line
  PASS  selftest_guard_peer_samerow  rc 0 0s {'pass': 21, 'fail': 0}
  FAIL  selftest_guard_peer_scan_tmp  rc 0 0s {'pass': 0, 'fail': 1} first_fail=malformed RESULT line (schema is not result-line/1): {"schema":"result_line/1","status":"PASS"} | tail: 2026-09-27-c106e-oldcode-o1.md | ['diag_c106e_oldcode', 'stage_d1_disp', 'selftest_stage_prerun_c106e'] | [] | [] / 2026-09-27-c107a-l4-selftest_stoprecord_offline_c107.md | ['selftest_stoprecord_offline_c107'] | [] | ['Script: tools/bench/selftest_stoprecord_offline_c107.py.'] / 2026-09-27-c108a-disp107-visa-refusal.md | ['diag_c104_abba', 'drive_legguard', 'stage_d1_l2a2'] | [] | [] / 2026-09-27-c108b-c108cG3.md | ['diag_c108c_groupB'] | [] | ['\nScript: tools/bench/diag_c108c_groupB.py (card 108-3, another materia'] / 2026-09-27-c108d-selind-dry.md | ['diag_c108d_selind'] | [] | [] / RESULT {"schema":"result_line/1","status":"PASS"}
  PASS  selftest_bgrun_fail_scan  rc 0 4s no RESULT line
  PASS  selftest_bgrun_final_line  rc 0 7s no RESULT line
LabVIEW running after: True
FACT LabVIEW running before=False after=True (card 108-4 runs LabVIEW in parallel)
=== 23 pass / 2 fail: ['selftest_heartbeat', 'selftest_guard_peer_scan_tmp']
RESULT {"schema":"result-line/1","status":"FAIL","gates":{"pass":23,"fail":2},"first_fail":"selftest_heartbeat","artefacts":[]}
BGRUN END rc=1 after 628s
