BGRUN START 2026-09-18 11:04:13 limit 25.0 min: py -u tools/bench/diag_fstunnel_orphans.py MATERIAL=1
READ-ONLY DIAGNOSTIC - no op built, no VI saved. Contract P0..P5 in the docstring.
   LabVIEW pid before anything: None

-- md5 before --
   c39f36e0675339673b707c59f0784fee  Min_Track N beads 4.5_KimLabMTroom_3StateClamping.vi
   2a78e17c449cacdaf5da389818526859  Min_Track N beads V6_ParallelLoop.vi
   5dc45a04ea5d809f5ca57e9309ed59c5  OpWireSource_v5.vi
   fresh(): killing LabVIEW pid None
   COM preflight attempt 1/15: pid None->6972, wires 16->16
   COM preflight OK (pid 6972, two round-trips agree: 16 wires)
   fresh(): new LabVIEW pid 6972
  HANDLES after a fresh LabVIEW: 30318  (fresh baseline ~31,500)
   LabVIEW pid after fresh(): 6972

   STAGE 1: a FRESH scratch copy of the donor, no edits
      donor  C:\Program Files\National Instruments\LabVIEW 2026\user.lib\claudeDev\OpWireSource_v5.vi
      scratch C:\Program Files\National Instruments\LabVIEW 2026\user.lib\claudeDev\SCRATCH_fsorphans_2404.vi

   ===== STATE 'fresh': 19 nodes on diagram 0, ExecState 1
         uids: [43, 124, 145, 151, 157, 163, 167, 241, 307, 310, 482, 990, 1044, 1186, 1221, 1319, 1326, 1329, 1554]

   --- uid 43  Nodes[0]  style='Open VI Reference'  label='Open VI Reference'
       report_all classes: [('Function', 'Function', (275, 251), 'TopLevelDiagram'), ('Node', 'Function', (275, 251), 'TopLevelDiagram')]
       T[ 0] 'error out'                                          source/output wire 590
       T[ 1] 'vi reference'                                       source/output wire 467
       T[ 2] 'password ("")'                                      sink/input    wire 0
       T[ 3] 'type specifier VI Refnum (for type only)'           sink/input    wire 0
       T[ 4] 'error in (no error)'                                sink/input    wire 0
       T[ 5] 'options'                                            sink/input    wire 0
       T[ 6] 'vi path'                                            sink/input    wire 106
       T[ 7] 'application reference (local)'                      sink/input    wire 0

   --- uid 124  Nodes[1]  style='Unknown'  label='Traverse for GObjects.vi'
       report_all classes: [('SubVI', 'SubVI', (495, 281), 'TopLevelDiagram'), ('Node', 'SubVI', (495, 281), 'TopLevelDiagram')]
       T[ 0] 'error out'                                          source/output wire 425
       T[ 1] '# of Refs'                                          source/output wire 303
       T[ 2] 'References'                                         source/output wire 188
       T[ 3] 'dup VI Refnum'                                      source/output wire 0
       T[ 4] 'EMPTY'                                              sink/input    wire 0
       T[ 5] 'Other Refnum'                                       sink/input    wire 0
       T[ 6] 'Traverse Generated Code (F)'                        sink/input    wire 0
       T[ 7] 'Traverse Target'                                    sink/input    wire 415
       T[ 8] 'error in (no error)'                                sink/input    wire 590
       T[ 9] 'EMPTY'                                              sink/input    wire 0
       T[10] 'Class Name'                                         sink/input    wire 373
       T[11] 'VI Refnum'                                          sink/input    wire 467

   --- uid 990  Nodes[9]  style='Unknown'  label='UID to GObject Reference.vi'
       report_all classes: [('SubVI', 'SubVI', (900, 1600), 'TopLevelDiagram'), ('Node', 'SubVI', (900, 1600), 'TopLevelDiagram')]
       T[ 0] 'error out'                                          source/output wire 1208
       T[ 1] 'EMPTY'                                              sink/input    wire 0
       T[ 2] 'GObject'                                            source/output wire 1081
       T[ 3] 'dup Owning VI'                                      source/output wire 0
       T[ 4] 'EMPTY'                                              sink/input    wire 0
       T[ 5] 'EMPTY'                                              sink/input    wire 0
       T[ 6] 'EMPTY'                                              sink/input    wire 0
       T[ 7] 'EMPTY'                                              sink/input    wire 0
       T[ 8] 'error in (no error)'                                sink/input    wire 0
       T[ 9] 'EMPTY'                                              sink/input    wire 0
       T[10] 'UID'                                                sink/input    wire 1068
       T[11] 'Owning VI'                                          sink/input    wire 467
  PASS P1 the fresh donor copy is LEGAL (ExecState 1) and has >=19 nodes on diagram 0  | ExecState 1, 19 nodes
  PASS P2 uids 43, 124 and 990 are ALL present in the FRESH donor copy (so the recipe does not create them)  | all three present
  PASS P3 class + style + label + full terminal list were read for every target uid  | {43: ('Open VI Reference', 8), 124: ('Unknown', 12), 990: ('Unknown', 12)}
   P5 recipe-created object pn_a      <- build_opfstunnelterm_v1.py:451  g.build_property(op, cls, [(pid_a, False)], (900, 1250))
   P5 recipe-created object seed control <- build_opfstunnelterm_v1.py:455  g.create_control(op, n_a, 0)
   P5 recipe-created object pn_b      <- build_opfstunnelterm_v1.py:481  g.build_property(op, cls, [(pid_b, False)], (900, 1450))
   P5 recipe-created object pn_a_uid  <- build_opfstunnelterm_v1.py:484  g.build_property(op, 'VI Server:GObject', [(P_UID, False)])
   P5 recipe-created object pn_b_uid  <- build_opfstunnelterm_v1.py:487  g.build_property(op, 'VI Server:GObject', [(P_UID, False)])
   P5 recipe-created object pn_b_cw   <- build_opfstunnelterm_v1.py:492  g.build_property(op, 'VI Server:Terminal', [(P_CONN_WIRE, False)])
   P5 recipe-created object pn_b_cwu  <- build_opfstunnelterm_v1.py:495  g.build_property(op, 'VI Server:GObject', [(P_UID, False)])

   STAGE 2: reproducing build_opfstunnelterm_v1.build_one('OUT') edits on the SAME scratch, up to the B4 gate (nothing is saved)
   Terms[] PN 145 | Index Array 151 | TMSC 1044 | back-half sinks [157, 1319, 1326]
  PASS P4a the front section was found on the scratch (same sweep as the recipe)  | terms 145 ia 151 tmsc 1044 consumers [157, 1319, 1326]
   deleted Node #145
   deleted Node #151
   deleted Wire #578
   deleted Wire #639
   deleted Wire #533
   PN_A uid 145 (Nodes[17], OuterTerminal); new control(s): ['reference 4']
  PASS P4b create_control on the PN's `reference` made exactly one new CONTROL  | ['reference 4']
   deleted the seed->PN_A wire #1651
   seed 'reference 4' -> TMSC `target class` wire 1457
   WIRE [SCR] TMSC->PN_A Function#1044.'specific class reference' -> Property#145.'reference': src wire BEFORE = 384 -> branch=True; ExecState BEFORE = 0
        AFTER: src wire 384, dst wire 384; ExecState AFTER = 0
   WIRE [SCR] TMSC->PN_B Function#1044.'specific class reference' -> Property#148.'reference': src wire BEFORE = 384 -> branch=True; ExecState BEFORE = 0
        AFTER: src wire 384, dst wire 384; ExecState AFTER = 0
   WIRE [SCR] A->UID Property#145.'OuterTerminal' -> Property#151.'reference': src wire BEFORE = 0 -> branch=False; ExecState BEFORE = 0
        AFTER: src wire 1694, dst wire 1694; ExecState AFTER = 0
   WIRE [SCR] B->UID Property#148.'InnerTerminal' -> Property#154.'reference': src wire BEFORE = 0 -> branch=False; ExecState BEFORE = 0
        AFTER: src wire 1719, dst wire 1719; ExecState AFTER = 0
   WIRE [SCR] B->ConnWire Property#148.'InnerTerminal' -> Property#168.'reference': src wire BEFORE = 1719 -> branch=True; ExecState BEFORE = 0
        AFTER: src wire 1719, dst wire 1719; ExecState AFTER = 0
   WIRE [SCR] ConnWire->UID Property#168.'Wire' -> Property#169.'reference': src wire BEFORE = 0 -> branch=False; ExecState BEFORE = 0
        AFTER: src wire 1766, dst wire 1766; ExecState AFTER = 0
   back-half sink #157 (Property) re-fed from OuterTerminal (1/3)
   back-half sink #1319 (Property) re-fed from OuterTerminal (2/3)
   back-half sink #1326 (Property) re-fed from OuterTerminal (3/3)
   recipe-created uids on the scratch: {"pn_a": 145, "pn_b": 148, "pn_a_uid": 151, "pn_b_uid": 154, "pn_b_cw": 168, "pn_b_cwu": 169, "seed": "reference 4", "tmsc": 1044, "consumers": [157, 1319, 1326]}
  PASS P4c the scratch reproduced the failing state (ExecState 0 after the back half is re-fed)  | ExecState 0

   ===== STATE 'at_b4': 23 nodes on diagram 0, ExecState 0
         uids: [43, 124, 145, 148, 151, 154, 157, 163, 167, 168, 169, 241, 307, 310, 482, 990, 1044, 1186, 1221, 1319, 1326, 1329, 1554]

   --- uid 43  Nodes[0]  style='Open VI Reference'  label='Open VI Reference'
       report_all classes: [('Function', 'Function', (275, 251), 'TopLevelDiagram'), ('Node', 'Function', (275, 251), 'TopLevelDiagram')]
       T[ 0] 'error out'                                          source/output wire 590
       T[ 1] 'vi reference'                                       source/output wire 467
       T[ 2] 'password ("")'                                      sink/input    wire 0
       T[ 3] 'type specifier VI Refnum (for type only)'           sink/input    wire 0
       T[ 4] 'error in (no error)'                                sink/input    wire 0
       T[ 5] 'options'                                            sink/input    wire 0
       T[ 6] 'vi path'                                            sink/input    wire 106
       T[ 7] 'application reference (local)'                      sink/input    wire 0

   --- uid 124  Nodes[1]  style='Unknown'  label='Traverse for GObjects.vi'
       report_all classes: [('SubVI', 'SubVI', (495, 281), 'TopLevelDiagram'), ('Node', 'SubVI', (495, 281), 'TopLevelDiagram')]
       T[ 0] 'error out'                                          source/output wire 425
       T[ 1] '# of Refs'                                          source/output wire 303
       T[ 2] 'References'                                         source/output wire 188
       T[ 3] 'dup VI Refnum'                                      source/output wire 0
       T[ 4] 'EMPTY'                                              sink/input    wire 0
       T[ 5] 'Other Refnum'                                       sink/input    wire 0
       T[ 6] 'Traverse Generated Code (F)'                        sink/input    wire 0
       T[ 7] 'Traverse Target'                                    sink/input    wire 415
       T[ 8] 'error in (no error)'                                sink/input    wire 590
       T[ 9] 'EMPTY'                                              sink/input    wire 0
       T[10] 'Class Name'                                         sink/input    wire 373
       T[11] 'VI Refnum'                                          sink/input    wire 467

   --- uid 990  Nodes[7]  style='Unknown'  label='UID to GObject Reference.vi'
       report_all classes: [('SubVI', 'SubVI', (900, 1600), 'TopLevelDiagram'), ('Node', 'SubVI', (900, 1600), 'TopLevelDiagram')]
       T[ 0] 'error out'                                          source/output wire 1208
       T[ 1] 'EMPTY'                                              sink/input    wire 0
       T[ 2] 'GObject'                                            source/output wire 1081
       T[ 3] 'dup Owning VI'                                      source/output wire 0
       T[ 4] 'EMPTY'                                              sink/input    wire 0
       T[ 5] 'EMPTY'                                              sink/input    wire 0
       T[ 6] 'EMPTY'                                              sink/input    wire 0
       T[ 7] 'EMPTY'                                              sink/input    wire 0
       T[ 8] 'error in (no error)'                                sink/input    wire 0
       T[ 9] 'EMPTY'                                              sink/input    wire 0
       T[10] 'UID'                                                sink/input    wire 1068
       T[11] 'Owning VI'                                          sink/input    wire 467
  PASS P0b the scratch VI was created and DELETED in the same run  | C:\Program Files\National Instruments\LabVIEW 2026\user.lib\claudeDev\SCRATCH_fsorphans_2404.vi -> True
  HANDLES at the end: 30979  (fresh baseline ~31,500)

-- md5 after --
   c39f36e0675339673b707c59f0784fee  Min_Track N beads 4.5_KimLabMTroom_3StateClamping.vi
   2a78e17c449cacdaf5da389818526859  Min_Track N beads V6_ParallelLoop.vi
   5dc45a04ea5d809f5ca57e9309ed59c5  OpWireSource_v5.vi
  PASS P0a every original + the donor is byte-identical before and after  | {"Min_Track N beads 4.5_KimLabMTroom_3StateClamping.vi": "c39f36e0675339673b707c59f0784fee", "Min_Track N beads V6_ParallelLoop.vi": "2a78e17c449cacdaf5da389818526859", "OpWireSource_v5.vi": "5dc45a04ea5d809f5ca57e9309ed59c5"}

   -> G:\Codes\LabVIEW_Codes\MinLab\zz_LabView VI\AAA_UNIST\2. Tracking\V6_ParallelLoop\tools\bench\diag_fstunnel_orphans.json

GATES 8/8 pass
BGRUN END rc=0 after 90s
