BGRUN START 2026-09-27 19:43:22 limit 2.0 min: py -u tools/bench/diag_c110d_rbwends.py
BGRUN PID 17912
PASS  G1_one_fact_same_set  (1, 1, 72, 72)
WIRE     42 source-only  [(2396, 'LoopTunnel', '', True)]
WIRE    121 sink-only    [(119, 'RightShiftRegister', '', False)]
WIRE    373 source-only  [(2580, 'LoopTunnel', '', True)]
WIRE    505 sink-only    [(1147, 'RightShiftRegister', '', False)]
WIRE    628 source-only  [(5129, 'LoopTunnel', '', True)]
WIRE    730 termless     []
WIRE   1681 source-only  [(1142, 'LeftShiftRegister', '', True)]
WIRE   1773 source-only  [(5328, 'LoopTunnel', '', True)]
WIRE   2924 sink-only    [(2765, 'SelectorTunnel', 'x,y,z array out', False), (5696, 'SubVI', 'x,y,z array', False)]
WIRE   3040 source-only  [(6810, 'SubVI', 'Image Out', True)]
WIRE   3148 sink-only    [(2992, 'SelectorTunnel', '', False), (5696, 'SubVI', 'z index of first ref', False)]
WIRE   3210 sink-only    [(3176, 'SelectorTunnel', '', False), (5696, 'SubVI', 'z indices of all exp', False)]
WIRE   3413 sink-only    [(3176, 'SelectorTunnel', '', False), (6085, 'SubVI', 'z indices of all exp', False)]
WIRE   3472 sink-only    [(2765, 'SelectorTunnel', 'x,y,z array out', False), (6085, 'SubVI', 'x,y,z array', False)]
WIRE   3512 source-only  [(4432, 'LoopTunnel', '', True)]
WIRE   3513 sink-only    [(2992, 'SelectorTunnel', '', False), (6085, 'SubVI', 'z index of first ref', False)]
WIRE   3646 source-only  [(3656, 'LoopTunnel', '', True)]
WIRE   3912 source-only  [(3920, 'LoopTunnel', 'Real-space cosine window', True)]
WIRE   4027 source-only  [(4031, 'LoopTunnel', 'Cosine bandpass for Hilbert', True)]
WIRE   4878 source-only  [(4580, 'Property', 'Value', True)]
WIRE   4906 termless     []
WIRE   5637 termless     []
WIRE   5709 termless     []
WIRE   5746 source-only  [(5752, 'LoopTunnel', '', True)]
WIRE   5859 sink-only    [(5796, 'RightShiftRegister', '', False)]
WIRE   5975 termless     []
WIRE   5979 source-only  [(5569, 'LoopTunnel', '', True)]
WIRE   6041 source-only  [(5805, 'LeftShiftRegister', '', True)]
WIRE   6096 termless     []
WIRE   6145 sink-only    [(6085, 'SubVI', 'Correction Factor', False), (6132, 'SelectorTunnel', 'Correction Factor', False)]
WIRE   6176 sink-only    [(5696, 'SubVI', 'Correction Factor', False), (6132, 'SelectorTunnel', 'Correction Factor', False)]
WIRE   6363 termless     []
WIRE   7429 source-only  [(2972, 'LeftShiftRegister', '', True)]
WIRE   9012 termless     []
WIRE   9076 sink-only    [(8634, 'GrowableFunction', 'array', False), (9087, 'LoopTunnel', '', False)]
WIRE   9097 source-only  [(9025, 'LeftShiftRegister', '', True)]
WIRE   9215 sink-only    [(9018, 'RightShiftRegister', '', False)]
WIRE   9868 termless     []
WIRE   9993 sink-only    [(8566, 'BuildArray', 'element', False), (10004, 'LoopTunnel', '', False)]
WIRE  10043 src+sink     [(8566, 'BuildArray', 'appended array', True), (8634, 'GrowableFunction', 'new element/subarray', False)]
WIRE  10166 sink-only    [(8634, 'GrowableFunction', 'index (col)', False), (10177, 'LoopTunnel', '', False)]
WIRE  10187 source-only  [(10068, 'Function', 'x-y*floor(x/y)', True)]
WIRE  10312 termless     []
WIRE  10573 termless     []
WIRE  10763 source-only  [(11001, 'LeftShiftRegister', 'autofocus reset count (1.2 to 1.1)', True)]
WIRE  10908 termless     []
WIRE  11352 termless     []
WIRE  12256 source-only  [(11608, 'Bundler', 'output cluster', True)]
WIRE  15847 src+sink     [(8764, 'Function', 'x-y', True), (29009, 'SubVI', 'X', False)]
WIRE  17287 termless     []
WIRE  17393 termless     []
WIRE  20097 src+sink     [(30306, 'SubVI', 'X', False), (30331, 'IndexArray', 'subarray', True)]
WIRE  23556 termless     []
WIRE  25618 src+sink     [(11261, 'BuildArray', 'appended array', True), (23166, 'Diagram', 'Force (pN) vs Extension (nm) ', False)]
WIRE  28039 source-only  [(29512, 'LeftShiftRegister', '', True)]
WIRE  28338 source-only  [(28343, 'LoopTunnel', 'Magnet position output', True)]
WIRE  28365 sink-only    [(28083, 'SubVI', 'Mag pos when touched to glass', False), (28370, 'LoopTunnel', 'Magnet position output', False)]
WIRE  28443 src+sink     [(8741, 'IndexArray', 'subarray', True), (28233, 'PolymorphicSubVI', 'X', False)]
WIRE  28684 sink-only    [(9503, 'LoopTunnel', 'Value', False), (28083, 'SubVI', 'Magnet position', False)]
WIRE  28847 termless     []
WIRE  29591 sink-only    [(29505, 'RightShiftRegister', '', False)]
WIRE  29766 sink-only    [(29625, 'GrowableFunction', 'index (col)', False), (29777, 'LoopTunnel', '', False), (29973, 'BuildArray', 'element', False)]
WIRE  29787 source-only  [(29240, 'Function', 'x-y*floor(x/y)', True)]
WIRE  29853 sink-only    [(29625, 'GrowableFunction', 'array', False), (29911, 'LoopTunnel', '', False)]
WIRE  30241 src+sink     [(29625, 'GrowableFunction', 'new element/subarray', False), (29973, 'BuildArray', 'appended array', True)]
WIRE  30636 sink-only    [(29973, 'BuildArray', 'element', False), (30135, 'LoopTunnel', '', False)]
WIRE  30885 sink-only    [(30306, 'SubVI', 'left rank', False), (30306, 'SubVI', 'right rank', False), (30896, 'LoopTunnel', 'Extension\nmedian filter\nhalf-width', False)]
WIRE  31059 termless     []
WIRE  31064 sink-only    [(27716, 'Function', 'index', False), (28180, 'SubVI', 'half-width', False), (31051, 'LoopTunnel', 'Force\nsmoothing\nhalf-width', False)]
WIRE  31128 sink-only    [(29009, 'SubVI', 'left rank', False), (29009, 'SubVI', 'right rank', False), (31137, 'LoopTunnel', 'Extension\nmedian filter\nhalf-width', False)]
WIRE  31166 termless     []
WIRE  32890 termless     []
CLASS sink-only     24 [121, 505, 2924, 3148, 3210, 3413, 3472, 3513, 5859, 6145, 6176, 9076, 9215, 9993, 10166, 28365, 28684, 29591, 29766, 29853, 30636, 30885, 31064, 31128]
CLASS source-only   22 [42, 373, 628, 1681, 1773, 3040, 3512, 3646, 3912, 4027, 4878, 5746, 5979, 6041, 7429, 9097, 10187, 10763, 12256, 28039, 28338, 29787]
CLASS src+sink       6 [10043, 15847, 20097, 25618, 28443, 30241]
CLASS termless      20 [730, 4906, 5637, 5709, 5975, 6096, 6363, 9012, 9868, 10312, 10573, 10908, 11352, 17287, 17393, 23556, 28847, 31059, 31166, 32890]
PASS  G2_every_wire_one_class  {'source-only': 22, 'sink-only': 24, 'termless': 20, 'src+sink': 6}
=== GATES: 2 pass / 0 fail
RESULT {"schema":"result-line/1","status":"PASS","gates":{"pass":2,"fail":0},"first_fail":null,"artefacts":[]}
BGRUN END rc=0 after 1s
