BGRUN START 2026-09-27 22:56:09 limit 1.0 min: py -u tools/bench/diag_c112b_insp.py
BGRUN PID 21212
['fs_tunnel_pairs', 'loops', 'md5', 'objs', 'owners', 'source', 'terminals', 'vi']
vi str 'C:\\Program Files\\National Instruments\\LabVIEW 2026\\user.lib\\claudeDev\\D1_l2_b1_20260927_193100.vi'
md5 str 'b705728ab0714dc8179fc955283800f9'
source str 'tools/bench/diag_c111b_b1graph.py (read_live + mloops + owner_of, byte copy)'
terminals list 5841
objs list 10159
loops list 23
fs_tunnel_pairs list 576
owners dict 250
row keys ['frame_diagram', 'is_source', 'owner_class', 'owner_uid', 'term_class', 'term_name', 'term_uid', 'wire_uid']
--- owner 9087 LoopTunnel 'ForLoop'
    9092 '' snk w 0 OuterTerminal fd 23166 own_map ['WhileLoop', 10170]
    9089 '' snk w 9076 InnerTerminal fd 7911 own_map ['ForLoop', 1359]
--- owner 9227 LoopTunnel 'ForLoop'
    9234 '' src w 0 OuterTerminal fd 23166 own_map ['WhileLoop', 10170]
    9230 '' snk w 8811 InnerTerminal fd 7911 own_map ['ForLoop', 1359]
--- owner 29616 LoopTunnel 'ForLoop'
    29624 '' src w 0 OuterTerminal fd 23166 own_map ['WhileLoop', 10170]
    29618 '' snk w 30546 InnerTerminal fd 29894 own_map ['ForLoop', 29874]
--- owner 29911 LoopTunnel 'ForLoop'
    29928 '' snk w 0 OuterTerminal fd 23166 own_map ['WhileLoop', 10170]
    29923 '' snk w 29853 InnerTerminal fd 29894 own_map ['ForLoop', 29874]
--- owner 2276 Tunnel 'CaseStructure'
    2282 '' snk w 0 OuterTerminal fd 23166 own_map ['WhileLoop', 10170]
    2280 '' src w 0 InnerTerminal fd 2265 own_map ['CaseStructure', 2222]
    2279 '' src w 0 InnerTerminal fd 2235 own_map ['CaseStructure', 2222]
--- owner 9603 RightShiftRegister 'WhileLoop'
    25579 '' src w 0 OuterTerminal fd 686 own_map ['FlatSequenceFrame', 0]
    22281 '' snk w 0 InnerTerminal fd 23166 own_map ['WhileLoop', 10170]
--- owner 10544 LeftShiftRegister 'WhileLoop'
    25588 '' snk w 0 OuterTerminal fd 686 own_map ['FlatSequenceFrame', 0]
    25587 '' src w 0 InnerTerminal fd 23166 own_map ['WhileLoop', 10170]
--- owner 25545 RightShiftRegister 'WhileLoop'
    25602 '' src w 0 OuterTerminal fd 686 own_map ['FlatSequenceFrame', 0]
    25596 '' snk w 0 InnerTerminal fd 23166 own_map ['WhileLoop', 10170]
--- owner 25582 LeftShiftRegister 'WhileLoop'
    25606 '' snk w 0 OuterTerminal fd 686 own_map ['FlatSequenceFrame', 0]
    25605 '' src w 0 InnerTerminal fd 23166 own_map ['WhileLoop', 10170]
--- owner 8953 GrowableFunction 'Diagram'
    8955 'element' snk w 8997 Terminal fd 686 own_map ['FlatSequenceFrame', 0]
    8958 'initialized array' src w 9051 Terminal fd 686 own_map ['FlatSequenceFrame', 0]
    8961 'dimension size' snk w 9166 Terminal fd 686 own_map ['FlatSequenceFrame', 0]
    8964 'dimension size' snk w 9788 Terminal fd 686 own_map ['FlatSequenceFrame', 0]
    9662 'dimension size' snk w 9000 Terminal fd 686 own_map ['FlatSequenceFrame', 0]
--- owner 28124 GrowableFunction 'Diagram'
    28166 'element' snk w 28301 Terminal fd 686 own_map ['FlatSequenceFrame', 0]
    28172 'initialized array' src w 29122 Terminal fd 686 own_map ['FlatSequenceFrame', 0]
    28175 'dimension size' snk w 9166 Terminal fd 686 own_map ['FlatSequenceFrame', 0]
    28178 'dimension size' snk w 28516 Terminal fd 686 own_map ['FlatSequenceFrame', 0]
    28185 'dimension size' snk w 29006 Terminal fd 686 own_map ['FlatSequenceFrame', 0]
--- owner 403 ControlTerminal 'Diagram'
loops:
   {"class": "WhileLoop", "index": 1, "loop_uid": 10170, "left_of": {"23508": [23792], "10850": [25240], "25339": [25344], "25371": [25382], "9603": [10544], "25545": [25582]}, "right_uids": [23508, 10850, 25339, 25371, 9603, 25545]}
   {"class": "ForLoop", "index": 1, "loop_uid": 29874, "left_of": {}, "right_uids": []}
   {"class": "ForLoop", "index": 2, "loop_uid": 1359, "left_of": {}, "right_uids": []}
owners map entries for the structures:
  diag 2235 -> ['CaseStructure', 2222]
  diag 2265 -> ['CaseStructure', 2222]
  diag 7911 -> ['ForLoop', 1359]
  diag 9603 -> ['WhileLoop', 10170]
  diag 10544 -> ['WhileLoop', 10170]
  diag 23166 -> ['WhileLoop', 10170]
  diag 25545 -> ['WhileLoop', 10170]
  diag 25582 -> ['WhileLoop', 10170]
  diag 29894 -> ['ForLoop', 29874]
obj 10170 {'uid': 10170, 'class': 'WhileLoop', 'pos': [4587, 5717], 'owner': 'Diagram'}
   rows with owner_uid == it: []
obj 1359 {'uid': 1359, 'class': 'ForLoop', 'pos': [9695, 7059], 'owner': 'Diagram'}
   rows with owner_uid == it: []
obj 29874 {'uid': 29874, 'class': 'ForLoop', 'pos': [9412, 7381], 'owner': 'Diagram'}
   rows with owner_uid == it: []
obj 2222 {'uid': 2222, 'class': 'CaseStructure', 'pos': [9148, 7191], 'owner': 'Diagram'}
   rows with owner_uid == it: []
TopLevelDiagram objs: [{'uid': 536, 'class': 'TopLevelDiagram', 'pos': [-17476, 102], 'owner': ''}]
RESULT {"schema":"result-line/1","status":"PASS","gates":{"pass":1,"fail":0},"first_fail":null,"artefacts":[]}
BGRUN END rc=0 after 1s
