BGRUN START 2026-09-16 22:05:08 limit 28.0 min: py -u tools/bench/diag_stop_save_seam.py
MAIN md5 before: 2a78e17c449cacdaf5da389818526859
  PASS  P7a md5 before == recorded   2a78e17c449cacdaf5da389818526859
   fresh(): killing LabVIEW pid None
   COM preflight attempt 1/15: pid None->4184, wires 16->16
   COM preflight OK (pid 4184, two round-trips agree: 16 wires)
   fresh(): new LabVIEW pid 4184
SUBVIS diagram 43: #22700 IMAQ Write TIFF File 2 | #1114 WLC function sub.vi | #48 ASI_adjust focus-subvi.vi | #5058 Track N beads four-fold over-kernel-v3.vi | #376 save trace.vi | #6810 get buff image-lost frames.vi
  PASS  P1 diagram 43 has #5058 ~ 'Track N beads four-fold over-kernel-v3.vi'   Track N beads four-fold over-kernel-v3.vi
SUBVIS diagram 19: #27605 Max Trans Pos.vi | #6384 save N xyz traces.vi
  PASS  P2 diagram 19 has #6384 ~ 'save N xyz traces.vi'   save N xyz traces.vi
SUBVIS diagram 83: #29815 ASI TG-1000.lvlib:Close.vi | #3587 Simple Error Handler.vi | #2431 IMAQ Dispose | #2078 NI_Vision_Acquisition_Software.lvlib:IMAQdx Close Camera.vi | #1839 NI_Vision_Acquisition_Software.lvlib:IMAQdx Stop Acquisition.vi | #560 Simple Error Handler.vi
  PASS  P3 diagram 83 has #1839 ~ 'IMAQdx Stop Acquisition.vi'   NI_Vision_Acquisition_Software.lvlib:IMAQdx Stop Acquisition.vi
  PASS  P3 diagram 83 has #2078 ~ 'IMAQdx Close Camera.vi'   NI_Vision_Acquisition_Software.lvlib:IMAQdx Close Camera.vi
  PASS  P3 diagram 83 has #29815 ~ 'Close.vi'   ASI TG-1000.lvlib:Close.vi
OBSERVED: wire 6929 Terms[0] source=True owner 'Diagram' uid 639 reciprocal wire 6929 | cast-output class 'Diagram'  
OBSERVED: wire 6929 Terms[1] source=False owner 'CompoundArithmetic' uid 11639 reciprocal wire 6929 | cast-output class 'CompoundArithmetic'  
OBSERVED: wire 6929 Terms[2] source=False owner '' uid 0 reciprocal wire 0 | cast-output class ''  error 1055: Property Node in OpWireSource_v5.vi er
  PASS  P4 wire 6929: exactly one source, identity checks OK   srcs=1 ident=True
RESULT wire 6929 (panel `stop (end)` (ctl uid 7) -> Or#11639 t2 `value` (diagram 43): who DRIVES it): driven by ('Diagram', 639); sinks [('CompoundArithmetic', 11639)]
OBSERVED: wire 15230 Terms[0] source=True owner 'Diagram' uid 639 reciprocal wire 15230 | cast-output class 'Diagram'  
OBSERVED: wire 15230 Terms[1] source=False owner 'CompoundArithmetic' uid 17883 reciprocal wire 15230 | cast-output class 'CompoundArithmetic'  
OBSERVED: wire 15230 Terms[2] source=False owner '' uid 0 reciprocal wire 0 | cast-output class ''  error 1055: Property Node in OpWireSource_v5.vi er
  PASS  P4 wire 15230: exactly one source, identity checks OK   srcs=1 ident=True
RESULT wire 15230 (panel `stop (end) 2` (ctl uid 19587) -> Or#17883 t1 `value` (diagram 43): who DRIVES it): driven by ('Diagram', 639); sinks [('CompoundArithmetic', 17883)]
OBSERVED: wire 3457 Terms[0] source=True owner 'CompoundArithmetic' uid 11639 reciprocal wire 3457 | cast-output class 'CompoundArithmetic'  
OBSERVED: wire 3457 Terms[1] source=False owner 'Diagram' uid 639 reciprocal wire 3457 | cast-output class 'Diagram'  
OBSERVED: wire 3457 Terms[2] source=False owner 'Diagram' uid 639 reciprocal wire 3457 | cast-output class 'Diagram'  
OBSERVED: wire 3457 Terms[3] source=False owner '' uid 0 reciprocal wire 0 | cast-output class ''  error 1055: Property Node in OpWireSource_v5.vi er
  PASS  P4 wire 3457: exactly one source, identity checks OK   srcs=1 ident=True
RESULT wire 3457 (Or#11639 `result` -> ? (no second end in the census)): driven by ('CompoundArithmetic', 11639); sinks [('Diagram', 639), ('Diagram', 639)]
OBSERVED: wire 15229 Terms[0] source=True owner 'CompoundArithmetic' uid 17883 reciprocal wire 15229 | cast-output class 'CompoundArithmetic'  
OBSERVED: wire 15229 Terms[1] source=False owner 'Tunnel' uid 22085 reciprocal wire 15229 | cast-output class 'Tunnel'  
OBSERVED: wire 15229 Terms[2] source=False owner '' uid 0 reciprocal wire 0 | cast-output class ''  error 1055: Property Node in OpWireSource_v5.vi er
  PASS  P4 wire 15229: exactly one source, identity checks OK   srcs=1 ident=True
RESULT wire 15229 (Or#17883 `result` -> node 22082 t0 (unnamed): confirm both ends): driven by ('CompoundArithmetic', 17883); sinks [('Tunnel', 22085)]
OBSERVED: wire 1920 Terms[0] source=True owner 'SubVI' uid 6384 reciprocal wire 1920 | cast-output class 'SubVI'  
OBSERVED: wire 1920 Terms[1] source=False owner 'FlatSequenceInnerTunnel' uid 4774 reciprocal wire 1920 | cast-output class 'FlatSequenceInnerTunnel'  
OBSERVED: wire 1920 Terms[2] source=False owner '' uid 0 reciprocal wire 0 | cast-output class ''  error 1055: Property Node in OpWireSource_v5.vi er
  PASS  P4 wire 1920: exactly one source, identity checks OK   srcs=1 ident=True
RESULT wire 1920 (save N xyz traces.vi #6384 `error out` -> ?): driven by ('SubVI', 6384); sinks [('FlatSequenceInnerTunnel', 4774)]
OBSERVED: wire 1316 Terms[0] source=True owner 'FlatSequenceInnerTunnel' uid 1813 reciprocal wire 1316 | cast-output class 'FlatSequenceInnerTunnel'  
OBSERVED: wire 1316 Terms[1] source=False owner 'SubVI' uid 2431 reciprocal wire 1316 | cast-output class 'SubVI'  
OBSERVED: wire 1316 Terms[2] source=False owner '' uid 0 reciprocal wire 0 | cast-output class ''  error 1055: Property Node in OpWireSource_v5.vi er
  PASS  P4 wire 1316: exactly one source, identity checks OK   srcs=1 ident=True
RESULT wire 1316 (IMAQ Dispose #2431 `Image` in <- ?): driven by ('FlatSequenceInnerTunnel', 1813); sinks [('SubVI', 2431)]
OBSERVED: wire 2134 Terms[0] source=True owner 'SubVI' uid 1839 reciprocal wire 2134 | cast-output class 'SubVI'  
OBSERVED: wire 2134 Terms[1] source=False owner 'SubVI' uid 2078 reciprocal wire 2134 | cast-output class 'SubVI'  
OBSERVED: wire 2134 Terms[2] source=False owner '' uid 0 reciprocal wire 0 | cast-output class ''  error 1055: Property Node in OpWireSource_v5.vi er
  PASS  P4 wire 2134: exactly one source, identity checks OK   srcs=1 ident=True
RESULT wire 2134 (IMAQdx Stop Acquisition #1839 `error out` -> ?): driven by ('SubVI', 1839); sinks [('SubVI', 2078)]
OBSERVED: wire 2129 Terms[0] source=True owner 'SubVI' uid 1839 reciprocal wire 2129 | cast-output class 'SubVI'  
OBSERVED: wire 2129 Terms[1] source=False owner 'SubVI' uid 2078 reciprocal wire 2129 | cast-output class 'SubVI'  
OBSERVED: wire 2129 Terms[2] source=False owner '' uid 0 reciprocal wire 0 | cast-output class ''  error 1055: Property Node in OpWireSource_v5.vi er
  PASS  P4 wire 2129: exactly one source, identity checks OK   srcs=1 ident=True
RESULT wire 2129 (IMAQdx Stop Acquisition #1839 `Session Out` -> ?): driven by ('SubVI', 1839); sinks [('SubVI', 2078)]
OBSERVED: wire 2138 Terms[0] source=True owner 'SubVI' uid 2078 reciprocal wire 2138 | cast-output class 'SubVI'  
OBSERVED: wire 2138 Terms[1] source=False owner 'SubVI' uid 560 reciprocal wire 2138 | cast-output class 'SubVI'  
OBSERVED: wire 2138 Terms[2] source=False owner '' uid 0 reciprocal wire 0 | cast-output class ''  error 1055: Property Node in OpWireSource_v5.vi er
  PASS  P4 wire 2138: exactly one source, identity checks OK   srcs=1 ident=True
RESULT wire 2138 (IMAQdx Close Camera #2078 `error out` -> ?): driven by ('SubVI', 2078); sinks [('SubVI', 560)]
OBSERVED: wire 2271 Terms[0] source=True owner 'FlatSequenceInnerTunnel' uid 2283 reciprocal wire 2271 | cast-output class 'FlatSequenceInnerTunnel'  
OBSERVED: wire 2271 Terms[1] source=False owner 'Function' uid 7223 reciprocal wire 2271 | cast-output class 'Function'  
OBSERVED: wire 2271 Terms[2] source=False owner 'Local' uid 2143 reciprocal wire 2271 | cast-output class 'Local'  
OBSERVED: wire 2271 Terms[3] source=False owner '' uid 0 reciprocal wire 0 | cast-output class ''  error 1055: Property Node in OpWireSource_v5.vi er
  PASS  P4 wire 2271: exactly one source, identity checks OK   srcs=1 ident=True
RESULT wire 2271 (`Total Lost Frames` local #2143 -> `x != 0?` #7223): driven by ('FlatSequenceInnerTunnel', 2283); sinks [('Function', 7223), ('Local', 2143)]
OBSERVED: wire 7291 Terms[0] source=True owner 'Function' uid 7223 reciprocal wire 7291 | cast-output class 'Function'  
OBSERVED: wire 7291 Terms[1] source=False owner 'Tunnel' uid 1185 reciprocal wire 7291 | cast-output class 'Tunnel'  
OBSERVED: wire 7291 Terms[2] source=False owner '' uid 0 reciprocal wire 0 | cast-output class ''  error 1055: Property Node in OpWireSource_v5.vi er
  PASS  P4 wire 7291: exactly one source, identity checks OK   srcs=1 ident=True
RESULT wire 7291 (`x != 0?` #7223 -> node 195): driven by ('Function', 7223); sinks [('Tunnel', 1185)]
OBSERVED: wire 373 Terms[0] source=True owner 'LoopTunnel' uid 2580 reciprocal wire 373 | cast-output class 'LoopTunnel'  
OBSERVED: wire 373 Terms[1] source=False owner 'SubVI' uid 5058 reciprocal wire 373 | cast-output class 'SubVI'  
OBSERVED: wire 373 Terms[2] source=False owner '' uid 0 reciprocal wire 0 | cast-output class ''  error 1055: Property Node in OpWireSource_v5.vi er
  PASS  P4 wire 373: exactly one source, identity checks OK   srcs=1 ident=True
RESULT wire 373 (#5058 t2 `cross size` in): driven by ('LoopTunnel', 2580); sinks [('SubVI', 5058)]
OBSERVED: wire 5859 Terms[0] source=True owner 'SubVI' uid 5058 reciprocal wire 5859 | cast-output class 'SubVI'  
OBSERVED: wire 5859 Terms[1] source=False owner 'RightShiftRegister' uid 5796 reciprocal wire 5859 | cast-output class 'RightShiftRegister'  
OBSERVED: wire 5859 Terms[2] source=False owner '' uid 0 reciprocal wire 0 | cast-output class ''  error 1055: Property Node in OpWireSource_v5.vi er
  PASS  P4 wire 5859: exactly one source, identity checks OK   srcs=1 ident=True
RESULT wire 5859 (#5058 t3 `Bead is good? array out` OUT): driven by ('SubVI', 5058); sinks [('RightShiftRegister', 5796)]
OBSERVED: wire 42 Terms[0] source=True owner 'LoopTunnel' uid 2396 reciprocal wire 42 | cast-output class 'LoopTunnel'  
OBSERVED: wire 42 Terms[1] source=False owner 'SubVI' uid 5058 reciprocal wire 42 | cast-output class 'SubVI'  
OBSERVED: wire 42 Terms[2] source=False owner '' uid 0 reciprocal wire 0 | cast-output class ''  error 1055: Property Node in OpWireSource_v5.vi er
  PASS  P4 wire 42: exactly one source, identity checks OK   srcs=1 ident=True
RESULT wire 42 (#5058 t9 `# of bead 4 packs` in): driven by ('LoopTunnel', 2396); sinks [('SubVI', 5058)]
OBSERVED: wire 3512 Terms[0] source=True owner 'LoopTunnel' uid 4432 reciprocal wire 3512 | cast-output class 'LoopTunnel'  
OBSERVED: wire 3512 Terms[1] source=False owner 'SubVI' uid 5058 reciprocal wire 3512 | cast-output class 'SubVI'  
OBSERVED: wire 3512 Terms[2] source=False owner '' uid 0 reciprocal wire 0 | cast-output class ''  error 1055: Property Node in OpWireSource_v5.vi er
  PASS  P4 wire 3512: exactly one source, identity checks OK   srcs=1 ident=True
RESULT wire 3512 (#5058 t11 `4 pack remainder` in): driven by ('LoopTunnel', 4432); sinks [('SubVI', 5058)]
OBSERVED: wire 3646 Terms[0] source=True owner 'LoopTunnel' uid 3656 reciprocal wire 3646 | cast-output class 'LoopTunnel'  
OBSERVED: wire 3646 Terms[1] source=False owner 'SubVI' uid 5058 reciprocal wire 3646 | cast-output class 'SubVI'  
OBSERVED: wire 3646 Terms[2] source=False owner '' uid 0 reciprocal wire 0 | cast-output class ''  error 1055: Property Node in OpWireSource_v5.vi er
  PASS  P4 wire 3646: exactly one source, identity checks OK   srcs=1 ident=True
RESULT wire 3646 (#5058 t12 `Array of cal clusters` in): driven by ('LoopTunnel', 3656); sinks [('SubVI', 5058)]
OBSERVED: wire 7429 Terms[0] source=True owner 'LeftShiftRegister' uid 2972 reciprocal wire 7429 | cast-output class 'LeftShiftRegister'  
OBSERVED: wire 7429 Terms[1] source=False owner 'SubVI' uid 5058 reciprocal wire 7429 | cast-output class 'SubVI'  
OBSERVED: wire 7429 Terms[2] source=False owner '' uid 0 reciprocal wire 0 | cast-output class ''  error 1055: Property Node in OpWireSource_v5.vi er
  PASS  P4 wire 7429: exactly one source, identity checks OK   srcs=1 ident=True
RESULT wire 7429 (#5058 t13 `pos in cal image in` in): driven by ('LeftShiftRegister', 2972); sinks [('SubVI', 5058)]
OBSERVED: wire 3912 Terms[0] source=True owner 'LoopTunnel' uid 3920 reciprocal wire 3912 | cast-output class 'LoopTunnel'  
OBSERVED: wire 3912 Terms[1] source=False owner 'SubVI' uid 5058 reciprocal wire 3912 | cast-output class 'SubVI'  
OBSERVED: wire 3912 Terms[2] source=False owner '' uid 0 reciprocal wire 0 | cast-output class ''  error 1055: Property Node in OpWireSource_v5.vi er
  PASS  P4 wire 3912: exactly one source, identity checks OK   srcs=1 ident=True
RESULT wire 3912 (#5058 t14 `Real-space cosine window` in): driven by ('LoopTunnel', 3920); sinks [('SubVI', 5058)]
OBSERVED: wire 4027 Terms[0] source=True owner 'LoopTunnel' uid 4031 reciprocal wire 4027 | cast-output class 'LoopTunnel'  
OBSERVED: wire 4027 Terms[1] source=False owner 'SubVI' uid 5058 reciprocal wire 4027 | cast-output class 'SubVI'  
OBSERVED: wire 4027 Terms[2] source=False owner '' uid 0 reciprocal wire 0 | cast-output class ''  error 1055: Property Node in OpWireSource_v5.vi er
  PASS  P4 wire 4027: exactly one source, identity checks OK   srcs=1 ident=True
RESULT wire 4027 (#5058 t15 `Cosine bandpass\nfor Hilbert ` in): driven by ('LoopTunnel', 4031); sinks [('SubVI', 5058)]
  OBSERVED uid 22082 -> owner 'Diagram' uid 639 | self 'CaseStructure'#22082 | 482 says 'Diagram' cast 'Diagram' |  
  OBSERVED uid 639 -> owner 'WhileLoop' uid 637 | self 'Diagram'#639 | 482 says 'WhileLoop' cast 'WhileLoop' |  
RESULT owner chain 22082 (the node wire 15229 feeds - the suspected loop CONDITIONAL terminal): 'CaseStructure'#22082 -> 'Diagram'#639 -> 'WhileLoop'#637
  OBSERVED uid 11639 -> owner 'Diagram' uid 639 | self 'CompoundArithmetic'#11639 | 482 says 'Diagram' cast 'Diagram' |  
  OBSERVED uid 639 -> owner 'WhileLoop' uid 637 | self 'Diagram'#639 | 482 says 'WhileLoop' cast 'WhileLoop' |  
RESULT owner chain 11639 (GrowableFunction fed by `stop (end)`): 'CompoundArithmetic'#11639 -> 'Diagram'#639 -> 'WhileLoop'#637
  OBSERVED uid 17883 -> owner 'Diagram' uid 639 | self 'CompoundArithmetic'#17883 | 482 says 'Diagram' cast 'Diagram' |  
  OBSERVED uid 639 -> owner 'WhileLoop' uid 637 | self 'Diagram'#639 | 482 says 'WhileLoop' cast 'WhileLoop' |  
RESULT owner chain 17883 (GrowableFunction fed by `stop (end) 2`): 'CompoundArithmetic'#17883 -> 'Diagram'#639 -> 'WhileLoop'#637
  OBSERVED uid 5058 -> owner 'Diagram' uid 639 | self 'SubVI'#5058 | 482 says 'Diagram' cast 'Diagram' |  
  OBSERVED uid 639 -> owner 'WhileLoop' uid 637 | self 'Diagram'#639 | 482 says 'WhileLoop' cast 'WhileLoop' |  
RESULT owner chain 5058 (the tracker call site (expect diagram of WhileLoop#637)): 'SubVI'#5058 -> 'Diagram'#639 -> 'WhileLoop'#637
  OBSERVED uid 6384 -> owner 'Diagram' uid 686 | self 'SubVI'#6384 | 482 says 'Diagram' cast 'Diagram' |  
  OBSERVED uid 686 -> owner 'FlatSequenceFrame' uid 0 | self 'Diagram'#686 | 482 says 'FlatSequenceFrame' cast '' |  error 1055: Property Node in OpOwnerChain_v1.vi
RESULT owner chain 6384 (save N xyz traces.vi): 'SubVI'#6384 -> 'Diagram'#686 -> 'FlatSequenceFrame'#0
  OBSERVED uid 2078 -> owner 'Diagram' uid 759 | self 'SubVI'#2078 | 482 says 'Diagram' cast 'Diagram' |  
  OBSERVED uid 759 -> owner 'FlatSequenceFrame' uid 0 | self 'Diagram'#759 | 482 says 'FlatSequenceFrame' cast '' |  error 1055: Property Node in OpOwnerChain_v1.vi
RESULT owner chain 2078 (IMAQdx Close Camera): 'SubVI'#2078 -> 'Diagram'#759 -> 'FlatSequenceFrame'#0
  OBSERVED uid 29815 -> owner 'Diagram' uid 759 | self 'SubVI'#29815 | 482 says 'Diagram' cast 'Diagram' |  
  OBSERVED uid 759 -> owner 'FlatSequenceFrame' uid 0 | self 'Diagram'#759 | 482 says 'FlatSequenceFrame' cast '' |  error 1055: Property Node in OpOwnerChain_v1.vi
RESULT owner chain 29815 (ASI TG-1000 Close.vi): 'SubVI'#29815 -> 'Diagram'#759 -> 'FlatSequenceFrame'#0
  OBSERVED uid 637 -> owner 'Diagram' uid 686 | self 'WhileLoop'#637 | 482 says 'Diagram' cast 'Diagram' |  
  OBSERVED uid 686 -> owner 'FlatSequenceFrame' uid 0 | self 'Diagram'#686 | 482 says 'FlatSequenceFrame' cast '' |  error 1055: Property Node in OpOwnerChain_v1.vi
RESULT owner chain 637 (the frame While loop itself): 'WhileLoop'#637 -> 'Diagram'#686 -> 'FlatSequenceFrame'#0
  PASS  P5/P6 uid 11639 own-chains to WhileLoop#637   hop1=Diagram#639 hop2=WhileLoop#637
  PASS  P5/P6 uid 17883 own-chains to WhileLoop#637   hop1=Diagram#639 hop2=WhileLoop#637
  PASS  P5/P6 uid 22082 own-chains to WhileLoop#637   hop1=Diagram#639 hop2=WhileLoop#637
  -> FAIL  P5 node 22082 is a terminal-like class (conditional terminal)   CaseStructure
  PASS  P7b MAIN md5 unchanged   2a78e17c449cacdaf5da389818526859
SUMMARY 29/30 gates pass; failing: ['P5 node 22082 is a terminal-like class (conditional terminal)']
MAIN md5 after: 2a78e17c449cacdaf5da389818526859
BGRUN END rc=1 after 117s
