==========================================================================================
D1_s1_copy  C:\Program Files\National Instruments\LabVIEW 2026\user.lib\claudeDev\D1_s1_copy.vi  474202 B  md5 3e3d23cefd3a334001aa9d6156bf1aee  saved-version [{'offset': 36, 'bytes': '26 00 80 00'}]
GATE P1 parse ok: True | P2 one LVSR section: True (1)
GATE P3 LVSR payload 160 B: True (160)
  LVSR+000  26 00 80 00 40 04 01 00 00 00 00 00 00 00 00 00
  LVSR+016  00 03 00 3c 00 00 00 1f 40 80 02 10 00 00 00 01
  LVSR+032  00 04 00 02 ff ff ff ff 00 00 00 00 00 00 00 00
  LVSR+048  00 00 00 00 bd eb fc 64 12 fc 3d 4b a6 98 a4 3b
  LVSR+064  45 bc 78 70 00 00 00 0c 00 00 00 10 00 00 00 00
  LVSR+080  dd 97 3a 10 b9 7d 05 40 b9 03 92 db 3f 5e f8 54
  LVSR+096  d4 1d 8c d9 8f 00 b2 04 e9 80 09 98 ec f8 42 7e
  LVSR+112  00 00 00 00 00 00 00 00 fd 52 f2 a3 65 74 a2 4d
  LVSR+128  b0 e7 f1 59 de 5f 01 ca 01 00 00 00 ff ff ff ff
  LVSR+144  d4 1d 8c d9 8f 00 b2 04 e9 80 09 98 ec f8 42 7e
  version=0x26008000 execFlags=0x40040100 viFlags2=0x00000000 instrState=0x40800210
  DECODE (pylabview): DebugCapable(instrState bit9)=True  IsReentrant(execFlags bit5)=False  LibProtected(bit13)=False
==========================================================================================
ORIGINAL  G:\Codes\LabVIEW_Codes\MinLab\zz_LabView VI\AAA_UNIST\2. Tracking\Min_Track N beads V6_ParallelLoop.vi  473317 B  md5 2a78e17c449cacdaf5da389818526859  saved-version [{'offset': 36, 'bytes': '26 00 80 00'}]
GATE P1 parse ok: True | P2 one LVSR section: True (1)
GATE P3 LVSR payload 160 B: True (160)
  LVSR+000  26 00 80 00 40 04 01 00 00 00 00 00 00 00 00 00
  LVSR+016  00 03 00 3c 00 00 00 1f 40 80 02 10 00 00 00 01
  LVSR+032  00 04 00 02 ff ff ff ff 00 00 00 00 00 00 00 00
  LVSR+048  00 00 00 00 e5 21 35 0c b4 62 f9 41 9a 76 22 9d
  LVSR+064  ba 79 04 79 00 00 00 0c 00 00 00 10 00 00 00 00
  LVSR+080  31 df 2f c8 db c0 f8 49 99 cb 1e 58 da 44 ab d5
  LVSR+096  d4 1d 8c d9 8f 00 b2 04 e9 80 09 98 ec f8 42 7e
  LVSR+112  00 00 00 00 00 00 00 00 1d f2 76 eb 93 3a 48 4d
  LVSR+128  a0 57 2b 81 90 81 76 12 01 00 00 00 ff ff ff ff
  LVSR+144  d4 1d 8c d9 8f 00 b2 04 e9 80 09 98 ec f8 42 7e
  version=0x26008000 execFlags=0x40040100 viFlags2=0x00000000 instrState=0x40800210
  DECODE (pylabview): DebugCapable(instrState bit9)=True  IsReentrant(execFlags bit5)=False  LibProtected(bit13)=False
==========================================================================================
kswap  C:\Program Files\National Instruments\LabVIEW 2026\user.lib\claudeDev\D1_s1_kswap_20260926_004935.vi  474627 B  md5 e77b8d5805d90f76e426cb06fdc26d1c  saved-version [{'offset': 36, 'bytes': '26 00 80 00'}]
GATE P1 parse ok: True | P2 one LVSR section: True (1)
GATE P3 LVSR payload 160 B: True (160)
  LVSR+000  26 00 80 00 40 04 01 00 00 00 00 00 00 00 00 00
  LVSR+016  00 03 00 3c 00 00 00 1f 40 80 02 10 00 00 00 01
  LVSR+032  00 04 00 02 ff ff ff ff 00 00 00 00 00 00 00 00
  LVSR+048  00 00 00 00 86 4e 46 a8 bc b8 01 4f 91 4f 58 27
  LVSR+064  9b 4c 74 34 00 00 00 0c 00 00 00 10 00 00 00 00
  LVSR+080  af 4a 1f 71 12 cf 47 44 81 18 72 67 22 64 1a a1
  LVSR+096  d4 1d 8c d9 8f 00 b2 04 e9 80 09 98 ec f8 42 7e
  LVSR+112  00 00 00 00 00 00 00 00 41 df 5e 3b 1d d0 db 46
  LVSR+128  89 56 88 44 eb 68 ee 8d 01 00 00 00 ff ff ff ff
  LVSR+144  d4 1d 8c d9 8f 00 b2 04 e9 80 09 98 ec f8 42 7e
  version=0x26008000 execFlags=0x40040100 viFlags2=0x00000000 instrState=0x40800210
  DECODE (pylabview): DebugCapable(instrState bit9)=True  IsReentrant(execFlags bit5)=False  LibProtected(bit13)=False
==========================================================================================
OpDelete_v0 (scripted op)  C:\Program Files\National Instruments\LabVIEW 2026\user.lib\claudeDev\OpDelete_v0.vi  9148 B  md5 df36f96cce84b151859de9721c3c0cf9  saved-version [{'offset': 36, 'bytes': '26 00 80 00'}]
GATE P1 parse ok: True | P2 one LVSR section: True (1)
GATE P3 LVSR payload 160 B: True (160)
  LVSR+000  26 00 80 00 40 00 00 00 20 00 06 00 00 00 00 04
  LVSR+016  00 03 00 3c 00 00 00 1f 40 80 22 10 00 00 00 01
  LVSR+032  00 01 00 02 ff ff ff ff 00 00 00 00 00 00 00 00
  LVSR+048  00 00 00 00 a2 6a dc c8 1c 64 91 4e 8c ff ac e6
  LVSR+064  cc 99 c0 f9 00 00 00 0c 00 00 00 10 00 00 00 00
  LVSR+080  97 71 ae d3 7a 92 a8 4f a3 45 e0 ee ad 6d ea c3
  LVSR+096  d4 1d 8c d9 8f 00 b2 04 e9 80 09 98 ec f8 42 7e
  LVSR+112  00 00 00 00 00 00 00 00 5e be d0 69 5c a0 3a 4b
  LVSR+128  b6 2b 92 cd 9b 3e 2a dc 01 00 00 00 ff ff ff ff
  LVSR+144  d4 1d 8c d9 8f 00 b2 04 e9 80 09 98 ec f8 42 7e
  version=0x26008000 execFlags=0x40000000 viFlags2=0x20000600 instrState=0x40802210
  DECODE (pylabview): DebugCapable(instrState bit9)=True  IsReentrant(execFlags bit5)=False  LibProtected(bit13)=False
==========================================================================================
vi.lib HighResRelSecs  C:\Program Files\National Instruments\LabVIEW 2026\vi.lib\Utility\High Resolution Relative Seconds.vi  5448 B  md5 72cfd388edb3723e1826077e5ae51c55  saved-version [{'offset': 36, 'bytes': '26 00 80 00'}, {'offset': 59, 'bytes': '1f 00 80 00'}]
GATE P1 parse ok: True | P2 one LVSR section: True (1)
GATE P3 LVSR payload 160 B: True (160)
  LVSR+000  26 00 80 00 01 02 20 00 00 02 06 00 00 00 00 00
  LVSR+016  00 03 00 3c 00 a1 00 1f 00 80 00 00 00 00 00 01
  LVSR+032  00 05 00 02 ff ff ff ff 00 00 00 00 00 00 00 00
  LVSR+048  00 00 00 00 63 5c 96 29 9c 34 73 42 85 66 7e 30
  LVSR+064  f5 7f 8c bd 00 00 00 0c 00 00 00 10 00 00 00 00
  LVSR+080  b5 13 6b dd 68 b3 28 4d b2 4e 82 9a 25 44 a9 99
  LVSR+096  d4 1d 8c d9 8f 00 b2 04 e9 80 09 98 ec f8 42 7e
  LVSR+112  00 00 00 00 00 00 00 00 0e 07 98 b7 5d ff 89 4a
  LVSR+128  87 41 fd 71 6d 84 1c 87 02 00 00 00 ff ff ff ff
  LVSR+144  d4 1d 8c d9 8f 00 b2 04 e9 80 09 98 ec f8 42 7e
  version=0x26008000 execFlags=0x01022000 viFlags2=0x00020600 instrState=0x00800000
  DECODE (pylabview): DebugCapable(instrState bit9)=False  IsReentrant(execFlags bit5)=False  LibProtected(bit13)=True
P4 (report) D1_s1_copy vs ORIGINAL LVSR differing byte offsets: [52, 53, 54, 55, 56, 57, 58, 59, 60, 61, 62, 63, 64, 65, 66, 67, 80, 81, 82, 83, 84, 85, 86, 87, 88, 89, 90, 91, 92, 93, 94, 95, 120, 121, 122, 123, 124, 125, 126, 128, 129, 130, 131, 132, 133, 134, 135]
  diff D1_s1_copy                   vs ORIGINAL                     : [52, 53, 54, 55, 56, 57, 58, 59, 60, 61, 62, 63, 64, 65, 66, 67, 80, 81, 82, 83, 84, 85, 86, 87, 88, 89, 90, 91, 92, 93, 94, 95, 120, 121, 122, 123, 124, 125, 126, 128, 129, 130, 131, 132, 133, 134, 135]
  diff D1_s1_copy                   vs kswap                        : [52, 53, 54, 55, 56, 57, 58, 59, 60, 61, 62, 63, 64, 65, 66, 67, 80, 81, 82, 83, 84, 85, 86, 87, 88, 89, 90, 91, 92, 93, 94, 95, 120, 121, 122, 123, 124, 125, 126, 127, 128, 129, 130, 131, 132, 133, 134, 135]
  diff D1_s1_copy                   vs OpDelete_v0 (scripted op)    : [5, 6, 8, 10, 15, 26, 33, 52, 53, 54, 55, 56, 57, 58, 59, 60, 61, 62, 63, 64, 65, 66, 67, 80, 81, 82, 83, 84, 85, 86, 87, 88, 89, 90, 91, 92, 93, 94, 95, 120, 121, 122, 123, 124, 125, 126, 127, 128, 129, 130, 131, 132, 133, 134, 135]
  diff D1_s1_copy                   vs vi.lib HighResRelSecs        : [4, 5, 6, 9, 10, 21, 24, 26, 27, 33, 52, 53, 54, 55, 56, 57, 58, 59, 60, 61, 62, 63, 64, 65, 66, 67, 80, 81, 82, 83, 84, 85, 86, 87, 88, 89, 90, 91, 92, 93, 94, 95, 120, 121, 122, 123, 124, 125, 126, 127, 128, 129, 130, 131, 132, 133, 134, 135, 136]
  diff ORIGINAL                     vs kswap                        : [52, 53, 54, 55, 56, 57, 58, 59, 60, 61, 62, 63, 64, 65, 66, 67, 80, 81, 82, 83, 84, 85, 86, 87, 88, 89, 90, 91, 92, 93, 94, 95, 120, 121, 122, 123, 124, 125, 126, 127, 128, 129, 130, 131, 132, 133, 134, 135]
  diff ORIGINAL                     vs OpDelete_v0 (scripted op)    : [5, 6, 8, 10, 15, 26, 33, 52, 53, 54, 55, 56, 57, 58, 59, 60, 61, 62, 63, 64, 65, 66, 67, 80, 81, 82, 83, 84, 85, 86, 87, 88, 89, 90, 91, 92, 93, 94, 95, 120, 121, 122, 123, 124, 125, 126, 127, 128, 129, 130, 131, 132, 133, 134, 135]
  diff ORIGINAL                     vs vi.lib HighResRelSecs        : [4, 5, 6, 9, 10, 21, 24, 26, 27, 33, 52, 53, 54, 55, 56, 57, 58, 59, 60, 61, 62, 63, 64, 65, 66, 67, 80, 81, 82, 83, 84, 85, 86, 87, 88, 89, 90, 91, 92, 94, 95, 120, 121, 122, 123, 124, 125, 126, 127, 128, 129, 130, 131, 132, 133, 134, 135, 136]
  diff kswap                        vs vi.lib HighResRelSecs        : [4, 5, 6, 9, 10, 21, 24, 26, 27, 33, 52, 53, 54, 55, 56, 57, 58, 59, 60, 61, 62, 63, 64, 65, 66, 67, 80, 81, 82, 83, 84, 85, 86, 87, 88, 89, 90, 91, 92, 93, 94, 95, 120, 121, 122, 123, 124, 125, 126, 127, 128, 129, 130, 131, 132, 133, 134, 135, 136]
  diff OpDelete_v0 (scripted op)    vs kswap                        : [5, 6, 8, 10, 15, 26, 33, 52, 53, 54, 55, 56, 57, 58, 59, 60, 61, 62, 63, 64, 65, 66, 67, 80, 81, 82, 83, 84, 85, 86, 87, 88, 89, 90, 91, 92, 93, 94, 95, 120, 121, 122, 123, 124, 125, 126, 127, 128, 129, 130, 131, 132, 133, 134, 135]
  diff OpDelete_v0 (scripted op)    vs vi.lib HighResRelSecs        : [4, 5, 6, 8, 9, 15, 21, 24, 26, 27, 33, 52, 53, 54, 55, 56, 57, 58, 59, 60, 61, 62, 63, 64, 65, 66, 67, 80, 81, 82, 83, 84, 85, 86, 87, 88, 89, 90, 91, 92, 93, 94, 95, 120, 121, 122, 123, 124, 125, 126, 127, 128, 129, 130, 131, 132, 133, 134, 135, 136]
