BGRUN START 2026-09-16 14:01:39 limit 15.0 min: py -u tools/bench/diag_reset_arm.py
   fresh(): killing LabVIEW pid None
   COM preflight attempt 1/15: pid None->21240, wires 16->16
   COM preflight OK (pid 21240, two round-trips agree: 16 wires)
   fresh(): new LabVIEW pid 21240

=== wire 10187: the PERIODIC modulo's remainder - the A3 question
OBSERVED: wire 10187 Terms[0] source=True owner 'Function' uid 10068 reciprocal wire 10187 | cast-output class 'Function'  
OBSERVED: wire 10187 Terms[1] source=False owner 'LoopTunnel' uid 10177 reciprocal wire 10187 | cast-output class 'LoopTunnel'  
OBSERVED: wire 10187 Terms[2] source=False owner '' uid 0 reciprocal wire 0 | cast-output class ''  error 1055: Property Node in OpWireSource_v5.vi er
RESULT wire 10187: source ('Function', 10068); sinks [('LoopTunnel', 10177)]

=== wire 10103: the periodic modulo's DIVISOR (the period itself)
OBSERVED: wire 10103 Terms[0] source=True owner 'LoopTunnel' uid 10114 reciprocal wire 10103 | cast-output class 'LoopTunnel'  
OBSERVED: wire 10103 Terms[1] source=False owner 'Function' uid 10068 reciprocal wire 10103 | cast-output class 'Function'  
OBSERVED: wire 10103 Terms[2] source=False owner '' uid 0 reciprocal wire 0 | cast-output class ''  error 1055: Property Node in OpWireSource_v5.vi er
RESULT wire 10103: source ('LoopTunnel', 10114); sinks [('Function', 10068)]

=== wire 9868: the other input of the reseed And #9647, from `x < y?` #10950
OBSERVED: wire 9868 Terms[0] source=True owner 'Comparison' uid 10950 reciprocal wire 9868 | cast-output class 'Comparison'  
OBSERVED: wire 9868 Terms[1] source=False owner 'Function' uid 9647 reciprocal wire 9868 | cast-output class 'Function'  
OBSERVED: wire 9868 Terms[2] source=False owner '' uid 0 reciprocal wire 0 | cast-output class ''  error 1055: Property Node in OpWireSource_v5.vi er
RESULT wire 9868: source ('Comparison', 10950); sinks [('Function', 9647)]

=== wire 3457: the compound-arithmetic output carrying `# of Auto-Reset == Limit of Program`
OBSERVED: wire 3457 Terms[0] source=True owner 'CompoundArithmetic' uid 11639 reciprocal wire 3457 | cast-output class 'CompoundArithmetic'  
OBSERVED: wire 3457 Terms[1] source=False owner 'Diagram' uid 639 reciprocal wire 3457 | cast-output class 'Diagram'  
OBSERVED: wire 3457 Terms[2] source=False owner 'Diagram' uid 639 reciprocal wire 3457 | cast-output class 'Diagram'  
OBSERVED: wire 3457 Terms[3] source=False owner '' uid 0 reciprocal wire 0 | cast-output class ''  error 1055: Property Node in OpWireSource_v5.vi er
RESULT wire 3457: source ('CompoundArithmetic', 11639); sinks [('Diagram', 639), ('Diagram', 639)]

   PASS main VI unchanged; wrote G:\Codes\LabVIEW_Codes\MinLab\zz_LabView VI\AAA_UNIST\2. Tracking\V6_ParallelLoop\tools\bench\reset_arm.json

=== SUMMARY 4/4 wires resolved to a single source ===
BGRUN END rc=0 after 45s
