BGRUN START 2026-09-21 08:58:23 limit 30.0 min: py -u tools/bench/diag_c61_localdir_write.py
=== diag_c61_localdir_write  2026-09-21 08:58:23
=== S1 repair+self-test | S2 the wire and its `Is Broken?` | S3 SAVE the op | S4 read the direction back
=== NO new verb, NO cast, NO splice, NO recipe, NO GUI, NO motor/ASI/camera
  FACT  LabVIEW handles BEFORE: 34195
  FACT  T1 ORIGINAL (read-only probe): HASH G:\Codes\LabVIEW_Codes\MinLab\zz_LabView VI\AAA_UNIST\2. Tracking\Min_Track N beads V6_ParallelLoop.vi | exists=1 | size=473317 | md5=2a78e17c449cacdaf5da389818526859 | sha256=f827a67e91cc2a51284cdce0ada5d34ecf89cf865bca5f0bdfa870f0020df4bb
  PASS  T1 the ORIGINAL's md5 equals the pin  2a78e17c449cacdaf5da389818526859
  FACT  T1b D1_s1_copy.vi: HASH C:\Program Files\National Instruments\LabVIEW 2026\user.lib\claudeDev\D1_s1_copy.vi | exists=1 | size=474202 | md5=3e3d23cefd3a334001aa9d6156bf1aee | sha256=1ab3360021cb04f03e8fe4a503d1972aefa26a34ed5b8fd9393ec6899330e0f7
  PASS  T1b D1_s1_copy.vi md5 == 3e3d23cefd3a334001aa9d6156bf1aee  3e3d23cefd3a334001aa9d6156bf1aee
  FACT  T2 the S2 artefact: HASH C:\Program Files\National Instruments\LabVIEW 2026\user.lib\claudeDev\D1_s2_loops.vi | exists=1 | size=475707 | md5=6ff19497f2309e007a214660bb64b911 | sha256=d52e754e29a85e9cc3ddeb039f6c5e325c9094c5e1f8c944059d4a5f7b33c3f5
  PASS  T2 D1_s2_loops.vi md5 == 6ff19497f2309e007a214660bb64b911  6ff19497f2309e007a214660bb64b911
  FACT  T3 the S3a artefact (the bed's SOURCE, never the bed): HASH C:\Program Files\National Instruments\LabVIEW 2026\user.lib\claudeDev\D1_s3a_focus_ind.vi | exists=1 | size=476172 | md5=eef91c1d91f16b034707e4d1285ca8cb | sha256=8afd9f95e280139e64aa648906ba7f799e8d0ae39aabfae42c93ef4f102d23bb
  PASS  T3 D1_s3a_focus_ind.vi md5 == eef91c1d91f16b034707e4d1285ca8cb  eef91c1d91f16b034707e4d1285ca8cb
  FACT  T4 the donor OpCreateLocal_v0.vi: HASH C:\Program Files\National Instruments\LabVIEW 2026\user.lib\claudeDev\OpCreateLocal_v0.vi | exists=1 | size=9688 | md5=58275b212dfa040685613e3edbf403f2 | sha256=9590f16c21418d7427417e3af530a68400d17acef76f0d038b756bfc21856ab0
  PASS  T4 the donor is on disk and its md5 equals the pin  '58275b212dfa040685613e3edbf403f2' (pin 58275b212dfa040685613e3edbf403f2)
  PASS  T5 claudeDev\OpCreateLocalRead_v0.vi does NOT exist before this run  exists=False
  FACT  T6 RESTART (pre-batch, 44(e)): lv_restart rc=0 ['dialogs: ,1346,762| / ENABLED|11012738|0,0,0,0|LabVIEW / VERDICT: clear (no modal dialog)']
  FACT  LabVIEW handles AFTER the pre-batch restart: 30686
  FACT  S1_0 the S1 bed at creation: HASH C:\Program Files\National Instruments\LabVIEW 2026\user.lib\claudeDev\SCRATCH_C61W_A_20260921_085823.vi | exists=1 | size=476172 | md5=eef91c1d91f16b034707e4d1285ca8cb | sha256=8afd9f95e280139e64aa648906ba7f799e8d0ae39aabfae42c93ef4f102d23bb
  PASS  S1_0 the S1 bed is byte-identical to D1_s3a_focus_ind.vi at creation  eef91c1d91f16b034707e4d1285ca8cb (expected eef91c1d91f16b034707e4d1285ca8cb)
  FACT  S2_0 the donor copy at creation: HASH C:\Program Files\National Instruments\LabVIEW 2026\user.lib\claudeDev\OpCreateLocalRead_v0.vi | exists=1 | size=9688 | md5=58275b212dfa040685613e3edbf403f2 | sha256=9590f16c21418d7427417e3af530a68400d17acef76f0d038b756bfc21856ab0
  PASS  S2_0 the working copy is byte-identical to the donor at creation  58275b212dfa040685613e3edbf403f2 (expected 58275b212dfa040685613e3edbf403f2)

========== S1  the repaired build_property, SELF-TESTED on a scratch duplicate
  FACT  ExecState [SCRATCH_A before any call] = 1
  PASS  S1_0 the S1 bed opens at ExecState 1  1

---------- S1_a 6355401 write=True  build_property('VI Server:Local', [('6355401', True)]) at (6600, 5600)
  FACT  ExecState [S1_a 6355401 write=True before the probe] = 1
  FACT  S1_a 6355401 write=True resolves=True ; error column VERBATIM '' ; new [{'uid': 23493, 'pos': (6604, 5600)}] ; Property census 106 -> 107
  FACT  ExecState [S1_a 6355401 write=True after the probe node was created] = 0
  OBSERVED uid 23493 -> owner 'TopLevelDiagram' uid 536 | self 'Property'#23493 | 482 says 'TopLevelDiagram' cast 'TopLevelDiagram' |  
  FACT  S1_a 6355401 write=True Property #23493 at diagram 0 node 0 [node_labels position (verified by the node's own UID)] FULL TERMINAL TABLE: [{'i': 0, 'name': 'reference', 'name_hex': '7265666572656e6365', 'is_source': False, 'wire': 0, 'errs': [0, 0, 0, 1055]}, {'i': 1, 'name': 'reference out', 'name_hex': '7265666572656e6365206f7574', 'is_source': True, 'wire': 0, 'errs': [0, 0, 0, 1055]}, {'i': 2, 'name': 'error in (no error)', 'name_hex': '6572726f7220696e20286e6f206572726f7229', 'is_source': False, 'wire': 0, 'errs': [0, 0, 0, 1055]}, {'i': 3, 'name': 'error out', 'name_hex': '6572726f72206f7574', 'is_source': True, 'wire': 0, 'errs': [0, 0, 0, 1055]}, {'i': 4, 'name': 'Write?', 'name_hex': '57726974653f', 'is_source': False, 'wire': 0, 'errs': [0, 0, 0, 1055]}]
  FACT  S1_a 6355401 write=True i=4 ROW VERBATIM: {'i': 4, 'name': 'Write?', 'name_hex': '57726974653f', 'is_source': False, 'wire': 0, 'errs': [0, 0, 0, 1055]} ; rows beyond the standard four ['Write?'] ; SINK rows among them ['Write?']
  PASS  S1_a 6355401 write=True -> no raise, a node was created  error column ''
  PASS  S1_a 6355401 write=True -> its i=4 row is a SINK  i=4 row VERBATIM {'i': 4, 'name': 'Write?', 'name_hex': '57726974653f', 'is_source': False, 'wire': 0, 'errs': [0, 0, 0, 1055]}
  FACT  S1_a 6355401 write=True probe node #23493 DELETED again -> gone [23493]
  FACT  ExecState [S1_a 6355401 write=True after the probe node was deleted] = 1
  FACT  S1_a 6355401 write=True Property census after delete 106 (pre-probe 106) -> returned=True
  PASS  S1_a 6355401 write=True -> the probe node was deleted again and the Property census returned  106 -> 107 -> 106

---------- S1_b 6355400 write=True  build_property('VI Server:Local', [('6355400', True)]) at (6600, 5750)
  FACT  ExecState [S1_b 6355400 write=True before the probe] = 1
  FACT  S1_b 6355400 write=True resolves=True ; error column VERBATIM '' ; new [{'uid': 23493, 'pos': (6604, 5750)}] ; Property census 106 -> 107
  FACT  ExecState [S1_b 6355400 write=True after the probe node was created] = 0
  OBSERVED uid 23493 -> owner 'TopLevelDiagram' uid 536 | self 'Property'#23493 | 482 says 'TopLevelDiagram' cast 'TopLevelDiagram' |  
  FACT  S1_b 6355400 write=True Property #23493 at diagram 0 node 0 [node_labels position (verified by the node's own UID)] FULL TERMINAL TABLE: [{'i': 0, 'name': 'reference', 'name_hex': '7265666572656e6365', 'is_source': False, 'wire': 0, 'errs': [0, 0, 0, 1055]}, {'i': 1, 'name': 'reference out', 'name_hex': '7265666572656e6365206f7574', 'is_source': True, 'wire': 0, 'errs': [0, 0, 0, 1055]}, {'i': 2, 'name': 'error in (no error)', 'name_hex': '6572726f7220696e20286e6f206572726f7229', 'is_source': False, 'wire': 0, 'errs': [0, 0, 0, 1055]}, {'i': 3, 'name': 'error out', 'name_hex': '6572726f72206f7574', 'is_source': True, 'wire': 0, 'errs': [0, 0, 0, 1055]}, {'i': 4, 'name': 'CtrlName', 'name_hex': '4374726c4e616d65', 'is_source': False, 'wire': 0, 'errs': [0, 0, 0, 1055]}]
  FACT  S1_b 6355400 write=True i=4 ROW VERBATIM: {'i': 4, 'name': 'CtrlName', 'name_hex': '4374726c4e616d65', 'is_source': False, 'wire': 0, 'errs': [0, 0, 0, 1055]} ; rows beyond the standard four ['CtrlName'] ; SINK rows among them ['CtrlName']
  PASS  S1_b 6355400 write=True -> no raise, a node was created  error column ''
  PASS  S1_b 6355400 write=True -> its i=4 row is a SINK  i=4 row VERBATIM {'i': 4, 'name': 'CtrlName', 'name_hex': '4374726c4e616d65', 'is_source': False, 'wire': 0, 'errs': [0, 0, 0, 1055]}
  FACT  S1_b 6355400 write=True probe node #23493 DELETED again -> gone [23493]
  FACT  ExecState [S1_b 6355400 write=True after the probe node was deleted] = 1
  FACT  S1_b 6355400 write=True Property census after delete 106 (pre-probe 106) -> returned=True
  PASS  S1_b 6355400 write=True -> the probe node was deleted again and the Property census returned  106 -> 107 -> 106

---------- S1_c 6355401 write=False  build_property('VI Server:Local', [('6355401', False)]) at (6900, 5600)
  FACT  ExecState [S1_c 6355401 write=False before the probe] = 1
  FACT  S1_c 6355401 write=False resolves=True ; error column VERBATIM '' ; new [{'uid': 23493, 'pos': (6904, 5600)}] ; Property census 106 -> 107
  FACT  ExecState [S1_c 6355401 write=False after the probe node was created] = 0
  OBSERVED uid 23493 -> owner 'TopLevelDiagram' uid 536 | self 'Property'#23493 | 482 says 'TopLevelDiagram' cast 'TopLevelDiagram' |  
  FACT  S1_c 6355401 write=False Property #23493 at diagram 0 node 0 [node_labels position (verified by the node's own UID)] FULL TERMINAL TABLE: [{'i': 0, 'name': 'reference', 'name_hex': '7265666572656e6365', 'is_source': False, 'wire': 0, 'errs': [0, 0, 0, 1055]}, {'i': 1, 'name': 'reference out', 'name_hex': '7265666572656e6365206f7574', 'is_source': True, 'wire': 0, 'errs': [0, 0, 0, 1055]}, {'i': 2, 'name': 'error in (no error)', 'name_hex': '6572726f7220696e20286e6f206572726f7229', 'is_source': False, 'wire': 0, 'errs': [0, 0, 0, 1055]}, {'i': 3, 'name': 'error out', 'name_hex': '6572726f72206f7574', 'is_source': True, 'wire': 0, 'errs': [0, 0, 0, 1055]}, {'i': 4, 'name': 'Write?', 'name_hex': '57726974653f', 'is_source': True, 'wire': 0, 'errs': [0, 0, 0, 1055]}]
  FACT  S1_c 6355401 write=False i=4 ROW VERBATIM: {'i': 4, 'name': 'Write?', 'name_hex': '57726974653f', 'is_source': True, 'wire': 0, 'errs': [0, 0, 0, 1055]} ; rows beyond the standard four ['Write?'] ; SINK rows among them []
  PASS  S1_c 6355401 write=False -> no raise, a node was created  error column ''
  PASS  S1_c 6355401 write=False -> its i=4 row is a SOURCE  i=4 row VERBATIM {'i': 4, 'name': 'Write?', 'name_hex': '57726974653f', 'is_source': True, 'wire': 0, 'errs': [0, 0, 0, 1055]}
  FACT  S1_c 6355401 write=False probe node #23493 DELETED again -> gone [23493]
  FACT  ExecState [S1_c 6355401 write=False after the probe node was deleted] = 1
  FACT  S1_c 6355401 write=False Property census after delete 106 (pre-probe 106) -> returned=True
  PASS  S1_c 6355401 write=False -> the probe node was deleted again and the Property census returned  106 -> 107 -> 106

---------- S1_d 6355400 write=False  build_property('VI Server:Local', [('6355400', False)]) at (6900, 5750)
  FACT  ExecState [S1_d 6355400 write=False before the probe] = 1
  FACT  S1_d 6355400 write=False resolves=True ; error column VERBATIM '' ; new [{'uid': 23493, 'pos': (6904, 5750)}] ; Property census 106 -> 107
  FACT  ExecState [S1_d 6355400 write=False after the probe node was created] = 0
  OBSERVED uid 23493 -> owner 'TopLevelDiagram' uid 536 | self 'Property'#23493 | 482 says 'TopLevelDiagram' cast 'TopLevelDiagram' |  
  FACT  S1_d 6355400 write=False Property #23493 at diagram 0 node 0 [node_labels position (verified by the node's own UID)] FULL TERMINAL TABLE: [{'i': 0, 'name': 'reference', 'name_hex': '7265666572656e6365', 'is_source': False, 'wire': 0, 'errs': [0, 0, 0, 1055]}, {'i': 1, 'name': 'reference out', 'name_hex': '7265666572656e6365206f7574', 'is_source': True, 'wire': 0, 'errs': [0, 0, 0, 1055]}, {'i': 2, 'name': 'error in (no error)', 'name_hex': '6572726f7220696e20286e6f206572726f7229', 'is_source': False, 'wire': 0, 'errs': [0, 0, 0, 1055]}, {'i': 3, 'name': 'error out', 'name_hex': '6572726f72206f7574', 'is_source': True, 'wire': 0, 'errs': [0, 0, 0, 1055]}, {'i': 4, 'name': 'CtrlName', 'name_hex': '4374726c4e616d65', 'is_source': True, 'wire': 0, 'errs': [0, 0, 0, 1055]}]
  FACT  S1_d 6355400 write=False i=4 ROW VERBATIM: {'i': 4, 'name': 'CtrlName', 'name_hex': '4374726c4e616d65', 'is_source': True, 'wire': 0, 'errs': [0, 0, 0, 1055]} ; rows beyond the standard four ['CtrlName'] ; SINK rows among them []
  PASS  S1_d 6355400 write=False -> no raise, a node was created  error column ''
  PASS  S1_d 6355400 write=False -> its i=4 row is a SOURCE  i=4 row VERBATIM {'i': 4, 'name': 'CtrlName', 'name_hex': '4374726c4e616d65', 'is_source': True, 'wire': 0, 'errs': [0, 0, 0, 1055]}
  FACT  S1_d 6355400 write=False probe node #23493 DELETED again -> gone [23493]
  FACT  ExecState [S1_d 6355400 write=False after the probe node was deleted] = 1
  FACT  S1_d 6355400 write=False Property census after delete 106 (pre-probe 106) -> returned=True
  PASS  S1_d 6355400 write=False -> the probe node was deleted again and the Property census returned  106 -> 107 -> 106

---------- S1_e VI 242 write=False (the shipped-path regression)  build_property('VI Server:VI', [('242', False)]) at (7200, 5600)
  FACT  ExecState [S1_e VI 242 write=False (the shipped-path regression) before the probe] = 1
  FACT  S1_e VI 242 write=False (the shipped-path regression) resolves=True ; error column VERBATIM '' ; new [{'uid': 23493, 'pos': (7182, 5600)}] ; Property census 106 -> 107
  FACT  ExecState [S1_e VI 242 write=False (the shipped-path regression) after the probe node was created] = 1
  OBSERVED uid 23493 -> owner 'TopLevelDiagram' uid 536 | self 'Property'#23493 | 482 says 'TopLevelDiagram' cast 'TopLevelDiagram' |  
  FACT  S1_e VI 242 write=False (the shipped-path regression) Property #23493 at diagram 0 node 0 [node_labels position (verified by the node's own UID)] FULL TERMINAL TABLE: [{'i': 0, 'name': 'reference', 'name_hex': '7265666572656e6365', 'is_source': False, 'wire': 0, 'errs': [0, 0, 0, 1055]}, {'i': 1, 'name': 'reference out', 'name_hex': '7265666572656e6365206f7574', 'is_source': True, 'wire': 0, 'errs': [0, 0, 0, 1055]}, {'i': 2, 'name': 'error in (no error)', 'name_hex': '6572726f7220696e20286e6f206572726f7229', 'is_source': False, 'wire': 0, 'errs': [0, 0, 0, 1055]}, {'i': 3, 'name': 'error out', 'name_hex': '6572726f72206f7574', 'is_source': True, 'wire': 0, 'errs': [0, 0, 0, 1055]}, {'i': 4, 'name': 'Def Err Handling', 'name_hex': '446566204572722048616e646c696e67', 'is_source': True, 'wire': 0, 'errs': [0, 0, 0, 1055]}]
  FACT  S1_e VI 242 write=False (the shipped-path regression) i=4 ROW VERBATIM: {'i': 4, 'name': 'Def Err Handling', 'name_hex': '446566204572722048616e646c696e67', 'is_source': True, 'wire': 0, 'errs': [0, 0, 0, 1055]} ; rows beyond the standard four ['Def Err Handling'] ; SINK rows among them []
  PASS  S1_e VI 242 write=False (the shipped-path regression) -> no raise, a node was created  error column ''
  PASS  S1_e VI 242 write=False (the shipped-path regression) -> its i=4 row is a SOURCE  i=4 row VERBATIM {'i': 4, 'name': 'Def Err Handling', 'name_hex': '446566204572722048616e646c696e67', 'is_source': True, 'wire': 0, 'errs': [0, 0, 0, 1055]}
  FACT  S1_e VI 242 write=False (the shipped-path regression) probe node #23493 DELETED again -> gone [23493]
  FACT  ExecState [S1_e VI 242 write=False (the shipped-path regression) after the probe node was deleted] = 1
  FACT  S1_e VI 242 write=False (the shipped-path regression) Property census after delete 106 (pre-probe 106) -> returned=True
  PASS  S1_e VI 242 write=False (the shipped-path regression) -> the probe node was deleted again and the Property census returned  106 -> 107 -> 106
  PASS  S1 ALL FIVE self-test probes resolved without a raise  [('S1_a 6355401 write=True', True), ('S1_b 6355400 write=True', True), ('S1_c 6355401 write=False', True), ('S1_d 6355400 write=False', True), ('S1_e VI 242 write=False (the shipped-path regression)', True)]

========== S2  does the Invoke's i=5 'Create Local' SOURCE carry the new Local's reference?
  FACT  ExecState [the donor COPY, before any call] = 1
  PASS  S2_a0 the donor copy opens at ExecState 1  1
  FACT  S2_a the Invoke: Nodes[8] uid #306 ; FULL TERMINAL TABLE [{'i': 0, 'name': 'reference', 'name_hex': '7265666572656e6365', 'is_source': False, 'wire': 193, 'errs': [0, 0, 0, 0]}, {'i': 1, 'name': 'reference out', 'name_hex': '7265666572656e6365206f7574', 'is_source': True, 'wire': 0, 'errs': [0, 0, 0, 1055]}, {'i': 2, 'name': 'error in (no error)', 'name_hex': '6572726f7220696e20286e6f206572726f7229', 'is_source': False, 'wire': 0, 'errs': [0, 0, 0, 1055]}, {'i': 3, 'name': 'error out', 'name_hex': '6572726f72206f7574', 'is_source': True, 'wire': 0, 'errs': [0, 0, 0, 1055]}, {'i': 4, 'name': 'Create Local', 'name_hex': '437265617465204c6f63616c', 'is_source': False, 'wire': 0, 'errs': [0, 0, 0, 1055]}, {'i': 5, 'name': 'Create Local', 'name_hex': '437265617465204c6f63616c', 'is_source': True, 'wire': 0, 'errs': [0, 0, 0, 1055]}]
  PASS  S2_a the copy carries the 'Create Local' Invoke with SIX terminals, (4,5) both 'Create Local'  node_index=8 uid=306
  FACT  S2_a i=5 ROW VERBATIM: {'i': 5, 'name': 'Create Local', 'is_source': True, 'wire': 0, 'name_err': 0, 'src_err': 0, 'conn_err': 0, 'wire_err': 1055, 'node_uid': 306}

---------- S2_b  build_property('VI Server:Local', [('6355401', True)]) on the COPY

---------- S2_b  build_property('VI Server:Local', [('6355401', True)]) at (900, 700)
  FACT  ExecState [S2_b before the probe] = 1
  FACT  S2_b resolves=True ; error column VERBATIM '' ; new [{'uid': 339, 'pos': (904, 700)}] ; Property census 4 -> 5
  FACT  ExecState [S2_b after the probe node was created] = 0
  OBSERVED uid 339 -> owner 'TopLevelDiagram' uid 3 | self 'Property'#339 | 482 says 'TopLevelDiagram' cast 'TopLevelDiagram' |  
  FACT  S2_b Property #339 at diagram 0 node 9 [node_labels position (verified by the node's own UID)] FULL TERMINAL TABLE: [{'i': 0, 'name': 'reference', 'name_hex': '7265666572656e6365', 'is_source': False, 'wire': 0, 'errs': [0, 0, 0, 1055]}, {'i': 1, 'name': 'reference out', 'name_hex': '7265666572656e6365206f7574', 'is_source': True, 'wire': 0, 'errs': [0, 0, 0, 1055]}, {'i': 2, 'name': 'error in (no error)', 'name_hex': '6572726f7220696e20286e6f206572726f7229', 'is_source': False, 'wire': 0, 'errs': [0, 0, 0, 1055]}, {'i': 3, 'name': 'error out', 'name_hex': '6572726f72206f7574', 'is_source': True, 'wire': 0, 'errs': [0, 0, 0, 1055]}, {'i': 4, 'name': 'Write?', 'name_hex': '57726974653f', 'is_source': False, 'wire': 0, 'errs': [0, 0, 0, 1055]}]
  FACT  S2_b i=4 ROW VERBATIM: {'i': 4, 'name': 'Write?', 'name_hex': '57726974653f', 'is_source': False, 'wire': 0, 'errs': [0, 0, 0, 1055]} ; rows beyond the standard four ['Write?'] ; SINK rows among them ['Write?']
  PASS  S2_b the write-mode property node was created on the copy  error column ''
  PASS  S2_b the property node was located in Nodes[] and its terminal table read  uid=339 node_index=9 how="node_labels position (verified by the node's own UID)"
  FACT  S2_b the property node's `reference` row BEFORE the wire: {'i': 0, 'name': 'reference', 'name_hex': '7265666572656e6365', 'is_source': False, 'wire': 0, 'errs': [0, 0, 0, 1055]}

---------- S2_c  connect_terminals(Invoke i=5 SOURCE -> Property 'reference' SINK)
  FACT  ExecState [before the connect] = 0
  FACT  S2_c connect_terminals -> wire_delta 1, ExecState returned 0, error column VERBATIM '' ; Wire census 9 -> 10 ; uids added [390]
  OBSERVED uid 339 -> owner 'TopLevelDiagram' uid 3 | self 'Property'#339 | 482 says 'TopLevelDiagram' cast 'TopLevelDiagram' |  
  FACT  S2_c the `reference` row AFTER: {'i': 0, 'name': 'reference', 'name_hex': '7265666572656e6365', 'is_source': False, 'wire': 390, 'errs': [0, 0, 0, 0]} -> wire uid FROM THE MACHINE 390
  PASS  S2_c the property node's `reference` terminal carries a wire after the connect  wire=390, error column ''
  FACT  ExecState [after the connect] = 0

---------- S2_d  the ORDERED second pass (42(b)) -> `Wire.Is Broken?` 6371004
  FACT  ExecState [before the ordered pass] = 0
      [op stdout]       op readback {'UID': 339, 'Name': 'reference', 'UID 2': 390, 'Is Broken?': False}
  FACT  S2_d ORDERED `Is Broken?` = False on wire uid 390 (op error column '', wire_delta 0 - expected 0). EITHER value is a legitimate reading: it IS this stage's answer.
  FACT  ExecState [after the Is Broken? read (PERTURBS ExecState, docs/NAMES.md:912-918)] = 0
  PASS  S2_d *** THE S2 PASS CRITERION: the ORDERED `Is Broken?` reads False ***  Is Broken? = False on wire 390 ; wire_delta 0 ; op error ''

========== S3  create_control on the property node's `Write?` SINK, then SAVE
  PASS  S3_a0 the property node carries exactly ONE non-standard SINK terminal (the direction input)  ['Write?']
  FACT  S3_a target terminal VERBATIM: {'i': 4, 'name': 'Write?', 'name_hex': '57726974653f', 'is_source': False, 'wire': 0, 'errs': [0, 0, 0, 1055]}
  FACT  ExecState [before create_control] = 0
  FACT  S3_a create_control -> new ControlTerminal(s) [496] ; LABEL READ OFF THE MACHINE 'Write?' (utf-8 hex '57726974653f') ; wire uids added [536] ; error ''
  PASS  S3_a exactly ONE new front-panel control was created and its label read off the machine  uids [496] label 'Write?'
  FACT  ExecState [after create_control] = 0
  FACT  S3_a the target terminal is a SINK (is_source=False), so no create_control wire is deleted: any wire here is the control feeding the sink, which is the connection the op needs.
  FACT  ExecState [at the SAVE point] = 0
  FAIL  S3_b *** ExecState == 1 at the save point ***  0
  FACT  S3 STOP: ExecState is not 1 at the save point. The brief's STOP clause applies: the file is NOT saved, the unsaved copy is removed, and the 1->0 transition is located from the ExecState timeline above. No third construction is attempted.
  FACT  STOPPED: S3_b ExecState != 1 at the save point
  FACT  close_panel(SCRATCH_C61W_A_20260921_085823.vi) raised com_error: (-2147352567, '??? ??????.', (6649, 'LabVIEW', 'LabVIEW: (Hex 0x47D) Cannot close or set the state of a closed front panel. The front panel must already be open before you close it or set its state.', None, 0, 0), None)
  FACT  close_panel(SCRATCH_C61W_B_20260921_085823.vi) raised com_error: (-2147352567, '??? ??????.', (5507, 'LabVIEW', 'LabVIEW: (Hex 0x7) File not found. The file might be in a different location or deleted. Use the command prompt or the file explorer to verify that the path is correct.', None, 0, 0), None)

--- Z: the closing facts
  FACT  Z the run stopped before the save, so the UNSAVED working copy was REMOVED (the brief's STOP clause: save nothing).
  PASS  Z_2 both scratches were DELETED in the same run  A exists=False B exists=False
  FACT  refs {'opened': 35, 'closed': 35, 'live': 0, 'cached_op_vis': 10}
  FACT  LabVIEW handles AFTER everything: 54791
  FACT  Z1 ORIGINAL after everything: HASH G:\Codes\LabVIEW_Codes\MinLab\zz_LabView VI\AAA_UNIST\2. Tracking\Min_Track N beads V6_ParallelLoop.vi | exists=1 | size=473317 | md5=2a78e17c449cacdaf5da389818526859 | sha256=f827a67e91cc2a51284cdce0ada5d34ecf89cf865bca5f0bdfa870f0020df4bb
  FACT  Z1b D1_s1_copy.vi after everything: HASH C:\Program Files\National Instruments\LabVIEW 2026\user.lib\claudeDev\D1_s1_copy.vi | exists=1 | size=474202 | md5=3e3d23cefd3a334001aa9d6156bf1aee | sha256=1ab3360021cb04f03e8fe4a503d1972aefa26a34ed5b8fd9393ec6899330e0f7
  FACT  Z1c D1_s2_loops.vi after everything: HASH C:\Program Files\National Instruments\LabVIEW 2026\user.lib\claudeDev\D1_s2_loops.vi | exists=1 | size=475707 | md5=6ff19497f2309e007a214660bb64b911 | sha256=d52e754e29a85e9cc3ddeb039f6c5e325c9094c5e1f8c944059d4a5f7b33c3f5
  FACT  Z1d D1_s3a_focus_ind.vi after everything: HASH C:\Program Files\National Instruments\LabVIEW 2026\user.lib\claudeDev\D1_s3a_focus_ind.vi | exists=1 | size=476172 | md5=eef91c1d91f16b034707e4d1285ca8cb | sha256=8afd9f95e280139e64aa648906ba7f799e8d0ae39aabfae42c93ef4f102d23bb
  FACT  Z1e the donor OpCreateLocal_v0.vi after everything: HASH C:\Program Files\National Instruments\LabVIEW 2026\user.lib\claudeDev\OpCreateLocal_v0.vi | exists=1 | size=9688 | md5=58275b212dfa040685613e3edbf403f2 | sha256=9590f16c21418d7427417e3af530a68400d17acef76f0d038b756bfc21856ab0
  PASS  Z_1 ORIGINAL / D1_s1_copy / D1_s2_loops / D1_s3a_focus_ind md5 ALL unchanged  2a78e17c449cacdaf5da389818526859 / 3e3d23cefd3a334001aa9d6156bf1aee / 6ff19497f2309e007a214660bb64b911 / eef91c1d91f16b034707e4d1285ca8cb
  PASS  Z_1b the donor OpCreateLocal_v0.vi is BYTE-UNCHANGED  58275b212dfa040685613e3edbf403f2 vs 58275b212dfa040685613e3edbf403f2
  PASS  Z_1c refs opened == closed, 0 live  {'opened': 35, 'closed': 35, 'live': 0, 'cached_op_vis': 10}
  PASS  Z_1d no file was created under tools/recipes/ by this run  this diagnostic writes tools/bench/diag_c61_localdir_write.{log,json} and, on success, the ONE artefact claudeDev\OpCreateLocalRead_v0.vi
  FACT  ARTEFACTS ON DISK: []

=== GATES 38 pass / 1 fail; failing: S3_b *** ExecState == 1 at the save point ***
=== readings -> G:\Codes\LabVIEW_Codes\MinLab\zz_LabView VI\AAA_UNIST\2. Tracking\V6_ParallelLoop\tools\bench\diag_c61_localdir_write.json
BGRUN END rc=1 after 110s
