BGRUN START 2026-09-21 17:44:31 limit 25.0 min: py -u tools/bench/diag_c66c_coercion.py
=== diag_c66c_coercion  20260921_174432  (bgrun --material --max-min 25)

---------- [0] FILES ONLY, ZERO LabVIEW - the md5 pins BEFORE
  FACT  LabVIEW handles BEFORE: 34289 (fresh-instance baseline ~31,500; dispatch #3 ended at 38,183, so the pre-batch restart below is MANDATORY - 44(e))
  FACT  Y ORIGINAL BEFORE: HASH G:\Codes\LabVIEW_Codes\MinLab\zz_LabView VI\AAA_UNIST\2. Tracking\Min_Track N beads V6_ParallelLoop.vi | exists=1 | size=473317 | md5=2a78e17c449cacdaf5da389818526859 | sha256=f827a67e91cc2a51284cdce0ada5d34ecf89cf865bca5f0bdfa870f0020df4bb
  PASS  Y ORIGINAL md5 == its pin 2a78e17c  '2a78e17c449cacdaf5da389818526859'
  FACT  Y D1_s1_copy BEFORE: HASH C:\Program Files\National Instruments\LabVIEW 2026\user.lib\claudeDev\D1_s1_copy.vi | exists=1 | size=474202 | md5=3e3d23cefd3a334001aa9d6156bf1aee | sha256=1ab3360021cb04f03e8fe4a503d1972aefa26a34ed5b8fd9393ec6899330e0f7
  PASS  Y D1_s1_copy md5 == its pin 3e3d23ce  '3e3d23cefd3a334001aa9d6156bf1aee'
  FACT  Y D1_s2_loops BEFORE: HASH C:\Program Files\National Instruments\LabVIEW 2026\user.lib\claudeDev\D1_s2_loops.vi | exists=1 | size=475707 | md5=6ff19497f2309e007a214660bb64b911 | sha256=d52e754e29a85e9cc3ddeb039f6c5e325c9094c5e1f8c944059d4a5f7b33c3f5
  PASS  Y D1_s2_loops md5 == its pin 6ff19497  '6ff19497f2309e007a214660bb64b911'
  FACT  Y A1 D1_s3a_focus_ind (UNDIVIDED) BEFORE: HASH C:\Program Files\National Instruments\LabVIEW 2026\user.lib\claudeDev\D1_s3a_focus_ind.vi | exists=1 | size=476172 | md5=eef91c1d91f16b034707e4d1285ca8cb | sha256=8afd9f95e280139e64aa648906ba7f799e8d0ae39aabfae42c93ef4f102d23bb
  PASS  Y A1 D1_s3a_focus_ind (UNDIVIDED) md5 == its pin eef91c1d  'eef91c1d91f16b034707e4d1285ca8cb'
  FACT  Y A2 D1_s3b_row2 (row 2 divided) BEFORE: HASH C:\Program Files\National Instruments\LabVIEW 2026\user.lib\claudeDev\D1_s3b_row2_20260921_160311.vi | exists=1 | size=476759 | md5=26c54ff784cb5cea21edbd214d2cc3a0 | sha256=17b63cb1c83d5f4a50285ced08b1ecc5a65605979b17ee798b1228f7017d275d
  PASS  Y A2 D1_s3b_row2 (row 2 divided) md5 == its pin 26c54ff7  '26c54ff784cb5cea21edbd214d2cc3a0'
  FACT  Y A3 D1_s3b_row1 (row 1 divided) BEFORE: HASH C:\Program Files\National Instruments\LabVIEW 2026\user.lib\claudeDev\D1_s3b_row1_20260921_135932.vi | exists=1 | size=476734 | md5=72f0d47d0b1cbd0834d50f1483e558c1 | sha256=7b25b8e73d34fd943e5de4a3998edb56234055621f7481a9a9ecee482b6571c3
  PASS  Y A3 D1_s3b_row1 (row 1 divided) md5 == its pin 72f0d47d  '72f0d47d0b1cbd0834d50f1483e558c1'
  FACT  Y OpReport_v0 BEFORE: HASH C:\Program Files\National Instruments\LabVIEW 2026\user.lib\claudeDev\OpReport_v0.vi | exists=1 | size=7523 | md5=2b21a1c10f895d7dad41037e20cd690a | sha256=ef50792a6b250f5d105c2cf4d032538eb7f0d308eb0619f478a5a5cfa1c045f0
  FACT  OpReport_v0.vi md5 BEFORE (the scratch DONOR, never written): '2b21a1c10f895d7dad41037e20cd690a'
  FACT  [0] pre-batch LabVIEW restart (44(e)): lv_restart rc=0 ['dialogs: ,1346,762| / ENABLED|26215902|0,0,0,0|LabVIEW / VERDICT: clear (no modal dialog)']
  FACT  LabVIEW handles AFTER the restart: 30657

---------- [V] IS THERE A VALUE ROUTE? - the wrapped-column census, read off the files
  FACT  OpNodeTerms_v0's property items, FIXED AT BUILD TIME (opnodeterms_labels.json): ['ConnErr', 'IsSource', 'Name', 'NameErr', 'SrcErr', 'WireErr', 'WireUID']
  PASS  V1 the wrapped-column census was read off opnodeterms_labels.json  7 column(s)
  FACT  [V] type-bearing wrapped column(s): []
  FACT  [V] *** VERDICT: VALUE READ NEEDS A NEW OP ***
  FACT  [V] MECHANISM, so this is not mistaken for a missing ID: an ID that RESOLVES gives a property NODE, not a value. A value off a real terminal needs that node WIRED to a Terminal reference inside a SAVED op VI - a new op, which this dispatch forbids. The `Data Type` / `Coerced?` cells below therefore read UNREAD. UNREAD IS NOT False: nothing here says the path is un-coerced.

---------- [R] DO 634A006 AND 634A008 RESOLVE ON THIS MACHINE? - the fleet's own short-name route
  FACT  THE ROUTE, verbatim from docs/NAMES.md:365 and tools/gscript.py:2194-2269: build_property() asks LabVIEW's own creator for a Property Node of class 'VI Server:Terminal' carrying the ID; an ID the creator does not accept raises error 1077 from Set Properties[] and gscript re-raises it as a RuntimeError naming the ID. The created node's TERMINAL NAMES are then the short names, read back off the machine.
  FACT  ONLY a scratch duplicate of OpReport_v0.vi is touched. It is created and deleted in this run, it is NEVER saved, and none of the three artefacts is opened for edit at any point.
  FACT  [R] the scratch: HASH C:\Program Files\National Instruments\LabVIEW 2026\user.lib\claudeDev\SCRATCH_C66C_20260921_174432.vi | exists=1 | size=7523 | md5=2b21a1c10f895d7dad41037e20cd690a | sha256=ef50792a6b250f5d105c2cf4d032538eb7f0d308eb0619f478a5a5cfa1c045f0
  PASS  R0 the scratch is a byte copy of OpReport_v0  '2b21a1c10f895d7dad41037e20cd690a'
  FACT  ExecState [01 [R] the scratch, COLD] = 1   (+71.3 s, read cost 0.44 s)
  PASS  R0b the scratch reopens COLD at ExecState 1  1
  PASS  R1 Terminal.Coercion Dot? 634A006 RESOLVES (build_property accepted the ID)  new Property node(s): [{'i': 0, 'class': 'Property', 'uid': 167, 'pos': (38, 40), 'owner': 'TopLevelDiagram'}]
  FACT  [R] Terminal.Coercion Dot? 634A006 -> new Property node uid 167
  FACT  [R 634A006] terminal table of #167 (Diagram idx 0, Nodes[2], echo 167): 5 terminal(s)
  FACT      [R 634A006] t0  'reference'                        is_source=False wire=0       errs=[0, 0, 0, 1055]
  FACT      [R 634A006] t1  'reference out'                    is_source=True  wire=0       errs=[0, 0, 0, 1055]
  FACT      [R 634A006] t2  'error in (no error)'              is_source=False wire=0       errs=[0, 0, 0, 1055]
  FACT      [R 634A006] t3  'error out'                        is_source=True  wire=0       errs=[0, 0, 0, 1055]
  FACT      [R 634A006] t4  'Coerce Dot?'                      is_source=True  wire=0       errs=[0, 0, 0, 1055]
  PASS  R3 634A006 the created node carries exactly ONE non-standard terminal  ['Coerce Dot?']
  FAIL  R4 634A006 the measured short name is the claimed 'Coerced?'  measured 'Coerce Dot?'
  PASS  R1 Terminal.Data Type 634A008 RESOLVES (build_property accepted the ID)  new Property node(s): [{'i': 0, 'class': 'Property', 'uid': 170, 'pos': (38, 190), 'owner': 'TopLevelDiagram'}]
  FACT  [R] Terminal.Data Type 634A008 -> new Property node uid 170
  FACT  [R 634A008] terminal table of #170 (Diagram idx 0, Nodes[3], echo 170): 5 terminal(s)
  FACT      [R 634A008] t0  'reference'                        is_source=False wire=0       errs=[0, 0, 0, 1055]
  FACT      [R 634A008] t1  'reference out'                    is_source=True  wire=0       errs=[0, 0, 0, 1055]
  FACT      [R 634A008] t2  'error in (no error)'              is_source=False wire=0       errs=[0, 0, 0, 1055]
  FACT      [R 634A008] t3  'error out'                        is_source=True  wire=0       errs=[0, 0, 0, 1055]
  FACT      [R 634A008] t4  'Data Type'                        is_source=True  wire=0       errs=[0, 0, 0, 1055]
  PASS  R3 634A008 the created node carries exactly ONE non-standard terminal  ['Data Type']
  PASS  R4 634A008 the measured short name is the claimed 'Data Type'  measured 'Data Type'
  FACT  [R] *** VERDICT: BOTH IDS RESOLVE ***

---------- [T] A1_UNDIVIDED  D1_s3a_focus_ind.vi
  FACT  ExecState [02 [T] A1_UNDIVIDED COLD] = 1   (+85.7 s, read cost 2.06 s)
  PASS  T1 A1_UNDIVIDED reopens COLD at ExecState 1  1
  PASS  T1b A1_UNDIVIDED diag_index(#639) resolves  46 
  FACT  [T] A1_UNDIVIDED Diagram #639 = traverse index 46, 73 node(s)
  FACT  [T A1_UNDIVIDED #10757] terminal table of #10757 (Diagram idx 46, Nodes[27], echo 10757): 3 terminal(s)
  FACT      [T A1_UNDIVIDED #10757] t0  'array'                            is_source=False wire=121     errs=[0, 0, 0, 0]
  FACT      [T A1_UNDIVIDED #10757] t1  'element'                          is_source=True  wire=10990   errs=[0, 0, 0, 0]
  FACT      [T A1_UNDIVIDED #10757] t2  'index'                            is_source=False wire=10947   errs=[0, 0, 0, 0]
  PASS  T2 A1_UNDIVIDED #10757 terminal table read, uid echo matches  echo 10757, 3 terminal(s)
  FACT  [T A1_UNDIVIDED #10407] terminal table of #10407 (Diagram idx 46, Nodes[24], echo 10407): 7 terminal(s)
  FACT      [T A1_UNDIVIDED #10407] t0  ''                                 is_source=False wire=10799   errs=[0, 0, 0, 0]
  FACT      [T A1_UNDIVIDED #10407] t1  '# slices in stack'                is_source=False wire=9635    errs=[0, 0, 0, 0]
  FACT      [T A1_UNDIVIDED #10407] t2  'Index of closest\ncal image slice, bead 2' is_source=False wire=10990   errs=[0, 0, 0, 0]
  FACT      [T A1_UNDIVIDED #10407] t3  'Outgoing Handle'                  is_source=False wire=11232   errs=[0, 0, 0, 0]
  FACT      [T A1_UNDIVIDED #10407] t4  'VISA out'                         is_source=True  wire=7337    errs=[0, 0, 0, 0]
  FACT      [T A1_UNDIVIDED #10407] t5  'Out position'                     is_source=False wire=7388    errs=[0, 0, 0, 0]
  FACT      [T A1_UNDIVIDED #10407] t6  'position [internal units]'        is_source=True  wire=9113    errs=[0, 0, 0, 0]
  PASS  T2 A1_UNDIVIDED #10407 terminal table read, uid echo matches  echo 10407, 7 terminal(s)
  FACT  [T A1_UNDIVIDED #10686] terminal table of #10686 (Diagram idx 46, Nodes[25], echo 10686): 3 terminal(s)
  FACT      [T A1_UNDIVIDED #10686] t0  'x .and. y?'                       is_source=True  wire=10799   errs=[0, 0, 0, 0]
  FACT      [T A1_UNDIVIDED #10686] t1  'y'                                is_source=False wire=9105    errs=[0, 0, 0, 0]
  FACT      [T A1_UNDIVIDED #10686] t2  'x'                                is_source=False wire=3050    errs=[0, 0, 0, 0]
  PASS  T2 A1_UNDIVIDED #10686 terminal table read, uid echo matches  echo 10686, 3 terminal(s)
  FACT  [T A1_UNDIVIDED] wire 10990 Terms[]: [{'i': 0, 'is_source': True, 'owner_class': 'IndexArray', 'owner_uid': 10757, 'recip': 10990}, {'i': 1, 'is_source': False, 'owner_class': 'SelectorTunnel', 'owner_uid': 10978, 'recip': 10990}, {'i': 2, 'is_source': False, 'owner_class': 'Diagram', 'owner_uid': 639, 'recip': 10990}, {'i': 3, 'is_source': False, 'owner_class': '', 'owner_uid': 0, 'recip': 0}]
  PASS  T3 A1_UNDIVIDED wire 10990 walked by uid  4 Terms[] row(s)
  FACT  close_panel(A1_UNDIVIDED) raised com_error: (-2147352567, '??? ??????.', (6649, 'LabVIEW', 'LabVIEW: (Hex 0x47D) Cannot close or set the state of a closed front panel. The front panel must already be open before you close it or set its state.', None, 0, 0), None)

---------- [T] A2_ROW2_DIVIDED  D1_s3b_row2_20260921_160311.vi
  FACT  ExecState [03 [T] A2_ROW2_DIVIDED COLD] = 1   (+101.0 s, read cost 0.13 s)
  PASS  T1 A2_ROW2_DIVIDED reopens COLD at ExecState 1  1
  PASS  T1b A2_ROW2_DIVIDED diag_index(#639) resolves  46 
  FACT  [T] A2_ROW2_DIVIDED Diagram #639 = traverse index 46, 75 node(s)
  FACT  [T A2_ROW2_DIVIDED #10757] terminal table of #10757 (Diagram idx 46, Nodes[27], echo 10757): 3 terminal(s)
  FACT      [T A2_ROW2_DIVIDED #10757] t0  'array'                            is_source=False wire=121     errs=[0, 0, 0, 0]
  FACT      [T A2_ROW2_DIVIDED #10757] t1  'element'                          is_source=True  wire=23556   errs=[0, 0, 0, 0]
  FACT      [T A2_ROW2_DIVIDED #10757] t2  'index'                            is_source=False wire=10947   errs=[0, 0, 0, 0]
  PASS  T2 A2_ROW2_DIVIDED #10757 terminal table read, uid echo matches  echo 10757, 3 terminal(s)
  FACT  [T A2_ROW2_DIVIDED #10407] terminal table of #10407 (Diagram idx 46, Nodes[24], echo 10407): 7 terminal(s)
  FACT      [T A2_ROW2_DIVIDED #10407] t0  ''                                 is_source=False wire=23502   errs=[0, 0, 0, 0]
  FACT      [T A2_ROW2_DIVIDED #10407] t1  '# slices in stack'                is_source=False wire=9635    errs=[0, 0, 0, 0]
  FACT      [T A2_ROW2_DIVIDED #10407] t2  'index'                            is_source=False wire=23540   errs=[0, 0, 0, 0]
  FACT      [T A2_ROW2_DIVIDED #10407] t3  'Outgoing Handle'                  is_source=False wire=11232   errs=[0, 0, 0, 0]
  FACT      [T A2_ROW2_DIVIDED #10407] t4  'VISA out'                         is_source=True  wire=7337    errs=[0, 0, 0, 0]
  FACT      [T A2_ROW2_DIVIDED #10407] t5  'Out position'                     is_source=False wire=7388    errs=[0, 0, 0, 0]
  FACT      [T A2_ROW2_DIVIDED #10407] t6  'position [internal units]'        is_source=True  wire=9113    errs=[0, 0, 0, 0]
  PASS  T2 A2_ROW2_DIVIDED #10407 terminal table read, uid echo matches  echo 10407, 7 terminal(s)
  FACT  [T A2_ROW2_DIVIDED #23523] terminal table of #23523 (Diagram idx 46, Nodes[74], echo 23523): 1 terminal(s)
  FACT      [T A2_ROW2_DIVIDED #23523] t0  'index'                            is_source=True  wire=23540   errs=[0, 0, 0, 0]
  PASS  T2 A2_ROW2_DIVIDED #23523 terminal table read, uid echo matches  echo 23523, 1 terminal(s)
  FACT  [T A2_ROW2_DIVIDED] wire 23556 Terms[]: [{'i': 0, 'is_source': True, 'owner_class': 'IndexArray', 'owner_uid': 10757, 'recip': 23556}, {'i': 1, 'is_source': False, 'owner_class': 'Diagram', 'owner_uid': 639, 'recip': 23556}, {'i': 2, 'is_source': False, 'owner_class': '', 'owner_uid': 0, 'recip': 0}]
  PASS  T3 A2_ROW2_DIVIDED wire 23556 walked by uid  3 Terms[] row(s)
  FACT  [T A2_ROW2_DIVIDED] wire 23540 Terms[]: [{'i': 0, 'is_source': True, 'owner_class': 'Local', 'owner_uid': 23523, 'recip': 23540}, {'i': 1, 'is_source': False, 'owner_class': 'SelectorTunnel', 'owner_uid': 10978, 'recip': 23540}, {'i': 2, 'is_source': False, 'owner_class': '', 'owner_uid': 0, 'recip': 0}]
  PASS  T3 A2_ROW2_DIVIDED wire 23540 walked by uid  3 Terms[] row(s)
  FACT  [T A2_ROW2_DIVIDED] panel control #23525 'index' indicator=True is_source=False wire=23556 errs=[0,0]
  PASS  T4 A2_ROW2_DIVIDED every named panel control was found  1 of 1
  FACT  close_panel(A2_ROW2_DIVIDED) raised com_error: (-2147352567, '??? ??????.', (6649, 'LabVIEW', 'LabVIEW: (Hex 0x47D) Cannot close or set the state of a closed front panel. The front panel must already be open before you close it or set its state.', None, 0, 0), None)

---------- [T] A3_ROW1_DIVIDED  D1_s3b_row1_20260921_135932.vi
  FACT  ExecState [04 [T] A3_ROW1_DIVIDED COLD] = 1   (+113.2 s, read cost 0.07 s)
  PASS  T1 A3_ROW1_DIVIDED reopens COLD at ExecState 1  1
  PASS  T1b A3_ROW1_DIVIDED diag_index(#639) resolves  46 
  FACT  [T] A3_ROW1_DIVIDED Diagram #639 = traverse index 46, 74 node(s)
  FACT  [T A3_ROW1_DIVIDED #10407] terminal table of #10407 (Diagram idx 46, Nodes[24], echo 10407): 7 terminal(s)
  FACT      [T A3_ROW1_DIVIDED #10407] t0  ''                                 is_source=False wire=23502   errs=[0, 0, 0, 0]
  FACT      [T A3_ROW1_DIVIDED #10407] t1  '# slices in stack'                is_source=False wire=9635    errs=[0, 0, 0, 0]
  FACT      [T A3_ROW1_DIVIDED #10407] t2  'Index of closest\ncal image slice, bead 2' is_source=False wire=10990   errs=[0, 0, 0, 0]
  FACT      [T A3_ROW1_DIVIDED #10407] t3  'Outgoing Handle'                  is_source=False wire=11232   errs=[0, 0, 0, 0]
  FACT      [T A3_ROW1_DIVIDED #10407] t4  'VISA out'                         is_source=True  wire=7337    errs=[0, 0, 0, 0]
  FACT      [T A3_ROW1_DIVIDED #10407] t5  'Out position'                     is_source=False wire=7388    errs=[0, 0, 0, 0]
  FACT      [T A3_ROW1_DIVIDED #10407] t6  'position [internal units]'        is_source=True  wire=9113    errs=[0, 0, 0, 0]
  PASS  T2 A3_ROW1_DIVIDED #10407 terminal table read, uid echo matches  echo 10407, 7 terminal(s)
  FACT  [T A3_ROW1_DIVIDED #23499] terminal table of #23499 (Diagram idx 46, Nodes[73], echo 23499): 1 terminal(s)
  FACT      [T A3_ROW1_DIVIDED #23499] t0  'Automatic Error Handling'         is_source=True  wire=23502   errs=[0, 0, 0, 0]
  PASS  T2 A3_ROW1_DIVIDED #23499 terminal table read, uid echo matches  echo 23499, 1 terminal(s)
  FACT  [T A3_ROW1_DIVIDED #10686] terminal table of #10686 (Diagram idx 46, Nodes[25], echo 10686): 3 terminal(s)
  FACT      [T A3_ROW1_DIVIDED #10686] t0  'x .and. y?'                       is_source=True  wire=23526   errs=[0, 0, 0, 0]
  FACT      [T A3_ROW1_DIVIDED #10686] t1  'y'                                is_source=False wire=9105    errs=[0, 0, 0, 0]
  FACT      [T A3_ROW1_DIVIDED #10686] t2  'x'                                is_source=False wire=3050    errs=[0, 0, 0, 0]
  PASS  T2 A3_ROW1_DIVIDED #10686 terminal table read, uid echo matches  echo 10686, 3 terminal(s)
  FACT  [T A3_ROW1_DIVIDED] wire 23502 Terms[]: [{'i': 0, 'is_source': True, 'owner_class': 'Local', 'owner_uid': 23499, 'recip': 23502}, {'i': 1, 'is_source': False, 'owner_class': 'Tunnel', 'owner_uid': 10429, 'recip': 23502}, {'i': 2, 'is_source': False, 'owner_class': '', 'owner_uid': 0, 'recip': 0}]
  PASS  T3 A3_ROW1_DIVIDED wire 23502 walked by uid  3 Terms[] row(s)
  FACT  close_panel(A3_ROW1_DIVIDED) raised com_error: (-2147352567, '??? ??????.', (6649, 'LabVIEW', 'LabVIEW: (Hex 0x47D) Cannot close or set the state of a closed front panel. The front panel must already be open before you close it or set its state.', None, 0, 0), None)
  FACT  [T A3] row 1's SOURCE net: #10686 t0 'x .and. y?' carries wire 23526
  FACT  [T A3_ROW1_DIVIDED] wire 23526 Terms[]: [{'i': 0, 'is_source': True, 'owner_class': 'Function', 'owner_uid': 10686, 'recip': 23526}, {'i': 1, 'is_source': False, 'owner_class': 'Diagram', 'owner_uid': 639, 'recip': 23526}, {'i': 2, 'is_source': False, 'owner_class': '', 'owner_uid': 0, 'recip': 0}]
  PASS  T3 A3_ROW1_DIVIDED row-1 source wire 23526 walked by uid  3 Terms[] row(s)

---------- [X] THE TABLE: uid . owning node . terminal name . Data Type . Coerced?
    artefact           owner      terminal     name                           source?  wire      Data Type      Coerced?
    A1_UNDIVIDED       #10407     t0           ''                             False    10799     UNREAD         UNREAD
    A1_UNDIVIDED       #10407     t1           '# slices in stack'            False    9635      UNREAD         UNREAD
    A1_UNDIVIDED       #10407     t2           'Index of closest\ncal image slice, bead 2' False    10990     UNREAD         UNREAD
    A1_UNDIVIDED       #10407     t3           'Outgoing Handle'              False    11232     UNREAD         UNREAD
    A1_UNDIVIDED       #10407     t4           'VISA out'                     True     7337      UNREAD         UNREAD
    A1_UNDIVIDED       #10407     t5           'Out position'                 False    7388      UNREAD         UNREAD
    A1_UNDIVIDED       #10407     t6           'position [internal units]'    True     9113      UNREAD         UNREAD
    A1_UNDIVIDED       #10686     t0           'x .and. y?'                   True     10799     UNREAD         UNREAD
    A1_UNDIVIDED       #10686     t1           'y'                            False    9105      UNREAD         UNREAD
    A1_UNDIVIDED       #10686     t2           'x'                            False    3050      UNREAD         UNREAD
    A1_UNDIVIDED       #10757     t0           'array'                        False    121       UNREAD         UNREAD
    A1_UNDIVIDED       #10757     t1           'element'                      True     10990     UNREAD         UNREAD
    A1_UNDIVIDED       #10757     t2           'index'                        False    10947     UNREAD         UNREAD
    A2_ROW2_DIVIDED    #10407     t0           ''                             False    23502     UNREAD         UNREAD
    A2_ROW2_DIVIDED    #10407     t1           '# slices in stack'            False    9635      UNREAD         UNREAD
    A2_ROW2_DIVIDED    #10407     t2           'index'                        False    23540     UNREAD         UNREAD
    A2_ROW2_DIVIDED    #10407     t3           'Outgoing Handle'              False    11232     UNREAD         UNREAD
    A2_ROW2_DIVIDED    #10407     t4           'VISA out'                     True     7337      UNREAD         UNREAD
    A2_ROW2_DIVIDED    #10407     t5           'Out position'                 False    7388      UNREAD         UNREAD
    A2_ROW2_DIVIDED    #10407     t6           'position [internal units]'    True     9113      UNREAD         UNREAD
    A2_ROW2_DIVIDED    #10757     t0           'array'                        False    121       UNREAD         UNREAD
    A2_ROW2_DIVIDED    #10757     t1           'element'                      True     23556     UNREAD         UNREAD
    A2_ROW2_DIVIDED    #10757     t2           'index'                        False    10947     UNREAD         UNREAD
    A2_ROW2_DIVIDED    #23523     t0           'index'                        True     23540     UNREAD         UNREAD
    A3_ROW1_DIVIDED    #10407     t0           ''                             False    23502     UNREAD         UNREAD
    A3_ROW1_DIVIDED    #10407     t1           '# slices in stack'            False    9635      UNREAD         UNREAD
    A3_ROW1_DIVIDED    #10407     t2           'Index of closest\ncal image slice, bead 2' False    10990     UNREAD         UNREAD
    A3_ROW1_DIVIDED    #10407     t3           'Outgoing Handle'              False    11232     UNREAD         UNREAD
    A3_ROW1_DIVIDED    #10407     t4           'VISA out'                     True     7337      UNREAD         UNREAD
    A3_ROW1_DIVIDED    #10407     t5           'Out position'                 False    7388      UNREAD         UNREAD
    A3_ROW1_DIVIDED    #10407     t6           'position [internal units]'    True     9113      UNREAD         UNREAD
    A3_ROW1_DIVIDED    #10686     t0           'x .and. y?'                   True     23526     UNREAD         UNREAD
    A3_ROW1_DIVIDED    #10686     t1           'y'                            False    9105      UNREAD         UNREAD
    A3_ROW1_DIVIDED    #10686     t2           'x'                            False    3050      UNREAD         UNREAD
    A3_ROW1_DIVIDED    #23499     t0           'Automatic Error Handling'     True     23502     UNREAD         UNREAD
  FACT  [X] 35 terminal row(s) tabulated across 3 artefact(s)

---------- [X2] THE PLAIN STATEMENT, PER ROW
  FACT  [X2] A1_UNDIVIDED: does ANY terminal on this path report Coerced? True -> **UNMEASURED**. No wrapped column of this fleet carries a coercion flag or a data type, so the question is OPEN, not answered False. Do the divided path's types match A1's reference type -> **UNMEASURED** for the same reason. What IS measured for this artefact is every terminal's NAME, is_source, connected wire and error codes, above.
  FACT  [X2] A2_ROW2_DIVIDED: does ANY terminal on this path report Coerced? True -> **UNMEASURED**. No wrapped column of this fleet carries a coercion flag or a data type, so the question is OPEN, not answered False. Do the divided path's types match A1's reference type -> **UNMEASURED** for the same reason. What IS measured for this artefact is every terminal's NAME, is_source, connected wire and error codes, above.
  FACT  [X2] A3_ROW1_DIVIDED: does ANY terminal on this path report Coerced? True -> **UNMEASURED**. No wrapped column of this fleet carries a coercion flag or a data type, so the question is OPEN, not answered False. Do the divided path's types match A1's reference type -> **UNMEASURED** for the same reason. What IS measured for this artefact is every terminal's NAME, is_source, connected wire and error codes, above.
  FACT  close_panel(D1_s3a_focus_ind.vi) raised com_error: (-2147352567, '??? ??????.', (6649, 'LabVIEW', 'LabVIEW: (Hex 0x47D) Cannot close or set the state of a closed front panel. The front panel must already be open before you close it or set its state.', None, 0, 0), None)
  FACT  close_panel(D1_s3b_row2_20260921_160311.vi) raised com_error: (-2147352567, '??? ??????.', (6649, 'LabVIEW', 'LabVIEW: (Hex 0x47D) Cannot close or set the state of a closed front panel. The front panel must already be open before you close it or set its state.', None, 0, 0), None)
  FACT  close_panel(D1_s3b_row1_20260921_135932.vi) raised com_error: (-2147352567, '??? ??????.', (6649, 'LabVIEW', 'LabVIEW: (Hex 0x47D) Cannot close or set the state of a closed front panel. The front panel must already be open before you close it or set its state.', None, 0, 0), None)
  PASS  Y the scratch is gone (exists=False)  C:\Program Files\National Instruments\LabVIEW 2026\user.lib\claudeDev\SCRATCH_C66C_20260921_174432.vi

---------- [Y] THE md5 PINS AFTER, THE REFS AND THE HANDLES
  FACT  Y ORIGINAL AFTER: HASH G:\Codes\LabVIEW_Codes\MinLab\zz_LabView VI\AAA_UNIST\2. Tracking\Min_Track N beads V6_ParallelLoop.vi | exists=1 | size=473317 | md5=2a78e17c449cacdaf5da389818526859 | sha256=f827a67e91cc2a51284cdce0ada5d34ecf89cf865bca5f0bdfa870f0020df4bb
  PASS  Y ORIGINAL md5 is STILL its pin 2a78e17c  '2a78e17c449cacdaf5da389818526859'
  FACT  Y D1_s1_copy AFTER: HASH C:\Program Files\National Instruments\LabVIEW 2026\user.lib\claudeDev\D1_s1_copy.vi | exists=1 | size=474202 | md5=3e3d23cefd3a334001aa9d6156bf1aee | sha256=1ab3360021cb04f03e8fe4a503d1972aefa26a34ed5b8fd9393ec6899330e0f7
  PASS  Y D1_s1_copy md5 is STILL its pin 3e3d23ce  '3e3d23cefd3a334001aa9d6156bf1aee'
  FACT  Y D1_s2_loops AFTER: HASH C:\Program Files\National Instruments\LabVIEW 2026\user.lib\claudeDev\D1_s2_loops.vi | exists=1 | size=475707 | md5=6ff19497f2309e007a214660bb64b911 | sha256=d52e754e29a85e9cc3ddeb039f6c5e325c9094c5e1f8c944059d4a5f7b33c3f5
  PASS  Y D1_s2_loops md5 is STILL its pin 6ff19497  '6ff19497f2309e007a214660bb64b911'
  FACT  Y A1 D1_s3a_focus_ind (UNDIVIDED) AFTER: HASH C:\Program Files\National Instruments\LabVIEW 2026\user.lib\claudeDev\D1_s3a_focus_ind.vi | exists=1 | size=476172 | md5=eef91c1d91f16b034707e4d1285ca8cb | sha256=8afd9f95e280139e64aa648906ba7f799e8d0ae39aabfae42c93ef4f102d23bb
  PASS  Y A1 D1_s3a_focus_ind (UNDIVIDED) md5 is STILL its pin eef91c1d  'eef91c1d91f16b034707e4d1285ca8cb'
  FACT  Y A2 D1_s3b_row2 (row 2 divided) AFTER: HASH C:\Program Files\National Instruments\LabVIEW 2026\user.lib\claudeDev\D1_s3b_row2_20260921_160311.vi | exists=1 | size=476759 | md5=26c54ff784cb5cea21edbd214d2cc3a0 | sha256=17b63cb1c83d5f4a50285ced08b1ecc5a65605979b17ee798b1228f7017d275d
  PASS  Y A2 D1_s3b_row2 (row 2 divided) md5 is STILL its pin 26c54ff7  '26c54ff784cb5cea21edbd214d2cc3a0'
  FACT  Y A3 D1_s3b_row1 (row 1 divided) AFTER: HASH C:\Program Files\National Instruments\LabVIEW 2026\user.lib\claudeDev\D1_s3b_row1_20260921_135932.vi | exists=1 | size=476734 | md5=72f0d47d0b1cbd0834d50f1483e558c1 | sha256=7b25b8e73d34fd943e5de4a3998edb56234055621f7481a9a9ecee482b6571c3
  PASS  Y A3 D1_s3b_row1 (row 1 divided) md5 is STILL its pin 72f0d47d  '72f0d47d0b1cbd0834d50f1483e558c1'
  FACT  Y OpReport_v0 AFTER: HASH C:\Program Files\National Instruments\LabVIEW 2026\user.lib\claudeDev\OpReport_v0.vi | exists=1 | size=7523 | md5=2b21a1c10f895d7dad41037e20cd690a | sha256=ef50792a6b250f5d105c2cf4d032538eb7f0d308eb0619f478a5a5cfa1c045f0
  PASS  Y OpReport_v0.vi md5 is unchanged  before '2b21a1c10f895d7dad41037e20cd690a' after '2b21a1c10f895d7dad41037e20cd690a'
  FACT  refs: {'opened': 12, 'closed': 12, 'live': 0, 'cached_op_vis': 7}
  PASS  Y refs opened == closed and 0 live  {'opened': 12, 'closed': 12, 'live': 0, 'cached_op_vis': 7}
  FACT  LabVIEW handles AFTER: 51370 (before 34289)
  FACT  THE FILES THIS RUN LEFT ON DISK: [] (nothing is built and nothing is saved)

=== GATES: 44 pass / 1 fail; failing: R4 634A006 the measured short name is the claimed 'Coerced?'
=== JSON: G:\Codes\LabVIEW_Codes\MinLab\zz_LabView VI\AAA_UNIST\2. Tracking\V6_ParallelLoop\tools\bench\diag_c66c_coercion.json
BGRUN END rc=1 after 118s
