BGRUN START 2026-09-27 16:07:58 limit 3.0 min: py -u tools/bench/diag_c110_terms.py tools/bench/graph_l2a3_bed_20260927.json 18240 113 18089 7511 30117 4580 20497 9503
BGRUN PID 7568
OBJ #18240 Diagram owner FlatSequenceFrame pos [-13176, 1675]
   t30749 'Trans Pos (mm)' ControlTerminal src=False fd=18240 w31134 -> [(18089, 18091, 'Numeric', 'Terminal', 18240, True)]
OBJ #113 Diagram owner FlatSequenceFrame pos [-1528, 913]
   t6178 'Rot pos (deg)' ControlTerminal src=False fd=113 w7152 -> [(3242, 3250, 'Rot position', 'Terminal', 113, False), (7511, 7513, 'Current pos rot?', 'Terminal', 113, True), (7130, 7142, 'Current pos rot?', 'Terminal', 113, False)]
   t10048 '# of Points' ControlTerminal src=True fd=113 w1150 -> [(8, 2608, 'Scale.Maximum', 'Terminal', 113, False), (1766, 1985, 'number', 'ParameterTerminal', 113, False)]
OBJ #18089 FlatSequenceInnerTunnel owner FlatSequence pos [-13177, 1707]
   t18085 'Numeric' Terminal src=True fd=18065 w18257 -> [(18089, 18093, 'Numeric', 'Terminal', 18065, False)]
   t18088 'Numeric' Terminal src=False fd=18096 w18214 -> [(18199, 18204, 'element', 'Terminal', 18096, True)]
   t18093 'Numeric' Terminal src=False fd=18065 w18257 -> [(18089, 18085, 'Numeric', 'Terminal', 18065, True)]
   t18091 'Numeric' Terminal src=True fd=18240 w31134 -> [(18240, 30749, 'Trans Pos (mm)', 'ControlTerminal', 18240, False)]
OBJ #7511 FlatSequenceInnerTunnel owner FlatSequence pos [-1528, 2753]
   t86630 'Current pos rot?' Terminal src=True fd=536 w86634 -> [(7511, 7518, 'Current pos rot?', 'Terminal', 536, False)]
   t86629 'Current pos rot?' Terminal src=False fd=81548 w86637 -> [(10581, 81591, 'Current pos rot?', 'Terminal', 81548, True)]
   t7518 'Current pos rot?' Terminal src=False fd=536 w86634 -> [(7511, 86630, 'Current pos rot?', 'Terminal', 536, True)]
   t7513 'Current pos rot?' Terminal src=True fd=113 w7152 -> [(3242, 3250, 'Rot position', 'Terminal', 113, False), (113, 6178, 'Rot pos (deg)', 'ControlTerminal', 113, False), (7130, 7142, 'Current pos rot?', 'Terminal', 113, False)]
OBJ #30117 Property owner Diagram pos [4607, 1613]
   t30125 'reference' Terminal src=False fd=639 w0 -> []
   t30128 'reference out' Terminal src=True fd=639 w0 -> []
   t30133 'error in (no error)' Terminal src=False fd=639 w0 -> []
   t30138 'error out' Terminal src=True fd=639 w0 -> []
   t30145 'Value' Terminal src=True fd=639 w30592 -> [(2626, 4160, 'element', 'Terminal', 639, False), (20497, 20496, 'Value', 'OuterTerminal', 639, False), (9503, 9508, 'Value', 'OuterTerminal', 639, False)]
OBJ #4580 Property owner Diagram pos [4582, 1788]
   t4703 'reference' Terminal src=False fd=639 w0 -> []
   t4709 'reference out' Terminal src=True fd=639 w0 -> []
   t4718 'error in (no error)' Terminal src=False fd=639 w0 -> []
   t4722 'error out' Terminal src=True fd=639 w0 -> []
   t4728 'Value' Terminal src=True fd=639 w4878 -> [(2626, 4165, 'element', 'Terminal', 639, False)]
OBJ #20497 SelectorTunnel owner CaseStructure pos [3125, 1917]
   t20496 'Value' OuterTerminal src=False fd=639 w30592 -> [(2626, 4160, 'element', 'Terminal', 639, False), (30117, 30145, 'Value', 'Terminal', 639, True), (9503, 9508, 'Value', 'OuterTerminal', 639, False)]
   t20499 'Value' InnerTerminal src=True fd=20518 w0 -> []
   t20500 'Value' InnerTerminal src=True fd=20530 w22072 -> [(20566, 20565, 'Value', 'OuterTerminal', 20530, False), (20530, 25267, 'Value', 'ControlTerminal', 20530, False)]
OBJ #9503 LoopTunnel owner ForLoop pos [5102, 1411]
   t9508 'Value' OuterTerminal src=False fd=639 w30592 -> [(2626, 4160, 'element', 'Terminal', 639, False), (30117, 30145, 'Value', 'Terminal', 639, True), (20497, 20496, 'Value', 'OuterTerminal', 639, False)]
   t9505 'Value' InnerTerminal src=True fd=7911 w28684 -> [(28083, 28095, 'Magnet position', 'Terminal', 7911, False)]
CHAIN #18240: [('FlatSequenceFrame', 0)]
CHAIN #113: [('FlatSequenceFrame', 0)]
CHAIN #30117: [('Diagram', 639), ('WhileLoop', 637), ('Diagram', 686), ('FlatSequenceFrame', 0)]
CHAIN #4580: [('Diagram', 639), ('WhileLoop', 637), ('Diagram', 686), ('FlatSequenceFrame', 0)]
LOOP {"class": "WhileLoop", "index": 1, "loop_uid": 10170, "left_of": {"23508": [23792], "10850": [25240], "25339": [25344], "25371": [25382]}, "right_uids": [23508, 10850, 25339, 25371]}
LOOP {"class": "WhileLoop", "index": 4, "loop_uid": 637, "left_of": {"1147": [1142], "1117": [5351], "119": [2972], "5796": [5805], "9018": [9025], "862": [2853], "7311": [11001], "15197": [15204], "29505": [29512], "580": [1755]}, "right_uids": [1147, 1117, 119, 5796, 9018, 862, 7311, 15197, 29505, 580]}
RESULT {"schema":"result-line/1","status":"PASS","gates":{"pass":1,"fail":0},"first_fail":null,"artefacts":[]}
BGRUN END rc=0 after 1s
