BGRUN START 2026-09-21 10:16:00 limit 30.0 min: py -u tools/bench/diag_c62_s3b_rows.py
=== diag_c62_s3b_rows  2026-09-21 10:16:01
=== S3b's two rows, Pre-decided 53(d)'s delete-and-rebuild, staged saves
  FACT  LabVIEW handles BEFORE: 34164
  FACT  T1 ORIGINAL (read-only probe): HASH G:\Codes\LabVIEW_Codes\MinLab\zz_LabView VI\AAA_UNIST\2. Tracking\Min_Track N beads V6_ParallelLoop.vi | exists=1 | size=473317 | md5=2a78e17c449cacdaf5da389818526859 | sha256=f827a67e91cc2a51284cdce0ada5d34ecf89cf865bca5f0bdfa870f0020df4bb
  PASS  T1 the ORIGINAL's md5 equals the pin  2a78e17c449cacdaf5da389818526859
  FACT  T1b D1_s1_copy.vi: HASH C:\Program Files\National Instruments\LabVIEW 2026\user.lib\claudeDev\D1_s1_copy.vi | exists=1 | size=474202 | md5=3e3d23cefd3a334001aa9d6156bf1aee | sha256=1ab3360021cb04f03e8fe4a503d1972aefa26a34ed5b8fd9393ec6899330e0f7
  PASS  T1b D1_s1_copy.vi md5 == 3e3d23cefd3a334001aa9d6156bf1aee  3e3d23cefd3a334001aa9d6156bf1aee
  FACT  T2 D1_s2_loops.vi: HASH C:\Program Files\National Instruments\LabVIEW 2026\user.lib\claudeDev\D1_s2_loops.vi | exists=1 | size=475707 | md5=6ff19497f2309e007a214660bb64b911 | sha256=d52e754e29a85e9cc3ddeb039f6c5e325c9094c5e1f8c944059d4a5f7b33c3f5
  PASS  T2 D1_s2_loops.vi md5 == 6ff19497f2309e007a214660bb64b911  6ff19497f2309e007a214660bb64b911
  FACT  T3 D1_s3a_focus_ind.vi (the beds' SOURCE, never a bed): HASH C:\Program Files\National Instruments\LabVIEW 2026\user.lib\claudeDev\D1_s3a_focus_ind.vi | exists=1 | size=476172 | md5=eef91c1d91f16b034707e4d1285ca8cb | sha256=8afd9f95e280139e64aa648906ba7f799e8d0ae39aabfae42c93ef4f102d23bb
  PASS  T3 D1_s3a_focus_ind.vi md5 == eef91c1d91f16b034707e4d1285ca8cb  eef91c1d91f16b034707e4d1285ca8cb
  FACT  T4 the donor OpCreateLocalRead_v0.vi: HASH C:\Program Files\National Instruments\LabVIEW 2026\user.lib\claudeDev\OpCreateLocalRead_v0.vi | exists=1 | size=10192 | md5=f695d97a36ae127cd2dd3ca6b1fc1089 | sha256=2b2b3d97596a8a1c90fc8426012dfd213acdae5a34c427ab07ed3773c712cb4e
  PASS  T4 OpCreateLocalRead_v0.vi md5 == f695d97a36ae127cd2dd3ca6b1fc1089  f695d97a36ae127cd2dd3ca6b1fc1089
  FACT  T5 RESTART (pre-batch, 44(e)): lv_restart rc=0 ['dialogs: 1346,762| / ENABLED|487852536|0,0,0,0|LabVIEW / VERDICT: clear (no modal dialog)']
  FACT  LabVIEW handles AFTER the pre-batch restart: 30684

========== STAGE A / A1  (NON-GATING measurement, throwaway scratch)
  FACT  ExecState [1 A/A1 cold open] = 1
  FACT  live diagram indices: #639 -> 46, #536 (top level) -> 0, #686 -> 19
  OBSERVED uid 10407 -> owner 'Diagram' uid 639 | self 'CaseStructure'#10407 | 482 says 'Diagram' cast 'Diagram' |  
  FACT  A/A1 #10407 #10407: owner 'Diagram'#639 diagram 46 Nodes[24] [node_labels position (verified by the node's own UID)] label 'Case Structure' ; TABLE [{'i': 0, 'name': '', 'name_hex': '', 'is_source': False, 'wire': 10799, 'errs': [0, 0, 0, 0]}, {'i': 1, 'name': '# slices in stack', 'name_hex': '2320736c6963657320696e20737461636b', 'is_source': False, 'wire': 9635, 'errs': [0, 0, 0, 0]}, {'i': 2, 'name': 'Index of closest\ncal image slice, bead 2', 'name_hex': '496e646578206f6620636c6f736573740a63616c20696d61676520736c6963652c20626561642032', 'is_source': False, 'wire': 10990, 'errs': [0, 0, 0, 0]}, {'i': 3, 'name': 'Outgoing Handle', 'name_hex': '4f7574676f696e672048616e646c65', 'is_source': False, 'wire': 11232, 'errs': [0, 0, 0, 0]}, {'i': 4, 'name': 'VISA out', 'name_hex': '56495341206f7574', 'is_source': True, 'wire': 7337, 'errs': [0, 0, 0, 0]}, {'i': 5, 'name': 'Out position', 'name_hex': '4f757420706f736974696f6e', 'is_source': False, 'wire': 7388, 'errs': [0, 0, 0, 0]}, {'i': 6, 'name': 'position [internal units]', 'name_hex': '706f736974696f6e205b696e7465726e616c20756e6974735d', 'is_source': True, 'wire': 9113, 'errs': [0, 0, 0, 0]}]
  OBSERVED uid 10686 -> owner 'Diagram' uid 639 | self 'Function'#10686 | 482 says 'Diagram' cast 'Diagram' |  
  FACT  A/A1 source #10686 #10686: owner 'Diagram'#639 diagram 46 Nodes[25] [node_labels position (verified by the node's own UID)] label 'And' ; TABLE [{'i': 0, 'name': 'x .and. y?', 'name_hex': '78202e616e642e20793f', 'is_source': True, 'wire': 10799, 'errs': [0, 0, 0, 0]}, {'i': 1, 'name': 'y', 'name_hex': '79', 'is_source': False, 'wire': 9105, 'errs': [0, 0, 0, 0]}, {'i': 2, 'name': 'x', 'name_hex': '78', 'is_source': False, 'wire': 3050, 'errs': [0, 0, 0, 0]}]
  FACT  A/A1: the TOP-LEVEL diagram (#536, traverse index 0) lists 0 nodes; the Nodes[] index of #10686 there is None
  FACT  A/A1 BEFORE panel_wiring: 116 rows
  FACT  A/A1 delete_object(Wire[715] = uid 10799): gone [10799] ; error ''
  FACT  ExecState [2 A/A1 after the delete] = 0
  FACT  A/A1 fp_labels rows whose label reads 'Automatic Error Handling': [(115, 'Automatic Error Handling', True)]
  FACT  A/A1 CALL: g.connect_ctl(bed, panel_index=115, node_index=25, terminal_index=0)   # node_index is the source's Nodes[] index on Diagram #639, which is NOT the top-level index space connect_ctl's ladder (VI -> Block Diagram -> Nodes[]) uses
  FACT  A/A1 connect_ctl returned/raised: 'error 1055: Invoke Node in OpConnectCtl_v0.vi | <APPEND> | Method Name: <b>Connect Wire</b>'
  OBSERVED uid 10686 -> owner 'Diagram' uid 639 | self 'Function'#10686 | 482 says 'Diagram' cast 'Diagram' |  
  FACT  A/A1 source AFTER #10686: owner 'Diagram'#639 diagram 46 Nodes[25] [node_labels position (verified by the node's own UID)] label 'And' ; TABLE [{'i': 0, 'name': 'x .and. y?', 'name_hex': '78202e616e642e20793f', 'is_source': True, 'wire': 0, 'errs': [0, 0, 0, 1055]}, {'i': 1, 'name': 'y', 'name_hex': '79', 'is_source': False, 'wire': 9105, 'errs': [0, 0, 0, 0]}, {'i': 2, 'name': 'x', 'name_hex': '78', 'is_source': False, 'wire': 3050, 'errs': [0, 0, 0, 0]}]
  OBSERVED uid 10407 -> owner 'Diagram' uid 639 | self 'CaseStructure'#10407 | 482 says 'Diagram' cast 'Diagram' |  
  FACT  A/A1 #10407 AFTER #10407: owner 'Diagram'#639 diagram 46 Nodes[24] [node_labels position (verified by the node's own UID)] label 'Case Structure' ; TABLE [{'i': 0, 'name': '', 'name_hex': '', 'is_source': False, 'wire': 0, 'errs': [0, 0, 0, 1055]}, {'i': 1, 'name': '# slices in stack', 'name_hex': '2320736c6963657320696e20737461636b', 'is_source': False, 'wire': 9635, 'errs': [0, 0, 0, 0]}, {'i': 2, 'name': 'Index of closest\ncal image slice, bead 2', 'name_hex': '496e646578206f6620636c6f736573740a63616c20696d61676520736c6963652c20626561642032', 'is_source': False, 'wire': 10990, 'errs': [0, 0, 0, 0]}, {'i': 3, 'name': 'Outgoing Handle', 'name_hex': '4f7574676f696e672048616e646c65', 'is_source': False, 'wire': 11232, 'errs': [0, 0, 0, 0]}, {'i': 4, 'name': 'VISA out', 'name_hex': '56495341206f7574', 'is_source': True, 'wire': 7337, 'errs': [0, 0, 0, 0]}, {'i': 5, 'name': 'Out position', 'name_hex': '4f757420706f736974696f6e', 'is_source': False, 'wire': 7388, 'errs': [0, 0, 0, 0]}, {'i': 6, 'name': 'position [internal units]', 'name_hex': '706f736974696f6e205b696e7465726e616c20756e6974735d', 'is_source': True, 'wire': 9113, 'errs': [0, 0, 0, 0]}]
  FACT  A/A1 AFTER panel_wiring: 116 rows
  FACT  ExecState [3 A/A1 END] = 0
  FACT  A/A1 RESULT: source #10686 t0 wire 10799 -> 0 ; #10407 t0 wire 10799 -> 0 ; old indicator panel row 10799 -> 0
  PASS  A_A1 the leg completed and was read back (NON-GATING: a refusal is an acceptable answer)  connect_ctl -> 'error 1055: Invoke Node in OpConnectCtl_v0.vi | <APPEND> | Method Name: <b>Connect Wire</b>'

========== STAGE A / A2  (NON-GATING measurement, throwaway scratch)
  FACT  ExecState [4 A/A2 cold open] = 1
  FACT  live diagram indices: #639 -> 46, #536 (top level) -> 0, #686 -> 19
  OBSERVED uid 10407 -> owner 'Diagram' uid 639 | self 'CaseStructure'#10407 | 482 says 'Diagram' cast 'Diagram' |  
  FACT  A/A2 #10407 #10407: owner 'Diagram'#639 diagram 46 Nodes[24] [node_labels position (verified by the node's own UID)] label 'Case Structure' ; TABLE [{'i': 0, 'name': '', 'name_hex': '', 'is_source': False, 'wire': 10799, 'errs': [0, 0, 0, 0]}, {'i': 1, 'name': '# slices in stack', 'name_hex': '2320736c6963657320696e20737461636b', 'is_source': False, 'wire': 9635, 'errs': [0, 0, 0, 0]}, {'i': 2, 'name': 'Index of closest\ncal image slice, bead 2', 'name_hex': '496e646578206f6620636c6f736573740a63616c20696d61676520736c6963652c20626561642032', 'is_source': False, 'wire': 10990, 'errs': [0, 0, 0, 0]}, {'i': 3, 'name': 'Outgoing Handle', 'name_hex': '4f7574676f696e672048616e646c65', 'is_source': False, 'wire': 11232, 'errs': [0, 0, 0, 0]}, {'i': 4, 'name': 'VISA out', 'name_hex': '56495341206f7574', 'is_source': True, 'wire': 7337, 'errs': [0, 0, 0, 0]}, {'i': 5, 'name': 'Out position', 'name_hex': '4f757420706f736974696f6e', 'is_source': False, 'wire': 7388, 'errs': [0, 0, 0, 0]}, {'i': 6, 'name': 'position [internal units]', 'name_hex': '706f736974696f6e205b696e7465726e616c20756e6974735d', 'is_source': True, 'wire': 9113, 'errs': [0, 0, 0, 0]}]
  OBSERVED uid 10686 -> owner 'Diagram' uid 639 | self 'Function'#10686 | 482 says 'Diagram' cast 'Diagram' |  
  FACT  A/A2 source #10686 #10686: owner 'Diagram'#639 diagram 46 Nodes[25] [node_labels position (verified by the node's own UID)] label 'And' ; TABLE [{'i': 0, 'name': 'x .and. y?', 'name_hex': '78202e616e642e20793f', 'is_source': True, 'wire': 10799, 'errs': [0, 0, 0, 0]}, {'i': 1, 'name': 'y', 'name_hex': '79', 'is_source': False, 'wire': 9105, 'errs': [0, 0, 0, 0]}, {'i': 2, 'name': 'x', 'name_hex': '78', 'is_source': False, 'wire': 3050, 'errs': [0, 0, 0, 0]}]
  FACT  A/A2: the TOP-LEVEL diagram (#536, traverse index 0) lists 0 nodes; the Nodes[] index of #10686 there is None
  FACT  A/A2 BEFORE panel_wiring: 116 rows
  FACT  A/A2 delete_object(Wire[715] = uid 10799): gone [10799] ; error ''
  FACT  ExecState [5 A/A2 after the delete] = 0
  FACT  A/A2 CALL: g.create_indicator(bed, node_index=25, terminal_index=0)   # 25 is the source's index on Diagram #639; the verb addresses the TOP-LEVEL Nodes[], so this is the measurement of what it hits instead
  FACT  A/A2 the TOP-LEVEL node sitting at Nodes[25] is None
  FACT  A/A2 create_indicator returned None ; error EXCEPTION RuntimeError: run blocked behind a modal dialog (dismissed by watchdog after 8s); screenshot(s): C:\Users\KimLab\AppData\Local\Temp\gscript_dialog_1789953467.png ; ControlTerminal census 116 -> 116
  OBSERVED uid 10686 -> owner 'Diagram' uid 639 | self 'Function'#10686 | 482 says 'Diagram' cast 'Diagram' |  
  FACT  A/A2 source AFTER #10686: owner 'Diagram'#639 diagram 46 Nodes[25] [node_labels position (verified by the node's own UID)] label 'And' ; TABLE [{'i': 0, 'name': 'x .and. y?', 'name_hex': '78202e616e642e20793f', 'is_source': True, 'wire': 0, 'errs': [0, 0, 0, 1055]}, {'i': 1, 'name': 'y', 'name_hex': '79', 'is_source': False, 'wire': 9105, 'errs': [0, 0, 0, 0]}, {'i': 2, 'name': 'x', 'name_hex': '78', 'is_source': False, 'wire': 3050, 'errs': [0, 0, 0, 0]}]
  OBSERVED uid 10407 -> owner 'Diagram' uid 639 | self 'CaseStructure'#10407 | 482 says 'Diagram' cast 'Diagram' |  
  FACT  A/A2 #10407 AFTER #10407: owner 'Diagram'#639 diagram 46 Nodes[24] [node_labels position (verified by the node's own UID)] label 'Case Structure' ; TABLE [{'i': 0, 'name': '', 'name_hex': '', 'is_source': False, 'wire': 0, 'errs': [0, 0, 0, 1055]}, {'i': 1, 'name': '# slices in stack', 'name_hex': '2320736c6963657320696e20737461636b', 'is_source': False, 'wire': 9635, 'errs': [0, 0, 0, 0]}, {'i': 2, 'name': 'Index of closest\ncal image slice, bead 2', 'name_hex': '496e646578206f6620636c6f736573740a63616c20696d61676520736c6963652c20626561642032', 'is_source': False, 'wire': 10990, 'errs': [0, 0, 0, 0]}, {'i': 3, 'name': 'Outgoing Handle', 'name_hex': '4f7574676f696e672048616e646c65', 'is_source': False, 'wire': 11232, 'errs': [0, 0, 0, 0]}, {'i': 4, 'name': 'VISA out', 'name_hex': '56495341206f7574', 'is_source': True, 'wire': 7337, 'errs': [0, 0, 0, 0]}, {'i': 5, 'name': 'Out position', 'name_hex': '4f757420706f736974696f6e', 'is_source': False, 'wire': 7388, 'errs': [0, 0, 0, 0]}, {'i': 6, 'name': 'position [internal units]', 'name_hex': '706f736974696f6e205b696e7465726e616c20756e6974735d', 'is_source': True, 'wire': 9113, 'errs': [0, 0, 0, 0]}]
  FACT  A/A2 AFTER panel_wiring: 116 rows
  FACT  ExecState [6 A/A2 END] = 0
  FACT  A/A2 RESULT: source #10686 t0 wire 10799 -> 0 ; #10407 t0 wire 10799 -> 0 ; old indicator panel row 10799 -> 0
  PASS  A_A2 the leg completed and was read back (NON-GATING: a refusal is an acceptable answer)  create_indicator -> new None ; error EXCEPTION RuntimeError: run blocked behind a modal dialog (dismissed by watchdog after 8s); screenshot(s): C:\Users\KimLab\AppData\Local\Temp\gscript_dialog_1789953467.png

========== STAGE A / A3  (NON-GATING measurement, throwaway scratch)
  FACT  ExecState [7 A/A3 cold open] = 1
  FACT  live diagram indices: #639 -> 46, #536 (top level) -> 0, #686 -> 19
  OBSERVED uid 10407 -> owner 'Diagram' uid 639 | self 'CaseStructure'#10407 | 482 says 'Diagram' cast 'Diagram' |  
  FACT  A/A3 #10407 #10407: owner 'Diagram'#639 diagram 46 Nodes[24] [node_labels position (verified by the node's own UID)] label 'Case Structure' ; TABLE [{'i': 0, 'name': '', 'name_hex': '', 'is_source': False, 'wire': 10799, 'errs': [0, 0, 0, 0]}, {'i': 1, 'name': '# slices in stack', 'name_hex': '2320736c6963657320696e20737461636b', 'is_source': False, 'wire': 9635, 'errs': [0, 0, 0, 0]}, {'i': 2, 'name': 'Index of closest\ncal image slice, bead 2', 'name_hex': '496e646578206f6620636c6f736573740a63616c20696d61676520736c6963652c20626561642032', 'is_source': False, 'wire': 10990, 'errs': [0, 0, 0, 0]}, {'i': 3, 'name': 'Outgoing Handle', 'name_hex': '4f7574676f696e672048616e646c65', 'is_source': False, 'wire': 11232, 'errs': [0, 0, 0, 0]}, {'i': 4, 'name': 'VISA out', 'name_hex': '56495341206f7574', 'is_source': True, 'wire': 7337, 'errs': [0, 0, 0, 0]}, {'i': 5, 'name': 'Out position', 'name_hex': '4f757420706f736974696f6e', 'is_source': False, 'wire': 7388, 'errs': [0, 0, 0, 0]}, {'i': 6, 'name': 'position [internal units]', 'name_hex': '706f736974696f6e205b696e7465726e616c20756e6974735d', 'is_source': True, 'wire': 9113, 'errs': [0, 0, 0, 0]}]
  OBSERVED uid 10686 -> owner 'Diagram' uid 639 | self 'Function'#10686 | 482 says 'Diagram' cast 'Diagram' |  
  FACT  A/A3 source #10686 #10686: owner 'Diagram'#639 diagram 46 Nodes[25] [node_labels position (verified by the node's own UID)] label 'And' ; TABLE [{'i': 0, 'name': 'x .and. y?', 'name_hex': '78202e616e642e20793f', 'is_source': True, 'wire': 10799, 'errs': [0, 0, 0, 0]}, {'i': 1, 'name': 'y', 'name_hex': '79', 'is_source': False, 'wire': 9105, 'errs': [0, 0, 0, 0]}, {'i': 2, 'name': 'x', 'name_hex': '78', 'is_source': False, 'wire': 3050, 'errs': [0, 0, 0, 0]}]
  FACT  A/A3: the TOP-LEVEL diagram (#536, traverse index 0) lists 0 nodes; the Nodes[] index of #10686 there is None
  FACT  A/A3 BEFORE panel_wiring: 116 rows
  FACT  A/A3 delete_object(Wire[715] = uid 10799): gone [10799] ; error ''
  FACT  ExecState [8 A/A3 after the delete] = 0
  FACT  A/A3 the source #10686 in the Traverse class lists: {'Function': 102, 'Node': 310, 'GObject': 3955}
  FACT  A/A3 CALL: g.wire_indicators(bed, node_index=102, src_terms=['x .and. y?'], indicator_names=['Automatic Error Handling'], diagram_index=46, node_class='Function')
  FACT  A/A3 wire_indicators returned None ; error EXCEPTION RuntimeError: wire_indicators: target BROKEN after wiring - a source terminal was probably unwired (WI then extends an unrelated wire; revert the target)
  OBSERVED uid 10686 -> owner 'Diagram' uid 639 | self 'Function'#10686 | 482 says 'Diagram' cast 'Diagram' |  
  FACT  A/A3 source AFTER #10686: owner 'Diagram'#639 diagram 46 Nodes[25] [node_labels position (verified by the node's own UID)] label 'And' ; TABLE [{'i': 0, 'name': 'x .and. y?', 'name_hex': '78202e616e642e20793f', 'is_source': True, 'wire': 23499, 'errs': [0, 0, 0, 0]}, {'i': 1, 'name': 'y', 'name_hex': '79', 'is_source': False, 'wire': 9105, 'errs': [0, 0, 0, 0]}, {'i': 2, 'name': 'x', 'name_hex': '78', 'is_source': False, 'wire': 3050, 'errs': [0, 0, 0, 0]}]
  OBSERVED uid 10407 -> owner 'Diagram' uid 639 | self 'CaseStructure'#10407 | 482 says 'Diagram' cast 'Diagram' |  
  FACT  A/A3 #10407 AFTER #10407: owner 'Diagram'#639 diagram 46 Nodes[24] [node_labels position (verified by the node's own UID)] label 'Case Structure' ; TABLE [{'i': 0, 'name': '', 'name_hex': '', 'is_source': False, 'wire': 0, 'errs': [0, 0, 0, 1055]}, {'i': 1, 'name': '# slices in stack', 'name_hex': '2320736c6963657320696e20737461636b', 'is_source': False, 'wire': 9635, 'errs': [0, 0, 0, 0]}, {'i': 2, 'name': 'Index of closest\ncal image slice, bead 2', 'name_hex': '496e646578206f6620636c6f736573740a63616c20696d61676520736c6963652c20626561642032', 'is_source': False, 'wire': 10990, 'errs': [0, 0, 0, 0]}, {'i': 3, 'name': 'Outgoing Handle', 'name_hex': '4f7574676f696e672048616e646c65', 'is_source': False, 'wire': 11232, 'errs': [0, 0, 0, 0]}, {'i': 4, 'name': 'VISA out', 'name_hex': '56495341206f7574', 'is_source': True, 'wire': 7337, 'errs': [0, 0, 0, 0]}, {'i': 5, 'name': 'Out position', 'name_hex': '4f757420706f736974696f6e', 'is_source': False, 'wire': 7388, 'errs': [0, 0, 0, 0]}, {'i': 6, 'name': 'position [internal units]', 'name_hex': '706f736974696f6e205b696e7465726e616c20756e6974735d', 'is_source': True, 'wire': 9113, 'errs': [0, 0, 0, 0]}]
  FACT  A/A3 AFTER panel_wiring: 116 rows
  FACT  ExecState [9 A/A3 END] = 0
  FACT  A/A3 RESULT: source #10686 t0 wire 10799 -> 23499 ; #10407 t0 wire 10799 -> 0 ; old indicator panel row 10799 -> 23499
  PASS  A_A3 the leg completed and was read back (NON-GATING: a refusal is an acceptable answer)  wire_indicators -> None ; error EXCEPTION RuntimeError: wire_indicators: target BROKEN after wiring - a source terminal was probably unwired (WI then extends an unrelated wire; revert the target)

========== B1  ROW on #10407 t0  (source #10686 t0 'x .and. y?')
  FACT  ExecState [10 B1 cold open of the bed] = 1
  PASS  B1_a the bed opens COLD at ExecState 1  1
  FACT  live diagram indices: #639 -> 46, #536 (top level) -> 0, #686 -> 19
  FACT  B1 BEFORE panel_wiring: 116 rows
  OBSERVED uid 637 -> owner 'Diagram' uid 686 | self 'WhileLoop'#637 | 482 says 'Diagram' cast 'Diagram' |  
  FACT  B1 BEFORE #637 #637: owner 'Diagram'#686 diagram 19 Nodes[4] [node_labels position (verified by the node's own UID)] label 'While Loop' ; TABLE [{'i': 0, 'name': 'error out', 'name_hex': '6572726f72206f7574', 'is_source': True, 'wire': 697, 'errs': [0, 0, 0, 0]}, {'i': 1, 'name': 'error out', 'name_hex': '6572726f72206f7574', 'is_source': False, 'wire': 925, 'errs': [0, 0, 0, 0]}, {'i': 2, 'name': 'x,y,z array out', 'name_hex': '782c792c7a206172726179206f7574', 'is_source': True, 'wire': 0, 'errs': [0, 0, 0, 1055]}, {'i': 3, 'name': 'x,y,z array out', 'name_hex': '782c792c7a206172726179206f7574', 'is_source': False, 'wire': 2731, 'errs': [0, 0, 0, 0]}, {'i': 4, 'name': 'Value', 'name_hex': '56616c7565', 'is_source': False, 'wire': 6910, 'errs': [0, 0, 0, 0]}, {'i': 5, 'name': 'Real-space cosine window', 'name_hex': '5265616c2d737061636520636f73696e652077696e646f77', 'is_source': False, 'wire': 5786, 'errs': [0, 0, 0, 0]}, {'i': 6, 'name': 'Cosine bandpass for Hilbert', 'name_hex': '436f73696e652062616e647061737320666f722048696c62657274', 'is_source': False, 'wire': 4029, 'errs': [0, 0, 0, 0]}, {'i': 7, 'name': 'Session Out', 'name_hex': '53657373696f6e204f7574', 'is_source': True, 'wire': 4436, 'errs': [0, 0, 0, 0]}, {'i': 8, 'name': 'position [internal units]', 'name_hex': '706f736974696f6e205b696e7465726e616c20756e6974735d', 'is_source': True, 'wire': 4859, 'errs': [0, 0, 0, 0]}, {'i': 9, 'name': 'position [internal units]', 'name_hex': '706f736974696f6e205b696e7465726e616c20756e6974735d', 'is_source': False, 'wire': 3968, 'errs': [0, 0, 0, 0]}, {'i': 10, 'name': 'VISA out', 'name_hex': '56495341206f7574', 'is_source': True, 'wire': 7506, 'errs': [0, 0, 0, 0]}, {'i': 11, 'name': 'VISA out', 'name_hex': '56495341206f7574', 'is_source': False, 'wire': 4185, 'errs': [0, 0, 0, 0]}, {'i': 12, 'name': 'total data array out', 'name_hex': '746f74616c2064617461206172726179206f7574', 'is_source': True, 'wire': 3957, 'errs': [0, 0, 0, 0]}, {'i': 13, 'name': 'total data array out', 'name_hex': '746f74616c2064617461206172726179206f7574', 'is_source': False, 'wire': 3543, 'errs': [0, 0, 0, 0]}, {'i': 14, 'name': '', 'name_hex': '', 'is_source': False, 'wire': 2362, 'errs': [0, 0, 0, 0]}, {'i': 15, 'name': 'error out', 'name_hex': '6572726f72206f7574', 'is_source': True, 'wire': 1899, 'errs': [0, 0, 0, 0]}, {'i': 16, 'name': 'error out', 'name_hex': '6572726f72206f7574', 'is_source': False, 'wire': 4969, 'errs': [0, 0, 0, 0]}, {'i': 17, 'name': '', 'name_hex': '', 'is_source': False, 'wire': 5104, 'errs': [0, 0, 0, 0]}, {'i': 18, 'name': 'file number to append out', 'name_hex': '66696c65206e756d62657220746f20617070656e64206f7574', 'is_source': True, 'wire': 5073, 'errs': [0, 0, 0, 0]}, {'i': 19, 'name': 'file progress', 'name_hex': '66696c652070726f6772657373', 'is_source': True, 'wire': 4337, 'errs': [0, 0, 0, 0]}, {'i': 20, 'name': 'LastBufferNumber', 'name_hex': '4c6173744275666665724e756d626572', 'is_source': True, 'wire': 0, 'errs': [0, 0, 0, 1055]}, {'i': 21, 'name': 'LastBufferNumber', 'name_hex': '4c6173744275666665724e756d626572', 'is_source': False, 'wire': 1827, 'errs': [0, 0, 0, 0]}, {'i': 22, 'name': '', 'name_hex': '', 'is_source': False, 'wire': 3668, 'errs': [0, 0, 0, 0]}, {'i': 23, 'name': '', 'name_hex': '', 'is_source': False, 'wire': 21, 'errs': [0, 0, 0, 0]}, {'i': 24, 'name': 'pos in cal image out', 'name_hex': '706f7320696e2063616c20696d616765206f7574', 'is_source': True, 'wire': 0, 'errs': [0, 0, 0, 1055]}, {'i': 25, 'name': 'pos in cal image out', 'name_hex': '706f7320696e2063616c20696d616765206f7574', 'is_source': False, 'wire': 8590, 'errs': [0, 0, 0, 0]}, {'i': 26, 'name': '', 'name_hex': '', 'is_source': False, 'wire': 5174, 'errs': [0, 0, 0, 0]}, {'i': 27, 'name': '', 'name_hex': '', 'is_source': False, 'wire': 5336, 'errs': [0, 0, 0, 0]}, {'i': 28, 'name': 'Bead is good? array out', 'name_hex': '4265616420697320676f6f643f206172726179206f7574', 'is_source': True, 'wire': 0, 'errs': [0, 0, 0, 1055]}, {'i': 29, 'name': 'Bead is good? array out', 'name_hex': '4265616420697320676f6f643f206172726179206f7574', 'is_source': False, 'wire': 5812, 'errs': [0, 0, 0, 0]}, {'i': 30, 'name': '', 'name_hex': '', 'is_source': False, 'wire': 5812, 'errs': [0, 0, 0, 0]}, {'i': 31, 'name': '', 'name_hex': '', 'is_source': False, 'wire': 2731, 'errs': [0, 0, 0, 0]}, {'i': 32, 'name': '', 'name_hex': '', 'is_source': False, 'wire': 2641, 'errs': [0, 0, 0, 0]}, {'i': 33, 'name': '', 'name_hex': '', 'is_source': False, 'wire': 5265, 'errs': [0, 0, 0, 0]}, {'i': 34, 'name': '', 'name_hex': '', 'is_source': False, 'wire': 3853, 'errs': [0, 0, 0, 0]}, {'i': 35, 'name': 'Value', 'name_hex': '56616c7565', 'is_source': False, 'wire': 1678, 'errs': [0, 0, 0, 0]}, {'i': 36, 'name': 'current image number', 'name_hex': '63757272656e7420696d616765206e756d626572', 'is_source': True, 'wire': 1420, 'errs': [0, 0, 0, 0]}, {'i': 37, 'name': '', 'name_hex': '', 'is_source': True, 'wire': 2187, 'errs': [0, 0, 0, 0]}, {'i': 38, 'name': 'LastBufferNumber', 'name_hex': '4c6173744275666665724e756d626572', 'is_source': False, 'wire': 1827, 'errs': [0, 0, 0, 0]}, {'i': 39, 'name': 'error out', 'name_hex': '6572726f72206f7574', 'is_source': False, 'wire': 6197, 'errs': [0, 0, 0, 0]}, {'i': 40, 'name': '', 'name_hex': '', 'is_source': True, 'wire': 0, 'errs': [0, 0, 0, 1055]}, {'i': 41, 'name': '', 'name_hex': '', 'is_source': False, 'wire': 9051, 'errs': [0, 0, 0, 0]}, {'i': 42, 'name': '# FD points', 'name_hex': '2320464420706f696e7473', 'is_source': False, 'wire': 9000, 'errs': [0, 0, 0, 0]}, {'i': 43, 'name': 'F-x out', 'name_hex': '462d78206f7574', 'is_source': True, 'wire': 0, 'errs': [0, 0, 0, 1055]}, {'i': 44, 'name': 'F-x out', 'name_hex': '462d78206f7574', 'is_source': False, 'wire': 0, 'errs': [0, 0, 0, 1055]}, {'i': 45, 'name': '# slices in stack', 'name_hex': '2320736c6963657320696e20737461636b', 'is_source': False, 'wire': 9649, 'errs': [0, 0, 0, 0]}, {'i': 46, 'name': 'Value', 'name_hex': '56616c7565', 'is_source': True, 'wire': 0, 'errs': [0, 0, 0, 1055]}, {'i': 47, 'name': 'Value', 'name_hex': '56616c7565', 'is_source': False, 'wire': 11253, 'errs': [0, 0, 0, 0]}, {'i': 48, 'name': 'System no.', 'name_hex': '53797374656d206e6f2e', 'is_source': True, 'wire': 0, 'errs': [0, 0, 0, 1055]}, {'i': 49, 'name': 'System no.', 'name_hex': '53797374656d206e6f2e', 'is_source': False, 'wire': 16421, 'errs': [0, 0, 0, 0]}, {'i': 50, 'name': '# DT points', 'name_hex': '2320445420706f696e7473', 'is_source': False, 'wire': 29006, 'errs': [0, 0, 0, 0]}, {'i': 51, 'name': '', 'name_hex': '', 'is_source': True, 'wire': 0, 'errs': [0, 0, 0, 1055]}, {'i': 52, 'name': '', 'name_hex': '', 'is_source': False, 'wire': 29122, 'errs': [0, 0, 0, 0]}, {'i': 53, 'name': 'Magnet position output', 'name_hex': '4d61676e657420706f736974696f6e206f7574707574', 'is_source': False, 'wire': 28392, 'errs': [0, 0, 0, 0]}, {'i': 54, 'name': '', 'name_hex': '', 'is_source': False, 'wire': 29081, 'errs': [0, 0, 0, 0]}, {'i': 55, 'name': '', 'name_hex': '', 'is_source': False, 'wire': 29106, 'errs': [0, 0, 0, 0]}, {'i': 56, 'name': 'Value', 'name_hex': '56616c7565', 'is_source': False, 'wire': 32583, 'errs': [0, 0, 0, 0]}, {'i': 57, 'name': 'Value', 'name_hex': '56616c7565', 'is_source': True, 'wire': 0, 'errs': [0, 0, 0, 1055]}, {'i': 58, 'name': 'Value', 'name_hex': '56616c7565', 'is_source': False, 'wire': 32344, 'errs': [0, 0, 0, 0]}]
  FACT  B1 BEFORE #637 (WhileLoop): 59 terminals, 48 WIRED  [node_labels position (verified by the node's own UID)]
  OBSERVED uid 10407 -> owner 'Diagram' uid 639 | self 'CaseStructure'#10407 | 482 says 'Diagram' cast 'Diagram' |  
  FACT  B1 BEFORE #10407 #10407: owner 'Diagram'#639 diagram 46 Nodes[24] [node_labels position (verified by the node's own UID)] label 'Case Structure' ; TABLE [{'i': 0, 'name': '', 'name_hex': '', 'is_source': False, 'wire': 10799, 'errs': [0, 0, 0, 0]}, {'i': 1, 'name': '# slices in stack', 'name_hex': '2320736c6963657320696e20737461636b', 'is_source': False, 'wire': 9635, 'errs': [0, 0, 0, 0]}, {'i': 2, 'name': 'Index of closest\ncal image slice, bead 2', 'name_hex': '496e646578206f6620636c6f736573740a63616c20696d61676520736c6963652c20626561642032', 'is_source': False, 'wire': 10990, 'errs': [0, 0, 0, 0]}, {'i': 3, 'name': 'Outgoing Handle', 'name_hex': '4f7574676f696e672048616e646c65', 'is_source': False, 'wire': 11232, 'errs': [0, 0, 0, 0]}, {'i': 4, 'name': 'VISA out', 'name_hex': '56495341206f7574', 'is_source': True, 'wire': 7337, 'errs': [0, 0, 0, 0]}, {'i': 5, 'name': 'Out position', 'name_hex': '4f757420706f736974696f6e', 'is_source': False, 'wire': 7388, 'errs': [0, 0, 0, 0]}, {'i': 6, 'name': 'position [internal units]', 'name_hex': '706f736974696f6e205b696e7465726e616c20756e6974735d', 'is_source': True, 'wire': 9113, 'errs': [0, 0, 0, 0]}]
  PASS  B1_a2 #10407 t0 carries the wire this row replaces  wire 10799 (the cycle-62 reading was 10799)
  OBSERVED uid 10686 -> owner 'Diagram' uid 639 | self 'Function'#10686 | 482 says 'Diagram' cast 'Diagram' |  
  FACT  B1 BEFORE source #10686: owner 'Diagram'#639 diagram 46 Nodes[25] [node_labels position (verified by the node's own UID)] label 'And' ; TABLE [{'i': 0, 'name': 'x .and. y?', 'name_hex': '78202e616e642e20793f', 'is_source': True, 'wire': 10799, 'errs': [0, 0, 0, 0]}, {'i': 1, 'name': 'y', 'name_hex': '79', 'is_source': False, 'wire': 9105, 'errs': [0, 0, 0, 0]}, {'i': 2, 'name': 'x', 'name_hex': '78', 'is_source': False, 'wire': 3050, 'errs': [0, 0, 0, 0]}]
  PASS  B1_a3 the source terminal's NAME reads off the machine as 'x .and. y?'  'x .and. y?' (hex '78202e616e642e20793f')
  FACT  B1 precondition: the TOP-LEVEL diagram (#536, traverse index 0) lists 0 nodes; the Nodes[] index of #10686 there is None
  FAIL  B1_c THE ROUTE'S PRECONDITION: a TOP-LEVEL Nodes[] index exists for source #10686  top-level index None ; the source sits on Diagram #639 at Nodes[25]
  FACT  B1 STOPPED: create_indicator cannot address the source: #10686 is Nodes[25] of Diagram #639 (traverse index 46) and is absent from the TOP-LEVEL diagram's Nodes[] (0 nodes listed). Per the brief, the stage STOPS: nothing saved, the copy removed, no second construction, no cast, no splice.
  FACT  B1 STOP REPORT - the complete terminal table of #10407: [{'i': 0, 'name': '', 'name_hex': '', 'is_source': False, 'wire': 10799, 'errs': [0, 0, 0, 0]}, {'i': 1, 'name': '# slices in stack', 'name_hex': '2320736c6963657320696e20737461636b', 'is_source': False, 'wire': 9635, 'errs': [0, 0, 0, 0]}, {'i': 2, 'name': 'Index of closest\ncal image slice, bead 2', 'name_hex': '496e646578206f6620636c6f736573740a63616c20696d61676520736c6963652c20626561642032', 'is_source': False, 'wire': 10990, 'errs': [0, 0, 0, 0]}, {'i': 3, 'name': 'Outgoing Handle', 'name_hex': '4f7574676f696e672048616e646c65', 'is_source': False, 'wire': 11232, 'errs': [0, 0, 0, 0]}, {'i': 4, 'name': 'VISA out', 'name_hex': '56495341206f7574', 'is_source': True, 'wire': 7337, 'errs': [0, 0, 0, 0]}, {'i': 5, 'name': 'Out position', 'name_hex': '4f757420706f736974696f6e', 'is_source': False, 'wire': 7388, 'errs': [0, 0, 0, 0]}, {'i': 6, 'name': 'position [internal units]', 'name_hex': '706f736974696f6e205b696e7465726e616c20756e6974735d', 'is_source': True, 'wire': 9113, 'errs': [0, 0, 0, 0]}]
  FACT  B1 STOP REPORT - the complete terminal table of source #10686: [{'i': 0, 'name': 'x .and. y?', 'name_hex': '78202e616e642e20793f', 'is_source': True, 'wire': 10799, 'errs': [0, 0, 0, 0]}, {'i': 1, 'name': 'y', 'name_hex': '79', 'is_source': False, 'wire': 9105, 'errs': [0, 0, 0, 0]}, {'i': 2, 'name': 'x', 'name_hex': '78', 'is_source': False, 'wire': 3050, 'errs': [0, 0, 0, 0]}]
  FACT  ExecState [11 B1 at the stop (nothing was edited)] = 1
  FAIL  B2_skip B2 was NOT reached (it starts from the saved B1 file)  B1 produced no file
  FAIL  C_1 *** THE ARTEFACT'S PASS CRITERION: COLD ExecState == 1 ***  NOT REACHED: no B2 artefact
  FAIL  E_B1 the ORDERED `Is Broken?` reads False on the new #10407 wire  NOT REACHED: no B2 artefact
  FAIL  E_B2 the ORDERED `Is Broken?` reads False on the new #10407 wire  NOT REACHED: no B2 artefact

--- Z: the closing facts
  FACT  refs {'opened': 23, 'closed': 23, 'live': 0, 'cached_op_vis': 11}
  FACT  LabVIEW handles AFTER everything: 33460
  FACT  Z1 ORIGINAL after everything: HASH G:\Codes\LabVIEW_Codes\MinLab\zz_LabView VI\AAA_UNIST\2. Tracking\Min_Track N beads V6_ParallelLoop.vi | exists=1 | size=473317 | md5=2a78e17c449cacdaf5da389818526859 | sha256=f827a67e91cc2a51284cdce0ada5d34ecf89cf865bca5f0bdfa870f0020df4bb
  FACT  Z1b D1_s1_copy.vi after everything: HASH C:\Program Files\National Instruments\LabVIEW 2026\user.lib\claudeDev\D1_s1_copy.vi | exists=1 | size=474202 | md5=3e3d23cefd3a334001aa9d6156bf1aee | sha256=1ab3360021cb04f03e8fe4a503d1972aefa26a34ed5b8fd9393ec6899330e0f7
  FACT  Z1c D1_s2_loops.vi after everything: HASH C:\Program Files\National Instruments\LabVIEW 2026\user.lib\claudeDev\D1_s2_loops.vi | exists=1 | size=475707 | md5=6ff19497f2309e007a214660bb64b911 | sha256=d52e754e29a85e9cc3ddeb039f6c5e325c9094c5e1f8c944059d4a5f7b33c3f5
  FACT  Z1d D1_s3a_focus_ind.vi after everything: HASH C:\Program Files\National Instruments\LabVIEW 2026\user.lib\claudeDev\D1_s3a_focus_ind.vi | exists=1 | size=476172 | md5=eef91c1d91f16b034707e4d1285ca8cb | sha256=8afd9f95e280139e64aa648906ba7f799e8d0ae39aabfae42c93ef4f102d23bb
  FACT  Z1e the donor OpCreateLocalRead_v0.vi after everything: HASH C:\Program Files\National Instruments\LabVIEW 2026\user.lib\claudeDev\OpCreateLocalRead_v0.vi | exists=1 | size=10192 | md5=f695d97a36ae127cd2dd3ca6b1fc1089 | sha256=2b2b3d97596a8a1c90fc8426012dfd213acdae5a34c427ab07ed3773c712cb4e
  PASS  Z_1 ORIGINAL / D1_s1_copy / D1_s2_loops / D1_s3a_focus_ind md5 ALL unchanged  2a78e17c449cacdaf5da389818526859 / 3e3d23cefd3a334001aa9d6156bf1aee / 6ff19497f2309e007a214660bb64b911 / eef91c1d91f16b034707e4d1285ca8cb
  PASS  Z_1b the donor OpCreateLocalRead_v0.vi is byte-unchanged  f695d97a36ae127cd2dd3ca6b1fc1089
  PASS  Z_2 every STAGE-A scratch was deleted in the same run  still present: []
  PASS  Z_1c refs opened == closed, 0 live  {'opened': 23, 'closed': 23, 'live': 0, 'cached_op_vis': 11}
  FACT  THE COMPLETE ExecState TIMELINE: [{'step': 1, 'tag': 'A/A1 cold open', 'target': 'SCRATCH_C62R_A1_20260921_101601.vi', 'value': 1}, {'step': 2, 'tag': 'A/A1 after the delete', 'target': 'SCRATCH_C62R_A1_20260921_101601.vi', 'value': 0}, {'step': 3, 'tag': 'A/A1 END', 'target': 'SCRATCH_C62R_A1_20260921_101601.vi', 'value': 0}, {'step': 4, 'tag': 'A/A2 cold open', 'target': 'SCRATCH_C62R_A2_20260921_101601.vi', 'value': 1}, {'step': 5, 'tag': 'A/A2 after the delete', 'target': 'SCRATCH_C62R_A2_20260921_101601.vi', 'value': 0}, {'step': 6, 'tag': 'A/A2 END', 'target': 'SCRATCH_C62R_A2_20260921_101601.vi', 'value': 0}, {'step': 7, 'tag': 'A/A3 cold open', 'target': 'SCRATCH_C62R_A3_20260921_101601.vi', 'value': 1}, {'step': 8, 'tag': 'A/A3 after the delete', 'target': 'SCRATCH_C62R_A3_20260921_101601.vi', 'value': 0}, {'step': 9, 'tag': 'A/A3 END', 'target': 'SCRATCH_C62R_A3_20260921_101601.vi', 'value': 0}, {'step': 10, 'tag': 'B1 cold open of the bed', 'target': 'D1_s3b_row1_20260921_101601.vi', 'value': 1}, {'step': 11, 'tag': 'B1 at the stop (nothing was edited)', 'target': 'D1_s3b_row1_20260921_101601.vi', 'value': 1}]
  FACT  THE ARTEFACTS ON DISK: []

=== GATES 15 pass / 5 fail; failing: B1_c THE ROUTE'S PRECONDITION: a TOP-LEVEL Nodes[] index exists for source #10686, B2_skip B2 was NOT reached (it starts from the saved B1 file), C_1 *** THE ARTEFACT'S PASS CRITERION: COLD ExecState == 1 ***, E_B1 the ORDERED `Is Broken?` reads False on the new #10407 wire, E_B2 the ORDERED `Is Broken?` reads False on the new #10407 wire
=== readings -> G:\Codes\LabVIEW_Codes\MinLab\zz_LabView VI\AAA_UNIST\2. Tracking\V6_ParallelLoop\tools\bench\diag_c62_s3b_rows.json
BGRUN END rc=1 after 131s
