BGRUN START 2026-09-21 15:12:21 limit 35.0 min: py -u tools/bench/diag_c65_s3b_row2.py
=== diag_c65_s3b_row2  2026-09-21 15:12:21
=== cycle 65 material #1 part B: THE DELIVERABLE BUILD - S3b ROW 2 ONLY, staged saves, a node census diff and a junk purge after EVERY op call. ROW 1 IS NOT REBUILT.
=== NO g.open_panel and NO g.ensure_loaded call appears in this file; the edits reach the load only inside the wrappers. VERIFICATION IS STRUCTURAL, NEVER FUNCTIONAL (34(f)).
  FACT  LabVIEW handles BEFORE: 35212
  FACT  tracked VI Server refs BEFORE: {'opened': 0, 'closed': 0, 'live': 0, 'cached_op_vis': 0}
  FACT  Z0 ORIGINAL (read-only probe): HASH G:\Codes\LabVIEW_Codes\MinLab\zz_LabView VI\AAA_UNIST\2. Tracking\Min_Track N beads V6_ParallelLoop.vi | exists=1 | size=473317 | md5=2a78e17c449cacdaf5da389818526859 | sha256=f827a67e91cc2a51284cdce0ada5d34ecf89cf865bca5f0bdfa870f0020df4bb
  PASS  Z_0 the ORIGINAL's md5 equals the pin  2a78e17c449cacdaf5da389818526859
  FACT  Z0b D1_s1_copy.vi: HASH C:\Program Files\National Instruments\LabVIEW 2026\user.lib\claudeDev\D1_s1_copy.vi | exists=1 | size=474202 | md5=3e3d23cefd3a334001aa9d6156bf1aee | sha256=1ab3360021cb04f03e8fe4a503d1972aefa26a34ed5b8fd9393ec6899330e0f7
  PASS  Z_0b D1_s1_copy.vi md5 == 3e3d23cefd3a334001aa9d6156bf1aee  3e3d23cefd3a334001aa9d6156bf1aee
  FACT  Z0c D1_s2_loops.vi: HASH C:\Program Files\National Instruments\LabVIEW 2026\user.lib\claudeDev\D1_s2_loops.vi | exists=1 | size=475707 | md5=6ff19497f2309e007a214660bb64b911 | sha256=d52e754e29a85e9cc3ddeb039f6c5e325c9094c5e1f8c944059d4a5f7b33c3f5
  PASS  Z_0c D1_s2_loops.vi md5 == 6ff19497f2309e007a214660bb64b911  6ff19497f2309e007a214660bb64b911
  FACT  Z0d D1_s3a_focus_ind.vi: HASH C:\Program Files\National Instruments\LabVIEW 2026\user.lib\claudeDev\D1_s3a_focus_ind.vi | exists=1 | size=476172 | md5=eef91c1d91f16b034707e4d1285ca8cb | sha256=8afd9f95e280139e64aa648906ba7f799e8d0ae39aabfae42c93ef4f102d23bb
  PASS  Z_0d D1_s3a_focus_ind.vi md5 == eef91c1d91f16b034707e4d1285ca8cb  eef91c1d91f16b034707e4d1285ca8cb
  FACT  Z0e D1_s3b_row1a (row 1's step-7 artefact): HASH C:\Program Files\National Instruments\LabVIEW 2026\user.lib\claudeDev\D1_s3b_row1a_20260921_135932.vi | exists=1 | size=476634 | md5=c7094f98324af3bb53755fef718f8e28 | sha256=49a9d0cdf049562847263f5266678408a1b8c8bcbe9da267b20a06bb1f8382ee
  PASS  Z_0e D1_s3b_row1a md5 == c7094f98324af3bb53755fef718f8e28  c7094f98324af3bb53755fef718f8e28
  FACT  Z0f THE BED D1_s3b_row1 (FATAL pin, never written): HASH C:\Program Files\National Instruments\LabVIEW 2026\user.lib\claudeDev\D1_s3b_row1_20260921_135932.vi | exists=1 | size=476734 | md5=72f0d47d0b1cbd0834d50f1483e558c1 | sha256=7b25b8e73d34fd943e5de4a3998edb56234055621f7481a9a9ecee482b6571c3
  PASS  Z_0f the BED's md5 == 72f0d47d0b1cbd0834d50f1483e558c1 and its size == 476734  md5 '72f0d47d0b1cbd0834d50f1483e558c1' size '476734'
  FACT  Z0g the donor OpCreateLocalRead_v0.vi: HASH C:\Program Files\National Instruments\LabVIEW 2026\user.lib\claudeDev\OpCreateLocalRead_v0.vi | exists=1 | size=10192 | md5=f695d97a36ae127cd2dd3ca6b1fc1089 | sha256=2b2b3d97596a8a1c90fc8426012dfd213acdae5a34c427ab07ed3773c712cb4e
  PASS  Z_0g OpCreateLocalRead_v0.vi md5 == f695d97a36ae127cd2dd3ca6b1fc1089  f695d97a36ae127cd2dd3ca6b1fc1089
  FACT  Z0h OpConnectNested_v1.vi: HASH C:\Program Files\National Instruments\LabVIEW 2026\user.lib\claudeDev\OpConnectNested_v1.vi | exists=1 | size=14666 | md5=b7a1bb56cefe2b4632125e6bda0d7221 | sha256=eb3ace5b6ea391471cadadc15f0177d62595443b379aef7161c12ae9d77ee996
  PASS  Z_0h OpConnectNested_v1.vi md5 starts with b7a1bb56  b7a1bb56cefe2b4632125e6bda0d7221
  PASS  Z_0i neither artefact path nor the working name exists before this run  D1_s3b_row2a_20260921_151221.vi / D1_s3b_row2_20260921_151221.vi / WORK_C65R2_20260921_151221.vi
  FACT  Z_R RESTART (pre-batch, 44(e)): lv_restart rc=0 ['dialogs: ,1346,762| / ENABLED|51579014|0,0,0,0|LabVIEW / VERDICT: clear (no modal dialog)']
  FACT  LabVIEW handles AFTER the pre-batch restart: 30648

========== ROW 2  sink #10407 t2  <-  source #10757 t1 'element'   (existing indicator 'index', control uid 23525)

---------- [1] the BED's cold reading and the baselines (C0 is measured, never remembered)
  FACT  ExecState [01 [1] the working copy of the BED, COLD (no open_panel call)] = 1   (+73.3 s, read cost 3.02 s)
  PASS  A0 the working copy of the BED opens COLD at ExecState 1  1
  FACT  [1] the BED baseline counts: {'Node': 631, 'Wire': 1906, 'ControlTerminal': 116, 'Local': 9}
  FACT  [1] *** C0 (the BED's Wire census, MEASURED) = 1906 ; Node 631 ; ControlTerminal 116 ; Local 9 ; the final cold Wire gate is therefore C0 - 1 + 2 = 1907 (55(f)) ***
  PASS  A0b the BED's censuses equal the recorded ones: Node 631 / Wire 1906 / ControlTerminal 116 / Local 9  {'Node': 631, 'Wire': 1906, 'ControlTerminal': 116, 'Local': 9}
  FACT  [1] baseline node census: 631 rows
  FACT  [1] diag_index(#639) RE-READ off the machine = 46
  PASS  A0c Diagram #639 resolves to a live Traverse index  46 (the brief recorded 46)
  FACT  [1] diag_index(#686) (the diagram that holds #637) = 19
  FACT  [1] BEFORE #637 #637 lives at: {'diagram_index': 19, 'diagram_uid': 686, 'diagram_class': 'Diagram', 'nodes_index': 4, 'nodes_on_diagram': 24, 'label': 'While Loop'}  (1 diagram(s) scanned of 173, 6.5 s)
  FACT  [1] BEFORE #637 terminal table of #637 (Diagram idx 19, Nodes[4], echo 637): 59 terminal(s)
  FACT      [1] BEFORE #637 t0  'error out'                        is_source=True  wire=697     errs=[0, 0, 0, 0]
  FACT      [1] BEFORE #637 t1  'error out'                        is_source=False wire=925     errs=[0, 0, 0, 0]
  FACT      [1] BEFORE #637 t2  'x,y,z array out'                  is_source=True  wire=0       errs=[0, 0, 0, 1055]
  FACT      [1] BEFORE #637 t3  'x,y,z array out'                  is_source=False wire=2731    errs=[0, 0, 0, 0]
  FACT      [1] BEFORE #637 t4  'Value'                            is_source=False wire=6910    errs=[0, 0, 0, 0]
  FACT      [1] BEFORE #637 t5  'Real-space cosine window'         is_source=False wire=5786    errs=[0, 0, 0, 0]
  FACT      [1] BEFORE #637 t6  'Cosine bandpass for Hilbert'      is_source=False wire=4029    errs=[0, 0, 0, 0]
  FACT      [1] BEFORE #637 t7  'Session Out'                      is_source=True  wire=4436    errs=[0, 0, 0, 0]
  FACT      [1] BEFORE #637 t8  'position [internal units]'        is_source=True  wire=4859    errs=[0, 0, 0, 0]
  FACT      [1] BEFORE #637 t9  'position [internal units]'        is_source=False wire=3968    errs=[0, 0, 0, 0]
  FACT      [1] BEFORE #637 t10 'VISA out'                         is_source=True  wire=7506    errs=[0, 0, 0, 0]
  FACT      [1] BEFORE #637 t11 'VISA out'                         is_source=False wire=4185    errs=[0, 0, 0, 0]
  FACT      [1] BEFORE #637 t12 'total data array out'             is_source=True  wire=3957    errs=[0, 0, 0, 0]
  FACT      [1] BEFORE #637 t13 'total data array out'             is_source=False wire=3543    errs=[0, 0, 0, 0]
  FACT      [1] BEFORE #637 t14 ''                                 is_source=False wire=2362    errs=[0, 0, 0, 0]
  FACT      [1] BEFORE #637 t15 'error out'                        is_source=True  wire=1899    errs=[0, 0, 0, 0]
  FACT      [1] BEFORE #637 t16 'error out'                        is_source=False wire=4969    errs=[0, 0, 0, 0]
  FACT      [1] BEFORE #637 t17 ''                                 is_source=False wire=5104    errs=[0, 0, 0, 0]
  FACT      [1] BEFORE #637 t18 'file number to append out'        is_source=True  wire=5073    errs=[0, 0, 0, 0]
  FACT      [1] BEFORE #637 t19 'file progress'                    is_source=True  wire=4337    errs=[0, 0, 0, 0]
  FACT      [1] BEFORE #637 t20 'LastBufferNumber'                 is_source=True  wire=0       errs=[0, 0, 0, 1055]
  FACT      [1] BEFORE #637 t21 'LastBufferNumber'                 is_source=False wire=1827    errs=[0, 0, 0, 0]
  FACT      [1] BEFORE #637 t22 ''                                 is_source=False wire=3668    errs=[0, 0, 0, 0]
  FACT      [1] BEFORE #637 t23 ''                                 is_source=False wire=21      errs=[0, 0, 0, 0]
  FACT      [1] BEFORE #637 t24 'pos in cal image out'             is_source=True  wire=0       errs=[0, 0, 0, 1055]
  FACT      [1] BEFORE #637 t25 'pos in cal image out'             is_source=False wire=8590    errs=[0, 0, 0, 0]
  FACT      [1] BEFORE #637 t26 ''                                 is_source=False wire=5174    errs=[0, 0, 0, 0]
  FACT      [1] BEFORE #637 t27 ''                                 is_source=False wire=5336    errs=[0, 0, 0, 0]
  FACT      [1] BEFORE #637 t28 'Bead is good? array out'          is_source=True  wire=0       errs=[0, 0, 0, 1055]
  FACT      [1] BEFORE #637 t29 'Bead is good? array out'          is_source=False wire=5812    errs=[0, 0, 0, 0]
  FACT      [1] BEFORE #637 t30 ''                                 is_source=False wire=5812    errs=[0, 0, 0, 0]
  FACT      [1] BEFORE #637 t31 ''                                 is_source=False wire=2731    errs=[0, 0, 0, 0]
  FACT      [1] BEFORE #637 t32 ''                                 is_source=False wire=2641    errs=[0, 0, 0, 0]
  FACT      [1] BEFORE #637 t33 ''                                 is_source=False wire=5265    errs=[0, 0, 0, 0]
  FACT      [1] BEFORE #637 t34 ''                                 is_source=False wire=3853    errs=[0, 0, 0, 0]
  FACT      [1] BEFORE #637 t35 'Value'                            is_source=False wire=1678    errs=[0, 0, 0, 0]
  FACT      [1] BEFORE #637 t36 'current image number'             is_source=True  wire=1420    errs=[0, 0, 0, 0]
  FACT      [1] BEFORE #637 t37 ''                                 is_source=True  wire=2187    errs=[0, 0, 0, 0]
  FACT      [1] BEFORE #637 t38 'LastBufferNumber'                 is_source=False wire=1827    errs=[0, 0, 0, 0]
  FACT      [1] BEFORE #637 t39 'error out'                        is_source=False wire=6197    errs=[0, 0, 0, 0]
  FACT      [1] BEFORE #637 t40 ''                                 is_source=True  wire=0       errs=[0, 0, 0, 1055]
  FACT      [1] BEFORE #637 t41 ''                                 is_source=False wire=9051    errs=[0, 0, 0, 0]
  FACT      [1] BEFORE #637 t42 '# FD points'                      is_source=False wire=9000    errs=[0, 0, 0, 0]
  FACT      [1] BEFORE #637 t43 'F-x out'                          is_source=True  wire=0       errs=[0, 0, 0, 1055]
  FACT      [1] BEFORE #637 t44 'F-x out'                          is_source=False wire=0       errs=[0, 0, 0, 1055]
  FACT      [1] BEFORE #637 t45 '# slices in stack'                is_source=False wire=9649    errs=[0, 0, 0, 0]
  FACT      [1] BEFORE #637 t46 'Value'                            is_source=True  wire=0       errs=[0, 0, 0, 1055]
  FACT      [1] BEFORE #637 t47 'Value'                            is_source=False wire=11253   errs=[0, 0, 0, 0]
  FACT      [1] BEFORE #637 t48 'System no.'                       is_source=True  wire=0       errs=[0, 0, 0, 1055]
  FACT      [1] BEFORE #637 t49 'System no.'                       is_source=False wire=16421   errs=[0, 0, 0, 0]
  FACT      [1] BEFORE #637 t50 '# DT points'                      is_source=False wire=29006   errs=[0, 0, 0, 0]
  FACT      [1] BEFORE #637 t51 ''                                 is_source=True  wire=0       errs=[0, 0, 0, 1055]
  FACT      [1] BEFORE #637 t52 ''                                 is_source=False wire=29122   errs=[0, 0, 0, 0]
  FACT      [1] BEFORE #637 t53 'Magnet position output'           is_source=False wire=28392   errs=[0, 0, 0, 0]
  FACT      [1] BEFORE #637 t54 ''                                 is_source=False wire=29081   errs=[0, 0, 0, 0]
  FACT      [1] BEFORE #637 t55 ''                                 is_source=False wire=29106   errs=[0, 0, 0, 0]
  FACT      [1] BEFORE #637 t56 'Value'                            is_source=False wire=32583   errs=[0, 0, 0, 0]
  FACT      [1] BEFORE #637 t57 'Value'                            is_source=True  wire=0       errs=[0, 0, 0, 1055]
  FACT      [1] BEFORE #637 t58 'Value'                            is_source=False wire=32344   errs=[0, 0, 0, 0]
  FACT  [1] BEFORE #637 (WhileLoop): 59 terminals, 48 WIRED
  PASS  A0d #637 baseline reads (59, 48)  (59, 48)
  FACT  [1] SINK #10407 #10407 lives at: {'diagram_index': 46, 'diagram_uid': 639, 'diagram_class': 'Diagram', 'nodes_index': 24, 'nodes_on_diagram': 74, 'label': 'Case Structure'}  (1 diagram(s) scanned of 173, 3.0 s)
  FACT  [1] SINK #10407 terminal table of #10407 (Diagram idx 46, Nodes[24], echo 10407): 7 terminal(s)
  FACT      [1] SINK #10407 t0  ''                                 is_source=False wire=23502   errs=[0, 0, 0, 0]
  FACT      [1] SINK #10407 t1  '# slices in stack'                is_source=False wire=9635    errs=[0, 0, 0, 0]
  FACT      [1] SINK #10407 t2  'Index of closest\ncal image slice, bead 2' is_source=False wire=10990   errs=[0, 0, 0, 0]
  FACT      [1] SINK #10407 t3  'Outgoing Handle'                  is_source=False wire=11232   errs=[0, 0, 0, 0]
  FACT      [1] SINK #10407 t4  'VISA out'                         is_source=True  wire=7337    errs=[0, 0, 0, 0]
  FACT      [1] SINK #10407 t5  'Out position'                     is_source=False wire=7388    errs=[0, 0, 0, 0]
  FACT      [1] SINK #10407 t6  'position [internal units]'        is_source=True  wire=9113    errs=[0, 0, 0, 0]
  FACT  [1] SOURCE #10757 #10757 lives at: {'diagram_index': 46, 'diagram_uid': 639, 'diagram_class': 'Diagram', 'nodes_index': 27, 'nodes_on_diagram': 74, 'label': 'Index Array'}  (1 diagram(s) scanned of 173, 3.0 s)
  FACT  [1] SOURCE #10757 terminal table of #10757 (Diagram idx 46, Nodes[27], echo 10757): 3 terminal(s)
  FACT      [1] SOURCE #10757 t0  'array'                            is_source=False wire=121     errs=[0, 0, 0, 0]
  FACT      [1] SOURCE #10757 t1  'element'                          is_source=True  wire=10990   errs=[0, 0, 0, 0]
  FACT      [1] SOURCE #10757 t2  'index'                            is_source=False wire=10947   errs=[0, 0, 0, 0]
  PASS  A1 #10407 and #10757 both resolve on Diagram #639, each echoing its own uid  sink Nodes[24] echo 10407 (row 1 recorded 24) ; source Nodes[27] echo 10757 ; sink lives at {'diagram_index': 46, 'diagram_uid': 639, 'diagram_class': 'Diagram', 'nodes_index': 24, 'nodes_on_diagram': 74, 'label': 'Case Structure'} ; source lives at {'diagram_index': 46, 'diagram_uid': 639, 'diagram_class': 'Diagram', 'nodes_index': 27, 'nodes_on_diagram': 74, 'label': 'Index Array'}
  PASS  A1b #10407 t2 carries wire 10990 (the wire this row replaces)  {'i': 2, 'name': 'Index of closest\ncal image slice, bead 2', 'name_hex': '496e646578206f6620636c6f736573740a63616c20696d61676520736c6963652c20626561642032', 'is_source': False, 'wire': 10990, 'has_wire': True, 'errs': [0, 0, 0, 0]}
  PASS  A1c the source terminal #10757 t1 NAME reads off the machine as 'element'  'element' (hex '656c656d656e74')
  PASS  A1c2 the source terminal #10757 t1 carries the SAME wire 10990 (so the delete bares BOTH ends)  {'i': 1, 'name': 'element', 'name_hex': '656c656d656e74', 'is_source': True, 'wire': 10990, 'has_wire': True, 'errs': [0, 0, 0, 0]}
  FACT  [1] BEFORE THE DELETE T3 panel_wiring: 116 rows
  FACT  [1] BEFORE THE DELETE T3 SEPARATOR - the net of wire 10990 (74 nodes scanned on #639 ONLY, 116 panel rows, 109.0 s of a 300 s wall-clock-derived budget): [{'where': 'Diagram #639 Nodes[24] = #10407', 'node_uid': 10407, 'terminal': 2, 'name': 'Index of closest\ncal image slice, bead 2', 'is_source': False}, {'where': 'Diagram #639 Nodes[27] = #10757', 'node_uid': 10757, 'terminal': 1, 'name': 'element', 'is_source': True}, {'where': 'panel control uid 23525', 'node_uid': 23525, 'terminal': None, 'name': 'index', 'is_source': False}]
  FACT  [1] BEFORE THE DELETE T3 PER-CALL elapsed (never an average - the SHAPE is the measurement): first 5 [1.219, 3.64, 1.35, 1.368, 1.248], last 5 [1.161, 1.34, 1.171, 1.14, 1.239] ; LabVIEW handles 34277 -> 34378
  FACT  [1] BEFORE THE DELETE T3 SOURCES on that net: 1 -> [{'where': 'Diagram #639 Nodes[27] = #10757', 'node_uid': 10757, 'terminal': 1, 'name': 'element', 'is_source': True}]
  FACT  [1] the net of wire 10990 BEFORE the delete: 1 source(s), 2 sink(s)
  FACT  [1] BEFORE panel_wiring: 116 rows
  FACT  the EXISTING indicator (control uid 23525): panel_wiring ROW INDEX 114 ; row {'label': 'index', 'indicator': True, 'uid': 23525, 'is_source': False, 'wire': 10990, 'term_err': 0, 'wire_err': 0} ; label READ OFF THE MACHINE 'index' (hex '696e646578') ; fp_labels row at that index (114, 'index', True) ; front-panel rows carrying that label: [(114, 'index', True)]
  PASS  A1d the EXISTING indicator is found BY ITS OWN CONTROL UID and its panel row index is read off the machine  index 114 label 'index' (recorded 'index')
  PASS  A1e fp_labels at that SAME index carries the same label, and it is an indicator  (114, 'index', True) vs panel_wiring label 'index'
  PASS  A1f that label equals the recorded 'index'  live 'index' (hex '696e646578') vs recorded 'index'

---------- [2] delete Wire 10990 by uid - ExecState 0 is EXPECTED (bare terminals)
  FACT  [2] delete Wire #10990 at index 712: gone [10990], error '', census 1906 -> 1905, still present False (6.40 s)
  PASS  B the delete removed EXACTLY wire uid 10990  gone [10990] ; error ''
  FACT  ExecState [02 [2] after the wire delete (0 is EXPECTED)] = 0   (+350.8 s, read cost 0.01 s)
  PASS  B2 ExecState after the delete is 0, as the sequence expects  0
  FACT  [2] wire delete AFTER node census: 631 rows
  FACT  [2] wire delete CENSUS DIFF: Node 631 -> 631 ; 0 new uid(s): []
  FACT  [2] after counts: {'Node': 631, 'Wire': 1905, 'ControlTerminal': 116, 'Local': 9}
  PASS  B3 the Wire census is C0 - 1 = 1905 after the delete  {'Node': 631, 'Wire': 1905, 'ControlTerminal': 116, 'Local': 9} (C0 = 1906)

---------- [3] OpCreateLocalRead_v0 (Write? = False = READ) bound to the EXISTING indicator
  FACT  OpCreateLocalRead_v0 front-panel labels READ OFF THE MACHINE: [(0, 'vi path', False), (1, 'Class Name', False), (2, 'Class Name 2', False), (3, 'Names', False), (4, 'Names 2', False), (5, 'index', False), (6, 'index 2', False), (7, 'error out', True), (8, 'Text', True), (9, 'Indicator', True), (10, 'Write?', False)] ; direction candidates ['Write?']
  PASS  C0 the donor's direction control was identified on the machine  'Write?'
  FACT  [3] OpCreateLocalRead_v0(Write?=False) on Panel.Controls[114]: error cluster (False, 0, '') ; op walked to 'index' (indicator=True) ; Local census 9 -> 10 ; new Local uid(s) [23523]
  PASS  C the Local census went 9 -> 10 (want 10)  added [23523]
  FACT  ExecState [03 [3] after the Local was created (still unwired)] = 0   (+365.4 s, read cost 0.00 s)
  FACT  [3] the new Local BEFORE move_in #23523 lives at: {'diagram_index': 0, 'diagram_uid': 536, 'diagram_class': 'TopLevelDiagram', 'nodes_index': 0, 'nodes_on_diagram': 1, 'label': 'WORK_C65R2_20260921_151221.vi'}  (1 diagram(s) scanned of 173, 0.4 s)
  FACT  [3] the new Local BEFORE move_in terminal table of #23523 (Diagram idx 0, Nodes[0], echo 23523): 1 terminal(s)
  FACT      [3] the new Local BEFORE move_in t0  'index'                            is_source=True  wire=0       errs=[0, 0, 0, 1055]
  FACT  LOCAL READBACK VERBATIM (before move_in): Local #23523 -> 1 terminal(s); NAME 'index' (hex '696e646578'), is_source True, wire 0 ; lives at {'diagram_index': 0, 'diagram_uid': 536, 'diagram_class': 'TopLevelDiagram', 'nodes_index': 0, 'nodes_on_diagram': 1, 'label': 'WORK_C65R2_20260921_151221.vi'}
  PASS  C2 RULE-1a GATE (50(i)): ONE terminal, NAME == the label read off the machine ('index'), is_source True (= READ)  name 'index' (hex '696e646578') vs label 'index' (hex '696e646578') ; is_source True
  FACT  [3] donor AFTER node census: 632 rows
  FACT  [3] donor CENSUS DIFF: Node 631 -> 632 ; 1 new uid(s): [(23523, 'Local', (3971, 2169))]
  FACT  [3] donor new node #23523 (Local) is INTENDED by this build - kept
  FACT  [3] after the donor and its purge counts: {'Node': 632, 'Wire': 1905, 'ControlTerminal': 116, 'Local': 10}
  FACT  [3] the whole-VI Node census with the new Local present = 632 (the BED read 631; the difference IS the answer to 'does a Local count as a Node', measured not assumed)

---------- [4] move_in the new Local onto Diagram #639
  FACT  [4] before move_in diag_index(#639) RE-READ off the machine = 46
  FACT  [4] move_in(Local #23523 -> Diagram #639 at LIVE Traverse index 46, position (320, 4000)) returned 3447 ; error VERBATIM ''
  PASS  D0 move_in returned without raising  returned 3447 ; error ''
  FACT  [4] move_in AFTER node census: 633 rows
  FACT  [4] move_in CENSUS DIFF: Node 632 -> 633 ; 1 new uid(s): [(9302, 'Invoke', (2639, 933))]
  FACT  [4] move_in new #9302 #9302 lives at: {'diagram_index': 46, 'diagram_uid': 639, 'diagram_class': 'Diagram', 'nodes_index': 74, 'nodes_on_diagram': 76, 'label': 'Invoke Node'}  (1 diagram(s) scanned of 173, 0.4 s)
  FACT  [4] move_in new #9302 terminal table of #9302 (Diagram idx 46, Nodes[74], echo 9302): 6 terminal(s)
  FACT      [4] move_in new #9302 t0  'reference'                        is_source=False wire=0       errs=[0, 0, 0, 1055]
  FACT      [4] move_in new #9302 t1  'reference out'                    is_source=True  wire=0       errs=[0, 0, 0, 1055]
  FACT      [4] move_in new #9302 t2  'error in (no error)'              is_source=False wire=0       errs=[0, 0, 0, 1055]
  FACT      [4] move_in new #9302 t3  'error out'                        is_source=True  wire=0       errs=[0, 0, 0, 1055]
  FACT      [4] move_in new #9302 t4  'Method'                           is_source=False wire=0       errs=[0, 0, 0, 1055]
  FACT      [4] move_in new #9302 t5  'Method'                           is_source=True  wire=0       errs=[0, 0, 0, 1055]
  FACT  [4] move_in THE JUNK NODE'S FULL TERMINAL TABLE IS PRINTED ABOVE; 6 terminal(s), 0 WIRED - the purge precondition (ZERO wired) HOLDS
  FACT  [4] move_in purge delete Node #9302 at index 164: gone [9302], error '', census 633 -> 632, still present False (1.46 s)
  FACT  [4] move_in PURGED junk Invoke #9302 (label 'Invoke Node', 6 terminals, 0 wired) on Diagram idx 46
  FACT  [4] move_in AFTER THE PURGE (the next step's baseline) node census: 632 rows
  FACT  [4] the Local AFTER move_in #23523 lives at: {'diagram_index': 46, 'diagram_uid': 639, 'diagram_class': 'Diagram', 'nodes_index': 74, 'nodes_on_diagram': 75, 'label': 'WORK_C65R2_20260921_151221.vi'}  (1 diagram(s) scanned of 173, 0.4 s)
  FACT  [4] the Local AFTER move_in terminal table of #23523 (Diagram idx 46, Nodes[74], echo 23523): 1 terminal(s)
  FACT      [4] the Local AFTER move_in t0  'index'                            is_source=True  wire=0       errs=[0, 0, 0, 1055]
  FACT  ExecState [04 [4] after move_in and its purge] = 0   (+373.4 s, read cost 0.00 s)
  FACT  [4] *** THE LOCAL'S Nodes[] INDEX ON Diagram #639 IS 74 (of 75 nodes) ***
  PASS  D *** move_in leaves the Local owned by Diagram #639 ***  lives at {'diagram_index': 46, 'diagram_uid': 639, 'diagram_class': 'Diagram', 'nodes_index': 74, 'nodes_on_diagram': 75, 'label': 'WORK_C65R2_20260921_151221.vi'} ; ExecState 0
  PASS  D2 RULE-1a GATE RE-READ AFTER move_in: ONE terminal, NAME == 'index', is_source True (= READ)  name 'index' (hex '696e646578') ; is_source True  [before the move: name 'index' is_source True]
  FACT  [4] after move_in counts: {'Node': 632, 'Wire': 1905, 'ControlTerminal': 116, 'Local': 10}
  PASS  D3 the Local census is STILL 10 after move_in (the move duplicated nothing)  {'Node': 632, 'Wire': 1905, 'ControlTerminal': 116, 'Local': 10}

---------- [5] connect_nested_v1: the Local's SOURCE into the freed #10407 t2 sink
  FACT  [5] before the connect diag_index(#639) RE-READ off the machine = 46
  FACT  [5] #10407 before the connect #10407 lives at: {'diagram_index': 46, 'diagram_uid': 639, 'diagram_class': 'Diagram', 'nodes_index': 24, 'nodes_on_diagram': 75, 'label': 'Case Structure'}  (1 diagram(s) scanned of 173, 0.4 s)
  FACT  [5] #10407 before the connect terminal table of #10407 (Diagram idx 46, Nodes[24], echo 10407): 7 terminal(s)
  FACT      [5] #10407 before the connect t0  ''                                 is_source=False wire=23502   errs=[0, 0, 0, 0]
  FACT      [5] #10407 before the connect t1  '# slices in stack'                is_source=False wire=9635    errs=[0, 0, 0, 0]
  FACT      [5] #10407 before the connect t2  'Index of closest\ncal image slice, bead 2' is_source=False wire=0       errs=[0, 0, 0, 1055]
  FACT      [5] #10407 before the connect t3  'Outgoing Handle'                  is_source=False wire=11232   errs=[0, 0, 0, 0]
  FACT      [5] #10407 before the connect t4  'VISA out'                         is_source=True  wire=7337    errs=[0, 0, 0, 0]
  FACT      [5] #10407 before the connect t5  'Out position'                     is_source=False wire=7388    errs=[0, 0, 0, 0]
  FACT      [5] #10407 before the connect t6  'position [internal units]'        is_source=True  wire=9113    errs=[0, 0, 0, 0]
  FACT  [5] the Local before the connect #23523 lives at: {'diagram_index': 46, 'diagram_uid': 639, 'diagram_class': 'Diagram', 'nodes_index': 74, 'nodes_on_diagram': 75, 'label': 'WORK_C65R2_20260921_151221.vi'}  (1 diagram(s) scanned of 173, 0.4 s)
  FACT  [5] CONNECT: connect_nested_v1(target, sink_diag=46, sink_node=24, sink_term=2, src_diag=46, src_node=74, src_term=0)   (SAME diagram on both sides: 46 == 46)
      [op stdout] op readback {'UID': 10407, 'Name': 'Index of closest\ncal image slice, bead 2', 'UID 2': 0, 'Is Broken?': False}
  FACT  [5] connect result: {'wire_delta': 1, 'exec_state_returned': 0, 'op_error': '', 'error_verbatim': ''}
  PASS  E wire_delta == 1 (a NEW wire was made)  wire_delta 1 ; Wire census 1905 -> 1906
  PASS  E0 the Wire census is back at C0 = 1906 after the connect (C0 - 1 + 1)  1905 -> 1906 (C0 = 1906)
  FACT  [5] #10407 AFTER the connect #10407 lives at: {'diagram_index': 46, 'diagram_uid': 639, 'diagram_class': 'Diagram', 'nodes_index': 24, 'nodes_on_diagram': 76, 'label': 'Case Structure'}  (1 diagram(s) scanned of 173, 0.3 s)
  FACT  [5] #10407 AFTER the connect terminal table of #10407 (Diagram idx 46, Nodes[24], echo 10407): 7 terminal(s)
  FACT      [5] #10407 AFTER the connect t0  ''                                 is_source=False wire=23502   errs=[0, 0, 0, 0]
  FACT      [5] #10407 AFTER the connect t1  '# slices in stack'                is_source=False wire=9635    errs=[0, 0, 0, 0]
  FACT      [5] #10407 AFTER the connect t2  'index'                            is_source=False wire=23540   errs=[0, 0, 0, 0]
  FACT      [5] #10407 AFTER the connect t3  'Outgoing Handle'                  is_source=False wire=11232   errs=[0, 0, 0, 0]
  FACT      [5] #10407 AFTER the connect t4  'VISA out'                         is_source=True  wire=7337    errs=[0, 0, 0, 0]
  FACT      [5] #10407 AFTER the connect t5  'Out position'                     is_source=False wire=7388    errs=[0, 0, 0, 0]
  FACT      [5] #10407 AFTER the connect t6  'position [internal units]'        is_source=True  wire=9113    errs=[0, 0, 0, 0]
  FACT  [5] the Local AFTER the connect #23523 lives at: {'diagram_index': 46, 'diagram_uid': 639, 'diagram_class': 'Diagram', 'nodes_index': 74, 'nodes_on_diagram': 76, 'label': 'WORK_C65R2_20260921_151221.vi'}  (1 diagram(s) scanned of 173, 0.5 s)
  FACT  [5] the Local AFTER the connect terminal table of #23523 (Diagram idx 46, Nodes[74], echo 23523): 1 terminal(s)
  FACT      [5] the Local AFTER the connect t0  'index'                            is_source=True  wire=23540   errs=[0, 0, 0, 0]
  FACT  [5] #10407 t2 wire uid 23540  |  the Local #23523 t0 'index' wire uid 23540  ->  SAME uid: True
  PASS  E2 *** ONE wire uid at BOTH ends (a same-diagram wire, no tunnel) ***  sink 23540 vs local 23540
  FACT  [5] AFTER THE CONNECT #637 #637 lives at: {'diagram_index': 19, 'diagram_uid': 686, 'diagram_class': 'Diagram', 'nodes_index': 4, 'nodes_on_diagram': 24, 'label': 'While Loop'}  (1 diagram(s) scanned of 173, 0.3 s)
  FACT  [5] AFTER THE CONNECT #637 terminal table of #637 (Diagram idx 19, Nodes[4], echo 637): 59 terminal(s)
  FACT      [5] AFTER THE CONNECT #637 t0  'error out'                        is_source=True  wire=697     errs=[0, 0, 0, 0]
  FACT      [5] AFTER THE CONNECT #637 t1  'error out'                        is_source=False wire=925     errs=[0, 0, 0, 0]
  FACT      [5] AFTER THE CONNECT #637 t2  'x,y,z array out'                  is_source=True  wire=0       errs=[0, 0, 0, 1055]
  FACT      [5] AFTER THE CONNECT #637 t3  'x,y,z array out'                  is_source=False wire=2731    errs=[0, 0, 0, 0]
  FACT      [5] AFTER THE CONNECT #637 t4  'Value'                            is_source=False wire=6910    errs=[0, 0, 0, 0]
  FACT      [5] AFTER THE CONNECT #637 t5  'Real-space cosine window'         is_source=False wire=5786    errs=[0, 0, 0, 0]
  FACT      [5] AFTER THE CONNECT #637 t6  'Cosine bandpass for Hilbert'      is_source=False wire=4029    errs=[0, 0, 0, 0]
  FACT      [5] AFTER THE CONNECT #637 t7  'Session Out'                      is_source=True  wire=4436    errs=[0, 0, 0, 0]
  FACT      [5] AFTER THE CONNECT #637 t8  'position [internal units]'        is_source=True  wire=4859    errs=[0, 0, 0, 0]
  FACT      [5] AFTER THE CONNECT #637 t9  'position [internal units]'        is_source=False wire=3968    errs=[0, 0, 0, 0]
  FACT      [5] AFTER THE CONNECT #637 t10 'VISA out'                         is_source=True  wire=7506    errs=[0, 0, 0, 0]
  FACT      [5] AFTER THE CONNECT #637 t11 'VISA out'                         is_source=False wire=4185    errs=[0, 0, 0, 0]
  FACT      [5] AFTER THE CONNECT #637 t12 'total data array out'             is_source=True  wire=3957    errs=[0, 0, 0, 0]
  FACT      [5] AFTER THE CONNECT #637 t13 'total data array out'             is_source=False wire=3543    errs=[0, 0, 0, 0]
  FACT      [5] AFTER THE CONNECT #637 t14 ''                                 is_source=False wire=2362    errs=[0, 0, 0, 0]
  FACT      [5] AFTER THE CONNECT #637 t15 'error out'                        is_source=True  wire=1899    errs=[0, 0, 0, 0]
  FACT      [5] AFTER THE CONNECT #637 t16 'error out'                        is_source=False wire=4969    errs=[0, 0, 0, 0]
  FACT      [5] AFTER THE CONNECT #637 t17 ''                                 is_source=False wire=5104    errs=[0, 0, 0, 0]
  FACT      [5] AFTER THE CONNECT #637 t18 'file number to append out'        is_source=True  wire=5073    errs=[0, 0, 0, 0]
  FACT      [5] AFTER THE CONNECT #637 t19 'file progress'                    is_source=True  wire=4337    errs=[0, 0, 0, 0]
  FACT      [5] AFTER THE CONNECT #637 t20 'LastBufferNumber'                 is_source=True  wire=0       errs=[0, 0, 0, 1055]
  FACT      [5] AFTER THE CONNECT #637 t21 'LastBufferNumber'                 is_source=False wire=1827    errs=[0, 0, 0, 0]
  FACT      [5] AFTER THE CONNECT #637 t22 ''                                 is_source=False wire=3668    errs=[0, 0, 0, 0]
  FACT      [5] AFTER THE CONNECT #637 t23 ''                                 is_source=False wire=21      errs=[0, 0, 0, 0]
  FACT      [5] AFTER THE CONNECT #637 t24 'pos in cal image out'             is_source=True  wire=0       errs=[0, 0, 0, 1055]
  FACT      [5] AFTER THE CONNECT #637 t25 'pos in cal image out'             is_source=False wire=8590    errs=[0, 0, 0, 0]
  FACT      [5] AFTER THE CONNECT #637 t26 ''                                 is_source=False wire=5174    errs=[0, 0, 0, 0]
  FACT      [5] AFTER THE CONNECT #637 t27 ''                                 is_source=False wire=5336    errs=[0, 0, 0, 0]
  FACT      [5] AFTER THE CONNECT #637 t28 'Bead is good? array out'          is_source=True  wire=0       errs=[0, 0, 0, 1055]
  FACT      [5] AFTER THE CONNECT #637 t29 'Bead is good? array out'          is_source=False wire=5812    errs=[0, 0, 0, 0]
  FACT      [5] AFTER THE CONNECT #637 t30 ''                                 is_source=False wire=5812    errs=[0, 0, 0, 0]
  FACT      [5] AFTER THE CONNECT #637 t31 ''                                 is_source=False wire=2731    errs=[0, 0, 0, 0]
  FACT      [5] AFTER THE CONNECT #637 t32 ''                                 is_source=False wire=2641    errs=[0, 0, 0, 0]
  FACT      [5] AFTER THE CONNECT #637 t33 ''                                 is_source=False wire=5265    errs=[0, 0, 0, 0]
  FACT      [5] AFTER THE CONNECT #637 t34 ''                                 is_source=False wire=3853    errs=[0, 0, 0, 0]
  FACT      [5] AFTER THE CONNECT #637 t35 'Value'                            is_source=False wire=1678    errs=[0, 0, 0, 0]
  FACT      [5] AFTER THE CONNECT #637 t36 'current image number'             is_source=True  wire=1420    errs=[0, 0, 0, 0]
  FACT      [5] AFTER THE CONNECT #637 t37 ''                                 is_source=True  wire=2187    errs=[0, 0, 0, 0]
  FACT      [5] AFTER THE CONNECT #637 t38 'LastBufferNumber'                 is_source=False wire=1827    errs=[0, 0, 0, 0]
  FACT      [5] AFTER THE CONNECT #637 t39 'error out'                        is_source=False wire=6197    errs=[0, 0, 0, 0]
  FACT      [5] AFTER THE CONNECT #637 t40 ''                                 is_source=True  wire=0       errs=[0, 0, 0, 1055]
  FACT      [5] AFTER THE CONNECT #637 t41 ''                                 is_source=False wire=9051    errs=[0, 0, 0, 0]
  FACT      [5] AFTER THE CONNECT #637 t42 '# FD points'                      is_source=False wire=9000    errs=[0, 0, 0, 0]
  FACT      [5] AFTER THE CONNECT #637 t43 'F-x out'                          is_source=True  wire=0       errs=[0, 0, 0, 1055]
  FACT      [5] AFTER THE CONNECT #637 t44 'F-x out'                          is_source=False wire=0       errs=[0, 0, 0, 1055]
  FACT      [5] AFTER THE CONNECT #637 t45 '# slices in stack'                is_source=False wire=9649    errs=[0, 0, 0, 0]
  FACT      [5] AFTER THE CONNECT #637 t46 'Value'                            is_source=True  wire=0       errs=[0, 0, 0, 1055]
  FACT      [5] AFTER THE CONNECT #637 t47 'Value'                            is_source=False wire=11253   errs=[0, 0, 0, 0]
  FACT      [5] AFTER THE CONNECT #637 t48 'System no.'                       is_source=True  wire=0       errs=[0, 0, 0, 1055]
  FACT      [5] AFTER THE CONNECT #637 t49 'System no.'                       is_source=False wire=16421   errs=[0, 0, 0, 0]
  FACT      [5] AFTER THE CONNECT #637 t50 '# DT points'                      is_source=False wire=29006   errs=[0, 0, 0, 0]
  FACT      [5] AFTER THE CONNECT #637 t51 ''                                 is_source=True  wire=0       errs=[0, 0, 0, 1055]
  FACT      [5] AFTER THE CONNECT #637 t52 ''                                 is_source=False wire=29122   errs=[0, 0, 0, 0]
  FACT      [5] AFTER THE CONNECT #637 t53 'Magnet position output'           is_source=False wire=28392   errs=[0, 0, 0, 0]
  FACT      [5] AFTER THE CONNECT #637 t54 ''                                 is_source=False wire=29081   errs=[0, 0, 0, 0]
  FACT      [5] AFTER THE CONNECT #637 t55 ''                                 is_source=False wire=29106   errs=[0, 0, 0, 0]
  FACT      [5] AFTER THE CONNECT #637 t56 'Value'                            is_source=False wire=32583   errs=[0, 0, 0, 0]
  FACT      [5] AFTER THE CONNECT #637 t57 'Value'                            is_source=True  wire=0       errs=[0, 0, 0, 1055]
  FACT      [5] AFTER THE CONNECT #637 t58 'Value'                            is_source=False wire=32344   errs=[0, 0, 0, 0]
  FACT  [5] AFTER THE CONNECT #637 (WhileLoop): 59 terminals, 48 WIRED
  PASS  E3 *** #637 is back at the (59, 48) baseline immediately after the connect (50(e): no tunnel, no border object) ***  (59, 48) -> (59, 48)
  FACT  [5] after the connect counts: {'Node': 633, 'Wire': 1906, 'ControlTerminal': 116, 'Local': 10}
  PASS  E4 ControlTerminal is still 116 and Local still 10 after the connect  {'Node': 633, 'Wire': 1906, 'ControlTerminal': 116, 'Local': 10}
  FACT  ExecState [05 [5] immediately after the connect, BEFORE the purge] = 0   (+378.4 s, read cost 0.01 s)

---------- [6a] the census diff and the purge of the op's junk node (55(c))
  FACT  [6] connect AFTER node census: 633 rows
  FACT  [6] connect CENSUS DIFF: Node 632 -> 633 ; 1 new uid(s): [(9302, 'Invoke', (2639, 933))]
  FACT  [6] connect new #9302 #9302 lives at: {'diagram_index': 46, 'diagram_uid': 639, 'diagram_class': 'Diagram', 'nodes_index': 75, 'nodes_on_diagram': 76, 'label': 'Invoke Node'}  (1 diagram(s) scanned of 173, 0.5 s)
  FACT  [6] connect new #9302 terminal table of #9302 (Diagram idx 46, Nodes[75], echo 9302): 6 terminal(s)
  FACT      [6] connect new #9302 t0  'reference'                        is_source=False wire=0       errs=[0, 0, 0, 1055]
  FACT      [6] connect new #9302 t1  'reference out'                    is_source=True  wire=0       errs=[0, 0, 0, 1055]
  FACT      [6] connect new #9302 t2  'error in (no error)'              is_source=False wire=0       errs=[0, 0, 0, 1055]
  FACT      [6] connect new #9302 t3  'error out'                        is_source=True  wire=0       errs=[0, 0, 0, 1055]
  FACT      [6] connect new #9302 t4  'Method'                           is_source=False wire=0       errs=[0, 0, 0, 1055]
  FACT      [6] connect new #9302 t5  'Method'                           is_source=True  wire=0       errs=[0, 0, 0, 1055]
  FACT  [6] connect THE JUNK NODE'S FULL TERMINAL TABLE IS PRINTED ABOVE; 6 terminal(s), 0 WIRED - the purge precondition (ZERO wired) HOLDS
  FACT  [6] connect purge delete Node #9302 at index 163: gone [9302], error '', census 633 -> 632, still present False (1.51 s)
  FACT  [6] connect PURGED junk Invoke #9302 (label 'Invoke Node', 6 terminals, 0 wired) on Diagram idx 46
  FACT  [6] connect AFTER THE PURGE (the next step's baseline) node census: 632 rows
  PASS  F the census diff isolated the junk node, ZERO of its terminals were wired, and it was deleted BY UID  deleted [(9302, 'Invoke', 6, 0)] ; reported-not-deleted []
  FACT  [6] after the purge counts: {'Node': 632, 'Wire': 1906, 'ControlTerminal': 116, 'Local': 10}
  PASS  F2 after the purge: Node 632 (the reading taken with the Local present), Wire 1906, ControlTerminal 116, Local 10  {'Node': 632, 'Wire': 1906, 'ControlTerminal': 116, 'Local': 10}
  FACT  ExecState [06 [6] after the purge - 1 is REQUIRED here] = 1   (+384.1 s, read cost 0.00 s)
  PASS  G *** ExecState == 1 after the purge (REQUIRED) ***  1

---------- [6b] SAVE the row's guaranteed artefact
  FACT  ExecState [07 STEP6 immediately before the save] = 1   (+384.1 s, read cost 0.00 s)
  FACT  STEP6 the artefact: D1_s3b_row2a_20260921_151221.vi md5 7a11818387fe44a764c2ff169b1dd6f7 size 476690 B; version bytes [{'offset': 36, 'bytes': '26 00 80 00'}]
  FACT  STEP6 FILE ON DISK: C:\Program Files\National Instruments\LabVIEW 2026\user.lib\claudeDev\D1_s3b_row2a_20260921_151221.vi  md5 '7a11818387fe44a764c2ff169b1dd6f7'  size 476690  mtime '2026-09-21 15:18:46'  (ExecState at the save 1 ; COM save error '' ; bytes equal to the BED False ; carries the in-memory edits True)
  PASS  STEP6 *** A FILE IS ON DISK at D1_s3b_row2a_20260921_151221.vi ***  md5 '7a11818387fe44a764c2ff169b1dd6f7' size 476690 mtime '2026-09-21 15:18:46'
  PASS  STEP6 that file is NOT byte-identical to the BED (the in-memory edits LANDED)  md5 '7a11818387fe44a764c2ff169b1dd6f7' vs the BED '72f0d47d0b1cbd0834d50f1483e558c1' ; save error ''

---------- [7] wire_indicators re-feeds the EXISTING indicator 'index'
  FACT  [7] before wire_indicators diag_index(#639) RE-READ off the machine = 46
  FACT  [7] the source #10757 in the Traverse 'Function' list: index None (of 183 rows)
  FAIL  H0 the source #10757 resolves to a live Traverse 'Function' index  None
  FACT  [7] CALL: g.wire_indicators(target, node_index=None, src_terms=['element'], indicator_names=['index'], diagram_index=46, node_class='Function')
  FACT  [7] NOT ATTEMPTED: function index None, d639 46
  FACT  [7] wire_indicators returned None ; raised 'NOT ATTEMPTED: function index None, d639 46'  -- a raise here is a READING, not a verdict: the wrapper tests exec_state ABSOLUTELY (gscript.py:1794-1797), a MEASURED defect NOT repaired here
  FACT  ExecState [08 [7] after wire_indicators, BEFORE its purge] = 1   (+385.9 s, read cost 0.00 s)
  FACT  [7] wire_indicators AFTER node census: 632 rows
  FACT  [7] wire_indicators CENSUS DIFF: Node 632 -> 632 ; 0 new uid(s): []
  FACT  [7] the wire_indicators purge: deleted [] ; reported-not-deleted []
  PASS  H1 the wire_indicators step left NO unexplained new node (any junk `Invoke` was purged by uid)  deleted [] ; reported-not-deleted []
  FACT  ExecState [09 [7] after wire_indicators and its purge] = 1   (+386.7 s, read cost 0.01 s)
  FACT  [7] the source AFTER wire_indicators #10757 lives at: {'diagram_index': 46, 'diagram_uid': 639, 'diagram_class': 'Diagram', 'nodes_index': 27, 'nodes_on_diagram': 75, 'label': 'Index Array'}  (1 diagram(s) scanned of 173, 0.3 s)
  FACT  [7] the source AFTER wire_indicators terminal table of #10757 (Diagram idx 46, Nodes[27], echo 10757): 3 terminal(s)
  FACT      [7] the source AFTER wire_indicators t0  'array'                            is_source=False wire=121     errs=[0, 0, 0, 0]
  FACT      [7] the source AFTER wire_indicators t1  'element'                          is_source=True  wire=0       errs=[0, 0, 0, 1055]
  FACT      [7] the source AFTER wire_indicators t2  'index'                            is_source=False wire=10947   errs=[0, 0, 0, 0]
  FAIL  H wire_indicators left a NON-ZERO wire on the source #10757 t1  wire 0 ; row {'i': 1, 'name': 'element', 'name_hex': '656c656d656e74', 'is_source': True, 'wire': 0, 'has_wire': False, 'errs': [0, 0, 0, 1055]}
  FACT  [7] T3 panel_wiring: 116 rows
  FACT  [7] T3 SEPARATOR - the net of wire 0 (0 nodes scanned on #639 ONLY, 116 panel rows, 2.1 s of a 300 s wall-clock-derived budget): [{'where': 'panel control uid 87', 'node_uid': 87, 'terminal': None, 'name': 'Focus Step (F1)', 'is_source': True}, {'where': 'panel control uid 159', 'node_uid': 159, 'terminal': None, 'name': '+ Inc (PgUp)', 'is_source': True}, {'where': 'panel control uid 174', 'node_uid': 174, 'terminal': None, 'name': '- Inc (PgDn)', 'is_source': True}, {'where': 'panel control uid 6', 'node_uid': 6, 'terminal': None, 'name': 'File # Saved', 'is_source': False}, {'where': 'panel control uid 41', 'node_uid': 41, 'terminal': None, 'name': 'continue tracking', 'is_source': True}, {'where': 'panel control uid 31543', 'node_uid': 31543, 'terminal': None, 'name': 'Image', 'is_source': False}, {'where': 'panel control uid 5700', 'node_uid': 5700, 'terminal': None, 'name': 'Send', 'is_source': True}, {'where': 'panel control uid 5789', 'node_uid': 5789, 'terminal': None, 'name': 'Rot step (turns)', 'is_source': True}, {'where': 'panel control uid 7715', 'node_uid': 7715, 'terminal': None, 'name': 'Stop Trans', 'is_source': True}, {'where': 'panel control uid 11595', 'node_uid': 11595, 'terminal': None, 'name': 'Rot \nSpeed', 'is_source': True}, {'where': 'panel control uid 23525', 'node_uid': 23525, 'terminal': None, 'name': 'index', 'is_source': False}]
  FACT  [7] T3 PER-CALL elapsed (never an average - the SHAPE is the measurement): first 5 [], last 5 [] ; LabVIEW handles 51637 -> 51637
  FACT  [7] T3 SOURCES on that net: 8 -> [{'where': 'panel control uid 87', 'node_uid': 87, 'terminal': None, 'name': 'Focus Step (F1)', 'is_source': True}, {'where': 'panel control uid 159', 'node_uid': 159, 'terminal': None, 'name': '+ Inc (PgUp)', 'is_source': True}, {'where': 'panel control uid 174', 'node_uid': 174, 'terminal': None, 'name': '- Inc (PgDn)', 'is_source': True}, {'where': 'panel control uid 41', 'node_uid': 41, 'terminal': None, 'name': 'continue tracking', 'is_source': True}, {'where': 'panel control uid 5700', 'node_uid': 5700, 'terminal': None, 'name': 'Send', 'is_source': True}, {'where': 'panel control uid 5789', 'node_uid': 5789, 'terminal': None, 'name': 'Rot step (turns)', 'is_source': True}, {'where': 'panel control uid 7715', 'node_uid': 7715, 'terminal': None, 'name': 'Stop Trans', 'is_source': True}, {'where': 'panel control uid 11595', 'node_uid': 11595, 'terminal': None, 'name': 'Rot \nSpeed', 'is_source': True}]
  FAIL  I *** THE T3 SEPARATOR: EXACTLY ONE source on wire 0, and control 23525 is among its sinks ***  sources 8 -> [{'where': 'panel control uid 87', 'node_uid': 87, 'terminal': None, 'name': 'Focus Step (F1)', 'is_source': True}, {'where': 'panel control uid 159', 'node_uid': 159, 'terminal': None, 'name': '+ Inc (PgUp)', 'is_source': True}, {'where': 'panel control uid 174', 'node_uid': 174, 'terminal': None, 'name': '- Inc (PgDn)', 'is_source': True}, {'where': 'panel control uid 41', 'node_uid': 41, 'terminal': None, 'name': 'continue tracking', 'is_source': True}, {'where': 'panel control uid 5700', 'node_uid': 5700, 'terminal': None, 'name': 'Send', 'is_source': True}, {'where': 'panel control uid 5789', 'node_uid': 5789, 'terminal': None, 'name': 'Rot step (turns)', 'is_source': True}, {'where': 'panel control uid 7715', 'node_uid': 7715, 'terminal': None, 'name': 'Stop Trans', 'is_source': True}, {'where': 'panel control uid 11595', 'node_uid': 11595, 'terminal': None, 'name': 'Rot \nSpeed', 'is_source': True}] ; sinks [6, 31543, 23525]
  FACT  [7] AFTER wire_indicators #637 #637 lives at: {'diagram_index': 19, 'diagram_uid': 686, 'diagram_class': 'Diagram', 'nodes_index': 4, 'nodes_on_diagram': 24, 'label': 'While Loop'}  (1 diagram(s) scanned of 173, 0.5 s)
  FACT  [7] AFTER wire_indicators #637 terminal table of #637 (Diagram idx 19, Nodes[4], echo 637): 59 terminal(s)
  FACT      [7] AFTER wire_indicators #637 t0  'error out'                        is_source=True  wire=697     errs=[0, 0, 0, 0]
  FACT      [7] AFTER wire_indicators #637 t1  'error out'                        is_source=False wire=925     errs=[0, 0, 0, 0]
  FACT      [7] AFTER wire_indicators #637 t2  'x,y,z array out'                  is_source=True  wire=0       errs=[0, 0, 0, 1055]
  FACT      [7] AFTER wire_indicators #637 t3  'x,y,z array out'                  is_source=False wire=2731    errs=[0, 0, 0, 0]
  FACT      [7] AFTER wire_indicators #637 t4  'Value'                            is_source=False wire=6910    errs=[0, 0, 0, 0]
  FACT      [7] AFTER wire_indicators #637 t5  'Real-space cosine window'         is_source=False wire=5786    errs=[0, 0, 0, 0]
  FACT      [7] AFTER wire_indicators #637 t6  'Cosine bandpass for Hilbert'      is_source=False wire=4029    errs=[0, 0, 0, 0]
  FACT      [7] AFTER wire_indicators #637 t7  'Session Out'                      is_source=True  wire=4436    errs=[0, 0, 0, 0]
  FACT      [7] AFTER wire_indicators #637 t8  'position [internal units]'        is_source=True  wire=4859    errs=[0, 0, 0, 0]
  FACT      [7] AFTER wire_indicators #637 t9  'position [internal units]'        is_source=False wire=3968    errs=[0, 0, 0, 0]
  FACT      [7] AFTER wire_indicators #637 t10 'VISA out'                         is_source=True  wire=7506    errs=[0, 0, 0, 0]
  FACT      [7] AFTER wire_indicators #637 t11 'VISA out'                         is_source=False wire=4185    errs=[0, 0, 0, 0]
  FACT      [7] AFTER wire_indicators #637 t12 'total data array out'             is_source=True  wire=3957    errs=[0, 0, 0, 0]
  FACT      [7] AFTER wire_indicators #637 t13 'total data array out'             is_source=False wire=3543    errs=[0, 0, 0, 0]
  FACT      [7] AFTER wire_indicators #637 t14 ''                                 is_source=False wire=2362    errs=[0, 0, 0, 0]
  FACT      [7] AFTER wire_indicators #637 t15 'error out'                        is_source=True  wire=1899    errs=[0, 0, 0, 0]
  FACT      [7] AFTER wire_indicators #637 t16 'error out'                        is_source=False wire=4969    errs=[0, 0, 0, 0]
  FACT      [7] AFTER wire_indicators #637 t17 ''                                 is_source=False wire=5104    errs=[0, 0, 0, 0]
  FACT      [7] AFTER wire_indicators #637 t18 'file number to append out'        is_source=True  wire=5073    errs=[0, 0, 0, 0]
  FACT      [7] AFTER wire_indicators #637 t19 'file progress'                    is_source=True  wire=4337    errs=[0, 0, 0, 0]
  FACT      [7] AFTER wire_indicators #637 t20 'LastBufferNumber'                 is_source=True  wire=0       errs=[0, 0, 0, 1055]
  FACT      [7] AFTER wire_indicators #637 t21 'LastBufferNumber'                 is_source=False wire=1827    errs=[0, 0, 0, 0]
  FACT      [7] AFTER wire_indicators #637 t22 ''                                 is_source=False wire=3668    errs=[0, 0, 0, 0]
  FACT      [7] AFTER wire_indicators #637 t23 ''                                 is_source=False wire=21      errs=[0, 0, 0, 0]
  FACT      [7] AFTER wire_indicators #637 t24 'pos in cal image out'             is_source=True  wire=0       errs=[0, 0, 0, 1055]
  FACT      [7] AFTER wire_indicators #637 t25 'pos in cal image out'             is_source=False wire=8590    errs=[0, 0, 0, 0]
  FACT      [7] AFTER wire_indicators #637 t26 ''                                 is_source=False wire=5174    errs=[0, 0, 0, 0]
  FACT      [7] AFTER wire_indicators #637 t27 ''                                 is_source=False wire=5336    errs=[0, 0, 0, 0]
  FACT      [7] AFTER wire_indicators #637 t28 'Bead is good? array out'          is_source=True  wire=0       errs=[0, 0, 0, 1055]
  FACT      [7] AFTER wire_indicators #637 t29 'Bead is good? array out'          is_source=False wire=5812    errs=[0, 0, 0, 0]
  FACT      [7] AFTER wire_indicators #637 t30 ''                                 is_source=False wire=5812    errs=[0, 0, 0, 0]
  FACT      [7] AFTER wire_indicators #637 t31 ''                                 is_source=False wire=2731    errs=[0, 0, 0, 0]
  FACT      [7] AFTER wire_indicators #637 t32 ''                                 is_source=False wire=2641    errs=[0, 0, 0, 0]
  FACT      [7] AFTER wire_indicators #637 t33 ''                                 is_source=False wire=5265    errs=[0, 0, 0, 0]
  FACT      [7] AFTER wire_indicators #637 t34 ''                                 is_source=False wire=3853    errs=[0, 0, 0, 0]
  FACT      [7] AFTER wire_indicators #637 t35 'Value'                            is_source=False wire=1678    errs=[0, 0, 0, 0]
  FACT      [7] AFTER wire_indicators #637 t36 'current image number'             is_source=True  wire=1420    errs=[0, 0, 0, 0]
  FACT      [7] AFTER wire_indicators #637 t37 ''                                 is_source=True  wire=2187    errs=[0, 0, 0, 0]
  FACT      [7] AFTER wire_indicators #637 t38 'LastBufferNumber'                 is_source=False wire=1827    errs=[0, 0, 0, 0]
  FACT      [7] AFTER wire_indicators #637 t39 'error out'                        is_source=False wire=6197    errs=[0, 0, 0, 0]
  FACT      [7] AFTER wire_indicators #637 t40 ''                                 is_source=True  wire=0       errs=[0, 0, 0, 1055]
  FACT      [7] AFTER wire_indicators #637 t41 ''                                 is_source=False wire=9051    errs=[0, 0, 0, 0]
  FACT      [7] AFTER wire_indicators #637 t42 '# FD points'                      is_source=False wire=9000    errs=[0, 0, 0, 0]
  FACT      [7] AFTER wire_indicators #637 t43 'F-x out'                          is_source=True  wire=0       errs=[0, 0, 0, 1055]
  FACT      [7] AFTER wire_indicators #637 t44 'F-x out'                          is_source=False wire=0       errs=[0, 0, 0, 1055]
  FACT      [7] AFTER wire_indicators #637 t45 '# slices in stack'                is_source=False wire=9649    errs=[0, 0, 0, 0]
  FACT      [7] AFTER wire_indicators #637 t46 'Value'                            is_source=True  wire=0       errs=[0, 0, 0, 1055]
  FACT      [7] AFTER wire_indicators #637 t47 'Value'                            is_source=False wire=11253   errs=[0, 0, 0, 0]
  FACT      [7] AFTER wire_indicators #637 t48 'System no.'                       is_source=True  wire=0       errs=[0, 0, 0, 1055]
  FACT      [7] AFTER wire_indicators #637 t49 'System no.'                       is_source=False wire=16421   errs=[0, 0, 0, 0]
  FACT      [7] AFTER wire_indicators #637 t50 '# DT points'                      is_source=False wire=29006   errs=[0, 0, 0, 0]
  FACT      [7] AFTER wire_indicators #637 t51 ''                                 is_source=True  wire=0       errs=[0, 0, 0, 1055]
  FACT      [7] AFTER wire_indicators #637 t52 ''                                 is_source=False wire=29122   errs=[0, 0, 0, 0]
  FACT      [7] AFTER wire_indicators #637 t53 'Magnet position output'           is_source=False wire=28392   errs=[0, 0, 0, 0]
  FACT      [7] AFTER wire_indicators #637 t54 ''                                 is_source=False wire=29081   errs=[0, 0, 0, 0]
  FACT      [7] AFTER wire_indicators #637 t55 ''                                 is_source=False wire=29106   errs=[0, 0, 0, 0]
  FACT      [7] AFTER wire_indicators #637 t56 'Value'                            is_source=False wire=32583   errs=[0, 0, 0, 0]
  FACT      [7] AFTER wire_indicators #637 t57 'Value'                            is_source=True  wire=0       errs=[0, 0, 0, 1055]
  FACT      [7] AFTER wire_indicators #637 t58 'Value'                            is_source=False wire=32344   errs=[0, 0, 0, 0]
  FACT  [7] AFTER wire_indicators #637 (WhileLoop): 59 terminals, 48 WIRED
  PASS  I2 #637 is still at the (59, 48) baseline after wire_indicators  (59, 48)
  FACT  [7] after wire_indicators counts: {'Node': 632, 'Wire': 1906, 'ControlTerminal': 116, 'Local': 10}
  FAIL  I2b the Wire census is C0 - 1 + 2 = 1907 after wire_indicators (55(f))  {'Node': 632, 'Wire': 1906, 'ControlTerminal': 116, 'Local': 10} (C0 = 1906)
  FACT  [7] AFTER panel_wiring: 116 rows
  PASS  I3 ControlTerminal is still 116 and the panel row count is unchanged  {'Node': 632, 'Wire': 1906, 'ControlTerminal': 116, 'Local': 10} ; panel rows 116 -> 116
  FACT  ExecState [10 [8] before the final save - 1 is REQUIRED here] = 1   (+390.3 s, read cost 0.00 s)
  PASS  J *** ExecState == 1 after wire_indicators (REQUIRED) ***  1

---------- [8] SAVE the final row-2 artefact
  FACT  ExecState [11 STEP8 immediately before the save] = 1   (+390.3 s, read cost 0.00 s)
  FACT  STEP8 the artefact: D1_s3b_row2_20260921_151221.vi md5 7a11818387fe44a764c2ff169b1dd6f7 size 476690 B; version bytes [{'offset': 36, 'bytes': '26 00 80 00'}]
  FACT  STEP8 FILE ON DISK: C:\Program Files\National Instruments\LabVIEW 2026\user.lib\claudeDev\D1_s3b_row2_20260921_151221.vi  md5 '7a11818387fe44a764c2ff169b1dd6f7'  size 476690  mtime '2026-09-21 15:18:51'  (ExecState at the save 1 ; COM save error '' ; bytes equal to the step-6 file True ; carries the in-memory edits False)
  PASS  STEP8 *** A FILE IS ON DISK at D1_s3b_row2_20260921_151221.vi ***  md5 '7a11818387fe44a764c2ff169b1dd6f7' size 476690 mtime '2026-09-21 15:18:51'
  FAIL  STEP8 that file is NOT byte-identical to the step-6 file (the in-memory edits LANDED)  md5 '7a11818387fe44a764c2ff169b1dd6f7' vs the step-6 file '7a11818387fe44a764c2ff169b1dd6f7' ; save error ''
  FAIL  J2 the two artefacts differ from each other (the wire_indicators step changed the file)  step6 '7a11818387fe44a764c2ff169b1dd6f7' vs step8 '7a11818387fe44a764c2ff169b1dd6f7'
  PASS  Z_2 the working copy is removed in the same run  WORK_C65R2_20260921_151221.vi
  FACT  THE FILES THIS RUN LEFT ON DISK: [('D1_s3b_row2a_20260921_151221.vi', '7a11818387fe44a764c2ff169b1dd6f7', 476690), ('D1_s3b_row2_20260921_151221.vi', '7a11818387fe44a764c2ff169b1dd6f7', 476690)]

========== [9] RESTART, then COLD-open the final artefact
  FACT  [9] RESTART before the cold reopen: lv_restart rc=0 ['dialogs: ,1346,762| / ENABLED|55511424|0,0,0,0|LabVIEW / VERDICT: clear (no modal dialog)']
  FACT  ExecState [12 [9] COLD, freshly restarted LabVIEW, D1_s3b_row2_20260921_151221.vi] = 1   (+457.1 s, read cost 1.67 s)
  PASS  K *** THE COLD READING of D1_s3b_row2_20260921_151221.vi: ExecState 1 is the artefact's pass criterion ***  ExecState 1
  FACT  [9] the final artefact, re-read: HASH C:\Program Files\National Instruments\LabVIEW 2026\user.lib\claudeDev\D1_s3b_row2_20260921_151221.vi | exists=1 | size=476690 | md5=7a11818387fe44a764c2ff169b1dd6f7 | sha256=ede3668c1ffd6ff11212d1acda21c4f71d46fb07cc1a8bd8a176f5f8a0f309a2
  FACT  [9] COLD counts: {'Node': 632, 'Wire': 1906, 'ControlTerminal': 116, 'Local': 10}
  FAIL  K2 *** THE COLD Wire census is C0 - 1 + 2 = 1907 (55(f)) ***  Wire 1906 ; C0 1906 ; full counts {'Node': 632, 'Wire': 1906, 'ControlTerminal': 116, 'Local': 10}
  PASS  K2b the other COLD censuses: Node 632 (the in-memory reading with the Local present), ControlTerminal 116, Local 10  {'Node': 632, 'Wire': 1906, 'ControlTerminal': 116, 'Local': 10}
  FACT  [9] COLD #637 #637 lives at: {'diagram_index': 19, 'diagram_uid': 686, 'diagram_class': 'Diagram', 'nodes_index': 4, 'nodes_on_diagram': 24, 'label': 'While Loop'}  (1 diagram(s) scanned of 173, 1.7 s)
  FACT  [9] COLD #637 terminal table of #637 (Diagram idx 19, Nodes[4], echo 637): 59 terminal(s)
  FACT      [9] COLD #637 t0  'error out'                        is_source=True  wire=697     errs=[0, 0, 0, 0]
  FACT      [9] COLD #637 t1  'error out'                        is_source=False wire=925     errs=[0, 0, 0, 0]
  FACT      [9] COLD #637 t2  'x,y,z array out'                  is_source=True  wire=0       errs=[0, 0, 0, 1055]
  FACT      [9] COLD #637 t3  'x,y,z array out'                  is_source=False wire=2731    errs=[0, 0, 0, 0]
  FACT      [9] COLD #637 t4  'Value'                            is_source=False wire=6910    errs=[0, 0, 0, 0]
  FACT      [9] COLD #637 t5  'Real-space cosine window'         is_source=False wire=5786    errs=[0, 0, 0, 0]
  FACT      [9] COLD #637 t6  'Cosine bandpass for Hilbert'      is_source=False wire=4029    errs=[0, 0, 0, 0]
  FACT      [9] COLD #637 t7  'Session Out'                      is_source=True  wire=4436    errs=[0, 0, 0, 0]
  FACT      [9] COLD #637 t8  'position [internal units]'        is_source=True  wire=4859    errs=[0, 0, 0, 0]
  FACT      [9] COLD #637 t9  'position [internal units]'        is_source=False wire=3968    errs=[0, 0, 0, 0]
  FACT      [9] COLD #637 t10 'VISA out'                         is_source=True  wire=7506    errs=[0, 0, 0, 0]
  FACT      [9] COLD #637 t11 'VISA out'                         is_source=False wire=4185    errs=[0, 0, 0, 0]
  FACT      [9] COLD #637 t12 'total data array out'             is_source=True  wire=3957    errs=[0, 0, 0, 0]
  FACT      [9] COLD #637 t13 'total data array out'             is_source=False wire=3543    errs=[0, 0, 0, 0]
  FACT      [9] COLD #637 t14 ''                                 is_source=False wire=2362    errs=[0, 0, 0, 0]
  FACT      [9] COLD #637 t15 'error out'                        is_source=True  wire=1899    errs=[0, 0, 0, 0]
  FACT      [9] COLD #637 t16 'error out'                        is_source=False wire=4969    errs=[0, 0, 0, 0]
  FACT      [9] COLD #637 t17 ''                                 is_source=False wire=5104    errs=[0, 0, 0, 0]
  FACT      [9] COLD #637 t18 'file number to append out'        is_source=True  wire=5073    errs=[0, 0, 0, 0]
  FACT      [9] COLD #637 t19 'file progress'                    is_source=True  wire=4337    errs=[0, 0, 0, 0]
  FACT      [9] COLD #637 t20 'LastBufferNumber'                 is_source=True  wire=0       errs=[0, 0, 0, 1055]
  FACT      [9] COLD #637 t21 'LastBufferNumber'                 is_source=False wire=1827    errs=[0, 0, 0, 0]
  FACT      [9] COLD #637 t22 ''                                 is_source=False wire=3668    errs=[0, 0, 0, 0]
  FACT      [9] COLD #637 t23 ''                                 is_source=False wire=21      errs=[0, 0, 0, 0]
  FACT      [9] COLD #637 t24 'pos in cal image out'             is_source=True  wire=0       errs=[0, 0, 0, 1055]
  FACT      [9] COLD #637 t25 'pos in cal image out'             is_source=False wire=8590    errs=[0, 0, 0, 0]
  FACT      [9] COLD #637 t26 ''                                 is_source=False wire=5174    errs=[0, 0, 0, 0]
  FACT      [9] COLD #637 t27 ''                                 is_source=False wire=5336    errs=[0, 0, 0, 0]
  FACT      [9] COLD #637 t28 'Bead is good? array out'          is_source=True  wire=0       errs=[0, 0, 0, 1055]
  FACT      [9] COLD #637 t29 'Bead is good? array out'          is_source=False wire=5812    errs=[0, 0, 0, 0]
  FACT      [9] COLD #637 t30 ''                                 is_source=False wire=5812    errs=[0, 0, 0, 0]
  FACT      [9] COLD #637 t31 ''                                 is_source=False wire=2731    errs=[0, 0, 0, 0]
  FACT      [9] COLD #637 t32 ''                                 is_source=False wire=2641    errs=[0, 0, 0, 0]
  FACT      [9] COLD #637 t33 ''                                 is_source=False wire=5265    errs=[0, 0, 0, 0]
  FACT      [9] COLD #637 t34 ''                                 is_source=False wire=3853    errs=[0, 0, 0, 0]
  FACT      [9] COLD #637 t35 'Value'                            is_source=False wire=1678    errs=[0, 0, 0, 0]
  FACT      [9] COLD #637 t36 'current image number'             is_source=True  wire=1420    errs=[0, 0, 0, 0]
  FACT      [9] COLD #637 t37 ''                                 is_source=True  wire=2187    errs=[0, 0, 0, 0]
  FACT      [9] COLD #637 t38 'LastBufferNumber'                 is_source=False wire=1827    errs=[0, 0, 0, 0]
  FACT      [9] COLD #637 t39 'error out'                        is_source=False wire=6197    errs=[0, 0, 0, 0]
  FACT      [9] COLD #637 t40 ''                                 is_source=True  wire=0       errs=[0, 0, 0, 1055]
  FACT      [9] COLD #637 t41 ''                                 is_source=False wire=9051    errs=[0, 0, 0, 0]
  FACT      [9] COLD #637 t42 '# FD points'                      is_source=False wire=9000    errs=[0, 0, 0, 0]
  FACT      [9] COLD #637 t43 'F-x out'                          is_source=True  wire=0       errs=[0, 0, 0, 1055]
  FACT      [9] COLD #637 t44 'F-x out'                          is_source=False wire=0       errs=[0, 0, 0, 1055]
  FACT      [9] COLD #637 t45 '# slices in stack'                is_source=False wire=9649    errs=[0, 0, 0, 0]
  FACT      [9] COLD #637 t46 'Value'                            is_source=True  wire=0       errs=[0, 0, 0, 1055]
  FACT      [9] COLD #637 t47 'Value'                            is_source=False wire=11253   errs=[0, 0, 0, 0]
  FACT      [9] COLD #637 t48 'System no.'                       is_source=True  wire=0       errs=[0, 0, 0, 1055]
  FACT      [9] COLD #637 t49 'System no.'                       is_source=False wire=16421   errs=[0, 0, 0, 0]
  FACT      [9] COLD #637 t50 '# DT points'                      is_source=False wire=29006   errs=[0, 0, 0, 0]
  FACT      [9] COLD #637 t51 ''                                 is_source=True  wire=0       errs=[0, 0, 0, 1055]
  FACT      [9] COLD #637 t52 ''                                 is_source=False wire=29122   errs=[0, 0, 0, 0]
  FACT      [9] COLD #637 t53 'Magnet position output'           is_source=False wire=28392   errs=[0, 0, 0, 0]
  FACT      [9] COLD #637 t54 ''                                 is_source=False wire=29081   errs=[0, 0, 0, 0]
  FACT      [9] COLD #637 t55 ''                                 is_source=False wire=29106   errs=[0, 0, 0, 0]
  FACT      [9] COLD #637 t56 'Value'                            is_source=False wire=32583   errs=[0, 0, 0, 0]
  FACT      [9] COLD #637 t57 'Value'                            is_source=True  wire=0       errs=[0, 0, 0, 1055]
  FACT      [9] COLD #637 t58 'Value'                            is_source=False wire=32344   errs=[0, 0, 0, 0]
  FACT  [9] COLD #637 (WhileLoop): 59 terminals, 48 WIRED
  PASS  K2c #637 is at the (59, 48) baseline on the COLD artefact (50(e))  (59, 48)
  FACT  [9] COLD #10407 #10407 lives at: {'diagram_index': 46, 'diagram_uid': 639, 'diagram_class': 'Diagram', 'nodes_index': 24, 'nodes_on_diagram': 75, 'label': 'Case Structure'}  (1 diagram(s) scanned of 173, 2.6 s)
  FACT  [9] COLD #10407 terminal table of #10407 (Diagram idx 46, Nodes[24], echo 10407): 7 terminal(s)
  FACT      [9] COLD #10407 t0  ''                                 is_source=False wire=23502   errs=[0, 0, 0, 0]
  FACT      [9] COLD #10407 t1  '# slices in stack'                is_source=False wire=9635    errs=[0, 0, 0, 0]
  FACT      [9] COLD #10407 t2  'index'                            is_source=False wire=23540   errs=[0, 0, 0, 0]
  FACT      [9] COLD #10407 t3  'Outgoing Handle'                  is_source=False wire=11232   errs=[0, 0, 0, 0]
  FACT      [9] COLD #10407 t4  'VISA out'                         is_source=True  wire=7337    errs=[0, 0, 0, 0]
  FACT      [9] COLD #10407 t5  'Out position'                     is_source=False wire=7388    errs=[0, 0, 0, 0]
  FACT      [9] COLD #10407 t6  'position [internal units]'        is_source=True  wire=9113    errs=[0, 0, 0, 0]
  FACT  [9] COLD the Local #23523 lives at: {'diagram_index': 46, 'diagram_uid': 639, 'diagram_class': 'Diagram', 'nodes_index': 74, 'nodes_on_diagram': 75, 'label': 'WORK_C65R2_20260921_151221.vi'}  (1 diagram(s) scanned of 173, 2.6 s)
  FACT  [9] COLD the Local terminal table of #23523 (Diagram idx 46, Nodes[74], echo 23523): 1 terminal(s)
  FACT      [9] COLD the Local t0  'index'                            is_source=True  wire=23540   errs=[0, 0, 0, 0]
  FACT  [9] COLD FAR END on #10407 t2: owner uid 23523, terminal name 'index', wire 23540
  PASS  K3 COLD: #10407 t2 carries a wire and the SAME uid appears on the Local (the far end)  sink t2 {'i': 2, 'name': 'index', 'name_hex': '696e646578', 'is_source': False, 'wire': 23540, 'has_wire': True, 'errs': [0, 0, 0, 0]} ; far end (Local #23523, {'diagram_index': 46, 'diagram_uid': 639, 'diagram_class': 'Diagram', 'nodes_index': 74, 'nodes_on_diagram': 75, 'label': 'WORK_C65R2_20260921_151221.vi'}) {'i': 0, 'name': 'index', 'name_hex': '696e646578', 'is_source': True, 'wire': 23540, 'has_wire': True, 'errs': [0, 0, 0, 0]}

========== [10] the ORDERED `Wire.Broken?` pass (42(b), 52(f)) - LAST, nothing is saved after this point
  FACT  [10] #10407 #10407 lives at: {'diagram_index': 46, 'diagram_uid': 639, 'diagram_class': 'Diagram', 'nodes_index': 24, 'nodes_on_diagram': 75, 'label': 'Case Structure'}  (1 diagram(s) scanned of 173, 2.5 s)
  FACT  [10] the Local #23523 lives at: {'diagram_index': 46, 'diagram_uid': 639, 'diagram_class': 'Diagram', 'nodes_index': 74, 'nodes_on_diagram': 75, 'label': 'WORK_C65R2_20260921_151221.vi'}  (1 diagram(s) scanned of 173, 2.7 s)
  FACT  [10] the Local terminal table of #23523 (Diagram idx 46, Nodes[74], echo 23523): 1 terminal(s)
  FACT      [10] the Local t0  'index'                            is_source=True  wire=23540   errs=[0, 0, 0, 0]
  FACT  connect_nested_v1(target, 46, 24, 2, 46, 74, 0) - IDEMPOTENT re-connect of an EXISTING connection; wire_delta must be 0
      [op stdout]       op readback {'UID': 10407, 'Name': 'index', 'UID 2': 23540, 'Is Broken?': False}
  FACT  ORDERED `Broken?` = False on wire uid 23540 (wire_delta 0 - expected 0 ; op error '')
  PASS  L the ORDERED `Broken?` reads False on the new #10407 t2 wire  Broken? False on wire 23540 ; wire_delta 0
  FACT  ExecState [13 [10] after the Broken? read (SUSPECT, NAMES.md:912-918; every save is already done)] = 0   (+482.6 s, read cost 0.04 s)

--- Z: the closing facts
  FACT  tracked VI Server refs AFTER: {'opened': 23, 'closed': 23, 'live': 0, 'cached_op_vis': 5}
  FACT  LabVIEW handles AFTER everything: 41136
  FACT  Z1 ORIGINAL after everything: HASH G:\Codes\LabVIEW_Codes\MinLab\zz_LabView VI\AAA_UNIST\2. Tracking\Min_Track N beads V6_ParallelLoop.vi | exists=1 | size=473317 | md5=2a78e17c449cacdaf5da389818526859 | sha256=f827a67e91cc2a51284cdce0ada5d34ecf89cf865bca5f0bdfa870f0020df4bb
  FACT  Z1b D1_s1_copy.vi after everything: HASH C:\Program Files\National Instruments\LabVIEW 2026\user.lib\claudeDev\D1_s1_copy.vi | exists=1 | size=474202 | md5=3e3d23cefd3a334001aa9d6156bf1aee | sha256=1ab3360021cb04f03e8fe4a503d1972aefa26a34ed5b8fd9393ec6899330e0f7
  FACT  Z1c D1_s2_loops.vi after everything: HASH C:\Program Files\National Instruments\LabVIEW 2026\user.lib\claudeDev\D1_s2_loops.vi | exists=1 | size=475707 | md5=6ff19497f2309e007a214660bb64b911 | sha256=d52e754e29a85e9cc3ddeb039f6c5e325c9094c5e1f8c944059d4a5f7b33c3f5
  FACT  Z1d D1_s3a_focus_ind.vi after everything: HASH C:\Program Files\National Instruments\LabVIEW 2026\user.lib\claudeDev\D1_s3a_focus_ind.vi | exists=1 | size=476172 | md5=eef91c1d91f16b034707e4d1285ca8cb | sha256=8afd9f95e280139e64aa648906ba7f799e8d0ae39aabfae42c93ef4f102d23bb
  FACT  Z1e D1_s3b_row1a after everything: HASH C:\Program Files\National Instruments\LabVIEW 2026\user.lib\claudeDev\D1_s3b_row1a_20260921_135932.vi | exists=1 | size=476634 | md5=c7094f98324af3bb53755fef718f8e28 | sha256=49a9d0cdf049562847263f5266678408a1b8c8bcbe9da267b20a06bb1f8382ee
  FACT  Z1f THE BED D1_s3b_row1 after everything: HASH C:\Program Files\National Instruments\LabVIEW 2026\user.lib\claudeDev\D1_s3b_row1_20260921_135932.vi | exists=1 | size=476734 | md5=72f0d47d0b1cbd0834d50f1483e558c1 | sha256=7b25b8e73d34fd943e5de4a3998edb56234055621f7481a9a9ecee482b6571c3
  FACT  Z1g the donor OpCreateLocalRead_v0.vi after everything: HASH C:\Program Files\National Instruments\LabVIEW 2026\user.lib\claudeDev\OpCreateLocalRead_v0.vi | exists=1 | size=10192 | md5=f695d97a36ae127cd2dd3ca6b1fc1089 | sha256=2b2b3d97596a8a1c90fc8426012dfd213acdae5a34c427ab07ed3773c712cb4e
  FACT  Z1h OpConnectNested_v1.vi after everything: HASH C:\Program Files\National Instruments\LabVIEW 2026\user.lib\claudeDev\OpConnectNested_v1.vi | exists=1 | size=14666 | md5=b7a1bb56cefe2b4632125e6bda0d7221 | sha256=eb3ace5b6ea391471cadadc15f0177d62595443b379aef7161c12ae9d77ee996
  PASS  Z_1 ORIGINAL / D1_s1_copy / D1_s2_loops / D1_s3a_focus_ind md5 ALL unchanged  2a78e17c449cacdaf5da389818526859 / 3e3d23cefd3a334001aa9d6156bf1aee / 6ff19497f2309e007a214660bb64b911 / eef91c1d91f16b034707e4d1285ca8cb
  PASS  Z_1a row 1's TWO artefacts are byte-unchanged (the BED included)  row1a c7094f98324af3bb53755fef718f8e28 ; BED 72f0d47d0b1cbd0834d50f1483e558c1
  PASS  Z_1b OpCreateLocalRead_v0.vi is byte-unchanged  f695d97a36ae127cd2dd3ca6b1fc1089
  PASS  Z_1c OpConnectNested_v1.vi is byte-unchanged  'b7a1bb56cefe2b4632125e6bda0d7221' -> 'b7a1bb56cefe2b4632125e6bda0d7221'
  PASS  Z_1d refs opened == closed, 0 live  {'opened': 23, 'closed': 23, 'live': 0, 'cached_op_vis': 5}

=== THE COMPLETE TIMESTAMPED ExecState TIMELINE
  step tag                                                                      ExecState    wall      
  1    [1] the working copy of the BED, COLD (no open_panel call)               1            15:13:37  
  2    [2] after the wire delete (0 is EXPECTED)                                0            15:18:12  
  3    [3] after the Local was created (still unwired)                          0            15:18:26  
  4    [4] after move_in and its purge                                          0            15:18:34  
  5    [5] immediately after the connect, BEFORE the purge                      0            15:18:39  
  6    [6] after the purge - 1 is REQUIRED here                                 1            15:18:45  
  7    STEP6 immediately before the save                                        1            15:18:45  
  8    [7] after wire_indicators, BEFORE its purge                              1            15:18:47  
  9    [7] after wire_indicators and its purge                                  1            15:18:48  
  10   [8] before the final save - 1 is REQUIRED here                           1            15:18:51  
  11   STEP8 immediately before the save                                        1            15:18:51  
  12   [9] COLD, freshly restarted LabVIEW, D1_s3b_row2_20260921_151221.vi      1            15:20:00  
  13   [10] after the Broken? read (SUSPECT, NAMES.md:912-918; every save is al 0            15:20:24  

=== THE FILES THIS RUN LEFT ON DISK
  STEP6      D1_s3b_row2a_20260921_151221.vi                md5 '7a11818387fe44a764c2ff169b1dd6f7'  size 476690  mtime '2026-09-21 15:18:46'  ES-at-save 1  carries the edits True
  STEP8      D1_s3b_row2_20260921_151221.vi                 md5 '7a11818387fe44a764c2ff169b1dd6f7'  size 476690  mtime '2026-09-21 15:18:51'  ES-at-save 1  carries the edits False

=== THE PURGES (one census diff per op call)
  [2] wire delete        Node 631 -> 631 -> 631 ; new [] ; deleted [] ; reported-not-deleted []
  [3] donor              Node 631 -> 632 -> 632 ; new [(23523, 'Local', (3971, 2169))] ; deleted [] ; reported-not-deleted []
  [4] move_in            Node 632 -> 633 -> 632 ; new [(9302, 'Invoke', (2639, 933))] ; deleted [9302] ; reported-not-deleted []
  [6] connect            Node 632 -> 633 -> 632 ; new [(9302, 'Invoke', (2639, 933))] ; deleted [9302] ; reported-not-deleted []
  [7] wire_indicators    Node 632 -> 632 -> 632 ; new [] ; deleted [] ; reported-not-deleted []

=== THE WIRE ARITHMETIC (55(f))
  C0 (bed) 1906 -> after the delete 1905 -> after the connect 1906 -> after wire_indicators 1906 -> COLD 1906  (want C0 - 1 + 2 = 1907)

=== GATES 56 pass / 7 fail; failing: H0 the source #10757 resolves to a live Traverse 'Function' index, H wire_indicators left a NON-ZERO wire on the source #10757 t1, I *** THE T3 SEPARATOR: EXACTLY ONE source on wire 0, and control 23525 is among its sinks ***, I2b the Wire census is C0 - 1 + 2 = 1907 after wire_indicators (55(f)), STEP8 that file is NOT byte-identical to the step-6 file (the in-memory edits LANDED), J2 the two artefacts differ from each other (the wire_indicators step changed the file), K2 *** THE COLD Wire census is C0 - 1 + 2 = 1907 (55(f)) ***
=== readings -> G:\Codes\LabVIEW_Codes\MinLab\zz_LabView VI\AAA_UNIST\2. Tracking\V6_ParallelLoop\tools\bench\diag_c65_s3b_row2.json
BGRUN END rc=1 after 483s
