BGRUN START 2026-09-28 04:54:04 limit 2.0 min: py -u tools/stage_prerun.py --opmodel-conformance
BGRUN PID 5500
  X13 connect_from_wire.json raw/connect_from_wire_1.json: PASS {'measured': {'source_wire': 'recreated', 'sink_wire': 'new', 'groups': [['T.inner', 'dst'], ['T.outer', 'src']], 'old_source_wire_members': []}, 'simulated': {'source_wire': 'recreated', 'sink_wire': 'new', 'groups': [['T.inner', 'dst'], ['T.outer', 'src']], 'old_source_wire_members': []}, 'hows': ['recreate', 'new']}
  X13 connect_from_wire.json raw/connect_from_wire_2.json: PASS {'measured': {'source_wire': 'recreated', 'sink_wire': 'new', 'groups': [['T.inner', 'dst'], ['T.outer', 'sink:23241', 'sink:23450', 'sink:23514', 'src']], 'old_source_wire_members': []}, 'simulated': {'source_wire': 'recreated', 'sink_wire': 'new', 'groups': [['T.inner', 'dst'], ['T.outer', 'sink:23241', 'sink:23450', 'sink:23514', 'src']], 'old_source_wire_members': []}, 'hows': ['recreate', 'new']}
  X13 delete_object.json raw/delete_object_1.json: PASS {'op': 'delete_object', 'measured': {'terms_removed': [7420, 7575, 7606], 'nodes_removed': [7201], 'flips': [], 'fate': {4044: 'cleared', 4459: 'kept', 8494: 'kept'}}, 'allow_either': [4044]}
  X13 delete_object.json raw/delete_object_2.json: PASS {'op': 'delete_object', 'measured': {'terms_removed': [27635, 27644], 'nodes_removed': [27605], 'flips': [28316, 28345, 28373], 'fate': {24595: 'kept', 28334: 'kept', 28348: 'kept', 28316: 'kept', 28503: 'kept', 28345: 'kept', 28378: 'kept', 28373: 'kept', 28098: 'kept'}}, 'allow_either': []}
  X13 delete_wire.json raw/delete_wire_1.json: PASS {'op': 'delete_wire', 'measured': {'terms_removed': [], 'nodes_removed': [], 'flips': [], 'fate': {283: 'cleared', 1715: 'cleared'}}, 'allow_either': []}
  X13 delete_wire.json raw/delete_wire_2.json: PASS {'op': 'delete_wire', 'measured': {'terms_removed': [], 'nodes_removed': [], 'flips': [], 'fate': {9185: 'cleared', 8961: 'cleared', 28175: 'cleared'}}, 'allow_either': []}
  X13 remove_bad_wires.json raw/remove_bad_wires_1.json: PASS {'op': 'remove_bad_wires', 'measured': {'terms_removed': [2285, 2289, 2304, 2310], 'nodes_removed': [2283], 'flips': [], 'fate': {283: 'cleared', 2226: 'cleared', 3019: 'cleared', 7235: 'cleared'}}, 'allow_either': []}
  X13 remove_bad_wires.json raw/remove_bad_wires_2.json: PASS {'op': 'remove_bad_wires', 'measured': {'terms_removed': [], 'nodes_removed': [], 'flips': [], 'fate': {25100: 'cleared', 28719: 'cleared'}}, 'allow_either': []}
  X13 tunnel.json raw/tunnel_1.json: PASS {'measured': {'source_wire': 'recreated', 'sink_wire': 'new', 'groups': [['T.inner', 'dst'], ['T.outer', 'src']], 'old_source_wire_members': []}, 'simulated': {'source_wire': 'recreated', 'sink_wire': 'new', 'groups': [['T.inner', 'dst'], ['T.outer', 'src']], 'old_source_wire_members': []}, 'hows': ['recreate', 'new']}
  X13 tunnel.json raw/tunnel_2.json: PASS {'measured': {'source_wire': 'new', 'sink_wire': 'kept', 'groups': [['T.inner', 'src'], ['T.outer', 'dst']], 'old_source_wire_members': []}, 'simulated': {'source_wire': 'new', 'sink_wire': 'kept', 'groups': [['T.inner', 'src'], ['T.outer', 'dst']], 'old_source_wire_members': []}, 'hows': ['new', 'join_stub']}
FILE add_shift_reg.json: not-replayed (2 sample(s))
FILE bed_l7_1a.json: no-samples (0 sample(s))
FILE bed_s3_loop15.json: no-samples (0 sample(s))
FILE bed_s4_loop17.json: no-samples (0 sample(s))
FILE bed_s4_map.json: no-samples (0 sample(s))
FILE connect_from_wire.json: PASS (2 sample(s))
FILE const.json: not-replayed (2 sample(s))
FILE delete_object.json: PASS (2 sample(s))
FILE delete_wire.json: PASS (2 sample(s))
FILE fs_inner_tunnel_connect.json: not-replayed (2 sample(s))
FILE move_in.json: not-replayed (3 sample(s))
FILE onlysink_samples.json: not-replayed (15 sample(s))
FILE primitive.json: not-replayed (2 sample(s))
FILE remove_bad_wires.json: PASS (2 sample(s))
FILE tunnel.json: PASS (2 sample(s))
FILE wire_sr.json: not-replayed (2 sample(s))
WARN X13 WARN add_shift_reg.json: 2 sample(s), no replayer for op 'add_shift_reg' (only ['connect_from_wire', 'tunnel', 'delete_object', 'delete_wire', 'remove_bad_wires'])
WARN X13 WARN const.json: 2 sample(s), no replayer for op 'const' (only ['connect_from_wire', 'tunnel', 'delete_object', 'delete_wire', 'remove_bad_wires'])
WARN X13 WARN fs_inner_tunnel_connect.json: 2 sample(s), no replayer for op 'fs_inner_tunnel_connect' (only ['connect_from_wire', 'tunnel', 'delete_object', 'delete_wire', 'remove_bad_wires'])
WARN X13 WARN move_in.json: 3 sample(s), no replayer for op 'move_in' (only ['connect_from_wire', 'tunnel', 'delete_object', 'delete_wire', 'remove_bad_wires'])
WARN X13 WARN onlysink_samples.json: 15 sample(s), no replayer for op 'onlysink_samples' (only ['connect_from_wire', 'tunnel', 'delete_object', 'delete_wire', 'remove_bad_wires'])
WARN X13 WARN primitive.json: 2 sample(s), no replayer for op 'primitive' (only ['connect_from_wire', 'tunnel', 'delete_object', 'delete_wire', 'remove_bad_wires'])
WARN X13 WARN wire_sr.json: 2 sample(s), no replayer for op 'wire_sr' (only ['connect_from_wire', 'tunnel', 'delete_object', 'delete_wire', 'remove_bad_wires'])
RESULT {"schema":"result-line/1","status":"PASS","gates":{"pass":5,"fail":0},"first_fail":null,"artefacts":[]}
BGRUN END rc=0 after 1s
