BGRUN START 2026-09-20 23:42:25 limit 25.0 min: py -u tools/bench/diag_s57_typepair.py
=== diag_s57_typepair  2026-09-20 23:42:26   (cycle 57 dispatch 4; DIAGNOSTIC, never a recipe; phases A..J; NO VI IS RUN, 34(f); no new op, no new device, no GUI action; CHOOSES NOTHING)
  FACT  tools/recipes/stage_d1_s3a_focus_ind.py: exists=False mtime=None - REPORTED, NOT TOUCHED (stop-recorded by archive/peer/2026-09-20-priorart-d1-s3a-focus-ind.md; guard_cycle refuses a recipe build this cycle)
  FACT  LabVIEW handles BEFORE (cycle 57 dispatch 3 left the instance at ~60,299; fresh baseline ~31,500): 30926
  FACT  T1 ORIGINAL (read-only probe, 34(k)): HASH G:\Codes\LabVIEW_Codes\MinLab\zz_LabView VI\AAA_UNIST\2. Tracking\Min_Track N beads V6_ParallelLoop.vi | exists=1 | size=473317 | md5=2a78e17c449cacdaf5da389818526859 | sha256=f827a67e91cc2a51284cdce0ada5d34ecf89cf865bca5f0bdfa870f0020df4bb
  PASS  T1 the ORIGINAL's md5 equals the pin  2a78e17c449cacdaf5da389818526859
  FACT  T1b D1_s1_copy.vi: HASH C:\Program Files\National Instruments\LabVIEW 2026\user.lib\claudeDev\D1_s1_copy.vi | exists=1 | size=474202 | md5=3e3d23cefd3a334001aa9d6156bf1aee | sha256=1ab3360021cb04f03e8fe4a503d1972aefa26a34ed5b8fd9393ec6899330e0f7
  PASS  T1b D1_s1_copy.vi md5 == 3e3d23cefd3a334001aa9d6156bf1aee  3e3d23cefd3a334001aa9d6156bf1aee
  FACT  T2 the S2 artefact: HASH C:\Program Files\National Instruments\LabVIEW 2026\user.lib\claudeDev\D1_s2_loops.vi | exists=1 | size=475707 | md5=6ff19497f2309e007a214660bb64b911 | sha256=d52e754e29a85e9cc3ddeb039f6c5e325c9094c5e1f8c944059d4a5f7b33c3f5
  PASS  T2 D1_s2_loops.vi md5 == 6ff19497f2309e007a214660bb64b911  6ff19497f2309e007a214660bb64b911
  FACT  T2b RESTART (pre-batch, 44(e)/46(j)): lv_restart rc=0 ['dialogs: ,1346,762| / ENABLED|41748614|0,0,0,0|LabVIEW / VERDICT: clear (no modal dialog)']
  FACT  LabVIEW handles AFTER the pre-batch restart: 30700
  FACT  T3 the scratch at creation (copied from D1_s2_loops.vi): HASH C:\Program Files\National Instruments\LabVIEW 2026\user.lib\claudeDev\D1_s3a_ind_placed_20260920_234226.vi | exists=1 | size=475707 | md5=6ff19497f2309e007a214660bb64b911 | sha256=d52e754e29a85e9cc3ddeb039f6c5e325c9094c5e1f8c944059d4a5f7b33c3f5
  PASS  T3 the scratch is byte-identical to D1_s2_loops.vi at creation  6ff19497f2309e007a214660bb64b911 (expected 6ff19497f2309e007a214660bb64b911)
  FACT  S57B stage 1: ORIGINAL resident READ-ONLY (LabVIEW 26.3.1f1), its own ExecState 1; nothing opened, nothing saved

=================== PHASE A  (resolve LIVE; assume nothing, 34(h))
  FACT  class census [A before everything] {'Diagram': 173, 'WhileLoop': 6, 'SubVI': 97, 'Invoke': 1, 'IndexArray': 47, 'LoopTunnel': 135, 'Wire': 1905, 'ControlTerminal': 114, 'Function': 183}
  FACT  ExecState [A BEFORE] = 1
BGRUN START 2026-09-20 23:43:41 limit 25.0 min: py -u tools/bench/diag_s57_typepair.py
=== diag_s57_typepair  2026-09-20 23:43:41   (cycle 57 dispatch 4; DIAGNOSTIC, never a recipe; phases A..J; NO VI IS RUN, 34(f); no new op, no new device, no GUI action; CHOOSES NOTHING)
  FACT  tools/recipes/stage_d1_s3a_focus_ind.py: exists=False mtime=None - REPORTED, NOT TOUCHED (stop-recorded by archive/peer/2026-09-20-priorart-d1-s3a-focus-ind.md; guard_cycle refuses a recipe build this cycle)
  FACT  LabVIEW handles BEFORE (cycle 57 dispatch 3 left the instance at ~60,299; fresh baseline ~31,500): 63313
  FACT  T1 ORIGINAL (read-only probe, 34(k)): HASH G:\Codes\LabVIEW_Codes\MinLab\zz_LabView VI\AAA_UNIST\2. Tracking\Min_Track N beads V6_ParallelLoop.vi | exists=1 | size=473317 | md5=2a78e17c449cacdaf5da389818526859 | sha256=f827a67e91cc2a51284cdce0ada5d34ecf89cf865bca5f0bdfa870f0020df4bb
  PASS  T1 the ORIGINAL's md5 equals the pin  2a78e17c449cacdaf5da389818526859
  FACT  T1b D1_s1_copy.vi: HASH C:\Program Files\National Instruments\LabVIEW 2026\user.lib\claudeDev\D1_s1_copy.vi | exists=1 | size=474202 | md5=3e3d23cefd3a334001aa9d6156bf1aee | sha256=1ab3360021cb04f03e8fe4a503d1972aefa26a34ed5b8fd9393ec6899330e0f7
  PASS  T1b D1_s1_copy.vi md5 == 3e3d23cefd3a334001aa9d6156bf1aee  3e3d23cefd3a334001aa9d6156bf1aee
  FACT  T2 the S2 artefact: HASH C:\Program Files\National Instruments\LabVIEW 2026\user.lib\claudeDev\D1_s2_loops.vi | exists=1 | size=475707 | md5=6ff19497f2309e007a214660bb64b911 | sha256=d52e754e29a85e9cc3ddeb039f6c5e325c9094c5e1f8c944059d4a5f7b33c3f5
  PASS  T2 D1_s2_loops.vi md5 == 6ff19497f2309e007a214660bb64b911  6ff19497f2309e007a214660bb64b911
  FACT  A diag_index(#639) = None ; error VERBATIM "com_error: (-2147023170, '?? ????? ???? ?????.', None, None)"
  FACT  A diag_index(#536) = None ; error VERBATIM "com_error: (-2147023174, 'RPC ??? ??? ? ????.', None, None)"
  FACT  A diag_index(#686) = None ; error VERBATIM "com_error: (-2147023174, 'RPC ??? ??? ? ????.', None, None)"
  FAIL  A1 diag_index(#639) resolves to an int  None (the historical 43 / 46 are NOT reused)
  FACT  close_panel(D1_s3a_ind_placed_20260920_234226.vi) raised com_error: (-2147023174, 'RPC ??? ??? ? ????.', None, None)
  FACT  S57B stage 1: preload references released; refs {'opened': 2, 'closed': 2, 'live': 0, 'cached_op_vis': 2}
  FACT  STOPPED at a phase precondition: A1 diag_index(#639) resolves to an int
  FACT  PHASES F..I NOT ATTEMPTED: phase E did not save (ExecState None), and the brief orders the run to stop there.

=================== PHASE J  (files-only: does ANY reader return a terminal's/control's DATA TYPE?)
  FACT  J hit tools/gscript.py:1126  . src_name -> 'element data type' (obtain: the terminal whose TYPE the queue takes) / 'queue' (the others).
  FACT  J hit tools/gscript.py:1886  LabVIEW gives the indicator the tunnel's datatype - an array - so no front-panel object ever has to be
  FACT  J hit tools/gscript.py:1897  SET THE INDEX MODE FIRST. The indicator's datatype is whatever the tunnel's outside terminal carries, so
  FACT  J hit docs/toolkit-capabilities.md:59  | `OpConstValueN_v1.vi` (`vi path`, `Class Name`, `index`, size?=F ? value bytes, `Text`, `Representation`, the fed wire's `UID`, plus identity) | `Constant.Value` 634AC00 on a **`
  FACT  J hit docs/toolkit-capabilities.md:65  | **`OpCreateConst_v0.vi`** (`vi path`, `Class Name 2`='Diagram'/`index 2`= the BODY diagram, `location (0, 0)`, **`Type`** and **`Value`** = VARIANT controls) ? **WRITER** | erdos
  FACT  J hit docs/toolkit-capabilities.md:66  | **`OpCreateConstOnTerm_v0.vi`** (`vi path`, `Class Name`='WhileLoop'/`index` = the loop, **`index 3`** = body `Nodes[]` index, **`index 4`** = that node's `Terminals[]` index, **
  FACT  J hit docs/NAMES.md:767  - **Queue creators (erdosmiller, `probe_queue_vis.log`):** `Create Obtain Queue.vi` 5 `element data type` (a terminal
  FACT  J hit docs/NAMES.md:768  ref whose TYPE the queue takes; the created `Obtain Queue` node's own `element data type` input is wired from it),
  FACT  J hit docs/NAMES.md:774  `element data type`, `create if not found? (T)`, `max queue size (-1, unlimited)`, `queue out`, `created new?`;
  FACT  J hit docs/NAMES.md:964  `Variant To Flattened String` form, not here). `NumericConstant.Representation` enum (NI doc): 1 DBL, 3 I32,
  FACT  J hit docs/NAMES.md:969  reference ? `Text.Text` 632D800) ? `634D008` Unit Label. `5DCFC00` = NumericConstant.Representation.
  FACT  J hit docs/vi-server-ids.json:42  "VI.Create from Data Type": "49D",
  FACT  J total hits across gscript.py + toolkit-capabilities.md + NAMES.md + vi-server-ids.json: 12
  FACT  J The hits are REPORTED, not interpreted. The one representation reader the fleet owns is `OpConstValueN_v1.vi` (`NumericConstant.Representation` 5DCFC00, docs/toolkit-capabilities.md:59, docs/NAMES.md:969) and it reads a numeric CONSTANT's representation - not a TERMINAL's and not a CONTROL's data type. Whether any hit above amounts to a terminal/control type reader is left to the reader of this log; NOTHING WAS BUILT.

--- Z: the closing facts
  FACT  refs {'opened': 2, 'closed': 2, 'live': 0, 'cached_op_vis': 2}
  FACT  LabVIEW handles AFTER everything: 0
  FACT  cleanup: {'path': 'C:\\Program Files\\National Instruments\\LabVIEW 2026\\user.lib\\claudeDev\\D1_s3a_ind_placed_20260920_234226.vi', 'saved': False, 'what': 'the PRIMARY (phase-E) artefact', 'exists': True, 'action': 'removed (never saved by this run)', 'error_verbatim': ''}
  FACT  cleanup: {'path': 'C:\\Program Files\\National Instruments\\LabVIEW 2026\\user.lib\\claudeDev\\D1_s3a_num_ind_20260920_234226.vi', 'saved': False, 'what': 'the phase-G/H wiring copy', 'exists': False, 'action': 'nothing on disk'}
  FACT  Z1 ORIGINAL after everything: HASH G:\Codes\LabVIEW_Codes\MinLab\zz_LabView VI\AAA_UNIST\2. Tracking\Min_Track N beads V6_ParallelLoop.vi | exists=1 | size=473317 | md5=2a78e17c449cacdaf5da389818526859 | sha256=f827a67e91cc2a51284cdce0ada5d34ecf89cf865bca5f0bdfa870f0020df4bb
  FACT  Z1b D1_s1_copy.vi after everything: HASH C:\Program Files\National Instruments\LabVIEW 2026\user.lib\claudeDev\D1_s1_copy.vi | exists=1 | size=474202 | md5=3e3d23cefd3a334001aa9d6156bf1aee | sha256=1ab3360021cb04f03e8fe4a503d1972aefa26a34ed5b8fd9393ec6899330e0f7
  FACT  Z1c D1_s2_loops.vi after everything: HASH C:\Program Files\National Instruments\LabVIEW 2026\user.lib\claudeDev\D1_s2_loops.vi | exists=1 | size=475707 | md5=6ff19497f2309e007a214660bb64b911 | sha256=d52e754e29a85e9cc3ddeb039f6c5e325c9094c5e1f8c944059d4a5f7b33c3f5
  PASS  Z1 ORIGINAL / D1_s1_copy.vi / D1_s2_loops.vi md5 all unchanged  2a78e17c449cacdaf5da389818526859 / 3e3d23cefd3a334001aa9d6156bf1aee / 6ff19497f2309e007a214660bb64b911
  PASS  Z2 refs opened == closed, 0 live  {'opened': 2, 'closed': 2, 'live': 0, 'cached_op_vis': 2}
  FACT  ARTEFACTS: PRIMARY {'path': 'C:\\Program Files\\National Instruments\\LabVIEW 2026\\user.lib\\claudeDev\\D1_s3a_ind_placed_20260920_234226.vi', 'bytes': None, 'file': None} ; wiring copy {'path': 'C:\\Program Files\\National Instruments\\LabVIEW 2026\\user.lib\\claudeDev\\D1_s3a_num_ind_20260920_234226.vi', 'bytes': None, 'file': None}

=== GATES 6 pass / 1 fail; failing: A1 diag_index(#639) resolves to an int
=== readings -> G:\Codes\LabVIEW_Codes\MinLab\zz_LabView VI\AAA_UNIST\2. Tracking\V6_ParallelLoop\tools\bench\diag_s57_typepair.json
BGRUN END rc=1 after 76s
  FACT  T2b RESTART (pre-batch, 44(e)/46(j)): lv_restart rc=0 ['dialogs: ,1346,762| / ENABLED|13502914|0,0,0,0|LabVIEW / VERDICT: clear (no modal dialog)']
  FACT  LabVIEW handles AFTER the pre-batch restart: 30688
  FACT  T3 the scratch at creation (copied from D1_s2_loops.vi): HASH C:\Program Files\National Instruments\LabVIEW 2026\user.lib\claudeDev\D1_s3a_ind_placed_20260920_234341.vi | exists=1 | size=475707 | md5=6ff19497f2309e007a214660bb64b911 | sha256=d52e754e29a85e9cc3ddeb039f6c5e325c9094c5e1f8c944059d4a5f7b33c3f5
  PASS  T3 the scratch is byte-identical to D1_s2_loops.vi at creation  6ff19497f2309e007a214660bb64b911 (expected 6ff19497f2309e007a214660bb64b911)
  FACT  S57B stage 1: ORIGINAL resident READ-ONLY (LabVIEW 26.3.1f1), its own ExecState 1; nothing opened, nothing saved

=================== PHASE A  (resolve LIVE; assume nothing, 34(h))
  FACT  class census [A before everything] {'Diagram': 173, 'WhileLoop': 6, 'SubVI': 97, 'Invoke': 1, 'IndexArray': 47, 'LoopTunnel': 135, 'Wire': 1905, 'ControlTerminal': 114, 'Function': 183}
  FACT  ExecState [A BEFORE] = 1
  FACT  A diag_index(#639) = 46 ; error VERBATIM ''
  FACT  A diag_index(#536) = 0 ; error VERBATIM ''
  FACT  A diag_index(#686) = 19 ; error VERBATIM ''
  PASS  A1 diag_index(#639) resolves to an int  46 (the historical 43 / 46 are NOT reused)
  PASS  A2 diag_index(#536) resolves to 0  0
  OBSERVED uid 10757 -> owner 'Diagram' uid 639 | self 'IndexArray'#10757 | 482 says 'Diagram' cast 'Diagram' |  
  FACT  A3 owner of the NUMERIC source #10757: owner_of(#10757) = ('Diagram', 639) [strict=True] error VERBATIM ''
  PASS  A3 owner_of(#10757) answers ('Diagram', 639)  ('Diagram', 639)
  OBSERVED uid 10686 -> owner 'Diagram' uid 639 | self 'Function'#10686 | 482 says 'Diagram' cast 'Diagram' |  
  FACT  A4 owner of dispatch 3's BOOLEAN source #10686: owner_of(#10686) = ('Diagram', 639) [strict=True] error VERBATIM ''
  PASS  A4 owner_of(#10686) answers ('Diagram', 639)  ('Diagram', 639)
  FACT  A5 #10757 is a member of these LIVE Traverse class lists: [{'class': 'IndexArray', 'index': 20, 'members': 47}]
  FACT  A5 classes that RAISED during the scan (recorded, never worked around): {'Bundle': 'RuntimeError: report_all(Bundle) on D1_s3a_ind_placed_20260920_234341.vi: error 1092: Invoke Node in TRef Traverse.vi->VI Scripting - Traverse.lvlib:Traverse for GObjects.vi-', 'Unbundle': 'RuntimeError: report_all(Unbundle) on D1_s3a_ind_placed_20260920_234341.vi: error 1092: Invoke Node in TRef Traverse.vi->VI Scripting - Traverse.lvlib:Traverse for GObjects.v', 'ArraySubset': 'RuntimeError: report_all(ArraySubset) on D1_s3a_ind_placed_20260920_234341.vi: error 1092: Invoke Node in TRef Traverse.vi->VI Scripting - Traverse.lvlib:Traverse for GObject'}
  FACT  A5 the class phase G will address #10757 by: {'class': 'IndexArray', 'index': 20, 'members': 47} (rule: `Function` when it holds the uid (dispatch 3's own addressing, so nothing but the source differs); otherwise the class with the fewest members that holds it.)
  PASS  A5 #10757 is found in at least one live Traverse class list, with an index in it  {'class': 'IndexArray', 'index': 20, 'members': 47}
  FACT  A6 the NUMERIC source #10757: node #10757 at Nodes[27] (bounded scan (pin None did not echo)), 3 terminals, 3 WIRED
  FACT  A6 #10757's FULL terminal list: [{'i': 0, 'name': 'array', 'is_source': False, 'wire': 121}, {'i': 1, 'name': 'element', 'is_source': True, 'wire': 10990}, {'i': 2, 'name': 'index', 'is_source': False, 'wire': 10947}]
  FACT  A6 the terminal named 'element': {'i': 1, 'name': 'element', 'is_source': True, 'wire': 10990} ; the wire PIN from 45(c) is 10990
  PASS  A6 #10757 carries a terminal named 'element' that is a SOURCE, and its wire uid is reported  {'i': 1, 'name': 'element', 'is_source': True, 'wire': 10990} (wire pin 10990)

=================== PHASE B  (create ONE indicator by the 46(a) route)
  FACT  B BEFORE: panel_wiring rows 114, fp_labels 114, ControlTerminal census 114
  FACT  B2 node_info(max_n=40) BEFORE: 0 entries -> [] ; error VERBATIM ''
  FACT  B1 build_index_array(top-level head, (6200, 5200)) -> new [{'i': 0, 'class': 'IndexArray', 'uid': 23486, 'pos': (6200, 5200), 'owner': 'TopLevelDiagram'}] ; error VERBATIM ''
  OBSERVED uid 23486 -> owner 'TopLevelDiagram' uid 536 | self 'IndexArray'#23486 | 482 says 'TopLevelDiagram' cast 'TopLevelDiagram' |  
  FACT  B1 the new IndexArray's owner: owner_of(#23486) = ('TopLevelDiagram', 536) [strict=True] error VERBATIM ''
  PASS  B1 build_index_array put 1 new IndexArray on the target and owner_of reads ('TopLevelDiagram', 536)  new [{'i': 0, 'class': 'IndexArray', 'uid': 23486, 'pos': (6200, 5200), 'owner': 'TopLevelDiagram'}], owner ('TopLevelDiagram', 536)
  FACT  B2 node_info(max_n=40) AFTER (create_indicator's OWN ladder): 1 entries -> [(0, 'Index Array', 'Index Array')] ; error VERBATIM ''
  PASS  B2 node_info goes 0 entries -> 1 entry  0 -> 1
  FACT  B3 create_indicator(Nodes[0].Terminals[2]) -> new [{'i': 114, 'class': 'ControlTerminal', 'uid': 23541, 'pos': (6224, 5203), 'owner': 'TopLevelDiagram'}] ; error VERBATIM ''
  PASS  B3 create_indicator returned a ControlTerminal and the census went 114 -> 115  new uid 23541, census 114 -> 115
  FACT  B4 delete_object(IndexArray[0]) -> gone [23486] ; error VERBATIM ''
  PASS  B4 delete_object removed exactly 1 object  [23486] (error '')
  FACT  ExecState [B5 after delete_object] = 1
  PASS  B5 ExecState after the delete == 1  1

=================== PHASE C  (READ the new indicator's label off the machine - nothing is retyped)
  FACT  C1 panel_wiring rows 114 -> 115 ; the NEW row(s) [{'label': 'index', 'indicator': True, 'uid': 23525, 'is_source': False, 'wire': 0, 'term_err': 0, 'wire_err': 1055}]
  FACT  C1 fp_labels 114 -> 115 ; the NEW entr(y/ies) [(114, 'index', True)]
  FACT  C THE LABEL, VERBATIM: 'index'  (utf-8 hex '696e646578', source: panel_wiring diff (the machine's own Control.Label text))
  FACT  C contains a NEWLINE: False (docs/d1-build-plan.md:1232-1233 - a newline still fails from `Wire Inputs.vi` even at a nested diagram index)
  FACT  C is a DUPLICATE of an existing panel label: False
  PASS  C1 exactly ONE new front-panel row appeared and its label was READ off the machine  1 new panel row(s), 1 new fp_labels entr(y/ies), label 'index'
  PASS  C2 the new label is UNIQUE among the target's panel labels  duplicate=False
  OBSERVED uid 23541 -> owner 'TopLevelDiagram' uid 536 | self 'ControlTerminal'#23541 | 482 says 'TopLevelDiagram' cast 'TopLevelDiagram' |  
  FACT  C3 the new ControlTerminal's owner (BEFORE the move): owner_of(#23541) = ('TopLevelDiagram', 536) [strict=True] error VERBATIM ''
  PASS  C3 owner_of(new ControlTerminal uid) answers  ('TopLevelDiagram', 536)

=================== PHASE D  (move_in TOP-LEVEL -> NESTED Diagram #639)
  FACT  ExecState [D BEFORE the move] = 1
  FACT  D1 move_in(#23541 -> Diagram #639 at Traverse index 46, position (120, 4000)) returned 3447 ; error VERBATIM ''
  PASS  D1 move_in returned without raising  returned 3447, error ''
  FACT  D1 move_in left 1 junk `Invoke`(s): [23486] (PREDICTED RISK (i))
  FACT  D1 purged junk Invoke #23486 -> gone [23486] ; error VERBATIM ''
  OBSERVED uid 23541 -> owner 'Diagram' uid 639 | self 'ControlTerminal'#23541 | 482 says 'Diagram' cast 'Diagram' |  
  FACT  D2 the new ControlTerminal's owner (AFTER the move): owner_of(#23541) = ('Diagram', 639) [strict=True] error VERBATIM ''
  FACT  ExecState [D AFTER the move (and the junk purge)] = 1
  PASS  D2 owner_of(new uid) reads ('Diagram', 639) AFTER the move  ('TopLevelDiagram', 536) -> ('Diagram', 639)
  PASS  D3 the ControlTerminal census is unchanged across the move  115 -> 115
  PASS  D4 the panel row count is unchanged across the move  115 -> 115
  PASS  D5 ExecState after the move (and the junk purge) == 1  1 -> 1
  FACT  D the target indicator's panel row after the move: {'label': 'index', 'indicator': True, 'uid': 23525, 'is_source': False, 'wire': 0, 'term_err': 0, 'wire_err': 1055}

=================== PHASE E  (SAVE HERE, BEFORE ANY WIRING - the run's PRIMARY deliverable)
  FACT  ExecState [E immediately before the save attempt] = 1
  FACT  E g.save() returned 476209 ; exception/reason VERBATIM None
  FACT  E the PRIMARY artefact after the save attempt: D1_s3a_ind_placed_20260920_234341.vi md5 0b9a070289a08a22a8843e287b183398 size 476209 B; version bytes [{'offset': 36, 'bytes': '26 00 80 00'}]
  PASS  E1 ExecState == 1 at the save point and g.save() returned a byte count  ExecState 1, bytes 476209, reason None
  PASS  E2 the phase-E artefact is on disk and its version bytes read 26 00 80 00 (LV2026)  [{'offset': 36, 'bytes': '26 00 80 00'}]
  FACT  S57B stage 1: preload references released; refs {'opened': 10, 'closed': 10, 'live': 0, 'cached_op_vis': 11}
  FACT  F RESTART (so the phase-E artefact is loaded COLD, from disk, with nothing preloaded): lv_restart rc=0 ['dialogs: ,1346,762| / ENABLED|15926140|0,0,0,0|LabVIEW / VERDICT: clear (no modal dialog)']
  FACT  LabVIEW handles across the phase-F restart: 60291 -> 30695

=================== PHASE F  (COLD reopen of the phase-E artefact in a FRESH LabVIEW instance)
  FACT  ExecState [F COLD open of the saved artefact (fresh instance, no preload)] = 1
  PASS  F1 the COLD reopen reads ExecState 1  1
  OBSERVED uid 23541 -> owner 'Diagram' uid 639 | self 'ControlTerminal'#23541 | 482 says 'Diagram' cast 'Diagram' |  
  FACT  F2 the moved ControlTerminal's owner on the COLD open: owner_of(#23541) = ('Diagram', 639) [strict=True] error VERBATIM ''
  PASS  F2 owner_of(new uid) on the COLD open reads ('Diagram', 639)  ('Diagram', 639)
  FACT  F diag_index(#639) on the COLD open = 46 ; error VERBATIM ''
  FACT  F diag_index(#536) on the COLD open = 0 ; error VERBATIM ''
  FACT  F diag_index(#686) on the COLD open = 19 ; error VERBATIM ''
  FACT  F #10757's LIVE class membership on the COLD open: [{'class': 'IndexArray', 'index': 20, 'members': 47}] (errors {'Bundle': 'RuntimeError: report_all(Bundle) on D1_s3a_ind_placed_20260920_234341.vi: error 1092: Invoke Node in TRef Traverse.vi->VI Scripting - Traverse.lvlib:Traverse for GObjects.vi-', 'Unbundle': 'RuntimeError: report_all(Unbundle) on D1_s3a_ind_placed_20260920_234341.vi: error 1092: Invoke Node in TRef Traverse.vi->VI Scripting - Traverse.lvlib:Traverse for GObjects.v', 'ArraySubset': 'RuntimeError: report_all(ArraySubset) on D1_s3a_ind_placed_20260920_234341.vi: error 1092: Invoke Node in TRef Traverse.vi->VI Scripting - Traverse.lvlib:Traverse for GObject'})
  FACT  class census [F on the COLD open] {'Diagram': 173, 'WhileLoop': 6, 'SubVI': 97, 'Invoke': 1, 'IndexArray': 47, 'LoopTunnel': 135, 'Wire': 1905, 'ControlTerminal': 115, 'Function': 183}
  FACT  G0 the wiring copy at creation (copied from the phase-E artefact): HASH C:\Program Files\National Instruments\LabVIEW 2026\user.lib\claudeDev\D1_s3a_num_ind_20260920_234341.vi | exists=1 | size=476209 | md5=0b9a070289a08a22a8843e287b183398 | sha256=1fd29324be7900e8deef9b24b15537fe07375ca7de9cb1ea4c19233d4ff3ab64
  FACT  G0 the wiring copy is byte-identical to the phase-E artefact: True
  FACT  S57B stage 2: ORIGINAL resident READ-ONLY (LabVIEW 26.3.1f1), its own ExecState 1; nothing opened, nothing saved

=================== PHASE G  (wire the NUMERIC source #10757 t 'element' to the new indicator)
  FACT  G LIVE on the wiring copy: diag_index(#639) = 46, #10757 class membership [{'class': 'IndexArray', 'index': 20, 'members': 47}], addressing it as {'class': 'IndexArray', 'index': 20, 'members': 47}
  FACT  G BEFORE #10757 (the NUMERIC source node): node #10757 at Nodes[27] (bounded scan (pin None did not echo)), 3 terminals, 3 WIRED
  FACT  G #10757's terminal 'element' re-read on this file: {'i': 1, 'name': 'element', 'is_source': True, 'wire': 10990}
  FACT  G BEFORE #637 (loop 1.1, the tunnel/border witness): node #637 at Nodes[4] (pin 4 survived its uid echo), 59 terminals, 48 WIRED
  FACT  G the indicator row re-read on this file: {'label': 'index', 'indicator': True, 'uid': 23525, 'is_source': False, 'wire': 0, 'term_err': 0, 'wire_err': 1055} (label VERBATIM 'index', utf-8 hex '696e646578')
  FACT  ExecState [G BEFORE wire_indicators] = 1
  FACT  G1 wire_indicators(IndexArray[20], ['element'] -> ['index'], diagram_index=46) error VERBATIM ''
  PASS  G1 wire_indicators returned an EMPTY error column  ''
  FACT  G2 the target indicator's wire uid 0 -> 10990 ; whole-VI Wire count 1905 -> 1905 (delta 0; a BRANCH adds NO Wire object, tools/gscript.py:1771-1772). The source terminal's own wire reads 10990 (45(c) pin 10990)
  PASS  G2 the new indicator's wire uid changed from 0  0 -> 10990
  FACT  ExecState [G AFTER wire_indicators] = 1
  FACT  G AFTER #10757 (the NUMERIC source node): node #10757 at Nodes[27] (bounded scan (pin None did not echo)), 3 terminals, 3 WIRED
  FACT  G AFTER #637 (loop 1.1, the tunnel/border witness): node #637 at Nodes[4] (pin 4 survived its uid echo), 59 terminals, 48 WIRED
  PASS  G3 #10757's wired-terminal count is unchanged across the wiring (37(e))  3 -> 3 wired of 3 -> 3 terminals
  PASS  G4 #637's terminal count unchanged - NO tunnel or border object appeared (37(e))  59 -> 59 terminals, 48 -> 48 wired
  FACT  G4 EXPLICIT (37(e) grain): #637 terminals 59 -> 59, wired 48 -> 48; a tunnel or border object would show as a terminal-count INCREASE. Increase observed: 0
  FACT  class census [G after the wiring attempt] {'Diagram': 173, 'WhileLoop': 6, 'SubVI': 97, 'Invoke': 1, 'IndexArray': 47, 'LoopTunnel': 135, 'Wire': 1905, 'ControlTerminal': 115, 'Function': 183}

=================== PHASE H  (save again IFF ExecState == 1 - a 0 is a LEGITIMATE outcome and phase E's artefact still stands)
  FACT  ExecState [H immediately before the second save attempt] = 1
  FACT  H g.save() returned 476146 ; exception/reason VERBATIM None
  FACT  H the second artefact after the save attempt: D1_s3a_num_ind_20260920_234341.vi md5 fceaa0a1d068622596842435b830bffe size 476146 B; version bytes [{'offset': 36, 'bytes': '26 00 80 00'}]
  PASS  H1 ExecState == 1 at the second save point and g.save() returned a byte count  ExecState 1, bytes 476146, reason None

=================== PHASE I  (ORDERED second pass: `Is Broken?`, AFTER the phase-H save, 42(b))
  FACT  I the ordered pass will re-connect: source {'uid': 10757, 'node_index': 27, 'index_resolution': 'bounded scan (pin None did not echo)', 'term_index': 1, 'term_name': 'element', 'wire': 10990} -> sink {'node_uid': 10407, 'node_index': 24, 'term_index': 2, 'term_name': 'Index of closest\ncal image slice, bead 2', 'wire': 10990}
      [op stdout]       op readback {'UID': 10407, 'Name': 'Index of closest\ncal image slice, bead 2', 'UID 2': 10990, 'Is Broken?': False}
  FACT  I ORDERED `Is Broken?` = False on wire uid 10990 (op error column '', wire_delta 0). True here is a LEGITIMATE reading, not a failure.
  PASS  I1 the ORDERED second-pass `Is Broken?` read returned a boolean  False
  FACT  ExecState [I after the Is Broken? read (SUSPECT, docs/NAMES.md:912-918; both saves already happened)] = 0
  FACT  S57B stage 2: preload references released; refs {'opened': 22, 'closed': 22, 'live': 0, 'cached_op_vis': 7}

=================== PHASE J  (files-only: does ANY reader return a terminal's/control's DATA TYPE?)
  FACT  J hit tools/gscript.py:1126  . src_name -> 'element data type' (obtain: the terminal whose TYPE the queue takes) / 'queue' (the others).
  FACT  J hit tools/gscript.py:1886  LabVIEW gives the indicator the tunnel's datatype - an array - so no front-panel object ever has to be
  FACT  J hit tools/gscript.py:1897  SET THE INDEX MODE FIRST. The indicator's datatype is whatever the tunnel's outside terminal carries, so
  FACT  J hit docs/toolkit-capabilities.md:59  | `OpConstValueN_v1.vi` (`vi path`, `Class Name`, `index`, size?=F ? value bytes, `Text`, `Representation`, the fed wire's `UID`, plus identity) | `Constant.Value` 634AC00 on a **`
  FACT  J hit docs/toolkit-capabilities.md:65  | **`OpCreateConst_v0.vi`** (`vi path`, `Class Name 2`='Diagram'/`index 2`= the BODY diagram, `location (0, 0)`, **`Type`** and **`Value`** = VARIANT controls) ? **WRITER** | erdos
  FACT  J hit docs/toolkit-capabilities.md:66  | **`OpCreateConstOnTerm_v0.vi`** (`vi path`, `Class Name`='WhileLoop'/`index` = the loop, **`index 3`** = body `Nodes[]` index, **`index 4`** = that node's `Terminals[]` index, **
  FACT  J hit docs/NAMES.md:767  - **Queue creators (erdosmiller, `probe_queue_vis.log`):** `Create Obtain Queue.vi` 5 `element data type` (a terminal
  FACT  J hit docs/NAMES.md:768  ref whose TYPE the queue takes; the created `Obtain Queue` node's own `element data type` input is wired from it),
  FACT  J hit docs/NAMES.md:774  `element data type`, `create if not found? (T)`, `max queue size (-1, unlimited)`, `queue out`, `created new?`;
  FACT  J hit docs/NAMES.md:964  `Variant To Flattened String` form, not here). `NumericConstant.Representation` enum (NI doc): 1 DBL, 3 I32,
  FACT  J hit docs/NAMES.md:969  reference ? `Text.Text` 632D800) ? `634D008` Unit Label. `5DCFC00` = NumericConstant.Representation.
  FACT  J hit docs/vi-server-ids.json:42  "VI.Create from Data Type": "49D",
  FACT  J total hits across gscript.py + toolkit-capabilities.md + NAMES.md + vi-server-ids.json: 12
  FACT  J The hits are REPORTED, not interpreted. The one representation reader the fleet owns is `OpConstValueN_v1.vi` (`NumericConstant.Representation` 5DCFC00, docs/toolkit-capabilities.md:59, docs/NAMES.md:969) and it reads a numeric CONSTANT's representation - not a TERMINAL's and not a CONTROL's data type. Whether any hit above amounts to a terminal/control type reader is left to the reader of this log; NOTHING WAS BUILT.

--- Z: the closing facts
  FACT  refs {'opened': 22, 'closed': 22, 'live': 0, 'cached_op_vis': 7}
  FACT  LabVIEW handles AFTER everything: 63533
  FACT  cleanup: {'path': 'C:\\Program Files\\National Instruments\\LabVIEW 2026\\user.lib\\claudeDev\\D1_s3a_ind_placed_20260920_234341.vi', 'saved': True, 'what': 'the PRIMARY (phase-E) artefact', 'exists': True, 'action': 'KEPT - saved; deleting a saved artefact is forbidden.'}
  FACT  cleanup: {'path': 'C:\\Program Files\\National Instruments\\LabVIEW 2026\\user.lib\\claudeDev\\D1_s3a_num_ind_20260920_234341.vi', 'saved': True, 'what': 'the phase-G/H wiring copy', 'exists': True, 'action': 'KEPT - saved; deleting a saved artefact is forbidden.'}
  FACT  Z1 ORIGINAL after everything: HASH G:\Codes\LabVIEW_Codes\MinLab\zz_LabView VI\AAA_UNIST\2. Tracking\Min_Track N beads V6_ParallelLoop.vi | exists=1 | size=473317 | md5=2a78e17c449cacdaf5da389818526859 | sha256=f827a67e91cc2a51284cdce0ada5d34ecf89cf865bca5f0bdfa870f0020df4bb
  FACT  Z1b D1_s1_copy.vi after everything: HASH C:\Program Files\National Instruments\LabVIEW 2026\user.lib\claudeDev\D1_s1_copy.vi | exists=1 | size=474202 | md5=3e3d23cefd3a334001aa9d6156bf1aee | sha256=1ab3360021cb04f03e8fe4a503d1972aefa26a34ed5b8fd9393ec6899330e0f7
  FACT  Z1c D1_s2_loops.vi after everything: HASH C:\Program Files\National Instruments\LabVIEW 2026\user.lib\claudeDev\D1_s2_loops.vi | exists=1 | size=475707 | md5=6ff19497f2309e007a214660bb64b911 | sha256=d52e754e29a85e9cc3ddeb039f6c5e325c9094c5e1f8c944059d4a5f7b33c3f5
  PASS  Z1 ORIGINAL / D1_s1_copy.vi / D1_s2_loops.vi md5 all unchanged  2a78e17c449cacdaf5da389818526859 / 3e3d23cefd3a334001aa9d6156bf1aee / 6ff19497f2309e007a214660bb64b911
  PASS  Z2 refs opened == closed, 0 live  {'opened': 22, 'closed': 22, 'live': 0, 'cached_op_vis': 7}
  FACT  ARTEFACTS: PRIMARY {'path': 'C:\\Program Files\\National Instruments\\LabVIEW 2026\\user.lib\\claudeDev\\D1_s3a_ind_placed_20260920_234341.vi', 'bytes': 476209, 'file': {'path': 'C:\\Program Files\\National Instruments\\LabVIEW 2026\\user.lib\\claudeDev\\D1_s3a_ind_placed_20260920_234341.vi', 'exists': True, 'md5': '0b9a070289a08a22a8843e287b183398', 'size': 476209, 'version_candidates': [{'offset': 36, 'bytes': '26 00 80 00'}]}} ; wiring copy {'path': 'C:\\Program Files\\National Instruments\\LabVIEW 2026\\user.lib\\claudeDev\\D1_s3a_num_ind_20260920_234341.vi', 'bytes': 476146, 'file': {'path': 'C:\\Program Files\\National Instruments\\LabVIEW 2026\\user.lib\\claudeDev\\D1_s3a_num_ind_20260920_234341.vi', 'exists': True, 'md5': 'fceaa0a1d068622596842435b830bffe', 'size': 476146, 'version_candidates': [{'offset': 36, 'bytes': '26 00 80 00'}]}}

=== GATES 35 pass / 0 fail
=== readings -> G:\Codes\LabVIEW_Codes\MinLab\zz_LabView VI\AAA_UNIST\2. Tracking\V6_ParallelLoop\tools\bench\diag_s57_typepair.json
BGRUN END rc=0 after 242s
