BGRUN START 2026-09-26 19:35:49 limit 15.0 min: py -u tools/bench/diag_c99_lvread.py
BGRUN PID 18252

---------- [0] FILES ONLY - the input's md5, the pins, the claudeDev listing
  FACT  claudeDev holds 274 .vi file(s) BEFORE the run
  PASS  K1 input md5 == 3e3d23cefd3a334001aa9d6156bf1aee  got 3e3d23cefd3a334001aa9d6156bf1aee
  FACT  PIN BEFORE ORIGINAL         2a78e17c449cacdaf5da389818526859  (want 2a78e17c449cacdaf5da389818526859) OK
  FACT  PIN BEFORE S1 D1_s1_copy    3e3d23cefd3a334001aa9d6156bf1aee  (want 3e3d23cefd3a334001aa9d6156bf1aee) OK
  FACT  PIN BEFORE S2 D1_s2_loops   6ff19497f2309e007a214660bb64b911  (want 6ff19497f2309e007a214660bb64b911) OK
  FACT  PIN BEFORE ROW2 bed         26c54ff784cb5cea21edbd214d2cc3a0  (want 26c54ff784cb5cea21edbd214d2cc3a0) OK
  FACT  PIN BEFORE M3a-2            3842f5e6f128226235dc78353f26ef44  (want 3842f5e6f128226235dc78353f26ef44) OK
  PASS  K2 the ORIGINAL's md5 is 2a78e17c449cacdaf5da389818526859  got 2a78e17c449cacdaf5da389818526859 at G:\Codes\LabVIEW_Codes\MinLab\zz_LabView VI\AAA_UNIST\2. Tracking\Min_Track N beads V6_ParallelLoop.vi

---------- [1] RESTART LabVIEW (standing authority; fresh ~31,500 handles)
  FACT  LabVIEW handle count BEFORE the restart: 0
  FACT  LabVIEW handle count AFTER the restart: 33999
  FACT  PRELOAD: the ORIGINAL is resident READ-ONLY (LabVIEW 26.3.1f1), its own ExecState 1; nothing opened, nothing saved

---------- [2] THE DATED WORK COPY under claudeDev - the input is never opened for writing
  PASS  K3 the work copy is byte-identical to the input  scratch_c99_20260926_193550.vi
  FACT  ExecState [after open] scratch_c99_20260926_193550.vi = 1
  FACT  HANDLES before reads: 63225
  FACT  GetControlValue('# FD points') raised AttributeError: '_GeneratorContextManager' object has no attribute 'GetControlValue'
  FACT  VALUE '# FD points' -> {'err': "AttributeError: '_GeneratorContextManager' object has no attribute 'GetControlValue'", 'shape': None, 'value': None}
  FACT  GetControlValue('# DT points') raised AttributeError: '_GeneratorContextManager' object has no attribute 'GetControlValue'
  FACT  VALUE '# DT points' -> {'err': "AttributeError: '_GeneratorContextManager' object has no attribute 'GetControlValue'", 'shape': None, 'value': None}
  FACT  GetControlValue('Force (pN) vs Extension (nm) ') raised AttributeError: '_GeneratorContextManager' object has no attribute 'GetControlValue'
  FACT  VALUE 'Force (pN) vs Extension (nm) ' -> {'err': "AttributeError: '_GeneratorContextManager' object has no attribute 'GetControlValue'", 'shape': None, 'value': None}
  FACT  GetControlValue('Z/dZ') raised AttributeError: '_GeneratorContextManager' object has no attribute 'GetControlValue'
  FACT  VALUE 'Z/dZ' -> {'err': "AttributeError: '_GeneratorContextManager' object has no attribute 'GetControlValue'", 'shape': None, 'value': None}
  FACT  GetControlValue('Frame rate') raised AttributeError: '_GeneratorContextManager' object has no attribute 'GetControlValue'
  FACT  VALUE 'Frame rate' -> {'err': "AttributeError: '_GeneratorContextManager' object has no attribute 'GetControlValue'", 'shape': None, 'value': None}
  FACT  GetControlValue('Force\nsmoothing\nhalf-width') raised AttributeError: '_GeneratorContextManager' object has no attribute 'GetControlValue'
  FACT  VALUE 'Force\nsmoothing\nhalf-width' -> {'err': "AttributeError: '_GeneratorContextManager' object has no attribute 'GetControlValue'", 'shape': None, 'value': None}
  FACT  GetControlValue('Extension\nmedian filter\nhalf-width') raised AttributeError: '_GeneratorContextManager' object has no attribute 'GetControlValue'
  FACT  VALUE 'Extension\nmedian filter\nhalf-width' -> {'err': "AttributeError: '_GeneratorContextManager' object has no attribute 'GetControlValue'", 'shape': None, 'value': None}
  FACT  GetControlValue('Extension (nm) vs Time (Frame #)') raised AttributeError: '_GeneratorContextManager' object has no attribute 'GetControlValue'
  FACT  VALUE 'Extension (nm) vs Time (Frame #)' -> {'err': "AttributeError: '_GeneratorContextManager' object has no attribute 'GetControlValue'", 'shape': None, 'value': None}
  FAIL  V1 '# FD points' is a number  {'err': "AttributeError: '_GeneratorContextManager' object has no attribute 'GetControlValue'", 'shape': None, 'value': None}
  FAIL  V2 Force graph read without COM error  {'err': "AttributeError: '_GeneratorContextManager' object has no attribute 'GetControlValue'", 'shape': None, 'value': None}
  FAIL  V3 'Z/dZ' read  {'err': "AttributeError: '_GeneratorContextManager' object has no attribute 'GetControlValue'", 'shape': None, 'value': None}
  FACT  HANDLES after reads: 63225

---------- [H] HYGIENE
  FACT  close_panel(scratch_c99_20260926_193550.vi) raised com_error: (-2147352567, '??? ??????.', (6649, 'LabVIEW', 'LabVIEW: (Hex 0x47D) Cannot close or set the state of a closed front panel. The front panel must already be open before you close it or set its state.', None, 0, 0), None)
  FACT  PRELOAD references released; refs {'opened': 4, 'closed': 4, 'live': 0, 'cached_op_vis': 0}
  FACT  gscript ref_counts: {'opened': 4, 'closed': 4, 'live': 0, 'cached_op_vis': 0}
  PASS  H5 VI-Server reference counter level (opened == closed)  {'opened': 4, 'closed': 4, 'live': 0, 'cached_op_vis': 0}
  FACT  LabVIEW handle count AFTER the work: 54412
  PASS  H4 scratch deleted: scratch_c99_20260926_193550.vi  C:\Program Files\National Instruments\LabVIEW 2026\user.lib\claudeDev\scratch_c99_20260926_193550.vi
  PASS  H2 the INPUT's md5 is UNCHANGED after the run  before 3e3d23cefd3a334001aa9d6156bf1aee / after 3e3d23cefd3a334001aa9d6156bf1aee
  FACT  PIN AFTER  ORIGINAL         2a78e17c449cacdaf5da389818526859  (want 2a78e17c449cacdaf5da389818526859) OK
  FACT  PIN AFTER  S1 D1_s1_copy    3e3d23cefd3a334001aa9d6156bf1aee  (want 3e3d23cefd3a334001aa9d6156bf1aee) OK
  FACT  PIN AFTER  S2 D1_s2_loops   6ff19497f2309e007a214660bb64b911  (want 6ff19497f2309e007a214660bb64b911) OK
  FACT  PIN AFTER  ROW2 bed         26c54ff784cb5cea21edbd214d2cc3a0  (want 26c54ff784cb5cea21edbd214d2cc3a0) OK
  FACT  PIN AFTER  M3a-2            3842f5e6f128226235dc78353f26ef44  (want 3842f5e6f128226235dc78353f26ef44) OK
  PASS  H3 every md5 pin still holds
  FACT  THE FILES THIS RUN LEFT ON DISK: []  (removed: [])
  PASS  H6 the files left on disk == [] and nothing was removed  added [] removed []
  FACT  LabVIEW handle count at exit: 33989

====================================================================================================
=== GATES: 8 pass / 3 fail; failing: V1 '# FD points' is a number, V2 Force graph read without COM error, V3 'Z/dZ' read
JSON: G:\Codes\LabVIEW_Codes\MinLab\zz_LabView VI\AAA_UNIST\2. Tracking\V6_ParallelLoop\tools\bench\diag_c99_lvread.json   elapsed 110.3 s
RESULT {"schema":"result-line/1","status":"FAIL","gates":{"pass":8,"fail":3},"first_fail":"V1 '# FD points' is a number","artefacts":[]}
  PASS  Z LabVIEW gone after the run

====================================================================================================
=== GATES: 9 pass / 3 fail; failing: V1 '# FD points' is a number, V2 Force graph read without COM error, V3 'Z/dZ' read
JSON: G:\Codes\LabVIEW_Codes\MinLab\zz_LabView VI\AAA_UNIST\2. Tracking\V6_ParallelLoop\tools\bench\diag_c99_lvread.json   elapsed 114.7 s
RESULT {"schema":"result-line/1","status":"FAIL","gates":{"pass":9,"fail":3},"first_fail":"V1 '# FD points' is a number","artefacts":[]}
BGRUN END rc=1 after 115s
