BGRUN START 2026-09-27 03:00:00 limit 1.0 min: py -u tools/bench/diag_c103d_q1.py
BGRUN PID 24012
1 gate [1] ['g25261'] {}
2 create [2] ['r1_dl'] {'route': 'while'}
3 create [3] ['r2_dlf'] {'route': 'for'}
4 move_in [4] ['mv_8775'] {}
5 move_in [5] ['mv_8795'] {}
6 move_in [6] ['mv_8741'] {}
7 move_in [7] ['mv_8764'] {}
8 move_in [8] ['mv_28180'] {}
9 move_in [9] ['mv_28233'] {}
10 move_in [10] ['mv_27716'] {}
11 move_in [11] ['mv_29009'] {}
12 move_in [12] ['mv_11310'] {}
13 connect [13] ['rw_8774_8753'] {}
14 connect [14] ['rw_8794_8762'] {}
15 connect [15] ['rw_8750_8790'] {}
16 connect [16] ['rw_8759_28291'] {}
17 connect [17] ['rw_8770_29049'] {}
18 connect [18] ['rw_28189_28281'] {}
19 connect [19] ['rw_28251_27827'] {}
20 connect [20] ['rw_29025_11320'] {}
21 connect [21] ['rw_27784_11323'] {}
22 move_in [22] ['mv_11261'] {}
23 delete_object [23] ['del_11363'] {}
24 create [24] ['r5_ind_ring'] {'route': 'indicator'}
25 create [25] ['r5_ind_wlc'] {'route': 'indicator'}
26 create [26] ['r6_lr_ring'] {'route': 'local_read'}
27 create [27] ['r6_lr_wlc'] {'route': 'local_read'}
28 create [28] ['r6_lr_base'] {'route': 'local_read'}
29 create [29] ['r6_lr_fhw'] {'route': 'local_read'}
30 create [30] ['r6_lr_ehw'] {'route': 'local_read'}
31 tunnel [31, 32, 33] ['t_ring', 't_ring_out', 't_ring_in'] {'tunnel': 'new:TRING1', 'in_act': 32, 'out_act': 33}
32 tunnel [34, 35, 36] ['t_base', 't_base_out', 't_base_in'] {'tunnel': 'new:TBASE1', 'in_act': 35, 'out_act': 36}
33 tunnel [37, 38, 39] ['t_fhw', 't_fhw_out', 't_fhw_in'] {'tunnel': 'new:TFHW1', 'in_act': 38, 'out_act': 39}
34 branch [40] ['t_fhw_br_28223'] {'tunnel': 'new:TFHW1', 'side': 'inner'}
35 tunnel [41, 42, 43] ['t_ehw', 't_ehw_out', 't_ehw_in'] {'tunnel': 'new:TEHW1', 'in_act': 42, 'out_act': 43}
36 branch [44] ['t_ehw_br_29046'] {'tunnel': 'new:TEHW1', 'side': 'inner'}
37 tunnel [45, 46, 47] ['t_out', 't_out_in', 't_out_out'] {'tunnel': 'new:TOUT1', 'in_act': 46, 'out_act': 47}
38 connect [48] ['r6_wlc_element'] {}
39 create [49] ['r6_lw_force'] {'route': 'local_write'}
40 connect [50] ['r6_force_write'] {}
41 create [51] ['r7_wait'] {'route': 'primitive'}
42 create [52] ['r7_max'] {'route': 'primitive'}
43 create [53] ['r7_one'] {'route': 'const_on_term'}
44 create [54] ['r7_ctl'] {'route': 'control'}
45 connect [55] ['r7_max_wait'] {}
46 create [56] ['r8_lr_turnoff'] {'route': 'local_read'}
47 stop [57] ['r8_stop'] {'loop': 'new:DL1'}
['schema', 'stage', 'goal', 'base', 'context', 'actions', 'open_rows', 'final', 'finalized']
['script', 'stamp', 'input', 'input_md5_pin', 'work', 'task', 'no_vi_was_run', 'verification_level', 'es_timeline', 'ops', 'saves', 'H', 'claudedev_before', 'input_md5_before', 'pins_before', 'gates', 'facts', 'rows', 'elapsed_s', 'purges', 'stagexec', 'step_diffs', 'partA', 'input_md5_after', 'pins_after']
{'stop_after': 33, 'plan': 'G:\\Codes\\LabVIEW_Codes\\MinLab\\zz_LabView VI\\AAA_UNIST\\2. Tracking\\V6_ParallelLoop\\tools\\bench\\sim/disp/plan_disp.json', 'plan_md5': 'c7d80fc93279f4ea5efd21c068e7efa6', 'bind': ('dict', 3), 'loop_of': ('dict', 0), 'sym_real': ('dict', 0), 'file': 'C:\\Program Files\\National Instruments\\LabVIEW 2026\\user.lib\\claudeDev\\D1_s1_dispA_20260927_024535.vi', 'md5': '16c2ca00a114a227a81612dd49d111cc', 'meter': ('list', 84), 'level': 'STRUCTURAL, broken by design'}
{"obj": {"-1": 23047, "-5": 23295, "-8": 23403, "-20": 23538, "-21": 23775, "-22": 23620, "-24": 23623, "-26": 23781, "-28": 23796, "-30": 23811, "-32": 23886, "-37": 23910, "-42": 23982}, "term": {"-3": 23090, "-4": 23099, "-7": 23447, "-9": 23402, "-10": 23408, "-20": 23538, "-21": 23775, "-23": 23792, "-25": 23807, "-27": 23823, "-29": 23841, "-31": 23859, "-33": 23906, "-34": 23895, "-38": 23978, "-39": 23961, "-43": 24015, "-44": 24009}, "diag": {"-2": 23073, "-6": 23432}}
{}
{}
RESULT {"schema":"result-line/1","status":"PASS","gates":{"pass":0,"fail":0},"first_fail":null,"artefacts":[]}
BGRUN END rc=0 after 1s
