BGRUN START 2026-09-27 07:36:44 limit 30.0 min: py -u tools/bench/diag_c106e_regress.py
BGRUN PID 18636
TEST selftest_stage_prerun_graphload.py       code 0  RESULT {"schema":"result-line/1","status":"PASS","gates":{"pass":18,"fail":0},"first_fail":null,"artefacts":[]}
TEST selftest_stage_prerun_c103.py            code 0  RESULT {"schema":"result-line/1","status":"PASS","gates":{"pass":4,"fail":0},"first_fail":null,"artefacts":[]}
TEST selftest_stage_prerun_stageplan.py       code 0  RESULT {"schema":"result-line/1","status":"PASS","gates":{"pass":12,"fail":0},"first_fail":null,"artefacts":[]}
     FAIL  X4 every end addressable offline  no graph JSON for input md5 None
     FAIL  X6 ast lint: no re-typed uid / terminal name  no graph JSON - the lint needs the input's uids
     FAIL  X4 every end addressable offline  no graph JSON for input md5 None
     FAIL  X5 wiring ops executed in the dry run == plan wire rows  ops 10 vs plan wire rows 0 + stageplan wiring real ops 11 (covering 17/17 wire actions)
     FAIL  X6 ast lint: no re-typed uid / terminal name  no graph JSON - the lint needs the input's uids
     FAIL  X2 a finalized plan file (decisions rows, or a final PASS stageplan/1) is named by the recipe  ['C:/Users/KimLab/AppData/Local/Temp/spsp_selftest_17564/plan_notfinal.json: load_final_plan: plan is not final (final=
TEST selftest_stage_prerun_headcmp_79-6.py    code 0  RESULT {"schema":"result-line/1","status":"PASS","gates":{"pass":2,"fail":0},"first_fail":null,"artefacts":[]}
TEST selftest_launch_gate.py                  code 0  RESULT {"schema":"result-line/1","status":"PASS","gates":{"pass":28,"fail":0},"first_fail":null,"artefacts":[]}
TEST selftest_prerun_diag.py                  code 0  RESULT {"schema":"result-line/1","status":"PASS","gates":{"pass":9,"fail":0},"first_fail":null,"artefacts":[]}
TEST selftest_retry_cap.py                    code 0  RESULT {"schema":"result-line/1","status":"PASS","gates":{"pass":8,"fail":0},"first_fail":null,"artefacts":[]}
TEST selftest_guard_bash_jev.py               code 0  RESULT {"schema":"result-line/1","status":"PASS","gates":{"pass":12,"fail":0},"first_fail":null,"artefacts":[]}
TEST selftest_c103d_hooks.py                  code 0  RESULT {"schema":"result-line/1","status":"PASS","gates":{"pass":17,"fail":0},"first_fail":null,"artefacts":[]}
TEST selftest_scratch_verify.py               code 0  RESULT {"schema":"result-line/1","status":"PASS","gates":{"pass":7,"fail":0},"first_fail":null,"artefacts":[]}
TEST selftest_stagexec_gate.py                code 0  RESULT {"schema":"result-line/1","status":"PASS","gates":{"pass":13,"fail":0},"first_fail":null,"artefacts":[]}
TEST selftest_c98_compile.py                  code 0  RESULT {"schema":"result-line/1","status":"PASS","gates":{"pass":3,"fail":0},"first_fail":null,"artefacts":[]}
TEST selftest_matbench.py                     code 0  RESULT {"schema": "result-line/1", "status": "PASS", "gates": {"pass": 10, "fail": 0}, "first_fail": null, "artefacts": []}
TEST selftest_protocol_wiring.py              code 0  RESULT {"schema":"result-line/1","status":"PASS","gates":{"pass":66,"fail":0},"first_fail":null,"artefacts":[]}
TEST stage_prerun --selftest-control-lint     code 0  ['RESULT {"schema":"result-line/1","status":"PASS","gates":{"pass":10,"fail":0},"first_fail":null,"artefacts":[]}']
RESULT {"schema":"result-line/1","status":"PASS","gates":{"pass":15,"fail":0},"first_fail":null,"artefacts":[]}
BGRUN END rc=0 after 210s
