BGRUN START 2026-09-27 23:20:13 limit 1.0 min: py -u tools/bench/diag_c112c_scan2.py generate spectra v2
BGRUN PID 14140
file C:\Program Files\National Instruments\LabVIEW 2026\user.lib\claudeDev\background VIs_COPY\generate spectra v2.vi md5 4340664c50deefb595b05300d2a758bd bytes 15879
row keys ['frame_diagram', 'is_source', 'owner_class', 'owner_uid', 'term_class', 'term_name', 'term_uid', 'wire_uid']
{'owner_uid': 225, 'owner_class': 'Tunnel', 'term_uid': 228, 'term_name': '', 'term_class': 'OuterTerminal', 'is_source': False, 'wire_uid': 249, 'frame_diagram': 3} peers [(3, 'TopLevelDiagram', 239, '# forces', True)]
{'owner_uid': 406, 'owner_class': 'Tunnel', 'term_uid': 409, 'term_name': '', 'term_class': 'OuterTerminal', 'is_source': False, 'wire_uid': 866, 'frame_diagram': 163} peers [(653, 'DigitalNumericConstant', 832, '', True)]
{'owner_uid': 406, 'owner_class': 'Tunnel', 'term_uid': 408, 'term_name': '', 'term_class': 'InnerTerminal', 'is_source': True, 'wire_uid': 0, 'frame_diagram': 216} peers []
{'owner_uid': 225, 'owner_class': 'Tunnel', 'term_uid': 227, 'term_name': '', 'term_class': 'InnerTerminal', 'is_source': True, 'wire_uid': 56, 'frame_diagram': 163} peers [(103, 'Formula', 218, 'N', False)]
{'owner_uid': 163, 'owner_class': 'Diagram', 'term_uid': 646, 'term_name': 'iteration', 'term_class': 'ControlTerminal', 'is_source': False, 'wire_uid': 110, 'frame_diagram': 163} peers [(103, 'Formula', 107, 'i', False), (163, 'Diagram', 224, '', True), (163, 'Diagram', 224, '', True)]
{'owner_uid': 163, 'owner_class': 'Diagram', 'term_uid': 716, 'term_name': 'averaging time (s)', 'term_class': 'ControlTerminal', 'is_source': True, 'wire_uid': 918, 'frame_diagram': 163} peers [(833, 'LoopTunnel', 863, 'averaging time (s)', False)]
{'owner_uid': 3, 'owner_class': 'TopLevelDiagram', 'term_uid': 70, 'term_name': 'bead diameter (nm)', 'term_class': 'ControlTerminal', 'is_source': True, 'wire_uid': 108, 'frame_diagram': 3} peers [(49, 'Formula', 74, 'd', False)]
{'owner_uid': 3, 'owner_class': 'TopLevelDiagram', 'term_uid': 97, 'term_name': 'Length (nm)', 'term_class': 'ControlTerminal', 'is_source': True, 'wire_uid': 316, 'frame_diagram': 3} peers [(49, 'Formula', 608, 'l', False)]
{'owner_uid': 3, 'owner_class': 'TopLevelDiagram', 'term_uid': 149, 'term_name': 'Low k (pN/nm)', 'term_class': 'ControlTerminal', 'is_source': True, 'wire_uid': 212, 'frame_diagram': 3} peers [(170, 'LoopTunnel', 206, 'Low k (pN/nm)', False)]
{'owner_uid': 3, 'owner_class': 'TopLevelDiagram', 'term_uid': 184, 'term_name': 'Hi k (pN/nm)', 'term_class': 'ControlTerminal', 'is_source': True, 'wire_uid': 231, 'frame_diagram': 3} peers [(188, 'LoopTunnel', 200, 'Hi k (pN/nm)', False)]
{'owner_uid': 3, 'owner_class': 'TopLevelDiagram', 'term_uid': 239, 'term_name': '# forces', 'term_class': 'ControlTerminal', 'is_source': True, 'wire_uid': 249, 'frame_diagram': 3} peers [(225, 'Tunnel', 228, '', False)]
{'owner_uid': 3, 'owner_class': 'TopLevelDiagram', 'term_uid': 784, 'term_name': 'expected variance', 'term_class': 'ControlTerminal', 'is_source': False, 'wire_uid': 795, 'frame_diagram': 3} peers [(736, 'LoopTunnel', 742, '', True)]
{'owner_uid': 3, 'owner_class': 'TopLevelDiagram', 'term_uid': 859, 'term_name': 'measured variance', 'term_class': 'ControlTerminal', 'is_source': False, 'wire_uid': 870, 'frame_diagram': 3} peers [(474, 'LoopTunnel', 827, '', True)]
{'owner_uid': 3, 'owner_class': 'TopLevelDiagram', 'term_uid': 708, 'term_name': 'Spring constants', 'term_class': 'ControlTerminal', 'is_source': False, 'wire_uid': 724, 'frame_diagram': 3} peers [(614, 'LoopTunnel', 871, '', True)]
{'owner_uid': 3, 'owner_class': 'TopLevelDiagram', 'term_uid': 683, 'term_name': 'viscosity', 'term_class': 'ControlTerminal', 'is_source': True, 'wire_uid': 715, 'frame_diagram': 3} peers [(49, 'Formula', 621, 'v', False)]
owner classes {'Formula': 16, 'Tunnel': 4, 'LoopTunnel': 24, 'PolymorphicSubVI': 5, 'Function': 9, 'Diagram': 6, 'DigitalNumericConstant': 4, 'TopLevelDiagram': 9}
RESULT {"schema":"result-line/1","status":"PASS","gates":{"pass":1,"fail":0},"first_fail":null,"artefacts":[]}
BGRUN END rc=0 after 1s
