BGRUN START 2026-09-17 09:32:45 limit 8.0 min: py -u tools/bench/diag_create_const_equal.py
[PASS] C1 Create Constant.vi  C:\Program Files\National Instruments\LabVIEW 2026\vi.lib\Erdos Miller\LV-Scripting\Create Constant.vi
[PASS] C1 Create Equal.vi  C:\Program Files\National Instruments\LabVIEW 2026\vi.lib\Erdos Miller\LV-Scripting\Create Equal.vi

######## Create Constant.vi ########
[PASS] C2 Create Constant.vi conpane  got {0: 'Diagram in', 2: 'location (0, 0)', 4: 'Diagram out', 5: 'Type', 6: 'Terminal', 7: 'Value', 11: 'error in (no error)', 15: 'error out'}
   t 0 'Diagram in'             -> int                          value='0'
   t 2 'location (0, 0)'        -> tuple[2] of int, int         value='(0, 0)'
   t 4 'Diagram out'            -> int                          value='0'
   t 5 'Type'                   -> NoneType                     value='None'
   t 6 'Terminal'               -> int                          value='0'
   t 7 'Value'                  -> NoneType                     value='None'
   t11 'error in (no error)'    -> tuple[3] of bool, int, str   value="(False, 0, '')"
   t15 'error out'              -> tuple[3] of bool, int, str   value="(False, 0, '')"
[PASS] C3 Create Constant.vi control types read  

######## Create Equal.vi ########
[PASS] C2 Create Equal.vi conpane  got {0: 'Diagram in', 2: 'location (0, 0)', 4: 'Diagram out', 5: 'x', 6: 'x = y?', 7: 'y', 9: 'Compare Aggregates?', 11: 'error in (no error)', 15: 'error out'}
   t 0 'Diagram in'             -> int                          value='0'
   t 2 'location (0, 0)'        -> tuple[2] of int, int         value='(0, 0)'
   t 4 'Diagram out'            -> int                          value='0'
   t 5 'x'                      -> int                          value='0'
   t 6 'x = y?'                 -> int                          value='0'
   t 7 'y'                      -> int                          value='0'
   t 9 'Compare Aggregates?'    -> bool                         value='True'
   t11 'error in (no error)'    -> tuple[3] of bool, int, str   value="(False, 0, '')"
   t15 'error out'              -> tuple[3] of bool, int, str   value="(False, 0, '')"
[PASS] C3 Create Equal.vi control types read  
[PASS] C4 md5 Create Constant.vi  5b5ad47aca667688ad92a53bac50be50
[PASS] C4 md5 Create Equal.vi  813d3e03f247a19f2a18291749d92571

VERDICT: 8 pass / 0 fail
elapsed 128.4 s
BGRUN END rc=0 after 129s
