BGRUN START 2026-09-27 22:38:32 limit 5.0 min: py -u tools/bench/diag_c112a_b2a_route.py
BGRUN PID 8644
  BASE-FLIPS seeded 34 terminal(s) on 15 undirected tunnel(s): [2765, 2992, 3176, 6132, 9087, 9503, 10004, 10177, 28370, 29777, 29911, 30135, 30896, 31051, 31137]
  STEP 01 wire             ok cands=0 cdiff=56 measured:tools/bench/opmodels/connect_from_wire.json@87135ed9639c7ee773786a9bd8af2def
  STEP 02 wire             ok cands=0 cdiff=56 measured:tools/bench/opmodels/connect_from_wire.json@87135ed9639c7ee773786a9bd8af2def
  STEP 03 wire             ok cands=0 cdiff=55 measured:tools/bench/opmodels/connect_from_wire.json@87135ed9639c7ee773786a9bd8af2def
  STEP 04 wire             ok cands=0 cdiff=55 measured:tools/bench/opmodels/connect_from_wire.json@87135ed9639c7ee773786a9bd8af2def
  STEP 05 wire             ok cands=0 cdiff=55 measured:tools/bench/opmodels/connect_from_wire.json@87135ed9639c7ee773786a9bd8af2def
  STEP 06 wire             ok cands=0 cdiff=54 measured:tools/bench/opmodels/connect_from_wire.json@87135ed9639c7ee773786a9bd8af2def
  STEP 07 wire             ok cands=0 cdiff=54 measured:tools/bench/opmodels/connect_from_wire.json@87135ed9639c7ee773786a9bd8af2def
  ROUTE 1 connect ['b2_09']: connect  UNROUTABLE ADDRESS: #25588 '' on node #10170: 2 (name,dir,wire) matches in [('', True, 0), ('', False, 8590), ('', True, 0), ('', False, 25438), ('', True, 0), ('', False, 25461), ('Auto-reset zero', True, 0), (
  ROUTE 2 connect ['b2_10']: connect  UNROUTABLE ADDRESS: node #9227 not in Diagram[122] (#23166).Nodes[]
  ROUTE 3 connect ['b2_11']: connect  UNROUTABLE ADDRESS: node #9087 not in Diagram[122] (#23166).Nodes[]
  ROUTE 4 connect ['b2_12']: cfw
  ROUTE 5 connect ['b2_13']: connect  UNROUTABLE ADDRESS: node #29616 not in Diagram[122] (#23166).Nodes[]
  ROUTE 6 connect ['b2_14']: connect  UNROUTABLE ADDRESS: node #29911 not in Diagram[122] (#23166).Nodes[]
  ROUTE 7 connect ['b2_15']: connect  UNROUTABLE ADDRESS: #2282 '' on node #2222: 3 (name,dir,wire) matches in [('', False, 0), ('Z out', True, 25597), ('x,y,z array out', False, 0), ('', False, 0), ('', False, 0), ('Correction Factor', False, 0), (
FINAL False open_rows_match False failed None
END cdiff rows 54 (sim of 111-5: 56)
STEP 0 base None cdiff 56 unflipped []
STEP 1 wire b2_09 cdiff 56 unflipped []
STEP 2 wire b2_10 cdiff 56 unflipped []
STEP 3 wire b2_11 cdiff 55 unflipped [9089]
STEP 4 wire b2_12 cdiff 55 unflipped []
STEP 5 wire b2_13 cdiff 55 unflipped []
STEP 6 wire b2_14 cdiff 54 unflipped [29923]
STEP 7 wire b2_15 cdiff 54 unflipped []
END ROWS ['11261|Terminal|array|0', '11261|Terminal|element|0', '2626|Terminal|array|0', '2626|Terminal|array|1', '2626|Terminal|array|2', '2626|Terminal|array|3', '2626|Terminal|element|0', '2626|Terminal|element|1', '2626|Terminal|element|2', '27716|ParameterTerminal|index|0', '28083|Terminal|Mag pos when touched to glass|0', '28083|Terminal|Magnet position|0', '28180|Terminal|half-width|0', '28233|Terminal|X|0', '28786|ControlTerminal|Extension (nm) vs Time (Frame #)|0', '29005|Terminal|element|0', '29009|Terminal|left rank|0', '29009|Terminal|right rank|0', '29625|Terminal|disabled index (row)|0', '29625|Terminal|index (col)|0', '29625|Terminal|index (row)|0', '29973|Terminal|element|0', '29973|Terminal|element|1', '30306|Terminal|X|0', '30306|Terminal|left rank|0', '30306|Terminal|right rank|0', '30331|Terminal|disabled index (col)|0', '30331|Terminal|disabled index (col)|1', '30331|Terminal|index (row)|0', '30331|Terminal|index (row)|1', '30331|Terminal|index|0', '30331|Terminal|index|1', '376|Terminal|current frame data array in|0', '376|Terminal|frame index|0', '5058|Terminal|Image In|0', '5696|Terminal|Correction Factor|0', '5696|Terminal|x,y,z array|0', '5696|Terminal|z index of first ref|0', '5696|Terminal|z indices of all exp|0', '6085|Terminal|Correction Factor|0', '6085|Terminal|x,y,z array|0', '6085|Terminal|z index of first ref|0', '6085|Terminal|z indices of all exp|0', '8566|Terminal|element|0', '8634|Terminal|disabled index (row)|0', '8634|Terminal|index (col)|0', '8634|Terminal|index (row)|0', '8741|Terminal|disabled index (col)|0', '8741|Terminal|disabled index (col)|1', '8741|Terminal|index (row)|0', '8741|Terminal|index (row)|1', '8741|Terminal|index|0', '8741|Terminal|index|1', '8764|ParameterTerminal|x|0']
ROUTE-CHECK FAIL UNROUTABLE 6 row(s): acts [1] ['b2_09']: ADDRESS: #25588 '' on node #10170: 2 (name,dir,wire) matches in [('', True, 0), ('', False, 8590), ('', True, 0), ('', False, 25438), ('', True, 0), ('', False,; acts [2] ['b2_10']: ADDRESS: node #9227 not in Diagram[122] (#23166).Nodes[]; acts [3] ['b2_11']: ADDRESS: node #9087 not in Diagram[122] (#23166).Nodes[]; acts [5] ['b2_13']: ADDRESS: node #29616 not in Diagram[122] (#23166).Nodes[]; acts [6] ['b2_14']: ADDRESS: node #29911 not in Diagram[122] (#23166).Nodes[]; acts [7] ['b2_15']: ADDRESS: #2282 '' on node #2222: 3 (name,dir,wire) matches in [('', False, 0), ('Z out', True, 25597), ('x,y,z array out', False, 0), ('', False, 0), ('', False
ROUTE-ROW {"k": 1, "op": "connect", "ids": ["b2_09"], "route": "connect", "how": null, "unroutable": "ADDRESS: #25588 '' on node #10170: 2 (name,dir,wire) matches in [('', True, 0), ('', False, 8590), ('', True, 0), ('', False, 25438), ('', True, 0), ('', False, 25461), ('Auto-reset zero', True, 0), ('Auto-reset zero', False, 11253), ('', True, 0), ('', False, 0), ('', True, 0), ('', False, 0)]"}
ROUTE-ROW {"k": 2, "op": "connect", "ids": ["b2_10"], "route": "connect", "how": null, "unroutable": "ADDRESS: node #9227 not in Diagram[122] (#23166).Nodes[]"}
ROUTE-ROW {"k": 3, "op": "connect", "ids": ["b2_11"], "route": "connect", "how": null, "unroutable": "ADDRESS: node #9087 not in Diagram[122] (#23166).Nodes[]"}
ROUTE-ROW {"k": 4, "op": "connect", "ids": ["b2_12"], "route": "cfw", "how": "unique-match", "unroutable": null}
ROUTE-ROW {"k": 5, "op": "connect", "ids": ["b2_13"], "route": "connect", "how": null, "unroutable": "ADDRESS: node #29616 not in Diagram[122] (#23166).Nodes[]"}
ROUTE-ROW {"k": 6, "op": "connect", "ids": ["b2_14"], "route": "connect", "how": null, "unroutable": "ADDRESS: node #29911 not in Diagram[122] (#23166).Nodes[]"}
ROUTE-ROW {"k": 7, "op": "connect", "ids": ["b2_15"], "route": "connect", "how": null, "unroutable": "ADDRESS: #2282 '' on node #2222: 3 (name,dir,wire) matches in [('', False, 0), ('Z out', True, 25597), ('x,y,z array out', False, 0), ('', False, 0), ('', False, 0), ('Correction Factor', False, 0), ('X out', True, 25603)]"}
  PASS  pinned plan_l2b2a.json untouched
  PASS  route report lists 7 rows
RESULT {"schema":"result-line/1","status":"PASS","gates":{"pass":2,"fail":0},"first_fail":null,"artefacts":[]}
BGRUN END rc=0 after 10s
