BGRUN START 2026-09-26 15:55:48 limit 8.0 min: py -u tools/bench/diag_c97_tools_fixprobe.py
BGRUN PID 23656
  FACT  Test - Navigating Structures Target.vi ES=1 classes={'TopLevelDiagram': 1, 'Text': 1, 'CaseStructure': 3, 'OuterTerminal': 3, 'Diagram': 6, 'InnerTerminal': 6, 'Tunnel': 3, 'Terminal': 2, 'BooleanConstant': 2, 'ControlTerminal': 1, 'Wire': 3}
  OBSERVED uid 218 -> owner 'TopLevelDiagram' uid 3 | self 'CaseStructure'#218 | 482 says 'TopLevelDiagram' cast 'TopLevelDiagram' |  
  OBSERVED uid 3 -> owner '' uid 0 | self 'TopLevelDiagram'#3 | 482 says '' cast '' |  error 1055: Property Node in OpOwnerChain_v1.vi error 1055: 
  FACT     CaseStructure #218 owner TopLevelDiagram#3 <- #0
  OBSERVED uid 166 -> owner 'TopLevelDiagram' uid 3 | self 'CaseStructure'#166 | 482 says 'TopLevelDiagram' cast 'TopLevelDiagram' |  
  OBSERVED uid 3 -> owner '' uid 0 | self 'TopLevelDiagram'#3 | 482 says '' cast '' |  error 1055: Property Node in OpOwnerChain_v1.vi error 1055: 
  FACT     CaseStructure #166 owner TopLevelDiagram#3 <- #0
  OBSERVED uid 49 -> owner 'TopLevelDiagram' uid 3 | self 'CaseStructure'#49 | 482 says 'TopLevelDiagram' cast 'TopLevelDiagram' |  
  OBSERVED uid 3 -> owner '' uid 0 | self 'TopLevelDiagram'#3 | 482 says '' cast '' |  error 1055: Property Node in OpOwnerChain_v1.vi error 1055: 
  FACT     CaseStructure #49 owner TopLevelDiagram#3 <- #0
  FACT  Test - Navigating Nodes and Wires Target.vi ES=1 classes={'TopLevelDiagram': 1, 'Text': 1, 'Function': 1, 'ParameterTerminal': 3, 'ControlTerminal': 1, 'Terminal': 1, 'StringConstant': 1, 'Wire': 2}
  FACT  Test - Using Traverse.vi ES=1 classes={'TopLevelDiagram': 1, 'Text': 1, 'SubVI': 1, 'Terminal': 48, 'Function': 1, 'ParameterTerminal': 9, 'FlatSequence': 1, 'Diagram': 5, 'WhileLoop': 3, 'PolymorphicSubVI': 1, 'BooleanConstant': 3, 'Wire': 4, 'ForLoop': 1, 'OuterTerminal': 1, 'ArrayConstant': 2, 'StringConstant': 1, 'InnerTerminal': 1, 'Tunnel': 1, 'DigitalNumericConstant': 2}
  OBSERVED uid 246 -> owner 'TopLevelDiagram' uid 3 | self 'FlatSequence'#246 | 482 says 'TopLevelDiagram' cast 'TopLevelDiagram' |  
  OBSERVED uid 3 -> owner '' uid 0 | self 'TopLevelDiagram'#3 | 482 says '' cast '' |  error 1055: Property Node in OpOwnerChain_v1.vi error 1055: 
  FACT     FlatSequence #246 owner TopLevelDiagram#3 <- #0
  OBSERVED uid 74 -> owner 'TopLevelDiagram' uid 3 | self 'WhileLoop'#74 | 482 says 'TopLevelDiagram' cast 'TopLevelDiagram' |  
  OBSERVED uid 3 -> owner '' uid 0 | self 'TopLevelDiagram'#3 | 482 says '' cast '' |  error 1055: Property Node in OpOwnerChain_v1.vi error 1055: 
  FACT     WhileLoop #74 owner TopLevelDiagram#3 <- #0
  OBSERVED uid 99 -> owner 'Diagram' uid 82 | self 'WhileLoop'#99 | 482 says 'Diagram' cast 'Diagram' |  
  OBSERVED uid 82 -> owner 'WhileLoop' uid 74 | self 'Diagram'#82 | 482 says 'WhileLoop' cast 'WhileLoop' |  
  FACT     WhileLoop #99 owner Diagram#82 <- WhileLoop#74
  OBSERVED uid 49 -> owner 'TopLevelDiagram' uid 3 | self 'ForLoop'#49 | 482 says 'TopLevelDiagram' cast 'TopLevelDiagram' |  
  OBSERVED uid 3 -> owner '' uid 0 | self 'TopLevelDiagram'#3 | 482 says '' cast '' |  error 1055: Property Node in OpOwnerChain_v1.vi error 1055: 
  FACT     ForLoop #49 owner TopLevelDiagram#3 <- #0
  OBSERVED uid 245 -> owner 'Diagram' uid 57 | self 'WhileLoop'#245 | 482 says 'Diagram' cast 'Diagram' |  
  OBSERVED uid 57 -> owner 'ForLoop' uid 49 | self 'Diagram'#57 | 482 says 'ForLoop' cast 'ForLoop' |  
  FACT     WhileLoop #245 owner Diagram#57 <- ForLoop#49
  FACT  LabVIEW gone: True scratch left: []
RESULT {"status":"PASS","gates":{"pass":3,"fail":0},"first_fail":null,"artefacts":[],"schema":"result-line/1"}
BGRUN END rc=0 after 23s
