BGRUN START 2026-09-28 01:04:31 limit 5.0 min: py -u tools/bench/diag_c113b_plan.py
BGRUN PID 8880
  GATE PASS  S1 graph md5 == pin  5de014fe580b938328fa8662cf2b0652
  FACT B2-07 rule: S1 #29172 outer face rows 1, wire 32890, sinks [28786] -> route it: True
  GATE PASS  ROW b2_01 (B2-01) resolves: src #8885 'x*y' -> dst #10004 'outer'  ((8891, 0), (10009, 0))
  GATE PASS  ROW b2_02 (B2-02) resolves: src #8885 'x*y' -> dst #30135 'outer'  ((8891, 0), (30144, 0))
  GATE PASS  ROW b2_03 (B2-03) resolves: src #11363 'outer' -> dst #11261 'array'  ((11369, 0), (11270, 0))
  GATE PASS  ROW b2_04 (B2-04) resolves: src #28170 'CT' -> dst #31051 'outer'  ((28170, 0), (31055, 0))
  GATE PASS  ROW b2_05 (B2-05) resolves: src #29091 'CT' -> dst #31137 'outer'  ((29091, 0), (31158, 0))
  GATE PASS  ROW b2_06 (B2-06) resolves: src #29091 'CT' -> dst #30896 'outer'  ((29091, 0), (30901, 0))
  GATE PASS  ROW b2_07 (B2-07) resolves: src #29172 'outer' -> dst #28786 'CT'  ((29178, 0), (28786, 0))
  GATE PASS  ROW b2_08 (B2-08) resolves: src #5058 'x,y,z array out' -> dst #2765 'outer'  ((5124, 25283), (2811, 0))
  GATE PASS  ROW b2_16 (B2-16) resolves: src #9306 'CT' -> dst #6132 'outer'  ((9306, 0), (6142, 0))
  FACT NAMEDIFF #119 RightShiftRegister row=False equal=False bed-only {'': 2} S1-only {'pos in cal image out': 2}
  FACT NAMEDIFF #270 Tunnel row=False equal=True bed-only {} S1-only {}
  FACT NAMEDIFF #376 SubVI row=False equal=True bed-only {} S1-only {}
  FACT NAMEDIFF #649 LoopTunnel row=False equal=True bed-only {} S1-only {}
  FACT NAMEDIFF #665 LoopTunnel row=False equal=True bed-only {} S1-only {}
  FACT NAMEDIFF #924 LoopTunnel row=False equal=True bed-only {} S1-only {}
  FACT NAMEDIFF #1147 RightShiftRegister row=False equal=False bed-only {'': 2} S1-only {'x,y,z array out': 2}
  FACT NAMEDIFF #1445 SelectorTunnel row=False equal=True bed-only {} S1-only {}
  FACT NAMEDIFF #1605 LoopTunnel row=False equal=True bed-only {} S1-only {}
  FACT NAMEDIFF #1666 LoopTunnel row=False equal=True bed-only {} S1-only {}
  FACT NAMEDIFF #2179 SelectorTunnel row=False equal=True bed-only {} S1-only {}
  FACT NAMEDIFF #2396 LoopTunnel row=False equal=True bed-only {} S1-only {}
  FACT NAMEDIFF #2451 SelectorTunnel row=False equal=True bed-only {} S1-only {}
  FACT NAMEDIFF #2580 LoopTunnel row=False equal=True bed-only {} S1-only {}
  FACT NAMEDIFF #2626 BuildArray row=False equal=False bed-only {'array': 3} S1-only {'element': 3}
  FACT NAMEDIFF #2765 SelectorTunnel row=True equal=True bed-only {} S1-only {}
  FACT NAMEDIFF #2932 FlatSequenceInnerTunnel row=False equal=True bed-only {} S1-only {}
  FACT NAMEDIFF #2972 LeftShiftRegister row=False equal=False bed-only {'': 2} S1-only {'pos in cal image out': 2}
  FACT NAMEDIFF #2992 SelectorTunnel row=False equal=True bed-only {} S1-only {}
  FACT NAMEDIFF #3078 SelectorTunnel row=False equal=True bed-only {} S1-only {}
  FACT NAMEDIFF #3176 SelectorTunnel row=False equal=True bed-only {} S1-only {}
  FACT NAMEDIFF #3656 LoopTunnel row=False equal=True bed-only {} S1-only {}
  FACT NAMEDIFF #3675 FlatSequenceInnerTunnel row=False equal=True bed-only {} S1-only {}
  FACT NAMEDIFF #3862 FlatSequenceInnerTunnel row=False equal=True bed-only {} S1-only {}
  FACT NAMEDIFF #3920 LoopTunnel row=False equal=True bed-only {} S1-only {}
  FACT NAMEDIFF #4031 LoopTunnel row=False equal=True bed-only {} S1-only {}
  FACT NAMEDIFF #4432 LoopTunnel row=False equal=True bed-only {} S1-only {}
  FACT NAMEDIFF #4442 LoopTunnel row=False equal=True bed-only {} S1-only {}
  FACT NAMEDIFF #4580 Property row=False equal=True bed-only {} S1-only {}
  FACT NAMEDIFF #5058 SubVI row=True equal=True bed-only {} S1-only {}
  FACT NAMEDIFF #5119 Function row=False equal=True bed-only {} S1-only {}
  FACT NAMEDIFF #5287 FlatSequenceInnerTunnel row=False equal=True bed-only {} S1-only {}
  FACT NAMEDIFF #5351 LeftShiftRegister row=False equal=True bed-only {} S1-only {}
  FACT NAMEDIFF #5659 FlatSequenceInnerTunnel row=False equal=True bed-only {} S1-only {}
  FACT NAMEDIFF #5680 SelectorTunnel row=False equal=False bed-only {'': 3} S1-only {'Bead is good? array out': 3}
  FACT NAMEDIFF #5696 SubVI row=False equal=True bed-only {} S1-only {}
  FACT NAMEDIFF #5702 SelectorTunnel row=False equal=False bed-only {'': 3} S1-only {'Bead is good? array out': 3}
  FACT NAMEDIFF #5725 SelectorTunnel row=False equal=True bed-only {} S1-only {}
  FACT NAMEDIFF #5796 RightShiftRegister row=False equal=False bed-only {'': 2} S1-only {'Bead is good? array out': 2}
  FACT NAMEDIFF #5825 SelectorTunnel row=False equal=False bed-only {'': 3} S1-only {'x,y,z array out': 3}
  FACT NAMEDIFF #5952 FlatSequenceInnerTunnel row=False equal=True bed-only {} S1-only {}
  FACT NAMEDIFF #5967 SelectorTunnel row=False equal=True bed-only {} S1-only {}
  FACT NAMEDIFF #6016 SelectorTunnel row=False equal=False bed-only {'': 3} S1-only {'x,y,z array out': 3}
  FACT NAMEDIFF #6085 SubVI row=False equal=True bed-only {} S1-only {}
  FACT NAMEDIFF #6132 SelectorTunnel row=True equal=True bed-only {} S1-only {}
  FACT NAMEDIFF #6239 FlatSequenceInnerTunnel row=False equal=True bed-only {} S1-only {}
  FACT NAMEDIFF #6810 SubVI row=False equal=True bed-only {} S1-only {}
  FACT NAMEDIFF #7091 SelectorTunnel row=False equal=True bed-only {} S1-only {}
  FACT NAMEDIFF #8566 BuildArray row=False equal=True bed-only {} S1-only {}
  FACT NAMEDIFF #8634 GrowableFunction row=False equal=True bed-only {} S1-only {}
  FACT NAMEDIFF #8764 Function row=False equal=True bed-only {} S1-only {}
  FACT NAMEDIFF #8885 Function row=True equal=True bed-only {} S1-only {}
  FACT NAMEDIFF #9050 DigitalNumericConstant row=False equal=True bed-only {} S1-only {}
  FACT NAMEDIFF #9503 LoopTunnel row=False equal=True bed-only {} S1-only {}
  FACT NAMEDIFF #9833 IndexArray row=False equal=True bed-only {} S1-only {}
  FACT NAMEDIFF #9906 DigitalNumericConstant row=False equal=True bed-only {} S1-only {}
  FACT NAMEDIFF #10004 LoopTunnel row=True equal=True bed-only {} S1-only {}
  FACT NAMEDIFF #10757 IndexArray row=False equal=True bed-only {} S1-only {}
  FACT NAMEDIFF #10850 RightShiftRegister row=False equal=False bed-only {'': 2} S1-only {}
  FACT NAMEDIFF #10929 DigitalNumericConstant row=False equal=True bed-only {} S1-only {}
  FACT NAMEDIFF #10969 Function row=False equal=True bed-only {} S1-only {}
  FACT NAMEDIFF #10978 SelectorTunnel row=False equal=False bed-only {'index': 3} S1-only {'Index of closest\ncal image slice, bead 2': 3}
  FACT NAMEDIFF #11261 BuildArray row=True equal=True bed-only {} S1-only {}
  FACT NAMEDIFF #11310 Bundler row=False equal=True bed-only {} S1-only {}
  FACT NAMEDIFF #11363 LoopTunnel row=True equal=True bed-only {} S1-only {}
  FACT NAMEDIFF #11576 Unbundler row=False equal=True bed-only {} S1-only {}
  FACT NAMEDIFF #11608 Bundler row=False equal=True bed-only {} S1-only {}
  FACT NAMEDIFF #20497 SelectorTunnel row=False equal=True bed-only {} S1-only {}
  FACT NAMEDIFF #22703 FormatScanString row=False equal=True bed-only {} S1-only {}
  FACT NAMEDIFF #23508 RightShiftRegister row=False equal=False bed-only {'': 2} S1-only {}
  FACT NAMEDIFF #23792 LeftShiftRegister row=False equal=False bed-only {'': 2} S1-only {}
  FACT NAMEDIFF #24053 LoopTunnel row=False equal=False bed-only {'': 2} S1-only {}
  FACT NAMEDIFF #24104 LoopTunnel row=False equal=False bed-only {'': 2} S1-only {}
  FACT NAMEDIFF #24268 LoopTunnel row=False equal=False bed-only {'': 2} S1-only {}
  FACT NAMEDIFF #24324 LoopTunnel row=False equal=False bed-only {'': 2} S1-only {}
  FACT NAMEDIFF #25228 LoopTunnel row=False equal=False bed-only {'Real-space cosine window': 2} S1-only {}
  FACT NAMEDIFF #25276 LoopTunnel row=False equal=False bed-only {'Cosine bandpass for Hilbert': 2} S1-only {}
  FACT NAMEDIFF #25339 RightShiftRegister row=False equal=False bed-only {'': 2} S1-only {}
  FACT NAMEDIFF #27716 Function row=False equal=True bed-only {} S1-only {}
  FACT NAMEDIFF #28083 SubVI row=False equal=True bed-only {} S1-only {}
  FACT NAMEDIFF #28180 SubVI row=False equal=True bed-only {} S1-only {}
  FACT NAMEDIFF #28233 PolymorphicSubVI row=False equal=True bed-only {} S1-only {}
  FACT NAMEDIFF #29005 Bundler row=False equal=True bed-only {} S1-only {}
  FACT NAMEDIFF #29009 SubVI row=False equal=True bed-only {} S1-only {}
  FACT NAMEDIFF #29172 LoopTunnel row=True equal=True bed-only {} S1-only {}
  FACT NAMEDIFF #29625 GrowableFunction row=False equal=True bed-only {} S1-only {}
  FACT NAMEDIFF #29777 LoopTunnel row=False equal=True bed-only {} S1-only {}
  FACT NAMEDIFF #29973 BuildArray row=False equal=True bed-only {} S1-only {}
  FACT NAMEDIFF #30117 Property row=False equal=True bed-only {} S1-only {}
  FACT NAMEDIFF #30135 LoopTunnel row=True equal=True bed-only {} S1-only {}
  FACT NAMEDIFF #30306 SubVI row=False equal=True bed-only {} S1-only {}
  FACT NAMEDIFF #30331 IndexArray row=False equal=True bed-only {} S1-only {}
  FACT NAMEDIFF #30896 LoopTunnel row=True equal=True bed-only {} S1-only {}
  FACT NAMEDIFF #31051 LoopTunnel row=True equal=True bed-only {} S1-only {}
  FACT NAMEDIFF #31137 LoopTunnel row=True equal=True bed-only {} S1-only {}
  BASE-FLIPS seeded 30 terminal(s) on 13 undirected tunnel(s): [2765, 2992, 3176, 6132, 9503, 10004, 10177, 28370, 29777, 30135, 30896, 31051, 31137]
  STEP 01 wire             ok cands=0 cdiff=33 measured:tools/bench/opmodels/connect_from_wire.json@87135ed9639c7ee773786a9bd8af2def
  STEP 02 wire             ok cands=0 cdiff=32 measured:tools/bench/opmodels/connect_from_wire.json@87135ed9639c7ee773786a9bd8af2def
  STEP 03 wire             ok cands=0 cdiff=31 measured:tools/bench/opmodels/connect_from_wire.json@87135ed9639c7ee773786a9bd8af2def
  STEP 04 wire             ok cands=0 cdiff=29 measured:tools/bench/opmodels/connect_from_wire.json@87135ed9639c7ee773786a9bd8af2def
  STEP 05 wire             ok cands=0 cdiff=27 measured:tools/bench/opmodels/connect_from_wire.json@87135ed9639c7ee773786a9bd8af2def
  STEP 06 wire             ok cands=0 cdiff=25 measured:tools/bench/opmodels/connect_from_wire.json@87135ed9639c7ee773786a9bd8af2def
  STEP 07 wire             ok cands=0 cdiff=24 measured:tools/bench/opmodels/connect_from_wire.json@87135ed9639c7ee773786a9bd8af2def
  STEP 08 wire             ok cands=0 cdiff=22 measured:tools/bench/opmodels/connect_from_wire.json@87135ed9639c7ee773786a9bd8af2def
  STEP 09 wire             ok cands=0 cdiff=20 measured:tools/bench/opmodels/connect_from_wire.json@87135ed9639c7ee773786a9bd8af2def
  ROUTE 1 connect ['b2_01']: nested
  ROUTE 2 connect ['b2_02']: cfw
  ROUTE 3 connect ['b2_03']: nested
  ROUTE 4 connect ['b2_04']: connect  UNROUTABLE CONNECT-NO-VERB: bare ControlTerminal source #28170 -> sink #31055 on LoopTunnel #31051: wire_control addresses the sink NODE by class traverse; this sink's owner is not that node
  ROUTE 5 connect ['b2_05']: connect  UNROUTABLE CONNECT-NO-VERB: bare ControlTerminal source #29091 -> sink #31158 on LoopTunnel #31137: wire_control addresses the sink NODE by class traverse; this sink's owner is not that node
  ROUTE 6 connect ['b2_06']: cfw
  ROUTE 7 connect ['b2_07']: connect  UNROUTABLE CONNECT-NO-VERB: panel sink #28786 needs a WIRED source for wire_indicators; #29178 is bare and not a node's own terminal (ctlsink addresses the source NODE by class traverse)
  ROUTE 8 connect ['b2_08']: cfw
  ROUTE 9 connect ['b2_16']: ctltun
ROUND 1 FINAL False open_rows_match False failed None base pairs 28 end pairs 15 declared 42
  DROPPED [(5696, 'Correction Factor'), (5696, 'x,y,z array'), (6085, 'Correction Factor'), (6085, 'x,y,z array'), (8566, 'element'), (8634, 'disabled index (row)'), (8634, 'index (row)'), (8741, 'disabled index (col)'), (8741, 'index'), (8741, 'index (row)'), (8764, 'x'), (11261, 'array'), (27716, 'index'), (28180, 'half-width'), (28233, 'X'), (28786, 'Extension (nm) vs Time (Frame #)'), (29005, 'element'), (29009, 'left rank'), (29009, 'right rank'), (29625, 'disabled index (row)'), (29625, 'index (row)'), (30306, 'X'), (30306, 'left rank'), (30306, 'right rank'), (30331, 'disabled index (col)'), (30331, 'index'), (30331, 'index (row)')] ADDED []
  BASE-FLIPS seeded 30 terminal(s) on 13 undirected tunnel(s): [2765, 2992, 3176, 6132, 9503, 10004, 10177, 28370, 29777, 30135, 30896, 31051, 31137]
  STEP 01 wire             ok cands=0 cdiff=33 measured:tools/bench/opmodels/connect_from_wire.json@87135ed9639c7ee773786a9bd8af2def
  STEP 02 wire             ok cands=0 cdiff=32 measured:tools/bench/opmodels/connect_from_wire.json@87135ed9639c7ee773786a9bd8af2def
  STEP 03 wire             ok cands=0 cdiff=31 measured:tools/bench/opmodels/connect_from_wire.json@87135ed9639c7ee773786a9bd8af2def
  STEP 04 wire             ok cands=0 cdiff=29 measured:tools/bench/opmodels/connect_from_wire.json@87135ed9639c7ee773786a9bd8af2def
  STEP 05 wire             ok cands=0 cdiff=27 measured:tools/bench/opmodels/connect_from_wire.json@87135ed9639c7ee773786a9bd8af2def
  STEP 06 wire             ok cands=0 cdiff=25 measured:tools/bench/opmodels/connect_from_wire.json@87135ed9639c7ee773786a9bd8af2def
  STEP 07 wire             ok cands=0 cdiff=24 measured:tools/bench/opmodels/connect_from_wire.json@87135ed9639c7ee773786a9bd8af2def
  STEP 08 wire             ok cands=0 cdiff=22 measured:tools/bench/opmodels/connect_from_wire.json@87135ed9639c7ee773786a9bd8af2def
  STEP 09 wire             ok cands=0 cdiff=20 measured:tools/bench/opmodels/connect_from_wire.json@87135ed9639c7ee773786a9bd8af2def
  ROUTE 1 connect ['b2_01']: nested
  ROUTE 2 connect ['b2_02']: cfw
  ROUTE 3 connect ['b2_03']: nested
  ROUTE 4 connect ['b2_04']: connect  UNROUTABLE CONNECT-NO-VERB: bare ControlTerminal source #28170 -> sink #31055 on LoopTunnel #31051: wire_control addresses the sink NODE by class traverse; this sink's owner is not that node
  ROUTE 5 connect ['b2_05']: connect  UNROUTABLE CONNECT-NO-VERB: bare ControlTerminal source #29091 -> sink #31158 on LoopTunnel #31137: wire_control addresses the sink NODE by class traverse; this sink's owner is not that node
  ROUTE 6 connect ['b2_06']: cfw
  ROUTE 7 connect ['b2_07']: connect  UNROUTABLE CONNECT-NO-VERB: panel sink #28786 needs a WIRED source for wire_indicators; #29178 is bare and not a node's own terminal (ctlsink addresses the source NODE by class traverse)
  ROUTE 8 connect ['b2_08']: cfw
  ROUTE 9 connect ['b2_16']: ctltun
  FINALIZE REFUSED: route check FAIL: UNROUTABLE 3 row(s): acts [4] ['b2_04']: CONNECT-NO-VERB: bare ControlTerminal source #28170 -> sink #31055 on LoopTunnel #31051: wire_control addresses the sink NODE by class traverse; this sink's own; acts [5] ['b2_05']: CONNECT-NO-VERB: bare ControlTerminal source #29091 -> sink #31158 on LoopTunnel #31137: wire_control addresses the sink NODE by class traverse; this sink's own; acts [7] ['b2_07']: CONNECT-NO-VERB: panel sink #28786 needs a WIRED source for wire_indicators; #29178 is bare and not a node's own terminal (ctlsink addresses the source NODE by 
ROUND 2 FINAL False open_rows_match True failed None base pairs 28 end pairs 15 declared 15
  DROPPED [] ADDED []
  FACT base cdiff pairs 28; end 15; closed by B2b [(5696, 'Correction Factor'), (5696, 'x,y,z array'), (6085, 'Correction Factor'), (6085, 'x,y,z array'), (8566, 'element'), (11261, 'array'), (27716, 'index'), (28180, 'half-width'), (28786, 'Extension (nm) vs Time (Frame #)'), (29009, 'left rank'), (29009, 'right rank'), (30306, 'left rank'), (30306, 'right rank')]; OPENED-BY-B2b []
ROUTE-ROW 1 ['b2_01'] nested | uid echo: owner #1359 Terminals[4] uid == #10009 (name '') | None
ROUTE-ROW 2 ['b2_02'] cfw | uid echo: owner #29874 Terminals[4] uid == #30144 (name '') | None
ROUTE-ROW 3 ['b2_03'] nested | order-proof | None
ROUTE-ROW 4 ['b2_04'] connect | None | CONNECT-NO-VERB: bare ControlTerminal source #28170 -> sink #31055 on LoopTunnel #31051: wire_control addresses the sink NODE by class traverse; this sink's owner is not that node
ROUTE-ROW 5 ['b2_05'] connect | None | CONNECT-NO-VERB: bare ControlTerminal source #29091 -> sink #31158 on LoopTunnel #31137: wire_control addresses the sink NODE by class traverse; this sink's owner is not that node
ROUTE-ROW 6 ['b2_06'] cfw | uid echo: owner #29874 Terminals[6] uid == #30901 (name 'Extension\nmedian filter\nhalf-width') | None
ROUTE-ROW 7 ['b2_07'] connect | None | CONNECT-NO-VERB: panel sink #28786 needs a WIRED source for wire_indicators; #29178 is bare and not a node's own terminal (ctlsink addresses the source NODE by class traverse)
ROUTE-ROW 8 ['b2_08'] cfw | uid echo: owner #2222 Terminals[2] uid == #2811 (name 'x,y,z array out') | None
ROUTE-ROW 9 ['b2_16'] ctltun | uid echo: owner #2222 Terminals[5] uid == #6142 (name 'Correction Factor') | None
  GATE FAIL  P2 FINAL and open_rows_match  (False, True, None)
  GATE FAIL  P2 route check PASS, 9 rows, none UNROUTABLE  ('FAIL', "UNROUTABLE 3 row(s): acts [4] ['b2_04']: CONNECT-NO-VERB: bare ControlTerminal source #28170 -> sink #31055 on LoopTunnel #31051: wire_control addresses the sink NODE by class traverse; this sink's own; acts [5] ['b2_05']: CONNECT-NO-VERB: bare ControlTerminal source #29091 -> sink #31158 on LoopTunnel #31137: wire_control addresses the sink NODE by class traverse; this sink's own; acts [7] ['b2_07']: CONNECT-NO-VERB: panel sink #28786 needs a WIRED source for wire_indicators; #29178 is bare and not a node's own terminal (ctlsink addresses the source NODE by ")
  GATE PASS  P2 no pair OPENED by B2b in the simulation  []
RESULT {"schema":"result-line/1","status":"FAIL","gates":{"pass":11,"fail":2},"first_fail":"P2 FINAL and open_rows_match","artefacts":[{"path":"tools/bench/namediff_l2b2b.json","md5":"b4939aa9ddb90e43a5e4a7a889359171"},{"path":"tools/bench/plan_l2b2b.json","md5":"3769a9899f3ff638baa1b3850cfaaee3"},{"path":"tools/bench/plan_l2b2b_d4.json","md5":"4f8f94d0c7b0b80e179494845658fd08"}]}
BGRUN END rc=1 after 27s (RESULT: status=FAIL gates 11/2 first_fail=P2 FINAL and open_rows_match; the process itself said 0)
