BGRUN START 2026-09-21 18:18:15 limit 40.0 min: py -u tools\bench\diag_c67_m3a.py
=== diag_c67_m3a  20260921_181815  (bgrun --material --max-min 40)
=== STAGE M3a-1. THE ARTEFACT THIS RUN MAY SAVE IS **NOT COMPUTATION-EQUIVALENT TO THE ORIGINAL** - ITS SHIFT REGISTERS ARE UNINITIALISED (initial values = stage M3a-2). IT IS NEVER RUN (34(f)).

---------- [0] FILES ONLY, ZERO LabVIEW - the six md5 pins BEFORE
  FACT  LabVIEW handles BEFORE: 34164 (fresh-instance baseline ~31,500; the pre-batch restart below is MANDATORY - 44(e))
  FACT  Y ORIGINAL BEFORE: HASH G:\Codes\LabVIEW_Codes\MinLab\zz_LabView VI\AAA_UNIST\2. Tracking\Min_Track N beads V6_ParallelLoop.vi | exists=1 | size=473317 | md5=2a78e17c449cacdaf5da389818526859 | sha256=f827a67e91cc2a51284cdce0ada5d34ecf89cf865bca5f0bdfa870f0020df4bb
  PASS  Y ORIGINAL md5 == its pin 2a78e17c  '2a78e17c449cacdaf5da389818526859'
  FACT  Y D1_s1_copy BEFORE: HASH C:\Program Files\National Instruments\LabVIEW 2026\user.lib\claudeDev\D1_s1_copy.vi | exists=1 | size=474202 | md5=3e3d23cefd3a334001aa9d6156bf1aee | sha256=1ab3360021cb04f03e8fe4a503d1972aefa26a34ed5b8fd9393ec6899330e0f7
  PASS  Y D1_s1_copy md5 == its pin 3e3d23ce  '3e3d23cefd3a334001aa9d6156bf1aee'
  FACT  Y D1_s2_loops BEFORE: HASH C:\Program Files\National Instruments\LabVIEW 2026\user.lib\claudeDev\D1_s2_loops.vi | exists=1 | size=475707 | md5=6ff19497f2309e007a214660bb64b911 | sha256=d52e754e29a85e9cc3ddeb039f6c5e325c9094c5e1f8c944059d4a5f7b33c3f5
  PASS  Y D1_s2_loops md5 == its pin 6ff19497  '6ff19497f2309e007a214660bb64b911'
  FACT  Y A1 D1_s3a_focus_ind BEFORE: HASH C:\Program Files\National Instruments\LabVIEW 2026\user.lib\claudeDev\D1_s3a_focus_ind.vi | exists=1 | size=476172 | md5=eef91c1d91f16b034707e4d1285ca8cb | sha256=8afd9f95e280139e64aa648906ba7f799e8d0ae39aabfae42c93ef4f102d23bb
  PASS  Y A1 D1_s3a_focus_ind md5 == its pin eef91c1d  'eef91c1d91f16b034707e4d1285ca8cb'
  FACT  Y A2 THE BED BEFORE: HASH C:\Program Files\National Instruments\LabVIEW 2026\user.lib\claudeDev\D1_s3b_row2_20260921_160311.vi | exists=1 | size=476759 | md5=26c54ff784cb5cea21edbd214d2cc3a0 | sha256=17b63cb1c83d5f4a50285ced08b1ecc5a65605979b17ee798b1228f7017d275d
  PASS  Y A2 THE BED md5 == its pin 26c54ff7  '26c54ff784cb5cea21edbd214d2cc3a0'
  FACT  Y A3 D1_s3b_row1 BEFORE: HASH C:\Program Files\National Instruments\LabVIEW 2026\user.lib\claudeDev\D1_s3b_row1_20260921_135932.vi | exists=1 | size=476734 | md5=72f0d47d0b1cbd0834d50f1483e558c1 | sha256=7b25b8e73d34fd943e5de4a3998edb56234055621f7481a9a9ecee482b6571c3
  PASS  Y A3 D1_s3b_row1 md5 == its pin 72f0d47d  '72f0d47d0b1cbd0834d50f1483e558c1'
  FACT  Y THE BED size: HASH C:\Program Files\National Instruments\LabVIEW 2026\user.lib\claudeDev\D1_s3b_row2_20260921_160311.vi | exists=1 | size=476759 | md5=26c54ff784cb5cea21edbd214d2cc3a0 | sha256=17b63cb1c83d5f4a50285ced08b1ecc5a65605979b17ee798b1228f7017d275d
  PASS  Y the bed is 476759 B  '476759'
  FACT  [0] pre-batch LabVIEW restart (44(e)): lv_restart rc=0 ['dialogs: 8,1346,762| / ENABLED|3934974|0,0,0,0|LabVIEW / VERDICT: clear (no modal dialog)']
  FACT  LabVIEW handles AFTER the restart: 30680
  FACT  [0] the working copy: HASH C:\Program Files\National Instruments\LabVIEW 2026\user.lib\claudeDev\WORK_C67M3A_20260921_181815.vi | exists=1 | size=476759 | md5=26c54ff784cb5cea21edbd214d2cc3a0 | sha256=17b63cb1c83d5f4a50285ced08b1ecc5a65605979b17ee798b1228f7017d275d
  PASS  [0] the working copy is byte-identical to the bed  '26c54ff784cb5cea21edbd214d2cc3a0'

---------- [1] COLD ExecState AND THE BASELINE CENSUSES
  FACT  ExecState [01 [1] the bed, COLD] = 1   (+68.1 s, read cost 1.67 s)
  PASS  1a the bed reopens COLD at ExecState 1  1
  FACT  [1] COLD counts: {'Node': 632, 'Wire': 1907, 'ControlTerminal': 116, 'Local': 10, 'LoopTunnel': 135, 'Tunnel': 471}
  PASS  1b Node == 632 (the recorded baseline)  632
  PASS  1b Wire == 1907 (the recorded baseline)  1907
  PASS  1b ControlTerminal == 116 (the recorded baseline)  116
  PASS  1b Local == 10 (the recorded baseline)  10
  PASS  1b LoopTunnel == 135 (the recorded baseline)  135
  PASS  1b Tunnel == 471  471
  PASS  1c Diagram #639 resolves to traverse index 46  46
  PASS  1d Diagram #639 carries 75 nodes  75
  FACT  [1] whole-VI node census: 632 rows
  PASS  1e #637 has 59 TERMINALS and 48 WIRED (a count pair, NOT a position)  {'n_terms': 59, 'n_wired': 48}

---------- [M3a-2 (i)] WHAT FEEDS THE OUTER-LEFT TERMINALS OF #4344 AND #4274 TODAY
  FACT  [M3a-2] #637 A7 ECHO: report_all('WhileLoop')[4].uid == 637 (want #637; 6 WhileLoop row(s))
  PASS  A7 [M3a-2] #637 report_all('WhileLoop')[loop_index].uid == 637  loop_index 4 echoed 637
  FACT  [M3a-2] reg_index 0 left_index 0 -> right #1147 ; left #1142 ; left.out {'name': 'x,y,z array out', 'is_source': False, 'wire': 2731} ; left_uids [1142]
  FACT  [M3a-2] reg_index 1 left_index 0 -> right #4256 ; left #4274 ; left.out {'name': 'position [internal units]', 'is_source': False, 'wire': 3968} ; left_uids [4274]
  FACT  [M3a-2] reg_index 2 left_index 0 -> right #4334 ; left #4344 ; left.out {'name': 'VISA out', 'is_source': False, 'wire': 4185} ; left_uids [4344]
  FACT  [M3a-2 (i)] #4344 OUTER-LEFT wire 4185 ; wire_source_owner walk [{'i': 0, 'is_source': True, 'owner_class': 'FlatSequenceInnerTunnel', 'owner_uid': 4194, 'recip': 4185}, {'i': 1, 'is_source': False, 'owner_class': 'LeftShiftRegister', 'owner_uid': 4344, 'recip': 4185}, {'i': 2, 'is_source': False, 'owner_class': '', 'owner_uid': 0, 'recip': 0}] ; SOURCE owner {'i': 0, 'is_source': True, 'owner_class': 'FlatSequenceInnerTunnel', 'owner_uid': 4194, 'recip': 4185}
  FACT  [M3a-2 (i)] #4344 IS FED BY node #4194 (FlatSequenceInnerTunnel) at terminal index None name None, wire uid 4185
  FACT  [M3a-2 (i)] #4274 OUTER-LEFT wire 3968 ; wire_source_owner walk [{'i': 0, 'is_source': True, 'owner_class': 'FlatSequenceInnerTunnel', 'owner_uid': 3974, 'recip': 3968}, {'i': 1, 'is_source': False, 'owner_class': 'LeftShiftRegister', 'owner_uid': 4274, 'recip': 3968}, {'i': 2, 'is_source': False, 'owner_class': '', 'owner_uid': 0, 'recip': 0}] ; SOURCE owner {'i': 0, 'is_source': True, 'owner_class': 'FlatSequenceInnerTunnel', 'owner_uid': 3974, 'recip': 3968}
  FACT  [M3a-2 (i)] #4274 IS FED BY node #3974 (FlatSequenceInnerTunnel) at terminal index None name None, wire uid 3968

---------- [M3a-2 (ii)] IS #23032's OWNING DIAGRAM THE TOP-LEVEL DIAGRAM?
  FACT  [M3a-2 (ii)] #23032 #23032 lives at: {'diagram_index': 19, 'diagram_uid': 686, 'diagram_class': 'Diagram', 'nodes_index': 21, 'nodes_on_diagram': 24, 'label': 'While Loop'}  (22 diagram(s) scanned of 173, 25.8 s)
  FACT  [M3a-2 (ii)] #23032 is listed by Diagram traverse index 19 (uid 686, class 'Diagram'); traverse index 0 is {'i': 0, 'class': 'TopLevelDiagram', 'uid': 536, 'pos': (-17476, 102), 'owner': ''} with 0 node(s); #23032 in node_labels(0): False
  FACT  [M3a-2 (ii)] THE ANSWER AS A FACT: the owning diagram's traverse index is 19 and index 0 is the VI's top-level diagram, so 'is #23032 on the top-level diagram' reads False. REPORTED ONLY - no route for M3a-2 is chosen or recommended here.
  PASS  M0 there is enough wall-clock left to start the build  1446 s left before the reserve

---------- [2] TWO `add_shift_reg` PAIRS ON #23032
  FACT  [2] before add_shift_reg #1 (VISA) A7 ECHO: report_all('WhileLoop')[2].uid == 23032 (want #23032; 6 WhileLoop row(s))
  PASS  A7 [2] before add_shift_reg #1 (VISA) report_all('WhileLoop')[loop_index].uid == 23032  loop_index 2 echoed 23032
  FACT  [2] add_shift_reg #1 for the VISA pair at y=120 -> RightShiftRegister uid 23561
  PASS  2a add_shift_reg #1 (VISA pair) returned a RightShiftRegister uid  23561 ; 
  FACT  ExecState [02 [UNIT] after add_shift_reg #1 (VISA pair)] = 1   (+536.4 s, read cost 0.71 s)
  FACT  ExecState [03 [UNIT 1] after add_shift_reg #1 (VISA pair) - ExecState 1 at a unit boundary immediately before the save] = 1   (+537.1 s, read cost 0.94 s)
  FACT  [UNIT 1] after add_shift_reg #1 (VISA pair) - ExecState 1 at a unit boundary the artefact: D1_s3b_m3a_u1_20260921_181815.vi md5 8bc6500d42ac0ede9e34869d7118e027 size 476759 B; version bytes [{'offset': 36, 'bytes': '26 00 80 00'}]
  FACT  [UNIT 1] after add_shift_reg #1 (VISA pair) - ExecState 1 at a unit boundary FILE ON DISK: C:\Program Files\National Instruments\LabVIEW 2026\user.lib\claudeDev\D1_s3b_m3a_u1_20260921_181815.vi  md5 '8bc6500d42ac0ede9e34869d7118e027'  size 476759  (ExecState at the save 1 ; COM save error '' ; bytes equal to the bed False)
  FACT  *** D1_s3b_m3a_u1_20260921_181815.vi IS NOT COMPUTATION-EQUIVALENT TO THE ORIGINAL - ITS SHIFT REGISTERS ARE UNINITIALISED. The initial values are stage M3a-2. IT IS NEVER RUN (34(f)). ***
  PASS  [UNIT 1] after add_shift_reg #1 (VISA pair) - ExecState 1 at a unit boundary *** A FILE IS ON DISK at D1_s3b_m3a_u1_20260921_181815.vi ***  md5 '8bc6500d42ac0ede9e34869d7118e027' size 476759
  PASS  [UNIT 1] after add_shift_reg #1 (VISA pair) - ExecState 1 at a unit boundary that file is NOT byte-identical to the bed (the in-memory edits LANDED)  md5 '8bc6500d42ac0ede9e34869d7118e027' vs the bed '26c54ff784cb5cea21edbd214d2cc3a0' ; save error ''
  FACT  [2] before add_shift_reg #2 (POS) A7 ECHO: report_all('WhileLoop')[2].uid == 23032 (want #23032; 6 WhileLoop row(s))
  PASS  A7 [2] before add_shift_reg #2 (POS) report_all('WhileLoop')[loop_index].uid == 23032  loop_index 2 echoed 23032
  FACT  [2] add_shift_reg #2 for the POS pair at y=210 -> RightShiftRegister uid 23561
  PASS  2a add_shift_reg #2 (POS pair) returned a RightShiftRegister uid  23561 ; 
  FACT  ExecState [04 [UNIT] after add_shift_reg #2 (POS pair)] = 1   (+542.6 s, read cost 0.72 s)
  FACT  ExecState [05 [UNIT 2] after add_shift_reg #2 (POS pair) - ExecState 1 at a unit boundary immediately before the save] = 1   (+543.3 s, read cost 0.94 s)
  FACT  [UNIT 2] after add_shift_reg #2 (POS pair) - ExecState 1 at a unit boundary the artefact: D1_s3b_m3a_u2_20260921_181815.vi md5 8bc6500d42ac0ede9e34869d7118e027 size 476759 B; version bytes [{'offset': 36, 'bytes': '26 00 80 00'}]
  FACT  [UNIT 2] after add_shift_reg #2 (POS pair) - ExecState 1 at a unit boundary FILE ON DISK: C:\Program Files\National Instruments\LabVIEW 2026\user.lib\claudeDev\D1_s3b_m3a_u2_20260921_181815.vi  md5 '8bc6500d42ac0ede9e34869d7118e027'  size 476759  (ExecState at the save 1 ; COM save error '' ; bytes equal to the bed False)
  FACT  *** D1_s3b_m3a_u2_20260921_181815.vi IS NOT COMPUTATION-EQUIVALENT TO THE ORIGINAL - ITS SHIFT REGISTERS ARE UNINITIALISED. The initial values are stage M3a-2. IT IS NEVER RUN (34(f)). ***
  PASS  [UNIT 2] after add_shift_reg #2 (POS pair) - ExecState 1 at a unit boundary *** A FILE IS ON DISK at D1_s3b_m3a_u2_20260921_181815.vi ***  md5 '8bc6500d42ac0ede9e34869d7118e027' size 476759
  PASS  [UNIT 2] after add_shift_reg #2 (POS pair) - ExecState 1 at a unit boundary that file is NOT byte-identical to the bed (the in-memory edits LANDED)  md5 '8bc6500d42ac0ede9e34869d7118e027' vs the bed '26c54ff784cb5cea21edbd214d2cc3a0' ; save error ''
  FACT  [2] before the reg_index echo A7 ECHO: report_all('WhileLoop')[2].uid == 23032 (want #23032; 6 WhileLoop row(s))
  PASS  A7 [2] before the reg_index echo report_all('WhileLoop')[loop_index].uid == 23032  loop_index 2 echoed 23032
  FACT  [2] VISA pair shift_reg[reg_index=0] -> uid None ; out {'name': '', 'is_source': False, 'wire': 0} ; inside [] ; errors {'OuterErr': 'error 1055: Property Node in OpShiftRegs_v0.vi', 'OutConnErr': 'error 1055: Property Node in OpShiftRegs_v0.vi', 'InsideErr': 'error 1055: Property Node in OpShiftRegs_v0.vi'}
  FACT  [2] VISA pair shift_reg[reg_index=1] -> uid None ; out {'name': '', 'is_source': False, 'wire': 0} ; inside [] ; errors {'OuterErr': 'error 1055: Property Node in OpShiftRegs_v0.vi', 'OutConnErr': 'error 1055: Property Node in OpShiftRegs_v0.vi', 'InsideErr': 'error 1055: Property Node in OpShiftRegs_v0.vi'}
  FACT  [2] VISA pair shift_reg[reg_index=2] -> uid None ; out {'name': '', 'is_source': False, 'wire': 0} ; inside [] ; errors {'OuterErr': 'error 1055: Property Node in OpShiftRegs_v0.vi', 'OutConnErr': 'error 1055: Property Node in OpShiftRegs_v0.vi', 'InsideErr': 'error 1055: Property Node in OpShiftRegs_v0.vi'}
  FACT  [2] VISA pair shift_reg[reg_index=3] -> uid None ; out {'name': '', 'is_source': False, 'wire': 0} ; inside [] ; errors {'OuterErr': 'error 1055: Property Node in OpShiftRegs_v0.vi', 'OutConnErr': 'error 1055: Property Node in OpShiftRegs_v0.vi', 'InsideErr': 'error 1055: Property Node in OpShiftRegs_v0.vi'}
  FACT  [2] VISA pair shift_reg[reg_index=4] -> uid None ; out {'name': '', 'is_source': False, 'wire': 0} ; inside [] ; errors {'OuterErr': 'error 1055: Property Node in OpShiftRegs_v0.vi', 'OutConnErr': 'error 1055: Property Node in OpShiftRegs_v0.vi', 'InsideErr': 'error 1055: Property Node in OpShiftRegs_v0.vi'}
  FACT  [2] VISA pair shift_reg[reg_index=5] -> uid None ; out {'name': '', 'is_source': False, 'wire': 0} ; inside [] ; errors {'OuterErr': 'error 1055: Property Node in OpShiftRegs_v0.vi', 'OutConnErr': 'error 1055: Property Node in OpShiftRegs_v0.vi', 'InsideErr': 'error 1055: Property Node in OpShiftRegs_v0.vi'}
  FACT  [2] VISA pair shift_reg[reg_index=6] -> uid None ; out {'name': '', 'is_source': False, 'wire': 0} ; inside [] ; errors {'OuterErr': 'error 1055: Property Node in OpShiftRegs_v0.vi', 'OutConnErr': 'error 1055: Property Node in OpShiftRegs_v0.vi', 'InsideErr': 'error 1055: Property Node in OpShiftRegs_v0.vi'}
  FACT  [2] VISA pair shift_reg[reg_index=7] -> uid None ; out {'name': '', 'is_source': False, 'wire': 0} ; inside [] ; errors {'OuterErr': 'error 1055: Property Node in OpShiftRegs_v0.vi', 'OutConnErr': 'error 1055: Property Node in OpShiftRegs_v0.vi', 'InsideErr': 'error 1055: Property Node in OpShiftRegs_v0.vi'}
  FACT  [2] VISA pair REGINDEX: RightShiftRegister #23561 -> reg_index None (READ, never assumed)
  FAIL  2b the VISA pair's RightShiftRegister #23561 maps to a reg_index READ off the machine  reg_index None
  FACT  [2] POS pair shift_reg[reg_index=0] -> uid None ; out {'name': '', 'is_source': False, 'wire': 0} ; inside [] ; errors {'OuterErr': 'error 1055: Property Node in OpShiftRegs_v0.vi', 'OutConnErr': 'error 1055: Property Node in OpShiftRegs_v0.vi', 'InsideErr': 'error 1055: Property Node in OpShiftRegs_v0.vi'}
  FACT  [2] POS pair shift_reg[reg_index=1] -> uid None ; out {'name': '', 'is_source': False, 'wire': 0} ; inside [] ; errors {'OuterErr': 'error 1055: Property Node in OpShiftRegs_v0.vi', 'OutConnErr': 'error 1055: Property Node in OpShiftRegs_v0.vi', 'InsideErr': 'error 1055: Property Node in OpShiftRegs_v0.vi'}
  FACT  [2] POS pair shift_reg[reg_index=2] -> uid None ; out {'name': '', 'is_source': False, 'wire': 0} ; inside [] ; errors {'OuterErr': 'error 1055: Property Node in OpShiftRegs_v0.vi', 'OutConnErr': 'error 1055: Property Node in OpShiftRegs_v0.vi', 'InsideErr': 'error 1055: Property Node in OpShiftRegs_v0.vi'}
  FACT  [2] POS pair shift_reg[reg_index=3] -> uid None ; out {'name': '', 'is_source': False, 'wire': 0} ; inside [] ; errors {'OuterErr': 'error 1055: Property Node in OpShiftRegs_v0.vi', 'OutConnErr': 'error 1055: Property Node in OpShiftRegs_v0.vi', 'InsideErr': 'error 1055: Property Node in OpShiftRegs_v0.vi'}
  FACT  [2] POS pair shift_reg[reg_index=4] -> uid None ; out {'name': '', 'is_source': False, 'wire': 0} ; inside [] ; errors {'OuterErr': 'error 1055: Property Node in OpShiftRegs_v0.vi', 'OutConnErr': 'error 1055: Property Node in OpShiftRegs_v0.vi', 'InsideErr': 'error 1055: Property Node in OpShiftRegs_v0.vi'}
  FACT  [2] POS pair shift_reg[reg_index=5] -> uid None ; out {'name': '', 'is_source': False, 'wire': 0} ; inside [] ; errors {'OuterErr': 'error 1055: Property Node in OpShiftRegs_v0.vi', 'OutConnErr': 'error 1055: Property Node in OpShiftRegs_v0.vi', 'InsideErr': 'error 1055: Property Node in OpShiftRegs_v0.vi'}
  FACT  [2] POS pair shift_reg[reg_index=6] -> uid None ; out {'name': '', 'is_source': False, 'wire': 0} ; inside [] ; errors {'OuterErr': 'error 1055: Property Node in OpShiftRegs_v0.vi', 'OutConnErr': 'error 1055: Property Node in OpShiftRegs_v0.vi', 'InsideErr': 'error 1055: Property Node in OpShiftRegs_v0.vi'}
  FACT  [2] POS pair shift_reg[reg_index=7] -> uid None ; out {'name': '', 'is_source': False, 'wire': 0} ; inside [] ; errors {'OuterErr': 'error 1055: Property Node in OpShiftRegs_v0.vi', 'OutConnErr': 'error 1055: Property Node in OpShiftRegs_v0.vi', 'InsideErr': 'error 1055: Property Node in OpShiftRegs_v0.vi'}
  FACT  [2] POS pair REGINDEX: RightShiftRegister #23561 -> reg_index None (READ, never assumed)
  FAIL  2b the POS pair's RightShiftRegister #23561 maps to a reg_index READ off the machine  reg_index None
  FAIL  2c the two pairs resolved to DIFFERENT reg_index values  None vs None
  FACT  [2] NOTE FOR THE RECORD: both registers come back UNTYPED and with BOTH SIDES UNWIRED, so `ExecState` 0 from here on is CORRECT, NOT A FAILURE (tools/gscript.py:683-687). The names 'VISA' and 'POS' are THIS RUN'S assignment of a pair to a row set, recorded before the rows are written; the terminal NAMES read off the machine below are what justify each row's membership.
  FACT  [2] after the two add_shift_reg calls counts: {'Node': 632, 'Wire': 1907, 'ControlTerminal': 116, 'Local': 10, 'LoopTunnel': 135, 'Tunnel': 471}

---------- [3] THE SEVEN `move_in` CALLS, VERBATIM FROM diag_c66b_s3b_m3.py (37(d) severs every wire)
  FACT  [3] BEFORE Diagram #23058 [traverse 22] Nodes[] census: 1 node(s) -> [23035]
  FACT  [3] #3529 '- Inc (PgDn)' BEFORE the move: 1 terminal(s), 1 WIRED  (ControlReferenceConstant; docs/d1-build-plan.md:330)
  FACT  [3] before move #3529 DESTINDEX: Diagram #23058 -> traverse index 22 (array length 173)
  PASS  [3] before move #3529 the freshly resolved index 22 still owns Diagram #23058 (38(e))  traverse_len 173
  FACT  [3] MOVE #3529 '- Inc (PgDn)' -> Diagram #23058 [traverse 22] at (40, 60); the op echoed uid 23035 (37(d): the echo is NOT the moved object)
  FACT  [3] after move #3529 AFTER node census: 633 rows
  FACT  [3] after move #3529 CENSUS DIFF: Node 632 -> 633 ; 1 new uid(s): [(23522, 'Invoke', (4593, 2718))]
  FACT  [3] after move #3529 new #23522 #23522 lives at: {'diagram_index': 22, 'diagram_uid': 23058, 'diagram_class': 'Diagram', 'nodes_index': 2, 'nodes_on_diagram': 3, 'label': 'Invoke Node'}  (1 diagram(s) scanned of 173, 0.2 s)
  FACT  [3] after move #3529 new #23522 terminal table of #23522 (Diagram idx 22, Nodes[2], echo 23522): 6 terminal(s)
  FACT      [3] after move #3529 new #23522 t0  'reference'                        is_source=False wire=0       errs=[0, 0, 0, 1055]
  FACT      [3] after move #3529 new #23522 t1  'reference out'                    is_source=True  wire=0       errs=[0, 0, 0, 1055]
  FACT      [3] after move #3529 new #23522 t2  'error in (no error)'              is_source=False wire=0       errs=[0, 0, 0, 1055]
  FACT      [3] after move #3529 new #23522 t3  'error out'                        is_source=True  wire=0       errs=[0, 0, 0, 1055]
  FACT      [3] after move #3529 new #23522 t4  'Method'                           is_source=False wire=0       errs=[0, 0, 0, 1055]
  FACT      [3] after move #3529 new #23522 t5  'Method'                           is_source=True  wire=0       errs=[0, 0, 0, 1055]
  FACT  [3] after move #3529 THE JUNK NODE'S FULL TERMINAL TABLE IS PRINTED ABOVE; 6 terminal(s), 0 WIRED - the purge precondition (ZERO wired) HOLDS
  FACT  [3] after move #3529 purge delete Node #23522 at index 98: gone [23522], error '', census 633 -> 632, still present False (1.28 s)
  FACT  [3] after move #3529 AFTER THE PURGE (the next step's baseline) node census: 632 rows
  PASS  [3] after move #3529 purge: the Node census returns to its pre-call value 632  632 -> 633 -> 632
  FACT  [3] after move #3529 Diagram #23058 [traverse 22] Nodes[] census: 2 node(s) -> [23035, 3529]
  PASS  3a #3529 appears in Diagram #23058's Nodes[] census (THE authoritative gate)  body has 2 node(s)
  OBSERVED uid 3529 -> owner 'Diagram' uid 23058 | self 'ControlReferenceConstant'#3529 | 482 says 'Diagram' cast 'Diagram' |  
  FACT  [3] owner_of(3529) AFTER the move = ('Diagram', 23058) (REPORTED ALONGSIDE, never the gate - 53(d^8))
  FACT  [3] #3529 AFTER the move: 1 terminal(s), 0 WIRED (was 1)
  FACT  ExecState [06 [UNIT] after move #3529 - Inc (PgDn)] = 0   (+584.6 s, read cost 0.00 s)
  FACT  [UNIT] after move #3529 - Inc (PgDn): ExecState 0 - NOT 1, so no intermediate file is written at this boundary (`allow_broken` is never set and `gui_save` is never called)
  FACT  [3] #3560 '+ Inc (PgUp)' BEFORE the move: 1 terminal(s), 1 WIRED  (ControlReferenceConstant; docs/d1-build-plan.md:331)
  FACT  [3] before move #3560 DESTINDEX: Diagram #23058 -> traverse index 22 (array length 173)
  PASS  [3] before move #3560 the freshly resolved index 22 still owns Diagram #23058 (38(e))  traverse_len 173
  FACT  [3] MOVE #3560 '+ Inc (PgUp)' -> Diagram #23058 [traverse 22] at (40, 170); the op echoed uid 23035 (37(d): the echo is NOT the moved object)
  FACT  [3] after move #3560 AFTER node census: 633 rows
  FACT  [3] after move #3560 CENSUS DIFF: Node 632 -> 633 ; 1 new uid(s): [(23522, 'Invoke', (4593, 2718))]
  FACT  [3] after move #3560 new #23522 #23522 lives at: {'diagram_index': 22, 'diagram_uid': 23058, 'diagram_class': 'Diagram', 'nodes_index': 2, 'nodes_on_diagram': 4, 'label': 'Invoke Node'}  (1 diagram(s) scanned of 173, 0.3 s)
  FACT  [3] after move #3560 new #23522 terminal table of #23522 (Diagram idx 22, Nodes[2], echo 23522): 6 terminal(s)
  FACT      [3] after move #3560 new #23522 t0  'reference'                        is_source=False wire=0       errs=[0, 0, 0, 1055]
  FACT      [3] after move #3560 new #23522 t1  'reference out'                    is_source=True  wire=0       errs=[0, 0, 0, 1055]
  FACT      [3] after move #3560 new #23522 t2  'error in (no error)'              is_source=False wire=0       errs=[0, 0, 0, 1055]
  FACT      [3] after move #3560 new #23522 t3  'error out'                        is_source=True  wire=0       errs=[0, 0, 0, 1055]
  FACT      [3] after move #3560 new #23522 t4  'Method'                           is_source=False wire=0       errs=[0, 0, 0, 1055]
  FACT      [3] after move #3560 new #23522 t5  'Method'                           is_source=True  wire=0       errs=[0, 0, 0, 1055]
  FACT  [3] after move #3560 THE JUNK NODE'S FULL TERMINAL TABLE IS PRINTED ABOVE; 6 terminal(s), 0 WIRED - the purge precondition (ZERO wired) HOLDS
  FACT  [3] after move #3560 purge delete Node #23522 at index 99: gone [23522], error '', census 633 -> 632, still present False (1.31 s)
  FACT  [3] after move #3560 AFTER THE PURGE (the next step's baseline) node census: 632 rows
  PASS  [3] after move #3560 purge: the Node census returns to its pre-call value 632  632 -> 633 -> 632
  FACT  [3] after move #3560 Diagram #23058 [traverse 22] Nodes[] census: 3 node(s) -> [23035, 3529, 3560]
  PASS  3a #3560 appears in Diagram #23058's Nodes[] census (THE authoritative gate)  body has 3 node(s)
  OBSERVED uid 3560 -> owner 'Diagram' uid 23058 | self 'ControlReferenceConstant'#3560 | 482 says 'Diagram' cast 'Diagram' |  
  FACT  [3] owner_of(3560) AFTER the move = ('Diagram', 23058) (REPORTED ALONGSIDE, never the gate - 53(d^8))
  FACT  [3] #3560 AFTER the move: 1 terminal(s), 0 WIRED (was 1)
  FACT  ExecState [07 [UNIT] after move #3560 + Inc (PgUp)] = 0   (+589.9 s, read cost 0.00 s)
  FACT  [UNIT] after move #3560 + Inc (PgUp): ExecState 0 - NOT 1, so no intermediate file is written at this boundary (`allow_broken` is never set and `gui_save` is never called)
  FACT  [3] #3447 'Focus Step (F1)' BEFORE the move: 1 terminal(s), 1 WIRED  (ControlReferenceConstant; docs/d1-build-plan.md:332)
  FACT  [3] before move #3447 DESTINDEX: Diagram #23058 -> traverse index 22 (array length 173)
  PASS  [3] before move #3447 the freshly resolved index 22 still owns Diagram #23058 (38(e))  traverse_len 173
  FACT  [3] MOVE #3447 'Focus Step (F1)' -> Diagram #23058 [traverse 22] at (40, 280); the op echoed uid 23035 (37(d): the echo is NOT the moved object)
  FACT  [3] after move #3447 AFTER node census: 633 rows
  FACT  [3] after move #3447 CENSUS DIFF: Node 632 -> 633 ; 1 new uid(s): [(23522, 'Invoke', (4593, 2718))]
  FACT  [3] after move #3447 new #23522 #23522 lives at: {'diagram_index': 22, 'diagram_uid': 23058, 'diagram_class': 'Diagram', 'nodes_index': 4, 'nodes_on_diagram': 5, 'label': 'Invoke Node'}  (1 diagram(s) scanned of 173, 0.2 s)
  FACT  [3] after move #3447 new #23522 terminal table of #23522 (Diagram idx 22, Nodes[4], echo 23522): 6 terminal(s)
  FACT      [3] after move #3447 new #23522 t0  'reference'                        is_source=False wire=0       errs=[0, 0, 0, 1055]
  FACT      [3] after move #3447 new #23522 t1  'reference out'                    is_source=True  wire=0       errs=[0, 0, 0, 1055]
  FACT      [3] after move #3447 new #23522 t2  'error in (no error)'              is_source=False wire=0       errs=[0, 0, 0, 1055]
  FACT      [3] after move #3447 new #23522 t3  'error out'                        is_source=True  wire=0       errs=[0, 0, 0, 1055]
  FACT      [3] after move #3447 new #23522 t4  'Method'                           is_source=False wire=0       errs=[0, 0, 0, 1055]
  FACT      [3] after move #3447 new #23522 t5  'Method'                           is_source=True  wire=0       errs=[0, 0, 0, 1055]
  FACT  [3] after move #3447 THE JUNK NODE'S FULL TERMINAL TABLE IS PRINTED ABOVE; 6 terminal(s), 0 WIRED - the purge precondition (ZERO wired) HOLDS
  FACT  [3] after move #3447 purge delete Node #23522 at index 98: gone [23522], error '', census 633 -> 632, still present False (1.30 s)
  FACT  [3] after move #3447 AFTER THE PURGE (the next step's baseline) node census: 632 rows
  PASS  [3] after move #3447 purge: the Node census returns to its pre-call value 632  632 -> 633 -> 632
  FACT  [3] after move #3447 Diagram #23058 [traverse 22] Nodes[] census: 4 node(s) -> [23035, 3529, 3560, 3447]
  PASS  3a #3447 appears in Diagram #23058's Nodes[] census (THE authoritative gate)  body has 4 node(s)
  OBSERVED uid 3447 -> owner 'Diagram' uid 23058 | self 'ControlReferenceConstant'#3447 | 482 says 'Diagram' cast 'Diagram' |  
  FACT  [3] owner_of(3447) AFTER the move = ('Diagram', 23058) (REPORTED ALONGSIDE, never the gate - 53(d^8))
  FACT  [3] #3447 AFTER the move: 1 terminal(s), 0 WIRED (was 1)
  FACT  ExecState [08 [UNIT] after move #3447 Focus Step (F1)] = 0   (+595.1 s, read cost 0.00 s)
  FACT  [UNIT] after move #3447 Focus Step (F1): ExecState 0 - NOT 1, so no intermediate file is written at this boundary (`allow_broken` is never set and `gui_save` is never called)
  FACT  [3] #48 'ASI_adjust focus-subvi.vi' BEFORE the move: 7 terminal(s), 7 WIRED  (SubVI; docs/d1-build-plan.md:306)
  FACT  [3] before move #48 DESTINDEX: Diagram #23058 -> traverse index 22 (array length 173)
  PASS  [3] before move #48 the freshly resolved index 22 still owns Diagram #23058 (38(e))  traverse_len 173
  FACT  [3] MOVE #48 'ASI_adjust focus-subvi.vi' -> Diagram #23058 [traverse 22] at (300, 170); the op echoed uid 23035 (37(d): the echo is NOT the moved object)
  FACT  [3] after move #48 AFTER node census: 633 rows
  FACT  [3] after move #48 CENSUS DIFF: Node 632 -> 633 ; 1 new uid(s): [(23522, 'Invoke', (4593, 2718))]
  FACT  [3] after move #48 new #23522 #23522 lives at: {'diagram_index': 22, 'diagram_uid': 23058, 'diagram_class': 'Diagram', 'nodes_index': 5, 'nodes_on_diagram': 6, 'label': 'Invoke Node'}  (1 diagram(s) scanned of 173, 0.2 s)
  FACT  [3] after move #48 new #23522 terminal table of #23522 (Diagram idx 22, Nodes[5], echo 23522): 6 terminal(s)
  FACT      [3] after move #48 new #23522 t0  'reference'                        is_source=False wire=0       errs=[0, 0, 0, 1055]
  FACT      [3] after move #48 new #23522 t1  'reference out'                    is_source=True  wire=0       errs=[0, 0, 0, 1055]
  FACT      [3] after move #48 new #23522 t2  'error in (no error)'              is_source=False wire=0       errs=[0, 0, 0, 1055]
  FACT      [3] after move #48 new #23522 t3  'error out'                        is_source=True  wire=0       errs=[0, 0, 0, 1055]
  FACT      [3] after move #48 new #23522 t4  'Method'                           is_source=False wire=0       errs=[0, 0, 0, 1055]
  FACT      [3] after move #48 new #23522 t5  'Method'                           is_source=True  wire=0       errs=[0, 0, 0, 1055]
  FACT  [3] after move #48 THE JUNK NODE'S FULL TERMINAL TABLE IS PRINTED ABOVE; 6 terminal(s), 0 WIRED - the purge precondition (ZERO wired) HOLDS
  FACT  [3] after move #48 purge delete Node #23522 at index 98: gone [23522], error '', census 633 -> 632, still present False (1.33 s)
  FACT  [3] after move #48 AFTER THE PURGE (the next step's baseline) node census: 632 rows
  PASS  [3] after move #48 purge: the Node census returns to its pre-call value 632  632 -> 633 -> 632
  FACT  [3] after move #48 Diagram #23058 [traverse 22] Nodes[] census: 5 node(s) -> [23035, 3529, 3560, 3447, 48]
  PASS  3a #48 appears in Diagram #23058's Nodes[] census (THE authoritative gate)  body has 5 node(s)
  OBSERVED uid 48 -> owner 'Diagram' uid 23058 | self 'SubVI'#48 | 482 says 'Diagram' cast 'Diagram' |  
  FACT  [3] owner_of(48) AFTER the move = ('Diagram', 23058) (REPORTED ALONGSIDE, never the gate - 53(d^8))
  FACT  [3] #48 AFTER the move: 7 terminal(s), 0 WIRED (was 7)
  FACT  ExecState [09 [UNIT] after move #48 ASI_adjust focus-subvi.vi] = 0   (+600.4 s, read cost 0.00 s)
  FACT  [UNIT] after move #48 ASI_adjust focus-subvi.vi: ExecState 0 - NOT 1, so no intermediate file is written at this boundary (`allow_broken` is never set and `gui_save` is never called)
  FACT  [3] #10407 'Case Structure' BEFORE the move: 7 terminal(s), 7 WIRED  (CaseStructure (autofocus); docs/d1-build-plan.md:305)
  FACT  [3] before move #10407 DESTINDEX: Diagram #23058 -> traverse index 22 (array length 173)
  PASS  [3] before move #10407 the freshly resolved index 22 still owns Diagram #23058 (38(e))  traverse_len 173
  FACT  [3] MOVE #10407 'Case Structure' -> Diagram #23058 [traverse 22] at (620, 60); the op echoed uid 23035 (37(d): the echo is NOT the moved object)
  FACT  [3] after move #10407 AFTER node census: 633 rows
  FACT  [3] after move #10407 CENSUS DIFF: Node 632 -> 633 ; 1 new uid(s): [(23522, 'Invoke', (4593, 2718))]
  FACT  [3] after move #10407 new #23522 #23522 lives at: {'diagram_index': 22, 'diagram_uid': 23058, 'diagram_class': 'Diagram', 'nodes_index': 5, 'nodes_on_diagram': 7, 'label': 'Invoke Node'}  (1 diagram(s) scanned of 173, 0.3 s)
  FACT  [3] after move #10407 new #23522 terminal table of #23522 (Diagram idx 22, Nodes[5], echo 23522): 6 terminal(s)
  FACT      [3] after move #10407 new #23522 t0  'reference'                        is_source=False wire=0       errs=[0, 0, 0, 1055]
  FACT      [3] after move #10407 new #23522 t1  'reference out'                    is_source=True  wire=0       errs=[0, 0, 0, 1055]
  FACT      [3] after move #10407 new #23522 t2  'error in (no error)'              is_source=False wire=0       errs=[0, 0, 0, 1055]
  FACT      [3] after move #10407 new #23522 t3  'error out'                        is_source=True  wire=0       errs=[0, 0, 0, 1055]
  FACT      [3] after move #10407 new #23522 t4  'Method'                           is_source=False wire=0       errs=[0, 0, 0, 1055]
  FACT      [3] after move #10407 new #23522 t5  'Method'                           is_source=True  wire=0       errs=[0, 0, 0, 1055]
  FACT  [3] after move #10407 THE JUNK NODE'S FULL TERMINAL TABLE IS PRINTED ABOVE; 6 terminal(s), 0 WIRED - the purge precondition (ZERO wired) HOLDS
  FACT  [3] after move #10407 purge delete Node #23522 at index 107: gone [23522], error '', census 633 -> 632, still present False (1.40 s)
  FACT  [3] after move #10407 AFTER THE PURGE (the next step's baseline) node census: 632 rows
  PASS  [3] after move #10407 purge: the Node census returns to its pre-call value 632  632 -> 633 -> 632
  FACT  [3] after move #10407 Diagram #23058 [traverse 22] Nodes[] census: 6 node(s) -> [23035, 3529, 3560, 3447, 48, 10407]
  PASS  3a #10407 appears in Diagram #23058's Nodes[] census (THE authoritative gate)  body has 6 node(s)
  OBSERVED uid 10407 -> owner 'Diagram' uid 23058 | self 'CaseStructure'#10407 | 482 says 'Diagram' cast 'Diagram' |  
  FACT  [3] owner_of(10407) AFTER the move = ('Diagram', 23058) (REPORTED ALONGSIDE, never the gate - 53(d^8))
  FACT  [3] #10407 AFTER the move: 7 terminal(s), 0 WIRED (was 7)
  FACT  ExecState [10 [UNIT] after move #10407 Case Structure] = 0   (+605.9 s, read cost 0.00 s)
  FACT  [UNIT] after move #10407 Case Structure: ExecState 0 - NOT 1, so no intermediate file is written at this boundary (`allow_broken` is never set and `gui_save` is never called)
  FACT  [3] #23499 'Local (row 1 carrier)' BEFORE the move: 1 terminal(s), 1 WIRED  (Local; binds to its control BY LABEL, so the move is scheduling only (rule 1a))
  FACT  [3] before move #23499 DESTINDEX: Diagram #23058 -> traverse index 22 (array length 173)
  PASS  [3] before move #23499 the freshly resolved index 22 still owns Diagram #23058 (38(e))  traverse_len 173
  FACT  [3] MOVE #23499 'Local (row 1 carrier)' -> Diagram #23058 [traverse 22] at (40, 430); the op echoed uid 23035 (37(d): the echo is NOT the moved object)
  FACT  [3] after move #23499 AFTER node census: 633 rows
  FACT  [3] after move #23499 CENSUS DIFF: Node 632 -> 633 ; 1 new uid(s): [(23786, 'Invoke', (4593, 2718))]
  FACT  [3] after move #23499 new #23786 #23786 lives at: {'diagram_index': 22, 'diagram_uid': 23058, 'diagram_class': 'Diagram', 'nodes_index': 6, 'nodes_on_diagram': 8, 'label': 'Invoke Node'}  (1 diagram(s) scanned of 173, 0.2 s)
  FACT  [3] after move #23499 new #23786 terminal table of #23786 (Diagram idx 22, Nodes[6], echo 23786): 6 terminal(s)
  FACT      [3] after move #23499 new #23786 t0  'reference'                        is_source=False wire=0       errs=[0, 0, 0, 1055]
  FACT      [3] after move #23499 new #23786 t1  'reference out'                    is_source=True  wire=0       errs=[0, 0, 0, 1055]
  FACT      [3] after move #23499 new #23786 t2  'error in (no error)'              is_source=False wire=0       errs=[0, 0, 0, 1055]
  FACT      [3] after move #23499 new #23786 t3  'error out'                        is_source=True  wire=0       errs=[0, 0, 0, 1055]
  FACT      [3] after move #23499 new #23786 t4  'Method'                           is_source=False wire=0       errs=[0, 0, 0, 1055]
  FACT      [3] after move #23499 new #23786 t5  'Method'                           is_source=True  wire=0       errs=[0, 0, 0, 1055]
  FACT  [3] after move #23499 THE JUNK NODE'S FULL TERMINAL TABLE IS PRINTED ABOVE; 6 terminal(s), 0 WIRED - the purge precondition (ZERO wired) HOLDS
  FACT  [3] after move #23499 purge delete Node #23786 at index 99: gone [23786], error '', census 633 -> 632, still present False (1.27 s)
  FACT  [3] after move #23499 AFTER THE PURGE (the next step's baseline) node census: 632 rows
  PASS  [3] after move #23499 purge: the Node census returns to its pre-call value 632  632 -> 633 -> 632
  FACT  [3] after move #23499 Diagram #23058 [traverse 22] Nodes[] census: 7 node(s) -> [23035, 3529, 3560, 3447, 48, 10407, 23499]
  PASS  3a #23499 appears in Diagram #23058's Nodes[] census (THE authoritative gate)  body has 7 node(s)
  OBSERVED uid 23499 -> owner 'Diagram' uid 23058 | self 'Local'#23499 | 482 says 'Diagram' cast 'Diagram' |  
  FACT  [3] owner_of(23499) AFTER the move = ('Diagram', 23058) (REPORTED ALONGSIDE, never the gate - 53(d^8))
  FACT  [3] #23499 AFTER the move: 1 terminal(s), 0 WIRED (was 1)
  FACT  ExecState [11 [UNIT] after move #23499 Local (row 1 carrier)] = 0   (+612.8 s, read cost 0.00 s)
  FACT  [UNIT] after move #23499 Local (row 1 carrier): ExecState 0 - NOT 1, so no intermediate file is written at this boundary (`allow_broken` is never set and `gui_save` is never called)
  FACT  [3] #23523 'Local (row 2 carrier)' BEFORE the move: 1 terminal(s), 1 WIRED  (Local; binds to its control BY LABEL, so the move is scheduling only (rule 1a))
  FACT  [3] before move #23523 DESTINDEX: Diagram #23058 -> traverse index 22 (array length 173)
  PASS  [3] before move #23523 the freshly resolved index 22 still owns Diagram #23058 (38(e))  traverse_len 173
  FACT  [3] MOVE #23523 'Local (row 2 carrier)' -> Diagram #23058 [traverse 22] at (40, 520); the op echoed uid 23035 (37(d): the echo is NOT the moved object)
  FACT  [3] after move #23523 AFTER node census: 633 rows
  FACT  [3] after move #23523 CENSUS DIFF: Node 632 -> 633 ; 1 new uid(s): [(23786, 'Invoke', (4593, 2718))]
  FACT  [3] after move #23523 new #23786 #23786 lives at: {'diagram_index': 22, 'diagram_uid': 23058, 'diagram_class': 'Diagram', 'nodes_index': 7, 'nodes_on_diagram': 9, 'label': 'Invoke Node'}  (1 diagram(s) scanned of 173, 0.2 s)
  FACT  [3] after move #23523 new #23786 terminal table of #23786 (Diagram idx 22, Nodes[7], echo 23786): 6 terminal(s)
  FACT      [3] after move #23523 new #23786 t0  'reference'                        is_source=False wire=0       errs=[0, 0, 0, 1055]
  FACT      [3] after move #23523 new #23786 t1  'reference out'                    is_source=True  wire=0       errs=[0, 0, 0, 1055]
  FACT      [3] after move #23523 new #23786 t2  'error in (no error)'              is_source=False wire=0       errs=[0, 0, 0, 1055]
  FACT      [3] after move #23523 new #23786 t3  'error out'                        is_source=True  wire=0       errs=[0, 0, 0, 1055]
  FACT      [3] after move #23523 new #23786 t4  'Method'                           is_source=False wire=0       errs=[0, 0, 0, 1055]
  FACT      [3] after move #23523 new #23786 t5  'Method'                           is_source=True  wire=0       errs=[0, 0, 0, 1055]
  FACT  [3] after move #23523 THE JUNK NODE'S FULL TERMINAL TABLE IS PRINTED ABOVE; 6 terminal(s), 0 WIRED - the purge precondition (ZERO wired) HOLDS
  FACT  [3] after move #23523 purge delete Node #23786 at index 99: gone [23786], error '', census 633 -> 632, still present False (1.26 s)
  FACT  [3] after move #23523 AFTER THE PURGE (the next step's baseline) node census: 632 rows
  PASS  [3] after move #23523 purge: the Node census returns to its pre-call value 632  632 -> 633 -> 632
  FACT  [3] after move #23523 Diagram #23058 [traverse 22] Nodes[] census: 8 node(s) -> [23035, 3529, 3560, 3447, 48, 10407, 23499, 23523]
  PASS  3a #23523 appears in Diagram #23058's Nodes[] census (THE authoritative gate)  body has 8 node(s)
  OBSERVED uid 23523 -> owner 'Diagram' uid 23058 | self 'Local'#23523 | 482 says 'Diagram' cast 'Diagram' |  
  FACT  [3] owner_of(23523) AFTER the move = ('Diagram', 23058) (REPORTED ALONGSIDE, never the gate - 53(d^8))
  FACT  [3] #23523 AFTER the move: 1 terminal(s), 0 WIRED (was 1)
  FACT  ExecState [12 [UNIT] after move #23523 Local (row 2 carrier)] = 0   (+619.3 s, read cost 0.00 s)
  FACT  [UNIT] after move #23523 Local (row 2 carrier): ExecState 0 - NOT 1, so no intermediate file is written at this boundary (`allow_broken` is never set and `gui_save` is never called)
  FACT  [3] AFTER all seven Diagram #23058 [traverse 22] Nodes[] census: 8 node(s) -> [23035, 3529, 3560, 3447, 48, 10407, 23499, 23523]
  PASS  3b *** ALL SEVEN MOVED UIDS ARE IN Diagram #23058's Nodes[] CENSUS ***  missing [] ; body now holds 8 node(s)
  FACT  [3] after the seven moves counts: {'Node': 632, 'Wire': 1907, 'ControlTerminal': 116, 'Local': 10, 'LoopTunnel': 135, 'Tunnel': 471}

---------- [4] THE SEVEN INTERNAL ROWS, VERBATIM FROM diag_c66b_s3b_m3.py
  FACT  [4] row #48 t0 <- #3529 t0 : {'sink_diag': 22, 'sink_node': 4, 'sink_term': 0, 'src_diag': 22, 'src_node': 1, 'src_term': 0} ; sink by NAME '-Inc reference' (unique among 5 sink terminals) ; src by NAME '- Inc (PgDn)' (unique among 1 source terminals)
      op readback {'UID': 48, 'Name': '-Inc reference', 'UID 2': 0, 'Is Broken?': False}
  FACT  [4] connect_nested_v1 -> {'wire_delta': 1, 'exec_state': 0, 'machine_error': ''}
  FACT  [4] after row #48 t0 AFTER node census: 633 rows
  FACT  [4] after row #48 t0 CENSUS DIFF: Node 632 -> 633 ; 1 new uid(s): [(23786, 'Invoke', (4593, 2718))]
  FACT  [4] after row #48 t0 new #23786 #23786 lives at: {'diagram_index': 22, 'diagram_uid': 23058, 'diagram_class': 'Diagram', 'nodes_index': 8, 'nodes_on_diagram': 9, 'label': 'Invoke Node'}  (1 diagram(s) scanned of 173, 0.2 s)
  FACT  [4] after row #48 t0 new #23786 terminal table of #23786 (Diagram idx 22, Nodes[8], echo 23786): 6 terminal(s)
  FACT      [4] after row #48 t0 new #23786 t0  'reference'                        is_source=False wire=0       errs=[0, 0, 0, 1055]
  FACT      [4] after row #48 t0 new #23786 t1  'reference out'                    is_source=True  wire=0       errs=[0, 0, 0, 1055]
  FACT      [4] after row #48 t0 new #23786 t2  'error in (no error)'              is_source=False wire=0       errs=[0, 0, 0, 1055]
  FACT      [4] after row #48 t0 new #23786 t3  'error out'                        is_source=True  wire=0       errs=[0, 0, 0, 1055]
  FACT      [4] after row #48 t0 new #23786 t4  'Method'                           is_source=False wire=0       errs=[0, 0, 0, 1055]
  FACT      [4] after row #48 t0 new #23786 t5  'Method'                           is_source=True  wire=0       errs=[0, 0, 0, 1055]
  FACT  [4] after row #48 t0 THE JUNK NODE'S FULL TERMINAL TABLE IS PRINTED ABOVE; 6 terminal(s), 0 WIRED - the purge precondition (ZERO wired) HOLDS
  FACT  [4] after row #48 t0 purge delete Node #23786 at index 98: gone [23786], error '', census 633 -> 632, still present False (1.25 s)
  FACT  [4] after row #48 t0 AFTER THE PURGE (the next step's baseline) node census: 632 rows
  PASS  [4] after row #48 t0 purge: the Node census returns to its pre-call value 632  632 -> 633 -> 632
  FACT  [4] row #48 t0 <- #3529 t0 : sink wire 23804 / src wire 23804 ; same net True ; WIRED-TERMINAL counts sink 0 -> 1, src 0 -> 1
  PASS  4 row #48 t0 <- #3529 t0: the WIRED-TERMINAL count rose on BOTH ends and they share ONE wire uid (49(e))  wire 23804
  FACT  ExecState [13 [UNIT] after row #48 t0 <- #3529 t0] = 0   (+625.1 s, read cost 0.00 s)
  FACT  [UNIT] after row #48 t0 <- #3529 t0: ExecState 0 - NOT 1, so no intermediate file is written at this boundary (`allow_broken` is never set and `gui_save` is never called)
  FACT  [4] row #48 t1 <- #3560 t0 : {'sink_diag': 22, 'sink_node': 4, 'sink_term': 1, 'src_diag': 22, 'src_node': 2, 'src_term': 0} ; sink by NAME '+Inc reference' (unique among 5 sink terminals) ; src by NAME '+ Inc (PgUp)' (unique among 1 source terminals)
      op readback {'UID': 48, 'Name': '+Inc reference', 'UID 2': 0, 'Is Broken?': False}
  FACT  [4] connect_nested_v1 -> {'wire_delta': 1, 'exec_state': 0, 'machine_error': ''}
  FACT  [4] after row #48 t1 AFTER node census: 633 rows
  FACT  [4] after row #48 t1 CENSUS DIFF: Node 632 -> 633 ; 1 new uid(s): [(23786, 'Invoke', (4593, 2718))]
  FACT  [4] after row #48 t1 new #23786 #23786 lives at: {'diagram_index': 22, 'diagram_uid': 23058, 'diagram_class': 'Diagram', 'nodes_index': 8, 'nodes_on_diagram': 9, 'label': 'Invoke Node'}  (1 diagram(s) scanned of 173, 0.2 s)
  FACT  [4] after row #48 t1 new #23786 terminal table of #23786 (Diagram idx 22, Nodes[8], echo 23786): 6 terminal(s)
  FACT      [4] after row #48 t1 new #23786 t0  'reference'                        is_source=False wire=0       errs=[0, 0, 0, 1055]
  FACT      [4] after row #48 t1 new #23786 t1  'reference out'                    is_source=True  wire=0       errs=[0, 0, 0, 1055]
  FACT      [4] after row #48 t1 new #23786 t2  'error in (no error)'              is_source=False wire=0       errs=[0, 0, 0, 1055]
  FACT      [4] after row #48 t1 new #23786 t3  'error out'                        is_source=True  wire=0       errs=[0, 0, 0, 1055]
  FACT      [4] after row #48 t1 new #23786 t4  'Method'                           is_source=False wire=0       errs=[0, 0, 0, 1055]
  FACT      [4] after row #48 t1 new #23786 t5  'Method'                           is_source=True  wire=0       errs=[0, 0, 0, 1055]
  FACT  [4] after row #48 t1 THE JUNK NODE'S FULL TERMINAL TABLE IS PRINTED ABOVE; 6 terminal(s), 0 WIRED - the purge precondition (ZERO wired) HOLDS
  FACT  [4] after row #48 t1 purge delete Node #23786 at index 98: gone [23786], error '', census 633 -> 632, still present False (1.28 s)
  FACT  [4] after row #48 t1 AFTER THE PURGE (the next step's baseline) node census: 632 rows
  PASS  [4] after row #48 t1 purge: the Node census returns to its pre-call value 632  632 -> 633 -> 632
  FACT  [4] row #48 t1 <- #3560 t0 : sink wire 23811 / src wire 23811 ; same net True ; WIRED-TERMINAL counts sink 1 -> 2, src 0 -> 1
  PASS  4 row #48 t1 <- #3560 t0: the WIRED-TERMINAL count rose on BOTH ends and they share ONE wire uid (49(e))  wire 23811
  FACT  ExecState [14 [UNIT] after row #48 t1 <- #3560 t0] = 0   (+630.5 s, read cost 0.00 s)
  FACT  [UNIT] after row #48 t1 <- #3560 t0: ExecState 0 - NOT 1, so no intermediate file is written at this boundary (`allow_broken` is never set and `gui_save` is never called)
  FACT  [4] row #48 t2 <- #3447 t0 : {'sink_diag': 22, 'sink_node': 4, 'sink_term': 2, 'src_diag': 22, 'src_node': 3, 'src_term': 0} ; sink by NAME 'Focus inc reference' (unique among 5 sink terminals) ; src by NAME 'Focus Step (F1)' (unique among 1 source terminals)
      op readback {'UID': 48, 'Name': 'Focus inc reference', 'UID 2': 0, 'Is Broken?': False}
  FACT  [4] connect_nested_v1 -> {'wire_delta': 1, 'exec_state': 0, 'machine_error': ''}
  FACT  [4] after row #48 t2 AFTER node census: 633 rows
  FACT  [4] after row #48 t2 CENSUS DIFF: Node 632 -> 633 ; 1 new uid(s): [(23786, 'Invoke', (4593, 2718))]
  FACT  [4] after row #48 t2 new #23786 #23786 lives at: {'diagram_index': 22, 'diagram_uid': 23058, 'diagram_class': 'Diagram', 'nodes_index': 8, 'nodes_on_diagram': 9, 'label': 'Invoke Node'}  (1 diagram(s) scanned of 173, 0.2 s)
  FACT  [4] after row #48 t2 new #23786 terminal table of #23786 (Diagram idx 22, Nodes[8], echo 23786): 6 terminal(s)
  FACT      [4] after row #48 t2 new #23786 t0  'reference'                        is_source=False wire=0       errs=[0, 0, 0, 1055]
  FACT      [4] after row #48 t2 new #23786 t1  'reference out'                    is_source=True  wire=0       errs=[0, 0, 0, 1055]
  FACT      [4] after row #48 t2 new #23786 t2  'error in (no error)'              is_source=False wire=0       errs=[0, 0, 0, 1055]
  FACT      [4] after row #48 t2 new #23786 t3  'error out'                        is_source=True  wire=0       errs=[0, 0, 0, 1055]
  FACT      [4] after row #48 t2 new #23786 t4  'Method'                           is_source=False wire=0       errs=[0, 0, 0, 1055]
  FACT      [4] after row #48 t2 new #23786 t5  'Method'                           is_source=True  wire=0       errs=[0, 0, 0, 1055]
  FACT  [4] after row #48 t2 THE JUNK NODE'S FULL TERMINAL TABLE IS PRINTED ABOVE; 6 terminal(s), 0 WIRED - the purge precondition (ZERO wired) HOLDS
  FACT  [4] after row #48 t2 purge delete Node #23786 at index 98: gone [23786], error '', census 633 -> 632, still present False (1.26 s)
  FACT  [4] after row #48 t2 AFTER THE PURGE (the next step's baseline) node census: 632 rows
  PASS  [4] after row #48 t2 purge: the Node census returns to its pre-call value 632  632 -> 633 -> 632
  FACT  [4] row #48 t2 <- #3447 t0 : sink wire 23820 / src wire 23820 ; same net True ; WIRED-TERMINAL counts sink 2 -> 3, src 0 -> 1
  PASS  4 row #48 t2 <- #3447 t0: the WIRED-TERMINAL count rose on BOTH ends and they share ONE wire uid (49(e))  wire 23820
  FACT  ExecState [15 [UNIT] after row #48 t2 <- #3447 t0] = 0   (+635.8 s, read cost 0.00 s)
  FACT  [UNIT] after row #48 t2 <- #3447 t0: ExecState 0 - NOT 1, so no intermediate file is written at this boundary (`allow_broken` is never set and `gui_save` is never called)
  FACT  [4] row #10407 t3 <- #48 t6 : {'sink_diag': 22, 'sink_node': 5, 'sink_term': 3, 'src_diag': 22, 'src_node': 4, 'src_term': 6} ; sink by NAME 'Outgoing Handle' (unique among 5 sink terminals) ; src by NAME 'Outgoing Handle' (unique among 2 source terminals)
      op readback {'UID': 10407, 'Name': 'Outgoing Handle', 'UID 2': 0, 'Is Broken?': False}
  FACT  [4] connect_nested_v1 -> {'wire_delta': 1, 'exec_state': 0, 'machine_error': ''}
  FACT  [4] after row #10407 t3 AFTER node census: 633 rows
  FACT  [4] after row #10407 t3 CENSUS DIFF: Node 632 -> 633 ; 1 new uid(s): [(23786, 'Invoke', (4593, 2718))]
  FACT  [4] after row #10407 t3 new #23786 #23786 lives at: {'diagram_index': 22, 'diagram_uid': 23058, 'diagram_class': 'Diagram', 'nodes_index': 8, 'nodes_on_diagram': 9, 'label': 'Invoke Node'}  (1 diagram(s) scanned of 173, 0.2 s)
  FACT  [4] after row #10407 t3 new #23786 terminal table of #23786 (Diagram idx 22, Nodes[8], echo 23786): 6 terminal(s)
  FACT      [4] after row #10407 t3 new #23786 t0  'reference'                        is_source=False wire=0       errs=[0, 0, 0, 1055]
  FACT      [4] after row #10407 t3 new #23786 t1  'reference out'                    is_source=True  wire=0       errs=[0, 0, 0, 1055]
  FACT      [4] after row #10407 t3 new #23786 t2  'error in (no error)'              is_source=False wire=0       errs=[0, 0, 0, 1055]
  FACT      [4] after row #10407 t3 new #23786 t3  'error out'                        is_source=True  wire=0       errs=[0, 0, 0, 1055]
  FACT      [4] after row #10407 t3 new #23786 t4  'Method'                           is_source=False wire=0       errs=[0, 0, 0, 1055]
  FACT      [4] after row #10407 t3 new #23786 t5  'Method'                           is_source=True  wire=0       errs=[0, 0, 0, 1055]
  FACT  [4] after row #10407 t3 THE JUNK NODE'S FULL TERMINAL TABLE IS PRINTED ABOVE; 6 terminal(s), 0 WIRED - the purge precondition (ZERO wired) HOLDS
  FACT  [4] after row #10407 t3 purge delete Node #23786 at index 98: gone [23786], error '', census 633 -> 632, still present False (1.27 s)
  FACT  [4] after row #10407 t3 AFTER THE PURGE (the next step's baseline) node census: 632 rows
  PASS  [4] after row #10407 t3 purge: the Node census returns to its pre-call value 632  632 -> 633 -> 632
  FACT  [4] row #10407 t3 <- #48 t6 : sink wire 23829 / src wire 23829 ; same net True ; WIRED-TERMINAL counts sink 0 -> 1, src 3 -> 4
  PASS  4 row #10407 t3 <- #48 t6: the WIRED-TERMINAL count rose on BOTH ends and they share ONE wire uid (49(e))  wire 23829
  FACT  ExecState [16 [UNIT] after row #10407 t3 <- #48 t6] = 0   (+641.1 s, read cost 0.00 s)
  FACT  [UNIT] after row #10407 t3 <- #48 t6: ExecState 0 - NOT 1, so no intermediate file is written at this boundary (`allow_broken` is never set and `gui_save` is never called)
  FACT  [4] row #10407 t5 <- #48 t5 : {'sink_diag': 22, 'sink_node': 5, 'sink_term': 5, 'src_diag': 22, 'src_node': 4, 'src_term': 5} ; sink by NAME 'Out position' (unique among 5 sink terminals) ; src by NAME 'Out position' (unique among 2 source terminals)
      op readback {'UID': 10407, 'Name': 'Out position', 'UID 2': 0, 'Is Broken?': False}
  FACT  [4] connect_nested_v1 -> {'wire_delta': 1, 'exec_state': 0, 'machine_error': ''}
  FACT  [4] after row #10407 t5 AFTER node census: 633 rows
  FACT  [4] after row #10407 t5 CENSUS DIFF: Node 632 -> 633 ; 1 new uid(s): [(23786, 'Invoke', (4593, 2718))]
  FACT  [4] after row #10407 t5 new #23786 #23786 lives at: {'diagram_index': 22, 'diagram_uid': 23058, 'diagram_class': 'Diagram', 'nodes_index': 8, 'nodes_on_diagram': 9, 'label': 'Invoke Node'}  (1 diagram(s) scanned of 173, 0.2 s)
  FACT  [4] after row #10407 t5 new #23786 terminal table of #23786 (Diagram idx 22, Nodes[8], echo 23786): 6 terminal(s)
  FACT      [4] after row #10407 t5 new #23786 t0  'reference'                        is_source=False wire=0       errs=[0, 0, 0, 1055]
  FACT      [4] after row #10407 t5 new #23786 t1  'reference out'                    is_source=True  wire=0       errs=[0, 0, 0, 1055]
  FACT      [4] after row #10407 t5 new #23786 t2  'error in (no error)'              is_source=False wire=0       errs=[0, 0, 0, 1055]
  FACT      [4] after row #10407 t5 new #23786 t3  'error out'                        is_source=True  wire=0       errs=[0, 0, 0, 1055]
  FACT      [4] after row #10407 t5 new #23786 t4  'Method'                           is_source=False wire=0       errs=[0, 0, 0, 1055]
  FACT      [4] after row #10407 t5 new #23786 t5  'Method'                           is_source=True  wire=0       errs=[0, 0, 0, 1055]
  FACT  [4] after row #10407 t5 THE JUNK NODE'S FULL TERMINAL TABLE IS PRINTED ABOVE; 6 terminal(s), 0 WIRED - the purge precondition (ZERO wired) HOLDS
  FACT  [4] after row #10407 t5 purge delete Node #23786 at index 98: gone [23786], error '', census 633 -> 632, still present False (1.26 s)
  FACT  [4] after row #10407 t5 AFTER THE PURGE (the next step's baseline) node census: 632 rows
  PASS  [4] after row #10407 t5 purge: the Node census returns to its pre-call value 632  632 -> 633 -> 632
  FACT  [4] row #10407 t5 <- #48 t5 : sink wire 23838 / src wire 23838 ; same net True ; WIRED-TERMINAL counts sink 1 -> 2, src 4 -> 5
  PASS  4 row #10407 t5 <- #48 t5: the WIRED-TERMINAL count rose on BOTH ends and they share ONE wire uid (49(e))  wire 23838
  FACT  ExecState [17 [UNIT] after row #10407 t5 <- #48 t5] = 0   (+646.5 s, read cost 0.00 s)
  FACT  [UNIT] after row #10407 t5 <- #48 t5: ExecState 0 - NOT 1, so no intermediate file is written at this boundary (`allow_broken` is never set and `gui_save` is never called)
  FACT  [4] row #10407 t0 <- #23499 t0 : {'sink_diag': 22, 'sink_node': 5, 'sink_term': 0, 'src_diag': 22, 'src_node': 6, 'src_term': 0} ; sink by RE-MEASURED INDEX t0 (name '' is empty or not unique); that terminal reads name '' is_source False ; src by RE-MEASURED INDEX t0 (name '' is empty or not unique); that terminal reads name 'Automatic Error Handling' is_source True
      op readback {'UID': 10407, 'Name': '', 'UID 2': 0, 'Is Broken?': False}
  FACT  [4] connect_nested_v1 -> {'wire_delta': 1, 'exec_state': 0, 'machine_error': ''}
  FACT  [4] after row #10407 t0 AFTER node census: 633 rows
  FACT  [4] after row #10407 t0 CENSUS DIFF: Node 632 -> 633 ; 1 new uid(s): [(23786, 'Invoke', (4593, 2718))]
  FACT  [4] after row #10407 t0 new #23786 #23786 lives at: {'diagram_index': 22, 'diagram_uid': 23058, 'diagram_class': 'Diagram', 'nodes_index': 8, 'nodes_on_diagram': 9, 'label': 'Invoke Node'}  (1 diagram(s) scanned of 173, 0.2 s)
  FACT  [4] after row #10407 t0 new #23786 terminal table of #23786 (Diagram idx 22, Nodes[8], echo 23786): 6 terminal(s)
  FACT      [4] after row #10407 t0 new #23786 t0  'reference'                        is_source=False wire=0       errs=[0, 0, 0, 1055]
  FACT      [4] after row #10407 t0 new #23786 t1  'reference out'                    is_source=True  wire=0       errs=[0, 0, 0, 1055]
  FACT      [4] after row #10407 t0 new #23786 t2  'error in (no error)'              is_source=False wire=0       errs=[0, 0, 0, 1055]
  FACT      [4] after row #10407 t0 new #23786 t3  'error out'                        is_source=True  wire=0       errs=[0, 0, 0, 1055]
  FACT      [4] after row #10407 t0 new #23786 t4  'Method'                           is_source=False wire=0       errs=[0, 0, 0, 1055]
  FACT      [4] after row #10407 t0 new #23786 t5  'Method'                           is_source=True  wire=0       errs=[0, 0, 0, 1055]
  FACT  [4] after row #10407 t0 THE JUNK NODE'S FULL TERMINAL TABLE IS PRINTED ABOVE; 6 terminal(s), 0 WIRED - the purge precondition (ZERO wired) HOLDS
  FACT  [4] after row #10407 t0 purge delete Node #23786 at index 98: gone [23786], error '', census 633 -> 632, still present False (1.26 s)
  FACT  [4] after row #10407 t0 AFTER THE PURGE (the next step's baseline) node census: 632 rows
  PASS  [4] after row #10407 t0 purge: the Node census returns to its pre-call value 632  632 -> 633 -> 632
  FACT  [4] row #10407 t0 <- #23499 t0 : sink wire 23847 / src wire 23847 ; same net True ; WIRED-TERMINAL counts sink 2 -> 3, src 0 -> 1
  PASS  4 row #10407 t0 <- #23499 t0: the WIRED-TERMINAL count rose on BOTH ends and they share ONE wire uid (49(e))  wire 23847
  FACT  ExecState [18 [UNIT] after row #10407 t0 <- #23499 t0] = 0   (+651.8 s, read cost 0.00 s)
  FACT  [UNIT] after row #10407 t0 <- #23499 t0: ExecState 0 - NOT 1, so no intermediate file is written at this boundary (`allow_broken` is never set and `gui_save` is never called)
  FACT  [4] row #10407 t2 <- #23523 t0 : {'sink_diag': 22, 'sink_node': 5, 'sink_term': 2, 'src_diag': 22, 'src_node': 7, 'src_term': 0} ; sink by NAME 'index' (unique among 5 sink terminals) ; src by NAME 'index' (unique among 1 source terminals)
      op readback {'UID': 10407, 'Name': 'index', 'UID 2': 0, 'Is Broken?': False}
  FACT  [4] connect_nested_v1 -> {'wire_delta': 1, 'exec_state': 0, 'machine_error': ''}
  FACT  [4] after row #10407 t2 AFTER node census: 633 rows
  FACT  [4] after row #10407 t2 CENSUS DIFF: Node 632 -> 633 ; 1 new uid(s): [(23786, 'Invoke', (4593, 2718))]
  FACT  [4] after row #10407 t2 new #23786 #23786 lives at: {'diagram_index': 22, 'diagram_uid': 23058, 'diagram_class': 'Diagram', 'nodes_index': 8, 'nodes_on_diagram': 9, 'label': 'Invoke Node'}  (1 diagram(s) scanned of 173, 0.2 s)
  FACT  [4] after row #10407 t2 new #23786 terminal table of #23786 (Diagram idx 22, Nodes[8], echo 23786): 6 terminal(s)
  FACT      [4] after row #10407 t2 new #23786 t0  'reference'                        is_source=False wire=0       errs=[0, 0, 0, 1055]
  FACT      [4] after row #10407 t2 new #23786 t1  'reference out'                    is_source=True  wire=0       errs=[0, 0, 0, 1055]
  FACT      [4] after row #10407 t2 new #23786 t2  'error in (no error)'              is_source=False wire=0       errs=[0, 0, 0, 1055]
  FACT      [4] after row #10407 t2 new #23786 t3  'error out'                        is_source=True  wire=0       errs=[0, 0, 0, 1055]
  FACT      [4] after row #10407 t2 new #23786 t4  'Method'                           is_source=False wire=0       errs=[0, 0, 0, 1055]
  FACT      [4] after row #10407 t2 new #23786 t5  'Method'                           is_source=True  wire=0       errs=[0, 0, 0, 1055]
  FACT  [4] after row #10407 t2 THE JUNK NODE'S FULL TERMINAL TABLE IS PRINTED ABOVE; 6 terminal(s), 0 WIRED - the purge precondition (ZERO wired) HOLDS
  FACT  [4] after row #10407 t2 purge delete Node #23786 at index 98: gone [23786], error '', census 633 -> 632, still present False (1.26 s)
  FACT  [4] after row #10407 t2 AFTER THE PURGE (the next step's baseline) node census: 632 rows
  PASS  [4] after row #10407 t2 purge: the Node census returns to its pre-call value 632  632 -> 633 -> 632
  FACT  [4] row #10407 t2 <- #23523 t0 : sink wire 23982 / src wire 23982 ; same net True ; WIRED-TERMINAL counts sink 3 -> 4, src 0 -> 1
  PASS  4 row #10407 t2 <- #23523 t0: the WIRED-TERMINAL count rose on BOTH ends and they share ONE wire uid (49(e))  wire 23982
  FACT  ExecState [19 [UNIT] after row #10407 t2 <- #23523 t0] = 0   (+657.1 s, read cost 0.00 s)
  FACT  [UNIT] after row #10407 t2 <- #23523 t0: ExecState 0 - NOT 1, so no intermediate file is written at this boundary (`allow_broken` is never set and `gui_save` is never called)

---------- [CENSUS 1] FULL `node_terms` CENSUS OF THE SEVEN MOVED NODES
  FACT  ExecState [20 [CENSUS 1] at the census] = 0   (+657.2 s, read cost 0.00 s)
  FACT  [CENSUS 1] #3529 - Inc (PgDn) #3529 lives at: {'diagram_index': 22, 'diagram_uid': 23058, 'diagram_class': 'Diagram', 'nodes_index': 1, 'nodes_on_diagram': 8, 'label': '- Inc (PgDn)'}  (1 diagram(s) scanned of 173, 0.2 s)
  FACT  [CENSUS 1] #3529 - Inc (PgDn) terminal table of #3529 (Diagram idx 22, Nodes[1], echo 3529): 1 terminal(s)
  FACT      [CENSUS 1] #3529 - Inc (PgDn) t0  '- Inc (PgDn)'                     is_source=True  wire=23804   errs=[0, 0, 0, 0]
  FACT  [CENSUS 1] #3529 '- Inc (PgDn)': 1 terminal(s), 1 WIRED, 0 with WireUID 0
  FACT  [CENSUS 1] #3560 + Inc (PgUp) #3560 lives at: {'diagram_index': 22, 'diagram_uid': 23058, 'diagram_class': 'Diagram', 'nodes_index': 2, 'nodes_on_diagram': 8, 'label': '+ Inc (PgUp)'}  (1 diagram(s) scanned of 173, 0.2 s)
  FACT  [CENSUS 1] #3560 + Inc (PgUp) terminal table of #3560 (Diagram idx 22, Nodes[2], echo 3560): 1 terminal(s)
  FACT      [CENSUS 1] #3560 + Inc (PgUp) t0  '+ Inc (PgUp)'                     is_source=True  wire=23811   errs=[0, 0, 0, 0]
  FACT  [CENSUS 1] #3560 '+ Inc (PgUp)': 1 terminal(s), 1 WIRED, 0 with WireUID 0
  FACT  [CENSUS 1] #3447 Focus Step (F1) #3447 lives at: {'diagram_index': 22, 'diagram_uid': 23058, 'diagram_class': 'Diagram', 'nodes_index': 3, 'nodes_on_diagram': 8, 'label': 'Focus Step (F1)'}  (1 diagram(s) scanned of 173, 0.2 s)
  FACT  [CENSUS 1] #3447 Focus Step (F1) terminal table of #3447 (Diagram idx 22, Nodes[3], echo 3447): 1 terminal(s)
  FACT      [CENSUS 1] #3447 Focus Step (F1) t0  'Focus Step (F1)'                  is_source=True  wire=23820   errs=[0, 0, 0, 0]
  FACT  [CENSUS 1] #3447 'Focus Step (F1)': 1 terminal(s), 1 WIRED, 0 with WireUID 0
  FACT  [CENSUS 1] #48 ASI_adjust focus-subvi.vi #48 lives at: {'diagram_index': 22, 'diagram_uid': 23058, 'diagram_class': 'Diagram', 'nodes_index': 4, 'nodes_on_diagram': 8, 'label': 'ASI_adjust focus-subvi.vi'}  (1 diagram(s) scanned of 173, 0.2 s)
  FACT  [CENSUS 1] #48 ASI_adjust focus-subvi.vi terminal table of #48 (Diagram idx 22, Nodes[4], echo 48): 7 terminal(s)
  FACT      [CENSUS 1] #48 ASI_adjust focus-subvi.vi t0  '-Inc reference'                   is_source=False wire=23804   errs=[0, 0, 0, 0]
  FACT      [CENSUS 1] #48 ASI_adjust focus-subvi.vi t1  '+Inc reference'                   is_source=False wire=23811   errs=[0, 0, 0, 0]
  FACT      [CENSUS 1] #48 ASI_adjust focus-subvi.vi t2  'Focus inc reference'              is_source=False wire=23820   errs=[0, 0, 0, 0]
  FACT      [CENSUS 1] #48 ASI_adjust focus-subvi.vi t3  'VISA resource name'               is_source=False wire=0       errs=[0, 0, 0, 1055]
  FACT      [CENSUS 1] #48 ASI_adjust focus-subvi.vi t4  'In position'                      is_source=False wire=0       errs=[0, 0, 0, 1055]
  FACT      [CENSUS 1] #48 ASI_adjust focus-subvi.vi t5  'Out position'                     is_source=True  wire=23838   errs=[0, 0, 0, 0]
  FACT      [CENSUS 1] #48 ASI_adjust focus-subvi.vi t6  'Outgoing Handle'                  is_source=True  wire=23829   errs=[0, 0, 0, 0]
  FACT  [CENSUS 1] #48 'ASI_adjust focus-subvi.vi': 7 terminal(s), 5 WIRED, 2 with WireUID 0
  FACT  [CENSUS 1] #10407 Case Structure #10407 lives at: {'diagram_index': 22, 'diagram_uid': 23058, 'diagram_class': 'Diagram', 'nodes_index': 5, 'nodes_on_diagram': 8, 'label': 'Case Structure'}  (1 diagram(s) scanned of 173, 0.2 s)
  FACT  [CENSUS 1] #10407 Case Structure terminal table of #10407 (Diagram idx 22, Nodes[5], echo 10407): 7 terminal(s)
  FACT      [CENSUS 1] #10407 Case Structure t0  ''                                 is_source=False wire=23847   errs=[0, 0, 0, 0]
  FACT      [CENSUS 1] #10407 Case Structure t1  '# slices in stack'                is_source=False wire=0       errs=[0, 0, 0, 1055]
  FACT      [CENSUS 1] #10407 Case Structure t2  'index'                            is_source=False wire=23982   errs=[0, 0, 0, 0]
  FACT      [CENSUS 1] #10407 Case Structure t3  'Outgoing Handle'                  is_source=False wire=23829   errs=[0, 0, 0, 0]
  FACT      [CENSUS 1] #10407 Case Structure t4  'VISA out'                         is_source=True  wire=0       errs=[0, 0, 0, 1055]
  FACT      [CENSUS 1] #10407 Case Structure t5  'Out position'                     is_source=False wire=23838   errs=[0, 0, 0, 0]
  FACT      [CENSUS 1] #10407 Case Structure t6  'position [internal units]'        is_source=True  wire=0       errs=[0, 0, 0, 1055]
  FACT  [CENSUS 1] #10407 'Case Structure': 7 terminal(s), 4 WIRED, 3 with WireUID 0
  FACT  [CENSUS 1] #23499 Local (row 1 carrier) #23499 lives at: {'diagram_index': 22, 'diagram_uid': 23058, 'diagram_class': 'Diagram', 'nodes_index': 6, 'nodes_on_diagram': 8, 'label': 'WORK_C67M3A_20260921_181815.vi'}  (1 diagram(s) scanned of 173, 0.2 s)
  FACT  [CENSUS 1] #23499 Local (row 1 carrier) terminal table of #23499 (Diagram idx 22, Nodes[6], echo 23499): 1 terminal(s)
  FACT      [CENSUS 1] #23499 Local (row 1 carrier) t0  'Automatic Error Handling'         is_source=True  wire=23847   errs=[0, 0, 0, 0]
  FACT  [CENSUS 1] #23499 'Local (row 1 carrier)': 1 terminal(s), 1 WIRED, 0 with WireUID 0
  FACT  [CENSUS 1] #23523 Local (row 2 carrier) #23523 lives at: {'diagram_index': 22, 'diagram_uid': 23058, 'diagram_class': 'Diagram', 'nodes_index': 7, 'nodes_on_diagram': 8, 'label': 'WORK_C67M3A_20260921_181815.vi'}  (1 diagram(s) scanned of 173, 0.2 s)
  FACT  [CENSUS 1] #23523 Local (row 2 carrier) terminal table of #23523 (Diagram idx 22, Nodes[7], echo 23523): 1 terminal(s)
  FACT      [CENSUS 1] #23523 Local (row 2 carrier) t0  'index'                            is_source=True  wire=23982   errs=[0, 0, 0, 0]
  FACT  [CENSUS 1] #23523 'Local (row 2 carrier)': 1 terminal(s), 1 WIRED, 0 with WireUID 0

  *** [CENSUS 1] THE BARE LIST - EVERY TERMINAL WITH WireUID 0 (5 row(s)) ***
  FACT  [CENSUS 1] BARE  node #48     'ASI_adjust focus-subvi.vi' t3    'VISA resource name'               is_source=False state=BARE
  FACT  [CENSUS 1] BARE  node #48     'ASI_adjust focus-subvi.vi' t4    'In position'                      is_source=False state=BARE
  FACT  [CENSUS 1] BARE  node #10407  'Case Structure'           t1    '# slices in stack'                is_source=False state=BARE
  FACT  [CENSUS 1] BARE  node #10407  'Case Structure'           t4    'VISA out'                         is_source=True  state=BARE
  FACT  [CENSUS 1] BARE  node #10407  'Case Structure'           t6    'position [internal units]'        is_source=True  state=BARE
  FACT  [CENSUS 1] BARE LIST SIZE: 5 terminal(s) with WireUID 0
  FACT  [CENSUS 1] PEER PREDICTION SCORED (REPORTED, never a gate): per-node bare counts predicted/measured {'3529': {'predicted': 0, 'measured': 0}, '3560': {'predicted': 0, 'measured': 0}, '3447': {'predicted': 0, 'measured': 0}, '48': {'predicted': 0, 'measured': 2}, '10407': {'predicted': 1, 'measured': 3}, '23499': {'predicted': 0, 'measured': 0}, '23523': {'predicted': 0, 'measured': 0}} ; ExecState predicted 0 measured 0 ; the named row #10407 t1 '# slices in stack' measured as {'node_uid': 10407, 'node_name': 'Case Structure', 'term_index': 1, 'term_name': '# slices in stack', 'is_source': False, 'wire': 0, 'errs': [0, 0, 0, 1055], 'state': 'BARE'} ; all per-node counts match: False

---------- [6] THE FOUR SHIFT-REGISTER ROWS
  FAIL  6 VISA LeftIn row on #48 has a reg_index  NO reg_index - the row is NOT attempted
  FAIL  6 VISA RightIn row on #10407 has a reg_index  NO reg_index - the row is NOT attempted
  FAIL  6 POS LeftIn row on #48 has a reg_index  NO reg_index - the row is NOT attempted
  FAIL  6 POS RightIn row on #10407 has a reg_index  NO reg_index - the row is NOT attempted
  FACT  [6] NOT CALLED, DELIBERATELY OUT OF SCOPE: wire_sr('LeftOutNode') and wire_sr('LeftOutCtl') - the registers' INITIAL VALUES are STAGE M3a-2. An uninitialised register is legal LabVIEW and the initial values are a rule-1a question, not a compile question.

---------- [CENSUS 2] FULL `node_terms` CENSUS OF THE SEVEN MOVED NODES PLUS BOTH SHIFT REGISTERS
  FACT  ExecState [21 [CENSUS 2] at the census] = 0   (+659.1 s, read cost 0.00 s)
  FACT  [CENSUS 2] #3529 - Inc (PgDn) #3529 lives at: {'diagram_index': 22, 'diagram_uid': 23058, 'diagram_class': 'Diagram', 'nodes_index': 1, 'nodes_on_diagram': 8, 'label': '- Inc (PgDn)'}  (1 diagram(s) scanned of 173, 0.2 s)
  FACT  [CENSUS 2] #3529 - Inc (PgDn) terminal table of #3529 (Diagram idx 22, Nodes[1], echo 3529): 1 terminal(s)
  FACT      [CENSUS 2] #3529 - Inc (PgDn) t0  '- Inc (PgDn)'                     is_source=True  wire=23804   errs=[0, 0, 0, 0]
  FACT  [CENSUS 2] #3529 '- Inc (PgDn)': 1 terminal(s), 1 WIRED, 0 with WireUID 0
  FACT  [CENSUS 2] #3560 + Inc (PgUp) #3560 lives at: {'diagram_index': 22, 'diagram_uid': 23058, 'diagram_class': 'Diagram', 'nodes_index': 2, 'nodes_on_diagram': 8, 'label': '+ Inc (PgUp)'}  (1 diagram(s) scanned of 173, 0.2 s)
  FACT  [CENSUS 2] #3560 + Inc (PgUp) terminal table of #3560 (Diagram idx 22, Nodes[2], echo 3560): 1 terminal(s)
  FACT      [CENSUS 2] #3560 + Inc (PgUp) t0  '+ Inc (PgUp)'                     is_source=True  wire=23811   errs=[0, 0, 0, 0]
  FACT  [CENSUS 2] #3560 '+ Inc (PgUp)': 1 terminal(s), 1 WIRED, 0 with WireUID 0
  FACT  [CENSUS 2] #3447 Focus Step (F1) #3447 lives at: {'diagram_index': 22, 'diagram_uid': 23058, 'diagram_class': 'Diagram', 'nodes_index': 3, 'nodes_on_diagram': 8, 'label': 'Focus Step (F1)'}  (1 diagram(s) scanned of 173, 0.2 s)
  FACT  [CENSUS 2] #3447 Focus Step (F1) terminal table of #3447 (Diagram idx 22, Nodes[3], echo 3447): 1 terminal(s)
  FACT      [CENSUS 2] #3447 Focus Step (F1) t0  'Focus Step (F1)'                  is_source=True  wire=23820   errs=[0, 0, 0, 0]
  FACT  [CENSUS 2] #3447 'Focus Step (F1)': 1 terminal(s), 1 WIRED, 0 with WireUID 0
  FACT  [CENSUS 2] #48 ASI_adjust focus-subvi.vi #48 lives at: {'diagram_index': 22, 'diagram_uid': 23058, 'diagram_class': 'Diagram', 'nodes_index': 4, 'nodes_on_diagram': 8, 'label': 'ASI_adjust focus-subvi.vi'}  (1 diagram(s) scanned of 173, 0.2 s)
  FACT  [CENSUS 2] #48 ASI_adjust focus-subvi.vi terminal table of #48 (Diagram idx 22, Nodes[4], echo 48): 7 terminal(s)
  FACT      [CENSUS 2] #48 ASI_adjust focus-subvi.vi t0  '-Inc reference'                   is_source=False wire=23804   errs=[0, 0, 0, 0]
  FACT      [CENSUS 2] #48 ASI_adjust focus-subvi.vi t1  '+Inc reference'                   is_source=False wire=23811   errs=[0, 0, 0, 0]
  FACT      [CENSUS 2] #48 ASI_adjust focus-subvi.vi t2  'Focus inc reference'              is_source=False wire=23820   errs=[0, 0, 0, 0]
  FACT      [CENSUS 2] #48 ASI_adjust focus-subvi.vi t3  'VISA resource name'               is_source=False wire=0       errs=[0, 0, 0, 1055]
  FACT      [CENSUS 2] #48 ASI_adjust focus-subvi.vi t4  'In position'                      is_source=False wire=0       errs=[0, 0, 0, 1055]
  FACT      [CENSUS 2] #48 ASI_adjust focus-subvi.vi t5  'Out position'                     is_source=True  wire=23838   errs=[0, 0, 0, 0]
  FACT      [CENSUS 2] #48 ASI_adjust focus-subvi.vi t6  'Outgoing Handle'                  is_source=True  wire=23829   errs=[0, 0, 0, 0]
  FACT  [CENSUS 2] #48 'ASI_adjust focus-subvi.vi': 7 terminal(s), 5 WIRED, 2 with WireUID 0
  FACT  [CENSUS 2] #10407 Case Structure #10407 lives at: {'diagram_index': 22, 'diagram_uid': 23058, 'diagram_class': 'Diagram', 'nodes_index': 5, 'nodes_on_diagram': 8, 'label': 'Case Structure'}  (1 diagram(s) scanned of 173, 0.2 s)
  FACT  [CENSUS 2] #10407 Case Structure terminal table of #10407 (Diagram idx 22, Nodes[5], echo 10407): 7 terminal(s)
  FACT      [CENSUS 2] #10407 Case Structure t0  ''                                 is_source=False wire=23847   errs=[0, 0, 0, 0]
  FACT      [CENSUS 2] #10407 Case Structure t1  '# slices in stack'                is_source=False wire=0       errs=[0, 0, 0, 1055]
  FACT      [CENSUS 2] #10407 Case Structure t2  'index'                            is_source=False wire=23982   errs=[0, 0, 0, 0]
  FACT      [CENSUS 2] #10407 Case Structure t3  'Outgoing Handle'                  is_source=False wire=23829   errs=[0, 0, 0, 0]
  FACT      [CENSUS 2] #10407 Case Structure t4  'VISA out'                         is_source=True  wire=0       errs=[0, 0, 0, 1055]
  FACT      [CENSUS 2] #10407 Case Structure t5  'Out position'                     is_source=False wire=23838   errs=[0, 0, 0, 0]
  FACT      [CENSUS 2] #10407 Case Structure t6  'position [internal units]'        is_source=True  wire=0       errs=[0, 0, 0, 1055]
  FACT  [CENSUS 2] #10407 'Case Structure': 7 terminal(s), 4 WIRED, 3 with WireUID 0
  FACT  [CENSUS 2] #23499 Local (row 1 carrier) #23499 lives at: {'diagram_index': 22, 'diagram_uid': 23058, 'diagram_class': 'Diagram', 'nodes_index': 6, 'nodes_on_diagram': 8, 'label': 'WORK_C67M3A_20260921_181815.vi'}  (1 diagram(s) scanned of 173, 0.2 s)
  FACT  [CENSUS 2] #23499 Local (row 1 carrier) terminal table of #23499 (Diagram idx 22, Nodes[6], echo 23499): 1 terminal(s)
  FACT      [CENSUS 2] #23499 Local (row 1 carrier) t0  'Automatic Error Handling'         is_source=True  wire=23847   errs=[0, 0, 0, 0]
  FACT  [CENSUS 2] #23499 'Local (row 1 carrier)': 1 terminal(s), 1 WIRED, 0 with WireUID 0
  FACT  [CENSUS 2] #23523 Local (row 2 carrier) #23523 lives at: {'diagram_index': 22, 'diagram_uid': 23058, 'diagram_class': 'Diagram', 'nodes_index': 7, 'nodes_on_diagram': 8, 'label': 'WORK_C67M3A_20260921_181815.vi'}  (1 diagram(s) scanned of 173, 0.2 s)
  FACT  [CENSUS 2] #23523 Local (row 2 carrier) terminal table of #23523 (Diagram idx 22, Nodes[7], echo 23523): 1 terminal(s)
  FACT      [CENSUS 2] #23523 Local (row 2 carrier) t0  'index'                            is_source=True  wire=23982   errs=[0, 0, 0, 0]
  FACT  [CENSUS 2] #23523 'Local (row 2 carrier)': 1 terminal(s), 1 WIRED, 0 with WireUID 0
  FACT  [CENSUS 2] before the register read A7 ECHO: report_all('WhileLoop')[2].uid == 23032 (want #23032; 6 WhileLoop row(s))
  PASS  A7 [CENSUS 2] before the register read report_all('WhileLoop')[loop_index].uid == 23032  loop_index 2 echoed 23032
  FACT  [CENSUS 2] the VISA pair has no resolved reg_index - REPORTED
  FACT  [CENSUS 2] the POS pair has no resolved reg_index - REPORTED

  *** [CENSUS 2] THE BARE LIST - EVERY TERMINAL WITH WireUID 0 (5 row(s)) ***
  FACT  [CENSUS 2] BARE  node #48     'ASI_adjust focus-subvi.vi' t3    'VISA resource name'               is_source=False state=BARE
  FACT  [CENSUS 2] BARE  node #48     'ASI_adjust focus-subvi.vi' t4    'In position'                      is_source=False state=BARE
  FACT  [CENSUS 2] BARE  node #10407  'Case Structure'           t1    '# slices in stack'                is_source=False state=BARE
  FACT  [CENSUS 2] BARE  node #10407  'Case Structure'           t4    'VISA out'                         is_source=True  state=BARE
  FACT  [CENSUS 2] BARE  node #10407  'Case Structure'           t6    'position [internal units]'        is_source=True  state=BARE
  FACT  [CENSUS 2] BARE LIST SIZE: 5 terminal(s) with WireUID 0
  FACT  [CENSUS 2] PEER PREDICTION SCORED (REPORTED, never a gate): per-node bare counts predicted/measured {'3529': {'predicted': 0, 'measured': 0}, '3560': {'predicted': 0, 'measured': 0}, '3447': {'predicted': 0, 'measured': 0}, '48': {'predicted': 0, 'measured': 2}, '10407': {'predicted': 1, 'measured': 3}, '23499': {'predicted': 0, 'measured': 0}, '23523': {'predicted': 0, 'measured': 0}} ; ExecState predicted 0 measured 0 ; the named row #10407 t1 '# slices in stack' measured as {'node_uid': 10407, 'node_name': 'Case Structure', 'term_index': 1, 'term_name': '# slices in stack', 'is_source': False, 'wire': 0, 'errs': [0, 0, 0, 1055], 'state': 'BARE'} ; all per-node counts match: False

---------- [8] ExecState, AND THE SAVE ONLY IF IT READS 1
  FACT  ExecState [22 [8] the decision point] = 0   (+661.0 s, read cost 0.00 s)
  FACT  [8] final, in memory counts: {'Node': 632, 'Wire': 1914, 'ControlTerminal': 116, 'Local': 10, 'LoopTunnel': 135, 'Tunnel': 471}
  PASS  8a #637's terminal/wired counts are UNCHANGED at 59 / 48 (37(e)/50(e))  {'n_terms': 59, 'n_wired': 48} -> {'n_terms': 59, 'n_wired': 48}
  FAIL  8b *** THE PASS CRITERION: all seven in Diagram #23058's Nodes[] AND ExecState 1 ***  all_moved True ; ExecState 0
  FACT  [8] ExecState 0 - SAVE NOTHING. CENSUS 2 above has already named every bare terminal; that is the report. No retry, no substituted verb, no invented row. `allow_broken` is never set and `gui_save` is never called.
  PASS  Y scratch WORK_C67M3A_20260921_181815.vi is gone (exists=False)

---------- [Y] THE SIX md5 PINS AFTER, THE REFS AND THE HANDLES
  FACT  Y ORIGINAL AFTER: HASH G:\Codes\LabVIEW_Codes\MinLab\zz_LabView VI\AAA_UNIST\2. Tracking\Min_Track N beads V6_ParallelLoop.vi | exists=1 | size=473317 | md5=2a78e17c449cacdaf5da389818526859 | sha256=f827a67e91cc2a51284cdce0ada5d34ecf89cf865bca5f0bdfa870f0020df4bb
  PASS  Y ORIGINAL md5 is STILL its pin 2a78e17c  '2a78e17c449cacdaf5da389818526859'
  FACT  Y D1_s1_copy AFTER: HASH C:\Program Files\National Instruments\LabVIEW 2026\user.lib\claudeDev\D1_s1_copy.vi | exists=1 | size=474202 | md5=3e3d23cefd3a334001aa9d6156bf1aee | sha256=1ab3360021cb04f03e8fe4a503d1972aefa26a34ed5b8fd9393ec6899330e0f7
  PASS  Y D1_s1_copy md5 is STILL its pin 3e3d23ce  '3e3d23cefd3a334001aa9d6156bf1aee'
  FACT  Y D1_s2_loops AFTER: HASH C:\Program Files\National Instruments\LabVIEW 2026\user.lib\claudeDev\D1_s2_loops.vi | exists=1 | size=475707 | md5=6ff19497f2309e007a214660bb64b911 | sha256=d52e754e29a85e9cc3ddeb039f6c5e325c9094c5e1f8c944059d4a5f7b33c3f5
  PASS  Y D1_s2_loops md5 is STILL its pin 6ff19497  '6ff19497f2309e007a214660bb64b911'
  FACT  Y A1 D1_s3a_focus_ind AFTER: HASH C:\Program Files\National Instruments\LabVIEW 2026\user.lib\claudeDev\D1_s3a_focus_ind.vi | exists=1 | size=476172 | md5=eef91c1d91f16b034707e4d1285ca8cb | sha256=8afd9f95e280139e64aa648906ba7f799e8d0ae39aabfae42c93ef4f102d23bb
  PASS  Y A1 D1_s3a_focus_ind md5 is STILL its pin eef91c1d  'eef91c1d91f16b034707e4d1285ca8cb'
  FACT  Y A2 THE BED AFTER: HASH C:\Program Files\National Instruments\LabVIEW 2026\user.lib\claudeDev\D1_s3b_row2_20260921_160311.vi | exists=1 | size=476759 | md5=26c54ff784cb5cea21edbd214d2cc3a0 | sha256=17b63cb1c83d5f4a50285ced08b1ecc5a65605979b17ee798b1228f7017d275d
  PASS  Y A2 THE BED md5 is STILL its pin 26c54ff7  '26c54ff784cb5cea21edbd214d2cc3a0'
  FACT  Y A3 D1_s3b_row1 AFTER: HASH C:\Program Files\National Instruments\LabVIEW 2026\user.lib\claudeDev\D1_s3b_row1_20260921_135932.vi | exists=1 | size=476734 | md5=72f0d47d0b1cbd0834d50f1483e558c1 | sha256=7b25b8e73d34fd943e5de4a3998edb56234055621f7481a9a9ecee482b6571c3
  PASS  Y A3 D1_s3b_row1 md5 is STILL its pin 72f0d47d  '72f0d47d0b1cbd0834d50f1483e558c1'
  FACT  refs: {'opened': 35, 'closed': 35, 'live': 0, 'cached_op_vis': 12}
  PASS  Y refs opened == closed and 0 live  {'opened': 35, 'closed': 35, 'live': 0, 'cached_op_vis': 12}
  FACT  LabVIEW handles AFTER: 38597 (before 34164)

THE FILES THIS RUN LEFT ON DISK: [('D1_s3b_m3a_u1_20260921_181815.vi', '8bc6500d42ac0ede9e34869d7118e027', 476759), ('D1_s3b_m3a_u2_20260921_181815.vi', '8bc6500d42ac0ede9e34869d7118e027', 476759)]
  FACT  THE FILES THIS RUN LEFT ON DISK: [('D1_s3b_m3a_u1_20260921_181815.vi', '8bc6500d42ac0ede9e34869d7118e027', 476759), ('D1_s3b_m3a_u2_20260921_181815.vi', '8bc6500d42ac0ede9e34869d7118e027', 476759)]
  FACT  *** EVERY FILE NAMED ABOVE IS NOT COMPUTATION-EQUIVALENT TO THE ORIGINAL - ITS SHIFT REGISTERS ARE UNINITIALISED. NONE OF THEM IS EVER RUN (34(f)). ***

=== GATES: 75 pass / 8 fail; failing: 2b the VISA pair's RightShiftRegister #23561 maps to a reg_index READ off the machine, 2b the POS pair's RightShiftRegister #23561 maps to a reg_index READ off the machine, 2c the two pairs resolved to DIFFERENT reg_index values, 6 VISA LeftIn row on #48 has a reg_index, 6 VISA RightIn row on #10407 has a reg_index, 6 POS LeftIn row on #48 has a reg_index, 6 POS RightIn row on #10407 has a reg_index, 8b *** THE PASS CRITERION: all seven in Diagram #23058's Nodes[] AND ExecState 1 ***
=== JSON: G:\Codes\LabVIEW_Codes\MinLab\zz_LabView VI\AAA_UNIST\2. Tracking\V6_ParallelLoop\tools\bench\diag_c67_m3a.json
BGRUN END rc=1 after 663s
