BGRUN START 2026-09-23 03:53:31 limit 25.0 min: py -u tools/bench/diag_c90_endpoints.py

---------- [0] FILES ONLY - the input's md5, the pins, the claudeDev listing
  FACT  claudeDev holds 238 .vi file(s) BEFORE the run
  PASS  K1 input md5 == 0b84595245dd650c0e8fd3f57104782c  got 0b84595245dd650c0e8fd3f57104782c
  FACT  PIN BEFORE ORIGINAL         2a78e17c449cacdaf5da389818526859  (want 2a78e17c449cacdaf5da389818526859) OK
  FACT  PIN BEFORE S1 D1_s1_copy    3e3d23cefd3a334001aa9d6156bf1aee  (want 3e3d23cefd3a334001aa9d6156bf1aee) OK
  FACT  PIN BEFORE S2 D1_s2_loops   6ff19497f2309e007a214660bb64b911  (want 6ff19497f2309e007a214660bb64b911) OK
  FACT  PIN BEFORE ROW2 bed         26c54ff784cb5cea21edbd214d2cc3a0  (want 26c54ff784cb5cea21edbd214d2cc3a0) OK
  FACT  PIN BEFORE M3a-2            3842f5e6f128226235dc78353f26ef44  (want 3842f5e6f128226235dc78353f26ef44) OK
  PASS  K2 the ORIGINAL's md5 is 2a78e17c449cacdaf5da389818526859  got 2a78e17c449cacdaf5da389818526859 at G:\Codes\LabVIEW_Codes\MinLab\zz_LabView VI\AAA_UNIST\2. Tracking\Min_Track N beads V6_ParallelLoop.vi

---------- [1] RESTART LabVIEW (standing authority; fresh ~31,500 handles)
  FACT  LabVIEW handle count BEFORE the restart: 33963
  FACT  LabVIEW handle count AFTER the restart: 33998
  FACT  PRELOAD: the ORIGINAL is resident READ-ONLY (LabVIEW 26.3.1f1), its own ExecState 1; nothing opened, nothing saved

---------- [2] THE DATED WORK COPY under claudeDev - the input is never opened for writing
  PASS  K3 the work copy is byte-identical to the input  diag_c90_endpoints_20260923_035331.vi
  FACT  ExecState [after open] diag_c90_endpoints_20260923_035331.vi = 0
  FACT  THE WORK COPY IS A SCRATCH: this stage saves nothing, so diag_c90_endpoints_20260923_035331.vi is deleted at close

---------- [E0] THE WIRE CENSUS - do these 11 uids exist on the bed at all? (independent of the reader)
  FACT  CENSUS E0 diag_c90_endpoints_20260923_035331.vi: {'Wire': 1920, 'Diagram': 173, 'WhileLoop': 6, 'LoopTunnel': 138}
  FACT  E0 Wire census 1920 uid(s) ''; of the 11, PRESENT [1731, 1893, 2819, 3947, 4833, 7337, 7388, 9635, 11232, 23502, 23540] ; ABSENT []

---------- [E1-E3] THE ELEVEN ENDPOINTS, READ OFF THE WIRE (OpWireSource_v5, never wmap)
  FACT  E w1731 OpWireSource_v5(UID 2 = 1731): 2 row(s), 1 with a REAL owner
  FACT      E w1731   t0  is_source=True  owner_class='LeftShiftRegister'        owner_uid=4344    recip=1731
  FACT      E w1731   t1  is_source=None  owner_class=None                       owner_uid=None    recip=None  READ ERROR errO=error 1055: Property Node in OpWireSource_v5.vi; errU=error 1055: Property Node in OpWireSource_v5.vi; errG=error 1055: Property Node in OpWireSource_v5.vi; errS=error 1055: Property Node in OpWireSource_v5.vi; errWU=error 1055: Property Node in OpWireSource_v5.vi; errCO=error 1055: Property Node in OpWireSource_v5.vi
  FACT  E w1731 PD85 PRECONDITION: 1 real-owner row(s), 0 violate recip==queried_uid
  FACT  NET w1731: source-terminal owners [('LeftShiftRegister', 4344)] ; every owner [('LeftShiftRegister', 4344)] ; PD85 0
  FACT  E w1893 OpWireSource_v5(UID 2 = 1893): 1 row(s), 0 with a REAL owner
  FACT      E w1893   t0  is_source=None  owner_class=None                       owner_uid=None    recip=None  READ ERROR errO=error 1055: Property Node in OpWireSource_v5.vi; errU=error 1055: Property Node in OpWireSource_v5.vi; errG=error 1055: Property Node in OpWireSource_v5.vi; errS=error 1055: Property Node in OpWireSource_v5.vi; errWU=error 1055: Property Node in OpWireSource_v5.vi; errCO=error 1055: Property Node in OpWireSource_v5.vi
  FACT  E w1893 PD85 PRECONDITION: 0 real-owner row(s), 0 violate recip==queried_uid
  FACT  NET w1893: source-terminal owners [] ; every owner [] ; PD85 0
  FACT  E w2819 OpWireSource_v5(UID 2 = 2819): 1 row(s), 0 with a REAL owner
  FACT      E w2819   t0  is_source=None  owner_class=None                       owner_uid=None    recip=None  READ ERROR errO=error 1055: Property Node in OpWireSource_v5.vi; errU=error 1055: Property Node in OpWireSource_v5.vi; errG=error 1055: Property Node in OpWireSource_v5.vi; errS=error 1055: Property Node in OpWireSource_v5.vi; errWU=error 1055: Property Node in OpWireSource_v5.vi; errCO=error 1055: Property Node in OpWireSource_v5.vi
  FACT  E w2819 PD85 PRECONDITION: 0 real-owner row(s), 0 violate recip==queried_uid
  FACT  NET w2819: source-terminal owners [] ; every owner [] ; PD85 0
  FACT  E w3947 OpWireSource_v5(UID 2 = 3947): 2 row(s), 1 with a REAL owner
  FACT      E w3947   t0  is_source=True  owner_class='LeftShiftRegister'        owner_uid=4274    recip=3947
  FACT      E w3947   t1  is_source=None  owner_class=None                       owner_uid=None    recip=None  READ ERROR errO=error 1055: Property Node in OpWireSource_v5.vi; errU=error 1055: Property Node in OpWireSource_v5.vi; errG=error 1055: Property Node in OpWireSource_v5.vi; errS=error 1055: Property Node in OpWireSource_v5.vi; errWU=error 1055: Property Node in OpWireSource_v5.vi; errCO=error 1055: Property Node in OpWireSource_v5.vi
  FACT  E w3947 PD85 PRECONDITION: 1 real-owner row(s), 0 violate recip==queried_uid
  FACT  NET w3947: source-terminal owners [('LeftShiftRegister', 4274)] ; every owner [('LeftShiftRegister', 4274)] ; PD85 0
  FACT  E w4833 OpWireSource_v5(UID 2 = 4833): 1 row(s), 0 with a REAL owner
  FACT      E w4833   t0  is_source=None  owner_class=None                       owner_uid=None    recip=None  READ ERROR errO=error 1055: Property Node in OpWireSource_v5.vi; errU=error 1055: Property Node in OpWireSource_v5.vi; errG=error 1055: Property Node in OpWireSource_v5.vi; errS=error 1055: Property Node in OpWireSource_v5.vi; errWU=error 1055: Property Node in OpWireSource_v5.vi; errCO=error 1055: Property Node in OpWireSource_v5.vi
  FACT  E w4833 PD85 PRECONDITION: 0 real-owner row(s), 0 violate recip==queried_uid
  FACT  NET w4833: source-terminal owners [] ; every owner [] ; PD85 0
  FACT  E w7337 OpWireSource_v5(UID 2 = 7337): 2 row(s), 1 with a REAL owner
  FACT      E w7337   t0  is_source=False owner_class='RightShiftRegister'       owner_uid=4334    recip=7337
  FACT      E w7337   t1  is_source=None  owner_class=None                       owner_uid=None    recip=None  READ ERROR errO=error 1055: Property Node in OpWireSource_v5.vi; errU=error 1055: Property Node in OpWireSource_v5.vi; errG=error 1055: Property Node in OpWireSource_v5.vi; errS=error 1055: Property Node in OpWireSource_v5.vi; errWU=error 1055: Property Node in OpWireSource_v5.vi; errCO=error 1055: Property Node in OpWireSource_v5.vi
  FACT  E w7337 PD85 PRECONDITION: 1 real-owner row(s), 0 violate recip==queried_uid
  FACT  NET w7337: source-terminal owners [] ; every owner [('RightShiftRegister', 4334)] ; PD85 0
  FACT  E w7388 OpWireSource_v5(UID 2 = 7388): 1 row(s), 0 with a REAL owner
  FACT      E w7388   t0  is_source=None  owner_class=None                       owner_uid=None    recip=None  READ ERROR errO=error 1055: Property Node in OpWireSource_v5.vi; errU=error 1055: Property Node in OpWireSource_v5.vi; errG=error 1055: Property Node in OpWireSource_v5.vi; errS=error 1055: Property Node in OpWireSource_v5.vi; errWU=error 1055: Property Node in OpWireSource_v5.vi; errCO=error 1055: Property Node in OpWireSource_v5.vi
  FACT  E w7388 PD85 PRECONDITION: 0 real-owner row(s), 0 violate recip==queried_uid
  FACT  NET w7388: source-terminal owners [] ; every owner [] ; PD85 0
  FACT  E w9635 OpWireSource_v5(UID 2 = 9635): 2 row(s), 1 with a REAL owner
  FACT      E w9635   t0  is_source=True  owner_class='LoopTunnel'               owner_uid=9641    recip=9635
  FACT      E w9635   t1  is_source=None  owner_class=None                       owner_uid=None    recip=None  READ ERROR errO=error 1055: Property Node in OpWireSource_v5.vi; errU=error 1055: Property Node in OpWireSource_v5.vi; errG=error 1055: Property Node in OpWireSource_v5.vi; errS=error 1055: Property Node in OpWireSource_v5.vi; errWU=error 1055: Property Node in OpWireSource_v5.vi; errCO=error 1055: Property Node in OpWireSource_v5.vi
  FACT  E w9635 PD85 PRECONDITION: 1 real-owner row(s), 0 violate recip==queried_uid
  FACT  NET w9635: source-terminal owners [('LoopTunnel', 9641)] ; every owner [('LoopTunnel', 9641)] ; PD85 0
  FACT  E w11232 OpWireSource_v5(UID 2 = 11232): 1 row(s), 0 with a REAL owner
  FACT      E w11232   t0  is_source=None  owner_class=None                       owner_uid=None    recip=None  READ ERROR errO=error 1055: Property Node in OpWireSource_v5.vi; errU=error 1055: Property Node in OpWireSource_v5.vi; errG=error 1055: Property Node in OpWireSource_v5.vi; errS=error 1055: Property Node in OpWireSource_v5.vi; errWU=error 1055: Property Node in OpWireSource_v5.vi; errCO=error 1055: Property Node in OpWireSource_v5.vi
  FACT  E w11232 PD85 PRECONDITION: 0 real-owner row(s), 0 violate recip==queried_uid
  FACT  NET w11232: source-terminal owners [] ; every owner [] ; PD85 0
  FACT  E w23502 OpWireSource_v5(UID 2 = 23502): 1 row(s), 0 with a REAL owner
  FACT      E w23502   t0  is_source=None  owner_class=None                       owner_uid=None    recip=None  READ ERROR errO=error 1055: Property Node in OpWireSource_v5.vi; errU=error 1055: Property Node in OpWireSource_v5.vi; errG=error 1055: Property Node in OpWireSource_v5.vi; errS=error 1055: Property Node in OpWireSource_v5.vi; errWU=error 1055: Property Node in OpWireSource_v5.vi; errCO=error 1055: Property Node in OpWireSource_v5.vi
  FACT  E w23502 PD85 PRECONDITION: 0 real-owner row(s), 0 violate recip==queried_uid
  FACT  NET w23502: source-terminal owners [] ; every owner [] ; PD85 0
  FACT  E w23540 OpWireSource_v5(UID 2 = 23540): 1 row(s), 0 with a REAL owner
  FACT      E w23540   t0  is_source=None  owner_class=None                       owner_uid=None    recip=None  READ ERROR errO=error 1055: Property Node in OpWireSource_v5.vi; errU=error 1055: Property Node in OpWireSource_v5.vi; errG=error 1055: Property Node in OpWireSource_v5.vi; errS=error 1055: Property Node in OpWireSource_v5.vi; errWU=error 1055: Property Node in OpWireSource_v5.vi; errCO=error 1055: Property Node in OpWireSource_v5.vi
  FACT  E w23540 PD85 PRECONDITION: 0 real-owner row(s), 0 violate recip==queried_uid
  FACT  NET w23540: source-terminal owners [] ; every owner [] ; PD85 0

---------- [TABLE] uid -> resolves? -> terminals (owner class #uid, is_source, recip)
  FACT  w1731   resolves=1     real_rows=1 rows=2  [LeftShiftRegister #4344 is_source=True recip=1731] ; err=''
  FACT  w1893   resolves=0     real_rows=0 rows=1  [NO REAL OWNER] ; err=''
  FACT  w2819   resolves=0     real_rows=0 rows=1  [NO REAL OWNER] ; err=''
  FACT  w3947   resolves=1     real_rows=1 rows=2  [LeftShiftRegister #4274 is_source=True recip=3947] ; err=''
  FACT  w4833   resolves=0     real_rows=0 rows=1  [NO REAL OWNER] ; err=''
  FACT  w7337   resolves=1     real_rows=1 rows=2  [RightShiftRegister #4334 is_source=False recip=7337] ; err=''
  FACT  w7388   resolves=0     real_rows=0 rows=1  [NO REAL OWNER] ; err=''
  FACT  w9635   resolves=1     real_rows=1 rows=2  [LoopTunnel #9641 is_source=True recip=9635] ; err=''
  FACT  w11232  resolves=0     real_rows=0 rows=1  [NO REAL OWNER] ; err=''
  FACT  w23502  resolves=0     real_rows=0 rows=1  [NO REAL OWNER] ; err=''
  FACT  w23540  resolves=0     real_rows=0 rows=1  [NO REAL OWNER] ; err=''
  FACT  Is Broken? column for ALL 11: Is Broken? NOT MEASURED - no standalone 6371004 reader exists (toolkit-capabilities.md:68); already determined for all 11 by c89's Remove Bad Wires
  FACT  terminal LABEL column for ALL 11: NOT AVAILABLE on this reader - OpWireSource_v5 returns Is Source?, reciprocal wire, owner class and owner UID, and no name (docs/toolkit-capabilities.md:60). No other route was tried.
  FAIL  E1 all 11 uids resolve (uid echo OK and >= 1 real-owner row)  resolved 4/11 ; failing [1893, 2819, 4833, 7388, 11232, 23502, 23540]
  PASS  E2 PD85 holds on all 11 (every real-owner row has recip == the queried uid)  0 violation(s) in total
  PASS  E3 no wire of the 11 has more than one terminal with Is Source? True  multi-source wires []

---------- [E4] THE FOUR PRIORS - AGREE / CONTRADICT / NOT REPRODUCED
  PASS  E4 w1731 SRC LeftShiftRegister #4344 reproduces on this bed  observed [('LeftShiftRegister', 4344, True)]
  PASS  E4 w3947 SRC LeftShiftRegister #4274 reproduces on this bed  observed [('LeftShiftRegister', 4274, True)]
  PASS  E4 w9635 SRC LoopTunnel #9641 reproduces on this bed  observed [('LoopTunnel', 9641, True)]
  PASS  E4 w7337 SNK RightShiftRegister #4334 reproduces on this bed  observed [('RightShiftRegister', 4334, False)]

---------- [H] HYGIENE
  FACT  close_panel(diag_c90_endpoints_20260923_035331.vi) raised com_error: (-2147352567, '??? ??????.', (6649, 'LabVIEW', 'LabVIEW: (Hex 0x47D) Cannot close or set the state of a closed front panel. The front panel must already be open before you close it or set its state.', None, 0, 0), None)
  FACT  PRELOAD references released; refs {'opened': 4, 'closed': 4, 'live': 0, 'cached_op_vis': 3}
  FACT  gscript ref_counts: {'opened': 4, 'closed': 4, 'live': 0, 'cached_op_vis': 3}
  PASS  H5 VI-Server reference counter level (opened == closed)  {'opened': 4, 'closed': 4, 'live': 0, 'cached_op_vis': 3}
  FACT  LabVIEW handle count AFTER the work: 45781
  PASS  H4 scratch deleted: diag_c90_endpoints_20260923_035331.vi  C:\Program Files\National Instruments\LabVIEW 2026\user.lib\claudeDev\diag_c90_endpoints_20260923_035331.vi
  PASS  H2 the INPUT's md5 is UNCHANGED after the run  before 0b84595245dd650c0e8fd3f57104782c / after 0b84595245dd650c0e8fd3f57104782c
  FACT  PIN AFTER  ORIGINAL         2a78e17c449cacdaf5da389818526859  (want 2a78e17c449cacdaf5da389818526859) OK
  FACT  PIN AFTER  S1 D1_s1_copy    3e3d23cefd3a334001aa9d6156bf1aee  (want 3e3d23cefd3a334001aa9d6156bf1aee) OK
  FACT  PIN AFTER  S2 D1_s2_loops   6ff19497f2309e007a214660bb64b911  (want 6ff19497f2309e007a214660bb64b911) OK
  FACT  PIN AFTER  ROW2 bed         26c54ff784cb5cea21edbd214d2cc3a0  (want 26c54ff784cb5cea21edbd214d2cc3a0) OK
  FACT  PIN AFTER  M3a-2            3842f5e6f128226235dc78353f26ef44  (want 3842f5e6f128226235dc78353f26ef44) OK
  PASS  H3 every md5 pin still holds
  FACT  THE FILES THIS RUN LEFT ON DISK: []  (removed: [])
  PASS  H6 the files left on disk == [] and nothing was removed  added [] removed []
  FACT  LabVIEW handle count at exit: 33973

====================================================================================================
=== GATES: 14 pass / 1 fail; failing: E1 all 11 uids resolve (uid echo OK and >= 1 real-owner row)
JSON: G:\Codes\LabVIEW_Codes\MinLab\zz_LabView VI\AAA_UNIST\2. Tracking\V6_ParallelLoop\tools\bench\diag_c90_endpoints.json   elapsed 113.2 s
BGRUN END rc=1 after 113s
