BGRUN START 2026-10-02 08:29:45 limit 3.0 min: py -u tools/bench/diag_c133_1_peek.py
BGRUN PID 24476
tools/bench/plan_ring_p3b2.json final False base {'path': 'tools/bench/sim/ring_p3b2_base_provisional.json', 'md5': '93d600e26c0694761e4a16e59441712a', 'provisional': True, 'sim_of': {'plan': 'tools/bench/plan_ring_p3b1.json', 'md5': 'edbdba9909cc5130f8710f49a510b8ad'}} context keys ['s1_key']
  ops 39 BIND [1, 2, 3, 4, 5, 6, 7, 8, 9, 10, 11, 12, 13, 14]
  op 1 ('create', None, [1])
  op 15 ('connect', None, [15])
  op 23 ('connect', None, [23])
  op 24 ('connect', None, [24])
  op 26 ('connect', None, [26])
  op 28 ('connect', None, [28])
  op 30 ('connect', None, [30])
  op 32 ('connect', None, [32])
  op 34 ('connect', None, [34])
  op 36 ('connect', None, [36])
  op 38 ('connect', None, [38])
  act 1 {"op": "create", "id": "p3b_lr_num1", "class": "Local", "diagram": -2, "as": "LRN1", "label": "Num", "mode": "read", "pos": [20, 220], "terminals": [{"name": "Num", "is_source": true, "term_class": "Terminal"}], "why": "ROUTE local_read (create_local_read + move_in) | PRECEDENT | PD246(c) A2 | run on loop body #639 (plan_l2a3_in.json:16); placement in a FS frame never run"}
  act 14 {"op": "create", "id": "p3b_lw_latest", "class": "Local", "diagram": -4, "as": "LWL1", "label": "Latest", "mode": "write", "pos": [220, 320], "terminals": [{"name": "Latest", "is_source": false, "term_class": "Terminal"}], "why": "ROUTE local_write (create_local_write -> dest diagram) | PRECEDENT | PD246(c) A2 | stagexec.py:206 route; placement in a FS frame never run"}
  act 15 {"op": "wire", "id": "p3b_w_n1_arr", "src": "new:LRN1.value", "dst": "new:RAN1.array", "why": "ROUTE connect same-diagram (connect_nested_v1) | PRECEDENT | PD246(c) A2 frame 1 | same-frame wire, as p3a_w_k20 in case frame 27219; inside a FS frame never run"}
  act 24 {"op": "wire", "id": "p3b_x_i_f1", "src": {"uid": 27373, "term": "x-y*floor(x/y)"}, "dst": "new:RAN1.index", "why": "ROUTE connect_term_uid ACROSS FS border (case frame 27219 -> FS f0) | MEASURED | PD246(c)(d) i = count mod 20 | census_samples.json connect_term_uid case_frame_to_fs_frame (diag_c126_4_fs.log:53)"}
  act 26 {"op": "wire", "id": "p3b_x_i_rat1", "src": {"uid": 27373, "term": "x-y*floor(x/y)"}, "dst": "new:RAT1.index", "why": "ROUTE connect_term_uid ACROSS FS border (27219 -> f1), BRANCH into f1 already entered | MEASURED | PD246(c) i | PD257(d)/PD258(a) INNER-FACE branch of the entry FS tunnel (census {} n=3, diag_c127_1_fsinner.log:81-109)"}
  act 34 {"op": "wire", "id": "p3b_x_trans", "src": {"uid": 30117, "term": "Value"}, "dst": "new:RAT1.new element/subarray", "why": "ROUTE connect_term_uid ACROSS case border (639 -> 27219) + FS border (-> f1) | MEASURED | PD238(c) TransPos(i) = #30117 Value t30145 | census_samples.json connect_term_uid loop_body_wired_src_to_fs_frame_in_case (diag_c126_6_cross.log:49,60): source net RE-CREATED (PD256(c)) (form) | PD257(a) RE
tools/bench/plan_ring_p3b2_rebased_c132_5.json final False base {'path': 'tools/bench/graph_ring_p3b1_20261002_073225.json', 'md5': '6cfa6ecb25d9bd98fe31a6cb703679cb'} context keys ['s1_key']
  ops 39 BIND [1, 2, 3, 4, 5, 6, 7, 8, 9, 10, 11, 12, 13, 14]
  op 1 ('create', None, [1])
  op 15 ('connect', None, [15])
  op 23 ('connect', None, [23])
  op 24 ('connect', None, [24])
  op 26 ('connect', None, [26])
  op 28 ('connect', None, [28])
  op 30 ('connect', None, [30])
  op 32 ('connect', None, [32])
  op 34 ('connect', None, [34])
  op 36 ('connect', None, [36])
  op 38 ('connect', None, [38])
  act 1 {"op": "create", "id": "p3b_lr_num1", "class": "Local", "diagram": 27641, "as": "LRN1", "label": "Num", "mode": "read", "pos": [20, 220], "terminals": [{"name": "Num", "is_source": true, "term_class": "Terminal"}], "why": "ROUTE local_read (create_local_read + move_in) | PRECEDENT | PD246(c) A2 | run on loop body #639 (plan_l2a3_in.json:16); placement in a FS frame never run"}
  act 14 {"op": "create", "id": "p3b_lw_latest", "class": "Local", "diagram": 27722, "as": "LWL1", "label": "Latest", "mode": "write", "pos": [220, 320], "terminals": [{"name": "Latest", "is_source": false, "term_class": "Terminal"}], "why": "ROUTE local_write (create_local_write -> dest diagram) | PRECEDENT | PD246(c) A2 | stagexec.py:206 route; placement in a FS frame never run"}
  act 15 {"op": "wire", "id": "p3b_w_n1_arr", "src": "new:LRN1.value", "dst": "new:RAN1.array", "why": "ROUTE connect same-diagram (connect_nested_v1) | PRECEDENT | PD246(c) A2 frame 1 | same-frame wire, as p3a_w_k20 in case frame 27219; inside a FS frame never run"}
  act 24 {"op": "wire", "id": "p3b_x_i_f1", "src": {"uid": 27373, "term": "x-y*floor(x/y)"}, "dst": "new:RAN1.index", "why": "ROUTE connect_term_uid ACROSS FS border (case frame 27219 -> FS f0) | MEASURED | PD246(c)(d) i = count mod 20 | census_samples.json connect_term_uid case_frame_to_fs_frame (diag_c126_4_fs.log:53)"}
  act 26 {"op": "wire", "id": "p3b_x_i_rat1", "src": {"uid": 27373, "term": "x-y*floor(x/y)"}, "dst": "new:RAT1.index", "why": "ROUTE connect_term_uid ACROSS FS border (27219 -> f1), BRANCH into f1 already entered | MEASURED | PD246(c) i | PD257(d)/PD258(a) INNER-FACE branch of the entry FS tunnel (census {} n=3, diag_c127_1_fsinner.log:81-109)"}
  act 34 {"op": "wire", "id": "p3b_x_trans", "src": {"uid": 30117, "term": "Value"}, "dst": "new:RAT1.new element/subarray", "why": "ROUTE connect_term_uid ACROSS case border (639 -> 27219) + FS border (-> f1) | MEASURED | PD238(c) TransPos(i) = #30117 Value t30145 | census_samples.json connect_term_uid loop_body_wired_src_to_fs_frame_in_case (diag_c126_6_cross.log:49,60): source net RE-CREATED (PD256(c)) (form) | PD257(a) RE
RESULT {"schema": "result-line/1", "status": "PASS", "gates": {"pass": 1, "fail": 0}, "first_fail": null, "artefacts": []}
BGRUN END rc=0 after 1s
