BGRUN START 2026-10-01 19:43:41 limit 45.0 min: py -u tools/bench/diag_c125_5_opfs.py
BGRUN PID 22844
  GATE PASS  OpFsDiagrams_v0 D donor OpSetIndexMode_v0 copy ES 1  
net_map: node 0 uid 43 (0 s)
net_map: node 1 uid 124 (1 s)
net_map: node 2 uid 308 (3 s)
net_map: node 3 uid 683 (4 s)
net_map: node 4 uid 316 (4 s)
net_map: node 5 uid 220 (5 s)
net_map: node 6 uid 334 (7 s)
net_map: purged 20/65 junk Invokes (1 s)
net_map: purged 40/65 junk Invokes (2 s)
net_map: purged 60/65 junk Invokes (4 s)
net_map: 6 nodes walked in 7.3 s; 65 junk Invoke(s) purged in 4.1 s
  GATE PASS  OpFsDiagrams_v0 X donor IndexMode PN #220 deleted, ES 1  
net_map: node 0 uid 43 (0 s)
net_map: node 1 uid 124 (2 s)
net_map: node 2 uid 308 (3 s)
net_map: node 3 uid 683 (3 s)
net_map: node 4 uid 316 (3 s)
net_map: node 5 uid 118 (3 s)
net_map: purged 20/57 junk Invokes (0 s)
net_map: purged 40/57 junk Invokes (1 s)
net_map: 5 nodes walked in 3.2 s; 57 junk Invoke(s) purged in 1.1 s
  GATE PASS  OpFsDiagrams_v0 S VI Server:FlatSequence seed 'reference' -> TMSC #683 -> PN #118: ES 1  
  FACT  OpFsDiagrams_v0 PN outputs: ['UID', 'Diagrams[]']
  OBSERVED uid 121 -> owner 'TopLevelDiagram' uid 3 | self 'Function'#121 | 482 says 'TopLevelDiagram' cast 'TopLevelDiagram' |  
  GATE PASS  OpFsDiagrams_v0 A assembled ExecState 1  1
  GATE PASS  OpFsDiagrams_v0 V saved by script  (11687, 'be211e187c5e75a5f6c94d6d7ec489a7')
  GATE PASS  OpFsAddFrame_v0 D donor OpSetIndexMode_v0 copy ES 1  
net_map: node 0 uid 43 (0 s)
net_map: node 1 uid 124 (0 s)
net_map: node 2 uid 308 (1 s)
net_map: node 3 uid 683 (1 s)
net_map: node 4 uid 316 (1 s)
net_map: node 5 uid 220 (1 s)
net_map: node 6 uid 334 (1 s)
net_map: purged 20/65 junk Invokes (0 s)
net_map: purged 40/65 junk Invokes (1 s)
net_map: purged 60/65 junk Invokes (1 s)
net_map: 6 nodes walked in 1.2 s; 65 junk Invoke(s) purged in 1.1 s
  GATE PASS  OpFsAddFrame_v0 X donor IndexMode PN #220 deleted, ES 1  
net_map: node 0 uid 43 (0 s)
net_map: node 1 uid 124 (0 s)
net_map: node 2 uid 308 (0 s)
net_map: node 3 uid 683 (1 s)
net_map: node 4 uid 316 (1 s)
net_map: node 5 uid 118 (1 s)
net_map: purged 20/57 junk Invokes (0 s)
net_map: purged 40/57 junk Invokes (1 s)
net_map: 5 nodes walked in 1.1 s; 57 junk Invoke(s) purged in 1.0 s
  GATE PASS  OpFsAddFrame_v0 S VI Server:FlatSequence seed 'reference' -> TMSC #683 -> PN #118: ES 1  
  FACT  OpFsAddFrame_v0 Invoke census: [(0, 'reference', False), (1, 'reference out', True), (2, 'error in (no error)', False), (3, 'error out', True), (4, 'Add Frame', False), (5, 'Add Frame', True), (6, 'Reference Frame Index', False), (7, 'Reference Frame Index', True), (8, 'After(T)', False), (9, 'After(T)', True)]
  OBSERVED uid 120 -> owner 'TopLevelDiagram' uid 3 | self 'Function'#120 | 482 says 'TopLevelDiagram' cast 'TopLevelDiagram' |  
  FACT  OpFsAddFrame_v0 Add Frame return -> Close Reference: (1, 1)
  GATE PASS  OpFsAddFrame_v0 A assembled ExecState 1  1
  GATE PASS  OpFsAddFrame_v0 V saved by script  (11783, 'cfaa304f6fcfbc7190f7c5d55ced2bb6')
  GATE PASS  C COLD ExecState 1 both ops  ('be211e187c5e75a5f6c94d6d7ec489a7', 'cfaa304f6fcfbc7190f7c5d55ced2bb6')
  FACT  R1 reader k0 / k1 on #1309 (frames by report_all [1319]): ((1309, 1319, ''), (1309, 0, 'error 1055: Property Node in OpFsDiagrams_v0.vi'))
  GATE PASS  R1 echo 1309, k0 == the frame Diagram [1319], err ''  ((1309, 1319, ''), [1319])
  GATE PASS  RH 2000 reader calls: 0 errors/mismatches, handles flat +-100  (0, 34083, 34075, [34083, 34079, 34078, 34079, 34079, 34075, 34076, 34075, 34075, 34076, 34076, 34075, 34075, 34076, 34076, 34075, 34075, 34075, 34076, 34075])
  FACT  A1 first Add Frame(0, T): ((1309, ''), [1319], [1319, 139], (1309, 1319, ''), (1309, 139, ''))
  GATE PASS  A1 echo 1309, err '', frames 1 -> 2, k0 == old frame, k1 == the new frame  ((1309, ''), [1319], [1319, 139], (1309, 1319, ''), (1309, 139, ''))
  GATE FAIL  AH 20 rounds x 100 Add Frame: 0 errors, 101 frames every round, handles flat +-100  (0, [], 34101, 34217, [34107, 34114, 34119, 34126, 34131, 34137, 34143, 34150, 34158, 34168, 34163, 34168, 34177, 34182, 34188, 34195, 34200, 34205, 34212, 34217])
  FACT  D frame #1319 nodes before: []
  FACT  D pass 1: 1 frame terminals left, owners [1333]: [('LpEndRef', 'FlatSequenceOuterTunnel')]
  FACT  D pass 2: 0 frame terminals left, owners []: []
  FACT  D after strip: frame terminals 0, nodes [], ES 1, GObjects 50: []
  GATE PASS  D DonorFs_v0: FS #1309 frame #1319 empty (0 terminals), ES 1  (0, 1)
  GATE PASS  D saved  d785a181252798434bdd7da7b0afc532
  GATE PASS  X LabVIEW gone  
  GATE PASS  X scratch copies deleted  22
=== GATES: 18 pass / 1 fail; failing: ['AH 20 rounds x 100 Add Frame: 0 errors, 101 frames every round, handles flat +-100']
RESULT {"schema":"result-line/1","status":"FAIL","gates":{"pass":18,"fail":1},"first_fail":"AH 20 rounds x 100 Add Frame: 0 errors, 101 frames every round, handles flat +-100","artefacts":[{"path":"C:\\Program Files\\National Instruments\\LabVIEW 2026\\user.lib\\claudeDev\\OpFsDiagrams_v0.vi","md5":"be211e187c5e75a5f6c94d6d7ec489a7"},{"path":"C:\\Program Files\\National Instruments\\LabVIEW 2026\\user.lib\\claudeDev\\OpFsAddFrame_v0.vi","md5":"cfaa304f6fcfbc7190f7c5d55ced2bb6"},{"path":"C:\\Program Files\\National Instruments\\LabVIEW 2026\\user.lib\\claudeDev\\DonorFs_v0.vi","md5":"d785a181252798434bdd7da7b0afc532"},{"path":"G:\\Codes\\LabVIEW_Codes\\MinLab\\zz_LabView VI\\AAA_UNIST\\2. Tracking\\V6_ParallelLoop\\tools\\bench\\opfs_v0_labels.json","md5":"ce77d60144f42b231eb22cf31755bf3b"}]}
BGRUN END rc=1 after 222s
