BGRUN START 2026-09-21 16:56:15 limit 40.0 min: py -u tools/bench/diag_c66_s3b_m3.py
=== diag_c66_s3b_m3  20260921_165615  (bgrun --max-min 40)

---------- [0] FILES ONLY, ZERO LabVIEW - the md5 pins BEFORE
  FACT  LabVIEW handles BEFORE: 34250 (fresh-instance baseline ~31,500; cycle 65 ended at 41,226)
  FACT  Y ORIGINAL BEFORE: HASH G:\Codes\LabVIEW_Codes\MinLab\zz_LabView VI\AAA_UNIST\2. Tracking\Min_Track N beads V6_ParallelLoop.vi | exists=1 | size=473317 | md5=2a78e17c449cacdaf5da389818526859 | sha256=f827a67e91cc2a51284cdce0ada5d34ecf89cf865bca5f0bdfa870f0020df4bb
  PASS  Y ORIGINAL md5 == its pin 2a78e17c  '2a78e17c449cacdaf5da389818526859'
  FACT  Y D1_s1_copy BEFORE: HASH C:\Program Files\National Instruments\LabVIEW 2026\user.lib\claudeDev\D1_s1_copy.vi | exists=1 | size=474202 | md5=3e3d23cefd3a334001aa9d6156bf1aee | sha256=1ab3360021cb04f03e8fe4a503d1972aefa26a34ed5b8fd9393ec6899330e0f7
  PASS  Y D1_s1_copy md5 == its pin 3e3d23ce  '3e3d23cefd3a334001aa9d6156bf1aee'
  FACT  Y D1_s2_loops BEFORE: HASH C:\Program Files\National Instruments\LabVIEW 2026\user.lib\claudeDev\D1_s2_loops.vi | exists=1 | size=475707 | md5=6ff19497f2309e007a214660bb64b911 | sha256=d52e754e29a85e9cc3ddeb039f6c5e325c9094c5e1f8c944059d4a5f7b33c3f5
  PASS  Y D1_s2_loops md5 == its pin 6ff19497  '6ff19497f2309e007a214660bb64b911'
  FACT  Y D1_s3a_focus_ind BEFORE: HASH C:\Program Files\National Instruments\LabVIEW 2026\user.lib\claudeDev\D1_s3a_focus_ind.vi | exists=1 | size=476172 | md5=eef91c1d91f16b034707e4d1285ca8cb | sha256=8afd9f95e280139e64aa648906ba7f799e8d0ae39aabfae42c93ef4f102d23bb
  PASS  Y D1_s3a_focus_ind md5 == its pin eef91c1d  'eef91c1d91f16b034707e4d1285ca8cb'
  FACT  Y D1_s3b_row1a BEFORE: HASH C:\Program Files\National Instruments\LabVIEW 2026\user.lib\claudeDev\D1_s3b_row1a_20260921_135932.vi | exists=1 | size=476634 | md5=c7094f98324af3bb53755fef718f8e28 | sha256=49a9d0cdf049562847263f5266678408a1b8c8bcbe9da267b20a06bb1f8382ee
  PASS  Y D1_s3b_row1a md5 == its pin c7094f98  'c7094f98324af3bb53755fef718f8e28'
  FACT  Y D1_s3b_row1 BEFORE: HASH C:\Program Files\National Instruments\LabVIEW 2026\user.lib\claudeDev\D1_s3b_row1_20260921_135932.vi | exists=1 | size=476734 | md5=72f0d47d0b1cbd0834d50f1483e558c1 | sha256=7b25b8e73d34fd943e5de4a3998edb56234055621f7481a9a9ecee482b6571c3
  PASS  Y D1_s3b_row1 md5 == its pin 72f0d47d  '72f0d47d0b1cbd0834d50f1483e558c1'
  FACT  Y THE BED BEFORE: HASH C:\Program Files\National Instruments\LabVIEW 2026\user.lib\claudeDev\D1_s3b_row2_20260921_160311.vi | exists=1 | size=476759 | md5=26c54ff784cb5cea21edbd214d2cc3a0 | sha256=17b63cb1c83d5f4a50285ced08b1ecc5a65605979b17ee798b1228f7017d275d
  PASS  Y THE BED md5 == its pin 26c54ff7  '26c54ff784cb5cea21edbd214d2cc3a0'
  FACT  Y THE BED size: HASH C:\Program Files\National Instruments\LabVIEW 2026\user.lib\claudeDev\D1_s3b_row2_20260921_160311.vi | exists=1 | size=476759 | md5=26c54ff784cb5cea21edbd214d2cc3a0 | sha256=17b63cb1c83d5f4a50285ced08b1ecc5a65605979b17ee798b1228f7017d275d
  PASS  Y the bed is 476759 B  '476759'
  FACT  [0] pre-batch LabVIEW restart (44(e)): lv_restart rc=0 ['dialogs: ,1346,762| / ENABLED|18024556|0,0,0,0|LabVIEW / VERDICT: clear (no modal dialog)']
  FACT  LabVIEW handles AFTER the restart: 30691
  FACT  [0] the working copy: HASH C:\Program Files\National Instruments\LabVIEW 2026\user.lib\claudeDev\WORK_C66M3_20260921_165615.vi | exists=1 | size=476759 | md5=26c54ff784cb5cea21edbd214d2cc3a0 | sha256=17b63cb1c83d5f4a50285ced08b1ecc5a65605979b17ee798b1228f7017d275d
  PASS  [0] the working copy is byte-identical to the bed  '26c54ff784cb5cea21edbd214d2cc3a0'

---------- [E] THE BED RE-MEASURED COLD - the brief's baseline, echoed before anything else
  FACT  ExecState [01 [E] the bed, COLD] = 1   (+66.5 s, read cost 1.68 s)
  PASS  E1 the bed reopens COLD at ExecState 1  1
  FACT  [E] the bed COLD counts: {'Node': 632, 'Wire': 1907, 'ControlTerminal': 116, 'Local': 10, 'LoopTunnel': 135}
  PASS  E2 Node == 632 (the brief's recorded baseline)  632
  PASS  E2 Wire == 1907 (the brief's recorded baseline)  1907
  PASS  E2 ControlTerminal == 116 (the brief's recorded baseline)  116
  PASS  E2 Local == 10 (the brief's recorded baseline)  10
  PASS  E2 LoopTunnel == 135 (the brief's recorded baseline)  135
  PASS  E3 Diagram #639 resolves to traverse index 46  46
  PASS  E4 Diagram #639 carries 75 nodes  75
  FACT  [E] whole-VI node census: 632 rows
  FACT  [E] #637 in the whole-VI Node census: {'i': 162, 'uid': 637, 'class': 'WhileLoop', 'pos': (2633, 927), 'owner_class': 'Diagram'}
  FAIL  E5 #637 sits at position [59, 48]  (2633, 927)
  FACT  [E] #637 (WhileLoop): 59 terminals, 48 WIRED  <- 37(e)/50(e)'s no-new-tunnel baseline

---------- [P1] THE `Tunnel` BLIND CLASS (peer c66-row2c-a5b §1)
  FACT  [P1a] report_all('Tunnel'            ) -> 471 row(s)
  FACT  [P1a] report_all('LoopTunnel'        ) -> 135 row(s)
  FACT  [P1a] report_all('ConditionalTunnel' ) -> 146 row(s)
  FACT  [P1a] report_all('SelectorTunnel'    ) -> 146 row(s)
  FACT  [P1a] report_all('LeftShiftRegister' ) -> 36 row(s)
  FACT  [P1a] report_all('RightShiftRegister') -> 36 row(s)
  PASS  P1a *** `Tunnel` RESOLVES AS A TRAVERSE CLASS *** (REPORTED, not a pass/fail of the artefact)  rows 471 ; error ''
  FACT  [P1b] STRUCTURE on #639 Nodes[6] = #5540 class 'CaseStructure': 7 terminal(s) -> [(0, '', False, 5709), (1, '', False, 5979), (2, 'Bead is good? array out', True, 5637), (3, 'Bead is good? array out', False, 6041), (4, '', False, 5746), (5, 'x,y,z array out', False, 1681), (6, 'x,y,z array out', True, 5975)]
  FACT  [P1b] STRUCTURE on #639 Nodes[8] = #3191 class 'CaseStructure': 4 terminal(s) -> [(0, '', False, 3050), (1, '', False, 3268), (2, 'current image number', False, 3747), (3, 'LastBufferNumber', False, 3356)]
  FACT  [P1b] STRUCTURE on #639 Nodes[9] = #57 class 'CaseStructure': 4 terminal(s) -> [(0, '', False, 3689), (1, 'LastBufferNumber', True, 1644), (2, 'LastBufferNumber', False, 5416), (3, 'current image number', False, 3747)]
  FACT  [P1b] STRUCTURE on #639 Nodes[13] = #2222 class 'CaseStructure': 7 terminal(s) -> [(0, '', False, 730), (1, 'Z out', True, 4906), (2, 'x,y,z array out', False, 505), (3, '', False, 628), (4, '', False, 1773), (5, 'Correction Factor', False, 6096), (6, 'X out', True, 6363)]
  FACT  [P1b] STRUCTURE on #639 Nodes[16] = #1359 class 'ForLoop': 10 terminal(s) -> [(0, '', False, 0), (1, '', False, 9097), (2, '', True, 9215), (3, 'Value', False, 30592), (4, '', False, 28847), (5, '', False, 10187), (6, '', True, 11352), (7, 'Force\nsmoothing\nhalf-width', False, 31059), (8, 'Extension\nmedian filter\nhalf-width', False, 31166), (9, 'Magnet position output', False, 28338)]
  FACT  [P1b] STRUCTURE on #639 Nodes[24] = #10407 class 'CaseStructure': 7 terminal(s) -> [(0, '', False, 23502), (1, '# slices in stack', False, 9635), (2, 'index', False, 23540), (3, 'Outgoing Handle', False, 11232), (4, 'VISA out', True, 7337), (5, 'Out position', False, 7388), (6, 'position [internal units]', True, 9113)]
  FACT  [P1b] STRUCTURE on #639 Nodes[29] = #10445 class 'CaseStructure': 4 terminal(s) -> [(0, '', False, 9921), (1, '', True, 10573), (2, 'Value', False, 10763), (3, 'Value', True, 11389)]
  FACT  [P1b] STRUCTURE on #639 Nodes[41] = #20474 class 'CaseStructure': 10 terminal(s) -> [(0, '', False, 15302), (1, 'error out', True, 15289), (2, 'error out', False, 3290), (3, 'Value', False, 30592), (4, 'System no.', False, 11538), (5, 'System no.', True, 15270), (6, 'millisecond timer value', False, 18617), (7, 'Value', False, 31717), (8, '', False, 29368), (9, 'Value', False, 25053)]
  FACT  [P1b] STRUCTURE on #639 Nodes[42] = #22082 class 'CaseStructure': 5 terminal(s) -> [(0, '', False, 15229), (1, 'error out', True, 0), (2, 'error out', False, 15289), (3, 'System no.', True, 15277), (4, 'System no.', False, 15270)]
  FACT  [P1b] STRUCTURE on #639 Nodes[47] = #18716 class 'CaseStructure': 2 terminal(s) -> [(0, '', False, 19084), (1, 'millisecond timer value', True, 18617)]
  FACT  [P1b] STRUCTURE on #639 Nodes[52] = #12589 class 'CaseStructure': 3 terminal(s) -> [(0, '', False, 3050), (1, 'position [internal units]', False, 9113), (2, '', True, 12070)]
  FACT  [P1b] STRUCTURE on #639 Nodes[54] = #29874 class 'ForLoop': 7 terminal(s) -> [(0, '', False, 0), (1, '', True, 32890), (2, '', False, 29787), (3, '', False, 28039), (4, '', False, 28847), (5, '', True, 29591), (6, 'Extension\nmedian filter\nhalf-width', False, 31166)]
  FACT  [P1b] STRUCTURE on #639 Nodes[58] = #29617 class 'ForLoop': 7 terminal(s) -> [(0, '', False, 30019), (1, 'Value', True, 31717), (2, 'Value', False, 29233), (3, '', False, 29153), (4, 'Value', False, 29233), (5, 'Value', True, 25053), (6, 'Value', False, 9139)]
  FACT  [P1b] STRUCTURE on #639 Nodes[65] = #10153 class 'EventStructure': 7 terminal(s) -> [(0, 'Event Registration Refnum', False, 0), (1, 'Event Registration Refnum', True, 0), (2, '', False, 12108), (3, 'Value', False, 32324), (4, '', False, 25804), (5, '', False, 29099), (6, 'Value', False, 32565)]
  FACT  [P1b] STRUCTURE on #639 Nodes[67] = #2457 class 'ForLoop': 5 terminal(s) -> [(0, '', False, 30469), (1, 'Value', False, 29233), (2, 'Value', False, 9139), (3, '', True, 5142), (4, '', False, 32388)]
  FACT  [P1b] scanned 75 node(s) of Diagram #639 in 90.5 s ; 15 STRUCTURE node(s) ; 5 terminal(s) carrying one of [23556, 23540, 23502]
  FACT      [P1b] wire 23502 on #10407 (CaseStructure, structure=True) t0 '' is_source=False
  FACT      [P1b] wire 23540 on #10407 (CaseStructure, structure=True) t2 'index' is_source=False
  FACT      [P1b] wire 23556 on #10757 (IndexArray, structure=False) t1 'element' is_source=True
  FACT      [P1b] wire 23502 on #23499 (Local, structure=False) t0 'Automatic Error Handling' is_source=True
  FACT      [P1b] wire 23540 on #23523 (Local, structure=False) t0 'index' is_source=True
  PASS  P1b *** node_terms ON A STRUCTURE RETURNS TERMINALS *** - if it does not, THAT IS THE FINDING (the census has a blind class), reported, never worked around  15 structure node(s) on #639, 15 of them returned terminals
  FAIL  P1b-A2 NO watched wire sits on a terminal of a STRUCTURE node on #639  [{'nodes_index': 24, 'node_uid': 10407, 'node_class': 'CaseStructure', 'terminal': 0, 'name': '', 'is_source': False, 'wire': 23502, 'node_is_structure': True}, {'nodes_index': 24, 'node_uid': 10407, 'node_class': 'CaseStructure', 'terminal': 2, 'name': 'index', 'is_source': False, 'wire': 23540, 'node_is_structure': True}]
  FACT  [P1c] WIRE 23556 Terms[] BY UID: [{'i': 0, 'is_source': True, 'owner_class': 'IndexArray', 'owner_uid': 10757, 'recip': 23556}, {'i': 1, 'is_source': False, 'owner_class': 'Diagram', 'owner_uid': 639, 'recip': 23556}, {'i': 2, 'is_source': False, 'owner_class': '', 'owner_uid': 0, 'recip': 0}]
  PASS  P1c-A2 wire 23556 has NO terminal whose OWNER is in the Tunnel family  owner classes ['IndexArray', 'Diagram', '']
  FACT  [P1c] WIRE 23540 Terms[] BY UID: [{'i': 0, 'is_source': True, 'owner_class': 'Local', 'owner_uid': 23523, 'recip': 23540}, {'i': 1, 'is_source': False, 'owner_class': 'SelectorTunnel', 'owner_uid': 10978, 'recip': 23540}, {'i': 2, 'is_source': False, 'owner_class': '', 'owner_uid': 0, 'recip': 0}]
  FAIL  P1c-A2 wire 23540 has NO terminal whose OWNER is in the Tunnel family  owner classes ['Local', 'SelectorTunnel', '']
  FACT  [P1c] WIRE 23502 Terms[] BY UID: [{'i': 0, 'is_source': True, 'owner_class': 'Local', 'owner_uid': 23499, 'recip': 23502}, {'i': 1, 'is_source': False, 'owner_class': 'Tunnel', 'owner_uid': 10429, 'recip': 23502}, {'i': 2, 'is_source': False, 'owner_class': '', 'owner_uid': 0, 'recip': 0}]
  FAIL  P1c-A2 wire 23502 has NO terminal whose OWNER is in the Tunnel family  owner classes ['Local', 'Tunnel', '']

---------- [P2] FOUR `owner_of` CALLS - REPORTED, NEVER A GATE (53(d^8))
  OBSERVED uid 639 -> owner 'WhileLoop' uid 637 | self 'Diagram'#639 | 482 says 'WhileLoop' cast 'WhileLoop' |  
  FACT  [P2] owner_of(639   ) = ('WhileLoop', 637)
  OBSERVED uid 23556 -> owner 'Diagram' uid 639 | self 'Wire'#23556 | 482 says 'Diagram' cast 'Diagram' |  
  FACT  [P2] owner_of(23556 ) = ('Diagram', 639)
  OBSERVED uid 23525 -> owner 'Panel' uid 3 | self 'Digital'#23525 | 482 says 'Panel' cast 'Panel' |  
  FACT  [P2] owner_of(23525 ) = ('Panel', 3)
  OBSERVED uid 26117 -> owner 'FlatSequenceFrame' uid 0 | self 'Diagram'#26117 | 482 says 'FlatSequenceFrame' cast '' |  error 1055: Property Node in OpOwnerChain_v1.vi
  FACT  [P2] owner_of(26117) raised RuntimeError: owner_of(26117) is not an answer: echoed 'Diagram'#26117, errors 'error 1055: Property Node in OpOwnerChain_v1.vi'
  FACT  [P2] owner_of(26117 ) = None ; ERROR RuntimeError: owner_of(26117) is not an answer: echoed 'Diagram'#26117, errors 'error 1055: Property Node in OpOwnerChain_v1.vi'
  FACT  [P2] ALL FOUR ARE REPORTED AND NONE IS A GATE: `owner_of` answered with the PREVIOUS query's object once, silently (Pre-decided 53(d^8)), so these are evidence to read, not a verdict to act on.

---------- [P3] THE DATA-TYPE READ - the rule-1a measurement
  FACT  [P3] #10757 the source #10757 lives at: {'diagram_index': 46, 'diagram_uid': 639, 'diagram_class': 'Diagram', 'nodes_index': 27, 'nodes_on_diagram': 75, 'label': 'Index Array'}  (1 diagram(s) scanned of 173, 2.5 s)
  FACT  [P3] #10757 the source terminal table of #10757 (Diagram idx 46, Nodes[27], echo 10757): 3 terminal(s)
  FACT      [P3] #10757 the source t0  'array'                            is_source=False wire=121     errs=[0, 0, 0, 0]
  FACT      [P3] #10757 the source t1  'element'                          is_source=True  wire=23556   errs=[0, 0, 0, 0]
  FACT      [P3] #10757 the source t2  'index'                            is_source=False wire=10947   errs=[0, 0, 0, 0]
  FACT  [P3] BED  #10757 'element' -> {'i': 1, 'name': 'element', 'is_source': True, 'wire': 23556, 'has_wire': True, 'errs': [0, 0, 0, 0]}   (FIELDS RETURNED: ['errs', 'has_wire', 'i', 'is_source', 'name', 'wire'])
  FACT  [P3] panel_wiring: 116 rows
  FACT  [P3] BED  panel control 23525 -> {'label': 'index', 'indicator': True, 'uid': 23525, 'is_source': False, 'wire': 23556, 'term_err': 0, 'wire_err': 0}   (FIELDS RETURNED: ['indicator', 'is_source', 'label', 'term_err', 'uid', 'wire', 'wire_err'])
  FACT  [P3] BED  tunnels(0) -> FIELDS RETURNED ['in_is_source', 'in_names', 'in_wires', 'index', 'index_mode', 'out_conn_err', 'out_is_source', 'out_name', 'out_wire', 'out_wire_err', 'uid']
  FACT  [P3] TRIED Terminal.Name                                634A004   via gscript.node_terms -> the `name` column                        -> returns a data type: False
  FACT  [P3] TRIED Terminal.Is Source?                          634A003   via gscript.node_terms -> the `is_source` column                   -> returns a data type: False
  FACT  [P3] TRIED Terminal.Connected Wire                      634A000   via gscript.node_terms -> the `wire` column                        -> returns a data type: False
  FACT  [P3] TRIED Terminal.Diagram                             634A002   via docs/NAMES.md:894 - wrapped inside OpTunnels' inner-terminal mapping -> returns a data type: False
  FACT  [P3] TRIED Tunnel.Outside Terminal                      6356001   via gscript.tunnels -> out_name/out_is_source/out_wire             -> returns a data type: False
  FACT  [P3] TRIED Tunnel.Inside Terminals[]                    6356000   via gscript.tunnels -> in_names/in_is_source/in_wires              -> returns a data type: False
  FACT  [P3] TRIED Wire.Is Broken? (item terminal `Broken?`)    6371004   via build_opconnectnested_v1.connect_nested_v1 -> the ordered Broken? pass -> returns a data type: False
  FACT  [P3] TRIED NumericConstant.Representation               5DCFC00   via docs/NAMES.md:998-1003 - registered; applies to a CONSTANT, not to a terminal or a wire -> returns a data type: False

---------- [P3] the ORIGINAL undivided wire, read on the untouched D1_s3a_focus_ind.vi
  FACT  [P3] S3a #10757 #10757 lives at: {'diagram_index': 46, 'diagram_uid': 639, 'diagram_class': 'Diagram', 'nodes_index': 27, 'nodes_on_diagram': 73, 'label': 'Index Array'}  (1 diagram(s) scanned of 173, 2.5 s)
  FACT  [P3] S3a #10757 terminal table of #10757 (Diagram idx 46, Nodes[27], echo 10757): 3 terminal(s)
  FACT      [P3] S3a #10757 t0  'array'                            is_source=False wire=121     errs=[0, 0, 0, 0]
  FACT      [P3] S3a #10757 t1  'element'                          is_source=True  wire=10990   errs=[0, 0, 0, 0]
  FACT      [P3] S3a #10757 t2  'index'                            is_source=False wire=10947   errs=[0, 0, 0, 0]
  FACT  [P3] S3a #10757 'element' -> {'i': 1, 'name': 'element', 'is_source': True, 'wire': 10990, 'has_wire': True, 'errs': [0, 0, 0, 0]}
  FACT  [P3] S3a #10407 #10407 lives at: {'diagram_index': 46, 'diagram_uid': 639, 'diagram_class': 'Diagram', 'nodes_index': 24, 'nodes_on_diagram': 73, 'label': 'Case Structure'}  (1 diagram(s) scanned of 173, 2.4 s)
  FACT  [P3] S3a #10407 terminal table of #10407 (Diagram idx 46, Nodes[24], echo 10407): 7 terminal(s)
  FACT      [P3] S3a #10407 t0  ''                                 is_source=False wire=10799   errs=[0, 0, 0, 0]
  FACT      [P3] S3a #10407 t1  '# slices in stack'                is_source=False wire=9635    errs=[0, 0, 0, 0]
  FACT      [P3] S3a #10407 t2  'Index of closest\ncal image slice, bead 2' is_source=False wire=10990   errs=[0, 0, 0, 0]
  FACT      [P3] S3a #10407 t3  'Outgoing Handle'                  is_source=False wire=11232   errs=[0, 0, 0, 0]
  FACT      [P3] S3a #10407 t4  'VISA out'                         is_source=True  wire=7337    errs=[0, 0, 0, 0]
  FACT      [P3] S3a #10407 t5  'Out position'                     is_source=False wire=7388    errs=[0, 0, 0, 0]
  FACT      [P3] S3a #10407 t6  'position [internal units]'        is_source=True  wire=9113    errs=[0, 0, 0, 0]
  FACT  [P3] S3a #10407 t2 -> {'i': 2, 'name': 'Index of closest\ncal image slice, bead 2', 'is_source': False, 'wire': 10990, 'has_wire': True, 'errs': [0, 0, 0, 0]}
  FACT  [P3] close_panel(S3a) raised com_error: (-2147352567, '??? ??????.', (6649, 'LabVIEW', 'LabVIEW: (Hex 0x47D) Cannot close or set the state of a closed front panel. The front panel must already be open before you close it or set its state.', None, 0, 0), None)
  FACT  [P3] D1_s3a_focus_ind AFTER the read-only open: HASH C:\Program Files\National Instruments\LabVIEW 2026\user.lib\claudeDev\D1_s3a_focus_ind.vi | exists=1 | size=476172 | md5=eef91c1d91f16b034707e4d1285ca8cb | sha256=8afd9f95e280139e64aa648906ba7f799e8d0ae39aabfae42c93ef4f102d23bb
  PASS  P3-RO the untouched artefact is STILL md5 eef91c1d after the read-only open  'eef91c1d91f16b034707e4d1285ca8cb'
  FACT  [P3] *** TYPE READ UNREACHABLE *** - every wrapped terminal-/wire-level property is listed above with the fields its wrapper returns; NOT ONE of them carries a data type. No property ID was guessed and no Property node was built (an unregistered id is a guess; docs/toolkit-capabilities.md:256-260).
  PASS  P3 *** THE DATA-TYPE READ: TYPE READ UNREACHABLE ***  an unreachable read is a RECORDED GAP, not a failure, and per ABORT clause A1 it is NOT a mismatch
  PASS  A1 ABORT CLAUSE A1 (a MEASURED type MISMATCH) DID NOT FIRE  a1=False
  FAIL  A2 ABORT CLAUSE A2 (a watched wire on a tunnel terminal) DID NOT FIRE  a2=True
  FACT  *** ABORT CLAUSE A2 FIRED. STOPPING BEFORE THE FIRST `move_in`: no .vi is saved, the working copy is removed, and nothing further is attempted. ***
  FACT  STOP: abort clause A2
  FACT  close_panel(WORK) raised com_error: (-2147352567, '??? ??????.', (6649, 'LabVIEW', 'LabVIEW: (Hex 0x47D) Cannot close or set the state of a closed front panel. The front panel must already be open before you close it or set its state.', None, 0, 0), None)
  PASS  Y scratch WORK_C66M3_20260921_165615.vi is gone (exists=False)

---------- [Y] THE md5 PINS AFTER, THE REFS AND THE HANDLES
  FACT  Y ORIGINAL AFTER: HASH G:\Codes\LabVIEW_Codes\MinLab\zz_LabView VI\AAA_UNIST\2. Tracking\Min_Track N beads V6_ParallelLoop.vi | exists=1 | size=473317 | md5=2a78e17c449cacdaf5da389818526859 | sha256=f827a67e91cc2a51284cdce0ada5d34ecf89cf865bca5f0bdfa870f0020df4bb
  PASS  Y ORIGINAL md5 is STILL its pin 2a78e17c  '2a78e17c449cacdaf5da389818526859'
  FACT  Y D1_s1_copy AFTER: HASH C:\Program Files\National Instruments\LabVIEW 2026\user.lib\claudeDev\D1_s1_copy.vi | exists=1 | size=474202 | md5=3e3d23cefd3a334001aa9d6156bf1aee | sha256=1ab3360021cb04f03e8fe4a503d1972aefa26a34ed5b8fd9393ec6899330e0f7
  PASS  Y D1_s1_copy md5 is STILL its pin 3e3d23ce  '3e3d23cefd3a334001aa9d6156bf1aee'
  FACT  Y D1_s2_loops AFTER: HASH C:\Program Files\National Instruments\LabVIEW 2026\user.lib\claudeDev\D1_s2_loops.vi | exists=1 | size=475707 | md5=6ff19497f2309e007a214660bb64b911 | sha256=d52e754e29a85e9cc3ddeb039f6c5e325c9094c5e1f8c944059d4a5f7b33c3f5
  PASS  Y D1_s2_loops md5 is STILL its pin 6ff19497  '6ff19497f2309e007a214660bb64b911'
  FACT  Y D1_s3a_focus_ind AFTER: HASH C:\Program Files\National Instruments\LabVIEW 2026\user.lib\claudeDev\D1_s3a_focus_ind.vi | exists=1 | size=476172 | md5=eef91c1d91f16b034707e4d1285ca8cb | sha256=8afd9f95e280139e64aa648906ba7f799e8d0ae39aabfae42c93ef4f102d23bb
  PASS  Y D1_s3a_focus_ind md5 is STILL its pin eef91c1d  'eef91c1d91f16b034707e4d1285ca8cb'
  FACT  Y D1_s3b_row1a AFTER: HASH C:\Program Files\National Instruments\LabVIEW 2026\user.lib\claudeDev\D1_s3b_row1a_20260921_135932.vi | exists=1 | size=476634 | md5=c7094f98324af3bb53755fef718f8e28 | sha256=49a9d0cdf049562847263f5266678408a1b8c8bcbe9da267b20a06bb1f8382ee
  PASS  Y D1_s3b_row1a md5 is STILL its pin c7094f98  'c7094f98324af3bb53755fef718f8e28'
  FACT  Y D1_s3b_row1 AFTER: HASH C:\Program Files\National Instruments\LabVIEW 2026\user.lib\claudeDev\D1_s3b_row1_20260921_135932.vi | exists=1 | size=476734 | md5=72f0d47d0b1cbd0834d50f1483e558c1 | sha256=7b25b8e73d34fd943e5de4a3998edb56234055621f7481a9a9ecee482b6571c3
  PASS  Y D1_s3b_row1 md5 is STILL its pin 72f0d47d  '72f0d47d0b1cbd0834d50f1483e558c1'
  FACT  Y THE BED AFTER: HASH C:\Program Files\National Instruments\LabVIEW 2026\user.lib\claudeDev\D1_s3b_row2_20260921_160311.vi | exists=1 | size=476759 | md5=26c54ff784cb5cea21edbd214d2cc3a0 | sha256=17b63cb1c83d5f4a50285ced08b1ecc5a65605979b17ee798b1228f7017d275d
  PASS  Y THE BED md5 is STILL its pin 26c54ff7  '26c54ff784cb5cea21edbd214d2cc3a0'
  FACT  refs: {'opened': 3, 'closed': 3, 'live': 0, 'cached_op_vis': 8}
  PASS  Y refs opened == closed and 0 live  {'opened': 3, 'closed': 3, 'live': 0, 'cached_op_vis': 8}
  FACT  LabVIEW handles AFTER: 63539 (before 34250)

=== GATES: 32 pass / 5 fail; failing: E5 #637 sits at position [59, 48], P1b-A2 NO watched wire sits on a terminal of a STRUCTURE node on #639, P1c-A2 wire 23540 has NO terminal whose OWNER is in the Tunnel family, P1c-A2 wire 23502 has NO terminal whose OWNER is in the Tunnel family, A2 ABORT CLAUSE A2 (a watched wire on a tunnel terminal) DID NOT FIRE
=== JSON: G:\Codes\LabVIEW_Codes\MinLab\zz_LabView VI\AAA_UNIST\2. Tracking\V6_ParallelLoop\tools\bench\diag_c66_s3b_m3.json
BGRUN END rc=1 after 227s
