BGRUN START 2026-09-26 04:31:14 limit 2.0 min: py -u tools/bench/diag_c90_t0_wikiq.py
KEYS ['file', 'md5', 'bytes', 'read', 'fs_tunnel_pairs', 'connector_pane', 'connector_pane_source', 'connector_pane_unassigned_slots', 'connector_pane_unmatched_on_diagram', 'terminals', 'wires', 'severed_wires', 'graph_summary', 'io_paths', 'summary', 'call_sites_in_main']
NTERM 5748 {'term_uid': 6121, 'term_name': 'error out', 'is_source': True, 'wire_uid': 86546, 'owner_uid': 10673, 'owner_class': 'FlatSequenceInnerTunnel', 'frame_diagram': 536, 'term_class': 'Terminal'}
NODE 22692 rows 12
    {'term_uid': 22695, 'term_name': 'error out', 'is_source': True, 'wire_uid': 22759, 'owner_uid': 22692, 'owner_class': 'SubVI', 'frame_diagram': 22650, 'term_class': 'Terminal'}
    {'term_uid': 22698, 'term_name': 'Buffer Number Out', 'is_source': True, 'wire_uid': 22744, 'owner_uid': 22692, 'owner_class': 'SubVI', 'frame_diagram': 22650, 'term_class': 'Terminal'}
    {'term_uid': 22701, 'term_name': 'Image Out', 'is_source': True, 'wire_uid': 22756, 'owner_uid': 22692, 'owner_class': 'SubVI', 'frame_diagram': 22650, 'term_class': 'Terminal'}
    {'term_uid': 22704, 'term_name': 'Session Out', 'is_source': True, 'wire_uid': 22762, 'owner_uid': 22692, 'owner_class': 'SubVI', 'frame_diagram': 22650, 'term_class': 'Terminal'}
    {'term_uid': 22707, 'term_name': '', 'is_source': False, 'wire_uid': 0, 'owner_uid': 22692, 'owner_class': 'SubVI', 'frame_diagram': 22650, 'term_class': 'Terminal'}
    {'term_uid': 22710, 'term_name': '', 'is_source': False, 'wire_uid': 0, 'owner_uid': 22692, 'owner_class': 'SubVI', 'frame_diagram': 22650, 'term_class': 'Terminal'}
    {'term_uid': 22713, 'term_name': '', 'is_source': False, 'wire_uid': 0, 'owner_uid': 22692, 'owner_class': 'SubVI', 'frame_diagram': 22650, 'term_class': 'Terminal'}
    {'term_uid': 22716, 'term_name': 'Buffer Number Mode (Next)', 'is_source': False, 'wire_uid': 22747, 'owner_uid': 22692, 'owner_class': 'SubVI', 'frame_diagram': 22650, 'term_class': 'Terminal'}
    {'term_uid': 22719, 'term_name': 'error in', 'is_source': False, 'wire_uid': 22771, 'owner_uid': 22692, 'owner_class': 'SubVI', 'frame_diagram': 22650, 'term_class': 'Terminal'}
    {'term_uid': 22722, 'term_name': 'Buffer Number In', 'is_source': False, 'wire_uid': 22753, 'owner_uid': 22692, 'owner_class': 'SubVI', 'frame_diagram': 22650, 'term_class': 'Terminal'}
    {'term_uid': 22725, 'term_name': 'Image In', 'is_source': False, 'wire_uid': 22765, 'owner_uid': 22692, 'owner_class': 'SubVI', 'frame_diagram': 22650, 'term_class': 'Terminal'}
    {'term_uid': 22728, 'term_name': 'Session In', 'is_source': False, 'wire_uid': 22768, 'owner_uid': 22692, 'owner_class': 'SubVI', 'frame_diagram': 22650, 'term_class': 'Terminal'}
NODE 15403 rows 12
    {'term_uid': 15406, 'term_name': 'error out', 'is_source': True, 'wire_uid': 19474, 'owner_uid': 15403, 'owner_class': 'SubVI', 'frame_diagram': 15266, 'term_class': 'Terminal'}
    {'term_uid': 15409, 'term_name': 'Buffer Number Out', 'is_source': True, 'wire_uid': 0, 'owner_uid': 15403, 'owner_class': 'SubVI', 'frame_diagram': 15266, 'term_class': 'Terminal'}
    {'term_uid': 15412, 'term_name': 'Image Out', 'is_source': True, 'wire_uid': 19462, 'owner_uid': 15403, 'owner_class': 'SubVI', 'frame_diagram': 15266, 'term_class': 'Terminal'}
    {'term_uid': 15415, 'term_name': 'Session Out', 'is_source': True, 'wire_uid': 19471, 'owner_uid': 15403, 'owner_class': 'SubVI', 'frame_diagram': 15266, 'term_class': 'Terminal'}
    {'term_uid': 15418, 'term_name': '', 'is_source': False, 'wire_uid': 0, 'owner_uid': 15403, 'owner_class': 'SubVI', 'frame_diagram': 15266, 'term_class': 'Terminal'}
    {'term_uid': 15421, 'term_name': '', 'is_source': False, 'wire_uid': 0, 'owner_uid': 15403, 'owner_class': 'SubVI', 'frame_diagram': 15266, 'term_class': 'Terminal'}
    {'term_uid': 15424, 'term_name': '', 'is_source': False, 'wire_uid': 0, 'owner_uid': 15403, 'owner_class': 'SubVI', 'frame_diagram': 15266, 'term_class': 'Terminal'}
    {'term_uid': 15427, 'term_name': '', 'is_source': False, 'wire_uid': 0, 'owner_uid': 15403, 'owner_class': 'SubVI', 'frame_diagram': 15266, 'term_class': 'Terminal'}
    {'term_uid': 15430, 'term_name': 'error in', 'is_source': False, 'wire_uid': 19477, 'owner_uid': 15403, 'owner_class': 'SubVI', 'frame_diagram': 15266, 'term_class': 'Terminal'}
    {'term_uid': 15433, 'term_name': 'Wait for Next Buffer? (Yes)', 'is_source': False, 'wire_uid': 0, 'owner_uid': 15403, 'owner_class': 'SubVI', 'frame_diagram': 15266, 'term_class': 'Terminal'}
    {'term_uid': 15436, 'term_name': 'Image In', 'is_source': False, 'wire_uid': 19481, 'owner_uid': 15403, 'owner_class': 'SubVI', 'frame_diagram': 15266, 'term_class': 'Terminal'}
    {'term_uid': 15439, 'term_name': 'Session In', 'is_source': False, 'wire_uid': 19484, 'owner_uid': 15403, 'owner_class': 'SubVI', 'frame_diagram': 15266, 'term_class': 'Terminal'}
GS KEYS ['objects', 'nodes', 'wires', 'terminals', 'diagrams', 'loops', 'cases', 'sequences', 'locals', 'globals', 'subvi_nodes', 'subvi_calls', 'class_census', 'edge_method']
WIRE 3268 [(29256, 29240, 'Function', 'x', False, 639), (12200, 12195, 'FlatSequenceOuterTunnel', '', False, 639), (3509, 1114, 'SubVI', 'index i', False, 639), (10083, 10068, 'Function', 'x', False, 639), (3272, 3045, 'SelectorTunnel', '', False, 639), (3211, 2136, 'Function', 'x', False, 639), (5763, 376, 'SubVI', 'frame index', False, 639), (644, 639, 'Diagram', '', True, 639), (644, 639, 'Diagram', '', True, 639), (2218, 2213, 'LoopTunnel', '', False, 639)]
WIRE 19372 [(19347, 19333, 'Function', 'x', False, 15266), (15273, 15266, 'Diagram', '', True, 15266), (15273, 15266, 'Diagram', '', True, 15266)]
WIRE 34066 [(30903, 30846, 'SubVI', 'running index in', False, 25392), (25406, 25392, 'Diagram', '', True, 25392), (25406, 25392, 'Diagram', '', True, 25392)]
BGRUN END rc=0 after 0s (NO RESULT LINE)
