BGRUN START 2026-10-02 12:53:18 limit 3.0 min: py -u tools/bench/diag_c135_3_plandiff.py
BGRUN PID 19040
A files: fail plan_ring_p3b2b_c135_1_fail.json md5 fae25fb3a81cd1a4dc73d19bf2d00e42 | b plan_ring_p3b2b.json md5 ae6b6111d766a4ba27d0695f29958c23
A top keys fail: ['actions', 'base', 'context', 'final', 'finalized', 'goal', 'open_rows', 'schema', 'stage']
A ignorable diffs: 27
  IGN  base/md5 : "d0a32178a87b2c9593b0d0773d332215" -> "b885fa4af1df203a8dd68b631ab86752"
  IGN  base/path : "tools/bench/graph_ring_p3b2a_fs_20261002_123012.json" -> "tools/bench/graph_ring_p3b2a_fs_20261002_102553.json"
  IGN  finalized/at : "2026-10-02 12:33:23" -> "2026-10-02 11:15:54"
  IGN  finalized/base/md5 : "d0a32178a87b2c9593b0d0773d332215" -> "b885fa4af1df203a8dd68b631ab86752"
  IGN  finalized/base/path : "tools/bench/graph_ring_p3b2a_fs_20261002_123012.json" -> "tools/bench/graph_ring_p3b2a_fs_20261002_102553.json"
  IGN  finalized/last_step/md5 : "3c71752723720f177e7b5bd386acaf33" -> "81ed697b3df03de35854ac5e974e88c1"
  IGN  finalized/plan_in/md5 : "c1c50529bdc497c276da940793a240a2" -> "cccfee8ff83d76e6af102ad91e04c2b8"
  IGN  finalized/step_files/0/md5 : "67fda7245d54fc9cf6cdc5ae29209ab0" -> "f4c837e4bcfce0d1b8e93c7730fe1afe"
  IGN  finalized/step_files/1/md5 : "185d95dc1e9193f1a4f31240e13176b8" -> "473627a7ca6e847e9aff5cfb2a0c7074"
  IGN  finalized/step_files/2/md5 : "a497cf09f573e323137b61f1ec3eff22" -> "08e32660fd42fb93c6d00c24a885764b"
  IGN  finalized/step_files/3/md5 : "83f7fad46039e94d7cb1b11601369943" -> "de1f1a251f586e08145eeff60d24f560"
  IGN  finalized/step_files/4/md5 : "b2dcb509e0e2ccf5b805b43ef99e7ef2" -> "07f253de914ae25ea7f9d0e1327671a3"
  IGN  finalized/step_files/5/md5 : "5ccf2d17e6f914e858aae71aaced2df6" -> "29c8d3b3da839520fb20d97410525618"
  IGN  finalized/step_files/6/md5 : "acab2cf675d9a2371dc4aea0b0ee4faf" -> "4f31071e150f06e4397d10f5fb61be2b"
  IGN  finalized/step_files/7/md5 : "dc15367f99095557c61b7843163a4467" -> "40b50e4a8bf62231b3b50d3e21be15fb"
  IGN  finalized/step_files/8/md5 : "bfa0c1dcfc02600dbf11efe2921f9dca" -> "0e133e102300966f18862aabfcbe1a49"
  IGN  finalized/step_files/9/md5 : "4ac4041c4c7ce60be6a395f098582c98" -> "e246f491fee68ffbef49a74d760cceea"
  IGN  finalized/step_files/10/md5 : "0655a2411a44e4bcc3a79635aed525fd" -> "910d75d25cde5428024f88be888e3a04"
  IGN  finalized/step_files/11/md5 : "85199f024c98ab23cc3c671c57a3c0f0" -> "04171af8b0940bf0e6e0c407712974ae"
  IGN  finalized/step_files/12/md5 : "1413f72409e8410446c9c4e1fedd274e" -> "8103bacfb5c7e1496d39b4b34a31e802"
  IGN  finalized/step_files/13/md5 : "a5d475d5f260cbdb8f3654aeacd3ba05" -> "198f2c6e7accbd65d6ff0d1e08ce5238"
  IGN  finalized/step_files/14/md5 : "a3cef334080dba2034b178d20f6a3c3e" -> "d69934b3c5eb09d4be3a3ccc79576a06"
  IGN  finalized/step_files/15/md5 : "d7903e3f64271a1fcf87a55c5c539531" -> "3229dc20a0231aeab00dfcc819a72d70"
  IGN  finalized/step_files/16/md5 : "c977a8d8cdef09091e31c611db790b1d" -> "3cbc27f61a4fc63d30d8e32e0d9f243a"
  IGN  finalized/step_files/17/md5 : "1a6231e191b0e738c5b27c16dd8f2272" -> "8f539ea1aef712b91d91303348ddb7ea"
  IGN  finalized/step_files/18/md5 : "3c71752723720f177e7b5bd386acaf33" -> "81ed697b3df03de35854ac5e974e88c1"
  IGN  finalized/summary/md5 : "43b7ee6588e2eb48478ce04b8f3d531f" -> "19624439926b66cf4acd01505eb89f55"
A NON-ignorable diffs: 0
B step files: fail 19, b 19; names equal True
  step_00_base.json state=present md5 67fda724/f4c837e4 state ign 1 real 1 | file ign 1 real 3  <-- STATE DIFF
      SREAL vi : "C:\\Program Files\\National Instruments\\LabVIEW 2026\\user.lib\\claudeDev\\D1_ring_p3b2a_20261002_122043.vi" -> "C:\\Program Files\\National Instruments\\LabVIEW 2026\\user.lib\\claudeDev\\scratch_c133_6_ring_p3b2a_20261002_093837.v
      FREAL effect/graph : "tools/bench/graph_ring_p3b2a_fs_20261002_123012.json" -> "tools/bench/graph_ring_p3b2a_fs_20261002_102553.json"
      FREAL effect/graph_md5 : "d0a32178a87b2c9593b0d0773d332215" -> "b885fa4af1df203a8dd68b631ab86752"
      FREAL state/vi : "C:\\Program Files\\National Instruments\\LabVIEW 2026\\user.lib\\claudeDev\\D1_ring_p3b2a_20261002_122043.vi" -> "C:\\Program Files\\National Instruments\\LabVIEW 2026\\user.lib\\claudeDev\\scratch_c133_6_ring_p3b2a_20261002_093837.v
      SIGN  md5 : "49cf7f770fc331e06607687af640ad5e" -> "6cc6922192b3e330f163561bb95a8115"
  step_01_create.json state=present md5 185d95dc/473627a7 state ign 1 real 1 | file ign 2 real 1  <-- STATE DIFF
      SREAL vi : "C:\\Program Files\\National Instruments\\LabVIEW 2026\\user.lib\\claudeDev\\D1_ring_p3b2a_20261002_122043.vi" -> "C:\\Program Files\\National Instruments\\LabVIEW 2026\\user.lib\\claudeDev\\scratch_c133_6_ring_p3b2a_20261002_093837.v
      FREAL state/vi : "C:\\Program Files\\National Instruments\\LabVIEW 2026\\user.lib\\claudeDev\\D1_ring_p3b2a_20261002_122043.vi" -> "C:\\Program Files\\National Instruments\\LabVIEW 2026\\user.lib\\claudeDev\\scratch_c133_6_ring_p3b2a_20261002_093837.v
      SIGN  md5 : "49cf7f770fc331e06607687af640ad5e" -> "6cc6922192b3e330f163561bb95a8115"
  step_02_create.json state=present md5 a497cf09/08e32660 state ign 1 real 1 | file ign 2 real 1  <-- STATE DIFF
      SREAL vi : "C:\\Program Files\\National Instruments\\LabVIEW 2026\\user.lib\\claudeDev\\D1_ring_p3b2a_20261002_122043.vi" -> "C:\\Program Files\\National Instruments\\LabVIEW 2026\\user.lib\\claudeDev\\scratch_c133_6_ring_p3b2a_20261002_093837.v
      FREAL state/vi : "C:\\Program Files\\National Instruments\\LabVIEW 2026\\user.lib\\claudeDev\\D1_ring_p3b2a_20261002_122043.vi" -> "C:\\Program Files\\National Instruments\\LabVIEW 2026\\user.lib\\claudeDev\\scratch_c133_6_ring_p3b2a_20261002_093837.v
      SIGN  md5 : "49cf7f770fc331e06607687af640ad5e" -> "6cc6922192b3e330f163561bb95a8115"
  step_03_create.json state=present md5 83f7fad4/de1f1a25 state ign 1 real 1 | file ign 2 real 1  <-- STATE DIFF
      SREAL vi : "C:\\Program Files\\National Instruments\\LabVIEW 2026\\user.lib\\claudeDev\\D1_ring_p3b2a_20261002_122043.vi" -> "C:\\Program Files\\National Instruments\\LabVIEW 2026\\user.lib\\claudeDev\\scratch_c133_6_ring_p3b2a_20261002_093837.v
      FREAL state/vi : "C:\\Program Files\\National Instruments\\LabVIEW 2026\\user.lib\\claudeDev\\D1_ring_p3b2a_20261002_122043.vi" -> "C:\\Program Files\\National Instruments\\LabVIEW 2026\\user.lib\\claudeDev\\scratch_c133_6_ring_p3b2a_20261002_093837.v
      SIGN  md5 : "49cf7f770fc331e06607687af640ad5e" -> "6cc6922192b3e330f163561bb95a8115"
  step_04_create.json state=present md5 b2dcb509/07f253de state ign 1 real 1 | file ign 2 real 1  <-- STATE DIFF
      SREAL vi : "C:\\Program Files\\National Instruments\\LabVIEW 2026\\user.lib\\claudeDev\\D1_ring_p3b2a_20261002_122043.vi" -> "C:\\Program Files\\National Instruments\\LabVIEW 2026\\user.lib\\claudeDev\\scratch_c133_6_ring_p3b2a_20261002_093837.v
      FREAL state/vi : "C:\\Program Files\\National Instruments\\LabVIEW 2026\\user.lib\\claudeDev\\D1_ring_p3b2a_20261002_122043.vi" -> "C:\\Program Files\\National Instruments\\LabVIEW 2026\\user.lib\\claudeDev\\scratch_c133_6_ring_p3b2a_20261002_093837.v
      SIGN  md5 : "49cf7f770fc331e06607687af640ad5e" -> "6cc6922192b3e330f163561bb95a8115"
  step_05_create.json state=present md5 5ccf2d17/29c8d3b3 state ign 1 real 1 | file ign 2 real 1  <-- STATE DIFF
      SREAL vi : "C:\\Program Files\\National Instruments\\LabVIEW 2026\\user.lib\\claudeDev\\D1_ring_p3b2a_20261002_122043.vi" -> "C:\\Program Files\\National Instruments\\LabVIEW 2026\\user.lib\\claudeDev\\scratch_c133_6_ring_p3b2a_20261002_093837.v
      FREAL state/vi : "C:\\Program Files\\National Instruments\\LabVIEW 2026\\user.lib\\claudeDev\\D1_ring_p3b2a_20261002_122043.vi" -> "C:\\Program Files\\National Instruments\\LabVIEW 2026\\user.lib\\claudeDev\\scratch_c133_6_ring_p3b2a_20261002_093837.v
      SIGN  md5 : "49cf7f770fc331e06607687af640ad5e" -> "6cc6922192b3e330f163561bb95a8115"
  step_06_create.json state=present md5 acab2cf6/4f31071e state ign 1 real 1 | file ign 2 real 1  <-- STATE DIFF
      SREAL vi : "C:\\Program Files\\National Instruments\\LabVIEW 2026\\user.lib\\claudeDev\\D1_ring_p3b2a_20261002_122043.vi" -> "C:\\Program Files\\National Instruments\\LabVIEW 2026\\user.lib\\claudeDev\\scratch_c133_6_ring_p3b2a_20261002_093837.v
      FREAL state/vi : "C:\\Program Files\\National Instruments\\LabVIEW 2026\\user.lib\\claudeDev\\D1_ring_p3b2a_20261002_122043.vi" -> "C:\\Program Files\\National Instruments\\LabVIEW 2026\\user.lib\\claudeDev\\scratch_c133_6_ring_p3b2a_20261002_093837.v
      SIGN  md5 : "49cf7f770fc331e06607687af640ad5e" -> "6cc6922192b3e330f163561bb95a8115"
  step_07_wire.json state=present md5 dc15367f/40b50e4a state ign 1 real 1 | file ign 2 real 1  <-- STATE DIFF
      SREAL vi : "C:\\Program Files\\National Instruments\\LabVIEW 2026\\user.lib\\claudeDev\\D1_ring_p3b2a_20261002_122043.vi" -> "C:\\Program Files\\National Instruments\\LabVIEW 2026\\user.lib\\claudeDev\\scratch_c133_6_ring_p3b2a_20261002_093837.v
      FREAL state/vi : "C:\\Program Files\\National Instruments\\LabVIEW 2026\\user.lib\\claudeDev\\D1_ring_p3b2a_20261002_122043.vi" -> "C:\\Program Files\\National Instruments\\LabVIEW 2026\\user.lib\\claudeDev\\scratch_c133_6_ring_p3b2a_20261002_093837.v
      SIGN  md5 : "49cf7f770fc331e06607687af640ad5e" -> "6cc6922192b3e330f163561bb95a8115"
  step_08_wire.json state=present md5 bfa0c1dc/0e133e10 state ign 1 real 1 | file ign 2 real 1  <-- STATE DIFF
      SREAL vi : "C:\\Program Files\\National Instruments\\LabVIEW 2026\\user.lib\\claudeDev\\D1_ring_p3b2a_20261002_122043.vi" -> "C:\\Program Files\\National Instruments\\LabVIEW 2026\\user.lib\\claudeDev\\scratch_c133_6_ring_p3b2a_20261002_093837.v
      FREAL state/vi : "C:\\Program Files\\National Instruments\\LabVIEW 2026\\user.lib\\claudeDev\\D1_ring_p3b2a_20261002_122043.vi" -> "C:\\Program Files\\National Instruments\\LabVIEW 2026\\user.lib\\claudeDev\\scratch_c133_6_ring_p3b2a_20261002_093837.v
      SIGN  md5 : "49cf7f770fc331e06607687af640ad5e" -> "6cc6922192b3e330f163561bb95a8115"
  step_09_wire.json state=present md5 4ac4041c/e246f491 state ign 1 real 1 | file ign 2 real 1  <-- STATE DIFF
      SREAL vi : "C:\\Program Files\\National Instruments\\LabVIEW 2026\\user.lib\\claudeDev\\D1_ring_p3b2a_20261002_122043.vi" -> "C:\\Program Files\\National Instruments\\LabVIEW 2026\\user.lib\\claudeDev\\scratch_c133_6_ring_p3b2a_20261002_093837.v
      FREAL state/vi : "C:\\Program Files\\National Instruments\\LabVIEW 2026\\user.lib\\claudeDev\\D1_ring_p3b2a_20261002_122043.vi" -> "C:\\Program Files\\National Instruments\\LabVIEW 2026\\user.lib\\claudeDev\\scratch_c133_6_ring_p3b2a_20261002_093837.v
      SIGN  md5 : "49cf7f770fc331e06607687af640ad5e" -> "6cc6922192b3e330f163561bb95a8115"
  step_10_wire.json state=present md5 0655a241/910d75d2 state ign 1 real 1 | file ign 2 real 1  <-- STATE DIFF
      SREAL vi : "C:\\Program Files\\National Instruments\\LabVIEW 2026\\user.lib\\claudeDev\\D1_ring_p3b2a_20261002_122043.vi" -> "C:\\Program Files\\National Instruments\\LabVIEW 2026\\user.lib\\claudeDev\\scratch_c133_6_ring_p3b2a_20261002_093837.v
      FREAL state/vi : "C:\\Program Files\\National Instruments\\LabVIEW 2026\\user.lib\\claudeDev\\D1_ring_p3b2a_20261002_122043.vi" -> "C:\\Program Files\\National Instruments\\LabVIEW 2026\\user.lib\\claudeDev\\scratch_c133_6_ring_p3b2a_20261002_093837.v
      SIGN  md5 : "49cf7f770fc331e06607687af640ad5e" -> "6cc6922192b3e330f163561bb95a8115"
  step_11_wire.json state=present md5 85199f02/04171af8 state ign 1 real 1 | file ign 2 real 1  <-- STATE DIFF
      SREAL vi : "C:\\Program Files\\National Instruments\\LabVIEW 2026\\user.lib\\claudeDev\\D1_ring_p3b2a_20261002_122043.vi" -> "C:\\Program Files\\National Instruments\\LabVIEW 2026\\user.lib\\claudeDev\\scratch_c133_6_ring_p3b2a_20261002_093837.v
      FREAL state/vi : "C:\\Program Files\\National Instruments\\LabVIEW 2026\\user.lib\\claudeDev\\D1_ring_p3b2a_20261002_122043.vi" -> "C:\\Program Files\\National Instruments\\LabVIEW 2026\\user.lib\\claudeDev\\scratch_c133_6_ring_p3b2a_20261002_093837.v
      SIGN  md5 : "49cf7f770fc331e06607687af640ad5e" -> "6cc6922192b3e330f163561bb95a8115"
  step_12_wire_remove_loose_ends.json state=present md5 1413f724/8103bacf state ign 1 real 1 | file ign 2 real 1  <-- STATE DIFF
      SREAL vi : "C:\\Program Files\\National Instruments\\LabVIEW 2026\\user.lib\\claudeDev\\D1_ring_p3b2a_20261002_122043.vi" -> "C:\\Program Files\\National Instruments\\LabVIEW 2026\\user.lib\\claudeDev\\scratch_c133_6_ring_p3b2a_20261002_093837.v
      FREAL state/vi : "C:\\Program Files\\National Instruments\\LabVIEW 2026\\user.lib\\claudeDev\\D1_ring_p3b2a_20261002_122043.vi" -> "C:\\Program Files\\National Instruments\\LabVIEW 2026\\user.lib\\claudeDev\\scratch_c133_6_ring_p3b2a_20261002_093837.v
      SIGN  md5 : "49cf7f770fc331e06607687af640ad5e" -> "6cc6922192b3e330f163561bb95a8115"
  step_13_wire.json state=present md5 a5d475d5/198f2c6e state ign 1 real 1 | file ign 2 real 1  <-- STATE DIFF
      SREAL vi : "C:\\Program Files\\National Instruments\\LabVIEW 2026\\user.lib\\claudeDev\\D1_ring_p3b2a_20261002_122043.vi" -> "C:\\Program Files\\National Instruments\\LabVIEW 2026\\user.lib\\claudeDev\\scratch_c133_6_ring_p3b2a_20261002_093837.v
      FREAL state/vi : "C:\\Program Files\\National Instruments\\LabVIEW 2026\\user.lib\\claudeDev\\D1_ring_p3b2a_20261002_122043.vi" -> "C:\\Program Files\\National Instruments\\LabVIEW 2026\\user.lib\\claudeDev\\scratch_c133_6_ring_p3b2a_20261002_093837.v
      SIGN  md5 : "49cf7f770fc331e06607687af640ad5e" -> "6cc6922192b3e330f163561bb95a8115"
  step_14_wire_remove_loose_ends.json state=present md5 a3cef334/d69934b3 state ign 1 real 1 | file ign 2 real 1  <-- STATE DIFF
      SREAL vi : "C:\\Program Files\\National Instruments\\LabVIEW 2026\\user.lib\\claudeDev\\D1_ring_p3b2a_20261002_122043.vi" -> "C:\\Program Files\\National Instruments\\LabVIEW 2026\\user.lib\\claudeDev\\scratch_c133_6_ring_p3b2a_20261002_093837.v
      FREAL state/vi : "C:\\Program Files\\National Instruments\\LabVIEW 2026\\user.lib\\claudeDev\\D1_ring_p3b2a_20261002_122043.vi" -> "C:\\Program Files\\National Instruments\\LabVIEW 2026\\user.lib\\claudeDev\\scratch_c133_6_ring_p3b2a_20261002_093837.v
      SIGN  md5 : "49cf7f770fc331e06607687af640ad5e" -> "6cc6922192b3e330f163561bb95a8115"
  step_15_wire.json state=present md5 d7903e3f/3229dc20 state ign 1 real 1 | file ign 2 real 1  <-- STATE DIFF
      SREAL vi : "C:\\Program Files\\National Instruments\\LabVIEW 2026\\user.lib\\claudeDev\\D1_ring_p3b2a_20261002_122043.vi" -> "C:\\Program Files\\National Instruments\\LabVIEW 2026\\user.lib\\claudeDev\\scratch_c133_6_ring_p3b2a_20261002_093837.v
      FREAL state/vi : "C:\\Program Files\\National Instruments\\LabVIEW 2026\\user.lib\\claudeDev\\D1_ring_p3b2a_20261002_122043.vi" -> "C:\\Program Files\\National Instruments\\LabVIEW 2026\\user.lib\\claudeDev\\scratch_c133_6_ring_p3b2a_20261002_093837.v
      SIGN  md5 : "49cf7f770fc331e06607687af640ad5e" -> "6cc6922192b3e330f163561bb95a8115"
  step_16_wire_remove_loose_ends.json state=present md5 c977a8d8/3cbc27f6 state ign 1 real 1 | file ign 2 real 1  <-- STATE DIFF
      SREAL vi : "C:\\Program Files\\National Instruments\\LabVIEW 2026\\user.lib\\claudeDev\\D1_ring_p3b2a_20261002_122043.vi" -> "C:\\Program Files\\National Instruments\\LabVIEW 2026\\user.lib\\claudeDev\\scratch_c133_6_ring_p3b2a_20261002_093837.v
      FREAL state/vi : "C:\\Program Files\\National Instruments\\LabVIEW 2026\\user.lib\\claudeDev\\D1_ring_p3b2a_20261002_122043.vi" -> "C:\\Program Files\\National Instruments\\LabVIEW 2026\\user.lib\\claudeDev\\scratch_c133_6_ring_p3b2a_20261002_093837.v
      SIGN  md5 : "49cf7f770fc331e06607687af640ad5e" -> "6cc6922192b3e330f163561bb95a8115"
  step_17_wire.json state=present md5 1a6231e1/8f539ea1 state ign 1 real 1 | file ign 2 real 1  <-- STATE DIFF
      SREAL vi : "C:\\Program Files\\National Instruments\\LabVIEW 2026\\user.lib\\claudeDev\\D1_ring_p3b2a_20261002_122043.vi" -> "C:\\Program Files\\National Instruments\\LabVIEW 2026\\user.lib\\claudeDev\\scratch_c133_6_ring_p3b2a_20261002_093837.v
      FREAL state/vi : "C:\\Program Files\\National Instruments\\LabVIEW 2026\\user.lib\\claudeDev\\D1_ring_p3b2a_20261002_122043.vi" -> "C:\\Program Files\\National Instruments\\LabVIEW 2026\\user.lib\\claudeDev\\scratch_c133_6_ring_p3b2a_20261002_093837.v
      SIGN  md5 : "49cf7f770fc331e06607687af640ad5e" -> "6cc6922192b3e330f163561bb95a8115"
  step_18_wire_remove_loose_ends.json state=present md5 3c717527/81ed697b state ign 1 real 1 | file ign 2 real 1  <-- STATE DIFF
      SREAL vi : "C:\\Program Files\\National Instruments\\LabVIEW 2026\\user.lib\\claudeDev\\D1_ring_p3b2a_20261002_122043.vi" -> "C:\\Program Files\\National Instruments\\LabVIEW 2026\\user.lib\\claudeDev\\scratch_c133_6_ring_p3b2a_20261002_093837.v
      FREAL state/vi : "C:\\Program Files\\National Instruments\\LabVIEW 2026\\user.lib\\claudeDev\\D1_ring_p3b2a_20261002_122043.vi" -> "C:\\Program Files\\National Instruments\\LabVIEW 2026\\user.lib\\claudeDev\\scratch_c133_6_ring_p3b2a_20261002_093837.v
      SIGN  md5 : "49cf7f770fc331e06607687af640ad5e" -> "6cc6922192b3e330f163561bb95a8115"
  summary.json md5 43b7ee65/b866dd3d ign 22 real 14 (reported, not gated)
      REAL steps/1/secs : 0.16 -> 0.17
      REAL steps/2/secs : 0.16 -> 0.17
      REAL steps/3/secs : 0.16 -> 0.17
      REAL steps/5/secs : 0.16 -> 0.17
      REAL steps/7/secs : 0.17 -> 0.18
      REAL steps/10/secs : 0.17 -> 0.16
      REAL steps/11/secs : 0.18 -> 0.16
      REAL steps/12/secs : 0.17 -> 0.16
  candidates.json md5 34a0c565/34a0c565 ign 0 real 0 (reported, not gated)
GATE PASS A plan non-ignorable diffs == 0
GATE PASS B step count 19 == 19
GATE FAIL B state non-ignorable diffs == 0 on every step
SUMMARY A real 0 ign 27 | B steps with state diff 19 (rows 19)
RESULT {"schema":"result-line/1","status":"FAIL","gates":{"pass":2,"fail":1},"first_fail":"B state non-ignorable diffs == 0 on every step","artefacts":[]}
BGRUN END rc=1 after 4s (RESULT: status=FAIL gates 2/1 first_fail=B state non-ignorable diffs == 0 on every step; the process itself said 0)
