BGRUN START 2026-09-27 23:16:38 limit 1.0 min: py -u tools/bench/diag_c112c_scan2.py Track N beads one-fold over-kernel-v3
BGRUN PID 20548
file C:\Program Files\National Instruments\LabVIEW 2026\user.lib\claudeDev\background VIs_COPY\Track N beads one-fold over-kernel-v3.vi md5 68aeed6ca9d0834ddb298330f78f93ad bytes 13377
row keys ['frame_diagram', 'is_source', 'owner_class', 'owner_uid', 'term_class', 'term_name', 'term_uid', 'wire_uid']
{'owner_uid': 1990, 'owner_class': 'Tunnel', 'term_uid': 2003, 'term_name': '', 'term_class': 'OuterTerminal', 'is_source': False, 'wire_uid': 307, 'frame_diagram': 3} peers [(3, 'TopLevelDiagram', 1699, '# of bead', True)]
{'owner_uid': 350, 'owner_class': 'RightShiftRegister', 'term_uid': 512, 'term_name': 'pos in cal image in', 'term_class': 'OuterTerminal', 'is_source': True, 'wire_uid': 1988, 'frame_diagram': 3} peers [(3, 'TopLevelDiagram', 1237, 'pos in cal image out', False)]
{'owner_uid': 503, 'owner_class': 'LeftShiftRegister', 'term_uid': 515, 'term_name': 'pos in cal image in', 'term_class': 'OuterTerminal', 'is_source': False, 'wire_uid': 1714, 'frame_diagram': 3} peers [(3, 'TopLevelDiagram', 1744, 'pos in cal image in', True)]
{'owner_uid': 327, 'owner_class': 'RightShiftRegister', 'term_uid': 487, 'term_name': 'x,y,z array', 'term_class': 'OuterTerminal', 'is_source': True, 'wire_uid': 1668, 'frame_diagram': 3} peers [(3, 'TopLevelDiagram', 1404, 'x,y,z array out', False)]
{'owner_uid': 472, 'owner_class': 'LeftShiftRegister', 'term_uid': 490, 'term_name': 'x,y,z array', 'term_class': 'OuterTerminal', 'is_source': False, 'wire_uid': 1240, 'frame_diagram': 3} peers [(3, 'TopLevelDiagram', 1270, 'x,y,z array', True)]
{'owner_uid': 339, 'owner_class': 'RightShiftRegister', 'term_uid': 558, 'term_name': 'Bead is good? array in', 'term_class': 'OuterTerminal', 'is_source': True, 'wire_uid': 108, 'frame_diagram': 3} peers [(3, 'TopLevelDiagram', 1788, 'Bead is good? array out', False)]
{'owner_uid': 549, 'owner_class': 'LeftShiftRegister', 'term_uid': 561, 'term_name': 'Bead is good? array in', 'term_class': 'OuterTerminal', 'is_source': False, 'wire_uid': 1350, 'frame_diagram': 3} peers [(3, 'TopLevelDiagram', 1019, 'Bead is good? array in', True)]
{'owner_uid': 1990, 'owner_class': 'Tunnel', 'term_uid': 2002, 'term_name': '', 'term_class': 'InnerTerminal', 'is_source': True, 'wire_uid': 0, 'frame_diagram': 1938} peers []
{'owner_uid': 350, 'owner_class': 'RightShiftRegister', 'term_uid': 508, 'term_name': 'pos in cal image in', 'term_class': 'InnerTerminal', 'is_source': False, 'wire_uid': 2710, 'frame_diagram': 1938} peers [(1323, 'GrowableFunction', 2270, 'output array', True)]
{'owner_uid': 503, 'owner_class': 'LeftShiftRegister', 'term_uid': 514, 'term_name': 'pos in cal image in', 'term_class': 'InnerTerminal', 'is_source': True, 'wire_uid': 2688, 'frame_diagram': 1938} peers [(1323, 'GrowableFunction', 2243, 'array', False)]
{'owner_uid': 327, 'owner_class': 'RightShiftRegister', 'term_uid': 478, 'term_name': 'x,y,z array', 'term_class': 'InnerTerminal', 'is_source': False, 'wire_uid': 2473, 'frame_diagram': 1938} peers [(2398, 'GrowableFunction', 2403, 'output array', True)]
{'owner_uid': 472, 'owner_class': 'LeftShiftRegister', 'term_uid': 489, 'term_name': 'x,y,z array', 'term_class': 'InnerTerminal', 'is_source': True, 'wire_uid': 2178, 'frame_diagram': 1938} peers [(2049, 'GrowableFunction', 2239, 'array', False), (2355, 'IndexArray', 2357, 'array', False), (848, 'IndexArray', 2342, 'array', False)]
{'owner_uid': 339, 'owner_class': 'RightShiftRegister', 'term_uid': 553, 'term_name': 'Bead is good? array in', 'term_class': 'InnerTerminal', 'is_source': False, 'wire_uid': 2562, 'frame_diagram': 1938} peers [(1170, 'GrowableFunction', 2263, 'output array', True)]
{'owner_uid': 549, 'owner_class': 'LeftShiftRegister', 'term_uid': 560, 'term_name': 'Bead is good? array in', 'term_class': 'InnerTerminal', 'is_source': True, 'wire_uid': 2528, 'frame_diagram': 1938} peers [(1170, 'GrowableFunction', 2257, 'array', False), (2327, 'IndexArray', 2442, 'array', False)]
{'owner_uid': 3, 'owner_class': 'TopLevelDiagram', 'term_uid': 1237, 'term_name': 'pos in cal image out', 'term_class': 'ControlTerminal', 'is_source': False, 'wire_uid': 1988, 'frame_diagram': 3} peers [(350, 'RightShiftRegister', 512, 'pos in cal image in', True)]
{'owner_uid': 3, 'owner_class': 'TopLevelDiagram', 'term_uid': 1270, 'term_name': 'x,y,z array', 'term_class': 'ControlTerminal', 'is_source': True, 'wire_uid': 1240, 'frame_diagram': 3} peers [(472, 'LeftShiftRegister', 490, 'x,y,z array', False)]
{'owner_uid': 3, 'owner_class': 'TopLevelDiagram', 'term_uid': 1371, 'term_name': 'Image In', 'term_class': 'ControlTerminal', 'is_source': True, 'wire_uid': 1347, 'frame_diagram': 3} peers [(2612, 'LoopTunnel', 2622, 'Image In', False)]
{'owner_uid': 3, 'owner_class': 'TopLevelDiagram', 'term_uid': 1404, 'term_name': 'x,y,z array out', 'term_class': 'ControlTerminal', 'is_source': False, 'wire_uid': 1668, 'frame_diagram': 3} peers [(327, 'RightShiftRegister', 487, 'x,y,z array', True)]
{'owner_uid': 3, 'owner_class': 'TopLevelDiagram', 'term_uid': 1632, 'term_name': 'Real-space cosine window', 'term_class': 'ControlTerminal', 'is_source': True, 'wire_uid': 1602, 'frame_diagram': 3} peers [(2657, 'LoopTunnel', 2661, 'Real-space cosine window', False)]
{'owner_uid': 3, 'owner_class': 'TopLevelDiagram', 'term_uid': 1665, 'term_name': 'Cosine bandpass\nfor Hilbert ', 'term_class': 'ControlTerminal', 'is_source': True, 'wire_uid': 1635, 'frame_diagram': 3} peers [(2637, 'LoopTunnel', 2643, 'Cosine bandpass\nfor Hilbert ', False)]
{'owner_uid': 3, 'owner_class': 'TopLevelDiagram', 'term_uid': 1699, 'term_name': '# of bead', 'term_class': 'ControlTerminal', 'is_source': True, 'wire_uid': 307, 'frame_diagram': 3} peers [(1990, 'Tunnel', 2003, '', False)]
{'owner_uid': 3, 'owner_class': 'TopLevelDiagram', 'term_uid': 1744, 'term_name': 'pos in cal image in', 'term_class': 'ControlTerminal', 'is_source': True, 'wire_uid': 1714, 'frame_diagram': 3} peers [(503, 'LeftShiftRegister', 515, 'pos in cal image in', False)]
{'owner_uid': 3, 'owner_class': 'TopLevelDiagram', 'term_uid': 1019, 'term_name': 'Bead is good? array in', 'term_class': 'ControlTerminal', 'is_source': True, 'wire_uid': 1350, 'frame_diagram': 3} peers [(549, 'LeftShiftRegister', 561, 'Bead is good? array in', False)]
{'owner_uid': 3, 'owner_class': 'TopLevelDiagram', 'term_uid': 1788, 'term_name': 'Bead is good? array out', 'term_class': 'ControlTerminal', 'is_source': False, 'wire_uid': 108, 'frame_diagram': 3} peers [(339, 'RightShiftRegister', 558, 'Bead is good? array in', True)]
{'owner_uid': 3, 'owner_class': 'TopLevelDiagram', 'term_uid': 3690, 'term_name': 'cross size', 'term_class': 'ControlTerminal', 'is_source': True, 'wire_uid': 3728, 'frame_diagram': 3} peers [(2821, 'LoopTunnel', 2873, 'cross size', False)]
{'owner_uid': 3, 'owner_class': 'TopLevelDiagram', 'term_uid': 4460, 'term_name': 'Array of cal clusters', 'term_class': 'ControlTerminal', 'is_source': True, 'wire_uid': 1413, 'frame_diagram': 3} peers [(2570, 'LoopTunnel', 2585, 'Array of cal clusters', False)]
owner classes {'Tunnel': 2, 'LoopTunnel': 10, 'RightShiftRegister': 6, 'LeftShiftRegister': 6, 'GrowableFunction': 20, 'IndexArray': 12, 'Function': 7, 'SubVI': 28, 'Diagram': 2, 'DigitalNumericConstant': 1, 'TopLevelDiagram': 12}
RESULT {"schema":"result-line/1","status":"PASS","gates":{"pass":1,"fail":0},"first_fail":null,"artefacts":[]}
BGRUN END rc=0 after 1s
