BGRUN START 2026-09-26 05:39:23 limit 5.0 min: py -u tools/bench/diag_c91_t0_tunnels_offline.py
  SCHEMA terminal row keys ['frame_diagram', 'is_source', 'owner_class', 'owner_uid', 'term_class', 'term_name', 'term_uid', 'wire_uid']
  SCHEMA wire row keys ['n_sink', 'n_src', 'sink_class', 'sink_term', 'sink_uid', 'src_class', 'src_term', 'src_uid', 'termless', 'wire_uid']
  FACT  Median #30306: inner #29894 -> holding #639 frames between [29894] (owners ['ForLoop'])
  FACT  Median #30306: 2 output tunnel(s) on #639: [(29172, 32890, True, 1), (29616, 29591, False, 1)]; CHOSEN 32890
  FACT  Median #29009: inner #7911 -> holding #639 frames between [7911] (owners ['ForLoop'])
  FACT  Median #29009: 2 output tunnel(s) on #639: [(11363, 11352, True, 1), (9227, 9215, False, 1)]; CHOSEN 11352
  FACT  FIR #28233: inner #7911 -> holding #639 frames between [7911] (owners ['ForLoop'])
  FACT  FIR #28233: 2 output tunnel(s) on #639: [(11363, 11352, True, 1), (9227, 9215, False, 1)]; CHOSEN 11352
  FACT  plot Z #6085: inner #2235 -> holding #639 frames between [2235] (owners ['CaseStructure'])
  FACT  plot Z #6085: 2 output tunnel(s) on #639: [(2451, 4906, True, 1), (7091, 6363, True, 1)]; CHOSEN 4906
  FACT  plot dZ #5696: inner #2265 -> holding #639 frames between [2265] (owners ['CaseStructure'])
  FACT  plot dZ #5696: 2 output tunnel(s) on #639: [(2451, 4906, True, 1), (7091, 6363, True, 1)]; CHOSEN 4906
  FACT  circle #16788: inner #16621 -> holding #15266 frames between [16621, 16303] (owners ['ForLoop', 'CaseStructure'])
  FACT  circle #16788: 1 output tunnel(s) on #15266: [(16277, 19441, True, 1)]; CHOSEN 19441
  FACT  text #16827: inner #16621 -> holding #15266 frames between [16621, 16303] (owners ['ForLoop', 'CaseStructure'])
  FACT  text #16827: 1 output tunnel(s) on #15266: [(16277, 19441, True, 1)]; CHOSEN 19441
  PASS  T1 each of the 7 nodes resolves to >= 1 output tunnel on its holding While body  [(3, True), (4, True), (5, True), (6, True), (7, True), (16, True), (17, True)]
  PASS  T2 every chosen wire has its outer terminal on the holding body and n_sink >= 1  
  PASS  T3 every chosen tunnel is fed by its node's outputs (measures the node's completion)  [(3, True), (4, True), (5, True), (6, True), (7, True), (16, True), (17, True)]
  PASS  T4 chosen wires are distinct from the 8 While-body site wires  []
  PASS  T5 rows == 7  
  FACT  SHARED wires (two nodes on one tunnel): [11352, 4906, 19441]
=== GATES: 5 pass / 0 fail
RESULT {"schema":"result-line/1","status":"PASS","gates":{"pass":5,"fail":0},"first_fail":null,"artefacts":[{"path":"G:\\Codes\\LabVIEW_Codes\\MinLab\\zz_LabView VI\\AAA_UNIST\\2. Tracking\\V6_ParallelLoop\\tools\\bench\\t0_tunnel_sites_s1.json"}]}
BGRUN END rc=0 after 0s
