BGRUN START 2026-10-02 18:10:43 limit 3.0 min: py -u tools/bench/diag_c138_6_q1.py
BGRUN PID 25796
C:\Users\KimLab\AppData\Local\Programs\Python\Python310\python.exe: can't open file 'G:\\Codes\\LabVIEW_Codes\\MinLab\\zz_LabView VI\\AAA_UNIST\\2. Tracking\\V6_ParallelLoop\\tools\\bench\\diag_c138_6_q1.py': [Errno 2] No such file or directory
BGRUN END rc=2 after 1s (NO RESULT LINE)
BGRUN START 2026-10-02 18:11:02 limit 3.0 min: py -u tools/bench/diag_c138_6_q1.py
BGRUN PID 2784
dict ['vi', 'md5', 'source', 'terminals', 'objs', 'loops', 'fs_tunnel_pairs', 'owners', 'fs_measured']
terminals 5963 ['term_uid', 'term_name', 'is_source', 'wire_uid', 'owner_uid', 'owner_class', 'frame_diagram', 'term_class']
objs 10393 ['uid', 'class', 'pos', 'owner']
loops 24 ['class', 'index', 'loop_uid', 'left_of', 'right_uids']
fs_tunnel_pairs 576 ['uid', 'class', 'face_a', 'term_a', 'wire_a', 'face_b', 'term_b', 'wire_b', 'uid_back', 'err', 'err_a', 'err_b', 'errs']
[('SubVI', 1166), ('FlatSequenceInnerTunnel', 1040), ('Property', 544), ('SelectorTunnel', 493), ('Function', 435), ('Tunnel', 419), ('LoopTunnel', 282), ('Diagram', 209), ('GrowableFunction', 203), ('IndexArray', 184), ('DigitalNumericConstant', 166), ('FlatSequenceOuterTunnel', 140), ('RightShiftRegister', 78), ('LeftShiftRegister', 78), ('BuildArray', 60), ('PolymorphicSubVI', 54), ('Bundler', 52), ('Comparison', 45), ('NamedUnbundler', 42), ('BooleanConstant', 40), ('Local', 23), ('ControlReferenceConstant', 21), ('FlattenString', 21), ('ArrayConstant', 17), ('NamedBundler', 17), ('CompoundArithmetic', 16), ('InRangeAndCoerce', 15), ('EnumConstant', 14), ('Unbundler', 13), ('RingConstant', 12), ('FormatScanString', 12), ('StringConstant', 11), ('ReadWriteFile', 9), ('Global', 7), ('ClusterConstant', 7), ('Invoke', 6), ('ArrayToCluster', 4), ('VISAResourceNameConstant', 3), ('FixedConstant', 2), ('GenClassTagRefConstant', 1), ('ColorBoxConstant', 1), ('Constant', 1)]
AC {'term_uid': 6058, 'term_name': 'Axes to move', 'is_source': True, 'wire_uid': 6101, 'owner_uid': 6059, 'owner_class': 'ArrayConstant', 'frame_diagram': 3628, 'term_class': 'Terminal'}
AC {'term_uid': 25464, 'term_name': 'pos in cal image in', 'is_source': True, 'wire_uid': 35270, 'owner_uid': 25465, 'owner_class': 'ArrayConstant', 'frame_diagram': 4866, 'term_class': 'Terminal'}
AC {'term_uid': 25623, 'term_name': 'x,y,z array', 'is_source': True, 'wire_uid': 35265, 'owner_uid': 25632, 'owner_class': 'ArrayConstant', 'frame_diagram': 4866, 'term_class': 'Terminal'}
AC {'term_uid': 25889, 'term_name': 'x,y,z array', 'is_source': True, 'wire_uid': 35334, 'owner_uid': 25898, 'owner_class': 'ArrayConstant', 'frame_diagram': 4866, 'term_class': 'Terminal'}
AC {'term_uid': 26236, 'term_name': 'pos in cal image in', 'is_source': True, 'wire_uid': 27075, 'owner_uid': 26244, 'owner_class': 'ArrayConstant', 'frame_diagram': 4866, 'term_class': 'Terminal'}
AC {'term_uid': 26574, 'term_name': 'Axes to move', 'is_source': True, 'wire_uid': 26858, 'owner_uid': 26578, 'owner_class': 'ArrayConstant', 'frame_diagram': 26535, 'term_class': 'Terminal'}
AC {'term_uid': 26008, 'term_name': 'Axes to move', 'is_source': True, 'wire_uid': 26261, 'owner_uid': 26014, 'owner_class': 'ArrayConstant', 'frame_diagram': 25892, 'term_class': 'Terminal'}
AC {'term_uid': 10456, 'term_name': 'Axes to move', 'is_source': True, 'wire_uid': 21127, 'owner_uid': 10461, 'owner_class': 'ArrayConstant', 'frame_diagram': 20774, 'term_class': 'Terminal'}
AC {'term_uid': 14055, 'term_name': 'Axes to move', 'is_source': True, 'wire_uid': 14394, 'owner_uid': 14058, 'owner_class': 'ArrayConstant', 'frame_diagram': 14037, 'term_class': 'Terminal'}
AC {'term_uid': 27503, 'term_name': 'Stage names input', 'is_source': True, 'wire_uid': 28391, 'owner_uid': 27506, 'owner_class': 'ArrayConstant', 'frame_diagram': 14037, 'term_class': 'Terminal'}
AC {'term_uid': 23517, 'term_name': 'Control Names', 'is_source': True, 'wire_uid': 26217, 'owner_uid': 23789, 'owner_class': 'ArrayConstant', 'frame_diagram': 13236, 'term_class': 'Terminal'}
AC {'term_uid': 17827, 'term_name': 'Axes to move', 'is_source': True, 'wire_uid': 17963, 'owner_uid': 17830, 'owner_class': 'ArrayConstant', 'frame_diagram': 17772, 'term_class': 'Terminal'}
AC {'term_uid': 17522, 'term_name': 'Axes to move', 'is_source': True, 'wire_uid': 17650, 'owner_uid': 17525, 'owner_class': 'ArrayConstant', 'frame_diagram': 17471, 'term_class': 'Terminal'}
AC {'term_uid': 17038, 'term_name': 'Axes to move', 'is_source': True, 'wire_uid': 17254, 'owner_uid': 17041, 'owner_class': 'ArrayConstant', 'frame_diagram': 17020, 'term_class': 'Terminal'}
AC {'term_uid': 15058, 'term_name': 'Array of bead\nx/y pos', 'is_source': True, 'wire_uid': 19543, 'owner_uid': 15061, 'owner_class': 'ArrayConstant', 'frame_diagram': 15041, 'term_class': 'Terminal'}
AC {'term_uid': 15100, 'term_name': 'exp/ref array', 'is_source': True, 'wire_uid': 19537, 'owner_uid': 15103, 'owner_class': 'ArrayConstant', 'frame_diagram': 15041, 'term_class': 'Terminal'}
AC {'term_uid': 21143, 'term_name': '', 'is_source': True, 'wire_uid': 25604, 'owner_uid': 21147, 'owner_class': 'ArrayConstant', 'frame_diagram': 21134, 'term_class': 'Terminal'}
10465 {'term_uid': 10469, 'term_name': '', 'is_source': False, 'wire_uid': 25415, 'owner_uid': 10465, 'owner_class': 'Tunnel', 'frame_diagram': 23166, 'term_class': 'OuterTerminal'}
10465 {'term_uid': 10467, 'term_name': '', 'is_source': True, 'wire_uid': 0, 'owner_uid': 10465, 'owner_class': 'Tunnel', 'frame_diagram': 10453, 'term_class': 'InnerTerminal'}
10465 {'term_uid': 10468, 'term_name': '', 'is_source': True, 'wire_uid': 0, 'owner_uid': 10465, 'owner_class': 'Tunnel', 'frame_diagram': 10459, 'term_class': 'InnerTerminal'}
w25415 {'term_uid': 10469, 'term_name': '', 'is_source': False, 'wire_uid': 25415, 'owner_uid': 10465, 'owner_class': 'Tunnel', 'frame_diagram': 23166, 'term_class': 'OuterTerminal'}
w25415 {'term_uid': 9668, 'term_name': 'x .and. y?', 'is_source': True, 'wire_uid': 25415, 'owner_uid': 9647, 'owner_class': 'Function', 'frame_diagram': 23166, 'term_class': 'ParameterTerminal'}
w25415 {'term_uid': 25557, 'term_name': 'autofocus reseed flag (1.2 to 1.1)', 'is_source': False, 'wire_uid': 25415, 'owner_uid': 23166, 'owner_class': 'Diagram', 'frame_diagram': 23166, 'term_class': 'ControlTerminal'}
RESULT {"schema":"result-line/1","status":"PASS","gates":{"pass":1,"fail":0},"first_fail":null,"artefacts":[]}
BGRUN END rc=0 after 1s
