BGRUN START 2026-09-27 22:32:45 limit 2.0 min: py -u tools/bench/diag_c112a_fixture.py
BGRUN PID 5844
VI Motor control.json | vi: None | T2: [(613, 'Tunnel', 623, 483, 'Home', 1), (895, 'SelectorTunnel', 914, 577, 'Home ref', 1), (828, 'SelectorTunnel', 827, 1462, 'error in', 1), (848, 'SelectorTunnel', 847, 1361, 'last trans pos', 1)] | T1: []
VI Track 1 of N bds 12 FOLD xyz-kernel-reentrant.json | vi: None | T2: [(1482, 'SelectorTunnel', 1486, 1528, 'Image In', 1), (1496, 'SelectorTunnel', 1500, 1742, 'Real-space cosine window', 1), (1509, 'SelectorTunnel', 1514, 2028, 'Cosine bandpass\nfor Hilbert', 1), (982, 'SelectorTunnel', 1018, 1657, 'cross size', 1)] | T1: []
VI Track 1 of N bds N FOLD xyz-kernel-reentrant.json | vi: None | T2: [(164, 'SelectorTunnel', 329, 1003, 'bead #', 2)] | T1: []
VI Track 1 of N bds for N-fold xyz-kernel-reentrant.json | vi: None | T2: [(1409, 'SelectorTunnel', 1413, 1728, 'Array of cal clusters', 1), (1482, 'SelectorTunnel', 1486, 1503, 'Image', 1), (1496, 'SelectorTunnel', 1500, 358, 'real-space\ncosine window', 1), (1509, 'SelectorTunnel', 1514, 468, 'cosine window\nfor hilbert', 1)] | T1: []
VI Track 1 of N bds xyz-kernel-reentrant.json | vi: None | T2: [(1111, 'Tunnel', 1116, 671, 'Bead 1 is good? in', 1), (1409, 'SelectorTunnel', 1413, 534, 'Calibration cluster 1', 1), (1451, 'SelectorTunnel', 1455, 1677, 'starting x 1', 1), (1464, 'SelectorTunnel', 1468, 231, 'starting y 1', 1)] | T1: []
VI Track 2 of N bds xyz-kernel-reentrant-v2.json | vi: None | T2: [(526, 'Tunnel', 790, 1208, 'Bead 1 is good? in', 1), (2087, 'SelectorTunnel', 2097, 534, 'Calibration cluster 1', 1), (2221, 'SelectorTunnel', 2226, 1677, 'starting x 1', 1), (2236, 'SelectorTunnel', 2240, 231, 'starting y 1', 1)] | T1: []
VI Track N beads 24-fold over-kernel-v3.json | vi: None | T2: [(15899, 'Tunnel', 15913, 1699, '# of bead 24 packs', 1), (641, 'Tunnel', 645, 15972, '24-pack remainder', 1)] | T1: []
VI Track N beads N-fold over-kernel.json | vi: None | T2: [(119, 'Tunnel', 123, 1699, '# of beads', 1), (359, 'SelectorTunnel', 829, 1019, 'Bead is good? array in', 1), (425, 'SelectorTunnel', 430, 4460, 'Array of cal clusters', 1), (451, 'SelectorTunnel', 456, 1270, 'x,y,z array', 1)] | T1: []
VI Track N beads exactly four-fold over-kernel.json | vi: None | T2: [(251, 'Tunnel', 250, 1699, '# of bead 4 packs', 1)] | T1: []
VI Track N beads four-fold over-kernel-v3.json | vi: None | T2: [(215, 'Tunnel', 224, 1791, '4 pack remainder', 1), (2145, 'SelectorTunnel', 2249, 1699, '# of bead 4 packs', 2), (2481, 'SelectorTunnel', 2537, 4460, 'Array of cal clusters', 2), (2551, 'SelectorTunnel', 2568, 1371, 'Image In', 2)] | T1: []
VI Track N beads one-fold over-kernel-v3.json | vi: None | T2: [(1990, 'Tunnel', 2003, 1699, '# of bead', 1)] | T1: []
VI Track N beads over-kernel-v2.json | vi: None | T2: [(822, 'Tunnel', 821, 1683, 'even # of beads?', 1), (832, 'SelectorTunnel', 831, 1665, 'Cosine bandpass\nfor Hilbert ', 2), (837, 'SelectorTunnel', 836, 1632, 'Real-space cosine window', 2), (842, 'SelectorTunnel', 841, 1599, 'Array of cal clusters', 2)] | T1: []
VI Track N beads twelve-fold over-kernel-v4.json | vi: None | T2: [(215, 'Tunnel', 224, 1791, '12 pack remainder', 1), (2551, 'SelectorTunnel', 2568, 1371, 'Image In', 2), (3705, 'SelectorTunnel', 3745, 3690, 'cross size', 2), (4845, 'SelectorTunnel', 4856, 1665, 'Cosine bandpass\nfor Hilbert ', 2)] | T1: []
VI Track four-fold 1-2-3-4 over-kernel.json | vi: None | T2: [(215, 'Tunnel', 224, 1791, '4 pack remainder', 1), (1893, 'SelectorTunnel', 1911, 1019, 'Bead is good? array in', 1), (1924, 'SelectorTunnel', 1942, 1270, 'x,y,z array', 1), (1955, 'SelectorTunnel', 1973, 1744, 'pos in cal image in', 1)] | T1: []
VI Track four-fold remainder over-kernel.json | vi: None | T2: [(215, 'Tunnel', 224, 1791, '4 pack remainder', 1), (1893, 'SelectorTunnel', 1911, 1019, 'Bead is good? array in', 1), (1924, 'SelectorTunnel', 1942, 1270, 'x,y,z array', 1), (1955, 'SelectorTunnel', 1973, 1744, 'pos in cal image in', 1)] | T1: []
VI WLC fitting kernel with boot KK.json | vi: None | T2: [(1800, 'Tunnel', 1804, 1500, 'Mag Direction', 1), (1811, 'SelectorTunnel', 1815, 1401, 'Array', 1), (524, 'Tunnel', 523, 933, 'bootstrap\nnumber', 1)] | T1: []
VI WLC fitting kernel with boot v2 fixed K.json | vi: None | T2: [(2482, 'SelectorTunnel', 2491, 1167, 'initial coefficients', 3), (524, 'Tunnel', 523, 933, 'bootstrap\nnumber', 1)] | T1: []
VI WLC fitting kernel with boot v2-2param fixed L.json | vi: None | T2: [(2482, 'SelectorTunnel', 2491, 1167, 'initial coefficients', 3), (524, 'Tunnel', 523, 933, 'bootstrap\nnumber', 1)] | T1: []
VI WLC fitting kernel with boot v2-2param.json | vi: None | T2: [(264, 'SelectorTunnel', 379, 1167, 'initial coefficients', 2), (524, 'Tunnel', 523, 933, 'bootstrap\nnumber', 1)] | T1: []
VI WLC fitting kernel with boot v2.json | vi: None | T2: [(2482, 'SelectorTunnel', 2491, 1167, 'initial coefficients', 2), (524, 'Tunnel', 523, 933, 'bootstrap\nnumber', 1)] | T1: []
VI WLC fitting kernel with boot.json | vi: None | T2: [(524, 'Tunnel', 523, 933, 'bootstrap\nnumber', 1)] | T1: []
VI adjust focus-subvi.json | vi: None | T2: [(595, 'SelectorTunnel', 594, 1526, 'VISA resource name in', 1), (600, 'SelectorTunnel', 599, 1656, 'error in', 1), (1929, 'SelectorTunnel', 1938, 227, '-Inc reference', 2), (1978, 'SelectorTunnel', 1987, 1125, '+Inc reference', 2)] | T1: []
VI autotreat force-ext module v3 k-based.json | vi: None | T2: [(7171, 'SelectorTunnel', 7180, 231, 'min number of blocks', 1), (7192, 'SelectorTunnel', 7197, 113, 'Uncorr zero ref', 1), (7255, 'SelectorTunnel', 7259, 355, 'Index correction factor', 1), (7275, 'SelectorTunnel', 7284, 4331, 'ref bead z (uncorr)', 1)] | T1: []
VI check N bead pos v2-shutter control.json | vi: None | T2: [(1929, 'SelectorTunnel', 1938, 227, '-Inc reference', 2), (1978, 'SelectorTunnel', 1987, 1125, '+Inc reference', 2)] | T1: []
VI check N bead pos v2.json | vi: None | T2: [(1929, 'SelectorTunnel', 1938, 227, '-Inc reference', 2), (1978, 'SelectorTunnel', 1987, 1125, '+Inc reference', 2)] | T1: []
VI check N bead pos v3-kimlab.json | vi: None | T2: [(1929, 'SelectorTunnel', 1938, 227, '-Inc reference', 2), (1978, 'SelectorTunnel', 1987, 1125, '+Inc reference', 2)] | T1: []
VI fit WLC-plot KK.json | vi: None | T2: [(727, 'Tunnel', 731, 786, 'Mag Direction', 1), (738, 'SelectorTunnel', 742, 493, 'Array', 1)] | T1: []
VI generate spectra v2.json | vi: None | T2: [(225, 'Tunnel', 228, 239, '# forces', 1)] | T1: []
VI generate spectra.json | vi: None | T2: [(225, 'Tunnel', 228, 239, '# forces', 1)] | T1: []
VI proc cal image-make bandpass.json | vi: None | T2: [(85, 'Tunnel', 82, 305, '# of points (cross size)', 1)] | T1: []
VI save trace.json | vi: None | T2: [(70, 'SelectorTunnel', 69, 530, 'error in', 1), (80, 'SelectorTunnel', 79, 414, 'selected path', 1), (90, 'SelectorTunnel', 89, 273, 'cal cluster path', 1), (95, 'SelectorTunnel', 94, 260, 'file size', 3)] | T1: []
VI tracking-find avg profile center.json | vi: None | T2: [(286, 'Tunnel', 274, 233, 'half cross', 3)] | T1: []
VI tracking-fit parabola to avg profile.json | vi: None | T2: [(107, 'Tunnel', 106, 325, '# of points for parabola', 3)] | T1: []
VI tracking-prep avgx,y profiles.json | vi: None | T2: [(202, 'Tunnel', 201, 467, '# of endpoints\nfor normalization', 2)] | T1: []
CANDIDATES 34
RESULT {"schema":"result-line/1","status":"PASS","gates":{"pass":1,"fail":0},"first_fail":null,"artefacts":[]}
BGRUN END rc=0 after 1s
