BGRUN START 2026-09-26 15:38:45 limit 2.0 min: py -u tools/bench/diag_c97_gatefacts_off3.py
BGRUN PID 26260
EV 10764 {'uid': 10764, 'class': 'NamedUnbundler', 'pos': [2738, 1186], 'owner': 'Diagram'} Event Data Node
     input cluster in 0 10213 
     Source out 0 10213 
EV 32083 {'uid': 32083, 'class': 'NamedUnbundler', 'pos': [2738, 1200], 'owner': 'Diagram'} Event Data Node
     input cluster in 0 32067 
     Source out 0 32067 
EV 32194 {'uid': 32194, 'class': 'NamedUnbundler', 'pos': [2738, 1253], 'owner': 'Diagram'} Event Data Node
     input cluster in 0 32166 
     Source out 0 32166 
EV 15599 {'uid': 15599, 'class': 'NamedUnbundler', 'pos': [-12137, 1195], 'owner': 'Diagram'} Event Data Node
     input cluster in 0 15593 
     Type out 0 15593 
     Time out 0 15593 
EV 15628 {'uid': 15628, 'class': 'NamedUnbundler', 'pos': [-12137, 1196], 'owner': 'Diagram'} Event Data Node
     input cluster in 0 15622 
     Source out 0 15622 
     Type out 0 15622 
     Time out 0 15622 
     CtlRef out 0 15622 
     Coords out 0 15622 
EV 10153 {'uid': 10153, 'class': 'EventStructure', 'pos': [2730, 1145], 'owner': 'Diagram'} Event Structure
EV 15544 {'uid': 15544, 'class': 'EventStructure', 'pos': [-12145, 1112], 'owner': 'Diagram'} Event Structure
GATE G1 edn rows PASS [2, 2, 2, 3, 6]
GATE G2 11608 rows PASS 4
B11608 48 SubVI ASI_adjust focus-subvi.vi [639] [('Out position', 7388, [(11348, 'SelectorTunnel', 'Out position')]), ('Outgoing Handle', 11232, [(11220, 'SelectorTunnel', 'Outgoing Handle')])]
B11608 51 LeftShiftRegister None [639, 686] [('total data array out', 3497, [(376, 'SubVI', 'total data array in')])]
B11608 123 FlatSequenceInnerTunnel None [536, 3121, 5031] [('', 882, [(123, 'FlatSequenceInnerTunnel', '')]), ('', 3427, [(5987, 'SubVI', 'x,y blank z array'), (8071, 'FlatSequenceInnerTunnel', '')])]
B11608 250 Property Property Node [686] [('IMAQdx Session', 6910, [(665, 'LoopTunnel', 'Value')]), ('error out', 925, [(924, 'LoopTunnel', 'error out')]), ('LastBufferNumber', 1827, [(194, 'Function', 'y'), (5351, 'LeftShiftRegister', 'LastBufferNumber'), (3363, 'LoopTunnel', 'LastBufferNumber')])]
B11608 317 FlatSequenceInnerTunnel None [536, 1817, 3121] [('', 357, [(317, 'FlatSequenceInnerTunnel', '')]), ('', 3873, [(4484, 'FlatSequenceInnerTunnel', '')])]
B11608 376 SubVI save trace.vi [639] [('error out', 541, [(24, 'RightShiftRegister', 'error out')]), ('total data array out', 464, [(15, 'RightShiftRegister', 'total data array out')]), ('file progress', 5274, [(1929, 'LoopTunnel', 'file progress'), (639, 'Diagram', 'file progress')])]
B11608 599 FlatSequenceInnerTunnel None [536, 3121, 5031] [('', 2831, [(599, 'FlatSequenceInnerTunnel', '')]), ('', 7376, [(7346, 'FlatSequenceInnerTunnel', '')])]
B11608 625 FlatSequenceInnerTunnel None [536, 686, 4866] [('Value', 6999, [(625, 'FlatSequenceInnerTunnel', 'Value')]), ('Value', 694, [(250, 'Property', 'IMAQdx Session')])]
B11608 639 Diagram None [639] [('', 3268, [(29240, 'Function', 'x'), (12195, 'FlatSequenceOuterTunnel', ''), (1114, 'SubVI', 'index i'), (10068, 'Function', 'x'), (3045, 'SelectorTunnel', ''), (2136, 'Function', 'x'), (376, 'SubVI', 'frame index'), (2213, 'LoopTunnel', '')]), ('', 3268, [(29240, 'Function', 'x'), (12195, 'FlatSequenceOuterTunnel', ''), (1114, 'SubVI', 'index i'), (10068, 'Function', 'x'), (3045, 'SelectorTunnel', ''), (2136, 'Function', 'x'), (376, 'SubVI', 'frame index'), (2213, 'LoopTunnel', '')]), ('stop (end)', 6929, [(11639, 'CompoundArithmetic', 'value')])]
B11608 665 LoopTunnel None [639, 686] [('Value', 634, [(6810, 'SubVI', 'Session In')])]
B11608 686 Diagram None [686] [('# FD points', 9000, [(8953, 'GrowableFunction', 'dimension size'), (10114, 'LoopTunnel', '# FD points')]), ('Auto-reset zero', 11253, [(11001, 'LeftShiftRegister', 'Value')]), ('# DT points', 29006, [(28124, 'GrowableFunction', 'dimension size'), (29415, 'LoopTunnel', '# DT points')])]
B11608 750 FlatSequenceInnerTunnel None [113, 124, 536] [('', 1111, [(750, 'FlatSequenceInnerTunnel', '')]), ('', 1761, [(1643, 'FlatSequenceInnerTunnel', '')])]
B11608 781 GrowableFunction Initialize Array [686] [('initialized array', 3543, [(51, 'LeftShiftRegister', 'total data array out')])]
B11608 896 FlatSequenceInnerTunnel None [536, 686, 4866] [('', 7517, [(896, 'FlatSequenceInnerTunnel', '')]), ('', 7478, [(8486, 'Function', 'x')])]
B11608 924 LoopTunnel None [639, 686] [('error out', 1961, [(6810, 'SubVI', 'error in')])]
B11608 1108 LeftShiftRegister None [639, 686] [('error out', 4880, [(376, 'SubVI', 'error in')])]
B11608 1114 SubVI WLC function sub.vi [639] [('F-x out', 8319, [(11576, 'Unbundler', 'cluster'), (862, 'RightShiftRegister', 'F-x out')])]
B11608 1142 LeftShiftRegister None [639, 686] [('x,y,z array out', 1681, [(5825, 'SelectorTunnel', 'x,y,z array out')])]
B11608 1155 FlatSequenceInnerTunnel None [124, 536, 5031] [('', 1326, [(1155, 'FlatSequenceInnerTunnel', '')]), ('', 482, [(123, 'FlatSequenceInnerTunnel', '')])]
B11608 1242 FlatSequenceInnerTunnel None [536, 3121, 5031] [('', 1346, [(1242, 'FlatSequenceInnerTunnel', '')]), ('', 3426, [(3299, 'FlatSequenceInnerTunnel', '')])]
B11608 1612 FlatSequenceInnerTunnel None [536, 3121, 5031] [('', 3516, [(1612, 'FlatSequenceInnerTunnel', '')]), ('', 3793, [(3755, 'FlatSequenceInnerTunnel', '')])]
B11608 1620 FlatSequenceInnerTunnel None [113, 124, 536] [('', 1645, [(1620, 'FlatSequenceInnerTunnel', '')]), ('', 3618, [(3595, 'FlatSequenceInnerTunnel', '')])]
B11608 1643 FlatSequenceInnerTunnel None [124, 536, 5031] [('', 1654, [(1643, 'FlatSequenceInnerTunnel', '')]), ('', 1504, [(1242, 'FlatSequenceInnerTunnel', '')])]
B11608 1666 LoopTunnel None [639, 686] [('Value', 1651, [(6810, 'SubVI', 'Image In')])]
B11608 1690 FlatSequenceInnerTunnel None [536, 686, 4866] [('Value', 1706, [(1690, 'FlatSequenceInnerTunnel', 'Value')]), ('Value', 1678, [(1666, 'LoopTunnel', 'Value')])]
B11608 1748 FlatSequenceInnerTunnel None [536, 686, 4866] [('', 7322, [(1748, 'FlatSequenceInnerTunnel', '')]), ('', 21, [(6384, 'SubVI', 'cal cluster path'), (3644, 'LoopTunnel', '')])]
B11608 1753 IndexArray Index Array [2603] [('element', 24127, [(24097, 'Function', 'y')])]
B11608 1766 Function To Long Integer [113] [('32bit integer', 3105, [(750, 'FlatSequenceInnerTunnel', '')])]
B11608 1849 DigitalNumericConstant None [686] [('element', 3865, [(781, 'GrowableFunction', 'element')])]
B11608 1850 DigitalNumericConstant None [686] [('dimension size', 8385, [(7201, 'Function', 'y')])]
B11608 2017 SelectorTunnel None [639, 10417, 10423] [('position [internal u', 9113, [(12673, 'SelectorTunnel', 'position [internal u'), (4256, 'RightShiftRegister', 'position [internal u')])]
B11608 2124 GrowableFunction Initialize Array [1817] [('initialized array', 9397, [(4352, 'FlatSequenceInnerTunnel', '')])]
B11608 2294 LoopTunnel None [639, 686] [('', 1581, [(376, 'SubVI', 'file size')])]
B11608 2396 LoopTunnel None [639, 686] [('', 42, [(5058, 'SubVI', '# of bead 4 packs')])]
B11608 2451 SelectorTunnel None [639, 2235, 2265] [('Z out', 4906, [(9833, 'IndexArray', 'array')])]
B11608 2484 FlatSequenceInnerTunnel None [536, 686, 4866] [('', 7252, [(2484, 'FlatSequenceInnerTunnel', '')]), ('', 2362, [(6384, 'SubVI', 'desired # data point'), (781, 'GrowableFunction', 'dimension size'), (2294, 'LoopTunnel', '')])]
B11608 2580 LoopTunnel None [639, 686] [('', 373, [(5058, 'SubVI', 'cross size')])]
B11608 2603 Diagram None [2603] [('', 31169, [(23731, 'Function', 'x'), (30714, 'IndexArray', 'index')]), ('', 31169, [(23731, 'Function', 'x'), (30714, 'IndexArray', 'index')])]
B11608 2626 BuildArray Build Array [639] [('appended array', 4517, [(376, 'SubVI', 'current frame data a')])]
B11608 2640 DigitalNumericConstant None [1817] [('Index of closest\ncal', 9270, [(2124, 'GrowableFunction', 'element')])]
B11608 2801 DigitalNumericConstant None [4866] [('y', 5340, [(10330, 'Function', 'y')])]
B11608 2853 LeftShiftRegister None [639, 686] [('F-x out', 8322, [(1114, 'SubVI', 'F-x in')])]
B11608 2886 FlatSequenceInnerTunnel None [536, 686, 4866] [('', 7437, [(2886, 'FlatSequenceInnerTunnel', '')]), ('', 2731, [(1142, 'LeftShiftRegister', 'x,y,z array out'), (5752, 'LoopTunnel', '')])]
B11608 2932 FlatSequenceInnerTunnel None [536, 686, 4866] [('', 2942, [(2932, 'FlatSequenceInnerTunnel', '')]), ('', 2641, [(2396, 'LoopTunnel', '')])]
B11608 2972 LeftShiftRegister None [639, 686] [('pos in cal image out', 7429, [(5058, 'SubVI', 'pos in cal image in')])]
B11608 3052 ControlReferenceConstant File # Saved [639] [('File # Saved', 1397, [(376, 'SubVI', 'saved file refnum')])]
B11608 3299 FlatSequenceInnerTunnel None [536, 1817, 3121] [('', 3339, [(3299, 'FlatSequenceInnerTunnel', '')]), ('', 3266, [(4528, 'FlatSequenceInnerTunnel', ''), (1817, 'Diagram', 'File Size')])]
B11608 3363 LoopTunnel None [639, 686] [('LastBufferNumber', 3356, [(5119, 'Function', 'y'), (3340, 'SelectorTunnel', 'LastBufferNumber')])]
B11608 3391 Function Path To String [113] [('string', 3280, [(3775, 'FlatSequenceInnerTunnel', '')])]
B11608 3447 ControlReferenceConstant Focus Step (F1) [639] [('Focus Step (F1)', 1893, [(48, 'SubVI', 'Focus inc reference')])]
B11608 3529 ControlReferenceConstant - Inc (PgDn) [639] [('- Inc (PgDn)', 4833, [(48, 'SubVI', '-Inc reference')])]
B11608 3560 ControlReferenceConstant + Inc (PgUp) [639] [('+ Inc (PgUp)', 2819, [(48, 'SubVI', '+Inc reference')])]
B11608 3595 FlatSequenceInnerTunnel None [124, 536, 5031] [('', 3600, [(3595, 'FlatSequenceInnerTunnel', '')]), ('', 3584, [(1612, 'FlatSequenceInnerTunnel', '')])]
B11608 3644 LoopTunnel None [639, 686] [('', 3629, [(376, 'SubVI', 'cal cluster path')])]
B11608 3656 LoopTunnel None [639, 686] [('', 3646, [(5058, 'SubVI', 'Array of cal cluster')])]
B11608 3671 FlatSequenceInnerTunnel None [536, 3121, 5031] [('', 3678, [(3671, 'FlatSequenceInnerTunnel', '')]), ('', 3666, [(317, 'FlatSequenceInnerTunnel', '')])]
B11608 3675 FlatSequenceInnerTunnel None [536, 686, 4866] [('', 7281, [(3675, 'FlatSequenceInnerTunnel', '')]), ('', 3668, [(3656, 'LoopTunnel', '')])]
B11608 3728 FlatSequenceInnerTunnel None [124, 536, 5031] [('', 3735, [(3728, 'FlatSequenceInnerTunnel', '')]), ('', 3720, [(3671, 'FlatSequenceInnerTunnel', '')])]
B11608 3755 FlatSequenceInnerTunnel None [536, 1817, 3121] [('', 3760, [(3755, 'FlatSequenceInnerTunnel', '')]), ('', 3746, [(4512, 'FlatSequenceInnerTunnel', '')])]
B11608 3775 FlatSequenceInnerTunnel None [113, 124, 536] [('', 3780, [(3775, 'FlatSequenceInnerTunnel', '')]), ('', 3769, [(30005, 'Function', 'string'), (29716, 'Function', 'string'), (3728, 'FlatSequenceInnerTunnel', ''), (124, 'Diagram', 'Cal File Path')])]
B11608 3862 FlatSequenceInnerTunnel None [536, 686, 4866] [('', 3877, [(3862, 'FlatSequenceInnerTunnel', '')]), ('', 3853, [(2580, 'LoopTunnel', '')])]
B11608 3920 LoopTunnel None [639, 686] [('Real-space cosine wi', 3912, [(5058, 'SubVI', 'Real-space cosine wi')])]
B11608 4031 LoopTunnel None [639, 686] [('Cosine bandpass for ', 4027, [(5058, 'SubVI', 'Cosine bandpass\nfor ')])]
B11608 4274 LeftShiftRegister None [639, 686] [('position [internal u', 3947, [(48, 'SubVI', 'In position')])]
B11608 4344 LeftShiftRegister None [639, 686] [('VISA out', 1731, [(48, 'SubVI', 'VISA resource name')])]
B11608 4352 FlatSequenceInnerTunnel None [536, 1817, 4866] [('', 7609, [(4352, 'FlatSequenceInnerTunnel', '')]), ('', 7630, [(6239, 'FlatSequenceInnerTunnel', '')])]
B11608 4386 FlatSequenceInnerTunnel None [536, 1817, 4866] [('', 7507, [(4386, 'FlatSequenceInnerTunnel', '')]), ('', 7525, [(10330, 'Function', 'x'), (896, 'FlatSequenceInnerTunnel', '')])]
B11608 4400 FlatSequenceInnerTunnel None [536, 1817, 4866] [('', 7431, [(4400, 'FlatSequenceInnerTunnel', '')]), ('', 7457, [(2886, 'FlatSequenceInnerTunnel', '')])]
B11608 4432 LoopTunnel None [639, 686] [('', 3512, [(5058, 'SubVI', '4 pack remainder')])]
B11608 4484 FlatSequenceInnerTunnel None [536, 1817, 4866] [('', 7310, [(4484, 'FlatSequenceInnerTunnel', '')]), ('', 7331, [(1748, 'FlatSequenceInnerTunnel', '')])]
B11608 4512 FlatSequenceInnerTunnel None [536, 1817, 4866] [('', 7269, [(4512, 'FlatSequenceInnerTunnel', '')]), ('', 7285, [(3675, 'FlatSequenceInnerTunnel', '')])]
B11608 4528 FlatSequenceInnerTunnel None [536, 1817, 4866] [('', 7246, [(4528, 'FlatSequenceInnerTunnel', '')]), ('', 7257, [(2484, 'FlatSequenceInnerTunnel', '')])]
B11608 4580 Property Rot pos (deg) [639] [('Value', 4878, [(2626, 'BuildArray', 'element')])]
B11608 4629 FlatSequenceInnerTunnel None [536, 1817, 4866] [('', 7150, [(4629, 'FlatSequenceInnerTunnel', '')]), ('', 7164, [(4693, 'FlatSequenceInnerTunnel', '')])]
B11608 4637 FlatSequenceInnerTunnel None [124, 536, 5031] [('', 7763, [(4637, 'FlatSequenceInnerTunnel', '')]), ('', 7769, [(5251, 'FlatSequenceInnerTunnel', '')])]
B11608 4693 FlatSequenceInnerTunnel None [536, 686, 4866] [('', 7157, [(4693, 'FlatSequenceInnerTunnel', '')]), ('', 5104, [(6384, 'SubVI', 'base path/filename'), (5096, 'LoopTunnel', '')])]
B11608 4792 Function Add [2603] [('x+y', 4134, [(24147, 'RightShiftRegister', '')])]
B11608 4865 SubVI make both cosine bandpass.vi [4866] [('Real-space cosine wi', 5694, [(5659, 'FlatSequenceInnerTunnel', 'Real-space cosine wi')]), ('Cosine bandpass for ', 6040, [(5952, 'FlatSequenceInnerTunnel', 'Cosine bandpass for ')])]
B11608 4902 FlatSequenceInnerTunnel None [113, 124, 536] [('', 4918, [(4902, 'FlatSequenceInnerTunnel', '')]), ('', 5407, [(5380, 'FlatSequenceInnerTunnel', '')])]
B11608 4910 ClusterConstant None [686] [('error out', 4969, [(1108, 'LeftShiftRegister', 'error out')])]
B11608 5058 SubVI Track N beads four-fold over-kernel-v3.vi [639] [('Bead is good? array ', 5859, [(5796, 'RightShiftRegister', 'Bead is good? array ')]), ('x,y,z array out', 505, [(2626, 'BuildArray', 'array'), (2765, 'SelectorTunnel', 'x,y,z array out'), (1147, 'RightShiftRegister', 'x,y,z array out')]), ('pos in cal image out', 121, [(10969, 'Function', 'array'), (10757, 'IndexArray', 'array'), (119, 'RightShiftRegister', 'pos in cal image out'), (639, 'Diagram', 'Pos within cal image'), (639, 'Diagram', 'Pos: Diffraction Pat')])]
B11608 5096 LoopTunnel None [639, 686] [('', 5090, [(23175, 'Function', 'path'), (376, 'SubVI', 'selected path')])]
B11608 5119 Function Subtract [639] [('x-y', 16483, [(22703, 'FormatScanString', 'input 1'), (2626, 'BuildArray', 'element')])]
B11608 5167 FlatSequenceInnerTunnel None [536, 1817, 3121] [('', 5268, [(5167, 'FlatSequenceInnerTunnel', '')]), ('', 5508, [(5469, 'FlatSequenceInnerTunnel', '')])]
B11608 5213 FlatSequenceInnerTunnel None [536, 1817, 3121] [('', 5218, [(5213, 'FlatSequenceInnerTunnel', '')]), ('', 4759, [(4629, 'FlatSequenceInnerTunnel', '')])]
B11608 5251 FlatSequenceInnerTunnel None [536, 3121, 5031] [('', 7766, [(5251, 'FlatSequenceInnerTunnel', '')]), ('', 5246, [(5213, 'FlatSequenceInnerTunnel', '')])]
B11608 5287 FlatSequenceInnerTunnel None [536, 686, 4866] [('', 5304, [(5287, 'FlatSequenceInnerTunnel', '')]), ('', 5265, [(4432, 'LoopTunnel', '')])]
B11608 5318 FlatSequenceInnerTunnel None [536, 3121, 5031] [('', 5329, [(5318, 'FlatSequenceInnerTunnel', '')]), ('', 5312, [(5167, 'FlatSequenceInnerTunnel', '')])]
B11608 5351 LeftShiftRegister None [639, 686] [('LastBufferNumber', 5416, [(1445, 'SelectorTunnel', 'LastBufferNumber'), (6810, 'SubVI', 'Buffer to extract')])]
B11608 5380 FlatSequenceInnerTunnel None [124, 536, 5031] [('', 5388, [(5380, 'FlatSequenceInnerTunnel', '')]), ('', 5371, [(5318, 'FlatSequenceInnerTunnel', '')])]
B11608 5469 FlatSequenceInnerTunnel None [536, 1817, 4866] [('', 5492, [(5469, 'FlatSequenceInnerTunnel', '')]), ('', 5585, [(4865, 'SubVI', 'cross length'), (3862, 'FlatSequenceInnerTunnel', '')])]
B11608 5527 GrowableFunction Initialize Array [1817] [('initialized array', 5743, [(5718, 'FlatSequenceInnerTunnel', '')])]
B11608 5569 LoopTunnel None [639, 686] [('', 5979, [(5967, 'SelectorTunnel', '')])]
B11608 5617 BooleanConstant None [1817] [('', 5647, [(5527, 'GrowableFunction', 'element')])]
B11608 5659 FlatSequenceInnerTunnel None [536, 686, 4866] [('Real-space cosine wi', 5670, [(5659, 'FlatSequenceInnerTunnel', 'Real-space cosine wi')]), ('Real-space cosine wi', 5786, [(3920, 'LoopTunnel', 'Real-space cosine wi')])]
B11608 5680 SelectorTunnel None [639, 5582, 5592] [('Bead is good? array ', 5637, [(5058, 'SubVI', 'Bead is good? array ')])]
B11608 5702 SelectorTunnel None [639, 5582, 5592] [('Bead is good? array ', 5710, [(5680, 'SelectorTunnel', 'Bead is good? array ')])]
B11608 5718 FlatSequenceInnerTunnel None [536, 1817, 4866] [('', 5727, [(5718, 'FlatSequenceInnerTunnel', '')]), ('', 5845, [(5818, 'FlatSequenceInnerTunnel', '')])]
B11608 5725 SelectorTunnel None [639, 5582, 5592] [('', 6030, [(6016, 'SelectorTunnel', 'x,y,z array out')])]
B11608 5752 LoopTunnel None [639, 686] [('', 5746, [(5725, 'SelectorTunnel', '')])]
B11608 5805 LeftShiftRegister None [639, 686] [('Bead is good? array ', 6041, [(5702, 'SelectorTunnel', 'Bead is good? array ')])]
B11608 5818 FlatSequenceInnerTunnel None [536, 686, 4866] [('', 5827, [(5818, 'FlatSequenceInnerTunnel', '')]), ('', 5812, [(5805, 'LeftShiftRegister', 'Bead is good? array '), (5569, 'LoopTunnel', '')])]
B11608 5825 SelectorTunnel None [639, 5582, 5592] [('x,y,z array out', 6071, [(6016, 'SelectorTunnel', 'x,y,z array out')])]
B11608 5952 FlatSequenceInnerTunnel None [536, 686, 4866] [('Cosine bandpass for ', 5985, [(5952, 'FlatSequenceInnerTunnel', 'Cosine bandpass for ')]), ('Cosine bandpass for ', 4029, [(4031, 'LoopTunnel', 'Cosine bandpass for ')])]
B11608 5967 SelectorTunnel None [639, 5582, 5592] [('', 6011, [(5680, 'SelectorTunnel', 'Bead is good? array ')])]
B11608 6016 SelectorTunnel None [639, 5582, 5592] [('x,y,z array out', 5975, [(5058, 'SubVI', 'x,y,z array')])]
B11608 6239 FlatSequenceInnerTunnel None [536, 686, 4866] [('', 7617, [(6239, 'FlatSequenceInnerTunnel', '')]), ('', 8590, [(2972, 'LeftShiftRegister', 'pos in cal image out')])]
B11608 6810 SubVI get buff image-lost frames.vi [639] [('Session Out', 4441, [(4442, 'LoopTunnel', 'Session Out')]), ('Image Out', 3040, [(5058, 'SubVI', 'Image In')]), ('Missed frames?', 3689, [(270, 'Tunnel', ''), (639, 'Diagram', 'Missing Frames?')])]
B11608 7201 Function Multiply [686] [('x*y', 8424, [(781, 'GrowableFunction', 'dimension size')])]
B11608 7346 FlatSequenceInnerTunnel None [536, 1817, 3121] [('', 7354, [(7346, 'FlatSequenceInnerTunnel', '')]), ('', 7321, [(5527, 'GrowableFunction', 'dimension size'), (2124, 'GrowableFunction', 'dimension size'), (4386, 'FlatSequenceInnerTunnel', '')])]
B11608 7911 Diagram None [7911] [('Exp Baseline', 7931, [(8764, 'Function', 'y')])]
B11608 8071 FlatSequenceInnerTunnel None [536, 1817, 3121] [('', 8085, [(8071, 'FlatSequenceInnerTunnel', '')]), ('', 3207, [(4400, 'FlatSequenceInnerTunnel', '')])]
B11608 8486 Function Increment [686] [('x+1', 8518, [(7201, 'Function', 'x')])]
B11608 8566 BuildArray Build Array [7911] [('appended array', 10043, [(8634, 'GrowableFunction', 'new element/subarray')])]
B11608 8634 GrowableFunction Replace Array Subset [7911] [('output array', 8811, [(8741, 'IndexArray', 'array'), (9227, 'LoopTunnel', '')])]
B11608 8741 IndexArray Index Array [7911] [('subarray', 33062, [(8764, 'Function', 'x')]), ('subarray', 28443, [(28233, 'PolymorphicSubVI', 'X')])]
B11608 8764 Function Subtract [7911] [('x-y', 15847, [(29009, 'SubVI', 'X')])]
B11608 8775 DigitalNumericConstant None [7911] [('index (row)', 8804, [(8741, 'IndexArray', 'index (row)')])]
B11608 8795 DigitalNumericConstant None [7911] [('index (row)', 8808, [(8741, 'IndexArray', 'index (row)')])]
B11608 8885 Function Multiply [639] [('x*y', 28847, [(30135, 'LoopTunnel', ''), (10004, 'LoopTunnel', '')])]
B11608 9025 LeftShiftRegister None [639, 686] [('', 9097, [(9087, 'LoopTunnel', '')])]
B11608 9050 DigitalNumericConstant None [639] [('index (row)', 9164, [(8885, 'Function', 'y')])]
B11608 9087 LoopTunnel None [639, 7911] [('', 9076, [(8634, 'GrowableFunction', 'array')])]
B11608 9118 LoopTunnel None [639, 2603] [('Value', 9597, [(25078, 'IndexArray', 'array'), (1753, 'IndexArray', 'array')])]
B11608 9179 Function Decrement [686] [('x-1', 9166, [(28124, 'GrowableFunction', 'dimension size'), (8953, 'GrowableFunction', 'dimension size')])]
B11608 9342 Function Array Size [686] [('size(s)', 9211, [(9179, 'Function', 'x')])]
B11608 9833 IndexArray Index Array [639] [('subarray', 9012, [(8885, 'Function', 'x')])]
B11608 9879 Property # of Auto-Reset [639] [('Value', 10079, [(10019, 'Comparison', 'x')])]
B11608 9906 DigitalNumericConstant None [639] [('index (row)', 9924, [(9833, 'IndexArray', 'index (row)')])]
B11608 10004 LoopTunnel None [639, 7911] [('', 9993, [(8566, 'BuildArray', 'element')])]
B11608 10019 Comparison Equal? [639] [('x = y?', 10249, [(11639, 'CompoundArithmetic', 'value')])]
B11608 10068 Function Quotient & Remainder [639] [('x-y*floor(x/y)', 10187, [(10177, 'LoopTunnel', '')])]
B11608 10177 LoopTunnel None [639, 7911] [('', 10166, [(8634, 'GrowableFunction', 'index (col)')])]
B11608 10330 Function Quotient & Remainder [4866] [('floor(x/y)', 3386, [(2932, 'FlatSequenceInnerTunnel', '')]), ('x-y*floor(x/y)', 5337, [(5287, 'FlatSequenceInnerTunnel', '')])]
B11608 10969 Function Array Max & Min [639] [('min value', 17287, [(639, 'Diagram', 'min value')])]
B11608 11220 SelectorTunnel None [639, 10417, 10423] [('Outgoing Handle', 11303, [(11263, 'SelectorTunnel', 'VISA out')]), ('Outgoing Handle', 11209, [(26539, 'SubVI', 'VISA in')])]
B11608 11261 BuildArray Build Array [639] [('appended array', 10908, [(639, 'Diagram', 'Force (pN) vs Extens')])]
B11608 11289 Comparison Less? [12617] [('x < y?', 11659, [(11577, 'Function', 'x')])]
B11608 11310 Bundler Bundle [7911] [('output cluster', 11374, [(11363, 'LoopTunnel', '')])]
B11608 11348 SelectorTunnel None [639, 10417, 10423] [('Out position', 5773, [(2017, 'SelectorTunnel', 'position [internal u'), (10417, 'Diagram', 'Focus Pos (Track)')])]
B11608 11363 LoopTunnel None [639, 7911] [('', 11352, [(11261, 'BuildArray', 'array')])]
B11608 11433 DigitalNumericConstant None [12617] [('y', 11452, [(11289, 'Comparison', 'y')])]
B11608 11576 Unbundler Unbundle [639] [('element', 11931, [(11608, 'Bundler', 'element')]), ('element', 11957, [(11608, 'Bundler', 'element')])]
B11608 11577 Function Or [12617] [('x .or. y?', 11971, [(12081, 'SelectorTunnel', '')])]
B11608 11608 Bundler Bundle [639] [('output cluster', 12256, [(11261, 'BuildArray', 'element')])]
B11608 11639 CompoundArithmetic Compound Arithmetic [639] [('result', 3457, [(639, 'Diagram', ''), (639, 'Diagram', ''), (639, 'Diagram', 'TurnOff')])]
B11608 11685 Function Multiply [639] [('x*y', 17413, [(17046, 'Function', 'x')])]
B11608 11721 Comparison Greater? [12617] [('x > y?', 11776, [(11577, 'Function', 'y')])]
B11608 11858 DigitalNumericConstant None [12617] [('y', 11877, [(11721, 'Comparison', 'y')])]
B11608 12081 SelectorTunnel None [639, 12599, 12617] [('', 12070, [(11639, 'CompoundArithmetic', 'value')])]
B11608 12176 BooleanConstant None [12599] [('', 13680, [(12081, 'SelectorTunnel', '')])]
B11608 12673 SelectorTunnel None [639, 12599, 12617] [('position [internal u', 12680, [(11721, 'Comparison', 'x'), (11289, 'Comparison', 'x')])]
B11608 16565 Diagram None [16565] [('Lc', 16585, [(16579, 'FlatSequenceOuterTunnel', 'Lc')]), ('+ -> Lc', 12383, [(11548, 'Function', 'y')]), ('x -> Lc', 11178, [(10439, 'Function', 'y')])]
B11608 16579 FlatSequenceOuterTunnel None [639, 16565] [('Lc', 8165, [(1114, 'SubVI', 'Lc')])]
B11608 17046 Function Divide [639] [('x/y', 17447, [(639, 'Diagram', 'Estimated end time (')])]
B11608 17286 DigitalNumericConstant None [639] [('y', 17306, [(17046, 'Function', 'y')])]
B11608 18509 EnumConstant None [10423] [('Axis', 18735, [(26539, 'SubVI', 'Axis'), (19093, 'SubVI', 'Axis')])]
B11608 19093 SubVI Get Current Position.vi [10423] [('position [internal u', 13848, [(11574, 'Local', 'Focus Pos (Track)'), (2017, 'SelectorTunnel', 'position [internal u')]), ('VISA out', 29193, [(11263, 'SelectorTunnel', 'VISA out')])]
B11608 20333 DigitalNumericConstant None [686] [('System no.', 16421, [(15204, 'LeftShiftRegister', 'System no.'), (686, 'Diagram', 'SubCycle')])]
B11608 22542 Property Mag Position [639] [('Value', 29233, [(8917, 'LoopTunnel', 'Value'), (28393, 'Function', 'array'), (29119, 'Function', 'array'), (30086, 'LeftShiftRegister', 'Value'), (31502, 'LoopTunnel', 'Value'), (639, 'Diagram', 'Value 3')])]
B11608 22560 Property CycleSchedule [639] [('Value', 9139, [(9118, 'LoopTunnel', 'Value'), (25289, 'LeftShiftRegister', 'Value'), (580, 'RightShiftRegister', 'Value')])]
B11608 23731 Function Increment [2603] [('x+1', 24549, [(25078, 'IndexArray', 'index (col)'), (30604, 'IndexArray', 'index'), (1753, 'IndexArray', 'index (col)')])]
B11608 23877 FlatSequenceInnerTunnel None [536, 1817, 4866] [('Value', 23900, [(23877, 'FlatSequenceInnerTunnel', 'Value')]), ('Value', 23865, [(625, 'FlatSequenceInnerTunnel', 'Value')])]
B11608 23967 FlatSequenceInnerTunnel None [536, 1817, 3121] [('Value', 23976, [(23967, 'FlatSequenceInnerTunnel', 'Value')]), ('Value', 23960, [(23877, 'FlatSequenceInnerTunnel', 'Value')])]
B11608 24003 Function Absolute Value [2603] [('abs(x)', 31991, [(24097, 'Function', 'x')])]
B11608 24029 Function Subtract [2603] [('x-y', 31852, [(24003, 'Function', 'x')])]
B11608 24097 Function Divide [2603] [('x/y', 4834, [(26318, 'Function', 'x')])]
B11608 24147 RightShiftRegister None [639, 2603] [('', 5142, [(11685, 'Function', 'y')])]
B11608 24297 LeftShiftRegister None [639, 2603] [('', 24901, [(4792, 'Function', 'x')])]
B11608 24327 DigitalNumericConstant None [639] [('', 32388, [(24297, 'LeftShiftRegister', '')])]
B11608 24936 FlatSequenceInnerTunnel None [536, 1817, 4866] [('Value', 24955, [(24936, 'FlatSequenceInnerTunnel', 'Value')]), ('Value', 25026, [(656, 'FlatSequenceInnerTunnel', 'Value'), (1690, 'FlatSequenceInnerTunnel', 'Value')])]
B11608 24990 FlatSequenceInnerTunnel None [536, 1817, 3121] [('Value', 24997, [(24990, 'FlatSequenceInnerTunnel', 'Value')]), ('Value', 24982, [(24936, 'FlatSequenceInnerTunnel', 'Value')])]
B11608 25078 IndexArray Index Array [2603] [('element', 26766, [(26318, 'Function', 'y')])]
B11608 25418 DigitalNumericConstant None [2603] [('index (row)', 25462, [(25078, 'IndexArray', 'index (row)')])]
B11608 25455 InRangeAndCoerce In Range and Coerce [10423] [('coerced(x)', 26993, [(26539, 'SubVI', 'Relative Position [i')])]
B11608 26318 Function Add [2603] [('x+y', 23567, [(4792, 'Function', 'y')])]
B11608 26539 SubVI Move Axis Relative.vi [10423] [('VISA out', 11283, [(19093, 'SubVI', 'VISA in')])]
B11608 27716 Function Split 1D Array [7911] [('second subarray', 9407, [(11310, 'Bundler', 'element')])]
B11608 28083 SubVI Magnet2Force v3_for M270.vi [7911] [('Force', 28732, [(8566, 'BuildArray', 'element')])]
B11608 28124 GrowableFunction Initialize Array [686] [('initialized array', 29122, [(29512, 'LeftShiftRegister', '')])]
B11608 28180 SubVI Smoothing Filter Coefficients.vi [7911] [('forward coefficients', 28139, [(28233, 'PolymorphicSubVI', 'FIR Coefficients')])]
B11608 28221 DigitalNumericConstant None [686] [('element', 28301, [(28124, 'GrowableFunction', 'element')])]
B11608 28233 PolymorphicSubVI FIR Filter.vi [7911] [('Filtered X', 28509, [(27716, 'Function', 'array')])]
B11608 28393 Function Array Size [639] [('size(s)', 29368, [(30233, 'Function', 'x'), (31509, 'Function', 'x'), (25032, 'SelectorTunnel', '')])]
B11608 28440 DigitalNumericConstant None [686] [('dimension size', 28516, [(28124, 'GrowableFunction', 'dimension size')])]
B11608 29005 Bundler Bundle [29894] [('output cluster', 29183, [(29172, 'LoopTunnel', '')])]
B11608 29009 SubVI Median Filter.vi [7911] [('Filtered X', 24106, [(11310, 'Bundler', 'Filtered X')])]
B11608 29119 Function Array Size [639] [('size(s)', 29153, [(31299, 'LoopTunnel', '')])]
B11608 29157 GrowableFunction Insert Into Array [29629] [('output array', 31077, [(30079, 'RightShiftRegister', 'Value')])]
B11608 29172 LoopTunnel None [639, 29894] [('', 32890, [(639, 'Diagram', 'Extension (nm) vs Ti')])]
B11608 29240 Function Quotient & Remainder [639] [('x-y*floor(x/y)', 29787, [(29777, 'LoopTunnel', '')])]
B11608 29415 LoopTunnel None [639, 686] [('# DT points', 29404, [(29240, 'Function', 'y'), (50806, 'FlatSequenceOuterTunnel', '# DT points')])]
B11608 29512 LeftShiftRegister None [639, 686] [('', 28039, [(29911, 'LoopTunnel', '')])]
B11608 29551 Function String To Path [124] [('path', 5303, [(4637, 'FlatSequenceInnerTunnel', ''), (124, 'Diagram', 'Track File Path')])]
B11608 29625 GrowableFunction Replace Array Subset [29894] [('output array', 30546, [(30331, 'IndexArray', 'array'), (29616, 'LoopTunnel', '')])]
B11608 29629 Diagram None [29629] [('', 31193, [(31174, 'Function', 'y')]), ('', 31193, [(31174, 'Function', 'y')])]
B11608 29777 LoopTunnel None [639, 29894] [('', 29766, [(29973, 'BuildArray', 'element'), (29625, 'GrowableFunction', 'index (col)')])]
B11608 29911 LoopTunnel None [639, 29894] [('', 29853, [(29625, 'GrowableFunction', 'array')])]
B11608 29965 DigitalNumericConstant None [2603] [('index', 30052, [(1753, 'IndexArray', 'index (row)')])]
B11608 29973 BuildArray Build Array [29894] [('appended array', 30241, [(29625, 'GrowableFunction', 'new element/subarray')])]
B11608 30079 RightShiftRegister None [639, 29629] [('Value', 31717, [(28416, 'SelectorTunnel', 'Value'), (639, 'Diagram', 'Value 2')])]
B11608 30086 LeftShiftRegister None [639, 29629] [('Value', 31013, [(29157, 'GrowableFunction', 'array')])]
B11608 30117 Property Trans Pos (mm) [639] [('Value', 30592, [(2626, 'BuildArray', 'element'), (20497, 'SelectorTunnel', 'Value'), (9503, 'LoopTunnel', 'Value')])]
B11608 30135 LoopTunnel None [639, 29894] [('', 30636, [(29973, 'BuildArray', 'element')])]
B11608 30306 SubVI Median Filter.vi [29894] [('Filtered X', 25157, [(29005, 'Bundler', 'Filtered X')])]
B11608 30331 IndexArray Index Array [29894] [('subarray', 29167, [(29005, 'Bundler', 'element')]), ('subarray', 20097, [(30306, 'SubVI', 'X')])]
B11608 30371 DigitalNumericConstant None [29894] [('index (row)', 30452, [(30331, 'IndexArray', 'index (row)')])]
B11608 30604 IndexArray Index Array [2603] [('element', 24057, [(24029, 'Function', 'x')])]
B11608 30714 IndexArray Index Array [2603] [('element', 4293, [(24029, 'Function', 'y')])]
B11608 30896 LoopTunnel None [639, 29894] [('Extension\nmedian fil', 30885, [(30306, 'SubVI', 'right rank'), (30306, 'SubVI', 'left rank')])]
B11608 30955 Bundler Concatenate Strings [124] [('concatenated string', 42968, [(29551, 'Function', 'string')])]
B11608 31051 LoopTunnel None [639, 7911] [('Force\nsmoothing\nhalf', 31064, [(27716, 'Function', 'index'), (28180, 'SubVI', 'half-width')])]
B11608 31137 LoopTunnel None [639, 7911] [('Extension\nmedian fil', 31128, [(29009, 'SubVI', 'right rank'), (29009, 'SubVI', 'left rank')])]
B11608 31174 Function Multiply [29629] [('x*y', 31440, [(21554, 'GrowableFunction', 'index (col)'), (29157, 'GrowableFunction', 'index')])]
B11608 31299 LoopTunnel None [639, 29629] [('', 31389, [(31174, 'Function', 'x')])]
B11608 31502 LoopTunnel None [639, 29629] [('Value', 31609, [(29157, 'GrowableFunction', 'new element/subarray')])]
B11608 31509 Function Multiply [639] [('x*y', 31687, [(22284, 'Comparison', 'x'), (639, 'Diagram', 'Total cycle #')])]
B11608 33478 DigitalNumericConstant None [29894] [('index (row)', 33496, [(30331, 'IndexArray', 'index (row)')])]
B11608 35869 Property IMAQimage [3121] [('Value', 25018, [(5987, 'SubVI', 'IMAQ Session'), (24990, 'FlatSequenceInnerTunnel', 'Value')])]
B11608 35917 Property CamSessionOut [3121] [('Value', 24006, [(5987, 'SubVI', 'CamSession'), (23967, 'FlatSequenceInnerTunnel', 'Value')])]
B11608 58686 FlatSequenceInnerTunnel None [113, 536, 81548] [('', 58695, [(58686, 'FlatSequenceInnerTunnel', '')]), ('', 1686, [(1620, 'FlatSequenceInnerTunnel', '')])]
B11608 58920 FlatSequenceInnerTunnel None [113, 536, 81548] [('', 58929, [(58920, 'FlatSequenceInnerTunnel', '')]), ('', 5012, [(4902, 'FlatSequenceInnerTunnel', '')])]
10068 terms [('floor(x/y)', True, 0, []), ('x-y*floor(x/y)', True, 10187, [(10177, 'LoopTunnel', '', None, 639)]), ('y', False, 10103, [(10114, 'LoopTunnel', '# FD points', None, 639)]), ('x', False, 3268, [(639, 'Diagram', '', None, 639), (639, 'Diagram', '', None, 639)])]
29240 terms [('floor(x/y)', True, 0, []), ('x-y*floor(x/y)', True, 29787, [(29777, 'LoopTunnel', '', None, 639)]), ('y', False, 29404, [(29415, 'LoopTunnel', '# DT points', None, 639)]), ('x', False, 3268, [(639, 'Diagram', '', None, 639), (639, 'Diagram', '', None, 639)])]
RESULT {"schema":"result-line/1","status":"PASS","gates":{"pass":2,"fail":0},"first_fail":null,"artefacts":[]}
BGRUN END rc=0 after 1s
