BGRUN START 2026-10-02 07:41:39 limit 2.0 min: py -u tools/bench/diag_c132_5_frames.py
BGRUN PID 4192
  FACT  PROV keys ['act_wires', 'dedupe', 'diagrams', 'flip_reg', 'fs_alias', 'fs_border_entries', 'fs_frame_inferred', 'fs_frames', 'fs_pairs', 'fs_tunnels', 'graph_summary', 'loops', 'md5', 'neg', 'objs', 'owners', 'removed_nodes', 'sym', 'terminals', 'unflip', 'vi']
  FACT  PROV.terminals[0] = {"term_uid": 6121, "term_name": "error out", "is_source": true, "wire_uid": 86546, "owner_uid": 10673, "owner_class": "FlatSequenceInnerTunnel", "frame_diagram": 536, "term_class": "Terminal"}
  FACT  PROV.objs[0] = {"uid": 536, "class": "TopLevelDiagram", "pos": [-17836, 198], "owner": ""}
  FACT  PROV.loops[0] = {"class": "WhileLoop", "index": 0, "loop_uid": 23041, "left_of": {"24083": [24133], "24150": [24187]}, "right_uids": [24083, 24150]}
  FACT  PROV.fs_pairs[0] = {"uid": 6115, "class": "FlatSequenceInnerTunnel", "face_a": "LeftTerm", "term_a": 86540, "wire_a": 40035, "face_b": "RightTerm", "term_b": 6117, "wire_b": 6124, "uid_back": 6115, "err": "", "err_a": "", "err_b": "", "errs": ""}
  FACT  BEFORE keys ['fs_tunnel_pairs', 'loops', 'md5', 'objs', 'owners', 'source', 'terminals', 'vi']
  FACT  BEFORE.terminals[0] = {"term_uid": 6121, "term_name": "error out", "is_source": true, "wire_uid": 86546, "owner_uid": 10673, "owner_class": "FlatSequenceInnerTunnel", "frame_diagram": 536, "term_class": "Terminal"}
  FACT  BEFORE.objs[0] = {"uid": 536, "class": "TopLevelDiagram", "pos": [-17836, 198], "owner": ""}
  FACT  BEFORE.loops[0] = {"class": "WhileLoop", "index": 0, "loop_uid": 23041, "left_of": {"24083": [24133], "24150": [24187]}, "right_uids": [24083, 24150]}
  FACT  BEFORE.fs_tunnel_pairs[0] = {"uid": 6115, "class": "FlatSequenceInnerTunnel", "face_a": "LeftTerm", "term_a": 86540, "wire_a": 40035, "face_b": "RightTerm", "term_b": 6117, "wire_b": 6124, "uid_back": 6115, "err": "", "err_a": "", "err_b": "", "errs": ""}
  FACT  REAL keys ['fs_tunnel_pairs', 'loops', 'md5', 'objs', 'owners', 'source', 'terminals', 'vi']
  FACT  REAL.terminals[0] = {"term_uid": 6121, "term_name": "error out", "is_source": true, "wire_uid": 86546, "owner_uid": 10673, "owner_class": "FlatSequenceInnerTunnel", "frame_diagram": 536, "term_class": "Terminal"}
  FACT  REAL.objs[0] = {"uid": 536, "class": "TopLevelDiagram", "pos": [-17836, 198], "owner": ""}
  FACT  REAL.loops[0] = {"class": "WhileLoop", "index": 0, "loop_uid": 23041, "left_of": {"24083": [24133], "24150": [24187]}, "right_uids": [24083, 24150]}
  FACT  REAL.fs_tunnel_pairs[0] = {"uid": 6115, "class": "FlatSequenceInnerTunnel", "face_a": "LeftTerm", "term_a": 86540, "wire_a": 40035, "face_b": "RightTerm", "term_b": 6117, "wire_b": 6124, "uid_back": 6115, "err": "", "err_a": "", "err_b": "", "errs": ""}
  FACT  PROV ref .sym.new:FS1.f0: {"new:FS1": -1, "new:FS1.f0": -2, "new:FS1.f1": -3, "new:FS1.f2": -4, "new:IA1": -5, "new:CP1": -9, "new:LRN3": -18, "new:RAN3": -20, "new:LWN3": -25, "new:UB1": -27, "new:SEL1": -32, "new:KM3": -37}
  FACT  PROV ref .sym.new:FS1.f1: {"new:FS1": -1, "new:FS1.f0": -2, "new:FS1.f1": -3, "new:FS1.f2": -4, "new:IA1": -5, "new:CP1": -9, "new:LRN3": -18, "new:RAN3": -20, "new:LWN3": -25, "new:UB1": -27, "new:SEL1": -32, "new:KM3": -37}
  FACT  PROV ref .sym.new:FS1.f2: {"new:FS1": -1, "new:FS1.f0": -2, "new:FS1.f1": -3, "new:FS1.f2": -4, "new:IA1": -5, "new:CP1": -9, "new:LRN3": -18, "new:RAN3": -20, "new:LWN3": -25, "new:UB1": -27, "new:SEL1": -32, "new:KM3": -37}
  FACT  PROV ref .fs_frames.-1[]: [-2, -3, -4]
  FACT  PROV ref .fs_tunnels.-42.frames[]: [-3, -4]
  FACT  PROV terminal rows per frame: {-2: 0, -3: 16, -4: 18}
  FACT  REAL new diagram obj {"uid": 27641, "class": "Diagram", "pos": [0, 0], "owner": "FlatSequenceFrame"}
  FACT  REAL new diagram obj {"uid": 32464, "class": "Diagram", "pos": [7153, 2535], "owner": "FlatSequenceFrame"}
  FACT  REAL new diagram obj {"uid": 27722, "class": "Diagram", "pos": [7162, 2555], "owner": "FlatSequenceFrame"}
PASS  F1 three new real Diagram objects  [27641, 32464, 27722]
RESULT {"schema":"result-line/1","status":"PASS","gates":{"pass":1,"fail":0},"first_fail":null,"artefacts":[]}
BGRUN END rc=0 after 1s
