BGRUN START 2026-09-20 23:16:27 limit 25.0 min: py -u tools\bench\diag_s57_ctmove_wire.py
=== diag_s57_ctmove_wire  2026-09-20 23:16:28   (cycle 57 dispatch 3; DIAGNOSTIC, never a recipe; PHASES 1..7 on ONE scratch; NO VI IS RUN, 34(f); no new op, no new device, no GUI action; CHOOSES NOTHING)
  FACT  tools/recipes/stage_d1_s3a_focus_ind.py: exists=False mtime=None - REPORTED, NOT TOUCHED (the brief forbids writing or launching it this cycle)
  FACT  LabVIEW handles BEFORE (cycle 56 left the instance UP at ~63,517; fresh baseline ~31,500): 34159
  FACT  T1 ORIGINAL (read-only probe, 34(k)): HASH G:\Codes\LabVIEW_Codes\MinLab\zz_LabView VI\AAA_UNIST\2. Tracking\Min_Track N beads V6_ParallelLoop.vi | exists=1 | size=473317 | md5=2a78e17c449cacdaf5da389818526859 | sha256=f827a67e91cc2a51284cdce0ada5d34ecf89cf865bca5f0bdfa870f0020df4bb
  PASS  T1 the ORIGINAL's md5 equals the pin  2a78e17c449cacdaf5da389818526859
  FACT  T1b D1_s1_copy.vi: HASH C:\Program Files\National Instruments\LabVIEW 2026\user.lib\claudeDev\D1_s1_copy.vi | exists=1 | size=474202 | md5=3e3d23cefd3a334001aa9d6156bf1aee | sha256=1ab3360021cb04f03e8fe4a503d1972aefa26a34ed5b8fd9393ec6899330e0f7
  PASS  T1b D1_s1_copy.vi md5 == 3e3d23cefd3a334001aa9d6156bf1aee  3e3d23cefd3a334001aa9d6156bf1aee
  FACT  T2 the S2 artefact: HASH C:\Program Files\National Instruments\LabVIEW 2026\user.lib\claudeDev\D1_s2_loops.vi | exists=1 | size=475707 | md5=6ff19497f2309e007a214660bb64b911 | sha256=d52e754e29a85e9cc3ddeb039f6c5e325c9094c5e1f8c944059d4a5f7b33c3f5
  PASS  T2 D1_s2_loops.vi md5 == 6ff19497f2309e007a214660bb64b911  6ff19497f2309e007a214660bb64b911
  FACT  T2b RESTART (pre-batch, 44(e)/46(j); cycle 56 left pid 8856 UP at ~63,517 handles): lv_restart rc=0 ['dialogs: ,1346,762| / ENABLED|38143850|0,0,0,0|LabVIEW / VERDICT: clear (no modal dialog)']
  FACT  LabVIEW handles AFTER the restart: 30681
  FACT  T3 the scratch at creation (copied from D1_s2_loops.vi): HASH C:\Program Files\National Instruments\LabVIEW 2026\user.lib\claudeDev\DIAG_s57_ctmove_20260920_231628.vi | exists=1 | size=475707 | md5=6ff19497f2309e007a214660bb64b911 | sha256=d52e754e29a85e9cc3ddeb039f6c5e325c9094c5e1f8c944059d4a5f7b33c3f5
  PASS  T3 the scratch is byte-identical to D1_s2_loops.vi at creation  6ff19497f2309e007a214660bb64b911 (expected 6ff19497f2309e007a214660bb64b911)
  FACT  S57: ORIGINAL resident READ-ONLY (LabVIEW 26.3.1f1), its own ExecState 1; nothing opened, nothing saved

=================== PHASE 1  (resolve LIVE indices; assume none of them, 34(h))
  FACT  class census [before everything] {'Diagram': 173, 'WhileLoop': 6, 'SubVI': 97, 'Invoke': 1, 'IndexArray': 47, 'LoopTunnel': 135, 'Wire': 1905, 'ControlTerminal': 114, 'Function': 183}
  FACT  ExecState [PHASE 1 BEFORE] = 1
  FACT  P1 diag_index(#639) = 46 ; error VERBATIM ''
  FACT  P1 diag_index(#536) = 0 ; error VERBATIM ''
  FACT  P1 diag_index(#686) = 19 ; error VERBATIM ''
  PASS  P1a diag_index(#639) resolves to an int  46 (historical values 43 / 46 are NOT reused)
  PASS  P1b diag_index(#536) resolves to 0  0
  OBSERVED uid 639 -> owner 'WhileLoop' uid 637 | self 'Diagram'#639 | 482 says 'WhileLoop' cast 'WhileLoop' |  
  FACT  P1c owner of Diagram #639: owner_of(#639) = ('WhileLoop', 637) [strict=True] error VERBATIM ''
  PASS  P1c owner_of(#639) answers ('WhileLoop', 637)  ('WhileLoop', 637)
  OBSERVED uid 10686 -> owner 'Diagram' uid 639 | self 'Function'#10686 | 482 says 'Diagram' cast 'Diagram' |  
  FACT  P1d owner of Function #10686: owner_of(#10686) = ('Diagram', 639) [strict=True] error VERBATIM ''
  PASS  P1d owner_of(#10686) answers ('Diagram', 639)  ('Diagram', 639)
  FACT  P1e #10686 sits at LIVE Traverse index 102 of class `Function` (183 members); the historical value 102 is NOT reused. error VERBATIM ''
  PASS  P1e #10686 is found in the live Traverse(`Function`) uid list  102

=================== PHASE 2  (create ONE indicator by the 46(a) route)
  FACT  P2 BEFORE: panel_wiring rows 114, fp_labels 114, ControlTerminal census 114
  FACT  P2b node_info(max_n=40) BEFORE: 0 entries -> [] ; error VERBATIM ''
  FACT  P2a build_index_array(top-level head, (6200, 5200)) -> new [{'i': 0, 'class': 'IndexArray', 'uid': 23486, 'pos': (6200, 5200), 'owner': 'TopLevelDiagram'}] ; error VERBATIM ''
  OBSERVED uid 23486 -> owner 'TopLevelDiagram' uid 536 | self 'IndexArray'#23486 | 482 says 'TopLevelDiagram' cast 'TopLevelDiagram' |  
  FACT  P2a the new IndexArray's owner: owner_of(#23486) = ('TopLevelDiagram', 536) [strict=True] error VERBATIM ''
  PASS  P2a build_index_array put 1 new IndexArray on the target and owner_of reads ('TopLevelDiagram', 536)  new [{'i': 0, 'class': 'IndexArray', 'uid': 23486, 'pos': (6200, 5200), 'owner': 'TopLevelDiagram'}], owner ('TopLevelDiagram', 536)
  FACT  P2b node_info(max_n=40) AFTER (create_indicator's OWN ladder): 1 entries -> [(0, 'Index Array', 'Index Array')] ; error VERBATIM ''
  PASS  P2b node_info goes 0 entries -> 1 entry  0 -> 1
  FACT  P2c create_indicator(Nodes[0].Terminals[2]) -> new [{'i': 114, 'class': 'ControlTerminal', 'uid': 23541, 'pos': (6224, 5203), 'owner': 'TopLevelDiagram'}] ; error VERBATIM ''
  PASS  P2c create_indicator returned a ControlTerminal and the census went 114 -> 115  new uid 23541, census 114 -> 115
  FACT  P2d delete_object(IndexArray[0]) -> gone [23486] ; error VERBATIM ''
  PASS  P2d delete_object removed exactly 1 object  [23486] (error '')
  FACT  ExecState [P2e after delete_object] = 1
  PASS  P2e ExecState after the delete == 1  1

=================== PHASE 3  (READ the new indicator's label off the machine - nothing is retyped)
  FACT  P3a panel_wiring rows 114 -> 115 ; the NEW row(s) [{'label': 'index', 'indicator': True, 'uid': 23525, 'is_source': False, 'wire': 0, 'term_err': 0, 'wire_err': 1055}]
  FACT  P3a2 fp_labels 114 -> 115 ; the NEW entr(y/ies) [(114, 'index', True)]
  FACT  P3 THE LABEL, VERBATIM: 'index'  (utf-8 hex '696e646578', source: panel_wiring diff (the machine's own Control.Label text))
  FACT  P3 contains a NEWLINE: False  (docs/d1-build-plan.md:1232-1233 - a newline in the label still fails from `Wire Inputs.vi` even at a nested diagram index)
  FACT  P3 is a DUPLICATE of an existing panel label: False
  PASS  P3a exactly ONE new front-panel row appeared and its label was READ off the machine  1 new panel row(s), 1 new fp_labels entr(y/ies), label 'index'
  PASS  P3b the new label is UNIQUE among the target's panel labels  duplicate=False
  OBSERVED uid 23541 -> owner 'TopLevelDiagram' uid 536 | self 'ControlTerminal'#23541 | 482 says 'TopLevelDiagram' cast 'TopLevelDiagram' |  
  FACT  P3c the new ControlTerminal's owner (BEFORE the move): owner_of(#23541) = ('TopLevelDiagram', 536) [strict=True] error VERBATIM ''
  PASS  P3c owner_of(new ControlTerminal uid) answers  ('TopLevelDiagram', 536)

=================== PHASE 4  (move_in TOP-LEVEL -> NESTED Diagram #639 - never tried before)
  FACT  ExecState [P4 BEFORE the move] = 1
  FACT  P4a move_in(#23541 -> Diagram #639 at Traverse index 46, position (120, 4000)) returned 3447 ; error VERBATIM ''  (the Move returns NO reference to the object at its new home, archive/peer/2026-08-28-copy-nodes-between-vis.md:51)
  PASS  P4a move_in returned without raising  returned 3447, error ''
  FACT  P4a2 move_in left 1 junk `Invoke`(s): [23486] (PREDICTED RISK (i))
  FACT  P4a3 purged junk Invoke #23486 -> gone [23486] ; error VERBATIM ''
  OBSERVED uid 23541 -> owner 'Diagram' uid 639 | self 'ControlTerminal'#23541 | 482 says 'Diagram' cast 'Diagram' |  
  FACT  P4b the new ControlTerminal's owner (AFTER the move): owner_of(#23541) = ('Diagram', 639) [strict=True] error VERBATIM ''
  FACT  ExecState [P4 AFTER the move (and the junk purge)] = 1
  PASS  P4b owner_of(new uid) reads ('Diagram', 639) AFTER the move  ('TopLevelDiagram', 536) -> ('Diagram', 639)
  PASS  P4c the ControlTerminal census is unchanged across the move  115 -> 115
  PASS  P4d the panel row count is unchanged across the move  115 -> 115
  FACT  P4 the target indicator's panel row after the move: {'label': 'index', 'indicator': True, 'uid': 23525, 'is_source': False, 'wire': 0, 'term_err': 0, 'wire_err': 1055}

=================== PHASE 5  (wire_indicators by LABEL at the nested diagram index)
  FACT  P5 Diagram #639 re-reads Traverse index 46 after the move (was 46); 34(h): never cached across a mutation
  FACT  P5 #10686 re-reads Traverse `Function` index 102 after the move (was 102)
  FACT  P5c BEFORE #10686 (the source node): node #10686 at Nodes[25] (pin 25 survived its uid echo), 3 terminals, 3 WIRED
  FACT  P5c #10686 t0 reads 'x .and. y?' (is_source True, wire 10799; the pin is wire 10799)
  FACT  P5d BEFORE #637 (loop 1.1, the tunnel/border check): node #637 at Nodes[4] (pin 4 survived its uid echo), 59 terminals, 48 WIRED
  FACT  ExecState [P5 BEFORE wire_indicators] = 1
  FACT  P5a wire_indicators(Function[102], ['x .and. y?'] -> ['index'], diagram_index=46) error VERBATIM 'RuntimeError: wire_indicators: target BROKEN after wiring - a source terminal was probably unwired (WI then extends an unrelated wire; revert the target)'
  FAIL  P5a wire_indicators returned an EMPTY error column  'RuntimeError: wire_indicators: target BROKEN after wiring - a source terminal was probably unwired (WI then extends an unrelated wire; revert the target)'
  FACT  P5b the target indicator's wire uid 0 -> 10799 ; whole-VI Wire count 1905 -> 1905 (delta 0; a BRANCH adds NO Wire object, tools/gscript.py:1771-1772)
  PASS  P5b the new indicator's wire uid changed from 0  0 -> 10799
  FACT  ExecState [P5 AFTER wire_indicators] = 0
  FACT  P5c AFTER #10686 (the source node): node #10686 at Nodes[25] (pin 25 survived its uid echo), 3 terminals, 3 WIRED
  FACT  P5d AFTER #637 (loop 1.1, the tunnel/border check): node #637 at Nodes[4] (pin 4 survived its uid echo), 59 terminals, 48 WIRED
  PASS  P5c #10686 t0 stays wired and its wired-terminal count is reported (37(e))  3 -> 3 wired of 3 -> 3 terminals
  PASS  P5d #637 terminal count unchanged - NO tunnel or border object appeared (37(e))  59 -> 59 terminals, 48 -> 48 wired
  FACT  P5d EXPLICIT (37(e) grain): #637 terminals 59 -> 59, wired 48 -> 48; a tunnel or border object would show as a terminal-count INCREASE. Increase observed: 0
  FACT  class census [after the wiring attempt] {'Diagram': 173, 'WhileLoop': 6, 'SubVI': 97, 'Invoke': 1, 'IndexArray': 47, 'LoopTunnel': 135, 'Wire': 1905, 'ControlTerminal': 115, 'Function': 183}

=================== PHASE 6  (save IFF ExecState == 1 - a 0 is a LEGITIMATE outcome)
  FACT  ExecState [P6 immediately before the save attempt] = 0
  FACT  P6 g.save() returned None ; exception/reason VERBATIM 'NOT ATTEMPTED: ExecState is 0 and only ExecState 1 may be saved. This is a LEGITIMATE outcome under this brief, not a failure to work around.'
  FACT  P6 the artefact after the save attempt: DIAG_s57_ctmove_20260920_231628.vi md5 6ff19497f2309e007a214660bb64b911 size 475707 B; version bytes [{'offset': 36, 'bytes': '26 00 80 00'}]
  FAIL  P6 ExecState == 1 at the save point and g.save() returned a byte count  ExecState 0, bytes None, reason 'NOT ATTEMPTED: ExecState is 0 and only ExecState 1 may be saved. This is a LEGITIMATE outcome under this brief, not a failure to work around.'

=================== PHASE 7  (ORDERED second pass: `Is Broken?`, AFTER the save, 42(b))
      [op stdout]       op readback {'UID': 10407, 'Name': '', 'UID 2': 10799, 'Is Broken?': True}
  FACT  P7 ORDERED `Is Broken?` = True on wire uid 10799 (op error column '', wire_delta 0). True here is a LEGITIMATE reading, not a failure.
  PASS  P7 the ORDERED second-pass `Is Broken?` read returned a boolean  True
  FACT  ExecState [P7 after the Is Broken? read (SUSPECT, docs/NAMES.md:912-918; the save already happened)] = 0
  FACT  S57: preload references released; refs {'opened': 13, 'closed': 13, 'live': 0, 'cached_op_vis': 13}

--- Z: the closing facts
  FACT  refs {'opened': 13, 'closed': 13, 'live': 0, 'cached_op_vis': 13}
  FACT  LabVIEW handles AFTER everything: 60299
  FACT  scratch cleanup: {'path': 'C:\\Program Files\\National Instruments\\LabVIEW 2026\\user.lib\\claudeDev\\DIAG_s57_ctmove_20260920_231628.vi', 'saved': False, 'action': 'removed (never saved)', 'error_verbatim': ''}
  FACT  Z1 ORIGINAL after everything: HASH G:\Codes\LabVIEW_Codes\MinLab\zz_LabView VI\AAA_UNIST\2. Tracking\Min_Track N beads V6_ParallelLoop.vi | exists=1 | size=473317 | md5=2a78e17c449cacdaf5da389818526859 | sha256=f827a67e91cc2a51284cdce0ada5d34ecf89cf865bca5f0bdfa870f0020df4bb
  FACT  Z1b D1_s1_copy.vi after everything: HASH C:\Program Files\National Instruments\LabVIEW 2026\user.lib\claudeDev\D1_s1_copy.vi | exists=1 | size=474202 | md5=3e3d23cefd3a334001aa9d6156bf1aee | sha256=1ab3360021cb04f03e8fe4a503d1972aefa26a34ed5b8fd9393ec6899330e0f7
  FACT  Z1c D1_s2_loops.vi after everything: HASH C:\Program Files\National Instruments\LabVIEW 2026\user.lib\claudeDev\D1_s2_loops.vi | exists=1 | size=475707 | md5=6ff19497f2309e007a214660bb64b911 | sha256=d52e754e29a85e9cc3ddeb039f6c5e325c9094c5e1f8c944059d4a5f7b33c3f5
  PASS  Z1 ORIGINAL / D1_s1_copy.vi / D1_s2_loops.vi md5 all unchanged  2a78e17c449cacdaf5da389818526859 / 3e3d23cefd3a334001aa9d6156bf1aee / 6ff19497f2309e007a214660bb64b911
  PASS  Z2 refs opened == closed, 0 live  {'opened': 13, 'closed': 13, 'live': 0, 'cached_op_vis': 13}
  FACT  ARTEFACT: {'path': 'C:\\Program Files\\National Instruments\\LabVIEW 2026\\user.lib\\claudeDev\\DIAG_s57_ctmove_20260920_231628.vi', 'bytes': None, 'file': {'path': 'C:\\Program Files\\National Instruments\\LabVIEW 2026\\user.lib\\claudeDev\\DIAG_s57_ctmove_20260920_231628.vi', 'exists': True, 'md5': '6ff19497f2309e007a214660bb64b911', 'size': 475707, 'version_candidates': [{'offset': 36, 'bytes': '26 00 80 00'}]}}

=== GATES 27 pass / 2 fail; failing: P5a wire_indicators returned an EMPTY error column, P6 ExecState == 1 at the save point and g.save() returned a byte count
=== readings -> G:\Codes\LabVIEW_Codes\MinLab\zz_LabView VI\AAA_UNIST\2. Tracking\V6_ParallelLoop\tools\bench\diag_s57_ctmove_wire.json
BGRUN END rc=1 after 123s
