BGRUN START 2026-09-27 21:50:41 limit 3.0 min: py -u tools/bench/diag_c111e_peek.py
BGRUN PID 2596
KEYS ['vi', 'md5', 'source', 'terminals', 'objs', 'loops', 'fs_tunnel_pairs', 'owners']
   vi 'C:\\Program Files\\National Instruments\\LabVIEW 2026\\user.lib\\claudeDev\\D1_l2_b1_20260927_193100.vi'
   md5 'b705728ab0714dc8179fc955283800f9'
   source 'tools/bench/diag_c111b_b1graph.py (read_live + mloops + owner_of, byte copy)'
   terminals ('list', 5841)
   objs ('list', 10159)
   loops ('list', 23)
   fs_tunnel_pairs ('list', 576)
   owners ('dict', 250)
ROW0 {'term_uid': 6121, 'term_name': 'error out', 'is_source': True, 'wire_uid': 86546, 'owner_uid': 10673, 'owner_class': 'FlatSequenceInnerTunnel', 'frame_diagram': 536, 'term_class': 'Terminal'}
OBJ0 {'uid': 536, 'class': 'TopLevelDiagram', 'pos': [-17476, 102], 'owner': ''}
== 8953 GrowableFunction {'owner': 'Diagram'}
     {'term_uid': 8955, 'term_name': 'element', 'is_source': False, 'wire_uid': 8997, 'owner_class': 'GrowableFunction', 'frame_diagram': 686, 'term_class': 'Terminal'}
     {'term_uid': 8958, 'term_name': 'initialized array', 'is_source': True, 'wire_uid': 9051, 'owner_class': 'GrowableFunction', 'frame_diagram': 686, 'term_class': 'Terminal'}
     {'term_uid': 8961, 'term_name': 'dimension size', 'is_source': False, 'wire_uid': 9166, 'owner_class': 'GrowableFunction', 'frame_diagram': 686, 'term_class': 'Terminal'}
     {'term_uid': 8964, 'term_name': 'dimension size', 'is_source': False, 'wire_uid': 9788, 'owner_class': 'GrowableFunction', 'frame_diagram': 686, 'term_class': 'Terminal'}
     {'term_uid': 9662, 'term_name': 'dimension size', 'is_source': False, 'wire_uid': 9000, 'owner_class': 'GrowableFunction', 'frame_diagram': 686, 'term_class': 'Terminal'}
      wire 8997 -> [(8953, 'GrowableFunction', 'element', False), (8972, 'DigitalNumericConstant', 'element', True)]
      wire 9000 -> [(8953, 'GrowableFunction', 'dimension size', False), (10114, 'LoopTunnel', '# FD points', False), (686, 'Diagram', '# FD points', True)]
      wire 9051 -> [(8953, 'GrowableFunction', 'initialized array', True), (9025, 'LeftShiftRegister', '', False)]
      wire 9166 -> [(28124, 'GrowableFunction', 'dimension size', False), (9179, 'Function', 'x-1', True), (8953, 'GrowableFunction', 'dimension size', False)]
      wire 9788 -> [(8953, 'GrowableFunction', 'dimension size', False), (8984, 'DigitalNumericConstant', 'dimension size', True)]
== 9227 LoopTunnel {'owner': 'ForLoop'}
     {'term_uid': 9234, 'term_name': '', 'is_source': True, 'wire_uid': 0, 'owner_class': 'LoopTunnel', 'frame_diagram': 23166, 'term_class': 'OuterTerminal'}
     {'term_uid': 9230, 'term_name': '', 'is_source': False, 'wire_uid': 8811, 'owner_class': 'LoopTunnel', 'frame_diagram': 7911, 'term_class': 'InnerTerminal'}
      wire 8811 -> [(8741, 'IndexArray', 'array', False), (8634, 'GrowableFunction', 'output array', True), (9227, 'LoopTunnel', '', False)]
== 10544 LeftShiftRegister {'owner': 'WhileLoop'}
     {'term_uid': 25588, 'term_name': '', 'is_source': False, 'wire_uid': 0, 'owner_class': 'LeftShiftRegister', 'frame_diagram': 686, 'term_class': 'OuterTerminal'}
     {'term_uid': 25587, 'term_name': '', 'is_source': True, 'wire_uid': 0, 'owner_class': 'LeftShiftRegister', 'frame_diagram': 23166, 'term_class': 'InnerTerminal'}
== 9603 RightShiftRegister {'owner': 'WhileLoop'}
     {'term_uid': 25579, 'term_name': '', 'is_source': True, 'wire_uid': 0, 'owner_class': 'RightShiftRegister', 'frame_diagram': 686, 'term_class': 'OuterTerminal'}
     {'term_uid': 22281, 'term_name': '', 'is_source': False, 'wire_uid': 0, 'owner_class': 'RightShiftRegister', 'frame_diagram': 23166, 'term_class': 'InnerTerminal'}
== 9087 LoopTunnel {'owner': 'ForLoop'}
     {'term_uid': 9092, 'term_name': '', 'is_source': False, 'wire_uid': 0, 'owner_class': 'LoopTunnel', 'frame_diagram': 23166, 'term_class': 'OuterTerminal'}
     {'term_uid': 9089, 'term_name': '', 'is_source': False, 'wire_uid': 9076, 'owner_class': 'LoopTunnel', 'frame_diagram': 7911, 'term_class': 'InnerTerminal'}
      wire 9076 -> [(8634, 'GrowableFunction', 'array', False), (9087, 'LoopTunnel', '', False)]
== 28124 GrowableFunction {'owner': 'Diagram'}
     {'term_uid': 28166, 'term_name': 'element', 'is_source': False, 'wire_uid': 28301, 'owner_class': 'GrowableFunction', 'frame_diagram': 686, 'term_class': 'Terminal'}
     {'term_uid': 28172, 'term_name': 'initialized array', 'is_source': True, 'wire_uid': 29122, 'owner_class': 'GrowableFunction', 'frame_diagram': 686, 'term_class': 'Terminal'}
     {'term_uid': 28175, 'term_name': 'dimension size', 'is_source': False, 'wire_uid': 9166, 'owner_class': 'GrowableFunction', 'frame_diagram': 686, 'term_class': 'Terminal'}
     {'term_uid': 28178, 'term_name': 'dimension size', 'is_source': False, 'wire_uid': 28516, 'owner_class': 'GrowableFunction', 'frame_diagram': 686, 'term_class': 'Terminal'}
     {'term_uid': 28185, 'term_name': 'dimension size', 'is_source': False, 'wire_uid': 29006, 'owner_class': 'GrowableFunction', 'frame_diagram': 686, 'term_class': 'Terminal'}
      wire 9166 -> [(28124, 'GrowableFunction', 'dimension size', False), (9179, 'Function', 'x-1', True), (8953, 'GrowableFunction', 'dimension size', False)]
      wire 28301 -> [(28124, 'GrowableFunction', 'element', False), (28221, 'DigitalNumericConstant', 'element', True)]
      wire 28516 -> [(28124, 'GrowableFunction', 'dimension size', False), (28440, 'DigitalNumericConstant', 'dimension size', True)]
      wire 29006 -> [(28124, 'GrowableFunction', 'dimension size', False), (29415, 'LoopTunnel', '# DT points', False), (686, 'Diagram', '# DT points', True)]
      wire 29122 -> [(28124, 'GrowableFunction', 'initialized array', True), (29512, 'LeftShiftRegister', '', False)]
== 29616 LoopTunnel {'owner': 'ForLoop'}
     {'term_uid': 29624, 'term_name': '', 'is_source': True, 'wire_uid': 0, 'owner_class': 'LoopTunnel', 'frame_diagram': 23166, 'term_class': 'OuterTerminal'}
     {'term_uid': 29618, 'term_name': '', 'is_source': False, 'wire_uid': 30546, 'owner_class': 'LoopTunnel', 'frame_diagram': 29894, 'term_class': 'InnerTerminal'}
      wire 30546 -> [(30331, 'IndexArray', 'array', False), (29625, 'GrowableFunction', 'output array', True), (29616, 'LoopTunnel', '', False)]
== 25582 LeftShiftRegister {'owner': 'WhileLoop'}
     {'term_uid': 25606, 'term_name': '', 'is_source': False, 'wire_uid': 0, 'owner_class': 'LeftShiftRegister', 'frame_diagram': 686, 'term_class': 'OuterTerminal'}
     {'term_uid': 25605, 'term_name': '', 'is_source': True, 'wire_uid': 0, 'owner_class': 'LeftShiftRegister', 'frame_diagram': 23166, 'term_class': 'InnerTerminal'}
== 25545 RightShiftRegister {'owner': 'WhileLoop'}
     {'term_uid': 25602, 'term_name': '', 'is_source': True, 'wire_uid': 0, 'owner_class': 'RightShiftRegister', 'frame_diagram': 686, 'term_class': 'OuterTerminal'}
     {'term_uid': 25596, 'term_name': '', 'is_source': False, 'wire_uid': 0, 'owner_class': 'RightShiftRegister', 'frame_diagram': 23166, 'term_class': 'InnerTerminal'}
== 29911 LoopTunnel {'owner': 'ForLoop'}
     {'term_uid': 29928, 'term_name': '', 'is_source': False, 'wire_uid': 0, 'owner_class': 'LoopTunnel', 'frame_diagram': 23166, 'term_class': 'OuterTerminal'}
     {'term_uid': 29923, 'term_name': '', 'is_source': False, 'wire_uid': 29853, 'owner_class': 'LoopTunnel', 'frame_diagram': 29894, 'term_class': 'InnerTerminal'}
      wire 29853 -> [(29625, 'GrowableFunction', 'array', False), (29911, 'LoopTunnel', '', False)]
== 403 ControlTerminal {'owner': 'Diagram'}
== 2276 Tunnel {'owner': 'CaseStructure'}
     {'term_uid': 2282, 'term_name': '', 'is_source': False, 'wire_uid': 0, 'owner_class': 'Tunnel', 'frame_diagram': 23166, 'term_class': 'OuterTerminal'}
     {'term_uid': 2280, 'term_name': '', 'is_source': True, 'wire_uid': 0, 'owner_class': 'Tunnel', 'frame_diagram': 2265, 'term_class': 'InnerTerminal'}
     {'term_uid': 2279, 'term_name': '', 'is_source': True, 'wire_uid': 0, 'owner_class': 'Tunnel', 'frame_diagram': 2235, 'term_class': 'InnerTerminal'}
== 9306 ControlTerminal {'owner': 'Diagram'}
== 6132 SelectorTunnel {'owner': 'CaseStructure'}
     {'term_uid': 6142, 'term_name': 'Correction Factor', 'is_source': False, 'wire_uid': 0, 'owner_class': 'SelectorTunnel', 'frame_diagram': 23166, 'term_class': 'OuterTerminal'}
     {'term_uid': 6134, 'term_name': 'Correction Factor', 'is_source': False, 'wire_uid': 6176, 'owner_class': 'SelectorTunnel', 'frame_diagram': 2265, 'term_class': 'InnerTerminal'}
     {'term_uid': 6138, 'term_name': 'Correction Factor', 'is_source': False, 'wire_uid': 6145, 'owner_class': 'SelectorTunnel', 'frame_diagram': 2235, 'term_class': 'InnerTerminal'}
      wire 6145 -> [(6085, 'SubVI', 'Correction Factor', False), (6132, 'SelectorTunnel', 'Correction Factor', False)]
      wire 6176 -> [(5696, 'SubVI', 'Correction Factor', False), (6132, 'SelectorTunnel', 'Correction Factor', False)]
== 9018 RightShiftRegister {'owner': 'WhileLoop'}
     {'term_uid': 9032, 'term_name': '', 'is_source': True, 'wire_uid': 0, 'owner_class': 'RightShiftRegister', 'frame_diagram': 686, 'term_class': 'OuterTerminal'}
     {'term_uid': 9028, 'term_name': '', 'is_source': False, 'wire_uid': 9215, 'owner_class': 'RightShiftRegister', 'frame_diagram': 639, 'term_class': 'InnerTerminal'}
      wire 9215 -> [(9018, 'RightShiftRegister', '', False)]
== 9025 LeftShiftRegister {'owner': 'WhileLoop'}
     {'term_uid': 9035, 'term_name': '', 'is_source': False, 'wire_uid': 9051, 'owner_class': 'LeftShiftRegister', 'frame_diagram': 686, 'term_class': 'OuterTerminal'}
     {'term_uid': 9034, 'term_name': '', 'is_source': True, 'wire_uid': 9097, 'owner_class': 'LeftShiftRegister', 'frame_diagram': 639, 'term_class': 'InnerTerminal'}
      wire 9051 -> [(8953, 'GrowableFunction', 'initialized array', True), (9025, 'LeftShiftRegister', '', False)]
      wire 9097 -> [(9025, 'LeftShiftRegister', '', True)]
== 29505 RightShiftRegister {'owner': 'WhileLoop'}
     {'term_uid': 29521, 'term_name': '', 'is_source': True, 'wire_uid': 0, 'owner_class': 'RightShiftRegister', 'frame_diagram': 686, 'term_class': 'OuterTerminal'}
     {'term_uid': 29516, 'term_name': '', 'is_source': False, 'wire_uid': 29591, 'owner_class': 'RightShiftRegister', 'frame_diagram': 639, 'term_class': 'InnerTerminal'}
      wire 29591 -> [(29505, 'RightShiftRegister', '', False)]
== 29512 LeftShiftRegister {'owner': 'WhileLoop'}
     {'term_uid': 29530, 'term_name': '', 'is_source': False, 'wire_uid': 29122, 'owner_class': 'LeftShiftRegister', 'frame_diagram': 686, 'term_class': 'OuterTerminal'}
     {'term_uid': 29527, 'term_name': '', 'is_source': True, 'wire_uid': 28039, 'owner_class': 'LeftShiftRegister', 'frame_diagram': 639, 'term_class': 'InnerTerminal'}
      wire 28039 -> [(29512, 'LeftShiftRegister', '', True)]
      wire 29122 -> [(28124, 'GrowableFunction', 'initialized array', True), (29512, 'LeftShiftRegister', '', False)]
RESULT {"status":"FAIL","gates":{"pass":16,"fail":2},"first_fail":"uid without rows","artefacts":[],"schema":"result-line/1"}
BGRUN END rc=1 after 1s (RESULT: status=FAIL gates 16/2 first_fail=uid without rows; the process itself said 0)
