BGRUN START 2026-09-27 20:36:11 limit 3.0 min: py -u tools/bench/diag_c111_b1_errorlist.py offline errorlist_D1_l2_b1_20260927_193100_20260927_194303.json
BGRUN PID 20056
PASS  G0_py_compile  lv_errorlist.py
PASS  G6a_bed_md5_before  b705728ab0714dc8179fc955283800f9
FACT  G2_errorlist_gates (self-check, not gated) ok=False {'n': 99, 'items': 80, 'gates': {'window_opened': True, 'count_read': True, 'all_items_read': False, 'every_item_dclicked': True, 'closed_with_esc': True, 'scratch_identical': True, 'scratch_deleted': True, 'bed_md5_unchanged': True, 'block_diagram_open': True, 'refs_balanced': True, 'handles_baseli
FACT  G3_c111_copy (self-check, not gated) ok=False ('errorlist_D1_l2_b1_20260927_193100_c111.json', 80, 99)
FACT  G4_wire_and_owners (self-check, not gated) ok=False {'wire': None, 'chain_11261': None, 'chain_8323': None, 'chain_8323_owner': None, 'chain_23058': None, 'error': None}
PASS  G5_every_item_one_class  []
L2-A3 class counts {'imagein': 1, 'buildarr': 1, 'tunnel_to_input': 2, 'unconnected': 9, 'no_source': 3, 'loose_ends': 13} ; L2-A3 RBW wires 27 [42, 121, 373, 505, 1681, 2924, 3040, 3472, 3512, 3646, 3912, 4027, 5637, 5709, 5746, 5859, 5975, 5979, 6041, 7429, 9868, 10312, 10573, 10763, 17287, 17393, 23556]
L2-A3 wires still in B1's RBW set per pool {'source-only': 13, 'sink-only': 5, 'sink-RSR': 3, 'termless': 9, 'sink-LoopTunnel': 0, 'src+sink': 0} (L2-A3 class counts {'imagein': 1, 'buildarr': 1, 'tunnel_to_input': 2, 'unconnected': 9, 'no_source': 3, 'loose_ends': 13})
ATTR buildarr           n   4  L2-A3  1  open-row  3  UNATTRIBUTED  0  | open-row nodes of that kind (2626 counted in L2-A3); class IN L2-A3 expected | ["#8566 ['8566:element']", "#11261 ['11261:array', '11261:element']", "#29973 ['29973:element']"]
ATTR split1darr         n   1  L2-A3  0  open-row  1  UNATTRIBUTED  0  | open-row nodes of that kind (2626 counted in L2-A3); class NOT in L2-A3 expected | ["#27716 ['27716:index']"]
ATTR bundle             n   1  L2-A3  0  open-row  1  UNATTRIBUTED  0  | open-row nodes of that kind (2626 counted in L2-A3); class NOT in L2-A3 expected | ["#11608 ['11261:element(cited #11608)']"]
ATTR indexarr           n   1  L2-A3  0  open-row  0  UNATTRIBUTED  1  | open-row nodes of that kind (2626 counted in L2-A3); class NOT in L2-A3 expected | []
ATTR replacearr         n   2  L2-A3  0  open-row  2  UNATTRIBUTED  0  | open-row nodes of that kind (2626 counted in L2-A3); class NOT in L2-A3 expected | ["#8634 ['8634:array', '8634:index (col)']", "#29625 ['29625:array', '29625:index (col)']"]
ATTR imagein            n   1  L2-A3  1  open-row  0  UNATTRIBUTED  0  | open rows whose terminal name is in the item text; class IN L2-A3 expected | []
ATTR unwiredselector    n   1  L2-A3  0  open-row  0  UNATTRIBUTED  1  | ; class NOT in L2-A3 expected | []
ATTR sr_unwired_inside  n   2  L2-A3  0  open-row  0  UNATTRIBUTED  2  | B1-new sink-RSR RBW ends (2 new, 0 with an open-row end, 0 of them already credited to another class; pool shared by ['sr_unwired_inside', 'sr_type_undefined']); class NOT in L2-A3 expected | []
ATTR sr_type_undefined  n   2  L2-A3  0  open-row  0  UNATTRIBUTED  2  | B1-new sink-RSR RBW ends (2 new, 0 with an open-row end, 0 of them already credited to another class; pool shared by ['sr_unwired_inside', 'sr_type_undefined']); class NOT in L2-A3 expected | []
ATTR tunnel_to_input    n  15  L2-A3  2  open-row 13  UNATTRIBUTED  0  | B1-new sink-only RBW ends (19 new, 17 with an open-row end, 0 of them already credited to another class; pool shared by ['no_source', 'tunnel_to_input']); class IN L2-A3 expected | ["3148 ['5696:Correction Factor', '5696:x,y,z array']", "3210 ['5696:Correction Factor', '5696:x,y,z array']", "3413 ['5696:z indices of all exp(cited #3176)', '6085:Correction Factor']", "3513 ['5696:z index of first ref(cited #2992)', '6085:Correction Factor']", "6145 ['5696:Correction Factor(cited #6132)', '6085:Correction Factor']", "6176 ['5696:Correction Factor', '5696:Correction Factor(cited #6132)']"]
ATTR undirected_tunnel  n  11  L2-A3  0  open-row  4  UNATTRIBUTED  7  | B1-new sink-LoopTunnel RBW ends (11 new, 11 with an open-row end, 7 of them already credited to another class; pool shared by ['undirected_tunnel']); class NOT in L2-A3 expected | ["(30636, 30135) ['29973:element']", "(30885, 30896) ['30306:left rank', '30306:left rank(cited #30896)']", "(31064, 31051) ['27716:index', '27716:index(cited #31051)']", "(31128, 31137) ['29009:left rank', '29009:left rank(cited #31137)']"]
ATTR different_types    n   4  L2-A3  0  open-row  4  UNATTRIBUTED  0  | B1-new src+sink RBW ends (6 new, 5 with an open-row end, 0 of them already credited to another class; pool shared by ['different_types', 'different_dims']); class NOT in L2-A3 expected | ["10043 ['8566:element', '8634:array']", "15847 ['29009:left rank', '29009:right rank']", "20097 ['30306:left rank', '30306:right rank']", "25618 ['11261:array', '11261:element']"]
ATTR different_dims     n   2  L2-A3  0  open-row  1  UNATTRIBUTED  1  | B1-new src+sink RBW ends (6 new, 5 with an open-row end, 4 of them already credited to another class; pool shared by ['different_types', 'different_dims']); class NOT in L2-A3 expected | ["30241 ['29625:array', '29625:index (col)']"]
ATTR no_source          n   8  L2-A3  3  open-row  0  UNATTRIBUTED  5  | B1-new sink-only RBW ends (19 new, 17 with an open-row end, 17 of them already credited to another class; pool shared by ['no_source', 'tunnel_to_input']); class IN L2-A3 expected | []
ATTR unconnected        n  15  L2-A3  9  open-row  0  UNATTRIBUTED  6  | B1-new termless RBW ends (11 new, 0 with an open-row end, 0 of them already credited to another class; pool shared by ['unconnected']); class IN L2-A3 expected | []
ATTR loose_ends         n  10  L2-A3 10  open-row  0  UNATTRIBUTED  0  | B1-new source-only RBW ends (9 new, 4 with an open-row end, 0 of them already credited to another class; pool shared by ['loose_ends']); class IN L2-A3 expected | []
ATTR TOTAL items 80 = L2-A3 26 + open-row 29 + UNATTRIBUTED 25 (count-capped); UNATTRIBUTED if any count of an L2-A3 class counts as licensed: 14
ATTR NOT CREDITED (wire already credited to another class, counted UNATTRIBUTED): 14 [('undirected_tunnel', 9076), ('undirected_tunnel', 9993), ('undirected_tunnel', 10166), ('undirected_tunnel', 28365), ('undirected_tunnel', 28684), ('undirected_tunnel', 29766), ('undirected_tunnel', 29853), ('different_dims', 10043), ('different_dims', 15847), ('no_source', 3148), ('no_source', 3210), ('no_source', 3413), ('no_source', 3513), ('no_source', 6145)]
PASS  G6_bed_md5_after  b705728ab0714dc8179fc955283800f9
PASS  G7_labview_gone  0
=== GATES: 5 pass / 0 fail ; 0 s
RESULT {"schema":"result-line/1","status":"PASS","gates":{"pass":5,"fail":0},"first_fail":null,"artefacts":[{"path":"tools\\bench\\facts_c111a_b1_errorlist_selfcheck.md","md5":"f22032d81b0b64c0b7327823d67975e4"},{"path":"tools\\lv_errorlist.py","md5":"74c60fa03a6e9b2791e54bbe16010da7"}]}
BGRUN END rc=0 after 1s
