BGRUN START 2026-09-27 20:36:22 limit 50.0 min: py -u tools/bench/diag_c111_b1_errorlist.py
BGRUN PID 8580
PASS  G0_py_compile  lv_errorlist.py
PASS  G6a_bed_md5_before  b705728ab0714dc8179fc955283800f9
LV-UP: was_running=False Version 26.3.1f1 answered after 1 tries, 14.4 s
LV-UP: handles settled 37219 -> 37217 at 19.8 s
plan G:\Codes\LabVIEW_Codes\MinLab\zz_LabView VI\AAA_UNIST\2. Tracking\V6_ParallelLoop\tools\bench\plan_l2b1.json open_rows 29 -> 27 derived licences
bed C:\Program Files\National Instruments\LabVIEW 2026\user.lib\claudeDev\D1_l2_b1_20260927_193100.vi md5 b705728ab0714dc8179fc955283800f9 -> scratch C:\Program Files\National Instruments\LabVIEW 2026\user.lib\claudeDev\_elc_D1_l2_b1_20260927_193100_20260927_203623.vi identical=True
VI-READY: GetVIReference answered after 1 tries, 1.4 s (ExecState 0)
  windows before Ctrl+L: [['', 'LVTipStrip'], ['_elc_D1_l2_b1_20260927_193100_20260927_203623.vi Block Diagram', 'LVDChild'], ['_elc_D1_l2_b1_20260927_193100_20260927_203623.vi Front Panel', 'LVDChild'], ['LabVIEW', 'LVFrame']]
  fronted '_elc_D1_l2_b1_20260927_193100_20260927_203623.vi Block Diagram' (measured foreground '_elc_D1_l2_b1_20260927_193100_20260927_203623.vi Block Diagram')
  Error List window: hwnd=6029962 title='Error list' class=LVDChild rect=(463, 195, 1462, 895)
  win32 CHILD windows of the dialog: 0
  --- UIA tree (7 elements) ---
   0 [Window] name='Error list' cls='LVDChild' aid='' val='' sel=None
     0.0 [50037] name='' cls='' aid='' val='Error list' sel=None
       0.0.0 [50010] name='시스템' cls='' aid='MenuBar' val='' sel=None
         0.0.0.0 [MenuItem] name='시스템' cls='' aid='' val='' sel=None
       0.0.1 [Button] name='최소화' cls='' aid='' val='' sel=None
       0.0.2 [Button] name='최대화' cls='' aid='' val='' sel=None
       0.0.3 [Button] name='닫기' cls='' aid='' val='' sel=None
  UIA: 0 list-ish container(s), 0 item element(s) exposed
  window's own count: None (from None)
  MSAA: 1 accessible object(s); 0 with role=listitem; roles seen ['window']
   msaa 0 [window] hwnd=6029962 name='Error list' value='' state=1048580
  OCR engine: rapidocr-onnxruntime
  layout: bands=[(63, 201), (228, 386), (411, 645)] selections=[(65, 80), (246, 261)] errors_band=(228, 386) details_band=(411, 645)
  window's own count: 99 (from '99 errors and warnings')
  dialog is the measured foreground: True
  stepping mechanism: click (highlight (246, 261) -> (246, 261) after one {DOWN})
   item  0: object="Build Array 'Build Array'" reason='Contains unwired or bad terminal' detail='One or more required inputs to this function are not wired or are wire'
   item  1: object="Split 1DArray'Split 1DArray'" reason='Contains unwired or bad terminal' detail='One or more required inputs to this function are not wired or are wire'
   item  2: object="Build Array'Build Arrav'" reason='Contains unwired orbad terminal' detail='One or more required inputs to this function are not wired or are wire'
   item  3: object="Build Array'BuildArray'" reason='Contains unwired orbad terminal' detail='One or more required inputs to this function are not wired or are wire'
   item  4: object='' reason="BuildArray'BuildArray':Containsunwiredorbadterminal" detail='One or more required inputs to this function are not wired or are wire'
   item  5: object='' reason='Thiswire connects one or more data sinks but has no source.' detail='A wire must be connected to one and only one data source, such as a co'
   item  6: object='' reason='You haveconnected two terminals of differenttypes.' detail='These cannot be wired together because their data types (numeric, stri'
   item  7: object='' reason='You have connected an output loop tunnel to an input of SubVl. Change ' detail='A wire must be connected to one and only one data source, such as a co'
   item  8: object='' reason='Thiswireconnects one or more data sinks but hasno source.' detail='A wire must be connected to one and only one data source, such as a co'
   item  9: object='' reason='Youhaveconnectedtwoarraysofdifferentdimensions.' detail='You have two or more array data types wired together, but the arrays h'
   item 10: object='' reason='Youhave connectedan output loop tunnel toan input ofSubVl.Change the i' detail='A wire must be connected to one and only one data source, such as a co'
   item 11: object='' reason='Loop Tunnel:Wire connected toan undirected tunnel.' detail='A tunnel on this wire cannot determine whether it is an input or an ou'
   item 12: object='Loop Tunnel' reason='Wire connected to an undirected tunnel.' detail='A tunnel on this wire cannot determine whether it is an input or an ou'
   item 13: object='Loop Tunnel' reason='Wire connected to an undirected tunnel.' detail='A tunnel on this wire cannot determine whether it is an input or an ou'
   item 14: object='' reason='LoopTunnel:Wireconnectedtoanundirectedtunnel.' detail='A tunnel on this wire cannot determine whether it is an input or an ou'
   item 15: object='' reason="Bundle'Bundle':Contains unwired orbad terminal" detail='One or more required inputs to this function are not wired or are wire'
   item 16: object='' reason="IndexArray'IndexArray':Containsunwired orbad terminal" detail='One or more required inputs to this function are not wired or are wire'
   item 17: object='' reason="ReplaceArray Subset'ReplaceArray Subset':Containsunwired orbad termina" detail='One or more required inputs to this function are not wired or are wire'
   item 18: object='' reason="ReplaceArraySubset'ReplaceArraySubset':Containsunwired orbad terminal" detail='One or more required inputs to this function are not wired or are wire'
   item 19: object='' reason='You have connected an output loop tunnel to an input of SubVl. Change ' detail='A wire must be connected to one and only one data source, such as a co'
   item 20: object='' reason='Thiswire connects one or more data sinks but has no source.' detail='A wire must be connected to one and only one data source, such as a co'
   item 21: object='' reason='Thiswire connects one or more data sinks but has no source.' detail='A wire must be connected to one and only one data source, such as a co'
   item 22: object='' reason='You have connected an output loop tunnel toan input of subVl.Change th' detail='A wire must be connected to one and only one data source, such as a co'
   item 23: object='' reason='You have connected two terminals of different types.' detail='These cannot be wired together because their data types (numeric, stri'
   item 24: object='' reason='You have connected two terminals of different types.' detail='These cannot be wired together because their data types (numeric, stri'
   item 25: object='' reason='You have connected an output loop tunnel toan input of subVl.Change th' detail='A wire must be connected to one and only one data source, such as a co'
   item 26: object='' reason='t,oraddasource. Youhaveconnectedanoutputlooptunnel toaninputofSubvl.Ch' detail='A wire must be connected to one and only one data source, such as a co'
   item 27: object='' reason='You have connectedan output loop tunnel toan input of subVl. Change th' detail='A wire must be connected to one and only one data source, such as a co'
   item 28: object='' reason='You have connected two arrays of different dimensions.' detail='You have two or more array data types wired together, but the arrays h'
   item 29: object='' reason='LoopTunnel:Wireconnectedtoanundirectedtunnel.' detail='A tunnel on this wire cannot determine whether it is an input or an ou'
   item 30: object='LoopTunnel' reason='Wire connected to an undirected tunnel.' detail='A tunnel on this wire cannot determine whether it is an input or an ou'
   item 31: object='LoopTunnel' reason='Wire connected to an undirected tunnel.' detail='A tunnel on this wire cannot determine whether it is an input or an ou'
   item 32: object='' reason='LoopTunnel:Wireconnected toan undirected tunnel.' detail='A tunnel on this wire cannot determine whether it is an input or an ou'
   item 33: object='Loop Tunnel' reason='Wire connected to an undirected tunnel.' detail='A tunnel on this wire cannot determine whether it is an input or an ou'
   item 34: object='LoopTunnel' reason='Wire connected to an undirected tunnel.' detail='A tunnel on this wire cannot determine whether it is an input or an ou'
   item 35: object='Loop Tunnel' reason='Wire connected to an undirected tunnel.' detail='A tunnel on this wire cannot determine whether it is an input or an ou'
   item 36: object='' reason='You have connectedan output loop tunnel toan input of subVl. Change th' detail='A wire must be connected to one and only one data source, such as a co'
   item 37: object='' reason='You have connected an output loop tunnel to an input of Build Array. C' detail='A wire must be connected to one and only one data source, such as a co'
   item 38: object='' reason='You haveconnectedan output loop tunnel toan inputof ReplaceArraySubset' detail='A wire must be connected to one and only one data source, such as a co'
   item 39: object='' reason='You have connected an output loop tunnel to an input of SubVl. Change ' detail='A wire must be connected to one and only one data source, such as a co'
   item 40: object='' reason='You have connected an output loop tunnel toan inputofReplaceArray Subs' detail='A wire must be connected to one and only one data source, such as a co'
   item 41: object='' reason='You have connectedan output loop tunnel toan input of subVl.Change the' detail='A wire must be connected to one and only one data source, such as a co'
   item 42: object='' reason='You have connectedan output loop tunnel toan input ofReplaceArray Subs' detail='A wire must be connected to one and only one data source, such as a co'
   item 43: object='' reason='You haveconnectedan output loop tunnel toan inputofBuild Array.Change ' detail='A wire must be connected to one and only one data source, such as a co'
   item 44: object="Case Structure'Case Structure'" reason='Unwired selector' detail='The Case structure must have a Boolean, numeric or enumerated input wi'
   item 45: object='' reason="SubV1'TrackNbeadsfour-foldover-kernel-v3.vi':reguiredinputImageIn'isno" detail='The designer of this subvl has specified that this terminal must be wi'
   item 46: object='' reason='You have connected two terminals of different types.' detail='These cannot be wired together because their data types (numeric, stri'
   item 47: object='' reason='Shift Register:unwiredfrom inside the loop' detail=''
   item 48: object='' reason='ShiftRegister:Shift register:FeedbackNode: data type is undefined' detail='You must wire a valid data type to the right side of this shift regist'
   item 49: object='Shift Register' reason='unwired from inside the loop' detail=''
   item 50: object='Shift Register' reason='Shift register: Feedback Node: data type is undefined' detail='You must wire a valid data type to the right side of this shift regist'
   item 51: object='' reason='Thiswireisnotconnectedtoanything' detail='This is a completely unconnected wire.'
   item 52: object='Wire' reason='Wire has loose ends.' detail='This wire segment is not connected to anything. Select Remove Broken W'
   item 53: object='Wire' reason='Wire has loose ends.' detail='This wire segment is not connected to anything. Select Remove Broken W'
   item 54: object='' reason='Thiswireconnectsoneormoredatasinksbuthasnosource.' detail='A wire must be connected to one and only one data source, such as a co'
   item 55: object='Wire' reason='Wire has loose ends.' detail='This wire segment is not connected to anything. Select Remove Broken W'
   item 56: object='Wire' reason='Wire has loose ends.' detail='This wire segment is not connected to anything. Select Remove Broken W'
   item 57: object='' reason='Thiswireisnotconnectedtoanything' detail='This is a completely unconnected wire.'
   item 58: object='' reason='Thiswire is not connectedto anything' detail='This is a completely unconnected wire.'
   item 59: object='' reason='This wire connects one or more data sinks but has no source.' detail='A wire must be connected to one and only one data source, such as a co'
   item 60: object='Wire' reason='Wire has loose ends.' detail='This wire segment is not connected to anything. Select Remove Broken W'
   item 61: object='' reason='Thiswireisnotconnectedtoanything' detail='This is a completely unconnected wire.'
   item 62: object='Wire' reason='Wire has loose ends.' detail='This wire segment is not connected to anything. Select Remove Broken W'
   item 63: object='' reason='Thiswire isnotconnected toanything' detail='This is a completely unconnected wire.'
   item 64: object='' reason='Thiswireisnotconnectedtoanything' detail='This is a completely unconnected wire.'
   item 65: object='Wire' reason='Wire has loose ends.' detail='This wire segment is not connected to anything. Select Remove Broken W'
   item 66: object='' reason='Thiswireisnotconnectedtoanything' detail='This is a completely unconnected wire.'
   item 67: object='Wire' reason='Wire has loose ends.' detail='This wire segment is not connected to anything. Select Remove Broken W'
   item 68: object='' reason='Thiswire is not connected to anything' detail='This is a completely unconnected wire.'
   item 69: object='' reason='Thiswire isnotconnected toanything' detail='This is a completely unconnected wire.'
   item 70: object='' reason='Thiswire is not connectedto anything' detail='This is a completely unconnected wire.'
   item 71: object='' reason='This wire connects one or more data sinks but has no source.' detail='A wire must be connected to one and only one data source, such as a co'
   item 72: object='' reason='Thiswire is notconnected toanything' detail='This is a completely unconnected wire.'
   item 73: object='' reason='This wire is not connected to anything' detail='This is a completely unconnected wire.'
   item 74: object='' reason='This wire is not connected to anything' detail='This is a completely unconnected wire.'
   item 75: object='Wire' reason='Wire has loose ends.' detail='This wire segment is not connected to anything. Select Remove Broken W'
   item 76: object='' reason='This wire is not connected to anything' detail='This is a completely unconnected wire.'
   item 77: object='' reason='This wire is not connected to anything' detail='This is a completely unconnected wire.'
   item 78: object='Wire' reason='Wire has loose ends.' detail='This wire segment is not connected to anything. Select Remove Broken W'
   item 79: object='' reason='This wire connects one or more data sinks but has no source.' detail='A wire must be connected to one and only one data source, such as a co'
   item 80: object='' reason='This wire is not connected to anything' detail='This is a completely unconnected wire.'
   item 81: object='' reason='This wire isnot connected to anvthing' detail='This is a completely unconnected wire.'
   item 82: object='' reason='Thiswireisnotconnectedtoanything' detail='This is a completely unconnected wire.'
   item 83: object='Wire' reason='Wire has loose ends.' detail='This wire segment is not connected to anything. Select Remove Broken W'
   item 84: object='Wire' reason='Wire has loose ends.' detail='This wire segment is not connected to anything. Select Remove Broken W'
   item 85: object='Wire' reason='Wire has loose ends.' detail='This wire segment is not connected to anything. Select Remove Broken W'
   item 86: object='' reason='Thiswireisnotconnected toanything' detail='This is a completely unconnected wire.'
   item 87: object='Wire' reason='Wire has loose ends.' detail='This wire segment is not connected to anything. Select Remove Broken W'
   item 88: object='Wire' reason='Wire has loose ends.' detail='This wire segment is not connected to anything. Select Remove Broken W'
   item 89: object='Wire' reason='Wire has loose ends.' detail='This wire segment is not connected to anything. Select Remove Broken W'
   item 90: object='' reason='Thiswireisnotconnectedtoanything' detail='This is a completely unconnected wire.'
   item 91: object='' reason='Wire:Wirehas looseends.' detail='This wire segment is not connected to anything. Select Remove Broken W'
   item 92: object='' reason='This wire connects one or more data sinks but has no source.' detail='A wire must be connected to one and only one data source, such as a co'
   item 93: object='Wire' reason='Wirehas loose ends.' detail='This wire segment is not connected to anything. Select Remove Broken W'
   item 94: object='' reason='Wire:Wirehas loose ends.' detail='This wire segment is not connected to anything. Select Remove Broken W'
   item 95: object='Wire' reason='Wire has loose ends.' detail='This wire segment is not connected to anything. Select Remove Broken W'
   item 96: object='Wire' reason='Wire has loose ends.' detail='This wire segment is not connected to anything. Select Remove Broken W'
   item 97: object='' reason='Wire:Wirehas loose ends.' detail='This wire segment is not connected to anything. Select Remove Broken W'
   item 98: object='' reason='Wire:Wirehas loose ends.' detail='This wire segment is not connected to anything. Select Remove Broken W'
  reached the window's own count of 99 items
  Esc closed the Error List: True
  refine_rows: 57 row(s) re-read unselected; not refined: [2, 13, 26, 31, 34, 37, 43, 45, 81, 98]
  JSON -> G:\Codes\LabVIEW_Codes\MinLab\zz_LabView VI\AAA_UNIST\2. Tracking\V6_ParallelLoop\tools\bench\errorlist_D1_l2_b1_20260927_193100_20260927_203623_raw.json  (99 items)
HANDLES (record, not a gate): before 37217 after 31257 delta -5960 advisory outside (tol 5000)
items 99 / window N 99 ; show-error fronted 99 ; extra 39 ; missing 0 ; errors [] ; handles 37217 -> 31257 ; bed md5 unchanged True ; 1326.7 s
RESULT {"schema":"result-line/1","status":"PASS","gates":{"pass":11,"fail":0},"first_fail":null,"artefacts":[{"path":"tools\\bench\\errorlist_D1_l2_b1_20260927_193100_20260927_203623.json","md5":"f1f212c08ee52da07d1f376a6983c7b6"}]}
ERRORLIST-VERDICT: MISMATCH G:\Codes\LabVIEW_Codes\MinLab\zz_LabView VI\AAA_UNIST\2. Tracking\V6_ParallelLoop\tools\bench\errorlist_D1_l2_b1_20260927_193100_20260927_203623.json
PASS  G1_max_steps_param  {'max_steps': 180}
  OBSERVED uid 11261 -> owner 'Diagram' uid 23166 | self 'BuildArray'#11261 | 482 says 'Diagram' cast 'Diagram' |  
  OBSERVED uid 23166 -> owner 'WhileLoop' uid 10170 | self 'Diagram'#23166 | 482 says 'WhileLoop' cast 'WhileLoop' |  
  OBSERVED uid 8323 -> owner 'Diagram' uid 23166 | self 'ControlTerminal'#8323 | 482 says 'Diagram' cast 'Diagram' |  
  OBSERVED uid 23166 -> owner 'WhileLoop' uid 10170 | self 'Diagram'#23166 | 482 says 'WhileLoop' cast 'WhileLoop' |  
  OBSERVED uid 23166 -> owner 'WhileLoop' uid 10170 | self 'Diagram'#23166 | 482 says 'WhileLoop' cast 'WhileLoop' |  
  OBSERVED uid 23058 -> owner 'WhileLoop' uid 23032 | self 'Diagram'#23058 | 482 says 'WhileLoop' cast 'WhileLoop' |  
PASS  G8_own_scratch_deleted  C:\Program Files\National Instruments\LabVIEW 2026\user.lib\claudeDev\_c111own_205829.vi
PASS  G2a_fresh_read  ('errorlist_D1_l2_b1_20260927_193100_20260927_203623.json', 1)
PASS  G2_errorlist_gates  {'n': 99, 'items': 99, 'gates': {'window_opened': True, 'count_read': True, 'all_items_read': True, 'every_item_dclicked': True, 'closed_with_esc': True, 'scratch_identical': True, 'scratch_deleted': True, 'bed_md5_unchanged': True, 'block_diagram_open': True, 'refs_balanced': True, 'handles_baseline_up': True}, 'src': '20260927_203623'}
PASS  G3_c111_copy  ('errorlist_D1_l2_b1_20260927_193100_c111.json', 99, 99)
PASS  G4_wire_and_owners  {'wire': [{'term_uid': 11267, 'term_name': 'appended array', 'is_source': True, 'wire_uid': 25618, 'owner_uid': 11261, 'owner_class': 'BuildArray'}, {'term_uid': 8323, 'term_name': 'Force (pN) vs Extension (nm) ', 'is_source': False, 'wire_uid': 25618, 'owner_uid': 23166, 'owner_class': 'Diagram'}], 'chain_11261': [['Diagram', 23166], ['WhileLoop', 10170]], 'chain_8323': [['Diagram', 23166], ['WhileLoop', 10170]], 'chain_8323_owner': [['WhileLoop', 10170]], 'chain_23058': [['WhileLoop', 23032]], 'error': None}
PASS  G5_every_item_one_class  []
L2-A3 class counts {'imagein': 1, 'buildarr': 1, 'tunnel_to_input': 2, 'unconnected': 9, 'no_source': 3, 'loose_ends': 13} ; L2-A3 RBW wires 27 [42, 121, 373, 505, 1681, 2924, 3040, 3472, 3512, 3646, 3912, 4027, 5637, 5709, 5746, 5859, 5975, 5979, 6041, 7429, 9868, 10312, 10573, 10763, 17287, 17393, 23556]
L2-A3 wires still in B1's RBW set per pool {'source-only': 13, 'sink-only': 5, 'sink-RSR': 3, 'termless': 9, 'sink-LoopTunnel': 0, 'src+sink': 0} (L2-A3 class counts {'imagein': 1, 'buildarr': 1, 'tunnel_to_input': 2, 'unconnected': 9, 'no_source': 3, 'loose_ends': 13})
ATTR buildarr           n   4  L2-A3  1  open-row  3  UNATTRIBUTED  0  | open-row nodes of that kind (2626 counted in L2-A3); class IN L2-A3 expected | ["#8566 ['8566:element']", "#11261 ['11261:array', '11261:element']", "#29973 ['29973:element']"]
ATTR split1darr         n   1  L2-A3  0  open-row  1  UNATTRIBUTED  0  | open-row nodes of that kind (2626 counted in L2-A3); class NOT in L2-A3 expected | ["#27716 ['27716:index']"]
ATTR bundle             n   1  L2-A3  0  open-row  1  UNATTRIBUTED  0  | open-row nodes of that kind (2626 counted in L2-A3); class NOT in L2-A3 expected | ["#11608 ['11261:element(cited #11608)']"]
ATTR indexarr           n   1  L2-A3  0  open-row  0  UNATTRIBUTED  1  | open-row nodes of that kind (2626 counted in L2-A3); class NOT in L2-A3 expected | []
ATTR replacearr         n   2  L2-A3  0  open-row  2  UNATTRIBUTED  0  | open-row nodes of that kind (2626 counted in L2-A3); class NOT in L2-A3 expected | ["#8634 ['8634:array', '8634:index (col)']", "#29625 ['29625:array', '29625:index (col)']"]
ATTR imagein            n   1  L2-A3  1  open-row  0  UNATTRIBUTED  0  | open rows whose terminal name is in the item text; class IN L2-A3 expected | []
ATTR unwiredselector    n   1  L2-A3  0  open-row  0  UNATTRIBUTED  1  | ; class NOT in L2-A3 expected | []
ATTR sr_unwired_inside  n   2  L2-A3  0  open-row  0  UNATTRIBUTED  2  | B1-new sink-RSR RBW ends (2 new, 0 with an open-row end, 0 of them already credited to another class; pool shared by ['sr_unwired_inside', 'sr_type_undefined']); class NOT in L2-A3 expected | []
ATTR sr_type_undefined  n   2  L2-A3  0  open-row  0  UNATTRIBUTED  2  | B1-new sink-RSR RBW ends (2 new, 0 with an open-row end, 0 of them already credited to another class; pool shared by ['sr_unwired_inside', 'sr_type_undefined']); class NOT in L2-A3 expected | []
ATTR tunnel_to_input    n  15  L2-A3  2  open-row 13  UNATTRIBUTED  0  | B1-new sink-only RBW ends (19 new, 17 with an open-row end, 0 of them already credited to another class; pool shared by ['no_source', 'tunnel_to_input']); class IN L2-A3 expected | ["3148 ['5696:Correction Factor', '5696:x,y,z array']", "3210 ['5696:Correction Factor', '5696:x,y,z array']", "3413 ['5696:z indices of all exp(cited #3176)', '6085:Correction Factor']", "3513 ['5696:z index of first ref(cited #2992)', '6085:Correction Factor']", "6145 ['5696:Correction Factor(cited #6132)', '6085:Correction Factor']", "6176 ['5696:Correction Factor', '5696:Correction Factor(cited #6132)']"]
ATTR undirected_tunnel  n  11  L2-A3  0  open-row  4  UNATTRIBUTED  7  | B1-new sink-LoopTunnel RBW ends (11 new, 11 with an open-row end, 7 of them already credited to another class; pool shared by ['undirected_tunnel']); class NOT in L2-A3 expected | ["(30636, 30135) ['29973:element']", "(30885, 30896) ['30306:left rank', '30306:left rank(cited #30896)']", "(31064, 31051) ['27716:index', '27716:index(cited #31051)']", "(31128, 31137) ['29009:left rank', '29009:left rank(cited #31137)']"]
ATTR different_types    n   4  L2-A3  0  open-row  4  UNATTRIBUTED  0  | B1-new src+sink RBW ends (6 new, 5 with an open-row end, 0 of them already credited to another class; pool shared by ['different_types', 'different_dims']); class NOT in L2-A3 expected | ["10043 ['8566:element', '8634:array']", "15847 ['29009:left rank', '29009:right rank']", "20097 ['30306:left rank', '30306:right rank']", "25618 ['11261:array', '11261:element']"]
ATTR different_dims     n   2  L2-A3  0  open-row  1  UNATTRIBUTED  1  | B1-new src+sink RBW ends (6 new, 5 with an open-row end, 4 of them already credited to another class; pool shared by ['different_types', 'different_dims']); class NOT in L2-A3 expected | ["30241 ['29625:array', '29625:index (col)']"]
ATTR no_source          n   9  L2-A3  3  open-row  0  UNATTRIBUTED  6  | B1-new sink-only RBW ends (19 new, 17 with an open-row end, 17 of them already credited to another class; pool shared by ['no_source', 'tunnel_to_input']); class IN L2-A3 expected | []
ATTR unconnected        n  20  L2-A3  9  open-row  0  UNATTRIBUTED 11  | B1-new termless RBW ends (11 new, 0 with an open-row end, 0 of them already credited to another class; pool shared by ['unconnected']); class IN L2-A3 expected | []
ATTR loose_ends         n  23  L2-A3 13  open-row  4  UNATTRIBUTED  6  | B1-new source-only RBW ends (9 new, 4 with an open-row end, 0 of them already credited to another class; pool shared by ['loose_ends']); class IN L2-A3 expected | ["4878 ['2626:element(cited #4580)']", "10187 ['8634:index (col)(cited #10068)']", "12256 ['11261:element(cited #11608)']", "29787 ['29625:index (col)(cited #29240)', '29973:element(cited #29240)']"]
ATTR TOTAL items 99 = L2-A3 29 + open-row 33 + UNATTRIBUTED 37 (count-capped); UNATTRIBUTED if any count of an L2-A3 class counts as licensed: 14
ATTR NOT CREDITED (wire already credited to another class, counted UNATTRIBUTED): 15 [('undirected_tunnel', 9076), ('undirected_tunnel', 9993), ('undirected_tunnel', 10166), ('undirected_tunnel', 28365), ('undirected_tunnel', 28684), ('undirected_tunnel', 29766), ('undirected_tunnel', 29853), ('different_dims', 10043), ('different_dims', 15847), ('no_source', 3148), ('no_source', 3210), ('no_source', 3413), ('no_source', 3513), ('no_source', 6145), ('no_source', 6176)]
PASS  G6_bed_md5_after  b705728ab0714dc8179fc955283800f9
PASS  G7_labview_gone  0
=== GATES: 11 pass / 0 fail ; 1338 s
RESULT {"schema":"result-line/1","status":"PASS","gates":{"pass":11,"fail":0},"first_fail":null,"artefacts":[{"path":"tools\\bench\\errorlist_D1_l2_b1_20260927_193100_c111.json","md5":"f1f212c08ee52da07d1f376a6983c7b6"},{"path":"tools\\bench\\errorlist_D1_l2_b1_20260927_193100_c111_raw.json","md5":"af221c87e293d26d85be8c90a63edbc1"},{"path":"tools\\bench\\errorlist_D1_l2_b1_20260927_193100_c111_owners.json","md5":"6f3befa75d0fdced278fe77052c081c8"},{"path":"tools\\bench\\facts_c111a_b1_errorlist.md","md5":"7be375461fedabe255a086893c576b48"},{"path":"tools\\lv_errorlist.py","md5":"74c60fa03a6e9b2791e54bbe16010da7"}]}
BGRUN END rc=0 after 1338s
