BGRUN START 2026-09-17 02:10:53 limit 25.0 min: py -u tools/bench/drive_original_copy_v2.py
[   0.0s] STEP 0 md5(original) before         FILE     PASS 2a78e17c449cacdaf5da389818526859
[   0.0s] STEP 0b plain file copy             FILE     PASS C:\Program Files\National Instruments\LabVIEW 2026\user.lib\claudeDev\D0_MAINCOPY_20260917_021053.vi (473317 B); run folder G:\Codes\LabVIEW_Codes\MinLab\zz_LabView VI\AAA_UNIST\2. Tracking\V6_ParallelLoop\tools\bench\d0_out\run_20260917_021053
[   0.0s] STEP 0c TIFF gate: panel control?   FILE     PASS NO front-panel CONTROL governs per-frame image saving - 0/60 control labels match save|imag|tiff|record|write|file|disk; IMAQ Write TIFF File 2 uid 22700 sits directly on the frame WhileLoop's diagram (not in a CaseStructure), File Path wire 22938 - UNCONDITIONAL. Diagram NOT modified; run capped at 20s; TIFFs deleted at the end.
[   0.0s] STEP 0d save-folder panel control?  FILE     PASS NONE - `Cal File Path` 27930 and `Track File Path` 28450 are INDICATORS (main_vi_panel_wiring.json); no CONTROL carries a path. So the Windows dialog is the only route and the absolute path is typed into it.
[   0.0s]   com.deq  #1 app
[  13.9s] STEP 1 apartment2 attach            COM      PASS apartment2 attached, LabVIEW 26.3.1f1
[  13.9s]   com.deq  #2 preload ('G:\\Codes\\LabVIEW_Codes\\MinLab\\zz_LabView VI\\AAA_UNIST\\2. Tracking\\Min_Track N beads V6_ParallelLoop.vi',)
[  15.2s] STEP 1b original resident (read-only) COM      PASS original resident (ExecState=1)
[  15.2s]   com.deq  #3 open ('C:\\Program Files\\National Instruments\\LabVIEW 2026\\user.lib\\claudeDev\\D0_MAINCOPY_20260917_021053.vi',)
[  15.3s]   com.deq  #4 panel (False,)
[  16.7s]   com.deq  #5 state
[  17.4s] STEP 2 P1 copy loads, idle          COM      PASS ExecState=1; VERDICT: clear (no modal dialog)
[  17.4s]   com.deq  #6 get ('current image number',)
[  17.4s]   com.deq  #7 get ('file progress',)
[  17.4s]   com.deq  #8 get ('Total Lost Frames',)
[  17.4s]   com.deq  #9 get ('Cal File Path',)
[  17.4s]   com.deq  #10 get ('Track File Path',)
[  17.4s] STEP 2b baseline indicators         VISERVER PASS {"current image number": 0, "file progress": 0, "Total Lost Frames": 0, "Cal File Path": "", "Track File Path": ""}
[  17.4s]   com.deq  #11 set ('stop (end)',)
[  17.4s]   com.deq  #12 set ('stop (end) 2',)
[  17.4s]   com.deq  #13 set ('Done Picking \nBeads?',)
[  17.4s]   reset controls -> {'stop (end)': 'False', 'stop (end) 2': 'False', 'Done Picking \nBeads?': 'False'}
[  17.4s]   com.deq  #14 state
[  17.4s] STEP run1.run issued                COM      PASS Run(False) on its OWN apartment (never joined); ExecState before=1; startup drives PI (diag 1-5) + ASI (10,12) + camera
[  17.4s]   run[run1]: entering Run(False) by DISPID 1017
[  19.4s]   com.deq  #15 state
[  19.5s]   com.deq  #16 state
[  19.5s] STEP run1.P2 VI left idle           COM      PASS ExecState=2 after 2s; Run returned=False
[  19.5s]   com.deq  #17 get ('current image number',)
[  19.9s]   com.deq  #18 get ('current image number',)
[  20.3s]   com.deq  #19 get ('current image number',)
[  20.7s]   com.deq  #20 get ('current image number',)
[  21.2s]   com.deq  #21 get ('current image number',)
[  21.6s]   com.deq  #22 get ('current image number',)
[  22.0s] STEP run1.P3 2nd apartment alive during Run COM      PASS 7 successful ExecState/Get calls while Run(False) had NOT returned (Run returned=False)
[  25.1s]   GUI click (552,756) <- bead 1 (reference) in Image display (232, 500, 873, 1013)
[  26.0s]   GUI click -> click 552,756
[  28.5s]   GUI click (430,640) <- bead 2 (magnetic) in Image display (232, 500, 873, 1013)
[  29.3s]   GUI click -> click 430,640
[  31.8s]   GUI click (690,880) <- bead 3 (magnetic) in Image display (232, 500, 873, 1013)
[  32.5s]   GUI click -> click 690,880
[  35.6s] STEP run1.P4 3 bead picks           GUI      PASS panel window 'D0_MAINCOPY_20260917_021053.vi' rect=(-6, 51, 1930, 1107); clicks [(552, 756), (430, 640), (690, 880)] inside image rect (232, 500, 873, 1013)
[  35.6s]   com.deq  #23 get ('Count',)
[  35.6s]   GUI click (1114,915) <- `Done Picking Beads?` Yes button
[  36.4s]   GUI click -> click 1114,915
[  38.8s]   com.deq  #24 get ('Count',)
[  41.3s]   com.deq  #25 get ('Count',)
[  43.7s]   com.deq  #26 get ('Count',)
[  46.2s]   com.deq  #27 get ('Count',)
[  48.6s]   com.deq  #28 get ('Count',)
[  51.1s]   com.deq  #29 get ('Count',)
[  53.5s]   com.deq  #30 get ('Count',)
[  55.9s]   com.deq  #31 get ('Count',)
[  58.4s]   com.deq  #32 get ('Count',)
[  60.8s]   com.deq  #33 get ('Count',)
[  63.2s]   com.deq  #34 get ('Count',)
[  63.7s] STEP run1.P5 picking loop ended     GUI      PASS Count 1 -> 1; bandpass window present=True after 27s
[  66.0s]   GUI click (175,353) <- bandpass Yes #1 (absolute(measured 2026-09-17)), rect=(29, 72, 1060, 874)
[  66.8s]   GUI click -> click 175,353
[  91.6s]   bandpass[run1]: 1 answered in 28s
[  91.6s] STEP run1.P6 bandpass panels        GUI      FAIL 1/3 answered; panel 1 rect=(29, 72, 1060, 874) closed=False
[ 271.7s] STEP run1.P7 save dialog answered   GUI      FAIL no `Save cal cluster file` window within 180s
[ 274.7s]   com.deq  #35 get ('Cal File Path',)
[ 274.7s] STEP run1.P8 cal file in OUR folder FILE     FAIL None (- B); Cal File Path indicator=''
[ 276.7s]   com.deq  #36 get ('current image number',)
[ 278.7s]   com.deq  #37 get ('current image number',)
[ 280.7s]   com.deq  #38 get ('current image number',)
[ 282.7s]   com.deq  #39 get ('current image number',)
[ 284.7s]   com.deq  #40 get ('current image number',)
[ 286.8s]   com.deq  #41 get ('current image number',)
[ 288.8s]   com.deq  #42 get ('current image number',)
[ 290.8s]   com.deq  #43 get ('current image number',)
[ 292.8s]   com.deq  #44 get ('current image number',)
[ 294.8s]   com.deq  #45 get ('current image number',)
[ 294.8s]   com.deq  #46 get ('Total Lost Frames',)
[ 294.8s] STEP run1.P9 frame counter advances VISERVER FAIL current image number over 20s: 0 .. 0 (lost=0)
[ 294.8s]   com.deq  #47 set ('stop (end)',)
[ 294.8s]   com.deq  #48 set ('stop (end) 2',)
[ 296.8s]   com.deq  #49 state
[ 296.8s]   com.deq  #50 set ('stop (end)',)
[ 296.8s]   com.deq  #51 set ('stop (end) 2',)
[ 298.8s]   com.deq  #52 state
[ 298.8s]   com.deq  #53 set ('stop (end)',)
[ 298.8s]   com.deq  #54 set ('stop (end) 2',)
[ 300.8s]   com.deq  #55 state
[ 300.8s]   com.deq  #56 set ('stop (end)',)
[ 300.8s]   com.deq  #57 set ('stop (end) 2',)
[ 302.8s]   com.deq  #58 state
[ 302.8s]   com.deq  #59 set ('stop (end)',)
[ 302.8s]   com.deq  #60 set ('stop (end) 2',)
[ 304.8s]   com.deq  #61 state
[ 304.8s]   com.deq  #62 set ('stop (end)',)
[ 304.8s]   com.deq  #63 set ('stop (end) 2',)
[ 306.8s]   com.deq  #64 state
[ 306.8s]   com.deq  #65 set ('stop (end)',)
[ 306.8s]   com.deq  #66 set ('stop (end) 2',)
[ 308.8s]   com.deq  #67 state
[ 308.8s]   com.deq  #68 set ('stop (end)',)
[ 308.8s]   com.deq  #69 set ('stop (end) 2',)
[ 310.8s]   com.deq  #70 state
[ 310.8s]   com.deq  #71 set ('stop (end)',)
[ 310.8s]   com.deq  #72 set ('stop (end) 2',)
[ 312.8s]   com.deq  #73 state
[ 312.8s]   com.deq  #74 set ('stop (end)',)
[ 312.8s]   com.deq  #75 set ('stop (end) 2',)
[ 314.9s]   com.deq  #76 state
[ 314.9s]   com.deq  #77 set ('stop (end)',)
[ 314.9s]   com.deq  #78 set ('stop (end) 2',)
[ 316.9s]   com.deq  #79 state
[ 316.9s]   com.deq  #80 set ('stop (end)',)
[ 316.9s]   com.deq  #81 set ('stop (end) 2',)
[ 318.9s]   com.deq  #82 state
[ 318.9s]   com.deq  #83 set ('stop (end)',)
[ 318.9s]   com.deq  #84 set ('stop (end) 2',)
[ 320.9s]   com.deq  #85 state
[ 320.9s]   com.deq  #86 set ('stop (end)',)
[ 320.9s]   com.deq  #87 set ('stop (end) 2',)
[ 322.9s]   com.deq  #88 state
[ 322.9s]   com.deq  #89 set ('stop (end)',)
[ 322.9s]   com.deq  #90 set ('stop (end) 2',)
[ 324.9s]   com.deq  #91 state
[ 324.9s]   com.deq  #92 set ('stop (end)',)
[ 324.9s]   com.deq  #93 set ('stop (end) 2',)
[ 326.9s]   com.deq  #94 state
[ 326.9s]   com.deq  #95 set ('stop (end)',)
[ 326.9s]   com.deq  #96 set ('stop (end) 2',)
[ 328.9s]   com.deq  #97 state
[ 328.9s]   com.deq  #98 set ('stop (end)',)
[ 328.9s]   com.deq  #99 set ('stop (end) 2',)
[ 330.9s]   com.deq  #100 state
[ 330.9s]   com.deq  #101 set ('stop (end)',)
[ 330.9s]   com.deq  #102 set ('stop (end) 2',)
[ 332.9s]   com.deq  #103 state
[ 332.9s]   com.deq  #104 set ('stop (end)',)
[ 332.9s]   com.deq  #105 set ('stop (end) 2',)
[ 334.9s]   com.deq  #106 state
[ 334.9s]   com.deq  #107 set ('stop (end)',)
[ 334.9s]   com.deq  #108 set ('stop (end) 2',)
[ 337.0s]   com.deq  #109 state
[ 337.0s]   com.deq  #110 set ('stop (end)',)
[ 337.0s]   com.deq  #111 set ('stop (end) 2',)
[ 339.0s]   com.deq  #112 state
[ 339.0s]   com.deq  #113 set ('stop (end)',)
[ 339.0s]   com.deq  #114 set ('stop (end) 2',)
[ 341.0s]   com.deq  #115 state
[ 341.0s]   com.deq  #116 set ('stop (end)',)
[ 341.0s]   com.deq  #117 set ('stop (end) 2',)
[ 343.0s]   com.deq  #118 state
[ 343.0s]   com.deq  #119 set ('stop (end)',)
[ 343.0s]   com.deq  #120 set ('stop (end) 2',)
[ 345.0s]   com.deq  #121 state
[ 345.0s]   com.deq  #122 set ('stop (end)',)
[ 345.0s]   com.deq  #123 set ('stop (end) 2',)
[ 347.0s]   com.deq  #124 state
[ 347.0s]   com.deq  #125 set ('stop (end)',)
[ 347.0s]   com.deq  #126 set ('stop (end) 2',)
[ 349.0s]   com.deq  #127 state
[ 349.0s]   com.deq  #128 set ('stop (end)',)
[ 349.0s]   com.deq  #129 set ('stop (end) 2',)
[ 351.0s]   com.deq  #130 state
[ 351.0s]   com.deq  #131 set ('stop (end)',)
[ 351.0s]   com.deq  #132 set ('stop (end) 2',)
[ 353.0s]   com.deq  #133 state
[ 353.0s]   com.deq  #134 set ('stop (end)',)
[ 353.0s]   com.deq  #135 set ('stop (end) 2',)
[ 355.0s]   com.deq  #136 state
[ 355.0s]   stop[run1]: VI-Server stop did NOT idle in 60s - measuring the fallback
[ 355.5s]   com.deq  #137 abort
[ 355.5s]   run[run1]: Run(False) RETURNED after 338.1s (err=None)
[ 358.7s]   com.deq  #138 state
[ 359.1s]   com.deq  #139 state
[ 359.1s] STEP run1.P10 stop via the VI's own control VISERVER FAIL SetControlValue FAILED; COM Abort() stopped it; ExecState=1; VERDICT: clear (no modal dialog)
[ 363.1s] STEP run1.P11 trace file written    FILE     FAIL non-TIFF files in run_20260917_021053: (none); by ext: {}
[ 363.1s]   com.deq  #140 state
[ 363.1s]   com.deq  #141 set ('stop (end)',)
[ 363.1s]   com.deq  #142 set ('stop (end) 2',)
[ 363.1s]   com.deq  #143 set ('Done Picking \nBeads?',)
[ 363.1s]   reset controls -> {'stop (end)': 'False', 'stop (end) 2': 'False', 'Done Picking \nBeads?': 'False'}
[ 363.1s]   com.deq  #144 state
[ 363.1s] STEP run2.run issued                COM      PASS Run(False) on its OWN apartment (never joined); ExecState before=1; startup drives PI (diag 1-5) + ASI (10,12) + camera
[ 363.1s]   run[run2]: entering Run(False) by DISPID 1017
[ 365.1s]   com.deq  #145 state
[ 365.1s]   com.deq  #146 state
[ 365.1s] STEP run2.P2 VI left idle           COM      PASS ExecState=2 after 2s; Run returned=False
[ 368.2s]   GUI click (552,756) <- bead 1 (reference) in Image display (232, 500, 873, 1013)
[ 369.0s]   GUI click -> click 552,756
[ 371.5s]   GUI click (430,640) <- bead 2 (magnetic) in Image display (232, 500, 873, 1013)
[ 372.3s]   GUI click -> click 430,640
[ 374.8s]   GUI click (690,880) <- bead 3 (magnetic) in Image display (232, 500, 873, 1013)
[ 375.6s]   GUI click -> click 690,880
[ 378.6s] STEP run2.P4 3 bead picks           GUI      PASS panel window 'D0_MAINCOPY_20260917_021053.vi' rect=(-6, 51, 1930, 1107); clicks [(552, 756), (430, 640), (690, 880)] inside image rect (232, 500, 873, 1013)
[ 378.6s]   com.deq  #147 get ('Count',)
[ 378.6s]   GUI click (1114,915) <- `Done Picking Beads?` Yes button
[ 379.4s]   GUI click -> click 1114,915
[ 381.8s]   com.deq  #148 get ('Count',)
[ 382.2s] STEP run2.P5 picking loop ended     GUI      PASS Count 1 -> 1; bandpass window present=True after 3s
[ 384.5s]   GUI click (175,353) <- bandpass Yes #1 (absolute(measured 2026-09-17)), rect=(29, 72, 1060, 874)
[ 385.2s]   GUI click -> click 175,353
[ 410.1s]   bandpass[run2]: 1 answered in 28s
[ 410.1s] STEP run2.P6 bandpass panels        GUI      FAIL 1/3 answered; panel 1 rect=(29, 72, 1060, 874) closed=False
[ 590.1s] STEP run2.P7 save dialog answered   GUI      FAIL no `Save cal cluster file` window within 180s
[ 593.1s]   com.deq  #149 get ('Cal File Path',)
[ 593.1s] STEP run2.P8 cal file in OUR folder FILE     FAIL None (- B); Cal File Path indicator=''
[ 595.2s]   com.deq  #150 get ('current image number',)
[ 597.2s]   com.deq  #151 get ('current image number',)
[ 599.2s]   com.deq  #152 get ('current image number',)
[ 601.2s]   com.deq  #153 get ('current image number',)
[ 603.2s]   com.deq  #154 get ('current image number',)
[ 605.2s]   com.deq  #155 get ('current image number',)
[ 607.2s]   com.deq  #156 get ('current image number',)
[ 609.2s]   com.deq  #157 get ('current image number',)
[ 611.2s]   com.deq  #158 get ('current image number',)
[ 613.2s]   com.deq  #159 get ('current image number',)
[ 613.2s]   com.deq  #160 get ('Total Lost Frames',)
[ 613.2s] STEP run2.P9 frame counter advances VISERVER FAIL current image number over 20s: 0 .. 0 (lost=0)
[ 613.2s]   com.deq  #161 set ('stop (end)',)
[ 613.2s]   com.deq  #162 set ('stop (end) 2',)
[ 615.2s]   com.deq  #163 state
[ 615.2s]   com.deq  #164 set ('stop (end)',)
[ 615.2s]   com.deq  #165 set ('stop (end) 2',)
[ 617.2s]   com.deq  #166 state
[ 617.2s]   com.deq  #167 set ('stop (end)',)
[ 617.2s]   com.deq  #168 set ('stop (end) 2',)
[ 619.2s]   com.deq  #169 state
[ 619.2s]   com.deq  #170 set ('stop (end)',)
[ 619.2s]   com.deq  #171 set ('stop (end) 2',)
[ 621.2s]   com.deq  #172 state
[ 621.2s]   com.deq  #173 set ('stop (end)',)
[ 621.2s]   com.deq  #174 set ('stop (end) 2',)
[ 623.3s]   com.deq  #175 state
[ 623.3s]   com.deq  #176 set ('stop (end)',)
[ 623.3s]   com.deq  #177 set ('stop (end) 2',)
[ 625.3s]   com.deq  #178 state
[ 625.3s]   com.deq  #179 set ('stop (end)',)
[ 625.3s]   com.deq  #180 set ('stop (end) 2',)
[ 627.3s]   com.deq  #181 state
[ 627.3s]   com.deq  #182 set ('stop (end)',)
[ 627.3s]   com.deq  #183 set ('stop (end) 2',)
[ 629.3s]   com.deq  #184 state
[ 629.3s]   com.deq  #185 set ('stop (end)',)
[ 629.3s]   com.deq  #186 set ('stop (end) 2',)
[ 631.3s]   com.deq  #187 state
[ 631.3s]   com.deq  #188 set ('stop (end)',)
[ 631.3s]   com.deq  #189 set ('stop (end) 2',)
[ 633.3s]   com.deq  #190 state
[ 633.3s]   com.deq  #191 set ('stop (end)',)
[ 633.3s]   com.deq  #192 set ('stop (end) 2',)
[ 635.3s]   com.deq  #193 state
[ 635.3s]   com.deq  #194 set ('stop (end)',)
[ 635.3s]   com.deq  #195 set ('stop (end) 2',)
[ 637.3s]   com.deq  #196 state
[ 637.3s]   com.deq  #197 set ('stop (end)',)
[ 637.3s]   com.deq  #198 set ('stop (end) 2',)
[ 639.3s]   com.deq  #199 state
[ 639.3s]   com.deq  #200 set ('stop (end)',)
[ 639.3s]   com.deq  #201 set ('stop (end) 2',)
[ 641.3s]   com.deq  #202 state
[ 641.3s]   com.deq  #203 set ('stop (end)',)
[ 641.3s]   com.deq  #204 set ('stop (end) 2',)
[ 643.4s]   com.deq  #205 state
[ 643.4s]   com.deq  #206 set ('stop (end)',)
[ 643.4s]   com.deq  #207 set ('stop (end) 2',)
[ 645.4s]   com.deq  #208 state
[ 645.4s]   com.deq  #209 set ('stop (end)',)
[ 645.4s]   com.deq  #210 set ('stop (end) 2',)
[ 647.4s]   com.deq  #211 state
[ 647.4s]   com.deq  #212 set ('stop (end)',)
[ 647.4s]   com.deq  #213 set ('stop (end) 2',)
[ 649.4s]   com.deq  #214 state
[ 649.4s]   com.deq  #215 set ('stop (end)',)
[ 649.4s]   com.deq  #216 set ('stop (end) 2',)
[ 651.4s]   com.deq  #217 state
[ 651.4s]   com.deq  #218 set ('stop (end)',)
[ 651.4s]   com.deq  #219 set ('stop (end) 2',)
[ 653.4s]   com.deq  #220 state
[ 653.4s]   com.deq  #221 set ('stop (end)',)
[ 653.4s]   com.deq  #222 set ('stop (end) 2',)
[ 655.4s]   com.deq  #223 state
[ 655.4s]   com.deq  #224 set ('stop (end)',)
[ 655.4s]   com.deq  #225 set ('stop (end) 2',)
[ 657.4s]   com.deq  #226 state
[ 657.4s]   com.deq  #227 set ('stop (end)',)
[ 657.4s]   com.deq  #228 set ('stop (end) 2',)
[ 659.4s]   com.deq  #229 state
[ 659.4s]   com.deq  #230 set ('stop (end)',)
[ 659.4s]   com.deq  #231 set ('stop (end) 2',)
[ 661.5s]   com.deq  #232 state
[ 661.5s]   com.deq  #233 set ('stop (end)',)
[ 661.5s]   com.deq  #234 set ('stop (end) 2',)
[ 663.5s]   com.deq  #235 state
[ 663.5s]   com.deq  #236 set ('stop (end)',)
[ 663.5s]   com.deq  #237 set ('stop (end) 2',)
[ 665.5s]   com.deq  #238 state
[ 665.5s]   com.deq  #239 set ('stop (end)',)
[ 665.5s]   com.deq  #240 set ('stop (end) 2',)
[ 667.5s]   com.deq  #241 state
[ 667.5s]   com.deq  #242 set ('stop (end)',)
[ 667.5s]   com.deq  #243 set ('stop (end) 2',)
[ 669.5s]   com.deq  #244 state
[ 669.5s]   com.deq  #245 set ('stop (end)',)
[ 669.5s]   com.deq  #246 set ('stop (end) 2',)
[ 671.5s]   com.deq  #247 state
[ 671.5s]   com.deq  #248 set ('stop (end)',)
[ 671.5s]   com.deq  #249 set ('stop (end) 2',)
[ 673.5s]   com.deq  #250 state
[ 673.5s]   stop[run2]: VI-Server stop did NOT idle in 60s - measuring the fallback
[ 674.0s]   com.deq  #251 abort
[ 674.0s]   run[run2]: Run(False) RETURNED after 310.8s (err=None)
[ 677.1s]   com.deq  #252 state
[ 677.5s]   com.deq  #253 state
[ 677.5s] STEP run2.P10 stop via the VI's own control VISERVER FAIL SetControlValue FAILED; COM Abort() stopped it; ExecState=1; VERDICT: clear (no modal dialog)
[ 681.6s] STEP run2.P11 trace file written    FILE     FAIL non-TIFF files in run_20260917_021053: (none); by ext: {}
[ 681.6s] STEP Y P12 restart cycle            COM      FAIL second full cycle completed=False
[ 681.6s]   com.deq  #254 state
[ 681.6s]   com.deq  #255 set ('stop (end)',)
[ 681.6s]   com.deq  #256 set ('stop (end) 2',)
[ 681.6s]   com.deq  #257 set ('Done Picking \nBeads?',)
[ 681.6s]   com.deq  #258 closepanel
[ 681.6s]   com.deq  #259 release
[ 681.6s] cleanup: TIFFs deleted 0 files / 0 bytes (run folder had 0 files / 0 bytes)
[ 683.1s] cleanup: scratch copy deleted
[ 683.1s] STEP Z md5(original) after          FILE     PASS 2a78e17c449cacdaf5da389818526859

| step | method | result | detail |
|---|---|---|---|
| 0 md5(original) before | FILE | PASS | 2a78e17c449cacdaf5da389818526859 |
| 0b plain file copy | FILE | PASS | C:\Program Files\National Instruments\LabVIEW 2026\user.lib\claudeDev\D0_MAINCOPY_20260917_021053.vi (473317 B); run folder G:\Codes\LabVIEW_Codes\MinLab\zz_LabView VI\AAA_UNIST\2. Tracking\V6_ParallelLoop\tools\bench\d0_out\run_20260917_021053 |
| 0c TIFF gate: panel control? | FILE | PASS | NO front-panel CONTROL governs per-frame image saving - 0/60 control labels match save/imag/tiff/record/write/file/disk; IMAQ Write TIFF File 2 uid 22700 sits directly on the frame WhileLoop's diagram (not in a CaseStructure), File Path wire 22938 - UNCONDITIONAL. Diagram NOT modified; run capped at 20s; TIFFs deleted at the end. |
| 0d save-folder panel control? | FILE | PASS | NONE - `Cal File Path` 27930 and `Track File Path` 28450 are INDICATORS (main_vi_panel_wiring.json); no CONTROL carries a path. So the Windows dialog is the only route and the absolute path is typed into it. |
| 1 apartment2 attach | COM | PASS | apartment2 attached, LabVIEW 26.3.1f1 |
| 1b original resident (read-only) | COM | PASS | original resident (ExecState=1) |
| 2 P1 copy loads, idle | COM | PASS | ExecState=1; VERDICT: clear (no modal dialog) |
| 2b baseline indicators | VISERVER | PASS | {"current image number": 0, "file progress": 0, "Total Lost Frames": 0, "Cal File Path": "", "Track File Path": ""} |
| run1.run issued | COM | PASS | Run(False) on its OWN apartment (never joined); ExecState before=1; startup drives PI (diag 1-5) + ASI (10,12) + camera |
| run1.P2 VI left idle | COM | PASS | ExecState=2 after 2s; Run returned=False |
| run1.P3 2nd apartment alive during Run | COM | PASS | 7 successful ExecState/Get calls while Run(False) had NOT returned (Run returned=False) |
| run1.P4 3 bead picks | GUI | PASS | panel window 'D0_MAINCOPY_20260917_021053.vi' rect=(-6, 51, 1930, 1107); clicks [(552, 756), (430, 640), (690, 880)] inside image rect (232, 500, 873, 1013) |
| run1.P5 picking loop ended | GUI | PASS | Count 1 -> 1; bandpass window present=True after 27s |
| run1.P6 bandpass panels | GUI | FAIL | 1/3 answered; panel 1 rect=(29, 72, 1060, 874) closed=False |
| run1.P7 save dialog answered | GUI | FAIL | no `Save cal cluster file` window within 180s |
| run1.P8 cal file in OUR folder | FILE | FAIL | None (- B); Cal File Path indicator='' |
| run1.P9 frame counter advances | VISERVER | FAIL | current image number over 20s: 0 .. 0 (lost=0) |
| run1.P10 stop via the VI's own control | VISERVER | FAIL | SetControlValue FAILED; COM Abort() stopped it; ExecState=1; VERDICT: clear (no modal dialog) |
| run1.P11 trace file written | FILE | FAIL | non-TIFF files in run_20260917_021053: (none); by ext: {} |
| run2.run issued | COM | PASS | Run(False) on its OWN apartment (never joined); ExecState before=1; startup drives PI (diag 1-5) + ASI (10,12) + camera |
| run2.P2 VI left idle | COM | PASS | ExecState=2 after 2s; Run returned=False |
| run2.P4 3 bead picks | GUI | PASS | panel window 'D0_MAINCOPY_20260917_021053.vi' rect=(-6, 51, 1930, 1107); clicks [(552, 756), (430, 640), (690, 880)] inside image rect (232, 500, 873, 1013) |
| run2.P5 picking loop ended | GUI | PASS | Count 1 -> 1; bandpass window present=True after 3s |
| run2.P6 bandpass panels | GUI | FAIL | 1/3 answered; panel 1 rect=(29, 72, 1060, 874) closed=False |
| run2.P7 save dialog answered | GUI | FAIL | no `Save cal cluster file` window within 180s |
| run2.P8 cal file in OUR folder | FILE | FAIL | None (- B); Cal File Path indicator='' |
| run2.P9 frame counter advances | VISERVER | FAIL | current image number over 20s: 0 .. 0 (lost=0) |
| run2.P10 stop via the VI's own control | VISERVER | FAIL | SetControlValue FAILED; COM Abort() stopped it; ExecState=1; VERDICT: clear (no modal dialog) |
| run2.P11 trace file written | FILE | FAIL | non-TIFF files in run_20260917_021053: (none); by ext: {} |
| Y P12 restart cycle | COM | FAIL | second full cycle completed=False |
| Z md5(original) after | FILE | PASS | 2a78e17c449cacdaf5da389818526859 |

FACTS: {
 "md5_before": "2a78e17c449cacdaf5da389818526859",
 "run_returned_before_probe": false,
 "main_panel_rect": [
  -6,
  51,
  1930,
  1107
 ],
 "bandpass_panels_run1": 1,
 "stop_mechanism_run1": "SetControlValue FAILED; COM Abort() stopped it",
 "files_run1": [],
 "tiff_run1": {},
 "bandpass_panels_run2": 1,
 "stop_mechanism_run2": "SetControlValue FAILED; COM Abort() stopped it",
 "files_run2": [],
 "tiff_run2": {},
 "run_dir_before_delete": {
  "files": 0,
  "bytes": 0,
  "by_ext": {},
  "non_tiff": []
 },
 "tiffs_deleted": {
  "count": 0,
  "bytes": 0
 },
 "copy_deleted": true,
 "run_dir_final": [],
 "gui_actions": 10,
 "md5_after": "2a78e17c449cacdaf5da389818526859"
}

=== D0 v2: 18 pass, 13 fail ===
FAILING: run1.P6 bandpass panels, run1.P7 save dialog answered, run1.P8 cal file in OUR folder, run1.P9 frame counter advances, run1.P10 stop via the VI's own control, run1.P11 trace file written, run2.P6 bandpass panels, run2.P7 save dialog answered, run2.P8 cal file in OUR folder, run2.P9 frame counter advances, run2.P10 stop via the VI's own control, run2.P11 trace file written, Y P12 restart cycle
json: G:\Codes\LabVIEW_Codes\MinLab\zz_LabView VI\AAA_UNIST\2. Tracking\V6_ParallelLoop\tools\bench\drive_original_copy_v2.json
BGRUN END rc=1 after 683s
