BGRUN START 2026-09-17 01:46:52 limit 20.0 min: py -u tools/bench/drive_original_copy.py
[   0.0s] 0 md5(original) before             FILE     PASS 2a78e17c449cacdaf5da389818526859
[   0.0s] 0 plain file copy                  FILE     PASS C:\Program Files\National Instruments\LabVIEW 2026\user.lib\claudeDev\D0_MAINCOPY_20260917_014653.vi (473317 bytes)
[  20.1s] 0b original resident (read-only)   COM      PASS original resident (ExecState=1)
[  22.2s] cleanup: CloseFrontPanel raised 'NoneType' object is not callable
[  23.7s] cleanup: scratch copy deleted (D0_MAINCOPY_20260917_014653.vi)
[  23.7s] Z md5(original) after              FILE     PASS 2a78e17c449cacdaf5da389818526859

| step | method | result | detail |
|---|---|---|---|
| 0 md5(original) before | FILE | PASS | 2a78e17c449cacdaf5da389818526859 |
| 0 plain file copy | FILE | PASS | C:\Program Files\National Instruments\LabVIEW 2026\user.lib\claudeDev\D0_MAINCOPY_20260917_014653.vi (473317 bytes) |
| 0b original resident (read-only) | COM | PASS | original resident (ExecState=1) |
| Z md5(original) after | FILE | PASS | 2a78e17c449cacdaf5da389818526859 |

=== D0 drive_original_copy: 4 pass, 0 fail ===
json: G:\Codes\LabVIEW_Codes\MinLab\zz_LabView VI\AAA_UNIST\2. Tracking\V6_ParallelLoop\tools\bench\drive_original_copy.json
Traceback (most recent call last):
  File "G:\Codes\LabVIEW_Codes\MinLab\zz_LabView VI\AAA_UNIST\2. Tracking\V6_ParallelLoop\tools\bench\drive_original_copy.py", line 621, in <module>
    good = main()
  File "G:\Codes\LabVIEW_Codes\MinLab\zz_LabView VI\AAA_UNIST\2. Tracking\V6_ParallelLoop\tools\bench\drive_original_copy.py", line 324, in main
    com.call("panel", False, timeout=180)
  File "G:\Codes\LabVIEW_Codes\MinLab\zz_LabView VI\AAA_UNIST\2. Tracking\V6_ParallelLoop\tools\bench\drive_original_copy.py", line 223, in call
    raise out
  File "G:\Codes\LabVIEW_Codes\MinLab\zz_LabView VI\AAA_UNIST\2. Tracking\V6_ParallelLoop\tools\bench\drive_original_copy.py", line 176, in run
    vi.OpenFrontPanel(bool(args[0]), 1)
TypeError: 'NoneType' object is not callable
[  23.7s] !! driver exception                COM      FAIL TypeError("'NoneType' object is not callable")
BGRUN END rc=1 after 24s
