BGRUN DETACH pid=6920 mode=breakaway log=G:\Codes\LabVIEW_Codes\MinLab\zz_LabView VI\AAA_UNIST\2. Tracking\V6_ParallelLoop\tools/bench/drive_original_copy_v3.log
BGRUN START 2026-09-17 02:45:02 limit 25.0 min: py -u tools/bench/drive_original_copy_v3.py
[   0.0s] STEP 0 md5(original) before         FILE     PASS 2a78e17c449cacdaf5da389818526859
[   0.0s] STEP 0b plain file copy             FILE     PASS C:\Program Files\National Instruments\LabVIEW 2026\user.lib\claudeDev\D0_MAINCOPY_20260917_024503.vi -> run folder G:\Codes\LabVIEW_Codes\MinLab\zz_LabView VI\AAA_UNIST\2. Tracking\V6_ParallelLoop\tools\bench\d0_out\run_20260917_024503
[   0.0s]   com.deq  #1 app
[  13.3s] STEP 1 apartment2 attach            COM      PASS apartment2 attached, LabVIEW 26.3.1f1
[  13.3s]   com.deq  #2 preload ('G:\\Codes\\LabVIEW_Codes\\MinLab\\zz_LabView VI\\AAA_UNIST\\2. Tracking\\Min_Track N beads V6_ParallelLoop.vi',)
[  14.6s] STEP 1b original resident (read-only) COM      PASS original resident (ExecState=1)
[  14.6s]   com.deq  #3 open ('C:\\Program Files\\National Instruments\\LabVIEW 2026\\user.lib\\claudeDev\\D0_MAINCOPY_20260917_024503.vi',)
[  14.7s]   com.deq  #4 panel (False,)
[  16.0s]   com.deq  #5 state
[  16.8s] STEP 2 R1 copy loads, idle          COM      PASS ExecState=1; VERDICT: clear (no modal dialog)
[  16.8s]   com.deq  #6 set ('stop (end)',)
[  16.8s]   com.deq  #7 set ('stop (end) 2',)
[  16.9s]   com.deq  #8 set ('Done Picking \nBeads?',)
[  17.0s]   reset controls -> {'stop (end)': 'False', 'stop (end) 2': 'False', 'Done Picking \nBeads?': 'False'}
[  17.0s]   run[v3run1]: entering Run(False) by DISPID 1017
[  19.0s]   com.deq  #9 state
[  19.1s]   com.deq  #10 state
[  19.1s] STEP 3 R2 VI left idle              COM      PASS ExecState=2 after 2s; Run returned=False (Run over ActiveX behaves as Wait Until Done=TRUE - measured twice in v2)
[  22.3s]   GUI click (552,756) <- bead 1 in Image display (232, 500, 873, 1013)
[  23.1s]   GUI click -> click 552,756
[  25.7s]   GUI click (430,640) <- bead 2 in Image display (232, 500, 873, 1013)
[  26.5s]   GUI click -> click 430,640
[  29.0s]   GUI click (690,880) <- bead 3 in Image display (232, 500, 873, 1013)
[  29.8s]   GUI click -> click 690,880
[  32.9s] STEP 4 R3 3 bead picks              GUI      PASS panel rect=(-6, 51, 1930, 1107); [(552, 756), (430, 640), (690, 880)] inside (232, 500, 873, 1013)
[  32.9s]   com.deq  #11 get ('Count',)
[  32.9s]   GUI click (1114,915) <- `Done Picking Beads?` Yes button
[  33.7s]   GUI click -> click 1114,915
[  36.2s]   com.deq  #12 get ('Count',)
[  38.7s]   com.deq  #13 get ('Count',)
[  41.2s]   com.deq  #14 get ('Count',)
[  43.7s]   com.deq  #15 get ('Count',)
[  46.2s]   com.deq  #16 get ('Count',)
[  48.6s]   com.deq  #17 get ('Count',)
[  51.1s]   com.deq  #18 get ('Count',)
[  53.6s]   com.deq  #19 get ('Count',)
[  56.1s]   com.deq  #20 get ('Count',)
[  58.6s]   com.deq  #21 get ('Count',)
[  61.1s]   com.deq  #22 get ('Count',)
[  61.5s] STEP 5 R4 picking loop ended        GUI      PASS Count 1 -> 1 after 27s; bandpass present=True
[  65.4s]   com.deq  #23 get ('Count',)
[  65.9s]   CLICKPROBE 'choose bandpass' (175,353) <- bandpass Yes #1 (attempt 1)
[  67.7s]   com.deq  #24 get ('Count',)
[  72.6s]   com.deq  #25 get ('Count',)
[  73.1s]   CLICKPROBE 'choose bandpass' (175,353) <- bandpass Yes #2 (attempt 1)
[  74.9s]   com.deq  #26 get ('Count',)
[  79.8s]   com.deq  #27 get ('Count',)
[  80.3s]   CLICKPROBE 'choose bandpass' (175,353) <- bandpass Yes #3 (attempt 1)
[  82.1s]   com.deq  #28 get ('Count',)
[  84.0s] STEP 6 R5 bandpass panels (HWND-gated) GUI      PASS 3 panel(s) closed, distinct hwnds [2295998, 2361534, 2427070]; stop: save dialog appeared after 3 panel(s) || panel 1: hwnd_died=True Count 1->1 | attempt 1 hwnd=2295998 rect=(29, 72, 1060, 874) checks={'sfw_ret': True, 'fg_after_sfw_is_target': True, 'fg_at_buttondown_is_target': True, 'wfp_press_root_is_target': True} target_hwnd_dead_within_500ms=True successor_hwnd=2361534 || panel 2: hwnd_died=True Count 1->1 | attempt 1 hwnd=2361534 rect=(29, 72, 1060, 874) checks={'sfw_ret': True, 'fg_after_sfw_is_target': True, 'fg_at_buttondown_is_target': True, 'wfp_press_root_is_target': True} target_hwnd_dead_within_500ms=True successor_hwnd=2427070 || panel 3: hwnd_died=True Count 1->1 | attempt 1 hwnd=2427070 rect=(29, 72, 1060, 874) checks={'sfw_ret': True, 'fg_after_sfw_is_target': True, 'fg_at_buttondown_is_target': True, 'wfp_press_root_is_target': True} target_hwnd_dead_within_500ms=True successor_hwnd=5309520
[  87.2s]   GUI keys '^a' <- select the whole file-name field
[  87.7s]   GUI keys -> keys ^a
[  88.1s]   GUI keys 'G:\\Codes\\LabVIEW_Codes\\MinLab\\zz_LabView VI\\AAA_UNIST\\2. Tracking\\V6_ParallelLoop\\tools\\bench\\d0_out\\run_20260917_024503\\cal001' <- type the harness-owned absolute save path
[  93.6s]   GUI keys -> keys G:\Codes\LabVIEW_Codes\MinLab\zz_LabView VI\AAA_UNIST\2. Tracking\V6_ParallelLoop\tools\bench\d0_out\run_20260917_024503\cal001
[  94.7s]   GUI keys '{ENTER}' <- confirm the save dialog (default button)
[  95.2s]   GUI keys -> keys {ENTER}
[  96.5s] STEP 7 R6 save dialog answered      GUI      PASS focus + ^a + type + ENTER; rect=(752, 55, 1712, 595); path=G:\Codes\LabVIEW_Codes\MinLab\zz_LabView VI\AAA_UNIST\2. Tracking\V6_ParallelLoop\tools\bench\d0_out\run_20260917_024503\cal001; shot=20260917_024503_save_dialog_v3.png
[  99.5s]   com.deq  #29 get ('Cal File Path',)
[  99.5s] STEP 8 R7 cal file in OUR folder    FILE     PASS G:\Codes\LabVIEW_Codes\MinLab\zz_LabView VI\AAA_UNIST\2. Tracking\V6_ParallelLoop\tools\bench\d0_out\run_20260917_024503\cal001 (171552 B); Cal File Path indicator='G:\\Codes\\LabVIEW_Codes\\MinLab\\zz_LabView VI\\AAA_UNIST\\2. Tracking\\V6_ParallelLoop\\tools\\bench\\d0_out\\run_20260917_024503\\cal001'
[ 101.5s]   com.deq  #30 get ('current image number',)
[ 103.5s]   com.deq  #31 get ('current image number',)
[ 105.5s]   com.deq  #32 get ('current image number',)
[ 107.5s]   com.deq  #33 get ('current image number',)
[ 109.5s]   com.deq  #34 get ('current image number',)
[ 111.6s]   com.deq  #35 get ('current image number',)
[ 113.6s]   com.deq  #36 get ('current image number',)
[ 115.6s]   com.deq  #37 get ('current image number',)
[ 117.6s]   com.deq  #38 get ('current image number',)
[ 119.6s]   com.deq  #39 get ('current image number',)
[ 119.6s]   com.deq  #40 get ('Total Lost Frames',)
[ 119.6s] STEP 9 R8 frame counter advances    VISERVER PASS current image number over 20s: 7232 .. 8860 (lost=32)
[ 119.6s]   com.deq  #41 get ('current image number',)
[ 119.6s]   com.deq  #42 set ('stop (end)',)
[ 119.6s]   com.deq  #43 set ('stop (end) 2',)
[ 119.8s]   run[v3run1]: Run(False) RETURNED after 102.7s (err=None)
[ 121.6s]   com.deq  #44 get ('current image number',)
[ 121.6s]   com.deq  #45 state
[ 121.6s] STEP 10 R9 stop via the VI's own control VISERVER PASS SetControlValue -- idle after 2s, 1 re-arms; frame counter froze at None (last=8862)
[ 126.7s] STEP 11 R10 trace file written      FILE     PASS non-TIFF files: ['cal001 (171552 B)', 'tra001-000 (196282 B)']; by ext: {'<none>': (2, 367834), '.tif': (2041, 2675689770)}
[ 126.7s]   com.deq  #46 state
[ 126.7s]   run[v3run2]: entering Run(False) by DISPID 1017
[ 128.7s]   com.deq  #47 state
[ 143.7s]   com.deq  #48 get ('current image number',)
[ 143.7s]   com.deq  #49 set ('stop (end)',)
[ 143.7s]   com.deq  #50 set ('stop (end) 2',)
[ 145.7s]   com.deq  #51 get ('current image number',)
[ 145.7s]   com.deq  #52 state
[ 145.7s]   com.deq  #53 set ('stop (end)',)
[ 145.7s]   com.deq  #54 set ('stop (end) 2',)
[ 147.8s]   com.deq  #55 get ('current image number',)
[ 147.8s]   com.deq  #56 state
[ 147.8s]   com.deq  #57 set ('stop (end)',)
[ 147.8s]   com.deq  #58 set ('stop (end) 2',)
[ 149.8s]   com.deq  #59 get ('current image number',)
[ 149.8s]   com.deq  #60 state
[ 149.8s]   com.deq  #61 set ('stop (end)',)
[ 149.8s]   com.deq  #62 set ('stop (end) 2',)
[ 151.8s]   com.deq  #63 get ('current image number',)
[ 151.8s]   com.deq  #64 state
[ 151.8s]   com.deq  #65 set ('stop (end)',)
[ 151.8s]   com.deq  #66 set ('stop (end) 2',)
[ 153.8s]   com.deq  #67 get ('current image number',)
[ 153.8s]   com.deq  #68 state
[ 153.8s]   com.deq  #69 set ('stop (end)',)
[ 153.8s]   com.deq  #70 set ('stop (end) 2',)
[ 155.8s]   com.deq  #71 get ('current image number',)
[ 155.8s]   com.deq  #72 state
[ 155.8s]   com.deq  #73 set ('stop (end)',)
[ 155.8s]   com.deq  #74 set ('stop (end) 2',)
[ 157.8s]   com.deq  #75 get ('current image number',)
[ 157.8s]   com.deq  #76 state
[ 157.8s]   com.deq  #77 set ('stop (end)',)
[ 157.8s]   com.deq  #78 set ('stop (end) 2',)
[ 159.8s]   com.deq  #79 get ('current image number',)
[ 159.8s]   com.deq  #80 state
[ 159.8s]   com.deq  #81 set ('stop (end)',)
[ 159.8s]   com.deq  #82 set ('stop (end) 2',)
[ 161.8s]   com.deq  #83 get ('current image number',)
[ 161.8s]   com.deq  #84 state
[ 161.8s]   com.deq  #85 set ('stop (end)',)
[ 161.8s]   com.deq  #86 set ('stop (end) 2',)
[ 163.8s]   com.deq  #87 get ('current image number',)
[ 163.8s]   com.deq  #88 state
[ 163.8s] STEP 12 R11 restart + 15s + stop    COM      PASS restart left idle=True; stopped=True by SetControlValue (loop ended, VI still finishing) -- frame counter unchanged 10 samples (=8862) after 20s, 10 re-arms; ExecState=2
[ 163.8s] click records -> G:\Codes\LabVIEW_Codes\MinLab\zz_LabView VI\AAA_UNIST\2. Tracking\V6_ParallelLoop\tools\bench\drive_original_copy_v3_clickrecords.json
[ 163.8s]   com.deq  #89 state
[ 163.8s]   com.deq  #90 set ('stop (end)',)
[ 163.9s]   com.deq  #91 set ('stop (end) 2',)
[ 165.9s]   com.deq  #92 state
[ 165.9s]   com.deq  #93 set ('stop (end)',)
[ 165.9s]   com.deq  #94 set ('stop (end) 2',)
[ 167.9s]   com.deq  #95 state
[ 167.9s]   com.deq  #96 set ('stop (end)',)
[ 167.9s]   com.deq  #97 set ('stop (end) 2',)
[ 169.9s]   com.deq  #98 state
[ 169.9s]   com.deq  #99 set ('stop (end)',)
[ 169.9s]   com.deq  #100 set ('stop (end) 2',)
[ 171.9s]   com.deq  #101 state
[ 171.9s]   com.deq  #102 set ('stop (end)',)
[ 171.9s]   com.deq  #103 set ('stop (end) 2',)
[ 173.9s]   com.deq  #104 state
[ 173.9s]   com.deq  #105 set ('stop (end)',)
[ 173.9s]   com.deq  #106 set ('stop (end) 2',)
[ 175.9s]   com.deq  #107 state
[ 175.9s]   com.deq  #108 set ('stop (end)',)
[ 175.9s]   com.deq  #109 set ('stop (end) 2',)
[ 177.9s]   com.deq  #110 state
[ 177.9s]   com.deq  #111 set ('stop (end)',)
[ 177.9s]   com.deq  #112 set ('stop (end) 2',)
[ 179.9s]   com.deq  #113 state
[ 179.9s]   com.deq  #114 set ('stop (end)',)
[ 179.9s]   com.deq  #115 set ('stop (end) 2',)
[ 182.0s]   com.deq  #116 state
[ 182.0s]   com.deq  #117 set ('stop (end)',)
[ 182.0s]   com.deq  #118 set ('stop (end) 2',)
[ 184.0s]   com.deq  #119 state
[ 184.0s]   com.deq  #120 set ('stop (end)',)
[ 184.0s]   com.deq  #121 set ('stop (end) 2',)
[ 186.0s]   com.deq  #122 state
[ 186.0s]   com.deq  #123 set ('stop (end)',)
[ 186.0s]   com.deq  #124 set ('stop (end) 2',)
[ 188.0s]   com.deq  #125 state
[ 188.0s]   com.deq  #126 set ('stop (end)',)
[ 188.0s]   com.deq  #127 set ('stop (end) 2',)
[ 190.0s]   com.deq  #128 state
[ 190.0s]   com.deq  #129 set ('stop (end)',)
[ 190.0s]   com.deq  #130 set ('stop (end) 2',)
[ 192.0s]   com.deq  #131 state
[ 192.0s]   com.deq  #132 set ('stop (end)',)
[ 192.0s]   com.deq  #133 set ('stop (end) 2',)
[ 194.0s]   com.deq  #134 state
[ 194.0s]   com.deq  #135 set ('stop (end)',)
[ 194.0s]   com.deq  #136 set ('stop (end) 2',)
[ 196.0s]   com.deq  #137 state
[ 196.0s]   com.deq  #138 set ('stop (end)',)
[ 196.0s]   com.deq  #139 set ('stop (end) 2',)
[ 198.1s]   com.deq  #140 state
[ 198.1s]   com.deq  #141 set ('stop (end)',)
[ 198.1s]   com.deq  #142 set ('stop (end) 2',)
[ 200.1s]   com.deq  #143 state
[ 200.1s]   com.deq  #144 set ('stop (end)',)
[ 200.1s]   com.deq  #145 set ('stop (end) 2',)
[ 202.1s]   com.deq  #146 state
[ 202.1s]   com.deq  #147 set ('stop (end)',)
[ 202.1s]   com.deq  #148 set ('stop (end) 2',)
[ 204.1s]   com.deq  #149 state
[ 204.1s]   com.deq  #150 set ('stop (end)',)
[ 204.1s]   com.deq  #151 set ('stop (end) 2',)
[ 206.1s]   com.deq  #152 state
[ 206.1s]   com.deq  #153 set ('stop (end)',)
[ 206.1s]   com.deq  #154 set ('stop (end) 2',)
[ 208.1s]   com.deq  #155 state
[ 208.1s]   com.deq  #156 set ('stop (end)',)
[ 208.1s]   com.deq  #157 set ('stop (end) 2',)
[ 210.1s]   com.deq  #158 state
[ 210.1s]   com.deq  #159 set ('stop (end)',)
[ 210.1s]   com.deq  #160 set ('stop (end) 2',)
[ 212.1s]   com.deq  #161 state
[ 212.1s]   com.deq  #162 set ('stop (end)',)
[ 212.1s]   com.deq  #163 set ('stop (end) 2',)
[ 214.1s]   com.deq  #164 state
[ 214.1s]   com.deq  #165 set ('stop (end)',)
[ 214.1s]   com.deq  #166 set ('stop (end) 2',)
[ 216.2s]   com.deq  #167 state
[ 216.2s]   com.deq  #168 set ('stop (end)',)
[ 216.2s]   com.deq  #169 set ('stop (end) 2',)
[ 218.2s]   com.deq  #170 state
[ 218.2s]   com.deq  #171 set ('stop (end)',)
[ 218.2s]   com.deq  #172 set ('stop (end) 2',)
[ 220.2s]   com.deq  #173 state
[ 220.2s]   com.deq  #174 set ('stop (end)',)
[ 220.2s]   com.deq  #175 set ('stop (end) 2',)
[ 222.2s]   com.deq  #176 state
[ 222.2s]   com.deq  #177 set ('stop (end)',)
[ 222.2s]   com.deq  #178 set ('stop (end) 2',)
[ 224.2s]   com.deq  #179 state
[ 224.2s]   stop[cleanup]: VI-Server stop did NOT idle in 60s - measuring the fallback
[ 224.8s]   com.deq  #180 abort
[ 224.9s]   run[v3run2]: Run(False) RETURNED after 98.2s (err=None)
[ 227.9s]   com.deq  #181 state
[ 227.9s]   com.deq  #182 set ('stop (end)',)
[ 227.9s]   com.deq  #183 set ('stop (end) 2',)
[ 227.9s]   com.deq  #184 set ('Done Picking \nBeads?',)
[ 227.9s]   com.deq  #185 closepanel
[ 228.0s]   com.deq  #186 release
[ 228.5s] cleanup: TIFFs deleted 2041 files / 2675689770 bytes (run folder had 2043 files / 2676057604 bytes)
[ 230.0s] cleanup: scratch copy deleted
[ 230.0s] STEP Z md5(original) after          FILE     PASS 2a78e17c449cacdaf5da389818526859

| step | method | result | detail |
|---|---|---|---|
| 0 md5(original) before | FILE | PASS | 2a78e17c449cacdaf5da389818526859 |
| 0b plain file copy | FILE | PASS | C:\Program Files\National Instruments\LabVIEW 2026\user.lib\claudeDev\D0_MAINCOPY_20260917_024503.vi -> run folder G:\Codes\LabVIEW_Codes\MinLab\zz_LabView VI\AAA_UNIST\2. Tracking\V6_ParallelLoop\tools\bench\d0_out\run_20260917_024503 |
| 1 apartment2 attach | COM | PASS | apartment2 attached, LabVIEW 26.3.1f1 |
| 1b original resident (read-only) | COM | PASS | original resident (ExecState=1) |
| 2 R1 copy loads, idle | COM | PASS | ExecState=1; VERDICT: clear (no modal dialog) |
| 3 R2 VI left idle | COM | PASS | ExecState=2 after 2s; Run returned=False (Run over ActiveX behaves as Wait Until Done=TRUE - measured twice in v2) |
| 4 R3 3 bead picks | GUI | PASS | panel rect=(-6, 51, 1930, 1107); [(552, 756), (430, 640), (690, 880)] inside (232, 500, 873, 1013) |
| 5 R4 picking loop ended | GUI | PASS | Count 1 -> 1 after 27s; bandpass present=True |
| 6 R5 bandpass panels (HWND-gated) | GUI | PASS | 3 panel(s) closed, distinct hwnds [2295998, 2361534, 2427070]; stop: save dialog appeared after 3 panel(s) // panel 1: hwnd_died=True Count 1->1 / attempt 1 hwnd=2295998 rect=(29, 72, 1060, 874) checks={'sfw_ret': True, 'fg_after_sfw_is_target': True, 'fg_at_buttondown_is_target': True, 'wfp_press_root_is_target': True} target_hwnd_dead_within_500ms=True successor_hwnd=2361534 // panel 2: hwnd_die |
| 7 R6 save dialog answered | GUI | PASS | focus + ^a + type + ENTER; rect=(752, 55, 1712, 595); path=G:\Codes\LabVIEW_Codes\MinLab\zz_LabView VI\AAA_UNIST\2. Tracking\V6_ParallelLoop\tools\bench\d0_out\run_20260917_024503\cal001; shot=20260917_024503_save_dialog_v3.png |
| 8 R7 cal file in OUR folder | FILE | PASS | G:\Codes\LabVIEW_Codes\MinLab\zz_LabView VI\AAA_UNIST\2. Tracking\V6_ParallelLoop\tools\bench\d0_out\run_20260917_024503\cal001 (171552 B); Cal File Path indicator='G:\\Codes\\LabVIEW_Codes\\MinLab\\zz_LabView VI\\AAA_UNIST\\2. Tracking\\V6_ParallelLoop\\tools\\bench\\d0_out\\run_20260917_024503\\cal001' |
| 9 R8 frame counter advances | VISERVER | PASS | current image number over 20s: 7232 .. 8860 (lost=32) |
| 10 R9 stop via the VI's own control | VISERVER | PASS | SetControlValue -- idle after 2s, 1 re-arms; frame counter froze at None (last=8862) |
| 11 R10 trace file written | FILE | PASS | non-TIFF files: ['cal001 (171552 B)', 'tra001-000 (196282 B)']; by ext: {'<none>': (2, 367834), '.tif': (2041, 2675689770)} |
| 12 R11 restart + 15s + stop | COM | PASS | restart left idle=True; stopped=True by SetControlValue (loop ended, VI still finishing) -- frame counter unchanged 10 samples (=8862) after 20s, 10 re-arms; ExecState=2 |
| Z md5(original) after | FILE | PASS | 2a78e17c449cacdaf5da389818526859 |

FACTS: {
 "md5_before": "2a78e17c449cacdaf5da389818526859",
 "main_panel_rect": [
  -6,
  51,
  1930,
  1107
 ],
 "bandpass_answered": 3,
 "bandpass_hwnds": [
  2295998,
  2361534,
  2427070
 ],
 "stop_mechanism_run1": "SetControlValue | idle after 2s, 1 re-arms; frame counter froze at None (last=8862)",
 "non_tiff_files_run1": [
  "cal001 (171552 B)",
  "tra001-000 (196282 B)"
 ],
 "by_ext_run1": {
  "<none>": [
   2,
   367834
  ],
  ".tif": [
   2041,
   2675689770
  ]
 },
 "stop_mechanism_run2": "SetControlValue (loop ended, VI still finishing) | frame counter unchanged 10 samples (=8862) after 20s, 10 re-arms; ExecState=2",
 "run_dir_before_delete": {
  "files": 2043,
  "bytes": 2676057604,
  "by_ext": {
   "<none>": [
    2,
    367834
   ],
   ".tif": [
    2041,
    2675689770
   ]
  },
  "non_tiff": [
   "cal001 (171552 B)",
   "tra001-000 (196282 B)"
  ]
 },
 "tiffs_deleted": {
  "count": 2041,
  "bytes": 2675689770
 },
 "copy_deleted": true,
 "run_dir_final": [
  "cal001 (171552 B)",
  "tra001-000 (196282 B)"
 ],
 "gui_actions": 10,
 "md5_after": "2a78e17c449cacdaf5da389818526859"
}

=== D0 v2: 16 pass, 0 fail ===
FAILING: 
json: G:\Codes\LabVIEW_Codes\MinLab\zz_LabView VI\AAA_UNIST\2. Tracking\V6_ParallelLoop\tools\bench\drive_original_copy_v3.json
BGRUN END rc=0 after 230s
