BGRUN START 2026-09-26 12:41:02 limit 5.0 min: py -u tools/bench/f7911_facts_94_offline.py
BGRUN PID 25972
PASS P1 leg2 B@11 pairs n_pairs=8982 iters=8983
  leg2 B@11 s4_minus_s3 bins=[8309.4, 9257.8, 4878.6, 8884.8, 9102.0, 4777.3, 4771.2, 4774.6, 4750.9, 4912.8] slope/1000it=-295.81
  leg2 B@11 s4_minus_s2 bins=[8966.5, 9932.6, 7131.5, 9625.5, 9816.8, 6545.4, 5889.7, 5926.3, 5827.9, 10066.0] slope/1000it=-126.14
PASS P1 leg3 B@15 pairs n_pairs=7065 iters=7066
  leg3 B@15 s4_minus_s3 bins=[1306.2, 6032.8, 10879.5, 10369.4, 9873.6, 9739.9, 9460.5, 9500.8, 9546.0, 9841.2] slope/1000it=444.05
  leg3 B@15 s4_minus_s2 bins=[2260.8, 9346.8, 12132.2, 11855.8, 11973.9, 11888.6, 11431.2, 11306.8, 11472.1, 11253.6] slope/1000it=687.65
PASS P1 leg5 B@15 pairs n_pairs=7040 iters=7041
  leg5 B@15 s4_minus_s3 bins=[1300.6, 6439.8, 9397.0, 9754.2, 10007.7, 9927.6, 9462.7, 9709.5, 10084.5, 9812.1] slope/1000it=633.79
  leg5 B@15 s4_minus_s2 bins=[2589.1, 8638.8, 10640.5, 11132.9, 11502.0, 11893.5, 11256.9, 11755.8, 12214.5, 11163.1] slope/1000it=845.18
PASS P1 leg6 B@11 pairs n_pairs=9527 iters=9528
  leg6 B@11 s4_minus_s3 bins=[6291.4, 1674.2, 8935.0, 9153.6, 9353.7, 9181.6, 4709.2, 1763.6, 94.6, 597.6] slope/1000it=-222.17
  leg6 B@11 s4_minus_s2 bins=[6952.3, 5296.9, 9564.9, 9892.2, 9955.4, 9794.2, 7547.4, 5448.4, 5059.7, 5229.5] slope/1000it=-163.05
PASS P1 four B legs ['leg2 B@11', 'leg3 B@15', 'leg5 B@15', 'leg6 B@11']
  uid 7911 moved=None cut=False lines=[]
  uid 8634 moved=None cut=False lines=[]
  uid 29009 moved=None cut=False lines=[]
  uid 28233 moved=None cut=False lines=[]
  uid 30306 moved=None cut=False lines=[]
  uid 11310 moved=None cut=False lines=[]
  uid 637 moved=None cut=False lines=[]
  uid 639 moved=None cut=False lines=[]
  uid 9087 moved=None cut=False lines=[1167, 1168]
  uid 9227 moved=None cut=False lines=[]
  uid 9025 moved=None cut=False lines=[1168]
  uid 10177 moved=None cut=False lines=[]
PASS P2 membership computed moved lines 20-136 cut 137-901
  T tunnels_with_inner_on_7911: [7922, 9087, 9227, 9503, 10004, 10177, 11363, 28370, 31051, 31137]
  T 7922: ["Tunnel#7922 t7928 '' src=False w0 d639 OuterTerminal", "Tunnel#7922 t7927 '' src=True w0 d7911 InnerTerminal"]
  T 9087: ["LoopTunnel#9087 t9092 '' src=False w9097 d639 OuterTerminal", "LoopTunnel#9087 t9089 '' src=True w9076 d7911 InnerTerminal"]
  T 9227: ["LoopTunnel#9227 t9234 '' src=True w9215 d639 OuterTerminal", "LoopTunnel#9227 t9230 '' src=False w8811 d7911 InnerTerminal"]
  T 9503: ["LoopTunnel#9503 t9508 'Value' src=False w30592 d639 OuterTerminal", "LoopTunnel#9503 t9505 'Value' src=True w28684 d7911 InnerTerminal"]
  T 10004: ["LoopTunnel#10004 t10009 '' src=False w28847 d639 OuterTerminal", "LoopTunnel#10004 t10006 '' src=True w9993 d7911 InnerTerminal"]
  T 10177: ["LoopTunnel#10177 t10182 '' src=False w10187 d639 OuterTerminal", "LoopTunnel#10177 t10179 '' src=True w10166 d7911 InnerTerminal"]
  T 11363: ["LoopTunnel#11363 t11369 '' src=True w11352 d639 OuterTerminal", "LoopTunnel#11363 t11365 '' src=False w11374 d7911 InnerTerminal"]
  T 28370: ["LoopTunnel#28370 t28378 'Magnet position output' src=False w28338 d639 OuterTerminal", "LoopTunnel#28370 t28373 'Magnet position output' src=True w28365 d7911 InnerTerminal"]
  T 31051: ["LoopTunnel#31051 t31055 'Force\\nsmoothing\\nhalf-width' src=False w31059 d639 OuterTerminal", "LoopTunnel#31051 t31053 'Force\\nsmoothing\\nhalf-width' src=True w31064 d7911 InnerTerminal"]
  T 31137: ["LoopTunnel#31137 t31158 'Extension\\nmedian filter\\nhalf-width' src=False w31166 d639 OuterTerminal", "LoopTunnel#31137 t31152 'Extension\\nmedian filter\\nhalf-width' src=True w31128 d7911 InnerTerminal"]
  T 9025: ["LeftShiftRegister#9025 t9035 '' src=False w9051 d686 OuterTerminal", "LeftShiftRegister#9025 t9034 '' src=True w9097 d639 InnerTerminal"]
  T 8634: ["GrowableFunction#8634 t8640 'array' src=False w9076 d7911 Terminal", "GrowableFunction#8634 t8643 'output array' src=True w8811 d7911 Terminal", "GrowableFunction#8634 t8647 'new element/subarray' src=False w10043 d7911 Terminal", "GrowableFunction#8634 t8653 'disabled index (row)' src=False w0 d7911 Terminal", "GrowableFunction#8634 t9196 'index (col)' src=False w10166 d7911 Terminal"]
  T 8741: ["IndexArray#8741 t8747 'array' src=False w8811 d7911 Terminal", "IndexArray#8741 t8750 'subarray' src=True w33062 d7911 Terminal", "IndexArray#8741 t8753 'index (row)' src=False w8804 d7911 Terminal", "IndexArray#8741 t10401 'disabled index (col)' src=False w0 d7911 Terminal", "IndexArray#8741 t8759 'subarray' src=True w28443 d7911 Terminal", "IndexArray#8741 t8762 'index (row)' src=False w8808 d7911 Terminal", "IndexArray#8741 t10413 'disabled index (col)' src=False w0 d7911 Terminal"]
  T w8811: ["IndexArray#8741 t8747 'array' src=False w8811 d7911 Terminal", "GrowableFunction#8634 t8643 'output array' src=True w8811 d7911 Terminal", "LoopTunnel#9227 t9230 '' src=False w8811 d7911 InnerTerminal"]
  T w9051: ["GrowableFunction#8953 t8958 'initialized array' src=True w9051 d686 Terminal", "LeftShiftRegister#9025 t9035 '' src=False w9051 d686 OuterTerminal"]
  T w9076: ["GrowableFunction#8634 t8640 'array' src=False w9076 d7911 Terminal", "LoopTunnel#9087 t9089 '' src=True w9076 d7911 InnerTerminal"]
  T w9097: ["LoopTunnel#9087 t9092 '' src=False w9097 d639 OuterTerminal", "LeftShiftRegister#9025 t9034 '' src=True w9097 d639 InnerTerminal"]
  T w9215: ["LoopTunnel#9227 t9234 '' src=True w9215 d639 OuterTerminal", "RightShiftRegister#9018 t9028 '' src=False w9215 d639 InnerTerminal"]
  T w9993: ["BuildArray#8566 t8575 'element' src=False w9993 d7911 Terminal", "LoopTunnel#10004 t10006 '' src=True w9993 d7911 InnerTerminal"]
  T w10043: ["GrowableFunction#8634 t8647 'new element/subarray' src=False w10043 d7911 Terminal", "BuildArray#8566 t8572 'appended array' src=True w10043 d7911 Terminal"]
  T w10166: ["GrowableFunction#8634 t9196 'index (col)' src=False w10166 d7911 Terminal", "LoopTunnel#10177 t10179 '' src=True w10166 d7911 InnerTerminal"]
  T w10187: ["Function#10068 t10077 'x-y*floor(x/y)' src=True w10187 d639 ParameterTerminal", "LoopTunnel#10177 t10182 '' src=False w10187 d639 OuterTerminal"]
  T w11352: ["BuildArray#11261 t11270 'array' src=False w11352 d639 Terminal", "LoopTunnel#11363 t11369 '' src=True w11352 d639 OuterTerminal"]
  T w11374: ["Bundler#11310 t11316 'output cluster' src=True w11374 d7911 Terminal", "LoopTunnel#11363 t11365 '' src=False w11374 d7911 InnerTerminal"]
  T w28338: ["LoopTunnel#28370 t28378 'Magnet position output' src=False w28338 d639 OuterTerminal", "LoopTunnel#28343 t28345 'Magnet position output' src=True w28338 d639 InnerTerminal"]
  T w28365: ["SubVI#28083 t28098 'Mag pos when touched to glass' src=False w28365 d7911 Terminal", "LoopTunnel#28370 t28373 'Magnet position output' src=True w28365 d7911 InnerTerminal"]
  T w28684: ["SubVI#28083 t28095 'Magnet position' src=False w28684 d7911 Terminal", "LoopTunnel#9503 t9505 'Value' src=True w28684 d7911 InnerTerminal"]
  T w28847: ["LoopTunnel#30135 t30144 '' src=False w28847 d639 OuterTerminal", "Function#8885 t8891 'x*y' src=True w28847 d639 OverridableParameterTerminal", "LoopTunnel#10004 t10009 '' src=False w28847 d639 OuterTerminal"]
  T w30592: ["BuildArray#2626 t4160 'element' src=False w30592 d639 Terminal", "Property#30117 t30145 'Value' src=True w30592 d639 Terminal", "SelectorTunnel#20497 t20496 'Value' src=False w30592 d639 OuterTerminal", "LoopTunnel#9503 t9508 'Value' src=False w30592 d639 OuterTerminal"]
  T w31059: ["LoopTunnel#31051 t31055 'Force\\nsmoothing\\nhalf-width' src=False w31059 d639 OuterTerminal", "Diagram#639 t28170 'Force\\nsmoothing\\nhalf-width' src=True w31059 d639 ControlTerminal"]
  T w31064: ["Function#27716 t27818 'index' src=False w31064 d7911 ParameterTerminal", "SubVI#28180 t28223 'half-width' src=False w31064 d7911 Terminal", "LoopTunnel#31051 t31053 'Force\\nsmoothing\\nhalf-width' src=True w31064 d7911 InnerTerminal"]
  T w31128: ["SubVI#29009 t29043 'right rank' src=False w31128 d7911 Terminal", "SubVI#29009 t29046 'left rank' src=False w31128 d7911 Terminal", "LoopTunnel#31137 t31152 'Extension\\nmedian filter\\nhalf-width' src=True w31128 d7911 InnerTerminal"]
  T w31166: ["LoopTunnel#30896 t30901 'Extension\\nmedian filter\\nhalf-width' src=False w31166 d639 OuterTerminal", "LoopTunnel#31137 t31158 'Extension\\nmedian filter\\nhalf-width' src=False w31166 d639 OuterTerminal", "Diagram#639 t29091 'Extension\\nmedian filter\\nhalf-width' src=True w31166 d639 ControlTerminal"]
RESULT {"status":"PASS","gates":{"pass":6,"fail":0},"first_fail":null,"artefacts":[{"path":"tools/bench/f7911_facts_94_offline.json","md5":null}],"schema":"result-line/1"}
BGRUN END rc=0 after 1s
