BGRUN START 2026-09-27 13:30:20 limit 5.0 min: py -u tools/bench/facts_c108b.py tools/bench/graph_l2a1_bed_20260927.json
BGRUN PID 19372
  FACT graph tools/bench/graph_l2a1_bed_20260927.json (vi C:\Program Files\National Instruments\LabVIEW 2026\user.lib\claudeDev\D1_l2_a1_20260925_235224.vi md5 51d9b8a3af5b4240cdc2ad193d9b4f41); S1 D1_s1_copy
  FACT CUR NODE 10886 class CompoundArithmetic :: #10886(CompoundArithmetic 'Compound Arithmetic') t10892 'result' SRC w6525 diag 639 <-> ["#10285(Function 'Not') t10296 'x' SNK w6525 diag 639"]
  FACT CUR NODE 10886 class CompoundArithmetic :: #10886(CompoundArithmetic 'Compound Arithmetic') t10895 'value' SNK w10447 diag 639 <-> ["#10382(Function 'Not') t10390 '.not. x?' SRC w10447 diag 639"]
  FACT CUR NODE 10886 class CompoundArithmetic :: #10886(CompoundArithmetic 'Compound Arithmetic') t10898 'value' SNK w7527 diag 639 <-> ["#639(Diagram '') t24281 'Auto-Focus' SRC w7527 diag 639"]
  FACT CUR NODE 10886 class CompoundArithmetic :: #10886(CompoundArithmetic 'Compound Arithmetic') t10942 'value' SNK w10543 diag 639 <-> ["#11529(Comparison 'Less?') t11590 'x < y?' SRC w10543 diag 639"]
  FACT CUR NODE 10382 class Function :: #10382(Function 'Not') t10390 '.not. x?' SRC w10447 diag 639 <-> ["#10886(CompoundArithmetic 'Compound Arithmetic') t10895 'value' SNK w10447 diag 639"]
  FACT CUR NODE 10382 class Function :: #10382(Function 'Not') t10393 'x' SNK w9921 diag 639 <-> []
  FACT CUR NODE 11529 class Comparison :: #11529(Comparison 'Less?') t11590 'x < y?' SRC w10543 diag 639 <-> ["#10886(CompoundArithmetic 'Compound Arithmetic') t10942 'value' SNK w10543 diag 639"]
  FACT CUR NODE 11529 class Comparison :: #11529(Comparison 'Less?') t11593 'y' SNK w11527 diag 639 <-> ["#639(Diagram '') t10204 'Limit of Auto-Focus' SRC w11527 diag 639"]
  FACT CUR NODE 11529 class Comparison :: #11529(Comparison 'Less?') t13163 'x' SNK w11389 diag 639 <-> ["#7311(RightShiftRegister '') t11005 'Auto-reset zero' SNK w11389 diag 639"]
  FACT CUR NODE 9647 class Function :: #9647(Function 'And') t9668 'x .and. y?' SRC w25415 diag 23166 <-> ["#10465(Tunnel '') t10469 '' SNK w25415 diag 23166"]
  FACT CUR NODE 9647 class Function :: #9647(Function 'And') t9676 'y' SNK w25514 diag 23166 <-> ["#23166(Diagram '') t17487 'Auto-Reset' SRC w25514 diag 23166"]
  FACT CUR NODE 9647 class Function :: #9647(Function 'And') t9680 'x' SNK w25507 diag 23166 <-> ["#10950(Comparison 'Less?') t11052 'x < y?' SRC w25507 diag 23166"]
  FACT CUR NODE 11336 class SelectorTunnel :: #11336(SelectorTunnel '') t11346 'Value' SRC w25386 diag 23166 <-> ["#25371(RightShiftRegister '') t25385 'Auto-reset zero' SNK w25386 diag 23166"]
  FACT CUR NODE 11336 class SelectorTunnel :: #11336(SelectorTunnel '') t11338 'Value' SNK w10125 diag 10453 <-> ["#9907(Property '# of Auto-Reset') t9943 'Value' SRC w10125 diag 10453"]
  FACT CUR NODE 11336 class SelectorTunnel :: #11336(SelectorTunnel '') t11342 'Value' SNK w10205 diag 10459 <-> ["#10150(Function 'Increment') t10156 'x+1' SRC w10205 diag 10459", "#10459(Diagram '') t9808 '# of Auto-Reset' SNK w10205 diag 10459"]
  FACT CUR NODE 10285 class Function :: #10285(Function 'Not') t10293 '.not. x?' SRC w3461 diag 639 <-> ["#1469(Property 'Fix to a Certain Pattern') t9452 'Value' SNK w3461 diag 639"]
  FACT CUR NODE 10285 class Function :: #10285(Function 'Not') t10296 'x' SNK w6525 diag 639 <-> ["#10886(CompoundArithmetic 'Compound Arithmetic') t10892 'result' SRC w6525 diag 639"]
  FACT CUR NODE 1469 class Property :: #1469(Property 'Fix to a Certain Pattern') t6380 'reference' SNK w0 diag 639 <-> []
  FACT CUR NODE 1469 class Property :: #1469(Property 'Fix to a Certain Pattern') t8513 'reference out' SRC w0 diag 639 <-> []
  FACT CUR NODE 1469 class Property :: #1469(Property 'Fix to a Certain Pattern') t9438 'error in (no error)' SNK w0 diag 639 <-> []
  FACT CUR NODE 1469 class Property :: #1469(Property 'Fix to a Certain Pattern') t9448 'error out' SRC w0 diag 639 <-> []
  FACT CUR NODE 1469 class Property :: #1469(Property 'Fix to a Certain Pattern') t9452 'Value' SNK w3461 diag 639 <-> ["#10285(Function 'Not') t10293 '.not. x?' SRC w3461 diag 639"]
  FACT CUR NODE 23523 class Local :: #23523(Local '') t23550 'index' SRC w23856 diag 23058 <-> ["#10978(SelectorTunnel '') t10987 'index' SNK w23856 diag 23058"]
  FACT CUR DOWNSTREAM d0 #10886(CompoundArithmetic 'Compound Arithmetic') t10892 'result' SRC w6525 diag 639 -> #10285(Function 'Not') t10296 'x' SNK w6525 diag 639
  FACT CUR DOWNSTREAM d1 #10285(Function 'Not') t10293 '.not. x?' SRC w3461 diag 639 -> #1469(Property 'Fix to a Certain Pattern') t9452 'Value' SNK w3461 diag 639
  GATE PASS  CUR #10886 is present with >= 2 input rows  4
  FACT S1 NODE 10886 class CompoundArithmetic :: #10886(CompoundArithmetic 'Compound Arithmetic') t10892 'result' SRC w6525 diag 639 <-> ["#10285(Function 'Not') t10296 'x' SNK w6525 diag 639"]
  FACT S1 NODE 10886 class CompoundArithmetic :: #10886(CompoundArithmetic 'Compound Arithmetic') t10895 'value' SNK w10447 diag 639 <-> ["#10382(Function 'Not') t10390 '.not. x?' SRC w10447 diag 639"]
  FACT S1 NODE 10886 class CompoundArithmetic :: #10886(CompoundArithmetic 'Compound Arithmetic') t10898 'value' SNK w7527 diag 639 <-> ["#639(Diagram '') t24281 'Auto-Focus' SRC w7527 diag 639"]
  FACT S1 NODE 10886 class CompoundArithmetic :: #10886(CompoundArithmetic 'Compound Arithmetic') t10942 'value' SNK w10543 diag 639 <-> ["#11529(Comparison 'Less?') t11590 'x < y?' SRC w10543 diag 639"]
  FACT S1 NODE 10382 class Function :: #10382(Function 'Not') t10390 '.not. x?' SRC w10447 diag 639 <-> ["#10886(CompoundArithmetic 'Compound Arithmetic') t10895 'value' SNK w10447 diag 639"]
  FACT S1 NODE 10382 class Function :: #10382(Function 'Not') t10393 'x' SNK w9921 diag 639 <-> ["#9647(Function 'And') t9668 'x .and. y?' SRC w9921 diag 639", "#10465(Tunnel '') t10469 '' SNK w9921 diag 639"]
  FACT S1 NODE 11529 class Comparison :: #11529(Comparison 'Less?') t11590 'x < y?' SRC w10543 diag 639 <-> ["#10886(CompoundArithmetic 'Compound Arithmetic') t10942 'value' SNK w10543 diag 639"]
  FACT S1 NODE 11529 class Comparison :: #11529(Comparison 'Less?') t11593 'y' SNK w11527 diag 639 <-> ["#639(Diagram '') t10204 'Limit of Auto-Focus' SRC w11527 diag 639"]
  FACT S1 NODE 11529 class Comparison :: #11529(Comparison 'Less?') t13163 'x' SNK w11389 diag 639 <-> ["#11336(SelectorTunnel '') t11346 'Value' SRC w11389 diag 639", "#7311(RightShiftRegister '') t11005 'Value' SNK w11389 diag 639"]
  FACT S1 NODE 9647 class Function :: #9647(Function 'And') t9668 'x .and. y?' SRC w9921 diag 639 <-> ["#10382(Function 'Not') t10393 'x' SNK w9921 diag 639", "#10465(Tunnel '') t10469 '' SNK w9921 diag 639"]
  FACT S1 NODE 9647 class Function :: #9647(Function 'And') t9676 'y' SNK w9806 diag 639 <-> ["#639(Diagram '') t17487 'Auto-Reset' SRC w9806 diag 639"]
  FACT S1 NODE 9647 class Function :: #9647(Function 'And') t9680 'x' SNK w9868 diag 639 <-> ["#10950(Comparison 'Less?') t11052 'x < y?' SRC w9868 diag 639"]
  FACT S1 NODE 11336 class SelectorTunnel :: #11336(SelectorTunnel '') t11346 'Value' SRC w11389 diag 639 <-> ["#11529(Comparison 'Less?') t13163 'x' SNK w11389 diag 639", "#7311(RightShiftRegister '') t11005 'Value' SNK w11389 diag 639"]
  FACT S1 NODE 11336 class SelectorTunnel :: #11336(SelectorTunnel '') t11338 'Value' SNK w10125 diag 10453 <-> ["#9907(Property '# of Auto-Reset') t9943 'Value' SRC w10125 diag 10453"]
  FACT S1 NODE 11336 class SelectorTunnel :: #11336(SelectorTunnel '') t11342 'Value' SNK w10205 diag 10459 <-> ["#10150(Function 'Increment') t10156 'x+1' SRC w10205 diag 10459", "#10459(Diagram '') t9808 '# of Auto-Reset' SNK w10205 diag 10459"]
  FACT S1 NODE 10285 class Function :: #10285(Function 'Not') t10293 '.not. x?' SRC w3461 diag 639 <-> ["#1469(Property 'Fix to a Certain Pattern') t9452 'Value' SNK w3461 diag 639"]
  FACT S1 NODE 10285 class Function :: #10285(Function 'Not') t10296 'x' SNK w6525 diag 639 <-> ["#10886(CompoundArithmetic 'Compound Arithmetic') t10892 'result' SRC w6525 diag 639"]
  FACT S1 NODE 1469 class Property :: #1469(Property 'Fix to a Certain Pattern') t6380 'reference' SNK w0 diag 639 <-> []
  FACT S1 NODE 1469 class Property :: #1469(Property 'Fix to a Certain Pattern') t8513 'reference out' SRC w0 diag 639 <-> []
  FACT S1 NODE 1469 class Property :: #1469(Property 'Fix to a Certain Pattern') t9438 'error in (no error)' SNK w0 diag 639 <-> []
  FACT S1 NODE 1469 class Property :: #1469(Property 'Fix to a Certain Pattern') t9448 'error out' SRC w0 diag 639 <-> []
  FACT S1 NODE 1469 class Property :: #1469(Property 'Fix to a Certain Pattern') t9452 'Value' SNK w3461 diag 639 <-> ["#10285(Function 'Not') t10293 '.not. x?' SRC w3461 diag 639"]
  FACT S1 EDGE 10382.x <- ["#9647(Function 'And') t9668 'x .and. y?' SRC w9921 diag 639"]
  GATE PASS  S1 10382.x has exactly one source  ["#9647(Function 'And') t9668 'x .and. y?' SRC w9921 diag 639"]
  FACT S1 EDGE 11529.x <- ["#11336(SelectorTunnel '') t11346 'Value' SRC w11389 diag 639"]
  GATE PASS  S1 11529.x has exactly one source  ["#11336(SelectorTunnel '') t11346 'Value' SRC w11389 diag 639"]
  FACT S1 DOWNSTREAM d0 #10886(CompoundArithmetic 'Compound Arithmetic') t10892 'result' SRC w6525 diag 639 -> #10285(Function 'Not') t10296 'x' SNK w6525 diag 639
  FACT S1 DOWNSTREAM d1 #10285(Function 'Not') t10293 '.not. x?' SRC w3461 diag 639 -> #1469(Property 'Fix to a Certain Pattern') t9452 'Value' SNK w3461 diag 639
RESULT {"schema":"result-line/1","status":"PASS","gates":{"pass":3,"fail":0},"first_fail":null,"artefacts":[]}
BGRUN END rc=0 after 7s
