BGRUN START 2026-09-26 17:17:17 limit 10.0 min: py -u tools/stage_prerun.py --dry tools/recipes/stage_d1_fgate.py --graph tools/bench/par1359_95_graph.json
BGRUN PID 25152

---------- [0] FILES ONLY (DRY RUN: no LabVIEW, no copy)
  PASS  K1 input md5 == 3e3d23cefd3a334001aa9d6156bf1aee  got 3e3d23cefd3a334001aa9d6156bf1aee
  PASS  DRY graph JSON for input md5 3e3d23cefd3a334001aa9d6156bf1aee  tools/bench/par1359_95_graph.json
  PASS  K4 MOVE_SRC holds S1's bytes (copy_in donor)
  FACT  ExecState [F0] Test - Moving Objects Target.vi = <dry:g.exec_state>
  UNVERIFIED  F0 ExecState 1 at MOVE_DST  (dry: after mutation g.restore_move_fixtures)
  UNVERIFIED  F2a Q&R #0 and Equal To 0? #0 copies owned by Diagram #639  (dry: after mutation g.restore_move_fixtures)
  FACT  DONOR UNLOAD before the MEMSTOP-metered edits (judgement c97): dry
  FACT  OP build_index_array  -> err '' (0.0 s)
  FACT  MEM after build_index_array: 0.0 MB
  PASS  OP build_index_array  ran without an error  ('', '')
  FACT  OP create_control  -> err '' (0.0 s)
  FACT  MEM after create_control: 0.0 MB
  PASS  OP create_control  ran without an error  ('', '')
  UNVERIFIED  F1a one new control from the carrier IA #0: <dry:g.create_control[1]>  (dry: after mutation g.restore_move_fixtures)
  FACT  OP case_in A -> err '' (0.0 s)
  FACT  MEM after case_in: 0.0 MB
  PASS  OP case_in A ran without an error  ('', '')
  UNVERIFIED  F3 case A #<dry:g.case_in[]> owned by Diagram #7911, 2 frames  (dry: after mutation g.restore_move_fixtures)
  FACT  OP case_in B -> err '' (0.0 s)
  FACT  MEM after case_in: 0.0 MB
  PASS  OP case_in B ran without an error  ('', '')
  UNVERIFIED  F3 case B #<dry:g.case_in[]> owned by Diagram #639, 2 frames  (dry: after mutation g.restore_move_fixtures)
  FACT  OP set_control_label panel[0] -> err '' (0.0 s)
  FACT  MEM after set_control_label: 0.0 MB
  PASS  OP set_control_label panel[0] ran without an error  ('', '')
  FACT  OP set_default  -> err '' (0.0 s)
  FACT  MEM after set_default: 0.0 MB
  PASS  OP set_default  ran without an error  ('', '')
  UNVERIFIED  F1b label 'Force graph: update every N frames' + default 9 read back  (dry: after mutation g.restore_move_fixtures)
  PASS  F1c carrier IA and L's top-level wire gone  (0, None)
  FACT  OP move_in ctl #0 -> err '' (0.0 s)
  FACT  MEM after move_in: 0.0 MB
  PASS  OP move_in ctl #0 ran without an error  ('', '')
  UNVERIFIED  F1d the N control terminal #0 owned by Diagram #639  (dry: after mutation g.restore_move_fixtures)
  FACT  OP connect_from_wire sink D[<dry:g._uid_index>].N[<dry:g._node_index>].t0 <- w3268[0] -> err '' (0.0 s)
  PASS  OP connect_from_wire w3268 -> Q&R.x no error  ('', '')
  FACT  OP wire_control N -> Q&R.y -> err '' (0.0 s)
  FACT  MEM after wire_control: 0.0 MB
  PASS  OP wire_control N -> Q&R.y ran without an error  ('', '')
  FACT  OP connect_nested_v1 rem -> Eq0.x -> err '' (0.0 s)
  FACT  MEM after connect_nested_v1: 0.0 MB
  PASS  OP connect_nested_v1 rem -> Eq0.x ran without an error  ('', '')
  FACT  OP connect_nested_v1 upd -> case B -> err '' (0.0 s)
  FACT  MEM after connect_nested_v1: 0.0 MB
  PASS  OP connect_nested_v1 upd -> case B ran without an error  ('', '')
  FACT  OP connect_nested_v1 upd -> case A -> err '' (0.0 s)
  FACT  MEM after connect_nested_v1: 0.0 MB
  PASS  OP connect_nested_v1 upd -> case A ran without an error  ('', '')
  FACT  ExecState [E1] Test - Moving Objects Target.vi = <dry:g.exec_state>
  FACT  E1 (review c97-fgate-es0) ExecState <dry:g.exec_state>, Invoke 1 after wiring, before moves
  UNVERIFIED  F3b exactly one new #1359 LoopTunnel [], IndexMode 0 (non-indexed)  (dry: after mutation g.restore_move_fixtures)
  UNVERIFIED  F3c one upd wire: B's selector == upd #0 == tunnel outer; tunnel inner == A's selector  (dry: after mutation g.restore_move_fixtures)
  UNVERIFIED  F3d frames ' False '/' True ' after the boolean selectors; True frames {'A': 0, 'B': 0}  (dry: after mutation g.restore_move_fixtures)
  FACT  OP move_into_frame A -> err '' (0.0 s)
  FACT  MEM after move_into_frame: 0.0 MB
  PASS  OP move_into_frame A ran without an error  ('', '')
  PASS  F4 A: every member owned by the ' True ' frame #0  <dry:g.move_into_frame[]>
  UNVERIFIED  F4 A: edge table (src term uid -> sink term uid, new tunnels collapsed) == before (0 edges)  (dry: after mutation g.restore_move_fixtures)
  FACT  OP move_into_frame B -> err '' (0.0 s)
  FACT  MEM after move_into_frame: 0.0 MB
  PASS  OP move_into_frame B ran without an error  ('', '')
  PASS  F4 B: every member owned by the ' True ' frame #0  <dry:g.move_into_frame[]>
  UNVERIFIED  F4 B: edge table (src term uid -> sink term uid, new tunnels collapsed) == before (0 edges)  (dry: after mutation g.restore_move_fixtures)
  UNVERIFIED  F4c case A's output tunnel(s) []: 1 expected (feed LoopTunnel #11363)  (dry: after mutation g.restore_move_fixtures)
  FACT  ExecState [E3] Test - Moving Objects Target.vi = <dry:g.exec_state>
  FACT  E3 ExecState <dry:g.exec_state> after use-default; new tunnels A <dry:g.move_into_frame[]> B <dry:g.move_into_frame[]>
  FACT  CENSUS before {'CaseStructure': 37, 'Diagram': 170, 'Function': 160, 'ControlTerminal': 114, 'SelectorTunnel': 146, 'LoopTunnel': 132, 'Wire': 1899, 'Node': 0, 'Invoke': 1, 'IndexArray': 47} after {'CaseStructure': 37, 'Diagram': 170, 'Function': 160, 'ControlTerminal': 114, 'SelectorTunnel': 146, 'LoopTunnel': 132, 'Wire': 1899, 'Node': 0, 'Invoke': 1, 'IndexArray': 47}
  PASS  F5a Invoke count unchanged (junk purged)  (1, 1)
  UNVERIFIED  F5b untouched objects keep their owners  (dry: after mutation g.restore_move_fixtures)
  FACT  CDIFF rows 0; added []; removed []
  PASS  F5c cdiff(S1, fgate): 0 rows, 0 removed, added only new objects  (0, [])
  FACT  ExecState [warm, before save] Test - Moving Objects Target.vi = <dry:g.exec_state>
  UNVERIFIED  F6a ExecState 1 warm  (dry: after mutation g.restore_move_fixtures)
  PASS  F6b artefact D1_s1_fgate_20260926_171718.vi == the saved bytes  dry0dry0dry0dry0dry0dry0dry0dry0
  FACT  ExecState [cold reload] D1_s1_fgate_20260926_171718.vi = <dry:g.exec_state>
  UNVERIFIED  F6c ExecState 1 COLD in a fresh LabVIEW  (dry: after mutation g.restore_move_fixtures)

=== DRY PASS: first_fail=None coverage 99/106 lines, first mutation g.restore_move_fixtures, unverified 16, graph tools/bench/par1359_95_graph.json
RESULT {"schema":"result-line/1","status":"PASS","gates":{"pass":1,"fail":0},"first_fail":null,"artefacts":[]}
BGRUN END rc=0 after 4s
