BGRUN START 2026-09-07 14:04:48 limit 60.0 min: py -u tools/bench/run_fixture_compare.py --n=11000
loader: 5 beads, cross size 120 xyz0 [708.0, 301.0, 0.0, 392.0, 266.0, 0.0]
frame 4: same=True dt=28 ms  v3[:3]=[708.406, 300.657, 2.922] tra[:3]=[708.406, 300.657, 2.922] dev_vs_tra=0.0000 good=[True, True, True, True, True] pos=[29, 25, 27, 25, 25]
frame 7: same=True dt=19 ms  v3[:3]=[708.405, 300.645, 2.928] tra[:3]=[708.405, 300.645, 2.928] dev_vs_tra=0.0000 good=[True, True, True, True, True] pos=[29, 26, 27, 25, 25]
frame 8: same=True dt=18 ms  v3[:3]=[708.403, 300.664, 2.919] tra[:3]=[708.403, 300.664, 2.919] dev_vs_tra=0.0000 good=[True, True, True, True, True] pos=[29, 25, 26, 26, 24]
frame 11: same=True dt=18 ms  v3[:3]=[708.399, 300.642, 2.931] tra[:3]=[708.399, 300.642, 2.931] dev_vs_tra=0.0000 good=[True, True, True, True, True] pos=[29, 26, 27, 26, 25]
frame 12: same=True dt=18 ms  v3[:3]=[708.407, 300.643, 2.922] tra[:3]=[708.407, 300.643, 2.922] dev_vs_tra=0.0000 good=[True, True, True, True, True] pos=[29, 26, 26, 26, 24]
frame 58: same=True dt=23 ms  v3[:3]=[708.44, 300.651, 2.942] tra[:3]=[708.44, 300.651, 2.942] dev_vs_tra=0.0000 good=[True, True, True, True, True] pos=[29, 25, 27, 25, 24]
frame 108: same=True dt=21 ms  v3[:3]=[708.425, 300.615, 2.963] tra[:3]=[708.425, 300.615, 2.963] dev_vs_tra=0.0000 good=[True, True, True, True, True] pos=[30, 25, 27, 25, 25]
frame 163: same=True dt=23 ms  v3[:3]=[708.452, 300.601, 2.967] tra[:3]=[708.452, 300.601, 2.967] dev_vs_tra=0.0000 good=[True, True, True, True, True] pos=[30, 26, 27, 25, 25]
frame 215: same=True dt=22 ms  v3[:3]=[708.456, 300.64, 2.979] tra[:3]=[708.456, 300.64, 2.979] dev_vs_tra=0.0000 good=[True, True, True, True, True] pos=[30, 26, 27, 25, 25]
frame 265: same=True dt=22 ms  v3[:3]=[708.476, 300.669, 2.976] tra[:3]=[708.476, 300.669, 2.976] dev_vs_tra=0.0000 good=[True, True, True, True, True] pos=[30, 26, 27, 25, 25]
frame 315: same=True dt=24 ms  v3[:3]=[708.472, 300.69, 2.972] tra[:3]=[708.472, 300.69, 2.972] dev_vs_tra=0.0000 good=[True, True, True, True, True] pos=[30, 25, 26, 24, 25]
frame 369: same=True dt=23 ms  v3[:3]=[708.467, 300.672, 2.971] tra[:3]=[708.467, 300.672, 2.971] dev_vs_tra=0.0000 good=[True, True, True, True, True] pos=[30, 25, 27, 25, 24]
frame 433: same=True dt=23 ms  v3[:3]=[708.448, 300.658, 2.967] tra[:3]=[708.448, 300.658, 2.967] dev_vs_tra=0.0000 good=[True, True, True, True, True] pos=[30, 25, 27, 25, 25]
frame 496: same=True dt=23 ms  v3[:3]=[708.438, 300.652, 2.999] tra[:3]=[708.438, 300.652, 2.999] dev_vs_tra=0.0000 good=[True, True, True, True, True] pos=[30, 20, 22, 18, 25]
frame 548: same=True dt=24 ms  v3[:3]=[708.435, 300.596, 2.985] tra[:3]=[708.435, 300.596, 2.985] dev_vs_tra=0.0000 good=[True, True, True, True, True] pos=[30, 16, 14, 14, 25]
frame 600: same=True dt=23 ms  v3[:3]=[708.424, 300.58, 2.977] tra[:3]=[708.424, 300.58, 2.977] dev_vs_tra=0.0000 good=[True, True, True, True, True] pos=[31, 17, 14, 15, 24]
frame 653: same=True dt=23 ms  v3[:3]=[708.391, 300.643, 2.919] tra[:3]=[708.391, 300.643, 2.919] dev_vs_tra=0.0000 good=[True, True, True, True, True] pos=[31, 16, 14, 14, 23]
frame 705: same=True dt=22 ms  v3[:3]=[708.392, 300.627, 2.884] tra[:3]=[708.392, 300.627, 2.884] dev_vs_tra=0.0000 good=[True, True, True, True, True] pos=[30, 16, 13, 14, 23]
frame 757: same=True dt=25 ms  v3[:3]=[708.423, 300.573, 2.89] tra[:3]=[708.423, 300.573, 2.89] dev_vs_tra=0.0000 good=[True, True, True, True, True] pos=[30, 16, 13, 14, 23]
frame 807: same=True dt=23 ms  v3[:3]=[708.413, 300.577, 2.89] tra[:3]=[708.413, 300.577, 2.89] dev_vs_tra=0.0000 good=[True, True, True, True, True] pos=[29, 15, 12, 13, 23]
frame 895: same=True dt=23 ms  v3[:3]=[708.449, 300.599, 2.918] tra[:3]=[708.449, 300.599, 2.918] dev_vs_tra=0.0000 good=[True, True, True, True, True] pos=[29, 15, 12, 13, 24]
frame 948: same=True dt=24 ms  v3[:3]=[708.518, 300.642, 2.948] tra[:3]=[708.518, 300.642, 2.948] dev_vs_tra=0.0000 good=[True, True, True, True, True] pos=[29, 16, 15, 17, 24]
frame 998: same=True dt=22 ms  v3[:3]=[708.522, 300.61, 2.983] tra[:3]=[708.522, 300.61, 2.983] dev_vs_tra=0.0000 good=[True, True, True, True, True] pos=[30, 30, 30, 30, 28]
frame 1048: same=True dt=24 ms  v3[:3]=[708.496, 300.612, 2.972] tra[:3]=[708.496, 300.612, 2.972] dev_vs_tra=0.0000 good=[True, True, True, True, True] pos=[30, 30, 30, 30, 29]
frame 1133: same=True dt=23 ms  v3[:3]=[708.499, 300.635, 2.99] tra[:3]=[708.499, 300.635, 2.99] dev_vs_tra=0.0000 good=[True, True, True, True, True] pos=[30, 30, 30, 30, 29]
frame 1183: same=True dt=22 ms  v3[:3]=[708.506, 300.662, 2.982] tra[:3]=[708.506, 300.662, 2.982] dev_vs_tra=0.0000 good=[True, True, True, True, True] pos=[30, 30, 30, 30, 29]
frame 1233: same=True dt=24 ms  v3[:3]=[708.508, 300.669, 2.975] tra[:3]=[708.508, 300.669, 2.975] dev_vs_tra=0.0000 good=[True, True, True, True, True] pos=[30, 30, 30, 30, 29]
frame 1283: same=True dt=22 ms  v3[:3]=[708.484, 300.67, 2.971] tra[:3]=[708.484, 300.67, 2.971] dev_vs_tra=0.0000 good=[True, True, True, True, True] pos=[30, 30, 30, 30, 29]
frame 1366: same=True dt=22 ms  v3[:3]=[708.469, 300.658, 2.966] tra[:3]=[708.469, 300.658, 2.966] dev_vs_tra=0.0000 good=[True, True, True, True, True] pos=[29, 30, 30, 30, 29]
frame 1416: same=True dt=23 ms  v3[:3]=[708.469, 300.671, 2.993] tra[:3]=[708.469, 300.671, 2.993] dev_vs_tra=0.0000 good=[True, True, True, True, True] pos=[30, 30, 30, 30, 29]
frame 1466: same=True dt=23 ms  v3[:3]=[708.467, 300.702, 3.003] tra[:3]=[708.467, 300.702, 3.003] dev_vs_tra=0.0000 good=[True, True, True, True, True] pos=[30, 30, 30, 30, 29]
frame 1516: same=True dt=23 ms  v3[:3]=[708.48, 300.699, 3.003] tra[:3]=[708.48, 300.699, 3.003] dev_vs_tra=0.0000 good=[True, True, True, True, True] pos=[30, 30, 30, 30, 29]
frame 1606: same=True dt=22 ms  v3[:3]=[708.453, 300.59, 3.005] tra[:3]=[708.453, 300.59, 3.005] dev_vs_tra=0.0000 good=[True, True, True, True, True] pos=[30, 29, 29, 29, 28]
frame 1656: same=True dt=25 ms  v3[:3]=[708.46, 300.549, 3.025] tra[:3]=[708.46, 300.549, 3.025] dev_vs_tra=0.0000 good=[True, True, True, True, True] pos=[30, 26, 28, 25, 26]
frame 1706: same=True dt=23 ms  v3[:3]=[708.476, 300.572, 3.031] tra[:3]=[708.476, 300.572, 3.031] dev_vs_tra=0.0000 good=[True, True, True, True, True] pos=[30, 26, 28, 26, 26]
frame 1756: same=True dt=23 ms  v3[:3]=[708.486, 300.597, 3.027] tra[:3]=[708.486, 300.597, 3.027] dev_vs_tra=0.0000 good=[True, True, True, True, True] pos=[30, 27, 28, 26, 25]
frame 1842: same=True dt=22 ms  v3[:3]=[708.492, 300.566, 3.026] tra[:3]=[708.492, 300.566, 3.026] dev_vs_tra=0.0000 good=[True, True, True, True, True] pos=[30, 26, 27, 25, 25]
frame 1894: same=True dt=23 ms  v3[:3]=[708.488, 300.55, 3.02] tra[:3]=[708.488, 300.55, 3.02] dev_vs_tra=0.0000 good=[True, True, True, True, True] pos=[30, 25, 28, 25, 26]
frame 1958: same=True dt=23 ms  v3[:3]=[708.481, 300.541, 3.025] tra[:3]=[708.481, 300.541, 3.025] dev_vs_tra=0.0000 good=[True, True, True, True, True] pos=[30, 25, 27, 25, 25]
frame 2008: same=True dt=22 ms  v3[:3]=[708.482, 300.544, 3.024] tra[:3]=[708.482, 300.544, 3.024] dev_vs_tra=0.0000 good=[True, True, True, True, True] pos=[30, 25, 28, 25, 26]
frame 2096: same=True dt=21 ms  v3[:3]=[708.452, 300.56, 3.024] tra[:3]=[708.452, 300.56, 3.024] dev_vs_tra=0.0000 good=[True, True, True, True, True] pos=[30, 25, 27, 25, 26]
frame 2149: same=True dt=22 ms  v3[:3]=[708.446, 300.567, 3.025] tra[:3]=[708.446, 300.567, 3.025] dev_vs_tra=0.0000 good=[True, True, True, True, True] pos=[30, 26, 27, 24, 26]
frame 2199: same=True dt=23 ms  v3[:3]=[708.464, 300.547, 3.031] tra[:3]=[708.464, 300.547, 3.031] dev_vs_tra=0.0000 good=[True, True, True, True, True] pos=[30, 25, 27, 25, 26]
frame 2257: same=True dt=22 ms  v3[:3]=[708.429, 300.529, 3.032] tra[:3]=[708.429, 300.529, 3.032] dev_vs_tra=0.0000 good=[True, True, True, True, True] pos=[30, 26, 28, 25, 26]
frame 2342: same=True dt=23 ms  v3[:3]=[708.419, 300.548, 3.044] tra[:3]=[708.419, 300.548, 3.044] dev_vs_tra=0.0000 good=[True, True, True, True, True] pos=[30, 24, 26, 25, 26]
frame 2392: same=True dt=23 ms  v3[:3]=[708.427, 300.546, 3.021] tra[:3]=[708.427, 300.546, 3.021] dev_vs_tra=0.0000 good=[True, True, True, True, True] pos=[30, 25, 25, 25, 26]
frame 2442: same=True dt=23 ms  v3[:3]=[708.424, 300.538, 3.011] tra[:3]=[708.424, 300.538, 3.011] dev_vs_tra=0.0000 good=[True, True, True, True, True] pos=[30, 24, 26, 24, 25]
frame 2492: same=True dt=23 ms  v3[:3]=[708.448, 300.563, 3.017] tra[:3]=[708.448, 300.563, 3.017] dev_vs_tra=0.0000 good=[True, True, True, True, True] pos=[30, 24, 26, 25, 25]
frame 2576: same=True dt=22 ms  v3[:3]=[708.436, 300.571, 3.01] tra[:3]=[708.436, 300.571, 3.01] dev_vs_tra=0.0000 good=[True, True, True, True, True] pos=[30, 25, 26, 26, 25]
frame 2626: same=True dt=22 ms  v3[:3]=[708.443, 300.561, 3.013] tra[:3]=[708.443, 300.561, 3.013] dev_vs_tra=0.0000 good=[True, True, True, True, True] pos=[30, 26, 26, 25, 25]
frame 2678: same=True dt=28 ms  v3[:3]=[708.428, 300.553, 3.015] tra[:3]=[708.428, 300.553, 3.015] dev_vs_tra=0.0000 good=[True, True, True, True, True] pos=[30, 25, 26, 25, 25]
frame 2728: same=True dt=23 ms  v3[:3]=[708.432, 300.537, 3.002] tra[:3]=[708.432, 300.537, 3.002] dev_vs_tra=0.0000 good=[True, True, True, True, True] pos=[30, 25, 26, 24, 25]
frame 2778: same=True dt=24 ms  v3[:3]=[708.444, 300.557, 3.003] tra[:3]=[708.444, 300.557, 3.003] dev_vs_tra=0.0000 good=[True, True, True, True, True] pos=[30, 25, 26, 25, 26]
frame 2858: same=True dt=22 ms  v3[:3]=[708.436, 300.492, 3.019] tra[:3]=[708.436, 300.492, 3.019] dev_vs_tra=0.0000 good=[True, True, True, True, True] pos=[30, 25, 27, 25, 26]
frame 2908: same=True dt=22 ms  v3[:3]=[708.442, 300.503, 3.019] tra[:3]=[708.442, 300.503, 3.019] dev_vs_tra=0.0000 good=[True, True, True, True, True] pos=[30, 25, 27, 25, 25]
frame 2958: same=True dt=23 ms  v3[:3]=[708.432, 300.508, 3.02] tra[:3]=[708.432, 300.508, 3.02] dev_vs_tra=0.0000 good=[True, True, True, True, True] pos=[30, 25, 27, 25, 25]
frame 3008: same=True dt=27 ms  v3[:3]=[708.424, 300.508, 3.018] tra[:3]=[708.424, 300.508, 3.018] dev_vs_tra=0.0000 good=[True, True, True, True, True] pos=[30, 26, 27, 26, 26]
frame 3085: same=True dt=22 ms  v3[:3]=[708.412, 300.524, 3.014] tra[:3]=[708.412, 300.524, 3.014] dev_vs_tra=0.0000 good=[True, True, True, True, True] pos=[30, 26, 27, 25, 26]
frame 3135: same=True dt=24 ms  v3[:3]=[708.409, 300.525, 3.015] tra[:3]=[708.409, 300.525, 3.015] dev_vs_tra=0.0000 good=[True, True, True, True, True] pos=[30, 26, 27, 26, 26]
frame 3185: same=True dt=23 ms  v3[:3]=[708.41, 300.569, 3.024] tra[:3]=[708.41, 300.569, 3.024] dev_vs_tra=0.0000 good=[True, True, True, True, True] pos=[30, 26, 27, 26, 25]
frame 3235: same=True dt=23 ms  v3[:3]=[708.422, 300.544, 3.034] tra[:3]=[708.422, 300.544, 3.034] dev_vs_tra=0.0000 good=[True, True, True, True, True] pos=[30, 26, 27, 26, 26]
frame 3287: same=True dt=25 ms  v3[:3]=[708.426, 300.539, 3.036] tra[:3]=[708.426, 300.539, 3.036] dev_vs_tra=0.0000 good=[True, True, True, True, True] pos=[30, 26, 27, 26, 26]
frame 3337: same=True dt=22 ms  v3[:3]=[708.446, 300.528, 3.037] tra[:3]=[708.446, 300.528, 3.037] dev_vs_tra=0.0000 good=[True, True, True, True, True] pos=[30, 26, 28, 26, 26]
frame 3389: same=True dt=27 ms  v3[:3]=[708.445, 300.513, 3.044] tra[:3]=[708.445, 300.513, 3.044] dev_vs_tra=0.0000 good=[True, True, True, True, True] pos=[30, 25, 27, 27, 27]
frame 3439: same=True dt=22 ms  v3[:3]=[708.453, 300.488, 3.044] tra[:3]=[708.453, 300.488, 3.044] dev_vs_tra=0.0000 good=[True, True, True, True, True] pos=[30, 26, 28, 27, 26]
frame 3524: same=True dt=24 ms  v3[:3]=[708.433, 300.478, 3.06] tra[:3]=[708.433, 300.478, 3.06] dev_vs_tra=0.0000 good=[True, True, True, True, True] pos=[31, 28, 28, 27, 26]
frame 3574: same=True dt=22 ms  v3[:3]=[708.438, 300.485, 3.038] tra[:3]=[708.438, 300.485, 3.038] dev_vs_tra=0.0000 good=[True, True, True, True, True] pos=[30, 27, 29, 27, 26]
frame 3624: same=True dt=23 ms  v3[:3]=[708.435, 300.45, 3.035] tra[:3]=[708.435, 300.45, 3.035] dev_vs_tra=0.0000 good=[True, True, True, True, True] pos=[30, 27, 29, 27, 26]
frame 3676: same=True dt=22 ms  v3[:3]=[708.417, 300.422, 3.04] tra[:3]=[708.417, 300.422, 3.04] dev_vs_tra=0.0000 good=[True, True, True, True, True] pos=[30, 27, 29, 27, 26]
frame 3761: same=True dt=23 ms  v3[:3]=[708.445, 300.424, 3.029] tra[:3]=[708.445, 300.424, 3.029] dev_vs_tra=0.0000 good=[True, True, True, True, True] pos=[30, 27, 29, 28, 26]
frame 3820: same=True dt=28 ms  v3[:3]=[708.45, 300.401, 3.025] tra[:3]=[708.45, 300.401, 3.025] dev_vs_tra=0.0000 good=[True, True, True, True, True] pos=[30, 27, 29, 27, 26]
frame 3870: same=True dt=23 ms  v3[:3]=[708.451, 300.401, 3.033] tra[:3]=[708.451, 300.401, 3.033] dev_vs_tra=0.0000 good=[True, True, True, True, True] pos=[30, 28, 29, 27, 26]
frame 3920: same=True dt=22 ms  v3[:3]=[708.415, 300.365, 3.029] tra[:3]=[708.415, 300.365, 3.029] dev_vs_tra=0.0000 good=[True, True, True, True, True] pos=[30, 27, 29, 27, 26]
frame 4002: same=True dt=23 ms  v3[:3]=[708.443, 300.353, 3.05] tra[:3]=[708.443, 300.353, 3.05] dev_vs_tra=0.0000 good=[True, True, True, True, True] pos=[30, 28, 29, 28, 26]
frame 4052: same=True dt=23 ms  v3[:3]=[708.447, 300.362, 3.041] tra[:3]=[708.447, 300.362, 3.041] dev_vs_tra=0.0000 good=[True, True, True, True, True] pos=[30, 27, 29, 28, 26]
frame 4102: same=True dt=22 ms  v3[:3]=[708.467, 300.36, 3.037] tra[:3]=[708.467, 300.36, 3.037] dev_vs_tra=0.0000 good=[True, True, True, True, True] pos=[30, 28, 29, 28, 26]
frame 4168: same=True dt=23 ms  v3[:3]=[708.466, 300.355, 3.037] tra[:3]=[708.466, 300.355, 3.037] dev_vs_tra=0.0000 good=[True, True, True, True, True] pos=[30, 28, 29, 28, 26]
frame 4252: same=True dt=22 ms  v3[:3]=[708.442, 300.307, 3.042] tra[:3]=[708.442, 300.307, 3.042] dev_vs_tra=0.0000 good=[True, True, True, True, True] pos=[30, 28, 29, 28, 26]
frame 4302: same=True dt=22 ms  v3[:3]=[708.408, 300.257, 3.045] tra[:3]=[708.408, 300.257, 3.045] dev_vs_tra=0.0000 good=[True, True, True, True, True] pos=[30, 28, 29, 28, 26]
frame 4355: same=True dt=24 ms  v3[:3]=[708.433, 300.205, 3.049] tra[:3]=[708.433, 300.205, 3.049] dev_vs_tra=0.0000 good=[True, True, True, True, True] pos=[30, 28, 29, 28, 26]
frame 4405: same=True dt=23 ms  v3[:3]=[708.461, 300.218, 3.042] tra[:3]=[708.461, 300.218, 3.042] dev_vs_tra=0.0000 good=[True, True, True, True, True] pos=[30, 28, 30, 29, 26]
frame 4486: same=True dt=23 ms  v3[:3]=[708.464, 300.189, 3.054] tra[:3]=[708.464, 300.189, 3.054] dev_vs_tra=0.0000 good=[True, True, True, True, True] pos=[30, 28, 29, 28, 27]
frame 4536: same=True dt=24 ms  v3[:3]=[708.441, 300.162, 3.059] tra[:3]=[708.441, 300.162, 3.059] dev_vs_tra=0.0000 good=[True, True, True, True, True] pos=[30, 28, 30, 28, 27]
frame 4586: same=True dt=22 ms  v3[:3]=[708.451, 300.172, 3.049] tra[:3]=[708.451, 300.172, 3.049] dev_vs_tra=0.0000 good=[True, True, True, True, True] pos=[30, 28, 30, 29, 27]
frame 4636: same=True dt=26 ms  v3[:3]=[708.447, 300.151, 3.055] tra[:3]=[708.447, 300.151, 3.055] dev_vs_tra=0.0000 good=[True, True, True, True, True] pos=[30, 28, 30, 29, 27]
frame 4720: same=True dt=24 ms  v3[:3]=[708.429, 300.185, 3.043] tra[:3]=[708.429, 300.185, 3.043] dev_vs_tra=0.0000 good=[True, True, True, True, True] pos=[30, 28, 29, 29, 26]
frame 4779: same=True dt=23 ms  v3[:3]=[708.409, 300.157, 3.043] tra[:3]=[708.409, 300.157, 3.043] dev_vs_tra=0.0000 good=[True, True, True, True, True] pos=[30, 28, 30, 29, 26]
frame 4836: same=True dt=23 ms  v3[:3]=[708.418, 300.132, 3.056] tra[:3]=[708.418, 300.132, 3.056] dev_vs_tra=0.0000 good=[True, True, True, True, True] pos=[30, 28, 30, 29, 27]
frame 4886: same=True dt=23 ms  v3[:3]=[708.425, 300.126, 3.04] tra[:3]=[708.425, 300.126, 3.04] dev_vs_tra=0.0000 good=[True, True, True, True, True] pos=[30, 28, 29, 29, 27]
frame 4975: same=True dt=26 ms  v3[:3]=[708.422, 300.144, 3.053] tra[:3]=[708.422, 300.144, 3.053] dev_vs_tra=0.0000 good=[True, True, True, True, True] pos=[30, 28, 30, 29, 27]
frame 5025: same=True dt=23 ms  v3[:3]=[708.427, 300.166, 3.047] tra[:3]=[708.427, 300.166, 3.047] dev_vs_tra=0.0000 good=[True, True, True, True, True] pos=[30, 28, 30, 29, 27]
frame 5077: same=True dt=22 ms  v3[:3]=[708.431, 300.147, 3.05] tra[:3]=[708.431, 300.147, 3.05] dev_vs_tra=0.0000 good=[True, True, True, True, True] pos=[30, 28, 30, 29, 27]
frame 5137: same=True dt=23 ms  v3[:3]=[708.402, 300.181, 3.05] tra[:3]=[708.402, 300.181, 3.05] dev_vs_tra=0.0000 good=[True, True, True, True, True] pos=[30, 29, 30, 29, 27]
frame 5220: same=True dt=23 ms  v3[:3]=[708.374, 300.194, 3.064] tra[:3]=[708.374, 300.194, 3.064] dev_vs_tra=0.0000 good=[True, True, True, True, True] pos=[31, 29, 30, 29, 27]
frame 5270: same=True dt=23 ms  v3[:3]=[708.376, 300.194, 3.023] tra[:3]=[708.376, 300.194, 3.023] dev_vs_tra=0.0000 good=[True, True, True, True, True] pos=[30, 29, 30, 29, 27]
frame 5320: same=True dt=23 ms  v3[:3]=[708.365, 300.193, 3.032] tra[:3]=[708.365, 300.193, 3.032] dev_vs_tra=0.0000 good=[True, True, True, True, True] pos=[30, 29, 30, 29, 27]
frame 5370: same=True dt=23 ms  v3[:3]=[708.378, 300.189, 3.031] tra[:3]=[708.378, 300.189, 3.031] dev_vs_tra=0.0000 good=[True, True, True, True, True] pos=[30, 29, 29, 29, 27]
frame 5454: same=True dt=23 ms  v3[:3]=[708.363, 300.141, 3.032] tra[:3]=[708.363, 300.141, 3.032] dev_vs_tra=0.0000 good=[True, True, True, True, True] pos=[30, 29, 30, 29, 27]
frame 5504: same=True dt=23 ms  v3[:3]=[708.378, 300.166, 3.035] tra[:3]=[708.378, 300.166, 3.035] dev_vs_tra=0.0000 good=[True, True, True, True, True] pos=[30, 29, 30, 29, 27]
frame 5554: same=True dt=23 ms  v3[:3]=[708.384, 300.205, 3.034] tra[:3]=[708.384, 300.205, 3.034] dev_vs_tra=0.0000 good=[True, True, True, True, True] pos=[30, 29, 30, 29, 27]
frame 5617: same=True dt=22 ms  v3[:3]=[708.411, 300.211, 3.037] tra[:3]=[708.411, 300.211, 3.037] dev_vs_tra=0.0000 good=[True, True, True, True, True] pos=[30, 29, 30, 29, 27]
frame 5705: same=True dt=22 ms  v3[:3]=[708.422, 300.215, 3.043] tra[:3]=[708.422, 300.215, 3.043] dev_vs_tra=0.0000 good=[True, True, True, True, True] pos=[30, 29, 30, 29, 27]
frame 5755: same=True dt=23 ms  v3[:3]=[708.416, 300.217, 3.033] tra[:3]=[708.416, 300.217, 3.033] dev_vs_tra=0.0000 good=[True, True, True, True, True] pos=[30, 29, 30, 29, 27]
frame 5805: same=True dt=25 ms  v3[:3]=[708.412, 300.202, 3.044] tra[:3]=[708.412, 300.202, 3.044] dev_vs_tra=0.0000 good=[True, True, True, True, True] pos=[30, 29, 30, 29, 27]
frame 5855: same=True dt=22 ms  v3[:3]=[708.407, 300.177, 3.045] tra[:3]=[708.407, 300.177, 3.045] dev_vs_tra=0.0000 good=[True, True, True, True, True] pos=[30, 29, 30, 29, 27]
frame 5938: same=True dt=24 ms  v3[:3]=[708.458, 300.174, 3.066] tra[:3]=[708.458, 300.174, 3.066] dev_vs_tra=0.0000 good=[True, True, True, True, True] pos=[31, 29, 30, 30, 27]
frame 5988: same=True dt=22 ms  v3[:3]=[708.495, 300.172, 3.046] tra[:3]=[708.495, 300.172, 3.046] dev_vs_tra=0.0000 good=[True, True, True, True, True] pos=[30, 29, 30, 30, 28]
frame 6038: same=True dt=23 ms  v3[:3]=[708.51, 300.131, 3.047] tra[:3]=[708.51, 300.131, 3.047] dev_vs_tra=0.0000 good=[True, True, True, True, True] pos=[30, 29, 30, 30, 27]
frame 6088: same=True dt=23 ms  v3[:3]=[708.509, 300.126, 3.042] tra[:3]=[708.509, 300.126, 3.042] dev_vs_tra=0.0000 good=[True, True, True, True, True] pos=[30, 29, 30, 29, 28]
frame 6138: same=True dt=23 ms  v3[:3]=[708.522, 300.103, 3.05] tra[:3]=[708.522, 300.103, 3.05] dev_vs_tra=0.0000 good=[True, True, True, True, True] pos=[30, 29, 30, 30, 28]
frame 6222: same=True dt=23 ms  v3[:3]=[708.519, 300.073, 3.036] tra[:3]=[708.519, 300.073, 3.036] dev_vs_tra=0.0000 good=[True, True, True, True, True] pos=[30, 29, 30, 30, 28]
frame 6272: same=True dt=22 ms  v3[:3]=[708.484, 300.07, 3.035] tra[:3]=[708.484, 300.07, 3.035] dev_vs_tra=0.0000 good=[True, True, True, True, True] pos=[30, 29, 30, 30, 28]
frame 6322: same=True dt=24 ms  v3[:3]=[708.497, 300.072, 3.034] tra[:3]=[708.497, 300.072, 3.034] dev_vs_tra=0.0000 good=[True, True, True, True, True] pos=[30, 29, 30, 30, 28]
frame 6372: same=True dt=23 ms  v3[:3]=[708.497, 300.052, 3.041] tra[:3]=[708.497, 300.052, 3.041] dev_vs_tra=0.0000 good=[True, True, True, True, True] pos=[30, 29, 30, 30, 28]
frame 6454: same=True dt=22 ms  v3[:3]=[708.471, 300.008, 3.033] tra[:3]=[708.471, 300.008, 3.033] dev_vs_tra=0.0000 good=[True, True, True, True, True] pos=[30, 29, 30, 30, 28]
frame 6504: same=True dt=22 ms  v3[:3]=[708.455, 299.985, 3.034] tra[:3]=[708.455, 299.985, 3.034] dev_vs_tra=0.0000 good=[True, True, True, True, True] pos=[30, 29, 30, 30, 28]
frame 6554: same=True dt=23 ms  v3[:3]=[708.475, 299.981, 3.027] tra[:3]=[708.475, 299.981, 3.027] dev_vs_tra=0.0000 good=[True, True, True, True, True] pos=[30, 29, 30, 30, 28]
frame 6604: same=True dt=24 ms  v3[:3]=[708.481, 300.025, 3.007] tra[:3]=[708.481, 300.025, 3.007] dev_vs_tra=0.0000 good=[True, True, True, True, True] pos=[30, 29, 30, 29, 27]
frame 6690: same=True dt=23 ms  v3[:3]=[708.406, 300.003, 3.018] tra[:3]=[708.406, 300.003, 3.018] dev_vs_tra=0.0000 good=[True, True, True, True, True] pos=[30, 29, 30, 30, 28]
frame 6742: same=True dt=25 ms  v3[:3]=[708.428, 300.025, 3.035] tra[:3]=[708.428, 300.025, 3.035] dev_vs_tra=0.0000 good=[True, True, True, True, True] pos=[30, 30, 30, 30, 28]
frame 6816: same=True dt=24 ms  v3[:3]=[708.358, 299.996, 3.042] tra[:3]=[708.358, 299.996, 3.042] dev_vs_tra=0.0000 good=[True, True, True, True, True] pos=[30, 29, 30, 30, 28]
frame 6866: same=True dt=23 ms  v3[:3]=[708.342, 299.973, 3.033] tra[:3]=[708.342, 299.973, 3.033] dev_vs_tra=0.0000 good=[True, True, True, True, True] pos=[30, 30, 30, 30, 28]
frame 6950: same=True dt=27 ms  v3[:3]=[708.345, 299.976, 3.039] tra[:3]=[708.345, 299.976, 3.039] dev_vs_tra=0.0000 good=[True, True, True, True, True] pos=[30, 29, 30, 30, 28]
frame 7006: same=True dt=22 ms  v3[:3]=[708.335, 299.962, 3.028] tra[:3]=[708.335, 299.962, 3.028] dev_vs_tra=0.0000 good=[True, True, True, True, True] pos=[30, 30, 30, 30, 29]
frame 7064: same=True dt=23 ms  v3[:3]=[708.341, 299.971, 3.033] tra[:3]=[708.341, 299.971, 3.033] dev_vs_tra=0.0000 good=[True, True, True, True, True] pos=[30, 30, 30, 30, 29]
frame 7114: same=True dt=23 ms  v3[:3]=[708.346, 299.949, 3.03] tra[:3]=[708.346, 299.949, 3.03] dev_vs_tra=0.0000 good=[True, True, True, True, True] pos=[30, 30, 30, 30, 29]
frame 7196: same=True dt=24 ms  v3[:3]=[708.327, 299.917, 3.035] tra[:3]=[708.327, 299.917, 3.035] dev_vs_tra=0.0000 good=[True, True, True, True, True] pos=[30, 30, 30, 30, 29]
frame 7246: same=True dt=22 ms  v3[:3]=[708.325, 299.939, 3.039] tra[:3]=[708.325, 299.939, 3.039] dev_vs_tra=0.0000 good=[True, True, True, True, True] pos=[30, 30, 30, 30, 29]
frame 7296: same=True dt=23 ms  v3[:3]=[708.329, 299.92, 3.033] tra[:3]=[708.329, 299.92, 3.033] dev_vs_tra=0.0000 good=[True, True, True, True, True] pos=[30, 30, 30, 30, 29]
frame 7346: same=True dt=25 ms  v3[:3]=[708.309, 299.886, 3.034] tra[:3]=[708.309, 299.886, 3.034] dev_vs_tra=0.0000 good=[True, True, True, True, True] pos=[30, 30, 30, 30, 29]
frame 7430: same=True dt=22 ms  v3[:3]=[708.319, 299.889, 3.051] tra[:3]=[708.319, 299.889, 3.051] dev_vs_tra=0.0000 good=[True, True, True, True, True] pos=[30, 30, 30, 30, 29]
frame 7480: same=True dt=23 ms  v3[:3]=[708.294, 299.882, 3.054] tra[:3]=[708.294, 299.882, 3.054] dev_vs_tra=0.0000 good=[True, True, True, True, True] pos=[30, 30, 30, 30, 30]
frame 7530: same=True dt=21 ms  v3[:3]=[708.298, 299.883, 3.06] tra[:3]=[708.298, 299.883, 3.06] dev_vs_tra=0.0000 good=[True, True, True, True, True] pos=[30, 30, 31, 30, 29]
frame 7580: same=True dt=28 ms  v3[:3]=[708.292, 299.884, 3.064] tra[:3]=[708.292, 299.884, 3.064] dev_vs_tra=0.0000 good=[True, True, True, True, True] pos=[30, 30, 31, 31, 29]
frame 7667: same=True dt=22 ms  v3[:3]=[708.297, 299.892, 3.067] tra[:3]=[708.297, 299.892, 3.067] dev_vs_tra=0.0000 good=[True, True, True, True, True] pos=[31, 30, 31, 30, 30]
frame 7719: same=True dt=23 ms  v3[:3]=[708.28, 299.907, 3.042] tra[:3]=[708.28, 299.907, 3.042] dev_vs_tra=0.0000 good=[True, True, True, True, True] pos=[30, 30, 30, 30, 30]
frame 7769: same=True dt=22 ms  v3[:3]=[708.291, 299.911, 3.04] tra[:3]=[708.291, 299.911, 3.04] dev_vs_tra=0.0000 good=[True, True, True, True, True] pos=[30, 30, 31, 30, 30]
frame 7821: same=True dt=23 ms  v3[:3]=[708.298, 299.885, 3.051] tra[:3]=[708.298, 299.885, 3.051] dev_vs_tra=0.0000 good=[True, True, True, True, True] pos=[30, 30, 31, 30, 30]
frame 7906: same=True dt=23 ms  v3[:3]=[708.291, 299.878, 3.042] tra[:3]=[708.291, 299.878, 3.042] dev_vs_tra=0.0000 good=[True, True, True, True, True] pos=[30, 30, 31, 30, 30]
frame 7956: same=True dt=23 ms  v3[:3]=[708.298, 299.875, 3.054] tra[:3]=[708.298, 299.875, 3.054] dev_vs_tra=0.0000 good=[True, True, True, True, True] pos=[30, 30, 31, 30, 30]
frame 8008: same=True dt=25 ms  v3[:3]=[708.285, 299.859, 3.055] tra[:3]=[708.285, 299.859, 3.055] dev_vs_tra=0.0000 good=[True, True, True, True, True] pos=[30, 30, 31, 31, 30]
frame 8060: same=True dt=24 ms  v3[:3]=[708.302, 299.912, 3.042] tra[:3]=[708.302, 299.912, 3.042] dev_vs_tra=0.0000 good=[True, True, True, True, True] pos=[30, 30, 31, 31, 31]
frame 8141: same=True dt=22 ms  v3[:3]=[708.301, 299.903, 3.051] tra[:3]=[708.301, 299.903, 3.051] dev_vs_tra=0.0000 good=[True, True, True, True, True] pos=[30, 31, 31, 31, 30]
frame 8195: same=True dt=23 ms  v3[:3]=[708.307, 299.904, 3.055] tra[:3]=[708.307, 299.904, 3.055] dev_vs_tra=0.0000 good=[True, True, True, True, True] pos=[30, 30, 31, 31, 31]
frame 8245: same=True dt=23 ms  v3[:3]=[708.302, 299.9, 3.057] tra[:3]=[708.302, 299.9, 3.057] dev_vs_tra=0.0000 good=[True, True, True, True, True] pos=[30, 31, 31, 31, 31]
frame 8295: same=True dt=25 ms  v3[:3]=[708.297, 299.889, 3.066] tra[:3]=[708.297, 299.889, 3.066] dev_vs_tra=0.0000 good=[True, True, True, True, True] pos=[30, 31, 31, 31, 31]
frame 8380: same=True dt=23 ms  v3[:3]=[708.288, 299.892, 3.061] tra[:3]=[708.288, 299.892, 3.061] dev_vs_tra=0.0000 good=[True, True, True, True, True] pos=[30, 31, 31, 31, 31]
frame 8430: same=True dt=22 ms  v3[:3]=[708.279, 299.925, 3.063] tra[:3]=[708.279, 299.925, 3.063] dev_vs_tra=0.0000 good=[True, True, True, True, True] pos=[30, 31, 31, 31, 31]
frame 8480: same=True dt=24 ms  v3[:3]=[708.279, 299.936, 3.072] tra[:3]=[708.279, 299.936, 3.072] dev_vs_tra=0.0000 good=[True, True, True, True, True] pos=[31, 31, 31, 31, 31]
frame 8533: same=True dt=22 ms  v3[:3]=[708.286, 299.957, 3.051] tra[:3]=[708.286, 299.957, 3.051] dev_vs_tra=0.0000 good=[True, True, True, True, True] pos=[30, 31, 31, 31, 31]
frame 8628: same=True dt=23 ms  v3[:3]=[708.283, 299.97, 3.046] tra[:3]=[708.283, 299.97, 3.046] dev_vs_tra=0.0000 good=[True, True, True, True, True] pos=[30, 31, 31, 31, 31]
frame 8678: same=True dt=22 ms  v3[:3]=[708.31, 299.979, 3.046] tra[:3]=[708.31, 299.979, 3.046] dev_vs_tra=0.0000 good=[True, True, True, True, True] pos=[30, 31, 31, 31, 31]
frame 8728: same=True dt=23 ms  v3[:3]=[708.302, 299.982, 3.045] tra[:3]=[708.302, 299.982, 3.045] dev_vs_tra=0.0000 good=[True, True, True, True, True] pos=[30, 31, 31, 31, 31]
frame 8778: same=True dt=23 ms  v3[:3]=[708.318, 299.986, 3.049] tra[:3]=[708.318, 299.986, 3.049] dev_vs_tra=0.0000 good=[True, True, True, True, True] pos=[30, 31, 31, 31, 31]
frame 8862: same=True dt=23 ms  v3[:3]=[708.33, 300.0, 3.047] tra[:3]=[708.33, 300.0, 3.047] dev_vs_tra=0.0000 good=[True, True, True, True, True] pos=[30, 31, 31, 31, 31]
frame 8914: same=True dt=22 ms  v3[:3]=[708.328, 299.949, 3.047] tra[:3]=[708.328, 299.949, 3.047] dev_vs_tra=0.0000 good=[True, True, True, True, True] pos=[30, 31, 31, 31, 31]
frame 8964: same=True dt=22 ms  v3[:3]=[708.335, 299.939, 3.051] tra[:3]=[708.335, 299.939, 3.051] dev_vs_tra=0.0000 good=[True, True, True, True, True] pos=[30, 31, 31, 31, 32]
frame 9023: same=True dt=21 ms  v3[:3]=[708.33, 299.924, 3.045] tra[:3]=[708.33, 299.924, 3.045] dev_vs_tra=0.0000 good=[True, True, True, True, True] pos=[30, 31, 31, 31, 32]
frame 9107: same=True dt=23 ms  v3[:3]=[708.341, 299.922, 3.053] tra[:3]=[708.341, 299.922, 3.053] dev_vs_tra=0.0000 good=[True, True, True, True, True] pos=[30, 31, 31, 31, 32]
frame 9157: same=True dt=24 ms  v3[:3]=[708.35, 299.922, 3.052] tra[:3]=[708.35, 299.922, 3.052] dev_vs_tra=0.0000 good=[True, True, True, True, True] pos=[30, 31, 31, 31, 32]
frame 9207: same=True dt=23 ms  v3[:3]=[708.36, 299.929, 3.052] tra[:3]=[708.36, 299.929, 3.052] dev_vs_tra=0.0000 good=[True, True, True, True, True] pos=[30, 31, 31, 31, 32]
frame 9257: same=True dt=22 ms  v3[:3]=[708.353, 299.93, 3.048] tra[:3]=[708.353, 299.93, 3.048] dev_vs_tra=0.0000 good=[True, True, True, True, True] pos=[30, 32, 31, 31, 32]
frame 9346: same=True dt=24 ms  v3[:3]=[708.365, 299.9, 3.037] tra[:3]=[708.365, 299.9, 3.037] dev_vs_tra=0.0000 good=[True, True, True, True, True] pos=[30, 32, 31, 31, 32]
frame 9396: same=True dt=24 ms  v3[:3]=[708.369, 299.934, 3.045] tra[:3]=[708.369, 299.934, 3.045] dev_vs_tra=0.0000 good=[True, True, True, True, True] pos=[30, 32, 31, 31, 32]
frame 9446: same=True dt=22 ms  v3[:3]=[708.39, 299.963, 3.043] tra[:3]=[708.39, 299.963, 3.043] dev_vs_tra=0.0000 good=[True, True, True, True, True] pos=[30, 32, 31, 31, 33]
frame 9496: same=True dt=23 ms  v3[:3]=[708.394, 299.987, 3.049] tra[:3]=[708.394, 299.987, 3.049] dev_vs_tra=0.0000 good=[True, True, True, True, True] pos=[30, 32, 31, 31, 33]
frame 9546: same=True dt=24 ms  v3[:3]=[708.387, 299.995, 3.03] tra[:3]=[708.387, 299.995, 3.03] dev_vs_tra=0.0000 good=[True, True, True, True, True] pos=[30, 32, 31, 31, 33]
frame 9628: same=True dt=23 ms  v3[:3]=[708.374, 299.962, 3.028] tra[:3]=[708.374, 299.962, 3.028] dev_vs_tra=0.0000 good=[True, True, True, True, True] pos=[30, 32, 31, 31, 33]
frame 9678: same=True dt=23 ms  v3[:3]=[708.374, 299.949, 3.043] tra[:3]=[708.374, 299.949, 3.043] dev_vs_tra=0.0000 good=[True, True, True, True, True] pos=[30, 32, 31, 31, 33]
frame 9728: same=True dt=25 ms  v3[:3]=[708.361, 299.985, 3.038] tra[:3]=[708.361, 299.985, 3.038] dev_vs_tra=0.0000 good=[True, True, True, True, True] pos=[30, 32, 31, 31, 33]
frame 9778: same=True dt=22 ms  v3[:3]=[708.352, 299.984, 3.035] tra[:3]=[708.352, 299.984, 3.035] dev_vs_tra=0.0000 good=[True, True, True, True, True] pos=[30, 32, 31, 31, 33]
frame 9863: same=True dt=23 ms  v3[:3]=[708.332, 299.967, 3.026] tra[:3]=[708.332, 299.967, 3.026] dev_vs_tra=0.0000 good=[True, True, True, True, True] pos=[30, 32, 31, 31, 33]
frame 9913: same=True dt=24 ms  v3[:3]=[708.326, 299.949, 3.021] tra[:3]=[708.326, 299.949, 3.021] dev_vs_tra=0.0000 good=[True, True, True, True, True] pos=[30, 32, 31, 31, 34]
frame 9963: same=True dt=23 ms  v3[:3]=[708.347, 299.965, 3.018] tra[:3]=[708.347, 299.965, 3.018] dev_vs_tra=0.0000 good=[True, True, True, True, True] pos=[30, 32, 31, 31, 34]
frame 10013: same=True dt=23 ms  v3[:3]=[708.36, 299.932, 3.032] tra[:3]=[708.36, 299.932, 3.032] dev_vs_tra=0.0000 good=[True, True, True, True, True] pos=[30, 32, 32, 31, 34]
frame 10100: same=True dt=24 ms  v3[:3]=[708.369, 299.93, 3.018] tra[:3]=[708.369, 299.93, 3.018] dev_vs_tra=0.0000 good=[True, True, True, True, True] pos=[30, 32, 32, 31, 34]
frame 10150: same=True dt=22 ms  v3[:3]=[708.338, 299.87, 3.012] tra[:3]=[708.338, 299.87, 3.012] dev_vs_tra=0.0000 good=[True, True, True, True, True] pos=[30, 32, 31, 31, 35]
frame 10200: same=True dt=22 ms  v3[:3]=[708.35, 299.858, 3.021] tra[:3]=[708.35, 299.858, 3.021] dev_vs_tra=0.0000 good=[True, True, True, True, True] pos=[30, 32, 32, 31, 36]
frame 10250: same=True dt=25 ms  v3[:3]=[708.397, 299.828, 3.028] tra[:3]=[708.397, 299.828, 3.028] dev_vs_tra=0.0000 good=[True, True, True, True, True] pos=[30, 32, 32, 32, 37]
frame 10340: same=True dt=23 ms  v3[:3]=[708.463, 299.874, 3.041] tra[:3]=[708.463, 299.874, 3.041] dev_vs_tra=0.0000 good=[True, True, True, True, True] pos=[30, 33, 32, 32, 38]
frame 10390: same=True dt=23 ms  v3[:3]=[708.417, 299.881, 3.025] tra[:3]=[708.417, 299.881, 3.025] dev_vs_tra=0.0000 good=[True, True, True, True, True] pos=[30, 33, 32, 32, 38]
frame 10442: same=True dt=23 ms  v3[:3]=[708.395, 299.854, 3.046] tra[:3]=[708.395, 299.854, 3.046] dev_vs_tra=0.0000 good=[True, True, True, True, True] pos=[30, 33, 32, 32, 39]
frame 10501: same=True dt=26 ms  v3[:3]=[708.379, 299.827, 3.044] tra[:3]=[708.379, 299.827, 3.044] dev_vs_tra=0.0000 good=[True, True, True, True, True] pos=[30, 33, 32, 32, 39]
frame 10585: same=True dt=23 ms  v3[:3]=[708.381, 299.783, 3.031] tra[:3]=[708.381, 299.783, 3.031] dev_vs_tra=0.0000 good=[True, True, True, True, True] pos=[30, 33, 32, 32, 39]
frame 10635: same=True dt=24 ms  v3[:3]=[708.34, 299.748, 3.031] tra[:3]=[708.34, 299.748, 3.031] dev_vs_tra=0.0000 good=[True, True, True, True, True] pos=[30, 33, 32, 32, 39]
frame 10685: same=True dt=22 ms  v3[:3]=[708.364, 299.774, 3.032] tra[:3]=[708.364, 299.774, 3.032] dev_vs_tra=0.0000 good=[True, True, True, True, True] pos=[30, 33, 32, 32, 39]
frame 10735: same=True dt=22 ms  v3[:3]=[708.377, 299.782, 3.04] tra[:3]=[708.377, 299.782, 3.04] dev_vs_tra=0.0000 good=[True, True, True, True, True] pos=[30, 33, 32, 32, 39]
frame 10818: same=True dt=21 ms  v3[:3]=[708.355, 299.785, 3.035] tra[:3]=[708.355, 299.785, 3.035] dev_vs_tra=0.0000 good=[True, True, True, True, True] pos=[30, 33, 32, 32, 39]
frame 10868: same=True dt=24 ms  v3[:3]=[708.371, 299.794, 3.039] tra[:3]=[708.371, 299.794, 3.039] dev_vs_tra=0.0000 good=[True, True, True, True, True] pos=[30, 33, 32, 32, 39]
frame 10918: same=True dt=24 ms  v3[:3]=[708.373, 299.758, 3.026] tra[:3]=[708.373, 299.758, 3.026] dev_vs_tra=0.0000 good=[True, True, True, True, True] pos=[30, 34, 32, 32, 39]
frame 10968: same=True dt=23 ms  v3[:3]=[708.313, 299.762, 3.032] tra[:3]=[708.313, 299.762, 3.032] dev_vs_tra=0.0000 good=[True, True, True, True, True] pos=[30, 34, 32, 32, 39]
frame 11047: same=True dt=23 ms  v3[:3]=[708.302, 299.739, 3.022] tra[:3]=[708.302, 299.739, 3.022] dev_vs_tra=0.0000 good=[True, True, True, True, True] pos=[30, 34, 32, 32, 39]
frame 11097: same=True dt=23 ms  v3[:3]=[708.293, 299.689, 3.022] tra[:3]=[708.293, 299.689, 3.022] dev_vs_tra=0.0000 good=[True, True, True, True, True] pos=[30, 34, 33, 32, 39]
frame 11147: same=True dt=22 ms  v3[:3]=[708.277, 299.68, 3.031] tra[:3]=[708.277, 299.68, 3.031] dev_vs_tra=0.0000 good=[True, True, True, True, True] pos=[30, 34, 33, 32, 39]
frame 11197: same=True dt=24 ms  v3[:3]=[708.258, 299.688, 3.032] tra[:3]=[708.258, 299.688, 3.032] dev_vs_tra=0.0000 good=[True, True, True, True, True] pos=[30, 34, 33, 32, 39]
frame 11249: same=True dt=23 ms  v3[:3]=[708.272, 299.703, 3.027] tra[:3]=[708.272, 299.703, 3.027] dev_vs_tra=0.0000 good=[True, True, True, True, True] pos=[30, 34, 33, 32, 40]
frame 11299: same=True dt=24 ms  v3[:3]=[708.289, 299.662, 3.029] tra[:3]=[708.289, 299.662, 3.029] dev_vs_tra=0.0000 good=[True, True, True, True, True] pos=[30, 34, 33, 32, 41]
frame 11351: same=True dt=23 ms  v3[:3]=[708.278, 299.65, 3.024] tra[:3]=[708.278, 299.65, 3.024] dev_vs_tra=0.0000 good=[True, True, True, True, True] pos=[30, 34, 33, 32, 41]
frame 11401: same=True dt=22 ms  v3[:3]=[708.266, 299.646, 3.029] tra[:3]=[708.266, 299.646, 3.029] dev_vs_tra=0.0000 good=[True, True, True, True, True] pos=[30, 34, 33, 32, 41]
frame 11485: same=True dt=23 ms  v3[:3]=[708.265, 299.677, 3.024] tra[:3]=[708.265, 299.677, 3.024] dev_vs_tra=0.0000 good=[True, True, True, True, True] pos=[30, 34, 33, 32, 41]
frame 11535: same=True dt=22 ms  v3[:3]=[708.254, 299.679, 3.016] tra[:3]=[708.254, 299.679, 3.016] dev_vs_tra=0.0000 good=[True, True, True, True, True] pos=[30, 35, 33, 32, 41]
frame 11585: same=True dt=23 ms  v3[:3]=[708.249, 299.682, 3.022] tra[:3]=[708.249, 299.682, 3.022] dev_vs_tra=0.0000 good=[True, True, True, True, True] pos=[30, 35, 33, 32, 41]
frame 11635: same=True dt=25 ms  v3[:3]=[708.244, 299.687, 3.025] tra[:3]=[708.244, 299.687, 3.025] dev_vs_tra=0.0000 good=[True, True, True, True, True] pos=[30, 35, 33, 33, 41]
frame 11718: same=True dt=23 ms  v3[:3]=[708.25, 299.657, 3.034] tra[:3]=[708.25, 299.657, 3.034] dev_vs_tra=0.0000 good=[True, True, True, True, True] pos=[30, 35, 33, 32, 41]
frame 11780: same=True dt=23 ms  v3[:3]=[708.277, 299.669, 3.035] tra[:3]=[708.277, 299.669, 3.035] dev_vs_tra=0.0000 good=[True, True, True, True, True] pos=[30, 35, 33, 32, 41]
SUMMARY frames=10043 identical=10043 different=0 worst_dev_vs_tra=1072.28248 at frame 11801 mean_run=23 ms
BGRUN END rc=0 after 246s
