BGRUN START 2026-09-14 12:26:01 limit 10.0 min: py -u tools/bench/global_read_control2.py
target G:\Codes\LabVIEW_Codes\MinLab\zz_LabView VI\SiHyeong Modified\Motor control v5_No Recording.vi
   md5 b9b9a1568d7261e66081545a8bb78640
   18 diagrams: [(0, ''), (1, 'CaseStructure'), (2, 'CaseStructure'), (3, 'FlatSequenceFrame'), (4, 'FlatSequenceFrame'), (5, 'CaseStructure'), (6, 'CaseStructure'), (7, 'CaseStructure'), (8, 'CaseStructure'), (9, 'CaseStructure'), (10, 'CaseStructure'), (11, 'CaseStructure'), (12, 'FlatSequenceFrame'), (13, 'FlatSequenceFrame'), (14, 'FlatSequenceFrame'), (15, 'CaseStructure'), (16, 'FlatSequenceFrame'), (17, 'FlatSequenceFrame')]
net_map: node 0 uid 1166 (0 s)
net_map: node 1 uid 1192 (1 s)
net_map: node 2 uid 809 (1 s)
net_map: node 3 uid 820 (2 s)
net_map: node 4 uid 43 (4 s)
net_map: node 5 uid 425 (6 s)
net_map: 6 nodes walked in 6.8 s; 0 junk Invoke(s) purged in 0.1 s
net_map: 0 nodes walked in 0.4 s; 0 junk Invoke(s) purged in 0.1 s
net_map: 0 nodes walked in 0.4 s; 0 junk Invoke(s) purged in 0.1 s
net_map: node 0 uid 144 (0 s)
net_map: 1 nodes walked in 1.4 s; 0 junk Invoke(s) purged in 0.1 s
net_map: node 0 uid 638 (0 s)
net_map: 1 nodes walked in 1.2 s; 0 junk Invoke(s) purged in 0.1 s
net_map: 0 nodes walked in 0.4 s; 0 junk Invoke(s) purged in 0.1 s
net_map: node 0 uid 948 (0 s)
net_map: node 1 uid 1023 (1 s)
net_map: node 2 uid 1046 (2 s)
net_map: node 3 uid 3630 (2 s)
net_map: node 4 uid 3791 (4 s)
net_map: node 5 uid 2803 (4 s)
net_map: node 6 uid 2711 (5 s)
net_map: 7 nodes walked in 6.6 s; 0 junk Invoke(s) purged in 0.1 s
net_map: 0 nodes walked in 0.4 s; 0 junk Invoke(s) purged in 0.1 s
net_map: node 0 uid 3976 (0 s)
net_map: node 1 uid 5477 (1 s)
net_map: node 2 uid 5495 (2 s)
net_map: node 3 uid 2147 (2 s)
net_map: node 4 uid 2254 (3 s)
net_map: 5 nodes walked in 4.0 s; 0 junk Invoke(s) purged in 0.1 s
net_map: 0 nodes walked in 0.4 s; 0 junk Invoke(s) purged in 0.1 s
net_map: node 0 uid 82 (0 s)
net_map: 1 nodes walked in 2.4 s; 0 junk Invoke(s) purged in 0.1 s
net_map: node 0 uid 2501 (0 s)
net_map: 1 nodes walked in 1.0 s; 0 junk Invoke(s) purged in 0.1 s
net_map: node 0 uid 2575 (0 s)
net_map: node 1 uid 2645 (1 s)
net_map: node 2 uid 3026 (2 s)
net_map: 3 nodes walked in 2.9 s; 0 junk Invoke(s) purged in 0.1 s
net_map: node 0 uid 498 (0 s)
net_map: node 1 uid 196 (1 s)
net_map: node 2 uid 2172 (2 s)
net_map: 3 nodes walked in 2.9 s; 0 junk Invoke(s) purged in 0.1 s
net_map: node 0 uid 324 (0 s)
net_map: node 1 uid 363 (1 s)
net_map: 2 nodes walked in 2.1 s; 0 junk Invoke(s) purged in 0.1 s
net_map: 0 nodes walked in 0.4 s; 0 junk Invoke(s) purged in 0.1 s
net_map: node 0 uid 1767 (0 s)
net_map: node 1 uid 1331 (1 s)
net_map: node 2 uid 2411 (2 s)
net_map: 3 nodes walked in 3.0 s; 0 junk Invoke(s) purged in 0.1 s
net_map: node 0 uid 672 (0 s)
net_map: node 1 uid 711 (1 s)
net_map: 2 nodes walked in 2.2 s; 0 junk Invoke(s) purged in 0.1 s
   0 global sites found in 42 s
   md5 unchanged: True
VERDICT (positive control): INCONCLUSIVE: no global sites found  [READ 0, WRITE 0]
BGRUN END rc=3 after 42s
