BGRUN START 2026-09-08 11:48:39 limit 40.0 min: py -u tools/bench/gpu_chain10.py
LabVIEW up after 14 s, version 26.3.1f1
dialogs: 8,1346,762| / ENABLED|6227610|0,0,0,0|LabVIEW / VERDICT: clear (no modal dialog)
lv_restart rc 0
deployed 666624
frame 4: median ms base 61.5 gpu 41.5 | worst dev gpu 2.51e-06
frame 7: median ms base 55.6 gpu 47.1 | worst dev gpu 2.51e-06
frame 8: median ms base 49.8 gpu 41.5 | worst dev gpu 2.51e-06
frame 57: median ms base 9.2 gpu 18.4 | worst dev gpu 2.69e-06
frame 107: median ms base 7.9 gpu 17.8 | worst dev gpu 2.93e-06
frame 162: median ms base 5.6 gpu 13.3 | worst dev gpu 2.93e-06
frame 214: median ms base 4.7 gpu 13.0 | worst dev gpu 2.93e-06
SUMMARY frames 200
  DLL-internal (from the status string): median 6.28 ms  mean 4.40 ms  n 200
  DLL phases (median ms): u=1.59 k=4.43 d=0.18 e=4.38 f=1.00
  base: median 4.70 ms  mean 9.76 ms  sd 17.56 ms
  gpu: median 13.01 ms  mean 23.61 ms  sd 24.96 ms
  KERNEL (median - base) ms/frame: gpu 8.30
  functional: worst |dev| vs LabVIEW reference: gpu 2.93e-06
run_timing gpu rc 0
BGRUN END rc=0 after 77s
