BGRUN START 2026-09-09 01:21:50 limit 40.0 min: py -u tools/bench/gpu_chain10.py
MT_GPU_KEEPALIVE 1
LabVIEW up after 14 s, version 26.3.1f1
dialogs: 1346,762| / ENABLED|153945604|0,0,0,0|LabVIEW / VERDICT: clear (no modal dialog)
lv_restart rc 0
deployed 762880
frame 4: median ms base 34.7 gpu 10.8 | worst dev gpu 2.51e-06
frame 7: median ms base 22.0 gpu 10.8 | worst dev gpu 2.51e-06
frame 8: median ms base 9.4 gpu 10.8 | worst dev gpu 2.51e-06
frame 57: median ms base 8.4 gpu 12.3 | worst dev gpu 2.69e-06
frame 107: median ms base 8.3 gpu 13.3 | worst dev gpu 2.93e-06
frame 162: median ms base 6.8 gpu 12.2 | worst dev gpu 2.93e-06
frame 214: median ms base 5.6 gpu 10.7 | worst dev gpu 2.93e-06
SUMMARY frames 200
  DLL-internal (from the status string): median 1.58 ms  mean 1.65 ms  n 200
  DLL phases (median ms): u=0.41 k=0.91 e=0.88 ka=1.00 | last status 'No_Errors t=1.38 u=0.36 k=0.81 e=0.78 ka=1'
  base: median 5.56 ms  mean 14.75 ms  sd 44.47 ms
  gpu: median 10.70 ms  mean 20.69 ms  sd 26.20 ms
  KERNEL (median - base) ms/frame: gpu 5.14
  functional: worst |dev| vs LabVIEW reference: gpu 2.93e-06
run_timing gpu rc 0
BGRUN END rc=0 after 79s
