BGRUN START 2026-09-08 11:51:58 limit 40.0 min: py -u tools/bench/gpu_chain10.py
LabVIEW up after 14 s, version 26.3.1f1
dialogs: 1346,762| / ENABLED|361827452|0,0,0,0|LabVIEW / VERDICT: clear (no modal dialog)
lv_restart rc 0
deployed 755712
frame 4: median ms base 11.3 gpu 19.9 | worst dev gpu 2.51e-06
frame 7: median ms base 12.5 gpu 20.9 | worst dev gpu 2.51e-06
frame 8: median ms base 11.3 gpu 19.9 | worst dev gpu 2.51e-06
frame 57: median ms base 7.1 gpu 19.7 | worst dev gpu 2.69e-06
frame 107: median ms base 7.4 gpu 20.1 | worst dev gpu 2.93e-06
frame 162: median ms base 5.7 gpu 18.1 | worst dev gpu 2.93e-06
frame 214: median ms base 4.9 gpu 18.0 | worst dev gpu 2.93e-06
SUMMARY frames 200
  DLL-internal (from the status string): median 5.16 ms  mean 3.76 ms  n 200
  DLL phases (median ms): u=1.53 k=3.38 e=3.33 c=6.11 | last status 'No_Errors t=5.11 u=1.54 k=3.37 e=3.32 c=6.12 p=20/0'
  base: median 4.89 ms  mean 9.75 ms  sd 14.28 ms
  gpu: median 18.04 ms  mean 25.72 ms  sd 22.08 ms
  KERNEL (median - base) ms/frame: gpu 13.15
  functional: worst |dev| vs LabVIEW reference: gpu 2.93e-06
run_timing gpu rc 0
BGRUN END rc=0 after 78s
