BGRUN START 2026-09-08 11:10:10 limit 40.0 min: py -u tools/bench/gpu_chain10.py
LabVIEW up after 14 s, version 26.3.1f1
dialogs: ,1346,762| / ENABLED|31919008|0,0,0,0|LabVIEW / VERDICT: clear (no modal dialog)
lv_restart rc 0
deployed 311808
frame 4: median ms base 36.8 gpu 10.0 | worst dev gpu 2.51e-06
frame 7: median ms base 22.8 gpu 10.3 | worst dev gpu 2.51e-06
frame 8: median ms base 8.8 gpu 10.5 | worst dev gpu 2.51e-06
frame 57: median ms base 7.7 gpu 11.5 | worst dev gpu 2.69e-06
frame 107: median ms base 8.3 gpu 13.1 | worst dev gpu 2.93e-06
frame 162: median ms base 7.3 gpu 15.8 | worst dev gpu 2.93e-06
frame 214: median ms base 5.6 gpu 16.1 | worst dev gpu 2.93e-06
SUMMARY frames 200
  DLL-internal (from the status string): median 5.35 ms  mean 5.70 ms  n 200
  DLL phases (median ms): u=1.71 k=3.43 d=0.21 e=3.33 ui=1.00
  base: median 5.60 ms  mean 10.60 ms  sd 14.77 ms
  gpu: median 16.07 ms  mean 24.73 ms  sd 43.70 ms
  KERNEL (median - base) ms/frame: gpu 10.47
  functional: worst |dev| vs LabVIEW reference: gpu 2.93e-06
run_timing gpu rc 0
BGRUN END rc=0 after 79s
