BGRUN START 2026-09-09 01:14:20 limit 40.0 min: py -u tools/bench/gpu_chain10.py
LabVIEW up after 15 s, version 26.3.1f1
dialogs: 1346,762| / ENABLED|202902452|0,0,0,0|LabVIEW / VERDICT: clear (no modal dialog)
lv_restart rc 0
deployed 762880
frame 4: median ms base 41.6 gpu 14.5 | worst dev gpu 2.51e-06
frame 7: median ms base 23.4 gpu 26.6 | worst dev gpu 2.51e-06
frame 8: median ms base 5.7 gpu 14.5 | worst dev gpu 2.51e-06
frame 57: median ms base 7.9 gpu 12.3 | worst dev gpu 2.69e-06
frame 107: median ms base 7.6 gpu 13.0 | worst dev gpu 2.93e-06
frame 162: median ms base 6.6 gpu 12.3 | worst dev gpu 2.93e-06
frame 214: median ms base 5.5 gpu 10.9 | worst dev gpu 2.93e-06
SUMMARY frames 200
  DLL-internal (from the status string): median 2.12 ms  mean 2.09 ms  n 200
  DLL phases (median ms): u=0.96 k=0.96 e=0.90 ka=0.00 | last status 'No_Errors t=2.27 u=1.10 k=0.96 e=0.90 ka=0'
  base: median 5.51 ms  mean 13.37 ms  sd 41.39 ms
  gpu: median 10.92 ms  mean 22.54 ms  sd 28.85 ms
  KERNEL (median - base) ms/frame: gpu 5.41
  functional: worst |dev| vs LabVIEW reference: gpu 2.93e-06
run_timing gpu rc 0
BGRUN END rc=0 after 79s
