BGRUN START 2026-09-09 15:53:19 limit 60.0 min: py -u tools/bench/gpuk_repeat.py 3 200

===== repeat 1/3
LabVIEW up after 14 s, version 26.3.1f1
dialogs: 8,1346,762| / ENABLED|4719760|0,0,0,0|LabVIEW / VERDICT: clear (no modal dialog)
   lv_restart rc 0
   clocks before: 1365 MHz, 7000 MHz, P0, 0 %, 39
frame 4: median ms base 8.5 par 14.9 gpuk 8.4 | worst dev par 0.00e+00 gpuk 2.50e-06
frame 7: median ms base 8.3 par 59.1 gpuk 10.0 | worst dev par 0.00e+00 gpuk 2.50e-06
frame 8: median ms base 8.0 par 14.9 gpuk 11.1 | worst dev par 0.00e+00 gpuk 2.50e-06
frame 57: median ms base 8.2 par 10.7 gpuk 10.1 | worst dev par 0.00e+00 gpuk 2.69e-06
frame 107: median ms base 7.9 par 9.8 gpuk 10.7 | worst dev par 0.00e+00 gpuk 2.93e-06
frame 162: median ms base 6.2 par 7.8 gpuk 8.3 | worst dev par 0.00e+00 gpuk 2.93e-06
frame 214: median ms base 5.0 par 7.7 gpuk 7.6 | worst dev par 0.00e+00 gpuk 2.93e-06
SUMMARY frames 200
  base: median 4.96 ms  mean 11.18 ms  sd 40.40 ms
  par: median 7.68 ms  mean 11.64 ms  sd 14.51 ms
  gpuk: median 7.62 ms  mean 14.38 ms  sd 24.26 ms
  KERNEL (median - base) ms/frame: par 2.72, gpuk 2.65
  functional: worst |dev| vs LabVIEW reference: par 0.00e+00, gpuk 2.93e-06
   run_timing rc 0
   clocks after: 1365 MHz, 6801 MHz, P2, 7 %, 39
    {"repeat": 1, "clocks_before": "1365 MHz, 7000 MHz, P0, 0 %, 39", "clocks_after": "1365 MHz, 6801 MHz, P2, 7 %, 39", "stats_ms": {"base": 4.96, "par": 7.68, "gpuk": 7.62}, "kernel_ms": {"par": 2.72, "gpuk": 2.65}, "worst_dev": {"par": 0.0, "gpuk": 2.9253520219540974e-06}, "dll_ms": [1.65, 0.4, 1.12, 0.88], "dll_frames": 201}

===== repeat 2/3
LabVIEW up after 15 s, version 26.3.1f1
dialogs: 8,1346,762| / ENABLED|8914488|0,0,0,0|LabVIEW / VERDICT: clear (no modal dialog)
   lv_restart rc 0
   clocks before: 1365 MHz, 7000 MHz, P0, 0 %, 40
frame 4: median ms base 5.4 par 9.8 gpuk 8.1 | worst dev par 0.00e+00 gpuk 2.50e-06
frame 7: median ms base 4.8 par 8.5 gpuk 25.6 | worst dev par 0.00e+00 gpuk 2.50e-06
frame 8: median ms base 4.2 par 9.8 gpuk 11.4 | worst dev par 0.00e+00 gpuk 2.50e-06
frame 57: median ms base 7.9 par 9.7 gpuk 9.7 | worst dev par 0.00e+00 gpuk 2.69e-06
frame 107: median ms base 6.9 par 9.3 gpuk 10.4 | worst dev par 0.00e+00 gpuk 2.93e-06
frame 162: median ms base 5.4 par 7.7 gpuk 8.6 | worst dev par 0.00e+00 gpuk 2.93e-06
frame 214: median ms base 5.0 par 7.7 gpuk 7.8 | worst dev par 0.00e+00 gpuk 2.93e-06
SUMMARY frames 200
  base: median 4.96 ms  mean 9.29 ms  sd 12.97 ms
  par: median 7.68 ms  mean 13.29 ms  sd 20.18 ms
  gpuk: median 7.84 ms  mean 12.56 ms  sd 16.00 ms
  KERNEL (median - base) ms/frame: par 2.71, gpuk 2.88
  functional: worst |dev| vs LabVIEW reference: par 0.00e+00, gpuk 2.93e-06
   run_timing rc 0
   clocks after: 1365 MHz, 7000 MHz, P0, 7 %, 40
    {"repeat": 2, "clocks_before": "1365 MHz, 7000 MHz, P0, 0 %, 40", "clocks_after": "1365 MHz, 7000 MHz, P0, 7 %, 40", "stats_ms": {"base": 4.96, "par": 7.68, "gpuk": 7.84}, "kernel_ms": {"par": 2.71, "gpuk": 2.88}, "worst_dev": {"par": 0.0, "gpuk": 2.9253520219540974e-06}, "dll_ms": [1.68, 0.4, 1.13, 0.89], "dll_frames": 201}

===== repeat 3/3
LabVIEW up after 14 s, version 26.3.1f1
dialogs: ,1346,762| / ENABLED|30803552|0,0,0,0|LabVIEW / VERDICT: clear (no modal dialog)
   lv_restart rc 0
   clocks before: 1365 MHz, 7000 MHz, P0, 0 %, 40
frame 4: median ms base 30.1 par 9.6 gpuk 120.7 | worst dev par 0.00e+00 gpuk 2.50e-06
frame 7: median ms base 22.3 par 10.6 gpuk 68.6 | worst dev par 0.00e+00 gpuk 2.50e-06
frame 8: median ms base 14.6 par 9.6 gpuk 25.2 | worst dev par 0.00e+00 gpuk 2.50e-06
frame 57: median ms base 7.2 par 9.4 gpuk 12.4 | worst dev par 0.00e+00 gpuk 2.69e-06
frame 107: median ms base 6.6 par 9.1 gpuk 11.3 | worst dev par 0.00e+00 gpuk 2.93e-06
frame 162: median ms base 5.3 par 7.5 gpuk 8.4 | worst dev par 0.00e+00 gpuk 2.93e-06
frame 214: median ms base 4.9 par 7.5 gpuk 8.1 | worst dev par 0.00e+00 gpuk 2.93e-06
SUMMARY frames 200
  base: median 4.92 ms  mean 8.78 ms  sd 14.75 ms
  par: median 7.48 ms  mean 12.43 ms  sd 15.08 ms
  gpuk: median 8.11 ms  mean 12.65 ms  sd 16.48 ms
  KERNEL (median - base) ms/frame: par 2.55, gpuk 3.19
  functional: worst |dev| vs LabVIEW reference: par 0.00e+00, gpuk 2.93e-06
   run_timing rc 0
   clocks after: 1365 MHz, 7000 MHz, P0, 5 %, 40
    {"repeat": 3, "clocks_before": "1365 MHz, 7000 MHz, P0, 0 %, 40", "clocks_after": "1365 MHz, 7000 MHz, P0, 5 %, 40", "stats_ms": {"base": 4.92, "par": 7.48, "gpuk": 8.11}, "kernel_ms": {"par": 2.55, "gpuk": 3.19}, "worst_dev": {"par": 0.0, "gpuk": 2.9253520219540974e-06}, "dll_ms": [1.63, 0.4, 1.11, 0.88], "dll_frames": 201}

===== SUMMARY of repeats
  rep 1: base 4.96 par 7.68 gpuk 7.62 | KERNEL par 2.72 gpuk 2.65 | DLL [1.65, 0.4, 1.12, 0.88] | clocks before 1365 MHz, 7000 MHz, P0, 0 %, 39
  rep 2: base 4.96 par 7.68 gpuk 7.84 | KERNEL par 2.71 gpuk 2.88 | DLL [1.68, 0.4, 1.13, 0.89] | clocks before 1365 MHz, 7000 MHz, P0, 0 %, 40
  rep 3: base 4.92 par 7.48 gpuk 8.11 | KERNEL par 2.55 gpuk 3.19 | DLL [1.63, 0.4, 1.11, 0.88] | clocks before 1365 MHz, 7000 MHz, P0, 0 %, 40
BGRUN END rc=0 after 239s
