BGRUN START 2026-09-13 22:49:54 limit 8.0 min: py -u tools/recipes/inspect_setindexmode.py
ExecState: 1

SubVI  n=1
    uid=124    pos=(495, 281)     owner=TopLevelDiagram

Property  n=1
    uid=220    pos=(728, 244)     owner=TopLevelDiagram

Invoke  n=0

IndexArray  n=1
    uid=308    pos=(605, 284)     owner=TopLevelDiagram

Node  n=6
    uid=220    pos=(728, 244)     owner=TopLevelDiagram
    uid=316    pos=(275, 401)     owner=TopLevelDiagram
    uid=683    pos=(653, 279)     owner=TopLevelDiagram
    uid=308    pos=(605, 284)     owner=TopLevelDiagram
    uid=124    pos=(495, 281)     owner=TopLevelDiagram
    uid=43     pos=(275, 251)     owner=TopLevelDiagram

Wire  n=12
    uid=539    pos=(16, 91)       owner=TopLevelDiagram
    uid=511    pos=(676, 254)     owner=TopLevelDiagram
    uid=485    pos=(676, 245)     owner=TopLevelDiagram
    uid=550    pos=(245, 410)     owner=TopLevelDiagram
    uid=1066   pos=(576, 303)     owner=TopLevelDiagram
    uid=772    pos=(626, 250)     owner=TopLevelDiagram
    uid=605    pos=(626, 280)     owner=TopLevelDiagram
    uid=600    pos=(520, 290)     owner=TopLevelDiagram
    uid=467    pos=(300, 252)     owner=TopLevelDiagram
    uid=415    pos=(462, 252)     owner=TopLevelDiagram
    uid=373    pos=(465, 290)     owner=TopLevelDiagram
    uid=106    pos=(245, 260)     owner=TopLevelDiagram

ControlTerminal  n=9
    uid=96     pos=(229, 244)     owner=TopLevelDiagram
    uid=363    pos=(449, 274)     owner=TopLevelDiagram
    uid=1056   pos=(560, 287)     owner=TopLevelDiagram
    uid=540    pos=(229, 394)     owner=TopLevelDiagram
    uid=732    pos=(874, 438)     owner=TopLevelDiagram
    uid=866    pos=(955, 501)     owner=TopLevelDiagram
    uid=283    pos=(0, 75)        owner=TopLevelDiagram
    uid=298    pos=(112, 178)     owner=TopLevelDiagram
    uid=319    pos=(0, 75)        owner=TopLevelDiagram

Constant  n=2
    uid=389    pos=(444, 246)     owner=TopLevelDiagram
    uid=755    pos=(587, 243)     owner=TopLevelDiagram

StringConstant  n=0

Function  n=3
    uid=316    pos=(275, 401)     owner=TopLevelDiagram
    uid=683    pos=(653, 279)     owner=TopLevelDiagram
    uid=43     pos=(275, 251)     owner=TopLevelDiagram

--- front panel ---
    (0, 'vi path', False)
    (1, 'Class Name', False)
    (2, 'index', False)
    (3, 'vi path 2', False)
    (4, 'location (0, 0)', False)
    (5, 'error out', True)
    (6, 'Properties', False)
    (7, 'Class Name 2', False)
    (8, 'index 2', False)

--- node styles (names of the primitives) ---
    (0, 'Open VI Reference', 'Open VI Reference')
    (1, 'Unknown', 'Traverse for GObjects.vi')
    (2, 'Index Array', 'Index Array')
    (3, 'To More Specific Class', 'To More Specific Class')
    (4, 'Open VI Reference', 'Open VI Reference')
    (5, 'Property Node', 'Property Node')

scratch copy deleted
BGRUN END rc=0 after 19s
