BGRUN START 2026-09-24 03:21:51 limit 15.0 min: py -u tools/bench/jev_device_value_labels.py
LABELS a all       n=38 acc=0.816 per_class(hit/of)={'prevented': [3, 3], 'reduced': [0, 5], 'unrelated': [28, 30]} fp(unrelated->prevented)=2
LABELS a real_only n=31 acc=0.806 per_class(hit/of)={'prevented': [0, 0], 'reduced': [0, 4], 'unrelated': [25, 27]} fp(unrelated->prevented)=2
  MISS a ['q_m4_iterlocal.log:578', 'reduced', 'unrelated', 0.84]
  MISS a ['2026-09-24-retrospective-cycle68.md:356', 'reduced', 'unrelated', 0.968]
  MISS a ['2026-09-17-retrospective-cycle14.md:29', 'unrelated', 'prevented', 0.666]
  MISS a ['build_d1_v0_run4.log:400', 'unrelated', 'prevented', 0.578]
  MISS a ['STATUS.md:82 (2026-09-24)', 'reduced', 'prevented', 0.638]
  MISS a ['archive/peer/2026-09-23-c68-m4-prims.md:88-93', 'reduced', 'prevented', 0.562]
  MISS a ['synthetic-5', 'reduced', 'prevented', 0.836]
LABELS b all       n=38 acc=0.737 per_class(hit/of)={'prevented': [3, 5], 'reduced': [0, 3], 'unrelated': [25, 30]} fp(unrelated->prevented)=5
LABELS b real_only n=31 acc=0.742 per_class(hit/of)={'prevented': [1, 2], 'reduced': [0, 2], 'unrelated': [22, 27]} fp(unrelated->prevented)=5
  MISS b ['2026-09-24-retrospective-cycle68.md:356', 'prevented', 'unrelated', 0.758]
  MISS b ['2026-09-17-retrospective-cycle14.md:29', 'unrelated', 'prevented', 0.706]
  MISS b ['2026-09-17-retrospective-cycle15-routeb.md:47', 'unrelated', 'prevented', 0.482]
  MISS b ['build_d1_v0_run4.log:400', 'unrelated', 'prevented', 0.562]
  MISS b ['2026-09-20-retrospective-cycle52.md:234', 'unrelated', 'prevented', 0.586]
  MISS b ['2026-09-18-retrospective-cycle19.md:88', 'unrelated', 'prevented', 0.814]
  MISS b ['STATUS.md:82 (2026-09-24)', 'reduced', 'unrelated', 0.516]
  MISS b ['archive/peer/2026-09-23-c68-m4-prims.md:88-93', 'reduced', 'prevented', 0.542]
  MISS b ['synthetic-4', 'prevented', 'unrelated', 0.548]
  MISS b ['synthetic-5', 'reduced', 'prevented', 0.708]
BGRUN END rc=0 after 110s
