BGRUN START 2026-10-03 16:05:59 limit 10.0 min: py -u tools/bench/jev_addr_measure_s5.py
BGRUN PID 25860
JEV-ADDR-MEASURE p01-143-4-local-read p=0.603 verdict=unknown label=yes WRONG
JEV-ADDR-MEASURE p02-143-5-local-read-new p=0.753 verdict=yes label=yes OK
JEV-ADDR-MEASURE p03-143-5-local-write-new p=0.69 verdict=unknown label=yes WRONG
JEV-ADDR-MEASURE p04-130-6-fsot-image p=0.843 verdict=yes label=yes OK
JEV-ADDR-MEASURE p05-132-5-fsit-error p=0.72 verdict=yes label=yes OK
JEV-ADDR-MEASURE p06-128-2-unbundler-status p=0.55 verdict=unknown label=yes WRONG
JEV-ADDR-MEASURE p07-local-write-stop p=0.527 verdict=unknown label=yes WRONG
JEV-ADDR-MEASURE p08-loop-tunnel-inner p=0.823 verdict=yes label=yes OK
JEV-ADDR-MEASURE n01-while-i-vs-cond p=0.123 verdict=no label=no OK
JEV-ADDR-MEASURE n02-unbundler-status-vs-code p=0.127 verdict=no label=no OK
JEV-ADDR-MEASURE n03-add-x-vs-y p=0.277 verdict=no label=no OK
JEV-ADDR-MEASURE n04-subvi-in-vs-out p=0.083 verdict=no label=no OK
JEV-ADDR-MEASURE n05-fsot-image-vs-error p=0.51 verdict=unknown label=no WRONG
JEV-ADDR-MEASURE n06-buildarray-elem-vs-out p=0.273 verdict=no label=no OK
JEV-ADDR-MEASURE n07-select-s-vs-t p=0.437 verdict=unknown label=no WRONG
JEV-ADDR-MEASURE n08-local-read-vs-write p=0.24 verdict=no label=no OK
JEV-ADDR-MEASURE n09-loop-tunnel-inner-vs-outer p=0.093 verdict=no label=no OK
JEV-ADDR-MEASURE n10-index-array-n-vs-index p=0.44 verdict=unknown label=no WRONG
FACT accuracy 0.611 on 18 items (18 answered, 7 unknown), switched_on=False
RESULT {"schema":"result-line/1","status":"PASS","gates":{"pass":1,"fail":0},"first_fail":null,"artefacts":[{"path":"tools/bench/addrcheck_jev_measure.json","md5":"6a5da3542b0265bd558abe3c67a354dc"}]}
BGRUN END rc=0 after 15s
