BGRUN START 2026-09-25 09:27:01 limit 3.0 min: py -u tools/bench/k_selfwire_79.py
  PASS  G1 both graphs have terminal rows  {'bed': 5801, 's1': 5748}
ROW bed #6239 term 7605 src True wire 7617 diag 536 name ''
ROW bed #6239 term 7603 src False wire 7630 diag 4866 name ''
ROW bed #6239 term 6487 src False wire 7617 diag 536 name ''
ROW bed #6239 term 6247 src True wire 8590 diag 686 name ''
SELFWIRE bed #6239: [(7617, [(7605, True, 536, 6239), (6487, False, 536, 6239)])]
  PASS  G2 bed #6239 has terminal rows  4
ROW bed #3862 term 3899 src True wire 3877 diag 536 name ''
ROW bed #3862 term 3892 src False wire 5585 diag 4866 name ''
ROW bed #3862 term 3871 src False wire 3877 diag 536 name ''
ROW bed #3862 term 3868 src True wire 3853 diag 686 name ''
SELFWIRE bed #3862: [(3877, [(3899, True, 536, 3862), (3871, False, 536, 3862)])]
  PASS  G2 bed #3862 has terminal rows  4
ROW bed #5659 term 5687 src True wire 5670 diag 536 name 'Real-space cosine window'
ROW bed #5659 term 5682 src False wire 5694 diag 4866 name 'Real-space cosine window'
ROW bed #5659 term 5664 src False wire 5670 diag 536 name 'Real-space cosine window'
ROW bed #5659 term 5661 src True wire 5786 diag 686 name 'Real-space cosine window'
SELFWIRE bed #5659: [(5670, [(5687, True, 536, 5659), (5664, False, 536, 5659)])]
  PASS  G2 bed #5659 has terminal rows  4
ROW s1 #6239 term 7605 src True wire 7617 diag 536 name ''
ROW s1 #6239 term 7603 src False wire 7630 diag 4866 name ''
ROW s1 #6239 term 6487 src False wire 7617 diag 536 name ''
ROW s1 #6239 term 6247 src True wire 8590 diag 686 name ''
SELFWIRE s1 #6239: [(7617, [(7605, True, 536, 6239), (6487, False, 536, 6239)])]
  PASS  G2 s1 #6239 has terminal rows  4
ROW s1 #3862 term 3899 src True wire 3877 diag 536 name ''
ROW s1 #3862 term 3892 src False wire 5585 diag 4866 name ''
ROW s1 #3862 term 3871 src False wire 3877 diag 536 name ''
ROW s1 #3862 term 3868 src True wire 3853 diag 686 name ''
SELFWIRE s1 #3862: [(3877, [(3899, True, 536, 3862), (3871, False, 536, 3862)])]
  PASS  G2 s1 #3862 has terminal rows  4
ROW s1 #5659 term 5687 src True wire 5670 diag 536 name 'Real-space cosine window'
ROW s1 #5659 term 5682 src False wire 5694 diag 4866 name 'Real-space cosine window'
ROW s1 #5659 term 5664 src False wire 5670 diag 536 name 'Real-space cosine window'
ROW s1 #5659 term 5661 src True wire 5786 diag 686 name 'Real-space cosine window'
SELFWIRE s1 #5659: [(5670, [(5687, True, 536, 5659), (5664, False, 536, 5659)])]
  PASS  G2 s1 #5659 has terminal rows  4
RESULT {"schema":"result-line/1","status":"PASS","gates":{"pass":7,"fail":0},"first_fail":null,"artefacts":[]}
BGRUN END rc=0 after 0s
