BGRUN START 2026-09-25 11:06:03 limit 45.0 min: py -u tools/bench/l2a1_facts_80.py facts

---------- [0] FILES ONLY - the input's md5, the pins, the claudeDev listing
  FACT  claudeDev holds 257 .vi file(s) BEFORE the run
  PASS  K1 input md5 == 6cf5b0777aafa12112d8a786a9eed1ed  got 6cf5b0777aafa12112d8a786a9eed1ed
  FACT  PIN BEFORE ORIGINAL         2a78e17c449cacdaf5da389818526859  (want 2a78e17c449cacdaf5da389818526859) OK
  FACT  PIN BEFORE S1 D1_s1_copy    3e3d23cefd3a334001aa9d6156bf1aee  (want 3e3d23cefd3a334001aa9d6156bf1aee) OK
  FACT  PIN BEFORE S2 D1_s2_loops   6ff19497f2309e007a214660bb64b911  (want 6ff19497f2309e007a214660bb64b911) OK
  FACT  PIN BEFORE ROW2 bed         26c54ff784cb5cea21edbd214d2cc3a0  (want 26c54ff784cb5cea21edbd214d2cc3a0) OK
  FACT  PIN BEFORE M3a-2            3842f5e6f128226235dc78353f26ef44  (want 3842f5e6f128226235dc78353f26ef44) OK
  FACT  PIN BEFORE K bed            6cf5b0777aafa12112d8a786a9eed1ed  (want 6cf5b0777aafa12112d8a786a9eed1ed) OK
  PASS  K2 the ORIGINAL's md5 is 2a78e17c449cacdaf5da389818526859  got 2a78e17c449cacdaf5da389818526859 at G:\Codes\LabVIEW_Codes\MinLab\zz_LabView VI\AAA_UNIST\2. Tracking\Min_Track N beads V6_ParallelLoop.vi

---------- [1] RESTART LabVIEW (standing authority; fresh ~31,500 handles)
  FACT  LabVIEW handle count BEFORE the restart: 0
  FACT  LabVIEW handle count AFTER the restart: 33985

---------- [2] THE DATED WORK COPY under claudeDev - the input is never opened for writing
  PASS  K3 the work copy is byte-identical to the input  D1_k_scratch_l2a1_facts_20260925_110603.vi
  FACT  ExecState [after open] D1_k_scratch_l2a1_facts_20260925_110603.vi = 0
  FACT  THE WORK COPY IS A SCRATCH: this stage saves nothing, so D1_k_scratch_l2a1_facts_20260925_110603.vi is deleted at close
  FACT  HANDLES after open 45632
  FACT  LIVE 5788 rows {'gobject': 9.02, 'terminals': 23.42, 'fs': 0.0, 'total': 32.51} -> G:\Codes\LabVIEW_Codes\MinLab\zz_LabView VI\AAA_UNIST\2. Tracking\V6_ParallelLoop\tools\bench\l2a1_graph_k_80.json md5 c764150c4587b78429d0bbdb9d30c27f
  OBSERVED uid 3628 -> owner 'FlatSequenceFrame' uid 0 | self 'Diagram'#3628 | 482 says 'FlatSequenceFrame' cast '' |  error 1055: Property Node in OpOwnerChain_v1.vi
  OBSERVED uid 3667 -> owner 'Sequence' uid 3593 | self 'Diagram'#3667 | 482 says 'Sequence' cast 'Sequence' |  
  OBSERVED uid 3886 -> owner 'CaseStructure' uid 3826 | self 'Diagram'#3886 | 482 says 'CaseStructure' cast 'CaseStructure' |  
  OBSERVED uid 4406 -> owner 'CaseStructure' uid 3826 | self 'Diagram'#4406 | 482 says 'CaseStructure' cast 'CaseStructure' |  
  OBSERVED uid 5038 -> owner 'Sequence' uid 3593 | self 'Diagram'#5038 | 482 says 'Sequence' cast 'Sequence' |  
  OBSERVED uid 81548 -> owner 'FlatSequenceFrame' uid 0 | self 'Diagram'#81548 | 482 says 'FlatSequenceFrame' cast '' |  error 1055: Property Node in OpOwnerChain_v1.vi
  OBSERVED uid 27537 -> owner 'ForLoop' uid 27489 | self 'Diagram'#27537 | 482 says 'ForLoop' cast 'ForLoop' |  
  OBSERVED uid 113 -> owner 'FlatSequenceFrame' uid 0 | self 'Diagram'#113 | 482 says 'FlatSequenceFrame' cast '' |  error 1055: Property Node in OpOwnerChain_v1.vi
  OBSERVED uid 124 -> owner 'FlatSequenceFrame' uid 0 | self 'Diagram'#124 | 482 says 'FlatSequenceFrame' cast '' |  error 1055: Property Node in OpOwnerChain_v1.vi
  OBSERVED uid 43928 -> owner 'FlatSequenceFrame' uid 0 | self 'Diagram'#43928 | 482 says 'FlatSequenceFrame' cast '' |  error 1055: Property Node in OpOwnerChain_v1.vi
  OBSERVED uid 44125 -> owner 'FlatSequenceFrame' uid 0 | self 'Diagram'#44125 | 482 says 'FlatSequenceFrame' cast '' |  error 1055: Property Node in OpOwnerChain_v1.vi
  OBSERVED uid 44169 -> owner 'FlatSequenceFrame' uid 0 | self 'Diagram'#44169 | 482 says 'FlatSequenceFrame' cast '' |  error 1055: Property Node in OpOwnerChain_v1.vi
  OBSERVED uid 3371 -> owner 'CaseStructure' uid 2857 | self 'Diagram'#3371 | 482 says 'CaseStructure' cast 'CaseStructure' |  
  OBSERVED uid 3293 -> owner 'CaseStructure' uid 2857 | self 'Diagram'#3293 | 482 says 'CaseStructure' cast 'CaseStructure' |  
  OBSERVED uid 5031 -> owner 'FlatSequenceFrame' uid 0 | self 'Diagram'#5031 | 482 says 'FlatSequenceFrame' cast '' |  error 1055: Property Node in OpOwnerChain_v1.vi
  OBSERVED uid 3121 -> owner 'FlatSequenceFrame' uid 0 | self 'Diagram'#3121 | 482 says 'FlatSequenceFrame' cast '' |  error 1055: Property Node in OpOwnerChain_v1.vi
  OBSERVED uid 1817 -> owner 'FlatSequenceFrame' uid 0 | self 'Diagram'#1817 | 482 says 'FlatSequenceFrame' cast '' |  error 1055: Property Node in OpOwnerChain_v1.vi
  OBSERVED uid 4866 -> owner 'FlatSequenceFrame' uid 0 | self 'Diagram'#4866 | 482 says 'FlatSequenceFrame' cast '' |  error 1055: Property Node in OpOwnerChain_v1.vi
  OBSERVED uid 686 -> owner 'FlatSequenceFrame' uid 0 | self 'Diagram'#686 | 482 says 'FlatSequenceFrame' cast '' |  error 1055: Property Node in OpOwnerChain_v1.vi
  OBSERVED uid 23405 -> owner 'WhileLoop' uid 23041 | self 'Diagram'#23405 | 482 says 'WhileLoop' cast 'WhileLoop' |  
  OBSERVED uid 23166 -> owner 'WhileLoop' uid 10170 | self 'Diagram'#23166 | 482 says 'WhileLoop' cast 'WhileLoop' |  
  OBSERVED uid 23058 -> owner 'WhileLoop' uid 23032 | self 'Diagram'#23058 | 482 says 'WhileLoop' cast 'WhileLoop' |  
  OBSERVED uid 10417 -> owner 'CaseStructure' uid 10407 | self 'Diagram'#10417 | 482 says 'CaseStructure' cast 'CaseStructure' |  
  OBSERVED uid 10423 -> owner 'CaseStructure' uid 10407 | self 'Diagram'#10423 | 482 says 'CaseStructure' cast 'CaseStructure' |  
  OBSERVED uid 25392 -> owner 'WhileLoop' uid 25380 | self 'Diagram'#25392 | 482 says 'WhileLoop' cast 'WhileLoop' |  
  OBSERVED uid 25767 -> owner 'FlatSequenceFrame' uid 0 | self 'Diagram'#25767 | 482 says 'FlatSequenceFrame' cast '' |  error 1055: Property Node in OpOwnerChain_v1.vi
  OBSERVED uid 27980 -> owner 'CaseStructure' uid 27905 | self 'Diagram'#27980 | 482 says 'CaseStructure' cast 'CaseStructure' |  
  OBSERVED uid 27996 -> owner 'CaseStructure' uid 27905 | self 'Diagram'#27996 | 482 says 'CaseStructure' cast 'CaseStructure' |  
  OBSERVED uid 28036 -> owner 'FlatSequenceFrame' uid 0 | self 'Diagram'#28036 | 482 says 'FlatSequenceFrame' cast '' |  error 1055: Property Node in OpOwnerChain_v1.vi
  OBSERVED uid 28426 -> owner 'FlatSequenceFrame' uid 0 | self 'Diagram'#28426 | 482 says 'FlatSequenceFrame' cast '' |  error 1055: Property Node in OpOwnerChain_v1.vi
  OBSERVED uid 27389 -> owner 'CaseStructure' uid 27364 | self 'Diagram'#27389 | 482 says 'CaseStructure' cast 'CaseStructure' |  
  OBSERVED uid 27399 -> owner 'CaseStructure' uid 27364 | self 'Diagram'#27399 | 482 says 'CaseStructure' cast 'CaseStructure' |  
  OBSERVED uid 27425 -> owner 'FlatSequenceFrame' uid 0 | self 'Diagram'#27425 | 482 says 'FlatSequenceFrame' cast '' |  error 1055: Property Node in OpOwnerChain_v1.vi
  OBSERVED uid 27723 -> owner 'FlatSequenceFrame' uid 0 | self 'Diagram'#27723 | 482 says 'FlatSequenceFrame' cast '' |  error 1055: Property Node in OpOwnerChain_v1.vi
  OBSERVED uid 27024 -> owner 'CaseStructure' uid 26991 | self 'Diagram'#27024 | 482 says 'CaseStructure' cast 'CaseStructure' |  
  OBSERVED uid 27037 -> owner 'CaseStructure' uid 26991 | self 'Diagram'#27037 | 482 says 'CaseStructure' cast 'CaseStructure' |  
  OBSERVED uid 27076 -> owner 'FlatSequenceFrame' uid 0 | self 'Diagram'#27076 | 482 says 'FlatSequenceFrame' cast '' |  error 1055: Property Node in OpOwnerChain_v1.vi
  OBSERVED uid 27259 -> owner 'FlatSequenceFrame' uid 0 | self 'Diagram'#27259 | 482 says 'FlatSequenceFrame' cast '' |  error 1055: Property Node in OpOwnerChain_v1.vi
  OBSERVED uid 26496 -> owner 'CaseStructure' uid 26441 | self 'Diagram'#26496 | 482 says 'CaseStructure' cast 'CaseStructure' |  
  OBSERVED uid 26505 -> owner 'CaseStructure' uid 26441 | self 'Diagram'#26505 | 482 says 'CaseStructure' cast 'CaseStructure' |  
  OBSERVED uid 26535 -> owner 'FlatSequenceFrame' uid 0 | self 'Diagram'#26535 | 482 says 'FlatSequenceFrame' cast '' |  error 1055: Property Node in OpOwnerChain_v1.vi
  OBSERVED uid 26880 -> owner 'FlatSequenceFrame' uid 0 | self 'Diagram'#26880 | 482 says 'FlatSequenceFrame' cast '' |  error 1055: Property Node in OpOwnerChain_v1.vi
  OBSERVED uid 25834 -> owner 'CaseStructure' uid 25810 | self 'Diagram'#25834 | 482 says 'CaseStructure' cast 'CaseStructure' |  
  OBSERVED uid 25846 -> owner 'CaseStructure' uid 25810 | self 'Diagram'#25846 | 482 says 'CaseStructure' cast 'CaseStructure' |  
  OBSERVED uid 25892 -> owner 'FlatSequenceFrame' uid 0 | self 'Diagram'#25892 | 482 says 'FlatSequenceFrame' cast '' |  error 1055: Property Node in OpOwnerChain_v1.vi
  OBSERVED uid 26292 -> owner 'FlatSequenceFrame' uid 0 | self 'Diagram'#26292 | 482 says 'FlatSequenceFrame' cast '' |  error 1055: Property Node in OpOwnerChain_v1.vi
  OBSERVED uid 28686 -> owner 'ForLoop' uid 28670 | self 'Diagram'#28686 | 482 says 'ForLoop' cast 'ForLoop' |  
  OBSERVED uid 639 -> owner 'WhileLoop' uid 637 | self 'Diagram'#639 | 482 says 'WhileLoop' cast 'WhileLoop' |  
  OBSERVED uid 2603 -> owner 'ForLoop' uid 2457 | self 'Diagram'#2603 | 482 says 'ForLoop' cast 'ForLoop' |  
  OBSERVED uid 10213 -> owner 'EventStructure' uid 10153 | self 'Diagram'#10213 | 482 says 'EventStructure' cast 'EventStructure' |  
  OBSERVED uid 32067 -> owner 'EventStructure' uid 10153 | self 'Diagram'#32067 | 482 says 'EventStructure' cast 'EventStructure' |  
  OBSERVED uid 32166 -> owner 'EventStructure' uid 10153 | self 'Diagram'#32166 | 482 says 'EventStructure' cast 'EventStructure' |  
  OBSERVED uid 24642 -> owner 'ForLoop' uid 4810 | self 'Diagram'#24642 | 482 says 'ForLoop' cast 'ForLoop' |  
  OBSERVED uid 29629 -> owner 'ForLoop' uid 29617 | self 'Diagram'#29629 | 482 says 'ForLoop' cast 'ForLoop' |  
  OBSERVED uid 29894 -> owner 'ForLoop' uid 29874 | self 'Diagram'#29894 | 482 says 'ForLoop' cast 'ForLoop' |  
  OBSERVED uid 12599 -> owner 'CaseStructure' uid 12589 | self 'Diagram'#12599 | 482 says 'CaseStructure' cast 'CaseStructure' |  
  OBSERVED uid 12617 -> owner 'CaseStructure' uid 12589 | self 'Diagram'#12617 | 482 says 'CaseStructure' cast 'CaseStructure' |  
  OBSERVED uid 16565 -> owner 'FlatSequenceFrame' uid 0 | self 'Diagram'#16565 | 482 says 'FlatSequenceFrame' cast '' |  error 1055: Property Node in OpOwnerChain_v1.vi
  OBSERVED uid 11926 -> owner 'CaseStructure' uid 11869 | self 'Diagram'#11926 | 482 says 'CaseStructure' cast 'CaseStructure' |  
  OBSERVED uid 11936 -> owner 'CaseStructure' uid 11869 | self 'Diagram'#11936 | 482 says 'CaseStructure' cast 'CaseStructure' |  
  OBSERVED uid 18724 -> owner 'CaseStructure' uid 18716 | self 'Diagram'#18724 | 482 says 'CaseStructure' cast 'CaseStructure' |  
  OBSERVED uid 18730 -> owner 'CaseStructure' uid 18716 | self 'Diagram'#18730 | 482 says 'CaseStructure' cast 'CaseStructure' |  
  OBSERVED uid 22116 -> owner 'CaseStructure' uid 22082 | self 'Diagram'#22116 | 482 says 'CaseStructure' cast 'CaseStructure' |  
  OBSERVED uid 22128 -> owner 'CaseStructure' uid 22082 | self 'Diagram'#22128 | 482 says 'CaseStructure' cast 'CaseStructure' |  
  OBSERVED uid 20518 -> owner 'CaseStructure' uid 20474 | self 'Diagram'#20518 | 482 says 'CaseStructure' cast 'CaseStructure' |  
  OBSERVED uid 20530 -> owner 'CaseStructure' uid 20474 | self 'Diagram'#20530 | 482 says 'CaseStructure' cast 'CaseStructure' |  
  OBSERVED uid 21624 -> owner 'CaseStructure' uid 21600 | self 'Diagram'#21624 | 482 says 'CaseStructure' cast 'CaseStructure' |  
  OBSERVED uid 21649 -> owner 'CaseStructure' uid 21630 | self 'Diagram'#21649 | 482 says 'CaseStructure' cast 'CaseStructure' |  
  OBSERVED uid 21658 -> owner 'CaseStructure' uid 21630 | self 'Diagram'#21658 | 482 says 'CaseStructure' cast 'CaseStructure' |  
  OBSERVED uid 21745 -> owner 'CaseStructure' uid 21726 | self 'Diagram'#21745 | 482 says 'CaseStructure' cast 'CaseStructure' |  
  OBSERVED uid 21754 -> owner 'CaseStructure' uid 21726 | self 'Diagram'#21754 | 482 says 'CaseStructure' cast 'CaseStructure' |  
  OBSERVED uid 21871 -> owner 'CaseStructure' uid 21600 | self 'Diagram'#21871 | 482 says 'CaseStructure' cast 'CaseStructure' |  
  OBSERVED uid 20602 -> owner 'CaseStructure' uid 20548 | self 'Diagram'#20602 | 482 says 'CaseStructure' cast 'CaseStructure' |  
  OBSERVED uid 20774 -> owner 'CaseStructure' uid 20548 | self 'Diagram'#20774 | 482 says 'CaseStructure' cast 'CaseStructure' |  
  OBSERVED uid 10453 -> owner 'CaseStructure' uid 10445 | self 'Diagram'#10453 | 482 says 'CaseStructure' cast 'CaseStructure' |  
  OBSERVED uid 10459 -> owner 'CaseStructure' uid 10445 | self 'Diagram'#10459 | 482 says 'CaseStructure' cast 'CaseStructure' |  
  OBSERVED uid 7911 -> owner 'ForLoop' uid 1359 | self 'Diagram'#7911 | 482 says 'ForLoop' cast 'ForLoop' |  
  OBSERVED uid 2265 -> owner 'CaseStructure' uid 2222 | self 'Diagram'#2265 | 482 says 'CaseStructure' cast 'CaseStructure' |  
  OBSERVED uid 2235 -> owner 'CaseStructure' uid 2222 | self 'Diagram'#2235 | 482 says 'CaseStructure' cast 'CaseStructure' |  
  OBSERVED uid 3227 -> owner 'CaseStructure' uid 3191 | self 'Diagram'#3227 | 482 says 'CaseStructure' cast 'CaseStructure' |  
  OBSERVED uid 3292 -> owner 'CaseStructure' uid 3191 | self 'Diagram'#3292 | 482 says 'CaseStructure' cast 'CaseStructure' |  
  OBSERVED uid 206 -> owner 'CaseStructure' uid 57 | self 'Diagram'#206 | 482 says 'CaseStructure' cast 'CaseStructure' |  
  OBSERVED uid 253 -> owner 'CaseStructure' uid 57 | self 'Diagram'#253 | 482 says 'CaseStructure' cast 'CaseStructure' |  
  OBSERVED uid 5582 -> owner 'CaseStructure' uid 5540 | self 'Diagram'#5582 | 482 says 'CaseStructure' cast 'CaseStructure' |  
  OBSERVED uid 5592 -> owner 'CaseStructure' uid 5540 | self 'Diagram'#5592 | 482 says 'CaseStructure' cast 'CaseStructure' |  
  OBSERVED uid 759 -> owner 'FlatSequenceFrame' uid 0 | self 'Diagram'#759 | 482 says 'FlatSequenceFrame' cast '' |  error 1055: Property Node in OpOwnerChain_v1.vi
  OBSERVED uid 1493 -> owner 'CaseStructure' uid 195 | self 'Diagram'#1493 | 482 says 'CaseStructure' cast 'CaseStructure' |  
  OBSERVED uid 1610 -> owner 'CaseStructure' uid 195 | self 'Diagram'#1610 | 482 says 'CaseStructure' cast 'CaseStructure' |  
  OBSERVED uid 12960 -> owner 'FlatSequenceFrame' uid 0 | self 'Diagram'#12960 | 482 says 'FlatSequenceFrame' cast '' |  error 1055: Property Node in OpOwnerChain_v1.vi
  OBSERVED uid 13236 -> owner 'FlatSequenceFrame' uid 0 | self 'Diagram'#13236 | 482 says 'FlatSequenceFrame' cast '' |  error 1055: Property Node in OpOwnerChain_v1.vi
  OBSERVED uid 18402 -> owner 'FlatSequenceFrame' uid 0 | self 'Diagram'#18402 | 482 says 'FlatSequenceFrame' cast '' |  error 1055: Property Node in OpOwnerChain_v1.vi
  OBSERVED uid 32410 -> owner 'FlatSequenceFrame' uid 0 | self 'Diagram'#32410 | 482 says 'FlatSequenceFrame' cast '' |  error 1055: Property Node in OpOwnerChain_v1.vi
  OBSERVED uid 33688 -> owner 'FlatSequenceFrame' uid 0 | self 'Diagram'#33688 | 482 says 'FlatSequenceFrame' cast '' |  error 1055: Property Node in OpOwnerChain_v1.vi
  OBSERVED uid 14037 -> owner 'FlatSequenceFrame' uid 0 | self 'Diagram'#14037 | 482 says 'FlatSequenceFrame' cast '' |  error 1055: Property Node in OpOwnerChain_v1.vi
  OBSERVED uid 14435 -> owner 'FlatSequenceFrame' uid 0 | self 'Diagram'#14435 | 482 says 'FlatSequenceFrame' cast '' |  error 1055: Property Node in OpOwnerChain_v1.vi
  OBSERVED uid 13531 -> owner 'CaseStructure' uid 13507 | self 'Diagram'#13531 | 482 says 'CaseStructure' cast 'CaseStructure' |  
  OBSERVED uid 13589 -> owner 'CaseStructure' uid 13507 | self 'Diagram'#13589 | 482 says 'CaseStructure' cast 'CaseStructure' |  
  OBSERVED uid 13706 -> owner 'ForLoop' uid 13683 | self 'Diagram'#13706 | 482 says 'ForLoop' cast 'ForLoop' |  
  OBSERVED uid 13404 -> owner 'ForLoop' uid 13390 | self 'Diagram'#13404 | 482 says 'ForLoop' cast 'ForLoop' |  
  OBSERVED uid 14840 -> owner 'FlatSequenceFrame' uid 0 | self 'Diagram'#14840 | 482 says 'FlatSequenceFrame' cast '' |  error 1055: Property Node in OpOwnerChain_v1.vi
  OBSERVED uid 15041 -> owner 'FlatSequenceFrame' uid 0 | self 'Diagram'#15041 | 482 says 'FlatSequenceFrame' cast '' |  error 1055: Property Node in OpOwnerChain_v1.vi
  OBSERVED uid 15266 -> owner 'WhileLoop' uid 15173 | self 'Diagram'#15266 | 482 says 'WhileLoop' cast 'WhileLoop' |  
  OBSERVED uid 16964 -> owner 'FlatSequenceFrame' uid 0 | self 'Diagram'#16964 | 482 says 'FlatSequenceFrame' cast '' |  error 1055: Property Node in OpOwnerChain_v1.vi
  OBSERVED uid 19002 -> owner 'CaseStructure' uid 18975 | self 'Diagram'#19002 | 482 says 'CaseStructure' cast 'CaseStructure' |  
  OBSERVED uid 19011 -> owner 'CaseStructure' uid 18975 | self 'Diagram'#19011 | 482 says 'CaseStructure' cast 'CaseStructure' |  
  OBSERVED uid 19033 -> owner 'FlatSequenceFrame' uid 0 | self 'Diagram'#19033 | 482 says 'FlatSequenceFrame' cast '' |  error 1055: Property Node in OpOwnerChain_v1.vi
  OBSERVED uid 19227 -> owner 'FlatSequenceFrame' uid 0 | self 'Diagram'#19227 | 482 says 'FlatSequenceFrame' cast '' |  error 1055: Property Node in OpOwnerChain_v1.vi
  OBSERVED uid 18686 -> owner 'CaseStructure' uid 18666 | self 'Diagram'#18686 | 482 says 'CaseStructure' cast 'CaseStructure' |  
  OBSERVED uid 18695 -> owner 'CaseStructure' uid 18666 | self 'Diagram'#18695 | 482 says 'CaseStructure' cast 'CaseStructure' |  
  OBSERVED uid 18718 -> owner 'FlatSequenceFrame' uid 0 | self 'Diagram'#18718 | 482 says 'FlatSequenceFrame' cast '' |  error 1055: Property Node in OpOwnerChain_v1.vi
  OBSERVED uid 18914 -> owner 'FlatSequenceFrame' uid 0 | self 'Diagram'#18914 | 482 says 'FlatSequenceFrame' cast '' |  error 1055: Property Node in OpOwnerChain_v1.vi
  OBSERVED uid 18286 -> owner 'CaseStructure' uid 18267 | self 'Diagram'#18286 | 482 says 'CaseStructure' cast 'CaseStructure' |  
  OBSERVED uid 18295 -> owner 'CaseStructure' uid 18267 | self 'Diagram'#18295 | 482 says 'CaseStructure' cast 'CaseStructure' |  
  OBSERVED uid 18317 -> owner 'FlatSequenceFrame' uid 0 | self 'Diagram'#18317 | 482 says 'FlatSequenceFrame' cast '' |  error 1055: Property Node in OpOwnerChain_v1.vi
  OBSERVED uid 18565 -> owner 'FlatSequenceFrame' uid 0 | self 'Diagram'#18565 | 482 says 'FlatSequenceFrame' cast '' |  error 1055: Property Node in OpOwnerChain_v1.vi
  OBSERVED uid 18055 -> owner 'CaseStructure' uid 18036 | self 'Diagram'#18055 | 482 says 'CaseStructure' cast 'CaseStructure' |  
  OBSERVED uid 18065 -> owner 'CaseStructure' uid 18036 | self 'Diagram'#18065 | 482 says 'CaseStructure' cast 'CaseStructure' |  
  OBSERVED uid 28412 -> owner 'FlatSequenceFrame' uid 0 | self 'Diagram'#28412 | 482 says 'FlatSequenceFrame' cast '' |  error 1055: Property Node in OpOwnerChain_v1.vi
  OBSERVED uid 28823 -> owner 'FlatSequenceFrame' uid 0 | self 'Diagram'#28823 | 482 says 'FlatSequenceFrame' cast '' |  error 1055: Property Node in OpOwnerChain_v1.vi
  OBSERVED uid 18096 -> owner 'FlatSequenceFrame' uid 0 | self 'Diagram'#18096 | 482 says 'FlatSequenceFrame' cast '' |  error 1055: Property Node in OpOwnerChain_v1.vi
  OBSERVED uid 18240 -> owner 'FlatSequenceFrame' uid 0 | self 'Diagram'#18240 | 482 says 'FlatSequenceFrame' cast '' |  error 1055: Property Node in OpOwnerChain_v1.vi
  OBSERVED uid 17741 -> owner 'CaseStructure' uid 17722 | self 'Diagram'#17741 | 482 says 'CaseStructure' cast 'CaseStructure' |  
  OBSERVED uid 17750 -> owner 'CaseStructure' uid 17722 | self 'Diagram'#17750 | 482 says 'CaseStructure' cast 'CaseStructure' |  
  OBSERVED uid 17772 -> owner 'FlatSequenceFrame' uid 0 | self 'Diagram'#17772 | 482 says 'FlatSequenceFrame' cast '' |  error 1055: Property Node in OpOwnerChain_v1.vi
  OBSERVED uid 17977 -> owner 'FlatSequenceFrame' uid 0 | self 'Diagram'#17977 | 482 says 'FlatSequenceFrame' cast '' |  error 1055: Property Node in OpOwnerChain_v1.vi
  OBSERVED uid 17430 -> owner 'CaseStructure' uid 17410 | self 'Diagram'#17430 | 482 says 'CaseStructure' cast 'CaseStructure' |  
  OBSERVED uid 17439 -> owner 'CaseStructure' uid 17410 | self 'Diagram'#17439 | 482 says 'CaseStructure' cast 'CaseStructure' |  
  OBSERVED uid 17471 -> owner 'FlatSequenceFrame' uid 0 | self 'Diagram'#17471 | 482 says 'FlatSequenceFrame' cast '' |  error 1055: Property Node in OpOwnerChain_v1.vi
  OBSERVED uid 17664 -> owner 'FlatSequenceFrame' uid 0 | self 'Diagram'#17664 | 482 says 'FlatSequenceFrame' cast '' |  error 1055: Property Node in OpOwnerChain_v1.vi
  OBSERVED uid 16989 -> owner 'CaseStructure' uid 16970 | self 'Diagram'#16989 | 482 says 'CaseStructure' cast 'CaseStructure' |  
  OBSERVED uid 16998 -> owner 'CaseStructure' uid 16970 | self 'Diagram'#16998 | 482 says 'CaseStructure' cast 'CaseStructure' |  
  OBSERVED uid 17020 -> owner 'FlatSequenceFrame' uid 0 | self 'Diagram'#17020 | 482 says 'FlatSequenceFrame' cast '' |  error 1055: Property Node in OpOwnerChain_v1.vi
  OBSERVED uid 17299 -> owner 'FlatSequenceFrame' uid 0 | self 'Diagram'#17299 | 482 says 'FlatSequenceFrame' cast '' |  error 1055: Property Node in OpOwnerChain_v1.vi
  OBSERVED uid 16002 -> owner 'CaseStructure' uid 15968 | self 'Diagram'#16002 | 482 says 'CaseStructure' cast 'CaseStructure' |  
  OBSERVED uid 16013 -> owner 'CaseStructure' uid 15968 | self 'Diagram'#16013 | 482 says 'CaseStructure' cast 'CaseStructure' |  
  OBSERVED uid 16303 -> owner 'CaseStructure' uid 16238 | self 'Diagram'#16303 | 482 says 'CaseStructure' cast 'CaseStructure' |  
  OBSERVED uid 16355 -> owner 'ForLoop' uid 16312 | self 'Diagram'#16355 | 482 says 'ForLoop' cast 'ForLoop' |  
  OBSERVED uid 16411 -> owner 'CaseStructure' uid 16369 | self 'Diagram'#16411 | 482 says 'CaseStructure' cast 'CaseStructure' |  
  OBSERVED uid 16463 -> owner 'CaseStructure' uid 16369 | self 'Diagram'#16463 | 482 says 'CaseStructure' cast 'CaseStructure' |  
  OBSERVED uid 16621 -> owner 'ForLoop' uid 16557 | self 'Diagram'#16621 | 482 says 'ForLoop' cast 'ForLoop' |  
  OBSERVED uid 16930 -> owner 'CaseStructure' uid 16238 | self 'Diagram'#16930 | 482 says 'CaseStructure' cast 'CaseStructure' |  
  OBSERVED uid 15593 -> owner 'EventStructure' uid 15544 | self 'Diagram'#15593 | 482 says 'EventStructure' cast 'EventStructure' |  
  OBSERVED uid 15622 -> owner 'EventStructure' uid 15544 | self 'Diagram'#15622 | 482 says 'EventStructure' cast 'EventStructure' |  
  OBSERVED uid 15683 -> owner 'Sequence' uid 15649 | self 'Diagram'#15683 | 482 says 'Sequence' cast 'Sequence' |  
  OBSERVED uid 15795 -> owner 'Sequence' uid 15649 | self 'Diagram'#15795 | 482 says 'Sequence' cast 'Sequence' |  
  OBSERVED uid 28735 -> owner 'CaseStructure' uid 28709 | self 'Diagram'#28735 | 482 says 'CaseStructure' cast 'CaseStructure' |  
  OBSERVED uid 28741 -> owner 'CaseStructure' uid 28709 | self 'Diagram'#28741 | 482 says 'CaseStructure' cast 'CaseStructure' |  
  OBSERVED uid 19687 -> owner 'FlatSequenceFrame' uid 0 | self 'Diagram'#19687 | 482 says 'FlatSequenceFrame' cast '' |  error 1055: Property Node in OpOwnerChain_v1.vi
  OBSERVED uid 19887 -> owner 'FlatSequenceFrame' uid 0 | self 'Diagram'#19887 | 482 says 'FlatSequenceFrame' cast '' |  error 1055: Property Node in OpOwnerChain_v1.vi
  OBSERVED uid 20261 -> owner 'FlatSequenceFrame' uid 0 | self 'Diagram'#20261 | 482 says 'FlatSequenceFrame' cast '' |  error 1055: Property Node in OpOwnerChain_v1.vi
  OBSERVED uid 21134 -> owner 'FlatSequenceFrame' uid 0 | self 'Diagram'#21134 | 482 says 'FlatSequenceFrame' cast '' |  error 1055: Property Node in OpOwnerChain_v1.vi
  OBSERVED uid 21577 -> owner 'ForLoop' uid 21305 | self 'Diagram'#21577 | 482 says 'ForLoop' cast 'ForLoop' |  
  OBSERVED uid 22013 -> owner 'Sequence' uid 21590 | self 'Diagram'#22013 | 482 says 'Sequence' cast 'Sequence' |  
  OBSERVED uid 22160 -> owner 'CaseStructure' uid 22086 | self 'Diagram'#22160 | 482 says 'CaseStructure' cast 'CaseStructure' |  
  OBSERVED uid 22295 -> owner 'CaseStructure' uid 22086 | self 'Diagram'#22295 | 482 says 'CaseStructure' cast 'CaseStructure' |  
  OBSERVED uid 22325 -> owner 'Sequence' uid 21590 | self 'Diagram'#22325 | 482 says 'Sequence' cast 'Sequence' |  
  OBSERVED uid 22382 -> owner 'Sequence' uid 21590 | self 'Diagram'#22382 | 482 says 'Sequence' cast 'Sequence' |  
  OBSERVED uid 22427 -> owner 'Sequence' uid 21590 | self 'Diagram'#22427 | 482 says 'Sequence' cast 'Sequence' |  
  OBSERVED uid 22532 -> owner 'ForLoop' uid 22433 | self 'Diagram'#22532 | 482 says 'ForLoop' cast 'ForLoop' |  
  OBSERVED uid 22650 -> owner 'Sequence' uid 22541 | self 'Diagram'#22650 | 482 says 'Sequence' cast 'Sequence' |  
  OBSERVED uid 22780 -> owner 'Sequence' uid 22541 | self 'Diagram'#22780 | 482 says 'Sequence' cast 'Sequence' |  
  OBSERVED uid 23714 -> owner 'CaseStructure' uid 23619 | self 'Diagram'#23714 | 482 says 'CaseStructure' cast 'CaseStructure' |  
  OBSERVED uid 23729 -> owner 'CaseStructure' uid 23619 | self 'Diagram'#23729 | 482 says 'CaseStructure' cast 'CaseStructure' |  
  OBSERVED uid 24013 -> owner 'CaseStructure' uid 23619 | self 'Diagram'#24013 | 482 says 'CaseStructure' cast 'CaseStructure' |  
  OBSERVED uid 24449 -> owner 'CaseStructure' uid 23619 | self 'Diagram'#24449 | 482 says 'CaseStructure' cast 'CaseStructure' |  
  OBSERVED uid 22847 -> owner 'ForLoop' uid 22786 | self 'Diagram'#22847 | 482 says 'ForLoop' cast 'ForLoop' |  
  OBSERVED uid 25266 -> owner 'Sequence' uid 21590 | self 'Diagram'#25266 | 482 says 'Sequence' cast 'Sequence' |  
  OBSERVED uid 25290 -> owner 'ForLoop' uid 25272 | self 'Diagram'#25290 | 482 says 'ForLoop' cast 'ForLoop' |  
  OBSERVED uid 25345 -> owner 'ForLoop' uid 25325 | self 'Diagram'#25345 | 482 says 'ForLoop' cast 'ForLoop' |  
  OBSERVED uid 25769 -> owner 'FlatSequenceFrame' uid 0 | self 'Diagram'#25769 | 482 says 'FlatSequenceFrame' cast '' |  error 1055: Property Node in OpOwnerChain_v1.vi
  OBSERVED uid 25890 -> owner 'ForLoop' uid 25850 | self 'Diagram'#25890 | 482 says 'ForLoop' cast 'ForLoop' |  
  OBSERVED uid 26117 -> owner 'FlatSequenceFrame' uid 0 | self 'Diagram'#26117 | 482 says 'FlatSequenceFrame' cast '' |  error 1055: Property Node in OpOwnerChain_v1.vi
  OBSERVED uid 5540 -> owner 'Diagram' uid 639 | self 'CaseStructure'#5540 | 482 says 'Diagram' cast 'Diagram' |  
  OBSERVED uid 9647 -> owner 'Diagram' uid 639 | self 'Function'#9647 | 482 says 'Diagram' cast 'Diagram' |  
  OBSERVED uid 10247 -> owner 'Diagram' uid 639 | self 'Function'#10247 | 482 says 'Diagram' cast 'Diagram' |  
  OBSERVED uid 10445 -> owner 'Diagram' uid 639 | self 'CaseStructure'#10445 | 482 says 'Diagram' cast 'Diagram' |  
  OBSERVED uid 10950 -> owner 'Diagram' uid 639 | self 'Comparison'#10950 | 482 says 'Diagram' cast 'Diagram' |  
  OBSERVED uid 17289 -> owner 'Diagram' uid 639 | self 'Property'#17289 | 482 says 'Diagram' cast 'Diagram' |  
  OBSERVED uid 10969 -> owner 'Diagram' uid 639 | self 'Function'#10969 | 482 says 'Diagram' cast 'Diagram' |  
  OBSERVED uid 10757 -> owner 'Diagram' uid 639 | self 'IndexArray'#10757 | 482 says 'Diagram' cast 'Diagram' |  
  OBSERVED uid 17487 -> owner 'Diagram' uid 639 | self 'ControlTerminal'#17487 | 482 says 'Diagram' cast 'Diagram' |  
  OBSERVED uid 5634 -> owner 'Diagram' uid 639 | self 'ControlTerminal'#5634 | 482 says 'Diagram' cast 'Diagram' |  
  OBSERVED uid 1147 -> owner 'WhileLoop' uid 637 | self 'RightShiftRegister'#1147 | 482 says 'WhileLoop' cast 'WhileLoop' |  
  OBSERVED uid 1142 -> owner 'WhileLoop' uid 637 | self 'LeftShiftRegister'#1142 | 482 says 'WhileLoop' cast 'WhileLoop' |  
  OBSERVED uid 5796 -> owner 'WhileLoop' uid 637 | self 'RightShiftRegister'#5796 | 482 says 'WhileLoop' cast 'WhileLoop' |  
  OBSERVED uid 5805 -> owner 'WhileLoop' uid 637 | self 'LeftShiftRegister'#5805 | 482 says 'WhileLoop' cast 'WhileLoop' |  
  OBSERVED uid 7311 -> owner 'WhileLoop' uid 637 | self 'RightShiftRegister'#7311 | 482 says 'WhileLoop' cast 'WhileLoop' |  
  OBSERVED uid 11001 -> owner 'WhileLoop' uid 637 | self 'LeftShiftRegister'#11001 | 482 says 'WhileLoop' cast 'WhileLoop' |  
  OBSERVED uid 3593 -> owner 'Diagram' uid 3628 | self 'Sequence'#3593 | 482 says 'Diagram' cast 'Diagram' |  
  OBSERVED uid 3826 -> owner 'Diagram' uid 3667 | self 'CaseStructure'#3826 | 482 says 'Diagram' cast 'Diagram' |  
  OBSERVED uid 27489 -> owner 'Diagram' uid 81548 | self 'ForLoop'#27489 | 482 says 'Diagram' cast 'Diagram' |  
  OBSERVED uid 2857 -> owner 'Diagram' uid 124 | self 'CaseStructure'#2857 | 482 says 'Diagram' cast 'Diagram' |  
  OBSERVED uid 23041 -> owner 'Diagram' uid 686 | self 'WhileLoop'#23041 | 482 says 'Diagram' cast 'Diagram' |  
  OBSERVED uid 10170 -> owner 'Diagram' uid 686 | self 'WhileLoop'#10170 | 482 says 'Diagram' cast 'Diagram' |  
  OBSERVED uid 23032 -> owner 'Diagram' uid 686 | self 'WhileLoop'#23032 | 482 says 'Diagram' cast 'Diagram' |  
  OBSERVED uid 10407 -> owner 'Diagram' uid 23058 | self 'CaseStructure'#10407 | 482 says 'Diagram' cast 'Diagram' |  
  OBSERVED uid 25380 -> owner 'Diagram' uid 686 | self 'WhileLoop'#25380 | 482 says 'Diagram' cast 'Diagram' |  
  OBSERVED uid 27905 -> owner 'Diagram' uid 25767 | self 'CaseStructure'#27905 | 482 says 'Diagram' cast 'Diagram' |  
  OBSERVED uid 27364 -> owner 'Diagram' uid 25767 | self 'CaseStructure'#27364 | 482 says 'Diagram' cast 'Diagram' |  
  OBSERVED uid 26991 -> owner 'Diagram' uid 25767 | self 'CaseStructure'#26991 | 482 says 'Diagram' cast 'Diagram' |  
  OBSERVED uid 26441 -> owner 'Diagram' uid 25767 | self 'CaseStructure'#26441 | 482 says 'Diagram' cast 'Diagram' |  
  OBSERVED uid 25810 -> owner 'Diagram' uid 25767 | self 'CaseStructure'#25810 | 482 says 'Diagram' cast 'Diagram' |  
  OBSERVED uid 28670 -> owner 'Diagram' uid 686 | self 'ForLoop'#28670 | 482 says 'Diagram' cast 'Diagram' |  
  OBSERVED uid 637 -> owner 'Diagram' uid 686 | self 'WhileLoop'#637 | 482 says 'Diagram' cast 'Diagram' |  
  OBSERVED uid 2457 -> owner 'Diagram' uid 639 | self 'ForLoop'#2457 | 482 says 'Diagram' cast 'Diagram' |  
  OBSERVED uid 10153 -> owner 'Diagram' uid 639 | self 'EventStructure'#10153 | 482 says 'Diagram' cast 'Diagram' |  
  OBSERVED uid 4810 -> owner 'Diagram' uid 32166 | self 'ForLoop'#4810 | 482 says 'Diagram' cast 'Diagram' |  
  OBSERVED uid 29617 -> owner 'Diagram' uid 639 | self 'ForLoop'#29617 | 482 says 'Diagram' cast 'Diagram' |  
  OBSERVED uid 29874 -> owner 'Diagram' uid 639 | self 'ForLoop'#29874 | 482 says 'Diagram' cast 'Diagram' |  
  OBSERVED uid 12589 -> owner 'Diagram' uid 639 | self 'CaseStructure'#12589 | 482 says 'Diagram' cast 'Diagram' |  
  OBSERVED uid 11869 -> owner 'Diagram' uid 16565 | self 'CaseStructure'#11869 | 482 says 'Diagram' cast 'Diagram' |  
  OBSERVED uid 18716 -> owner 'Diagram' uid 639 | self 'CaseStructure'#18716 | 482 says 'Diagram' cast 'Diagram' |  
  OBSERVED uid 22082 -> owner 'Diagram' uid 639 | self 'CaseStructure'#22082 | 482 says 'Diagram' cast 'Diagram' |  
  OBSERVED uid 20474 -> owner 'Diagram' uid 639 | self 'CaseStructure'#20474 | 482 says 'Diagram' cast 'Diagram' |  
  OBSERVED uid 21600 -> owner 'Diagram' uid 20530 | self 'CaseStructure'#21600 | 482 says 'Diagram' cast 'Diagram' |  
  OBSERVED uid 21630 -> owner 'Diagram' uid 21624 | self 'CaseStructure'#21630 | 482 says 'Diagram' cast 'Diagram' |  
  OBSERVED uid 21726 -> owner 'Diagram' uid 21658 | self 'CaseStructure'#21726 | 482 says 'Diagram' cast 'Diagram' |  
  OBSERVED uid 20548 -> owner 'Diagram' uid 20530 | self 'CaseStructure'#20548 | 482 says 'Diagram' cast 'Diagram' |  
  OBSERVED uid 1359 -> owner 'Diagram' uid 639 | self 'ForLoop'#1359 | 482 says 'Diagram' cast 'Diagram' |  
  OBSERVED uid 2222 -> owner 'Diagram' uid 639 | self 'CaseStructure'#2222 | 482 says 'Diagram' cast 'Diagram' |  
  OBSERVED uid 3191 -> owner 'Diagram' uid 639 | self 'CaseStructure'#3191 | 482 says 'Diagram' cast 'Diagram' |  
  OBSERVED uid 57 -> owner 'Diagram' uid 639 | self 'CaseStructure'#57 | 482 says 'Diagram' cast 'Diagram' |  
  OBSERVED uid 195 -> owner 'Diagram' uid 759 | self 'CaseStructure'#195 | 482 says 'Diagram' cast 'Diagram' |  
  OBSERVED uid 13507 -> owner 'Diagram' uid 13236 | self 'CaseStructure'#13507 | 482 says 'Diagram' cast 'Diagram' |  
  OBSERVED uid 13683 -> owner 'Diagram' uid 13589 | self 'ForLoop'#13683 | 482 says 'Diagram' cast 'Diagram' |  
  OBSERVED uid 13390 -> owner 'Diagram' uid 13236 | self 'ForLoop'#13390 | 482 says 'Diagram' cast 'Diagram' |  
  OBSERVED uid 15173 -> owner 'Diagram' uid 15041 | self 'WhileLoop'#15173 | 482 says 'Diagram' cast 'Diagram' |  
  OBSERVED uid 18975 -> owner 'Diagram' uid 16964 | self 'CaseStructure'#18975 | 482 says 'Diagram' cast 'Diagram' |  
  OBSERVED uid 18666 -> owner 'Diagram' uid 16964 | self 'CaseStructure'#18666 | 482 says 'Diagram' cast 'Diagram' |  
  OBSERVED uid 18267 -> owner 'Diagram' uid 16964 | self 'CaseStructure'#18267 | 482 says 'Diagram' cast 'Diagram' |  
  OBSERVED uid 18036 -> owner 'Diagram' uid 16964 | self 'CaseStructure'#18036 | 482 says 'Diagram' cast 'Diagram' |  
  OBSERVED uid 17722 -> owner 'Diagram' uid 16964 | self 'CaseStructure'#17722 | 482 says 'Diagram' cast 'Diagram' |  
  OBSERVED uid 17410 -> owner 'Diagram' uid 16964 | self 'CaseStructure'#17410 | 482 says 'Diagram' cast 'Diagram' |  
  OBSERVED uid 16970 -> owner 'Diagram' uid 16964 | self 'CaseStructure'#16970 | 482 says 'Diagram' cast 'Diagram' |  
  OBSERVED uid 15968 -> owner 'Diagram' uid 15266 | self 'CaseStructure'#15968 | 482 says 'Diagram' cast 'Diagram' |  
  OBSERVED uid 16238 -> owner 'Diagram' uid 15266 | self 'CaseStructure'#16238 | 482 says 'Diagram' cast 'Diagram' |  
  OBSERVED uid 16312 -> owner 'Diagram' uid 16303 | self 'ForLoop'#16312 | 482 says 'Diagram' cast 'Diagram' |  
  OBSERVED uid 16369 -> owner 'Diagram' uid 16355 | self 'CaseStructure'#16369 | 482 says 'Diagram' cast 'Diagram' |  
  OBSERVED uid 16557 -> owner 'Diagram' uid 16303 | self 'ForLoop'#16557 | 482 says 'Diagram' cast 'Diagram' |  
  OBSERVED uid 15544 -> owner 'Diagram' uid 15266 | self 'EventStructure'#15544 | 482 says 'Diagram' cast 'Diagram' |  
  OBSERVED uid 15649 -> owner 'Diagram' uid 15622 | self 'Sequence'#15649 | 482 says 'Diagram' cast 'Diagram' |  
  OBSERVED uid 28709 -> owner 'Diagram' uid 15795 | self 'CaseStructure'#28709 | 482 says 'Diagram' cast 'Diagram' |  
  OBSERVED uid 21305 -> owner 'Diagram' uid 21134 | self 'ForLoop'#21305 | 482 says 'Diagram' cast 'Diagram' |  
  OBSERVED uid 21590 -> owner 'Diagram' uid 21577 | self 'Sequence'#21590 | 482 says 'Diagram' cast 'Diagram' |  
  OBSERVED uid 22086 -> owner 'Diagram' uid 22013 | self 'CaseStructure'#22086 | 482 says 'Diagram' cast 'Diagram' |  
  OBSERVED uid 22433 -> owner 'Diagram' uid 22427 | self 'ForLoop'#22433 | 482 says 'Diagram' cast 'Diagram' |  
  OBSERVED uid 22541 -> owner 'Diagram' uid 22532 | self 'Sequence'#22541 | 482 says 'Diagram' cast 'Diagram' |  
  OBSERVED uid 23619 -> owner 'Diagram' uid 22780 | self 'CaseStructure'#23619 | 482 says 'Diagram' cast 'Diagram' |  
  OBSERVED uid 22786 -> owner 'Diagram' uid 22780 | self 'ForLoop'#22786 | 482 says 'Diagram' cast 'Diagram' |  
  OBSERVED uid 25272 -> owner 'Diagram' uid 25266 | self 'ForLoop'#25272 | 482 says 'Diagram' cast 'Diagram' |  
  OBSERVED uid 25325 -> owner 'Diagram' uid 25290 | self 'ForLoop'#25325 | 482 says 'Diagram' cast 'Diagram' |  
  OBSERVED uid 25850 -> owner 'Diagram' uid 25769 | self 'ForLoop'#25850 | 482 says 'Diagram' cast 'Diagram' |  
  FACT  OWNERS 252 objects resolved in 8 s

---------- F1 group A / F2 control terminals / F3 SR pairs
  FACT  F1 #5540 CaseStructure owner ('Diagram', 639) loop WhileLoop#637 frames 2 rows 7
  FACT     t5608 '' OuterTerminal IN w5709 F639 [WhileLoop#637] -> [(10247, 'Function', 'x .or. y?', 'WhileLoop#637')]
  FACT     t5976 '' OuterTerminal IN w5979 F639 [WhileLoop#637] -> [(5569, 'LoopTunnel', '', 'WhileLoop#637')]
  FACT     t6007 '' OuterTerminal OUT w5637 F639 [WhileLoop#637] -> []
  FACT     t6038 '' OuterTerminal IN w6041 F639 [WhileLoop#637] -> [(5805, 'LeftShiftRegister', '', 'WhileLoop#637')]
  FACT     t5741 '' OuterTerminal IN w5746 F639 [WhileLoop#637] -> [(5752, 'LoopTunnel', '', 'WhileLoop#637')]
  FACT     t5883 '' OuterTerminal IN w1681 F639 [WhileLoop#637] -> [(1142, 'LeftShiftRegister', '', 'WhileLoop#637')]
  FACT     t6026 '' OuterTerminal OUT w5975 F639 [WhileLoop#637] -> []
  FACT  F1 #9647 Function owner ('Diagram', 639) loop WhileLoop#637 frames 0 rows 3
  FACT     t9668 'x .and. y?' ParameterTerminal OUT w9921 F639 [WhileLoop#637] -> [(10382, 'Function', 'x', 'WhileLoop#637'), (10465, 'Tunnel', '', 'WhileLoop#637')]
  FACT     t9676 'y' ParameterTerminal IN w9806 F639 [WhileLoop#637] -> [(17487, 'ControlTerminal', 'Auto-Reset', 'WhileLoop#637')]
  FACT     t9680 'x' ParameterTerminal IN w9868 F639 [WhileLoop#637] -> [(10950, 'Comparison', 'x < y?', 'WhileLoop#637')]
  FACT  F1 #10247 Function owner ('Diagram', 639) loop WhileLoop#637 frames 0 rows 3
  FACT     t10253 'x .or. y?' ParameterTerminal OUT w5709 F639 [WhileLoop#637] -> [(5603, 'Tunnel', '', 'WhileLoop#637')]
  FACT     t10256 'y' ParameterTerminal IN w10312 F639 [WhileLoop#637] -> [(5634, 'ControlTerminal', 'Reset Tracking', 'WhileLoop#637')]
  FACT     t10259 'x' ParameterTerminal IN w10573 F639 [WhileLoop#637] -> [(10584, 'SelectorTunnel', '', 'WhileLoop#637')]
  FACT  F1 #10445 CaseStructure owner ('Diagram', 639) loop WhileLoop#637 frames 2 rows 4
  FACT     t10469 '' OuterTerminal IN w9921 F639 [WhileLoop#637] -> [(10382, 'Function', 'x', 'WhileLoop#637'), (9647, 'Function', 'x .and. y?', 'WhileLoop#637')]
  FACT     t10594 '' OuterTerminal OUT w10573 F639 [WhileLoop#637] -> [(10247, 'Function', 'x', 'WhileLoop#637')]
  FACT     t10760 'Value' OuterTerminal IN w10763 F639 [WhileLoop#637] -> [(11001, 'LeftShiftRegister', 'Value', 'WhileLoop#637')]
  FACT     t11346 'Value' OuterTerminal OUT w11389 F639 [WhileLoop#637] -> [(11529, 'Comparison', 'x', 'WhileLoop#637'), (7311, 'RightShiftRegister', 'Value', 'WhileLoop#637')]
  FACT  F1 #10950 Comparison owner ('Diagram', 639) loop WhileLoop#637 frames 0 rows 3
  FACT     t11052 'x < y?' ParameterTerminal OUT w9868 F639 [WhileLoop#637] -> [(9647, 'Function', 'x', 'WhileLoop#637')]
  FACT     t11055 'y' ParameterTerminal IN w10850 F639 [WhileLoop#637] -> [(10739, 'DigitalNumericConstant', 'disabled index (col)', 'WhileLoop#637')]
  FACT     t11059 'x' ParameterTerminal IN w17393 F639 [WhileLoop#637] -> [(17289, 'Property', 'Value', 'WhileLoop#637')]
  FACT  F1 #17289 Property owner ('Diagram', 639) loop WhileLoop#637 frames 0 rows 5
  FACT     t17353 'reference' Terminal IN w0 F639 [WhileLoop#637] -> []
  FACT     t17356 'reference out' Terminal OUT w0 F639 [WhileLoop#637] -> []
  FACT     t17359 'error in (no error)' Terminal IN w0 F639 [WhileLoop#637] -> []
  FACT     t17362 'error out' Terminal OUT w0 F639 [WhileLoop#637] -> []
  FACT     t17365 'Value' Terminal OUT w17393 F639 [WhileLoop#637] -> [(10950, 'Comparison', 'x', 'WhileLoop#637')]
  FACT  F1 #10969 Function owner ('Diagram', 639) loop WhileLoop#637 frames 0 rows 5
  FACT     t10975 'array' ParameterTerminal IN w121 F639 [WhileLoop#637] -> [(10757, 'IndexArray', 'array', 'WhileLoop#637'), (119, 'RightShiftRegister', '', 'WhileLoop#637')]
  FACT     t10979 'max value' ParameterTerminal OUT w0 F639 [WhileLoop#637] -> []
  FACT     t10983 'max index (indices)' ParameterTerminal OUT w0 F639 [WhileLoop#637] -> []
  FACT     t10988 'min value' ParameterTerminal OUT w17287 F639 [WhileLoop#637] -> [(17272, 'ControlTerminal', 'min value', 'WhileLoop#637')]
  FACT     t10992 'min index (indices)' ParameterTerminal OUT w0 F639 [WhileLoop#637] -> []
  FACT  F1 #10757 IndexArray owner ('Diagram', 639) loop WhileLoop#637 frames 0 rows 3
  FACT     t10871 'array' Terminal IN w121 F639 [WhileLoop#637] -> [(10969, 'Function', 'array', 'WhileLoop#637'), (119, 'RightShiftRegister', '', 'WhileLoop#637')]
  FACT     t10874 'element' Terminal OUT w23556 F639 [WhileLoop#637] -> [(23541, 'ControlTerminal', 'index', 'WhileLoop#637')]
  FACT     t10877 'index' Terminal IN w10947 F639 [WhileLoop#637] -> [(10929, 'DigitalNumericConstant', 'index', 'WhileLoop#637')]
  FACT  F2 #17487 ControlTerminal owner ('Diagram', 639) loop WhileLoop#637 frames 0 rows 1
  FACT     t17487 'Auto-Reset' ControlTerminal OUT w9806 F639 [WhileLoop#637] -> [(9647, 'Function', 'y', 'WhileLoop#637')]
  FACT  F2 #5634 ControlTerminal owner ('Diagram', 639) loop WhileLoop#637 frames 0 rows 1
  FACT     t5634 'Reset Tracking' ControlTerminal OUT w10312 F639 [WhileLoop#637] -> [(10247, 'Function', 'y', 'WhileLoop#637')]
  FACT  F3 #1147 RightShiftRegister owner ('WhileLoop', 637) loop top(D637:Diagram) frames 0 rows 2
  FACT     t1156 '' OuterTerminal OUT w0 F686 [top(D686:FlatSequenceFrame)] -> []
  FACT     t1148 '' InnerTerminal IN w505 F639 [WhileLoop#637] -> [(2626, 'BuildArray', 'array', 'WhileLoop#637'), (2765, 'SelectorTunnel', 'x,y,z array out', 'WhileLoop#637')]
  FACT  F3 #1142 LeftShiftRegister owner ('WhileLoop', 637) loop top(D637:Diagram) frames 0 rows 2
  FACT     t1154 '' OuterTerminal IN w2731 F686 [top(D686:FlatSequenceFrame)] -> [(5752, 'LoopTunnel', '', 'top(D686:FlatSequenceFrame)'), (2886, 'FlatSequenceInnerTunnel', '', 'top(D686:FlatSequenceFrame)')]
  FACT     t1157 '' InnerTerminal OUT w1681 F639 [WhileLoop#637] -> [(5825, 'SelectorTunnel', '', 'WhileLoop#637')]
  FACT  F3 #5796 RightShiftRegister owner ('WhileLoop', 637) loop top(D637:Diagram) frames 0 rows 2
  FACT     t5815 '' OuterTerminal OUT w0 F686 [top(D686:FlatSequenceFrame)] -> []
  FACT     t5810 '' InnerTerminal IN w5859 F639 [WhileLoop#637] -> []
  FACT  F3 #5805 LeftShiftRegister owner ('WhileLoop', 637) loop top(D637:Diagram) frames 0 rows 2
  FACT     t5819 '' OuterTerminal IN w5812 F686 [top(D686:FlatSequenceFrame)] -> [(5569, 'LoopTunnel', '', 'top(D686:FlatSequenceFrame)'), (5818, 'FlatSequenceInnerTunnel', '', 'top(D686:FlatSequenceFrame)')]
  FACT     t5817 '' InnerTerminal OUT w6041 F639 [WhileLoop#637] -> [(5702, 'SelectorTunnel', '', 'WhileLoop#637')]
  FACT  F3 #7311 RightShiftRegister owner ('WhileLoop', 637) loop top(D637:Diagram) frames 0 rows 2
  FACT     t11010 'Value' OuterTerminal OUT w0 F686 [top(D686:FlatSequenceFrame)] -> []
  FACT     t11005 'Value' InnerTerminal IN w11389 F639 [WhileLoop#637] -> [(11529, 'Comparison', 'x', 'WhileLoop#637'), (11336, 'SelectorTunnel', 'Value', 'WhileLoop#637')]
  FACT  F3 #11001 LeftShiftRegister owner ('WhileLoop', 637) loop top(D637:Diagram) frames 0 rows 2
  FACT     t11014 'Value' OuterTerminal IN w11253 F686 [top(D686:FlatSequenceFrame)] -> [(10225, 'ControlTerminal', 'Auto-reset zero', 'top(D686:FlatSequenceFrame)')]
  FACT     t11013 'Value' InnerTerminal OUT w10763 F639 [WhileLoop#637] -> [(10750, 'SelectorTunnel', 'Value', 'WhileLoop#637')]
  PASS  P2 every named uid owns >= 1 terminal row (a structure: >= 1 border row of its tunnels)

---------- F4 K open rows t0 t3 t4 t7 t8 + w10990
  FACT  F4 t0 'Bead is good? array in' term 5082: (0, [])
  FACT  F4 t3 'Bead is good? array out' term 5111: (0, [])
  FACT  F4 t4 'x,y,z array out' term 5124: (0, [])
  FACT  F4 t7 'x,y,z array' term 5164: (0, [])
  FACT  F4 t8 'pos in cal image out' term 5171: (23807, [(3173, 'ControlTerminal', 'Pos within cal image', 'WhileLoop#10170'), (9519, 'ControlTerminal', 'Pos: Diffraction Pattern', 'WhileLoop#10170'), (23508, 'RightShiftRegister', '', 'WhileLoop#10170')])
  FACT  F4 w10990 rows: []

---------- F5 Case frames + computation_diff keying (vigraph.py:244-245,301-306 key=node|class|name|ordinal, no frame; :332-346 thru joins every per-frame inner of one tunnel; :709-729,:749 cdiff compares SETS of sources)
  FACT  F5 #5540 frames [5582, 5592]; 6 selector tunnels
  FACT     ST #5680 outer SRC inner frames [5582, 5592] -> collapsed [("#5527 Terminal 'initialized array'", 1817)]
  FACT     ST #5702 outer SNK inner frames [5582, 5592] -> collapsed []
  FACT     ST #5725 outer SNK inner frames [5582, 5592] -> collapsed []
  FACT     ST #5825 outer SNK inner frames [5582, 5592] -> collapsed []
  FACT     ST #5967 outer SNK inner frames [5582, 5592] -> collapsed []
  FACT     ST #6016 outer SRC inner frames [5582, 5592] -> collapsed [("#27741 Terminal 'output array'", 81548)]
  FACT  F5 #10445 frames [10453, 10459]; 3 selector tunnels
  FACT     ST #10584 outer SRC inner frames [10453, 10459] -> collapsed [('#10548 Terminal (unnamed)', 10459), ('#10624 Terminal (unnamed)', 10453)]
  FACT     ST #10750 outer SNK inner frames [10453, 10459] -> collapsed [("#10150 ParameterTerminal 'x'", 10459)]
  FACT     ST #11336 outer SRC inner frames [10453, 10459] -> collapsed [("#10150 OverridableParameterTerminal 'x+1'", 10459), ("#9907 Terminal 'Value'", 10453)]
  FACT  CDIFF {'node': 376, 'class': 'SubVI', 'sink': "#376 Terminal 'current frame data array in'", 'before': ['2626|Terminal|appended array|0'], 'after': []}
  FACT  CDIFF {'node': 376, 'class': 'SubVI', 'sink': "#376 Terminal 'frame index'", 'before': ['644|Terminal||0'], 'after': []}
  FACT  CDIFF {'node': 2626, 'class': 'BuildArray', 'sink': "#2626 Terminal 'array'", 'before': ['5058|Terminal|x,y,z array out|0'], 'after': []}
  FACT  CDIFF {'node': 5058, 'class': 'SubVI', 'sink': "#5058 Terminal 'Bead is good? array in'", 'before': ['5058|Terminal|Bead is good? array out|0', '5527|Terminal|initialized array|0'], 'after': []}
  FACT  CDIFF {'node': 5058, 'class': 'SubVI', 'sink': "#5058 Terminal 'Image In'", 'before': ['6810|Terminal|Image Out|0'], 'after': []}
  FACT  CDIFF {'node': 5058, 'class': 'SubVI', 'sink': "#5058 Terminal 'x,y,z array'", 'before': ['27741|Terminal|output array|0', '5058|Terminal|x,y,z array out|0'], 'after': []}
  FACT  CDIFF {'node': 5696, 'class': 'SubVI', 'sink': "#5696 Terminal 'x,y,z array'", 'before': ['5058|Terminal|x,y,z array out|0'], 'after': []}
  FACT  CDIFF {'node': 6085, 'class': 'SubVI', 'sink': "#6085 Terminal 'x,y,z array'", 'before': ['5058|Terminal|x,y,z array out|0'], 'after': []}
  FACT  CDIFF {'node': 10757, 'class': 'IndexArray', 'sink': "#10757 Terminal 'array'", 'before': ['5058|Terminal|pos in cal image out|0'], 'after': []}
  FACT  CDIFF {'node': 10969, 'class': 'Function', 'sink': "#10969 ParameterTerminal 'array'", 'before': ['5058|Terminal|pos in cal image out|0'], 'after': []}
  PASS  P1 cdiff(S1, D1_k) == 10 rows on [376, 2626, 5058, 5696, 6085, 10757, 10969]  (10, [376, 2626, 5058, 5696, 6085, 10757, 10969])
  FACT  HANDLES end 45881

---------- [H] HYGIENE
  FACT  close_panel(D1_k_scratch_l2a1_facts_20260925_110603.vi) raised com_error: (-2147352567, '??? ??????.', (6649, 'LabVIEW', 'LabVIEW: (Hex 0x47D) Cannot close or set the state of a closed front panel. The front panel must already be open before you close it or set its state.', None, 0, 0), None)
  FACT  gscript ref_counts: {'opened': 4, 'closed': 4, 'live': 0, 'cached_op_vis': 7}
  PASS  H5 VI-Server reference counter level (opened == closed)  {'opened': 4, 'closed': 4, 'live': 0, 'cached_op_vis': 7}
  FACT  LabVIEW handle count AFTER the work: 45882
  PASS  H4 scratch deleted: D1_k_scratch_l2a1_facts_20260925_110603.vi  C:\Program Files\National Instruments\LabVIEW 2026\user.lib\claudeDev\D1_k_scratch_l2a1_facts_20260925_110603.vi
  PASS  H2 the INPUT's md5 is UNCHANGED after the run  before 6cf5b0777aafa12112d8a786a9eed1ed / after 6cf5b0777aafa12112d8a786a9eed1ed
  FACT  PIN AFTER  ORIGINAL         2a78e17c449cacdaf5da389818526859  (want 2a78e17c449cacdaf5da389818526859) OK
  FACT  PIN AFTER  S1 D1_s1_copy    3e3d23cefd3a334001aa9d6156bf1aee  (want 3e3d23cefd3a334001aa9d6156bf1aee) OK
  FACT  PIN AFTER  S2 D1_s2_loops   6ff19497f2309e007a214660bb64b911  (want 6ff19497f2309e007a214660bb64b911) OK
  FACT  PIN AFTER  ROW2 bed         26c54ff784cb5cea21edbd214d2cc3a0  (want 26c54ff784cb5cea21edbd214d2cc3a0) OK
  FACT  PIN AFTER  M3a-2            3842f5e6f128226235dc78353f26ef44  (want 3842f5e6f128226235dc78353f26ef44) OK
  FACT  PIN AFTER  K bed            6cf5b0777aafa12112d8a786a9eed1ed  (want 6cf5b0777aafa12112d8a786a9eed1ed) OK
  PASS  H3 every md5 pin still holds
  FACT  THE FILES THIS RUN LEFT ON DISK: []  (removed: [])
  PASS  H6 the files left on disk == [] and nothing was removed  added [] removed []
  FACT  LabVIEW handle count at exit: 33996

====================================================================================================
=== GATES: 10 pass / 0 fail
JSON: G:\Codes\LabVIEW_Codes\MinLab\zz_LabView VI\AAA_UNIST\2. Tracking\V6_ParallelLoop\tools\bench\l2a1_facts_80.json   elapsed 156.4 s
RESULT {"schema":"result-line/1","status":"PASS","gates":{"pass":10,"fail":0},"first_fail":null,"artefacts":[]}
  PASS  F7 LabVIEW process gone at the end

====================================================================================================
=== GATES: 11 pass / 0 fail
JSON: G:\Codes\LabVIEW_Codes\MinLab\zz_LabView VI\AAA_UNIST\2. Tracking\V6_ParallelLoop\tools\bench\l2a1_facts_80.json   elapsed 160.7 s
RESULT {"schema":"result-line/1","status":"PASS","gates":{"pass":11,"fail":0},"first_fail":null,"artefacts":[]}
BGRUN END rc=0 after 161s
