BGRUN START 2026-09-25 11:56:15 limit 5.0 min: py -u tools/bench/l2a1_partners_81.py
  FACT  source C:\Program Files\National Instruments\LabVIEW 2026\user.lib\claudeDev\D1_k_20260925_100155.vi md5-field 6cf5b0777aafa12112d8a786a9eed1ed; 5788 rows, 10099 objects, 252 owners, 23 moved, 109 cut
  PASS  P1 #10382 owns >= 1 terminal row | 2
  PASS  P2 #10382 has a class | Function
  FACT  R4 #10382 class Function label 'Not' diagrams [639] chain [[(639, 'WhileLoop', 637), (686, 'FlatSequenceFrame', 0)]] loop ['WhileLoop#637'] | moved-set None | plan group [] | enclosing moved []
  FACT     t10390 '.not. x?' OUT w10447 F639 -> [(10886, 'CompoundArithmetic', 'value', 'SNK', [], None)] | build_d1_v0 cut rows on this wire []
  FACT     t10393 'x' IN w9921 F639 -> [(9647, 'Function', 'x .and. y?', 'SRC', ['A'], '1.2'), (10465, 'Tunnel', '', 'SNK', [], None)] | build_d1_v0 cut rows on this wire [(9647, 0, 'x .and. y?'), (10445, 0, '')]
  PASS  P1 #11529 owns >= 1 terminal row | 3
  PASS  P2 #11529 has a class | Comparison
  FACT  R4 #11529 class Comparison label 'Less?' diagrams [639] chain [[(639, 'WhileLoop', 637), (686, 'FlatSequenceFrame', 0)]] loop ['WhileLoop#637'] | moved-set None | plan group [] | enclosing moved []
  FACT     t11590 'x < y?' OUT w10543 F639 -> [(10886, 'CompoundArithmetic', 'value', 'SNK', [], None)] | build_d1_v0 cut rows on this wire []
  FACT     t11593 'y' IN w11527 F639 -> [(10204, 'ControlTerminal', 'Limit of Auto-Focus', 'SRC', [], None)] | build_d1_v0 cut rows on this wire []
  FACT     t13163 'x' IN w11389 F639 -> [(11336, 'SelectorTunnel', 'Value', 'SRC', [], None), (7311, 'RightShiftRegister', 'Value', 'SNK', [], None)] | build_d1_v0 cut rows on this wire [(10445, 3, 'Value')]
  PASS  P1 #17272 owns >= 1 terminal row | 1
  PASS  P2 #17272 has a class | ControlTerminal
  FACT  R4 #17272 class ControlTerminal label None diagrams [639] chain [[(639, 'WhileLoop', 637), (686, 'FlatSequenceFrame', 0)]] loop ['WhileLoop#637'] | moved-set None | plan group [] | enclosing moved []
  FACT     t17272 'min value' IN w17287 F639 -> [(10969, 'Function', 'min value', 'SRC', ['A'], '1.2')] | build_d1_v0 cut rows on this wire [(10969, 3, 'min value')]
  PASS  P1 #10739 owns >= 1 terminal row | 1
  PASS  P2 #10739 has a class | DigitalNumericConstant
  FACT  R4 #10739 class DigitalNumericConstant label None diagrams [639] chain [[(639, 'WhileLoop', 637), (686, 'FlatSequenceFrame', 0)]] loop ['WhileLoop#637'] | moved-set None | plan group [] | enclosing moved []
  FACT     t10738 'disabled index (col)' OUT w10850 F639 -> [(10950, 'Comparison', 'y', 'SNK', ['A'], '1.2')] | build_d1_v0 cut rows on this wire [(10950, 1, 'y')]
  PASS  P1 #10929 owns >= 1 terminal row | 1
  PASS  P2 #10929 has a class | DigitalNumericConstant
  FACT  R4 #10929 class DigitalNumericConstant label None diagrams [639] chain [[(639, 'WhileLoop', 637), (686, 'FlatSequenceFrame', 0)]] loop ['WhileLoop#637'] | moved-set None | plan group [] | enclosing moved []
  FACT     t10943 'index' OUT w10947 F639 -> [(10757, 'IndexArray', 'index', 'SNK', ['A'], '1.2')] | build_d1_v0 cut rows on this wire [(10757, 2, 'index')]
  PASS  P3 #17272 is one ControlTerminal row | [{'term_uid': 17272, 'term_name': 'min value', 'is_source': False, 'wire_uid': 17287, 'owner_uid': 639, 'owner_class': 'Diagram', 'frame_diagram': 639, 'term_class': 'ControlTerminal'}]
  FACT  R5 C1 #17272 label 'min value' INDICATOR owner Diagram #639 diagram 639 loop WhileLoop#637
  FACT  R5 C2 wire w17287 ends [(10969, 'Function', 'min value', 'SRC')]
  FACT  R5 C2 ControlTerminals labelled 'min value': [(17272, 639)]
  FACT  R5 C3 Local/Global rows labelled 'min value': 0 (writes 0)
  FACT  R5 C4 Property #17289 labelled 'min value': terms [('reference', 'IN', 0, 639, []), ('reference out', 'OUT', 0, 639, []), ('error in (no error)', 'IN', 0, 639, []), ('error out', 'OUT', 0, 639, []), ('Value', 'OUT', 17393, 639, [(10950, 'x')])]
  FACT  R5 C4 Property/Invoke/CtlRef objects labelled 'min value': [(17289, 'Property')] of 128 (unlabelled 0)
=== l2a1_partners_81: 11 pass / 0 fail
RESULT {"schema":"result-line/1","status":"PASS","gates":{"pass":11,"fail":0},"first_fail":null,"artefacts":[]}
BGRUN END rc=0 after 0s
