BGRUN START 2026-09-25 11:09:12 limit 55.0 min: py -u tools/bench/l2a1_facts_80.py tunflip

---------- [0] FILES ONLY - the input's md5, the pins, the claudeDev listing
  FACT  claudeDev holds 257 .vi file(s) BEFORE the run
  PASS  K1 input md5 == 6cf5b0777aafa12112d8a786a9eed1ed  got 6cf5b0777aafa12112d8a786a9eed1ed
  FACT  PIN BEFORE ORIGINAL         2a78e17c449cacdaf5da389818526859  (want 2a78e17c449cacdaf5da389818526859) OK
  FACT  PIN BEFORE S1 D1_s1_copy    3e3d23cefd3a334001aa9d6156bf1aee  (want 3e3d23cefd3a334001aa9d6156bf1aee) OK
  FACT  PIN BEFORE S2 D1_s2_loops   6ff19497f2309e007a214660bb64b911  (want 6ff19497f2309e007a214660bb64b911) OK
  FACT  PIN BEFORE ROW2 bed         26c54ff784cb5cea21edbd214d2cc3a0  (want 26c54ff784cb5cea21edbd214d2cc3a0) OK
  FACT  PIN BEFORE M3a-2            3842f5e6f128226235dc78353f26ef44  (want 3842f5e6f128226235dc78353f26ef44) OK
  FACT  PIN BEFORE K bed            6cf5b0777aafa12112d8a786a9eed1ed  (want 6cf5b0777aafa12112d8a786a9eed1ed) OK
  PASS  K2 the ORIGINAL's md5 is 2a78e17c449cacdaf5da389818526859  got 2a78e17c449cacdaf5da389818526859 at G:\Codes\LabVIEW_Codes\MinLab\zz_LabView VI\AAA_UNIST\2. Tracking\Min_Track N beads V6_ParallelLoop.vi

---------- [1] RESTART LabVIEW (standing authority; fresh ~31,500 handles)
  FACT  LabVIEW handle count BEFORE the restart: 0
  FACT  LabVIEW handle count AFTER the restart: 33972

---------- [2] THE DATED WORK COPY under claudeDev - the input is never opened for writing
  PASS  K3 the work copy is byte-identical to the input  D1_k_scratch_l2a1_tunflip_20260925_110912.vi
  FACT  ExecState [after open] D1_k_scratch_l2a1_tunflip_20260925_110912.vi = 0
  FACT  THE WORK COPY IS A SCRATCH: this stage saves nothing, so D1_k_scratch_l2a1_tunflip_20260925_110912.vi is deleted at close
  PASS  T0 sim base graph is D1_k's read (md5 field) and l2a1_facts_80 recorded its file md5
  FACT  SIM single5540: closure 10 nodes, cut 5, flips {}, UNMEASURED branches {}
  FACT  SIM single9647: closure 1 nodes, cut 3, flips {"('Tunnel', 'InnerTerminal')": 2}, UNMEASURED branches {"('Tunnel', 'InnerTerminal')": 2}
  FACT  SIM single10247: closure 1 nodes, cut 3, flips {"('Tunnel', 'InnerTerminal')": 2}, UNMEASURED branches {"('Tunnel', 'InnerTerminal')": 2}
  FACT  SIM single10445: closure 10 nodes, cut 4, flips {}, UNMEASURED branches {}
  FACT  SIM single10950: closure 1 nodes, cut 3, flips {}, UNMEASURED branches {}
  FACT  SIM single17289: closure 1 nodes, cut 1, flips {}, UNMEASURED branches {}
  FACT  SIM single10969: closure 1 nodes, cut 2, flips {}, UNMEASURED branches {}
  FACT  SIM single10757: closure 1 nodes, cut 3, flips {}, UNMEASURED branches {}
  FACT  SIM single17487: closure 1 nodes, cut 1, flips {}, UNMEASURED branches {}
  FACT  SIM single5634: closure 1 nodes, cut 1, flips {}, UNMEASURED branches {}
  FACT  SIM joint: closure 28 nodes, cut 12, flips {}, UNMEASURED branches {}
  PASS  SC scratch_l2a1_80_20260925_110912_joint.vi is a byte-identical copy of D1_k_20260925_100155.vi  scratch_l2a1_80_20260925_110912_joint.vi
  FACT  move_in node census: 635 rows
  FACT  OP move_in #5540 -> Diagram[21] at (4700, 6300) -> err '' (0.3 s)
  FACT  mv5540 AFTER node census: 636 rows
  FACT  mv5540 CENSUS DIFF: Node 635 -> 636 ; 1 new uid(s): [(24354, 'Invoke', (4593, 5723))]
  FACT  mv5540 new #24354 #24354 lives at: {'diagram_index': 21, 'diagram_uid': 23166, 'diagram_class': 'Diagram', 'nodes_index': 3, 'nodes_on_diagram': 4, 'label': 'Invoke Node'}  (22 diagram(s) scanned of 173, 2.4 s)
  FACT  mv5540 new #24354 terminal table of #24354 (Diagram idx 21, Nodes[3], echo 24354): 6 terminal(s)
  FACT      mv5540 new #24354 t0  'reference'                        is_source=False wire=0       errs=[0, 0, 0, 1055]
  FACT      mv5540 new #24354 t1  'reference out'                    is_source=True  wire=0       errs=[0, 0, 0, 1055]
  FACT      mv5540 new #24354 t2  'error in (no error)'              is_source=False wire=0       errs=[0, 0, 0, 1055]
  FACT      mv5540 new #24354 t3  'error out'                        is_source=True  wire=0       errs=[0, 0, 0, 1055]
  FACT      mv5540 new #24354 t4  'Method'                           is_source=False wire=0       errs=[0, 0, 0, 1055]
  FACT      mv5540 new #24354 t5  'Method'                           is_source=True  wire=0       errs=[0, 0, 0, 1055]
  FACT  mv5540 the junk node's FULL terminal table is printed above; 6 terminal(s), 0 WIRED - the purge precondition (ZERO wired) HOLDS
  FACT  mv5540 purge delete Node #24354 at index 98: gone [24354], error '', census 636 -> 635, still present False (1.41 s)
  FACT  mv5540 AFTER THE PURGE node census: 635 rows
  FACT  mv5540 purge arithmetic: Node 635 -> 636 -> 635
  FACT  move_in node census: 635 rows
  FACT  OP move_in #9647 -> Diagram[21] at (4860, 6300) -> err '' (0.3 s)
  FACT  mv9647 AFTER node census: 636 rows
  FACT  mv9647 CENSUS DIFF: Node 635 -> 636 ; 1 new uid(s): [(9363, 'Invoke', (4593, 5723))]
  FACT  mv9647 new #9363 #9363 lives at: {'diagram_index': 21, 'diagram_uid': 23166, 'diagram_class': 'Diagram', 'nodes_index': 4, 'nodes_on_diagram': 5, 'label': 'Invoke Node'}  (22 diagram(s) scanned of 173, 2.6 s)
  FACT  mv9647 new #9363 terminal table of #9363 (Diagram idx 21, Nodes[4], echo 9363): 6 terminal(s)
  FACT      mv9647 new #9363 t0  'reference'                        is_source=False wire=0       errs=[0, 0, 0, 1055]
  FACT      mv9647 new #9363 t1  'reference out'                    is_source=True  wire=0       errs=[0, 0, 0, 1055]
  FACT      mv9647 new #9363 t2  'error in (no error)'              is_source=False wire=0       errs=[0, 0, 0, 1055]
  FACT      mv9647 new #9363 t3  'error out'                        is_source=True  wire=0       errs=[0, 0, 0, 1055]
  FACT      mv9647 new #9363 t4  'Method'                           is_source=False wire=0       errs=[0, 0, 0, 1055]
  FACT      mv9647 new #9363 t5  'Method'                           is_source=True  wire=0       errs=[0, 0, 0, 1055]
  FACT  mv9647 the junk node's FULL terminal table is printed above; 6 terminal(s), 0 WIRED - the purge precondition (ZERO wired) HOLDS
  FACT  mv9647 purge delete Node #9363 at index 98: gone [9363], error '', census 636 -> 635, still present False (1.47 s)
  FACT  mv9647 AFTER THE PURGE node census: 635 rows
  FACT  mv9647 purge arithmetic: Node 635 -> 636 -> 635
  FACT  move_in node census: 635 rows
  FACT  OP move_in #10247 -> Diagram[21] at (5020, 6300) -> err '' (0.3 s)
  FACT  mv10247 AFTER node census: 636 rows
  FACT  mv10247 CENSUS DIFF: Node 635 -> 636 ; 1 new uid(s): [(9363, 'Invoke', (4593, 5723))]
  FACT  mv10247 new #9363 #9363 lives at: {'diagram_index': 21, 'diagram_uid': 23166, 'diagram_class': 'Diagram', 'nodes_index': 5, 'nodes_on_diagram': 6, 'label': 'Invoke Node'}  (22 diagram(s) scanned of 173, 1.6 s)
  FACT  mv10247 new #9363 terminal table of #9363 (Diagram idx 21, Nodes[5], echo 9363): 6 terminal(s)
  FACT      mv10247 new #9363 t0  'reference'                        is_source=False wire=0       errs=[0, 0, 0, 1055]
  FACT      mv10247 new #9363 t1  'reference out'                    is_source=True  wire=0       errs=[0, 0, 0, 1055]
  FACT      mv10247 new #9363 t2  'error in (no error)'              is_source=False wire=0       errs=[0, 0, 0, 1055]
  FACT      mv10247 new #9363 t3  'error out'                        is_source=True  wire=0       errs=[0, 0, 0, 1055]
  FACT      mv10247 new #9363 t4  'Method'                           is_source=False wire=0       errs=[0, 0, 0, 1055]
  FACT      mv10247 new #9363 t5  'Method'                           is_source=True  wire=0       errs=[0, 0, 0, 1055]
  FACT  mv10247 the junk node's FULL terminal table is printed above; 6 terminal(s), 0 WIRED - the purge precondition (ZERO wired) HOLDS
  FACT  mv10247 purge delete Node #9363 at index 98: gone [9363], error '', census 636 -> 635, still present False (1.26 s)
  FACT  mv10247 AFTER THE PURGE node census: 635 rows
  FACT  mv10247 purge arithmetic: Node 635 -> 636 -> 635
  FACT  move_in node census: 635 rows
  FACT  OP move_in #10445 -> Diagram[21] at (5180, 6300) -> err '' (0.1 s)
  FACT  mv10445 AFTER node census: 636 rows
  FACT  mv10445 CENSUS DIFF: Node 635 -> 636 ; 1 new uid(s): [(3478, 'Invoke', (4593, 5723))]
  FACT  mv10445 new #3478 #3478 lives at: {'diagram_index': 21, 'diagram_uid': 23166, 'diagram_class': 'Diagram', 'nodes_index': 5, 'nodes_on_diagram': 7, 'label': 'Invoke Node'}  (22 diagram(s) scanned of 173, 1.0 s)
  FACT  mv10445 new #3478 terminal table of #3478 (Diagram idx 21, Nodes[5], echo 3478): 6 terminal(s)
  FACT      mv10445 new #3478 t0  'reference'                        is_source=False wire=0       errs=[0, 0, 0, 1055]
  FACT      mv10445 new #3478 t1  'reference out'                    is_source=True  wire=0       errs=[0, 0, 0, 1055]
  FACT      mv10445 new #3478 t2  'error in (no error)'              is_source=False wire=0       errs=[0, 0, 0, 1055]
  FACT      mv10445 new #3478 t3  'error out'                        is_source=True  wire=0       errs=[0, 0, 0, 1055]
  FACT      mv10445 new #3478 t4  'Method'                           is_source=False wire=0       errs=[0, 0, 0, 1055]
  FACT      mv10445 new #3478 t5  'Method'                           is_source=True  wire=0       errs=[0, 0, 0, 1055]
  FACT  mv10445 the junk node's FULL terminal table is printed above; 6 terminal(s), 0 WIRED - the purge precondition (ZERO wired) HOLDS
  FACT  mv10445 purge delete Node #3478 at index 101: gone [3478], error '', census 636 -> 635, still present False (1.28 s)
  FACT  mv10445 AFTER THE PURGE node census: 635 rows
  FACT  mv10445 purge arithmetic: Node 635 -> 636 -> 635
  FACT  move_in node census: 635 rows
  FACT  OP move_in #10950 -> Diagram[21] at (5340, 6300) -> err '' (0.1 s)
  FACT  mv10950 AFTER node census: 636 rows
  FACT  mv10950 CENSUS DIFF: Node 635 -> 636 ; 1 new uid(s): [(3478, 'Invoke', (4593, 5723))]
  FACT  mv10950 new #3478 #3478 lives at: {'diagram_index': 21, 'diagram_uid': 23166, 'diagram_class': 'Diagram', 'nodes_index': 6, 'nodes_on_diagram': 8, 'label': 'Invoke Node'}  (22 diagram(s) scanned of 173, 0.9 s)
  FACT  mv10950 new #3478 terminal table of #3478 (Diagram idx 21, Nodes[6], echo 3478): 6 terminal(s)
  FACT      mv10950 new #3478 t0  'reference'                        is_source=False wire=0       errs=[0, 0, 0, 1055]
  FACT      mv10950 new #3478 t1  'reference out'                    is_source=True  wire=0       errs=[0, 0, 0, 1055]
  FACT      mv10950 new #3478 t2  'error in (no error)'              is_source=False wire=0       errs=[0, 0, 0, 1055]
  FACT      mv10950 new #3478 t3  'error out'                        is_source=True  wire=0       errs=[0, 0, 0, 1055]
  FACT      mv10950 new #3478 t4  'Method'                           is_source=False wire=0       errs=[0, 0, 0, 1055]
  FACT      mv10950 new #3478 t5  'Method'                           is_source=True  wire=0       errs=[0, 0, 0, 1055]
  FACT  mv10950 the junk node's FULL terminal table is printed above; 6 terminal(s), 0 WIRED - the purge precondition (ZERO wired) HOLDS
  FACT  mv10950 purge delete Node #3478 at index 99: gone [3478], error '', census 636 -> 635, still present False (1.33 s)
  FACT  mv10950 AFTER THE PURGE node census: 635 rows
  FACT  mv10950 purge arithmetic: Node 635 -> 636 -> 635
  FACT  move_in node census: 635 rows
  FACT  OP move_in #17289 -> Diagram[21] at (5500, 6300) -> err '' (0.1 s)
  FACT  mv17289 AFTER node census: 636 rows
  FACT  mv17289 CENSUS DIFF: Node 635 -> 636 ; 1 new uid(s): [(3478, 'Invoke', (4593, 5723))]
  FACT  mv17289 new #3478 #3478 lives at: {'diagram_index': 21, 'diagram_uid': 23166, 'diagram_class': 'Diagram', 'nodes_index': 7, 'nodes_on_diagram': 9, 'label': 'Invoke Node'}  (22 diagram(s) scanned of 173, 0.9 s)
  FACT  mv17289 new #3478 terminal table of #3478 (Diagram idx 21, Nodes[7], echo 3478): 6 terminal(s)
  FACT      mv17289 new #3478 t0  'reference'                        is_source=False wire=0       errs=[0, 0, 0, 1055]
  FACT      mv17289 new #3478 t1  'reference out'                    is_source=True  wire=0       errs=[0, 0, 0, 1055]
  FACT      mv17289 new #3478 t2  'error in (no error)'              is_source=False wire=0       errs=[0, 0, 0, 1055]
  FACT      mv17289 new #3478 t3  'error out'                        is_source=True  wire=0       errs=[0, 0, 0, 1055]
  FACT      mv17289 new #3478 t4  'Method'                           is_source=False wire=0       errs=[0, 0, 0, 1055]
  FACT      mv17289 new #3478 t5  'Method'                           is_source=True  wire=0       errs=[0, 0, 0, 1055]
  FACT  mv17289 the junk node's FULL terminal table is printed above; 6 terminal(s), 0 WIRED - the purge precondition (ZERO wired) HOLDS
  FACT  mv17289 purge delete Node #3478 at index 99: gone [3478], error '', census 636 -> 635, still present False (1.28 s)
  FACT  mv17289 AFTER THE PURGE node census: 635 rows
  FACT  mv17289 purge arithmetic: Node 635 -> 636 -> 635
  FACT  move_in node census: 635 rows
  FACT  OP move_in #10969 -> Diagram[21] at (5660, 6300) -> err '' (0.1 s)
  FACT  mv10969 AFTER node census: 636 rows
  FACT  mv10969 CENSUS DIFF: Node 635 -> 636 ; 1 new uid(s): [(3478, 'Invoke', (4593, 5723))]
  FACT  mv10969 new #3478 #3478 lives at: {'diagram_index': 21, 'diagram_uid': 23166, 'diagram_class': 'Diagram', 'nodes_index': 9, 'nodes_on_diagram': 10, 'label': 'Invoke Node'}  (22 diagram(s) scanned of 173, 1.2 s)
  FACT  mv10969 new #3478 terminal table of #3478 (Diagram idx 21, Nodes[9], echo 3478): 6 terminal(s)
  FACT      mv10969 new #3478 t0  'reference'                        is_source=False wire=0       errs=[0, 0, 0, 1055]
  FACT      mv10969 new #3478 t1  'reference out'                    is_source=True  wire=0       errs=[0, 0, 0, 1055]
  FACT      mv10969 new #3478 t2  'error in (no error)'              is_source=False wire=0       errs=[0, 0, 0, 1055]
  FACT      mv10969 new #3478 t3  'error out'                        is_source=True  wire=0       errs=[0, 0, 0, 1055]
  FACT      mv10969 new #3478 t4  'Method'                           is_source=False wire=0       errs=[0, 0, 0, 1055]
  FACT      mv10969 new #3478 t5  'Method'                           is_source=True  wire=0       errs=[0, 0, 0, 1055]
  FACT  mv10969 the junk node's FULL terminal table is printed above; 6 terminal(s), 0 WIRED - the purge precondition (ZERO wired) HOLDS
  FACT  mv10969 purge delete Node #3478 at index 98: gone [3478], error '', census 636 -> 635, still present False (1.30 s)
  FACT  mv10969 AFTER THE PURGE node census: 635 rows
  FACT  mv10969 purge arithmetic: Node 635 -> 636 -> 635
  FACT  move_in node census: 635 rows
  FACT  OP move_in #10757 -> Diagram[21] at (5820, 6300) -> err '' (0.1 s)
  FACT  mv10757 AFTER node census: 636 rows
  FACT  mv10757 CENSUS DIFF: Node 635 -> 636 ; 1 new uid(s): [(3478, 'Invoke', (4593, 5723))]
  FACT  mv10757 new #3478 #3478 lives at: {'diagram_index': 21, 'diagram_uid': 23166, 'diagram_class': 'Diagram', 'nodes_index': 10, 'nodes_on_diagram': 11, 'label': 'Invoke Node'}  (22 diagram(s) scanned of 173, 1.1 s)
  FACT  mv10757 new #3478 terminal table of #3478 (Diagram idx 21, Nodes[10], echo 3478): 6 terminal(s)
  FACT      mv10757 new #3478 t0  'reference'                        is_source=False wire=0       errs=[0, 0, 0, 1055]
  FACT      mv10757 new #3478 t1  'reference out'                    is_source=True  wire=0       errs=[0, 0, 0, 1055]
  FACT      mv10757 new #3478 t2  'error in (no error)'              is_source=False wire=0       errs=[0, 0, 0, 1055]
  FACT      mv10757 new #3478 t3  'error out'                        is_source=True  wire=0       errs=[0, 0, 0, 1055]
  FACT      mv10757 new #3478 t4  'Method'                           is_source=False wire=0       errs=[0, 0, 0, 1055]
  FACT      mv10757 new #3478 t5  'Method'                           is_source=True  wire=0       errs=[0, 0, 0, 1055]
  FACT  mv10757 the junk node's FULL terminal table is printed above; 6 terminal(s), 0 WIRED - the purge precondition (ZERO wired) HOLDS
  FACT  mv10757 purge delete Node #3478 at index 98: gone [3478], error '', census 636 -> 635, still present False (1.30 s)
  FACT  mv10757 AFTER THE PURGE node census: 635 rows
  FACT  mv10757 purge arithmetic: Node 635 -> 636 -> 635
  FACT  move_in node census: 635 rows
  FACT  OP move_in #17487 -> Diagram[21] at (5980, 6300) -> err '' (0.1 s)
  FACT  mv17487 AFTER node census: 636 rows
  FACT  mv17487 CENSUS DIFF: Node 635 -> 636 ; 1 new uid(s): [(3478, 'Invoke', (4593, 5723))]
  FACT  mv17487 new #3478 #3478 lives at: {'diagram_index': 21, 'diagram_uid': 23166, 'diagram_class': 'Diagram', 'nodes_index': 10, 'nodes_on_diagram': 11, 'label': 'Invoke Node'}  (22 diagram(s) scanned of 173, 1.2 s)
  FACT  mv17487 new #3478 terminal table of #3478 (Diagram idx 21, Nodes[10], echo 3478): 6 terminal(s)
  FACT      mv17487 new #3478 t0  'reference'                        is_source=False wire=0       errs=[0, 0, 0, 1055]
  FACT      mv17487 new #3478 t1  'reference out'                    is_source=True  wire=0       errs=[0, 0, 0, 1055]
  FACT      mv17487 new #3478 t2  'error in (no error)'              is_source=False wire=0       errs=[0, 0, 0, 1055]
  FACT      mv17487 new #3478 t3  'error out'                        is_source=True  wire=0       errs=[0, 0, 0, 1055]
  FACT      mv17487 new #3478 t4  'Method'                           is_source=False wire=0       errs=[0, 0, 0, 1055]
  FACT      mv17487 new #3478 t5  'Method'                           is_source=True  wire=0       errs=[0, 0, 0, 1055]
  FACT  mv17487 the junk node's FULL terminal table is printed above; 6 terminal(s), 0 WIRED - the purge precondition (ZERO wired) HOLDS
  FACT  mv17487 purge delete Node #3478 at index 98: gone [3478], error '', census 636 -> 635, still present False (1.30 s)
  FACT  mv17487 AFTER THE PURGE node census: 635 rows
  FACT  mv17487 purge arithmetic: Node 635 -> 636 -> 635
  FACT  move_in node census: 635 rows
  FACT  OP move_in #5634 -> Diagram[21] at (6140, 6300) -> err '' (0.1 s)
  FACT  mv5634 AFTER node census: 636 rows
  FACT  mv5634 CENSUS DIFF: Node 635 -> 636 ; 1 new uid(s): [(3478, 'Invoke', (4593, 5723))]
  FACT  mv5634 new #3478 #3478 lives at: {'diagram_index': 21, 'diagram_uid': 23166, 'diagram_class': 'Diagram', 'nodes_index': 10, 'nodes_on_diagram': 11, 'label': 'Invoke Node'}  (22 diagram(s) scanned of 173, 1.2 s)
  FACT  mv5634 new #3478 terminal table of #3478 (Diagram idx 21, Nodes[10], echo 3478): 6 terminal(s)
  FACT      mv5634 new #3478 t0  'reference'                        is_source=False wire=0       errs=[0, 0, 0, 1055]
  FACT      mv5634 new #3478 t1  'reference out'                    is_source=True  wire=0       errs=[0, 0, 0, 1055]
  FACT      mv5634 new #3478 t2  'error in (no error)'              is_source=False wire=0       errs=[0, 0, 0, 1055]
  FACT      mv5634 new #3478 t3  'error out'                        is_source=True  wire=0       errs=[0, 0, 0, 1055]
  FACT      mv5634 new #3478 t4  'Method'                           is_source=False wire=0       errs=[0, 0, 0, 1055]
  FACT      mv5634 new #3478 t5  'Method'                           is_source=True  wire=0       errs=[0, 0, 0, 1055]
  FACT  mv5634 the junk node's FULL terminal table is printed above; 6 terminal(s), 0 WIRED - the purge precondition (ZERO wired) HOLDS
  FACT  mv5634 purge delete Node #3478 at index 98: gone [3478], error '', census 636 -> 635, still present False (1.31 s)
  FACT  mv5634 AFTER THE PURGE node census: 635 rows
  FACT  mv5634 purge arithmetic: Node 635 -> 636 -> 635
  FACT  RUN joint moved [5540, 9647, 10247, 10445, 10950, 17289, 10969, 10757, 17487, 5634]: per-branch {"('SelectorTunnel', 'InnerTerminal')": {'pred': 0, 'pred_seen': 0, 'real_unpredicted': 10}, "('SelectorTunnel', 'OuterTerminal')": {'pred': 0, 'pred_seen': 0, 'real_unpredicted': 2}}
  FACT  RUN joint compare n=23 {"only_sim_edges": [[5634, 10256], [5705, 5999], [5733, 6022], [5828, 6018], [5973, 6003], [10253, 5608], [10594, 10259], [10755, 10159]], "dangling_sim_only": [6007, 6026], "dangling_real_only": [5705, 5733, 5828, 5973, 5999, 6003, 6018, 6022]}
  PASS  H4 joint scratch deleted: scratch_l2a1_80_20260925_110912_joint.vi  C:\Program Files\National Instruments\LabVIEW 2026\user.lib\claudeDev\scratch_l2a1_80_20260925_110912_joint.vi
  PASS  SC scratch_l2a1_80_20260925_110912_single9647.vi is a byte-identical copy of D1_k_20260925_100155.vi  scratch_l2a1_80_20260925_110912_single9647.vi
  FACT  move_in node census: 635 rows
  FACT  OP move_in #9647 -> Diagram[21] at (4700, 6300) -> err '' (0.1 s)
  FACT  mv9647 AFTER node census: 636 rows
  FACT  mv9647 CENSUS DIFF: Node 635 -> 636 ; 1 new uid(s): [(9363, 'Invoke', (4593, 5723))]
  FACT  mv9647 new #9363 #9363 lives at: {'diagram_index': 21, 'diagram_uid': 23166, 'diagram_class': 'Diagram', 'nodes_index': 3, 'nodes_on_diagram': 4, 'label': 'Invoke Node'}  (22 diagram(s) scanned of 173, 0.8 s)
  FACT  mv9647 new #9363 terminal table of #9363 (Diagram idx 21, Nodes[3], echo 9363): 6 terminal(s)
  FACT      mv9647 new #9363 t0  'reference'                        is_source=False wire=0       errs=[0, 0, 0, 1055]
  FACT      mv9647 new #9363 t1  'reference out'                    is_source=True  wire=0       errs=[0, 0, 0, 1055]
  FACT      mv9647 new #9363 t2  'error in (no error)'              is_source=False wire=0       errs=[0, 0, 0, 1055]
  FACT      mv9647 new #9363 t3  'error out'                        is_source=True  wire=0       errs=[0, 0, 0, 1055]
  FACT      mv9647 new #9363 t4  'Method'                           is_source=False wire=0       errs=[0, 0, 0, 1055]
  FACT      mv9647 new #9363 t5  'Method'                           is_source=True  wire=0       errs=[0, 0, 0, 1055]
  FACT  mv9647 the junk node's FULL terminal table is printed above; 6 terminal(s), 0 WIRED - the purge precondition (ZERO wired) HOLDS
  FACT  mv9647 purge delete Node #9363 at index 98: gone [9363], error '', census 636 -> 635, still present False (1.25 s)
  FACT  mv9647 AFTER THE PURGE node census: 635 rows
  FACT  mv9647 purge arithmetic: Node 635 -> 636 -> 635
  FACT  RUN single9647 moved [9647]: per-branch {"('Tunnel', 'InnerTerminal')": {'pred': 2, 'pred_seen': 0, 'real_unpredicted': 0}}
  FACT  RUN single9647 compare n=0 {}
  PASS  H4 single9647 scratch deleted: scratch_l2a1_80_20260925_110912_single9647.vi  C:\Program Files\National Instruments\LabVIEW 2026\user.lib\claudeDev\scratch_l2a1_80_20260925_110912_single9647.vi
  PASS  SC scratch_l2a1_80_20260925_110912_single1024.vi is a byte-identical copy of D1_k_20260925_100155.vi  scratch_l2a1_80_20260925_110912_single1024.vi
  FACT  move_in node census: 635 rows
  FACT  OP move_in #10247 -> Diagram[21] at (4700, 6300) -> err '' (0.1 s)
  FACT  mv10247 AFTER node census: 636 rows
  FACT  mv10247 CENSUS DIFF: Node 635 -> 636 ; 1 new uid(s): [(24354, 'Invoke', (4593, 5723))]
  FACT  mv10247 new #24354 #24354 lives at: {'diagram_index': 21, 'diagram_uid': 23166, 'diagram_class': 'Diagram', 'nodes_index': 3, 'nodes_on_diagram': 4, 'label': 'Invoke Node'}  (22 diagram(s) scanned of 173, 0.8 s)
  FACT  mv10247 new #24354 terminal table of #24354 (Diagram idx 21, Nodes[3], echo 24354): 6 terminal(s)
  FACT      mv10247 new #24354 t0  'reference'                        is_source=False wire=0       errs=[0, 0, 0, 1055]
  FACT      mv10247 new #24354 t1  'reference out'                    is_source=True  wire=0       errs=[0, 0, 0, 1055]
  FACT      mv10247 new #24354 t2  'error in (no error)'              is_source=False wire=0       errs=[0, 0, 0, 1055]
  FACT      mv10247 new #24354 t3  'error out'                        is_source=True  wire=0       errs=[0, 0, 0, 1055]
  FACT      mv10247 new #24354 t4  'Method'                           is_source=False wire=0       errs=[0, 0, 0, 1055]
  FACT      mv10247 new #24354 t5  'Method'                           is_source=True  wire=0       errs=[0, 0, 0, 1055]
  FACT  mv10247 the junk node's FULL terminal table is printed above; 6 terminal(s), 0 WIRED - the purge precondition (ZERO wired) HOLDS
  FACT  mv10247 purge delete Node #24354 at index 98: gone [24354], error '', census 636 -> 635, still present False (1.26 s)
  FACT  mv10247 AFTER THE PURGE node census: 635 rows
  FACT  mv10247 purge arithmetic: Node 635 -> 636 -> 635
  FACT  RUN single10247 moved [10247]: per-branch {"('Tunnel', 'InnerTerminal')": {'pred': 2, 'pred_seen': 0, 'real_unpredicted': 0}}
  FACT  RUN single10247 compare n=0 {}
  PASS  H4 single10247 scratch deleted: scratch_l2a1_80_20260925_110912_single1024.vi  C:\Program Files\National Instruments\LabVIEW 2026\user.lib\claudeDev\scratch_l2a1_80_20260925_110912_single1024.vi
  FACT  HANDLES end 45859

---------- [H] HYGIENE
  FACT  close_panel(D1_k_scratch_l2a1_tunflip_20260925_110912.vi) raised com_error: (-2147352567, '??? ??????.', (6649, 'LabVIEW', 'LabVIEW: (Hex 0x47D) Cannot close or set the state of a closed front panel. The front panel must already be open before you close it or set its state.', None, 0, 0), None)
  FACT  gscript ref_counts: {'opened': 10, 'closed': 10, 'live': 0, 'cached_op_vis': 6}
  PASS  H5 VI-Server reference counter level (opened == closed)  {'opened': 10, 'closed': 10, 'live': 0, 'cached_op_vis': 6}
  FACT  LabVIEW handle count AFTER the work: 45850
  PASS  H4 scratch deleted: D1_k_scratch_l2a1_tunflip_20260925_110912.vi  C:\Program Files\National Instruments\LabVIEW 2026\user.lib\claudeDev\D1_k_scratch_l2a1_tunflip_20260925_110912.vi
  PASS  H2 the INPUT's md5 is UNCHANGED after the run  before 6cf5b0777aafa12112d8a786a9eed1ed / after 6cf5b0777aafa12112d8a786a9eed1ed
  FACT  PIN AFTER  ORIGINAL         2a78e17c449cacdaf5da389818526859  (want 2a78e17c449cacdaf5da389818526859) OK
  FACT  PIN AFTER  S1 D1_s1_copy    3e3d23cefd3a334001aa9d6156bf1aee  (want 3e3d23cefd3a334001aa9d6156bf1aee) OK
  FACT  PIN AFTER  S2 D1_s2_loops   6ff19497f2309e007a214660bb64b911  (want 6ff19497f2309e007a214660bb64b911) OK
  FACT  PIN AFTER  ROW2 bed         26c54ff784cb5cea21edbd214d2cc3a0  (want 26c54ff784cb5cea21edbd214d2cc3a0) OK
  FACT  PIN AFTER  M3a-2            3842f5e6f128226235dc78353f26ef44  (want 3842f5e6f128226235dc78353f26ef44) OK
  FACT  PIN AFTER  K bed            6cf5b0777aafa12112d8a786a9eed1ed  (want 6cf5b0777aafa12112d8a786a9eed1ed) OK
  PASS  H3 every md5 pin still holds
  FACT  THE FILES THIS RUN LEFT ON DISK: []  (removed: [])
  PASS  H6 the files left on disk == [] and nothing was removed  added [] removed []
  FACT  LabVIEW handle count at exit: 33972

====================================================================================================
=== GATES: 15 pass / 0 fail
JSON: G:\Codes\LabVIEW_Codes\MinLab\zz_LabView VI\AAA_UNIST\2. Tracking\V6_ParallelLoop\tools\bench\l2a1_tunflip_80.json   elapsed 260.0 s
RESULT {"schema":"result-line/1","status":"PASS","gates":{"pass":15,"fail":0},"first_fail":null,"artefacts":[]}
  PASS  F7 LabVIEW process gone at the end

====================================================================================================
=== GATES: 16 pass / 0 fail
JSON: G:\Codes\LabVIEW_Codes\MinLab\zz_LabView VI\AAA_UNIST\2. Tracking\V6_ParallelLoop\tools\bench\l2a1_tunflip_80.json   elapsed 264.2 s
RESULT {"schema":"result-line/1","status":"PASS","gates":{"pass":16,"fail":0},"first_fail":null,"artefacts":[]}
BGRUN END rc=0 after 264s
