BGRUN START 2026-09-25 12:07:43 limit 30.0 min: py -u tools/bench/l2a1_unflip_81.py

---------- [0] FILES ONLY - the input's md5, the pins, the claudeDev listing
  FACT  claudeDev holds 257 .vi file(s) BEFORE the run
  PASS  K1 input md5 == 6cf5b0777aafa12112d8a786a9eed1ed  got 6cf5b0777aafa12112d8a786a9eed1ed
  FACT  PIN BEFORE ORIGINAL         2a78e17c449cacdaf5da389818526859  (want 2a78e17c449cacdaf5da389818526859) OK
  FACT  PIN BEFORE S1 D1_s1_copy    3e3d23cefd3a334001aa9d6156bf1aee  (want 3e3d23cefd3a334001aa9d6156bf1aee) OK
  FACT  PIN BEFORE S2 D1_s2_loops   6ff19497f2309e007a214660bb64b911  (want 6ff19497f2309e007a214660bb64b911) OK
  FACT  PIN BEFORE ROW2 bed         26c54ff784cb5cea21edbd214d2cc3a0  (want 26c54ff784cb5cea21edbd214d2cc3a0) OK
  FACT  PIN BEFORE M3a-2            3842f5e6f128226235dc78353f26ef44  (want 3842f5e6f128226235dc78353f26ef44) OK
  FACT  PIN BEFORE K bed            6cf5b0777aafa12112d8a786a9eed1ed  (want 6cf5b0777aafa12112d8a786a9eed1ed) OK
  PASS  K2 the ORIGINAL's md5 is 2a78e17c449cacdaf5da389818526859  got 2a78e17c449cacdaf5da389818526859 at G:\Codes\LabVIEW_Codes\MinLab\zz_LabView VI\AAA_UNIST\2. Tracking\Min_Track N beads V6_ParallelLoop.vi

---------- [1] RESTART LabVIEW (standing authority; fresh ~31,500 handles)
  FACT  LabVIEW handle count BEFORE the restart: 0
  FACT  LabVIEW handle count AFTER the restart: 33960

---------- [2] THE DATED WORK COPY under claudeDev - the input is never opened for writing
  PASS  K3 the work copy is byte-identical to the input  D1_k_scratch_l2a1_unflip_81_20260925_120743.vi
  FACT  ExecState [after open] D1_k_scratch_l2a1_unflip_81_20260925_120743.vi = 0
  FACT  THE WORK COPY IS A SCRATCH: this stage saves nothing, so D1_k_scratch_l2a1_unflip_81_20260925_120743.vi is deleted at close
  FACT  HANDLES start 45604

---------- [A] pre-move Terminals[] indices on Case #5540 (diagram #639)
  FACT  PRE t6038 -> #5540 Terminals[3] name '' wire 6041
  FACT  PRE t5741 -> #5540 Terminals[4] name '' wire 5746

---------- [B] joint L2-A1 move into body #23166
  FACT  move_in node census: 635 rows
  FACT  OP move_in #5540 -> Diagram[21] at (4700, 6300) -> err '' (0.2 s)
  FACT  mv5540 AFTER node census: 636 rows
  FACT  mv5540 CENSUS DIFF: Node 635 -> 636 ; 1 new uid(s): [(24354, 'Invoke', (4593, 5723))]
  FACT  mv5540 new #24354 #24354 lives at: {'diagram_index': 21, 'diagram_uid': 23166, 'diagram_class': 'Diagram', 'nodes_index': 2, 'nodes_on_diagram': 4, 'label': 'Invoke Node'}  (22 diagram(s) scanned of 173, 1.1 s)
  FACT  mv5540 new #24354 terminal table of #24354 (Diagram idx 21, Nodes[2], echo 24354): 6 terminal(s)
  FACT      mv5540 new #24354 t0  'reference'                        is_source=False wire=0       errs=[0, 0, 0, 1055]
  FACT      mv5540 new #24354 t1  'reference out'                    is_source=True  wire=0       errs=[0, 0, 0, 1055]
  FACT      mv5540 new #24354 t2  'error in (no error)'              is_source=False wire=0       errs=[0, 0, 0, 1055]
  FACT      mv5540 new #24354 t3  'error out'                        is_source=True  wire=0       errs=[0, 0, 0, 1055]
  FACT      mv5540 new #24354 t4  'Method'                           is_source=False wire=0       errs=[0, 0, 0, 1055]
  FACT      mv5540 new #24354 t5  'Method'                           is_source=True  wire=0       errs=[0, 0, 0, 1055]
  FACT  mv5540 the junk node's FULL terminal table is printed above; 6 terminal(s), 0 WIRED - the purge precondition (ZERO wired) HOLDS
  FACT  mv5540 purge delete Node #24354 at index 100: gone [24354], error '', census 636 -> 635, still present False (1.31 s)
  FACT  mv5540 AFTER THE PURGE node census: 635 rows
  FACT  mv5540 purge arithmetic: Node 635 -> 636 -> 635
  FACT  move_in node census: 635 rows
  FACT  OP move_in #9647 -> Diagram[21] at (4860, 6300) -> err '' (0.1 s)
  FACT  mv9647 AFTER node census: 636 rows
  FACT  mv9647 CENSUS DIFF: Node 635 -> 636 ; 1 new uid(s): [(10383, 'Invoke', (4593, 5723))]
  FACT  mv9647 new #10383 #10383 lives at: {'diagram_index': 21, 'diagram_uid': 23166, 'diagram_class': 'Diagram', 'nodes_index': 3, 'nodes_on_diagram': 5, 'label': 'Invoke Node'}  (22 diagram(s) scanned of 173, 1.1 s)
  FACT  mv9647 new #10383 terminal table of #10383 (Diagram idx 21, Nodes[3], echo 10383): 6 terminal(s)
  FACT      mv9647 new #10383 t0  'reference'                        is_source=False wire=0       errs=[0, 0, 0, 1055]
  FACT      mv9647 new #10383 t1  'reference out'                    is_source=True  wire=0       errs=[0, 0, 0, 1055]
  FACT      mv9647 new #10383 t2  'error in (no error)'              is_source=False wire=0       errs=[0, 0, 0, 1055]
  FACT      mv9647 new #10383 t3  'error out'                        is_source=True  wire=0       errs=[0, 0, 0, 1055]
  FACT      mv9647 new #10383 t4  'Method'                           is_source=False wire=0       errs=[0, 0, 0, 1055]
  FACT      mv9647 new #10383 t5  'Method'                           is_source=True  wire=0       errs=[0, 0, 0, 1055]
  FACT  mv9647 the junk node's FULL terminal table is printed above; 6 terminal(s), 0 WIRED - the purge precondition (ZERO wired) HOLDS
  FACT  mv9647 purge delete Node #10383 at index 99: gone [10383], error '', census 636 -> 635, still present False (1.30 s)
  FACT  mv9647 AFTER THE PURGE node census: 635 rows
  FACT  mv9647 purge arithmetic: Node 635 -> 636 -> 635
  FACT  move_in node census: 635 rows
  FACT  OP move_in #10247 -> Diagram[21] at (5020, 6300) -> err '' (0.1 s)
  FACT  mv10247 AFTER node census: 636 rows
  FACT  mv10247 CENSUS DIFF: Node 635 -> 636 ; 1 new uid(s): [(9363, 'Invoke', (4593, 5723))]
  FACT  mv10247 new #9363 #9363 lives at: {'diagram_index': 21, 'diagram_uid': 23166, 'diagram_class': 'Diagram', 'nodes_index': 4, 'nodes_on_diagram': 6, 'label': 'Invoke Node'}  (22 diagram(s) scanned of 173, 1.0 s)
  FACT  mv10247 new #9363 terminal table of #9363 (Diagram idx 21, Nodes[4], echo 9363): 6 terminal(s)
  FACT      mv10247 new #9363 t0  'reference'                        is_source=False wire=0       errs=[0, 0, 0, 1055]
  FACT      mv10247 new #9363 t1  'reference out'                    is_source=True  wire=0       errs=[0, 0, 0, 1055]
  FACT      mv10247 new #9363 t2  'error in (no error)'              is_source=False wire=0       errs=[0, 0, 0, 1055]
  FACT      mv10247 new #9363 t3  'error out'                        is_source=True  wire=0       errs=[0, 0, 0, 1055]
  FACT      mv10247 new #9363 t4  'Method'                           is_source=False wire=0       errs=[0, 0, 0, 1055]
  FACT      mv10247 new #9363 t5  'Method'                           is_source=True  wire=0       errs=[0, 0, 0, 1055]
  FACT  mv10247 the junk node's FULL terminal table is printed above; 6 terminal(s), 0 WIRED - the purge precondition (ZERO wired) HOLDS
  FACT  mv10247 purge delete Node #9363 at index 99: gone [9363], error '', census 636 -> 635, still present False (1.26 s)
  FACT  mv10247 AFTER THE PURGE node census: 635 rows
  FACT  mv10247 purge arithmetic: Node 635 -> 636 -> 635
  FACT  move_in node census: 635 rows
  FACT  OP move_in #10445 -> Diagram[21] at (5180, 6300) -> err '' (0.1 s)
  FACT  mv10445 AFTER node census: 636 rows
  FACT  mv10445 CENSUS DIFF: Node 635 -> 636 ; 1 new uid(s): [(3478, 'Invoke', (4593, 5723))]
  FACT  mv10445 new #3478 #3478 lives at: {'diagram_index': 21, 'diagram_uid': 23166, 'diagram_class': 'Diagram', 'nodes_index': 5, 'nodes_on_diagram': 7, 'label': 'Invoke Node'}  (22 diagram(s) scanned of 173, 1.0 s)
  FACT  mv10445 new #3478 terminal table of #3478 (Diagram idx 21, Nodes[5], echo 3478): 6 terminal(s)
  FACT      mv10445 new #3478 t0  'reference'                        is_source=False wire=0       errs=[0, 0, 0, 1055]
  FACT      mv10445 new #3478 t1  'reference out'                    is_source=True  wire=0       errs=[0, 0, 0, 1055]
  FACT      mv10445 new #3478 t2  'error in (no error)'              is_source=False wire=0       errs=[0, 0, 0, 1055]
  FACT      mv10445 new #3478 t3  'error out'                        is_source=True  wire=0       errs=[0, 0, 0, 1055]
  FACT      mv10445 new #3478 t4  'Method'                           is_source=False wire=0       errs=[0, 0, 0, 1055]
  FACT      mv10445 new #3478 t5  'Method'                           is_source=True  wire=0       errs=[0, 0, 0, 1055]
  FACT  mv10445 the junk node's FULL terminal table is printed above; 6 terminal(s), 0 WIRED - the purge precondition (ZERO wired) HOLDS
  FACT  mv10445 purge delete Node #3478 at index 101: gone [3478], error '', census 636 -> 635, still present False (1.27 s)
  FACT  mv10445 AFTER THE PURGE node census: 635 rows
  FACT  mv10445 purge arithmetic: Node 635 -> 636 -> 635
  FACT  move_in node census: 635 rows
  FACT  OP move_in #10950 -> Diagram[21] at (5340, 6300) -> err '' (0.1 s)
  FACT  mv10950 AFTER node census: 636 rows
  FACT  mv10950 CENSUS DIFF: Node 635 -> 636 ; 1 new uid(s): [(3478, 'Invoke', (4593, 5723))]
  FACT  mv10950 new #3478 #3478 lives at: {'diagram_index': 21, 'diagram_uid': 23166, 'diagram_class': 'Diagram', 'nodes_index': 7, 'nodes_on_diagram': 8, 'label': 'Invoke Node'}  (22 diagram(s) scanned of 173, 1.0 s)
  FACT  mv10950 new #3478 terminal table of #3478 (Diagram idx 21, Nodes[7], echo 3478): 6 terminal(s)
  FACT      mv10950 new #3478 t0  'reference'                        is_source=False wire=0       errs=[0, 0, 0, 1055]
  FACT      mv10950 new #3478 t1  'reference out'                    is_source=True  wire=0       errs=[0, 0, 0, 1055]
  FACT      mv10950 new #3478 t2  'error in (no error)'              is_source=False wire=0       errs=[0, 0, 0, 1055]
  FACT      mv10950 new #3478 t3  'error out'                        is_source=True  wire=0       errs=[0, 0, 0, 1055]
  FACT      mv10950 new #3478 t4  'Method'                           is_source=False wire=0       errs=[0, 0, 0, 1055]
  FACT      mv10950 new #3478 t5  'Method'                           is_source=True  wire=0       errs=[0, 0, 0, 1055]
  FACT  mv10950 the junk node's FULL terminal table is printed above; 6 terminal(s), 0 WIRED - the purge precondition (ZERO wired) HOLDS
  FACT  mv10950 purge delete Node #3478 at index 98: gone [3478], error '', census 636 -> 635, still present False (1.28 s)
  FACT  mv10950 AFTER THE PURGE node census: 635 rows
  FACT  mv10950 purge arithmetic: Node 635 -> 636 -> 635
  FACT  move_in node census: 635 rows
  FACT  OP move_in #17289 -> Diagram[21] at (5500, 6300) -> err '' (0.1 s)
  FACT  mv17289 AFTER node census: 636 rows
  FACT  mv17289 CENSUS DIFF: Node 635 -> 636 ; 1 new uid(s): [(3478, 'Invoke', (4593, 5723))]
  FACT  mv17289 new #3478 #3478 lives at: {'diagram_index': 21, 'diagram_uid': 23166, 'diagram_class': 'Diagram', 'nodes_index': 8, 'nodes_on_diagram': 9, 'label': 'Invoke Node'}  (22 diagram(s) scanned of 173, 1.1 s)
  FACT  mv17289 new #3478 terminal table of #3478 (Diagram idx 21, Nodes[8], echo 3478): 6 terminal(s)
  FACT      mv17289 new #3478 t0  'reference'                        is_source=False wire=0       errs=[0, 0, 0, 1055]
  FACT      mv17289 new #3478 t1  'reference out'                    is_source=True  wire=0       errs=[0, 0, 0, 1055]
  FACT      mv17289 new #3478 t2  'error in (no error)'              is_source=False wire=0       errs=[0, 0, 0, 1055]
  FACT      mv17289 new #3478 t3  'error out'                        is_source=True  wire=0       errs=[0, 0, 0, 1055]
  FACT      mv17289 new #3478 t4  'Method'                           is_source=False wire=0       errs=[0, 0, 0, 1055]
  FACT      mv17289 new #3478 t5  'Method'                           is_source=True  wire=0       errs=[0, 0, 0, 1055]
  FACT  mv17289 the junk node's FULL terminal table is printed above; 6 terminal(s), 0 WIRED - the purge precondition (ZERO wired) HOLDS
  FACT  mv17289 purge delete Node #3478 at index 98: gone [3478], error '', census 636 -> 635, still present False (1.31 s)
  FACT  mv17289 AFTER THE PURGE node census: 635 rows
  FACT  mv17289 purge arithmetic: Node 635 -> 636 -> 635
  FACT  move_in node census: 635 rows
  FACT  OP move_in #10969 -> Diagram[21] at (5660, 6300) -> err '' (0.1 s)
  FACT  mv10969 AFTER node census: 636 rows
  FACT  mv10969 CENSUS DIFF: Node 635 -> 636 ; 1 new uid(s): [(3478, 'Invoke', (4593, 5723))]
  FACT  mv10969 new #3478 #3478 lives at: {'diagram_index': 21, 'diagram_uid': 23166, 'diagram_class': 'Diagram', 'nodes_index': 9, 'nodes_on_diagram': 10, 'label': 'Invoke Node'}  (22 diagram(s) scanned of 173, 1.0 s)
  FACT  mv10969 new #3478 terminal table of #3478 (Diagram idx 21, Nodes[9], echo 3478): 6 terminal(s)
  FACT      mv10969 new #3478 t0  'reference'                        is_source=False wire=0       errs=[0, 0, 0, 1055]
  FACT      mv10969 new #3478 t1  'reference out'                    is_source=True  wire=0       errs=[0, 0, 0, 1055]
  FACT      mv10969 new #3478 t2  'error in (no error)'              is_source=False wire=0       errs=[0, 0, 0, 1055]
  FACT      mv10969 new #3478 t3  'error out'                        is_source=True  wire=0       errs=[0, 0, 0, 1055]
  FACT      mv10969 new #3478 t4  'Method'                           is_source=False wire=0       errs=[0, 0, 0, 1055]
  FACT      mv10969 new #3478 t5  'Method'                           is_source=True  wire=0       errs=[0, 0, 0, 1055]
  FACT  mv10969 the junk node's FULL terminal table is printed above; 6 terminal(s), 0 WIRED - the purge precondition (ZERO wired) HOLDS
  FACT  mv10969 purge delete Node #3478 at index 98: gone [3478], error '', census 636 -> 635, still present False (1.29 s)
  FACT  mv10969 AFTER THE PURGE node census: 635 rows
  FACT  mv10969 purge arithmetic: Node 635 -> 636 -> 635
  FACT  move_in node census: 635 rows
  FACT  OP move_in #10757 -> Diagram[21] at (5820, 6300) -> err '' (0.1 s)
  FACT  mv10757 AFTER node census: 636 rows
  FACT  mv10757 CENSUS DIFF: Node 635 -> 636 ; 1 new uid(s): [(3478, 'Invoke', (4593, 5723))]
  FACT  mv10757 new #3478 #3478 lives at: {'diagram_index': 21, 'diagram_uid': 23166, 'diagram_class': 'Diagram', 'nodes_index': 10, 'nodes_on_diagram': 11, 'label': 'Invoke Node'}  (22 diagram(s) scanned of 173, 0.9 s)
  FACT  mv10757 new #3478 terminal table of #3478 (Diagram idx 21, Nodes[10], echo 3478): 6 terminal(s)
  FACT      mv10757 new #3478 t0  'reference'                        is_source=False wire=0       errs=[0, 0, 0, 1055]
  FACT      mv10757 new #3478 t1  'reference out'                    is_source=True  wire=0       errs=[0, 0, 0, 1055]
  FACT      mv10757 new #3478 t2  'error in (no error)'              is_source=False wire=0       errs=[0, 0, 0, 1055]
  FACT      mv10757 new #3478 t3  'error out'                        is_source=True  wire=0       errs=[0, 0, 0, 1055]
  FACT      mv10757 new #3478 t4  'Method'                           is_source=False wire=0       errs=[0, 0, 0, 1055]
  FACT      mv10757 new #3478 t5  'Method'                           is_source=True  wire=0       errs=[0, 0, 0, 1055]
  FACT  mv10757 the junk node's FULL terminal table is printed above; 6 terminal(s), 0 WIRED - the purge precondition (ZERO wired) HOLDS
  FACT  mv10757 purge delete Node #3478 at index 98: gone [3478], error '', census 636 -> 635, still present False (1.26 s)
  FACT  mv10757 AFTER THE PURGE node census: 635 rows
  FACT  mv10757 purge arithmetic: Node 635 -> 636 -> 635
  FACT  move_in node census: 635 rows
  FACT  OP move_in #17487 -> Diagram[21] at (5980, 6300) -> err '' (0.1 s)
  FACT  mv17487 AFTER node census: 636 rows
  FACT  mv17487 CENSUS DIFF: Node 635 -> 636 ; 1 new uid(s): [(3478, 'Invoke', (4593, 5723))]
  FACT  mv17487 new #3478 #3478 lives at: {'diagram_index': 21, 'diagram_uid': 23166, 'diagram_class': 'Diagram', 'nodes_index': 10, 'nodes_on_diagram': 11, 'label': 'Invoke Node'}  (22 diagram(s) scanned of 173, 0.9 s)
  FACT  mv17487 new #3478 terminal table of #3478 (Diagram idx 21, Nodes[10], echo 3478): 6 terminal(s)
  FACT      mv17487 new #3478 t0  'reference'                        is_source=False wire=0       errs=[0, 0, 0, 1055]
  FACT      mv17487 new #3478 t1  'reference out'                    is_source=True  wire=0       errs=[0, 0, 0, 1055]
  FACT      mv17487 new #3478 t2  'error in (no error)'              is_source=False wire=0       errs=[0, 0, 0, 1055]
  FACT      mv17487 new #3478 t3  'error out'                        is_source=True  wire=0       errs=[0, 0, 0, 1055]
  FACT      mv17487 new #3478 t4  'Method'                           is_source=False wire=0       errs=[0, 0, 0, 1055]
  FACT      mv17487 new #3478 t5  'Method'                           is_source=True  wire=0       errs=[0, 0, 0, 1055]
  FACT  mv17487 the junk node's FULL terminal table is printed above; 6 terminal(s), 0 WIRED - the purge precondition (ZERO wired) HOLDS
  FACT  mv17487 purge delete Node #3478 at index 98: gone [3478], error '', census 636 -> 635, still present False (1.26 s)
  FACT  mv17487 AFTER THE PURGE node census: 635 rows
  FACT  mv17487 purge arithmetic: Node 635 -> 636 -> 635
  FACT  move_in node census: 635 rows
  FACT  OP move_in #5634 -> Diagram[21] at (6140, 6300) -> err '' (0.1 s)
  FACT  mv5634 AFTER node census: 636 rows
  FACT  mv5634 CENSUS DIFF: Node 635 -> 636 ; 1 new uid(s): [(3478, 'Invoke', (4593, 5723))]
  FACT  mv5634 new #3478 #3478 lives at: {'diagram_index': 21, 'diagram_uid': 23166, 'diagram_class': 'Diagram', 'nodes_index': 10, 'nodes_on_diagram': 11, 'label': 'Invoke Node'}  (22 diagram(s) scanned of 173, 0.9 s)
  FACT  mv5634 new #3478 terminal table of #3478 (Diagram idx 21, Nodes[10], echo 3478): 6 terminal(s)
  FACT      mv5634 new #3478 t0  'reference'                        is_source=False wire=0       errs=[0, 0, 0, 1055]
  FACT      mv5634 new #3478 t1  'reference out'                    is_source=True  wire=0       errs=[0, 0, 0, 1055]
  FACT      mv5634 new #3478 t2  'error in (no error)'              is_source=False wire=0       errs=[0, 0, 0, 1055]
  FACT      mv5634 new #3478 t3  'error out'                        is_source=True  wire=0       errs=[0, 0, 0, 1055]
  FACT      mv5634 new #3478 t4  'Method'                           is_source=False wire=0       errs=[0, 0, 0, 1055]
  FACT      mv5634 new #3478 t5  'Method'                           is_source=True  wire=0       errs=[0, 0, 0, 1055]
  FACT  mv5634 the junk node's FULL terminal table is printed above; 6 terminal(s), 0 WIRED - the purge precondition (ZERO wired) HOLDS
  FACT  mv5634 purge delete Node #3478 at index 98: gone [3478], error '', census 636 -> 635, still present False (1.27 s)
  FACT  mv5634 AFTER THE PURGE node census: 635 rows
  FACT  mv5634 purge arithmetic: Node 635 -> 636 -> 635
  FACT  move_in node census: 635 rows
  FACT  OP move_in #23541 -> Diagram[21] at (6300, 6300) -> err '' (0.1 s)
  FACT  mv23541 AFTER node census: 636 rows
  FACT  mv23541 CENSUS DIFF: Node 635 -> 636 ; 1 new uid(s): [(3478, 'Invoke', (4593, 5723))]
  FACT  mv23541 new #3478 #3478 lives at: {'diagram_index': 21, 'diagram_uid': 23166, 'diagram_class': 'Diagram', 'nodes_index': 10, 'nodes_on_diagram': 11, 'label': 'Invoke Node'}  (22 diagram(s) scanned of 173, 0.9 s)
  FACT  mv23541 new #3478 terminal table of #3478 (Diagram idx 21, Nodes[10], echo 3478): 6 terminal(s)
  FACT      mv23541 new #3478 t0  'reference'                        is_source=False wire=0       errs=[0, 0, 0, 1055]
  FACT      mv23541 new #3478 t1  'reference out'                    is_source=True  wire=0       errs=[0, 0, 0, 1055]
  FACT      mv23541 new #3478 t2  'error in (no error)'              is_source=False wire=0       errs=[0, 0, 0, 1055]
  FACT      mv23541 new #3478 t3  'error out'                        is_source=True  wire=0       errs=[0, 0, 0, 1055]
  FACT      mv23541 new #3478 t4  'Method'                           is_source=False wire=0       errs=[0, 0, 0, 1055]
  FACT      mv23541 new #3478 t5  'Method'                           is_source=True  wire=0       errs=[0, 0, 0, 1055]
  FACT  mv23541 the junk node's FULL terminal table is printed above; 6 terminal(s), 0 WIRED - the purge precondition (ZERO wired) HOLDS
  FACT  mv23541 purge delete Node #3478 at index 98: gone [3478], error '', census 636 -> 635, still present False (1.24 s)
  FACT  mv23541 AFTER THE PURGE node census: 635 rows
  FACT  mv23541 purge arithmetic: Node 635 -> 636 -> 635
  PASS  P1 11 move_in ops returned err ''  ['', '', '', '', '', '', '', '', '', '', '']

---------- [C] read after the move
  FACT  AFTER-MOVE #5702 t6038 {'is_source': False, 'wire': 0, 'cls': 'OuterTerminal'}
  FACT  AFTER-MOVE #5702 t5705 {'is_source': False, 'wire': 5710, 'cls': 'InnerTerminal'}
  FACT  AFTER-MOVE #5702 t6033 {'is_source': False, 'wire': 0, 'cls': 'InnerTerminal'}
  FACT  AFTER-MOVE #5725 t5741 {'is_source': False, 'wire': 0, 'cls': 'OuterTerminal'}
  FACT  AFTER-MOVE #5725 t5729 {'is_source': False, 'wire': 0, 'cls': 'InnerTerminal'}
  FACT  AFTER-MOVE #5725 t5733 {'is_source': False, 'wire': 6030, 'cls': 'InnerTerminal'}
  FACT  AFTER-MOVE #5967 t5976 {'is_source': False, 'wire': 0, 'cls': 'OuterTerminal'}
  FACT  AFTER-MOVE #5967 t5969 {'is_source': False, 'wire': 0, 'cls': 'InnerTerminal'}
  FACT  AFTER-MOVE #5967 t5973 {'is_source': False, 'wire': 6011, 'cls': 'InnerTerminal'}
  PASS  P2 inners 5705 6033 5729 5733 read is_source False after the move (80-5 flip)  {5705: {'is_source': False, 'wire': 5710, 'cls': 'InnerTerminal'}, 6033: {'is_source': False, 'wire': 0, 'cls': 'InnerTerminal'}, 5729: {'is_source': False, 'wire': 0, 'cls': 'InnerTerminal'}, 5733: {'is_source': False, 'wire': 6030, 'cls': 'InnerTerminal'}}

---------- [D] M1 / M1b: a register L.inner -> the flipped outer
  FACT  add_shift_reg node census: 635 rows
  FACT  OP add_shift_reg loop[1] y=120 -> err '' (0.1 s)
  FACT  sr6038 after add_shift_reg AFTER node census: 635 rows
  FACT  sr6038 after add_shift_reg CENSUS DIFF: Node 635 -> 635 ; 0 new uid(s): []
  FACT  SHIFT REGISTER on WhileLoop #10170: {'right': 9806, 'left': 10167, 'k': 1, 'right_uids': [23508, 9806], 'loop_index': 1}
  FACT  SINK t6038: #5540 now Nodes[2] of D[21], Terminals[3] = {'i': 3, 'name': '', 'is_source': False, 'wire': 0, 'name_err': 0, 'src_err': 0, 'conn_err': 0, 'wire_err': 1055, 'node_uid': 5540} (pre-move name '')
  PASS  D0 t6038's index still names the same unwired sink  {'i': 3, 'name': '', 'is_source': False, 'wire': 0, 'name_err': 0, 'src_err': 0, 'conn_err': 0, 'wire_err': 1055, 'node_uid': 5540}
  FACT  wire_sr node census: 635 rows
  FACT  OP wire_sr LeftIn loop[1] reg[1] {'node_index': 2, 'term_index': 3} -> err '' (0.1 s)
  FACT  wsr6038 AFTER node census: 635 rows
  FACT  wsr6038 CENSUS DIFF: Node 635 -> 635 ; 0 new uid(s): []
  PASS  D1 wire_sr LeftIn -> t6038 returned err ''
  FACT  add_shift_reg node census: 635 rows
  FACT  OP add_shift_reg loop[1] y=120 -> err '' (0.0 s)
  FACT  sr5741 after add_shift_reg AFTER node census: 635 rows
  FACT  sr5741 after add_shift_reg CENSUS DIFF: Node 635 -> 635 ; 0 new uid(s): []
  FACT  SHIFT REGISTER on WhileLoop #10170: {'right': 10850, 'left': 25246, 'k': 2, 'right_uids': [23508, 9806, 10850], 'loop_index': 1}
  FACT  SINK t5741: #5540 now Nodes[2] of D[21], Terminals[4] = {'i': 4, 'name': '', 'is_source': False, 'wire': 0, 'name_err': 0, 'src_err': 0, 'conn_err': 0, 'wire_err': 1055, 'node_uid': 5540} (pre-move name '')
  PASS  D0 t5741's index still names the same unwired sink  {'i': 4, 'name': '', 'is_source': False, 'wire': 0, 'name_err': 0, 'src_err': 0, 'conn_err': 0, 'wire_err': 1055, 'node_uid': 5540}
  FACT  wire_sr node census: 635 rows
  FACT  OP wire_sr LeftIn loop[1] reg[2] {'node_index': 2, 'term_index': 4} -> err '' (0.0 s)
  FACT  wsr5741 AFTER node census: 635 rows
  FACT  wsr5741 CENSUS DIFF: Node 635 -> 635 ; 0 new uid(s): []
  PASS  D1 wire_sr LeftIn -> t5741 returned err ''

---------- [E] read after the re-wire
  FACT  AFTER-WIRE #5702 t6038 {'is_source': False, 'wire': 10377, 'cls': 'OuterTerminal'}
  FACT  AFTER-WIRE #5702 t5705 {'is_source': True, 'wire': 5710, 'cls': 'InnerTerminal'}
  FACT  AFTER-WIRE #5702 t6033 {'is_source': True, 'wire': 0, 'cls': 'InnerTerminal'}
  FACT  AFTER-WIRE #5725 t5741 {'is_source': False, 'wire': 25292, 'cls': 'OuterTerminal'}
  FACT  AFTER-WIRE #5725 t5729 {'is_source': True, 'wire': 0, 'cls': 'InnerTerminal'}
  FACT  AFTER-WIRE #5725 t5733 {'is_source': True, 'wire': 6030, 'cls': 'InnerTerminal'}
  FACT  AFTER-WIRE #5967 t5976 {'is_source': False, 'wire': 0, 'cls': 'OuterTerminal'}
  FACT  AFTER-WIRE #5967 t5969 {'is_source': False, 'wire': 0, 'cls': 'InnerTerminal'}
  FACT  AFTER-WIRE #5967 t5973 {'is_source': False, 'wire': 6011, 'cls': 'InnerTerminal'}
  PASS  P3 t6038's wire == register #10167 L.inner's wire  (10377, {'is_source': False, 'wire': 10377, 'cls': 'OuterTerminal'})
  PASS  P3 t5741's wire == register #25246 L.inner's wire  (25292, {'is_source': False, 'wire': 25292, 'cls': 'OuterTerminal'})
  ROW   UNFLIP #5702 (outer, inner, inner) is_source before->after : observed=[(6038, False, False), (5705, False, True), (6033, False, True)] expected=None
  ROW   UNFLIP #5725 (outer, inner, inner) is_source before->after : observed=[(5741, False, False), (5729, False, True), (5733, False, True)] expected=None
  ROW   UNFLIP #5967 (outer, inner, inner) is_source before->after : observed=[(5976, False, False), (5969, False, False), (5973, False, False)] expected=None
  FACT  HANDLES end 45983

---------- [H] HYGIENE
  FACT  close_panel(D1_k_scratch_l2a1_unflip_81_20260925_120743.vi) raised com_error: (-2147352567, '??? ??????.', (6649, 'LabVIEW', 'LabVIEW: (Hex 0x47D) Cannot close or set the state of a closed front panel. The front panel must already be open before you close it or set its state.', None, 0, 0), None)
  FACT  gscript ref_counts: {'opened': 4, 'closed': 4, 'live': 0, 'cached_op_vis': 11}
  PASS  H5 VI-Server reference counter level (opened == closed)  {'opened': 4, 'closed': 4, 'live': 0, 'cached_op_vis': 11}
  FACT  LabVIEW handle count AFTER the work: 45984
  PASS  H4 scratch deleted: D1_k_scratch_l2a1_unflip_81_20260925_120743.vi  C:\Program Files\National Instruments\LabVIEW 2026\user.lib\claudeDev\D1_k_scratch_l2a1_unflip_81_20260925_120743.vi
  PASS  H2 the INPUT's md5 is UNCHANGED after the run  before 6cf5b0777aafa12112d8a786a9eed1ed / after 6cf5b0777aafa12112d8a786a9eed1ed
  FACT  PIN AFTER  ORIGINAL         2a78e17c449cacdaf5da389818526859  (want 2a78e17c449cacdaf5da389818526859) OK
  FACT  PIN AFTER  S1 D1_s1_copy    3e3d23cefd3a334001aa9d6156bf1aee  (want 3e3d23cefd3a334001aa9d6156bf1aee) OK
  FACT  PIN AFTER  S2 D1_s2_loops   6ff19497f2309e007a214660bb64b911  (want 6ff19497f2309e007a214660bb64b911) OK
  FACT  PIN AFTER  ROW2 bed         26c54ff784cb5cea21edbd214d2cc3a0  (want 26c54ff784cb5cea21edbd214d2cc3a0) OK
  FACT  PIN AFTER  M3a-2            3842f5e6f128226235dc78353f26ef44  (want 3842f5e6f128226235dc78353f26ef44) OK
  FACT  PIN AFTER  K bed            6cf5b0777aafa12112d8a786a9eed1ed  (want 6cf5b0777aafa12112d8a786a9eed1ed) OK
  PASS  H3 every md5 pin still holds
  FACT  THE FILES THIS RUN LEFT ON DISK: []  (removed: [])
  PASS  H6 the files left on disk == [] and nothing was removed  added [] removed []
  FACT  LabVIEW handle count at exit: 34001

====================================================================================================
=== GATES: 16 pass / 0 fail
JSON: G:\Codes\LabVIEW_Codes\MinLab\zz_LabView VI\AAA_UNIST\2. Tracking\V6_ParallelLoop\tools\bench\l2a1_unflip_81.json   elapsed 260.6 s
RESULT {"schema":"result-line/1","status":"PASS","gates":{"pass":16,"fail":0},"first_fail":null,"artefacts":[]}
  PASS  F7 LabVIEW process gone at the end

====================================================================================================
=== GATES: 17 pass / 0 fail
JSON: G:\Codes\LabVIEW_Codes\MinLab\zz_LabView VI\AAA_UNIST\2. Tracking\V6_ParallelLoop\tools\bench\l2a1_unflip_81.json   elapsed 264.8 s
RESULT {"schema":"result-line/1","status":"PASS","gates":{"pass":17,"fail":0},"first_fail":null,"artefacts":[]}
BGRUN END rc=0 after 265s
