BGRUN START 2026-09-09 01:31:57 limit 15.0 min: py -u tools/bench/labels_chain.py
LabVIEW up after 15 s, version 26.3.1f1
dialogs: 8,1346,762| / ENABLED|3605672|0,0,0,0|LabVIEW / VERDICT: clear (no modal dialog)
lv_restart rc 0
Attribute\Calling Convention.vi -> [(0, 'calling convention out', True), (1, 'calling convention', False), (2, 'CallLib Refnum', False), (3, 'error in (no error)', False), (4, 'error out', True), (5, 'CallLib Refnum out', True), (6, 'operation', False)]
Attribute\Function Dec.vi -> [(0, 'operation', False), (1, 'String', False), (2, 'String', True)]
Attribute\Function Name.vi -> [(0, 'function name out', True), (1, 'function name', False), (2, 'CallLib Refnum', False), (3, 'error in (no error)', False), (4, 'error out', True), (5, 'CallLib Refnum out', True), (6, 'operation', False)]
Attribute\Internal\Current Para Name.vi -> [(0, 'operation', False), (1, 'current para name', False), (2, 'current para name out', True)]
Attribute\Library Path.vi -> [(0, 'path out', True), (1, 'path', False), (2, 'CallLib Refnum', False), (3, 'error in (no error)', False), (4, 'error out', True), (5, 'CallLib Refnum out', True), (6, 'operation', False)]
Attribute\Parameter Info.vi -> [(0, 'CallLib Refnum', False), (1, 'error in (no error)', False), (2, 'error out', True), (3, 'CallLib Refnum out', True), (4, 'operation', False), (5, 'parameter info', False), (6, 'parameter info out', True)]
Attribute\Parameter Terminals.vi -> [(0, 'CallLib Refnum', False), (1, 'error out', True), (2, 'Terms[]', True), (3, 'error in (no error)', False), (4, 'CallLib Refnum out', True)]
Attribute\Reentrant.vi -> [(0, 'reentrant out', True), (1, 'reentrant', False), (2, 'CallLib Refnum', False), (3, 'error in (no error)', False), (4, 'error out', True), (5, 'CallLib Refnum out', True), (6, 'operation', False)]
Method\Connect Default Case Indicators.vi -> [(0, 'error in (no error)', False), (1, 'error out', True), (2, 'CallLib Refnum', False), (3, 'CallLib Refnum out', True), (4, 'Terms[]', False), (5, 'Terms[] out', True)]
Method\Connect Terminals.vi -> [(0, 'error in (no error)', False), (1, 'CallLib Refnum', False), (2, 'error out', True), (3, 'CallLib Refnum out', True), (4, 'Terms[]', True), (5, 'diagram', False), (6, 'Array', True)]
Method\Create Array Element.vi -> [(0, 'error in (no error)', True), (1, 'error out', False), (2, 'element terminal', False), (3, 'Control', False)]
Method\Create Array InitializeArray.vi -> [(0, 'Owner', False), (1, 'error in (no error)', False), (2, 'error out', True), (3, 'position cluster', False), (4, 'size terminal', True), (5, 'array terminal', True), (6, 'element terminal', True)]
Method\Create Array Size.vi -> [(0, 'error out', True), (1, 'error in (no error)', False), (2, 'size terminal', False), (3, 'CallLib Refnum', False)]
Method\Create Byte to Array.vi -> [(0, 'Owner', False), (1, 'error in (no error)', False), (2, 'error out', True), (3, 'position cluster', False), (4, 'string terminal', True), (5, 'byte array terminal', True)]
Method\Create Replace Substring.vi -> [(0, 'Owner', False), (1, 'error in (no error)', False), (2, 'error out', True), (3, 'position cluster', False), (4, 'subarray terminal', True), (5, 'outputarray terminal', True), (6, 'array terminal', True)]
Method\Create String Default Value Array.vi -> [(0, 'Owner', False), (1, 'error in (no error)', False), (2, 'error out', True), (3, 'position cluster', False), (4, 'array terminal', True)]
Method\Create String Element.vi -> [(0, 'error in (no error)', True), (1, 'error out', False), (2, 'element terminal', False)]
Method\Create String Size.vi -> [(0, 'error out', True), (1, 'error in (no error)', False), (2, 'size terminal', False)]
Method\Create String.vi -> [(0, 'Position', False), (1, 'Term Refnum', False), (2, 'Owner', False), (3, 'error out', True), (4, 'error in (no error)', False), (5, 'CLN node', False)]
Method\Create.vi -> [(0, 'error in (no error)', False), (1, 'error out', True), (2, 'diagram', False), (3, 'CallLib Refnum out', True), (4, 'diagram out', True), (5, 'position/next to', False)]
Method\Internal\Cluster Pass Type Adaptor.vi -> [(0, 'error in (no error)', False), (1, 'error out', True), (2, 'Control Info', False), (3, 'control pass type in', False), (4, 'control pass type out', True)]
Method\Internal\Cluster Terminal Adaptor.vi -> [(0, 'error out', True), (1, 'Control Terminal in', False), (2, 'error in (no error)', False), (3, 'needPack', False), (4, 'Control Terminal out', True), (5, 'Children Controls', False), (6, 'diagram in', False), (7, 'diagram out', True)]
Method\Internal\Find CallLib Term by Name.vi -> [(0, 'error in (no error)', False), (1, 'error out', True), (2, 'CallLib Refnum', False), (3, 'name', False), (4, 'terminal', True), (5, 'CallLib Refnum out', True)]
Method\Internal\Pack Cluster to U64.vi -> [(0, 'Unbundled Terminals', False), (1, 'error out', True), (2, 'error in (no error)', False), (3, ' Terminal out', True), (4, 'Control Size in Bit', False), (5, 'diagram in', False), (6, 'diagram out', True)]
Method\Internal\Shift and Add_UINT64.vi -> [(0, 'shift bits', False), (1, 'Add Num', False), (2, 'Shift Num', False), (3, 'Result', True)]
Method\Internal\Unbundle and Cast to U64.vi -> [(0, 'error out', True), (1, 'Control Terminal in', False), (2, 'error in (no error)', False), (3, 'Children Controls', False), (4, 'diagram in', False), (5, 'diagram out', True), (6, 'Unbundled Terminals', True)]
clfn labels rc 0
IMAQ GetImagePixelPtr -> [(0, 'Image', False), (1, 'Pixel Pointer in', False), (2, 'Pixel Pointer out', True), (3, 'X Coordinate', False), (4, 'Y Coordinate', False), (5, 'LineWidth(Pixels)', True), (6, 'Pixel Size (Bytes)', True), (7, 'Transfer Max Size', True), (8, 'Function', False), (9, 'error in (no error)', False), (10, 'error out', True), (11, 'Image Border Size', True)]
IMAQ GetImageInfo -> [(0, 'X Resolution', True), (1, 'Y Resolution', True), (2, 'Image', False), (3, 'X Step', True), (4, 'Y Step', True), (5, 'Unit', True), (6, 'Image Type', True), (7, 'error in (no error)', False), (8, 'error out', True), (9, 'Image Name', True)]
IMAQ GetImageSize -> [(0, 'X Resolution', True), (1, 'Y Resolution', True), (2, 'Image', False), (3, 'error in (no error)', False), (4, 'error out', True)]
imaq labels rc 0
BGRUN END rc=0 after 325s
