BGRUN START 2026-09-12 06:55:49 limit 25.0 min: py -u tools/bench/loop_contents.py

==============================================================================
== diagram 20: loop A
   SubVI          uid 30846  ['send to trans ref', 'change of trans value ref', 'final trans pos', 'send to rot ref', 'change of rot value ref', 'tran display ref', 'change of trans speen ref', 'rot display ref', 'running index in', 'error in', 'Mp measure freq', 'Stop one-way']   [UI-thread property access, serial / VISA]
   primitive/other uid 22     ['reference', 'reference out', 'error in (no error)', 'error out', 'Value']   [UI-thread property access]
   primitive/other uid 251    ['Trans Pos (mm)']
   primitive/other uid 252    ['Send']
   primitive/other uid 885    ['Rot pos (deg)']
   primitive/other uid 1038   ['HOME']
   primitive/other uid 1626   ['Send to Trans']
   primitive/other uid 1656   ['Rot step (turns)']
   primitive/other uid 1726   ['Trans Step (mm)']
   primitive/other uid 6440   ['reference', 'reference out', 'error in (no error)', 'error out', 'Value']   [UI-thread property access]
   primitive/other uid 7613   ['Trans Speed (mm/s)']
   primitive/other uid 8173   ['Stop Trans']
   primitive/other uid 25116  ['reference', 'reference out', 'error in (no error)', 'error out', 'Value']   [UI-thread property access]
   -- 13 nodes, 1 subVI calls, flags {'UI-thread property access': 4, 'serial / VISA': 1}

==============================================================================
== diagram 43: FRAME LOOP (holds the tracking call, uid 5058)
   SubVI          uid 48     ['-Inc reference', '+Inc reference', 'Focus inc reference', 'VISA resource name', 'In position', 'Out position', 'Outgoing Handle']   [serial / VISA]
   SubVI          uid 376    ['error out', 'total data array out', 'error in', 'file progress', 'file number to append out', 'current frame data array in', 'cal cluster path', 'frame index', 'saved file refnum', 'file size', 'total data array in', 'selected path']   [file IO]
   SubVI          uid 1114   ['index i', 'Lp', 'Lc', 'Baseline', 'F-x in', 'F-x out']
   SubVI          uid 5058   ['Bead is good? array in', 'Image In', 'cross size', 'Bead is good? array out', 'x,y,z array out', 'x,y,z array', 'pos in cal image out', '# of bead 4 packs', '4 pack remainder', 'Array of cal clusters', 'pos in cal image in', 'Real-space cosine window']   [image]
   SubVI          uid 6810   ['Session In']
   SubVI          uid 22700  ['error out', 'Image Out (duplicate)']   [image]
   CaseStructure  uid 57     ['LastBufferNumber', 'LastBufferNumber', 'current image number']   [image]
   ForLoop        uid 1359   ['Value', 'Force\nsmoothing\nhalf-width', 'Extension\nmedian filter\nhalf-width', 'Magnet position output']   [UI-thread property access]
   primitive/other uid 1469   ['reference', 'reference out', 'error in (no error)', 'error out', 'Value']   [UI-thread property access]
   primitive/other uid 1978   ['x+1', 'x']
   primitive/other uid 2136   ['floor(x/y)', 'x-y*floor(x/y)', 'y', 'x']
   CaseStructure  uid 2222   ['Z out', 'x,y,z array out', 'Correction Factor', 'X out']
   ForLoop        uid 2457   ['Value', 'Value']   [UI-thread property access]
   primitive/other uid 2626   ['appended array', 'element', 'element', 'element', 'array']
   primitive/other uid 3052   ['File # Saved']   [file IO]
   primitive/other uid 3057   ['x = 0?', 'x']
   CaseStructure  uid 3191   ['current image number', 'LastBufferNumber']   [image]
   primitive/other uid 3447   ['Focus Step (F1)']
   primitive/other uid 3529   ['- Inc (PgDn)']
   primitive/other uid 3560   ['+ Inc (PgUp)']
   primitive/other uid 4580   ['reference', 'reference out', 'error in (no error)', 'error out', 'Value']   [UI-thread property access]
   primitive/other uid 5119   ['x-y', 'y', 'x']
   CaseStructure  uid 5540   ['Bead is good? array out', 'Bead is good? array out', 'x,y,z array out', 'x,y,z array out']
   primitive/other uid 6104   ['array', 'subarray', 'disabled index (row)', 'index (col)']
   primitive/other uid 8885   ['x*y', 'y', 'x']
   primitive/other uid 9647   ['x .and. y?', 'y', 'x']
   primitive/other uid 9833   ['array', 'subarray', 'index (row)', 'disabled index (col)']
   primitive/other uid 9879   ['reference', 'reference out', 'error in (no error)', 'error out', 'Value']   [UI-thread property access]
   primitive/other uid 10019  ['x = y?', 'y', 'x']
   primitive/other uid 10068  ['floor(x/y)', 'x-y*floor(x/y)', 'y', 'x']
   EventStructure uid 10153  ['Event Registration Refnum', 'Event Registration Refnum', 'Value', 'Value']   [UI-thread property access]
   primitive/other uid 10247  ['x .or. y?', 'y', 'x']
   primitive/other uid 10285  ['.not. x?', 'x']
   primitive/other uid 10382  ['.not. x?', 'x']
   CaseStructure  uid 10407  ['# slices in stack', 'Index of closest\ncal image slice, bead 2', 'Outgoing Handle', 'VISA out', 'Out position', 'position [internal units]']   [image, serial / VISA]
   CaseStructure  uid 10445  ['Value', 'Value']   [UI-thread property access]
   primitive/other uid 10686  ['x .and. y?', 'y', 'x']
   primitive/other uid 10757  ['array', 'element', 'index']
   primitive/other uid 10825  ['.not. x?', 'x']
   primitive/other uid 10886  ['result', 'value', 'value', 'value']   [UI-thread property access]
   primitive/other uid 10950  ['x < y?', 'y', 'x']
   primitive/other uid 10969  ['array', 'max value', 'max index (indices)', 'min value', 'min index (indices)']   [UI-thread property access]
   primitive/other uid 11261  ['appended array', 'array', 'element']
   primitive/other uid 11529  ['x < y?', 'y', 'x']
   primitive/other uid 11576  ['cluster', 'element', 'element']
   primitive/other uid 11608  ['output cluster', 'cluster', 'element', 'element']
   primitive/other uid 11639  ['result', 'value', 'value', 'value']   [UI-thread property access]
   primitive/other uid 11685  ['x*y', 'y', 'x']
   CaseStructure  uid 12589  ['position [internal units]']
   primitive/other uid 17046  ['x/y', 'y', 'x']
   primitive/other uid 17289  ['reference', 'reference out', 'error in (no error)', 'error out', 'Value']   [UI-thread property access]
   primitive/other uid 17780  ['reference', 'reference out', 'error in (no error)', 'error out', 'Value']   [UI-thread property access]
   primitive/other uid 17837  ['.not. x?', 'x']
   primitive/other uid 17883  ['result', 'value', 'value', 'value']   [UI-thread property access]
   CaseStructure  uid 18716  ['millisecond timer value']   [UI-thread property access, timing]
   primitive/other uid 18900  ['x .and. y?', 'y', 'x']
   CaseStructure  uid 20474  ['error out', 'error out', 'Value', 'System no.', 'System no.', 'millisecond timer value', 'Value', 'Value']   [UI-thread property access, timing]
   CaseStructure  uid 22082  ['error out', 'error out', 'System no.', 'System no.']
   primitive/other uid 22261  ['reference', 'reference out', 'error in (no error)', 'error out', 'Value']   [UI-thread property access]
   primitive/other uid 22284  ['x = y?', 'y', 'x']
   primitive/other uid 22542  ['reference', 'reference out', 'error in (no error)', 'error out', 'Value']   [UI-thread property access]
   primitive/other uid 22560  ['reference', 'reference out', 'error in (no error)', 'error out', 'Value']   [UI-thread property access]
   primitive/other uid 22703  ['format string', 'initial string', 'resulting string', 'error in', 'error out', 'input 1']
   primitive/other uid 23020  ['appended path', 'name or relative path', 'base path']   [file IO]
   primitive/other uid 23175  ['path', 'stripped path', 'name']   [file IO]
   primitive/other uid 28393  ['size(s)', 'array']
   primitive/other uid 29119  ['size(s)', 'array']
   primitive/other uid 29240  ['floor(x/y)', 'x-y*floor(x/y)', 'y', 'x']
   ForLoop        uid 29617  ['Value', 'Value', 'Value', 'Value', 'Value']   [UI-thread property access]
   ForLoop        uid 29874  ['Extension\nmedian filter\nhalf-width']
   primitive/other uid 29956  ['x-1', 'x']
   primitive/other uid 30117  ['reference', 'reference out', 'error in (no error)', 'error out', 'Value']   [UI-thread property access]
   primitive/other uid 30146  ['reference', 'reference out', 'error in (no error)', 'error out', 'Value']   [UI-thread property access]
   primitive/other uid 30233  ['x-1', 'x']
   primitive/other uid 31509  ['x*y', 'y', 'x']
   -- 75 nodes, 6 subVI calls, flags {'file IO': 4, 'image': 5, 'serial / VISA': 2, 'UI-thread property access': 21, 'timing': 2}

==============================================================================
== diagram 99: loop C
   SubVI          uid 15403  ['error out', 'Buffer Number Out', 'Image Out', 'Session Out']   [image]
   SubVI          uid 15442  ['error in (no error)', 'Optional Rectangle', 'Image Pixels (U16)', 'Image Pixels (Float)', 'error out', 'Image', 'Image Pixels (U8)', 'Image Pixels (I16)']   [image]
   SubVI          uid 15472  ['image data', 'mask', 'colors', 'top left', '1-bit pixmap  ', '4-bit pixmap', '8-bit pixmap', '24-bit pixmap']   [image]
   SubVI          uid 15511  []
   SubVI          uid 15921  ['-Inc reference', '+Inc reference', 'Focus inc reference', 'VISA resource name', 'In position', 'Out position', 'Outgoing Handle']   [serial / VISA]
   primitive/other uid 1565   ['reference', 'reference out', 'error in (no error)', 'error out', 'Value']   [UI-thread property access]
   primitive/other uid 15306  ['empty?', 'array']
   primitive/other uid 15314  ['- Inc (PgDn)']
   primitive/other uid 15320  ['+ Inc (PgUp)']
   primitive/other uid 15326  ['Focus Step (F1)']
   primitive/other uid 15332  ['reference', 'reference out', 'error in (no error)', 'error out', 'Mouse']
   primitive/other uid 15355  ['input cluster', 'Mouse Position']
   primitive/other uid 15364  ['input cluster', 'X', 'Y']
   primitive/other uid 15376  ['x > 0?', 'x']
   primitive/other uid 15384  ['x > 0?', 'x']
   primitive/other uid 15392  ['x .and. y?', 'y', 'x']
   EventStructure uid 15544  ['Event Registration Refnum', 'Event Registration Refnum', 'Array of bead\nx/y pos', 'Array of bead\nx/y pos', 'exp/ref array', 'exp/ref array']
   CaseStructure  uid 15968  ['X', 'Y', 'new picture', 'new picture']
   CaseStructure  uid 16238  ['new picture', 'new picture', 'Array of bead\nx/y pos', 'exp/ref array']
   primitive/other uid 16942  ['Picture']
   primitive/other uid 19333  ['floor(x/y)', 'x-y*floor(x/y)', 'y', 'x']
   primitive/other uid 19350  ['x = 0?', 'x']
   -- 22 nodes, 5 subVI calls, flags {'image': 3, 'serial / VISA': 1, 'UI-thread property access': 1}

written to G:\Codes\LabVIEW_Codes\MinLab\zz_LabView VI\AAA_UNIST\2. Tracking\V6_ParallelLoop\tools\bench\loop_contents.json
BGRUN END rc=0 after 1020s
