BGRUN START 2026-09-25 16:23:08 limit 5.0 min: py -u tools/bench/drive_m8.py --dry --leg s1 --picks 15 --run-s 120
[   0.1s] LabVIEW handles BEFORE 0
[   0.1s] reference patch: G:\Codes\LabVIEW_Codes\MinLab\zz_LabView VI\AAA_UNIST\2. Tracking\V6_ParallelLoop\tools\bench\ref_done_yes_button.png (exists=True)
[   0.1s] STEP 0 G0 motor gate --session start (BEFORE LabVIEW opens COM3/COM4) MOTOR    PASS exit=0; LIMITS TMN=0 TMX=39 SPA15=39 SPA30=0; (no REFSTATE); SESSION START OK (DRY)
[   0.1s] STEP 1 G1 md5(ORIGINAL) before      FILE     PASS 2a78e17c449cacdaf5da389818526859
[   0.1s] STEP 2 G2 the D0 copy exists (nothing copied, saved or deleted) FILE     PASS C:\Users\KimLab\AppData\Local\Temp\D1_s1_copy_run_20260925_162308.vi (474202 B) md5=3e3d23cefd3a334001aa9d6156bf1aee
[   0.1s] STEP 3 G3a apartment2 attach        COM      PASS DRY app ok
[   0.1s] STEP 4 G3b ORIGINAL resident READ-ONLY COM      PASS DRY preload ok
[   0.1s] STEP 5 G3c copy loads, idle, unblocked COM      PASS ExecState=1; VERDICT: CLEAR
[   0.1s] STEP 6 G4 panel parameters RECORDED (never set) VISERVER PASS 60 of 60 controls returned a value, 0 errors
[   0.1s] STEP 7 G5 panel window rect read LIVE (recorded; NO click is derived from it) GUI      PASS rect=(0, 0, 1920, 1080); v3's V6 rect (-6, 51, 1930, 1107) is printed for contrast only - v4's gate 7 compared these two and passed while the control positions differed
[   0.1s] STEP 17 run1.L7 dry                 DRY      PASS dry
[   0.1s] STEP 18 run1.L8 dry                 DRY      PASS dry
[   0.1s] STEP 19 run1.L9 dry                 DRY      PASS dry
[   0.1s] STEP 20 run1.L10 dry                DRY      PASS dry
[   0.1s] STEP 23 run1.L13 dry                DRY      PASS dry
[   0.1s] STEP 21 run1.L11 dry                DRY      PASS current image number over 35s: 100 .. 3000 (lost=0)
[   0.1s] LabVIEW handles AFTER 0 (before 0)
[   0.1s] cleanup: run folder 2 files / 1875 bytes; TIFFs deleted 0 / 0 bytes
[   0.1s] STEP 90 G90 md5(COPY) unchanged - RUN, never saved, never deleted FILE     PASS 3e3d23cefd3a334001aa9d6156bf1aee -> 3e3d23cefd3a334001aa9d6156bf1aee (exists=True)
[   0.1s] STEP 91 G91 md5(ORIGINAL) after     FILE     PASS 2a78e17c449cacdaf5da389818526859
[   0.1s] STEP 92 G92 LabVIEW exited before the motor port is touched PROC     PASS waited 0s; forced kill used=False; running now=False
[   0.1s] STEP 93 G93 post-run TMX? still 39  MOTOR    FAIL TMX?=None from "(no TMX line in the gate's output)"; gate exit=0; LIMITS TMN=0 TMX=39 SPA15=39 SPA30=0; (no REFSTATE)
[   0.1s] click records -> G:\Codes\LabVIEW_Codes\MinLab\zz_LabView VI\AAA_UNIST\2. Tracking\V6_ParallelLoop\tools\bench\m8_v5_s1_p15_r120_clicks.json

| step | method | result | detail |
|---|---|---|---|
| 0 G0 motor gate --session start (BEFORE LabVIEW opens COM3/COM4) | MOTOR | PASS | exit=0; LIMITS TMN=0 TMX=39 SPA15=39 SPA30=0; (no REFSTATE); SESSION START OK (DRY) |
| 1 G1 md5(ORIGINAL) before | FILE | PASS | 2a78e17c449cacdaf5da389818526859 |
| 2 G2 the D0 copy exists (nothing copied, saved or deleted) | FILE | PASS | C:\Users\KimLab\AppData\Local\Temp\D1_s1_copy_run_20260925_162308.vi (474202 B) md5=3e3d23cefd3a334001aa9d6156bf1aee |
| 3 G3a apartment2 attach | COM | PASS | DRY app ok |
| 4 G3b ORIGINAL resident READ-ONLY | COM | PASS | DRY preload ok |
| 5 G3c copy loads, idle, unblocked | COM | PASS | ExecState=1; VERDICT: CLEAR |
| 6 G4 panel parameters RECORDED (never set) | VISERVER | PASS | 60 of 60 controls returned a value, 0 errors |
| 7 G5 panel window rect read LIVE (recorded; NO click is derived from it) | GUI | PASS | rect=(0, 0, 1920, 1080); v3's V6 rect (-6, 51, 1930, 1107) is printed for contrast only - v4's gate 7 compared these two and passed while the control positions differed |
| 17 run1.L7 dry | DRY | PASS | dry |
| 18 run1.L8 dry | DRY | PASS | dry |
| 19 run1.L9 dry | DRY | PASS | dry |
| 20 run1.L10 dry | DRY | PASS | dry |
| 23 run1.L13 dry | DRY | PASS | dry |
| 21 run1.L11 dry | DRY | PASS | current image number over 35s: 100 .. 3000 (lost=0) |
| 90 G90 md5(COPY) unchanged - RUN, never saved, never deleted | FILE | PASS | 3e3d23cefd3a334001aa9d6156bf1aee -> 3e3d23cefd3a334001aa9d6156bf1aee (exists=True) |
| 91 G91 md5(ORIGINAL) after | FILE | PASS | 2a78e17c449cacdaf5da389818526859 |
| 92 G92 LabVIEW exited before the motor port is touched | PROC | PASS | waited 0s; forced kill used=False; running now=False |
| 93 G93 post-run TMX? still 39 | MOTOR | FAIL | TMX?=None from "(no TMX line in the gate's output)"; gate exit=0; LIMITS TMN=0 TMX=39 SPA15=39 SPA30=0; (no REFSTATE) |

LOCATED: {}

FACTS: {
 "handles_before": 0,
 "motor_start": {
  "rc": 0,
  "parsed": {
   "limits_lines": [
    "LIMITS TMN=0 TMX=39 SPA15=39 SPA30=0"
   ],
   "session_lines": [
    "SESSION START OK (DRY)"
   ]
  }
 },
 "md5_original_before": "2a78e17c449cacdaf5da389818526859",
 "md5_copy_before": "3e3d23cefd3a334001aa9d6156bf1aee",
 "handles_after_open": 0,
 "panel_rect": [
  0,
  0,
  1920,
  1080
 ],
 "frames_run1": [
  100,
  3000
 ],
 "stop_run1": {
  "mechanism": "VI SERVER SetControlValue (DRY)",
  "latency_s": 1.0
 },
 "handles_after": 0,
 "run_dir": {
  "path": "G:\\Codes\\LabVIEW_Codes\\MinLab\\zz_LabView VI\\AAA_UNIST\\2. Tracking\\V6_ParallelLoop\\tools\\bench\\m8_out\\s1_20260925_162308_dry",
  "files": 2,
  "bytes": 1875,
  "by_ext": {
   "<none>": [
    2,
    1875
   ]
  },
  "non_tiff": [
   "cal001 (1000 B)",
   "tra001-000 (875 B)"
  ]
 },
 "tiffs_deleted": {
  "count": 0,
  "bytes": 0
 },
 "md5_copy_after": "3e3d23cefd3a334001aa9d6156bf1aee",
 "md5_original_after": "2a78e17c449cacdaf5da389818526859",
 "motor_after": {
  "rc": 0,
  "tmx": null,
  "parsed": {
   "limits_lines": [
    "LIMITS TMN=0 TMX=39 SPA15=39 SPA30=0"
   ],
   "session_lines": [
    "SESSION START OK (DRY)"
   ]
  }
 },
 "gui_actions": 0,
 "located": {}
}
json: G:\Codes\LabVIEW_Codes\MinLab\zz_LabView VI\AAA_UNIST\2. Tracking\V6_ParallelLoop\tools\bench\m8_v5_s1_p15_r120_dry.json

=== D0 v5: 17 pass, 1 fail ===
FAILING: 93 G93 post-run TMX? still 39
GATE M1 run copy md5 == source                PASS
GATE M2 reached experiment loop               PASS
GATE M3 frames >= 2000                        PASS
GATE M4 stopped by the VI's own control       PASS
GATE M5 cal+tra written                       PASS
GATE M6 LabVIEW gone (tasklist)               PASS
GATE M7 bed md5 unchanged                     PASS
GATE M8 run copy deleted                      PASS
RESULT {"schema":"result-line/1","status":"PASS","gates":{"pass":8,"fail":0},"first_fail":null,"artefacts":[{"path":"tools\\bench\\m8_s1_p15_r120_dry.json","md5":"8666b60fcbb020bb1471b9a509b08ac8"}]}
BGRUN END rc=0 after 0s
