BGRUN START 2026-09-26 02:20:49 limit 5.0 min: py -u tools/bench/drive_m8_panelmin89.py --dry
backed up ['m8_s1_p15_r120_dry.json', 'm8_v5_s1_p15_r120_dry.json']
=== LEG leg1 ctl@15@90Hz start at 0.0 min; camera before: {"camera": "DRY", "hz": 90.0}
  | step | method | result | detail |
  |---|---|---|---|
  | 0 G0 motor gate --session start (BEFORE LabVIEW opens COM3/COM4) | MOTOR | PASS | exit=0; LIMITS TMN=0 TMX=39 SPA15=39 SPA30=0; (no REFSTATE); SESSION START OK (DRY) |
  | 1 G1 md5(ORIGINAL) before | FILE | PASS | 2a78e17c449cacdaf5da389818526859 |
  | 2 G2 the D0 copy exists (nothing copied, saved or deleted) | FILE | PASS | C:\Users\KimLab\AppData\Local\Temp\D1_s1_copy_run_20260926_022050.vi (474202 B) md5=3e3d23cefd3a334001aa9d6156bf1aee |
  | 3 G3a apartment2 attach | COM | PASS | DRY app ok |
  | 4 G3b ORIGINAL resident READ-ONLY | COM | PASS | DRY preload ok |
  | 5 G3c copy loads, idle, unblocked | COM | PASS | ExecState=1; VERDICT: CLEAR |
  | 6 G4 panel parameters RECORDED (never set) | VISERVER | PASS | 60 of 60 controls returned a value, 0 errors |
  | 7 G5 panel window rect read LIVE (recorded; NO click is derived from it) | GUI | PASS | rect=(0, 0, 1920, 1080); v3's V6 rect (-6, 51, 1930, 1107) is printed for contrast only - v4's gate 7 compared these two and passed while the control positions differed |
  | 17 run1.L7 dry | DRY | PASS | dry |
  | 18 run1.L8 dry | DRY | PASS | dry |
  | 19 run1.L9 dry | DRY | PASS | dry |
  | 20 run1.L10 dry | DRY | PASS | dry |
  | 23 run1.L13 dry | DRY | PASS | dry |
  | 21 run1.L11 dry | DRY | PASS | current image number over 120s: 100 .. 10900 (lost=0) |
  | 90 G90 md5(COPY) unchanged - RUN, never saved, never deleted | FILE | PASS | 3e3d23cefd3a334001aa9d6156bf1aee -> 3e3d23cefd3a334001aa9d6156bf1aee (exists=True) |
  | 91 G91 md5(ORIGINAL) after | FILE | PASS | 2a78e17c449cacdaf5da389818526859 |
  | 92 G92 LabVIEW exited before the motor port is touched | PROC | PASS | waited 0s; forced kill used=False; running now=False |
  | 93 G93 post-run TMX? still 39 | MOTOR | FAIL | TMX?=None from "(no TMX line in the gate's output)"; gate exit=0; LIMITS TMN=0 TMX=39 SPA15=39 SPA30=0; (no REFSTATE) |
  === D0 v5: 17 pass, 1 fail ===
  FAILING: 93 G93 post-run TMX? still 39
  GATE M1 run copy md5 == source                PASS
  GATE M2 reached experiment loop               PASS
  GATE M3 frames >= 2000                        PASS
  GATE M4 stopped by the VI's own control       PASS
  GATE M5 cal+tra written                       PASS
  GATE M6 LabVIEW gone (tasklist)               PASS
  GATE M7 bed md5 unchanged                     PASS
  GATE M8 run copy deleted                      PASS
  RESULT {"schema":"result-line/1","status":"PASS","gates":{"pass":8,"fail":0},"first_fail":null,"artefacts":[{"path":"tools\\bench\\m8_s1_p15_r120_dry.json","md5":"977cadf373a54b21a8433bdf4c6537b6"}]}
  GATE PM0 minimize point never reached (leg did not get to L9) PASS
  RESULT {"schema":"result-line/1","status":"PASS","gates":{"pass":2,"fail":0},"first_fail":null,"artefacts":[{"path":"tools\\bench\\m8_panelmin_89_ctl_pm.json","md5":"c3db455c5b55f2eee6979c1a0317f97d"}]}
ROW {"leg": "leg1 ctl@15@90Hz", "mode": "ctl", "vi": "C:\\Program Files\\National Instruments\\LabVIEW 2026\\user.lib\\claudeDev\\D1_s1_copy.vi", "hz_cell": 90, "picks": 15, "run_s": 120, "rc": 0, "secs": 0, "json": "tools/bench/m8_panelmin_89_leg1_dry.json", "camera_before": {"camera": "DRY", "hz": 90.0}, "camera_after": {"camera": "DRY", "hz": 90.0}, "reached_experiment_loop": true, "frames_delta": 10800, "measured_hz": 90.0, "lost_frames": "0", "pm_gates": {"PM0 minimize point never reached (leg did not get to L9)": true}, "pm_facts": {"mode": "ctl", "events": [], "frames_series": [100, 10900], "lost": "0"}, "tra_rows_header": {"tra001-000": 2968}, "tiffs": 0, "stop_latency_s": 1.0, "labview_exited": true, "picks_done": null, "motor_tmx_after": null, "gates": {"M1 run copy md5 == source": true, "M2 reached experiment loop": true, "M3 frames >= 2000": true, "M4 stopped by the VI's own control": true, "M5 cal+tra written": true, "M6 LabVIEW gone (tasklist)": true, "M7 bed md5 unchanged": true, "M8 run copy deleted": true}, "v5_failing": ["G93"]}
=== LEG leg2 min@15@90Hz start at 0.0 min; camera before: {"camera": "DRY", "hz": 90.0}
  | step | method | result | detail |
  |---|---|---|---|
  | 0 G0 motor gate --session start (BEFORE LabVIEW opens COM3/COM4) | MOTOR | PASS | exit=0; LIMITS TMN=0 TMX=39 SPA15=39 SPA30=0; (no REFSTATE); SESSION START OK (DRY) |
  | 1 G1 md5(ORIGINAL) before | FILE | PASS | 2a78e17c449cacdaf5da389818526859 |
  | 2 G2 the D0 copy exists (nothing copied, saved or deleted) | FILE | PASS | C:\Users\KimLab\AppData\Local\Temp\D1_s1_copy_run_20260926_022050.vi (474202 B) md5=3e3d23cefd3a334001aa9d6156bf1aee |
  | 3 G3a apartment2 attach | COM | PASS | DRY app ok |
  | 4 G3b ORIGINAL resident READ-ONLY | COM | PASS | DRY preload ok |
  | 5 G3c copy loads, idle, unblocked | COM | PASS | ExecState=1; VERDICT: CLEAR |
  | 6 G4 panel parameters RECORDED (never set) | VISERVER | PASS | 60 of 60 controls returned a value, 0 errors |
  | 7 G5 panel window rect read LIVE (recorded; NO click is derived from it) | GUI | PASS | rect=(0, 0, 1920, 1080); v3's V6 rect (-6, 51, 1930, 1107) is printed for contrast only - v4's gate 7 compared these two and passed while the control positions differed |
  | 17 run1.L7 dry | DRY | PASS | dry |
  | 18 run1.L8 dry | DRY | PASS | dry |
  | 19 run1.L9 dry | DRY | PASS | dry |
  | 20 run1.L10 dry | DRY | PASS | dry |
  | 23 run1.L13 dry | DRY | PASS | dry |
  | 21 run1.L11 dry | DRY | PASS | current image number over 120s: 100 .. 10900 (lost=0) |
  | 90 G90 md5(COPY) unchanged - RUN, never saved, never deleted | FILE | PASS | 3e3d23cefd3a334001aa9d6156bf1aee -> 3e3d23cefd3a334001aa9d6156bf1aee (exists=True) |
  | 91 G91 md5(ORIGINAL) after | FILE | PASS | 2a78e17c449cacdaf5da389818526859 |
  | 92 G92 LabVIEW exited before the motor port is touched | PROC | PASS | waited 0s; forced kill used=False; running now=False |
  | 93 G93 post-run TMX? still 39 | MOTOR | FAIL | TMX?=None from "(no TMX line in the gate's output)"; gate exit=0; LIMITS TMN=0 TMX=39 SPA15=39 SPA30=0; (no REFSTATE) |
  === D0 v5: 17 pass, 1 fail ===
  FAILING: 93 G93 post-run TMX? still 39
  GATE M1 run copy md5 == source                PASS
  GATE M2 reached experiment loop               PASS
  GATE M3 frames >= 2000                        PASS
  GATE M4 stopped by the VI's own control       PASS
  GATE M5 cal+tra written                       PASS
  GATE M6 LabVIEW gone (tasklist)               PASS
  GATE M7 bed md5 unchanged                     PASS
  GATE M8 run copy deleted                      PASS
  RESULT {"schema":"result-line/1","status":"PASS","gates":{"pass":8,"fail":0},"first_fail":null,"artefacts":[{"path":"tools\\bench\\m8_s1_p15_r120_dry.json","md5":"977cadf373a54b21a8433bdf4c6537b6"}]}
  GATE PM0 minimize point never reached (leg did not get to L9) PASS
  RESULT {"schema":"result-line/1","status":"PASS","gates":{"pass":2,"fail":0},"first_fail":null,"artefacts":[{"path":"tools\\bench\\m8_panelmin_89_min_pm.json","md5":"789a564679e6e9f5934a5cd96b20a34f"}]}
ROW {"leg": "leg2 min@15@90Hz", "mode": "min", "vi": "C:\\Program Files\\National Instruments\\LabVIEW 2026\\user.lib\\claudeDev\\D1_s1_copy.vi", "hz_cell": 90, "picks": 15, "run_s": 120, "rc": 0, "secs": 0, "json": "tools/bench/m8_panelmin_89_leg2_dry.json", "camera_before": {"camera": "DRY", "hz": 90.0}, "camera_after": {"camera": "DRY", "hz": 90.0}, "reached_experiment_loop": true, "frames_delta": 10800, "measured_hz": 90.0, "lost_frames": "0", "pm_gates": {"PM0 minimize point never reached (leg did not get to L9)": true}, "pm_facts": {"mode": "min", "events": [], "frames_series": [100, 10900], "lost": "0"}, "tra_rows_header": {"tra001-000": 2968}, "tiffs": 0, "stop_latency_s": 1.0, "labview_exited": true, "picks_done": null, "motor_tmx_after": null, "gates": {"M1 run copy md5 == source": true, "M2 reached experiment loop": true, "M3 frames >= 2000": true, "M4 stopped by the VI's own control": true, "M5 cal+tra written": true, "M6 LabVIEW gone (tasklist)": true, "M7 bed md5 unchanged": true, "M8 run copy deleted": true}, "v5_failing": ["G93"]}
camera restored: {"camera": "DRY", "hz": 90.0}
GATE T2 leg1 ctl@15@90Hz LabVIEW gone before start           PASS
GATE T4 leg1 ctl@15@90Hz camera 90 Hz before                 PASS
GATE T6 leg1 ctl@15@90Hz LabVIEW gone after                  PASS
GATE T1 leg1 ctl@15@90Hz leg rc 0                            PASS
GATE T3 leg1 ctl@15@90Hz 0 TIFFs                             PASS
GATE T5 leg1 ctl@15@90Hz frames/s within 15% of 90           PASS
GATE T2 leg2 min@15@90Hz LabVIEW gone before start           PASS
GATE T4 leg2 min@15@90Hz camera 90 Hz before                 PASS
GATE T6 leg2 min@15@90Hz LabVIEW gone after                  PASS
GATE T1 leg2 min@15@90Hz leg rc 0                            PASS
GATE T3 leg2 min@15@90Hz 0 TIFFs                             PASS
GATE T5 leg2 min@15@90Hz frames/s within 15% of 90           PASS
GATE T9 backed-up jsons restored                             PASS
GATE T7 camera restored to 90 Hz                             PASS
GATE T8 S1 + bed + kswap md5 unchanged                       PASS
RESULT {"schema":"result-line/1","status":"PASS","gates":{"pass":15,"fail":0},"first_fail":null,"artefacts":[{"path":"tools\\bench\\m8_panelmin_89_dry.json","md5":"c2963863e90c43112925a4e1d7b6d986"}]}
BGRUN END rc=0 after 1s
