BGRUN START 2026-09-26 08:11:51 limit 3.0 min: py -u tools/bench/diag_c92_m2.py --dry
PRELAUNCH readers: {'R1 tra rule on INDEX-51 leg == (True@8, False@7)': True, 'R2 lost reader on INDEX-51 leg == 144': True, "R3 capture reader on INDEX-51 leg == ['723452']": True}
=== LEG leg1 ctl@8 start at 0.0 min; camera before: {"camera": "DRY", "hz": 90.0}
ROW {"leg": "leg1 ctl@8", "mode": "ctl", "picks": 8, "attempt": 1, "rc": 0, "secs": 0, "dir": "tools\\bench\\t0_legs\\c92_unstamped8_20260926_081152_dry\\leg1_ctl_p8_a1", "camera_before": {"camera": "DRY", "hz": 90.0}, "camera_after": {"camera": "DRY", "hz": 90.0}, "lost_frames": 0, "frames_delta": null, "measured_hz": null, "picks_registered_tra": 8, "picks_registered_cal": null, "hwndCapture_nonzero": null, "hwndCapture_seq": null, "first_click": null, "bandpass_answered": null, "tra_header_points": null, "pm_gates": {}, "m8_gates": null, "v5_failing": null, "stop_latency_s": null, "motor_tmx_after": null, "tiffs": null, "source_md5": null, "registered_ok": true}
camera restored: {"camera": "DRY", "hz": 90.0}
GATE R1 tra rule on INDEX-51 leg == (True@8, False@7)        PASS
GATE R2 lost reader on INDEX-51 leg == 144                   PASS
GATE R3 capture reader on INDEX-51 leg == ['723452']         PASS
GATE T2 leg1 ctl@8 LabVIEW gone before start                 PASS
GATE T4 leg1 ctl@8 camera 90 Hz before                       PASS
GATE T6 leg1 ctl@8 LabVIEW gone after                        PASS
GATE T1 leg1 ctl@8 leg rc 0                                  PASS
GATE T3 leg1 ctl@8 0 TIFFs                                   PASS
GATE T5 leg1 ctl@8 frames/s within 15% of 90                 PASS
GATE T12 registered picks == 8 (<= 1 rerun)                  PASS
GATE T7 camera restored to 90 Hz                             PASS
GATE T8 S1 + bed + kswap + t0 md5 unchanged                  PASS
GATE T13 table written                                       PASS
SUMMARY {"leg1 ctl@8": {"lost": 0, "reg": 8, "cap": null, "first_click_capture": null}}
RESULT {"schema":"result-line/1","status":"PASS","gates":{"pass":13,"fail":0},"first_fail":null,"artefacts":[{"path":"tools\\bench\\m8_unstamped8_92_dry.json","md5":"096c4e9ea73f89510eabf102dc058041"}]}
BGRUN END rc=0 after 1s
