BGRUN START 2026-09-25 02:40:20 limit 5.0 min: py -u tools/bench/diag_m8b_grab_consumers.py
  PASS  P3a S3 table is a read of the card's S3 md5  ('1a11d92aacabf7ec844d65b8af19f39f', '1a11d92aacabf7ec844d65b8af19f39f')
  PASS  P1 D1_s1_copy: #15403 IMAQdx Grab 'Image Out' present  ['15403|Terminal|Image Out|0']
  FACT  D1_s1_copy t15412: 2 first consumers: [(15442, 'SubVI', 'IMAQ ImageToArray', 15463, 'Image', 0), (20436, 'SubVI', 'IMAQ Create', 20445, 'Image Name', 8)]
  FACT  D1_s1_copy grab #15403 input t15436 'Image In' <- creator #13938 SubVI IMAQ Create t13941; ref receivers [(15403, 'NI_Vision_Acquisition_Software.lvlib:IMAQdx Grab.vi', 'Image In')]
  PASS  P1 D1_s1_copy: #22692 IMAQdx Get Image 'Image Out' present  ['22692|Terminal|Image Out|0']
  FACT  D1_s1_copy t22701: 0 first consumers: []
  FACT  D1_s1_copy grab #22692 input t22725 'Image In' <- creator #20436 SubVI IMAQ Create t20439; ref receivers [(22692, 'NI_Vision_Acquisition_Software.lvlib:IMAQdx Get Image.vi', 'Image In')]
  PASS  P1 D1_s3_loop15: #15403 IMAQdx Grab 'Image Out' present  ['15403|Terminal|Image Out|0']
  FACT  D1_s3_loop15 t15412: 2 first consumers: [(15442, 'SubVI', 'IMAQ ImageToArray', 15463, 'Image', 0), (20436, 'SubVI', 'IMAQ Create', 20445, 'Image Name', 8)]
  FACT  D1_s3_loop15 grab #15403 input t15436 'Image In' <- creator #13938 SubVI IMAQ Create t13941; ref receivers [(15403, 'NI_Vision_Acquisition_Software.lvlib:IMAQdx Grab.vi', 'Image In')]
  PASS  P1 D1_s3_loop15: #22692 IMAQdx Get Image 'Image Out' present  ['22692|Terminal|Image Out|0']
  FACT  D1_s3_loop15 t22701: 0 first consumers: []
  FACT  D1_s3_loop15 grab #22692 input t22725 'Image In' <- creator #20436 SubVI IMAQ Create t20439; ref receivers [(22692, 'NI_Vision_Acquisition_Software.lvlib:IMAQdx Get Image.vi', 'Image In')]
  PASS  P2 S1 t15412 reaches #15442 t15463 and LoopTunnel #15188  [(15442, 15463), (20436, 20445), 14946, 15188, 19598, 32955]
  PASS  P3b S3 md5 unchanged at end  1a11d92aacabf7ec844d65b8af19f39f
  FACT  wrote G:\Codes\LabVIEW_Codes\MinLab\zz_LabView VI\AAA_UNIST\2. Tracking\V6_ParallelLoop\tools\bench\m8b_grab_consumers_75.json (103.3 KB) md5 f013ccebd09ab2c0f4f237b4948846f0
RESULT {"schema":"result-line/1","status":"PASS","gates":{"pass":7,"fail":0},"first_fail":null,"artefacts":[{"path":"tools/bench/m8b_grab_consumers_75.json","md5":"f013ccebd09ab2c0f4f237b4948846f0"}]}
BGRUN END rc=0 after 1s
BGRUN START 2026-09-25 02:41:29 limit 5.0 min: py -u tools/bench/diag_m8b_grab_consumers.py
  PASS  P3a S3 table is a read of the card's S3 md5  ('1a11d92aacabf7ec844d65b8af19f39f', '1a11d92aacabf7ec844d65b8af19f39f')
  PASS  P1 D1_s1_copy: #15403 IMAQdx Grab 'Image Out' present  ['15403|Terminal|Image Out|0']
  FACT  D1_s1_copy t15412: 2 first consumers: [(15442, 'SubVI', 'IMAQ ImageToArray', 15463, 'Image', 0, ''), (20436, 'SubVI', 'IMAQ Create', 20445, 'Image Name', 8, '')]
  FACT  D1_s1_copy grab #15403 input t15436 'Image In' <- creator #13938 SubVI IMAQ Create t13941; ref receivers [(15403, 'NI_Vision_Acquisition_Software.lvlib:IMAQdx Grab.vi', 'Image In')]
  PASS  P1 D1_s1_copy: #22692 IMAQdx Get Image 'Image Out' present  ['22692|Terminal|Image Out|0']
  FACT  D1_s1_copy t22701: 1 first consumers: [(22650, 'Diagram', None, 22656, 'Image Out', 0, 'DEAD-END')]
  FACT  D1_s1_copy t22701 dead-end #22656 -> same-structure Diagram terminal t22659 'Image Out' src=True frame 22780: [(24656, 'SubVI', 'calibration- generate 2 I of r, reentrant.vi', 'Image'), (24815, 'SubVI', 'calibration- generate 1 I of r, reentrant.vi', 'Image'), (24170, 'SubVI', 'calibration- generate 2 I of r, reentrant.vi', 'Image'), (23812, 'SubVI', 'calibration- generate 1 I of r, reentrant.vi', 'Image'), (23119, 'SubVI', 'calibration- generate 2 I of r, reentrant.vi', 'Image'), (23278, 'SubVI', 'calibration- generate 2 I of r, reentrant.vi', 'Image')]
  FACT  D1_s1_copy grab #22692 input t22725 'Image In' <- creator #20436 SubVI IMAQ Create t20439; ref receivers [(22692, 'NI_Vision_Acquisition_Software.lvlib:IMAQdx Get Image.vi', 'Image In'), (34982, None, 'IMAQimage')]
  PASS  P1 D1_s3_loop15: #15403 IMAQdx Grab 'Image Out' present  ['15403|Terminal|Image Out|0']
  FACT  D1_s3_loop15 t15412: 2 first consumers: [(15442, 'SubVI', 'IMAQ ImageToArray', 15463, 'Image', 0, ''), (20436, 'SubVI', 'IMAQ Create', 20445, 'Image Name', 8, '')]
  FACT  D1_s3_loop15 grab #15403 input t15436 'Image In' <- creator #13938 SubVI IMAQ Create t13941; ref receivers [(15403, 'NI_Vision_Acquisition_Software.lvlib:IMAQdx Grab.vi', 'Image In')]
  PASS  P1 D1_s3_loop15: #22692 IMAQdx Get Image 'Image Out' present  ['22692|Terminal|Image Out|0']
  FACT  D1_s3_loop15 t22701: 1 first consumers: [(22650, 'Diagram', None, 22656, 'Image Out', 0, 'DEAD-END')]
  FACT  D1_s3_loop15 t22701 dead-end #22656 -> same-structure Diagram terminal t22659 'Image Out' src=True frame 22780: [(24656, 'SubVI', 'calibration- generate 2 I of r, reentrant.vi', 'Image'), (24815, 'SubVI', 'calibration- generate 1 I of r, reentrant.vi', 'Image'), (24170, 'SubVI', 'calibration- generate 2 I of r, reentrant.vi', 'Image'), (23812, 'SubVI', 'calibration- generate 1 I of r, reentrant.vi', 'Image'), (23119, 'SubVI', 'calibration- generate 2 I of r, reentrant.vi', 'Image'), (23278, 'SubVI', 'calibration- generate 2 I of r, reentrant.vi', 'Image')]
  FACT  D1_s3_loop15 grab #22692 input t22725 'Image In' <- creator #20436 SubVI IMAQ Create t20439; ref receivers [(22692, 'NI_Vision_Acquisition_Software.lvlib:IMAQdx Get Image.vi', 'Image In'), (34982, None, 'IMAQimage')]
  PASS  P2 S1 t15412 reaches #15442 t15463 and LoopTunnel #15188  [(15442, 15463), (20436, 20445), 14946, 15188, 19598, 32955]
  PASS  P3b S3 md5 unchanged at end  1a11d92aacabf7ec844d65b8af19f39f
  FACT  wrote G:\Codes\LabVIEW_Codes\MinLab\zz_LabView VI\AAA_UNIST\2. Tracking\V6_ParallelLoop\tools\bench\m8b_grab_consumers_75.json (400.8 KB) md5 7c09155e57d0afefde1e65d7076100c6
RESULT {"schema":"result-line/1","status":"PASS","gates":{"pass":7,"fail":0},"first_fail":null,"artefacts":[{"path":"tools/bench/m8b_grab_consumers_75.json","md5":"7c09155e57d0afefde1e65d7076100c6"}]}
BGRUN END rc=0 after 2s
BGRUN START 2026-09-25 02:41:54 limit 5.0 min: py -u tools/bench/diag_m8b_grab_consumers.py
  PASS  P3a S3 table is a read of the card's S3 md5  ('1a11d92aacabf7ec844d65b8af19f39f', '1a11d92aacabf7ec844d65b8af19f39f')
  PASS  P1 D1_s1_copy: #15403 IMAQdx Grab 'Image Out' present  ['15403|Terminal|Image Out|0']
  FACT  D1_s1_copy t15412: 2 first consumers: [(15442, 'SubVI', 'IMAQ ImageToArray', 15463, 'Image', 0, ''), (20436, 'SubVI', 'IMAQ Create', 20445, 'Image Name', 8, '')]
  FACT  D1_s1_copy t15412 -> #15442 t15463 chain: wire:#15442SubVI t15463 'Image' w19462 d15266
  FACT  D1_s1_copy t15412 -> #20436 t20445 chain: wire:#15188LoopTunnel t15190 'Image Out' w19462 d15266 > thru:#15188LoopTunnel t15187 'Image Out' w19567 d15041 > wire:#14946FlatSequenceInnerTunnel t14945 'Image Out' w19567 d15041 > fs:#14946FlatSequenceInnerTunnel t14948 'Image Out' w19813 d19687 > wire:#19598FlatSequenceInnerTunnel t19597 'Image Out' w19813 d19687 > fs:#19598FlatSequenceInnerTunnel t19600 'Image Out' w20108 d19887 > wire:#32955FlatSequenceInnerTunnel t32971 'Image Out' w20108 d19887 > fs:#32955FlatSequenceInnerTunnel t32957 'Image Out' w32944 d20261 > wire:#20436SubVI t20445 'Image Name' w32944 d20261
  FACT  D1_s1_copy grab #15403 input t15436 'Image In' <- creator #13938 SubVI IMAQ Create t13941; ref receivers [(15403, 'NI_Vision_Acquisition_Software.lvlib:IMAQdx Grab.vi', 'Image In')]
  PASS  P1 D1_s1_copy: #22692 IMAQdx Get Image 'Image Out' present  ['22692|Terminal|Image Out|0']
  FACT  D1_s1_copy t22701: 1 first consumers: [(22650, 'Diagram', None, 22656, 'Image Out', 0, 'DEAD-END')]
  FACT  D1_s1_copy t22701 -> #22650 t22656 chain: wire:#22650Diagram t22656 'Image Out' w22756 d22650
  FACT  D1_s1_copy t22701 dead-end #22656 -> same-structure Diagram terminal t22659 'Image Out' src=True frame 22780: [(24656, 'SubVI', 'calibration- generate 2 I of r, reentrant.vi', 'Image'), (24815, 'SubVI', 'calibration- generate 1 I of r, reentrant.vi', 'Image'), (24170, 'SubVI', 'calibration- generate 2 I of r, reentrant.vi', 'Image'), (23812, 'SubVI', 'calibration- generate 1 I of r, reentrant.vi', 'Image'), (23119, 'SubVI', 'calibration- generate 2 I of r, reentrant.vi', 'Image'), (23278, 'SubVI', 'calibration- generate 2 I of r, reentrant.vi', 'Image')]
  FACT  D1_s1_copy grab #22692 input t22725 'Image In' <- creator #20436 SubVI IMAQ Create t20439; ref receivers [(22692, 'NI_Vision_Acquisition_Software.lvlib:IMAQdx Get Image.vi', 'Image In'), (34982, None, 'IMAQimage')]
  PASS  P1 D1_s3_loop15: #15403 IMAQdx Grab 'Image Out' present  ['15403|Terminal|Image Out|0']
  FACT  D1_s3_loop15 t15412: 2 first consumers: [(15442, 'SubVI', 'IMAQ ImageToArray', 15463, 'Image', 0, ''), (20436, 'SubVI', 'IMAQ Create', 20445, 'Image Name', 8, '')]
  FACT  D1_s3_loop15 t15412 -> #15442 t15463 chain: wire:#15442SubVI t15463 'Image' w19462 d15266
  FACT  D1_s3_loop15 t15412 -> #20436 t20445 chain: wire:#15188LoopTunnel t15190 'Image Out' w19462 d15266 > thru:#15188LoopTunnel t15187 'Image Out' w19567 d15041 > wire:#14946FlatSequenceInnerTunnel t14945 'Image Out' w19567 d15041 > fs:#14946FlatSequenceInnerTunnel t14948 'Image Out' w19813 d19687 > wire:#19598FlatSequenceInnerTunnel t19597 'Image Out' w19813 d19687 > fs:#19598FlatSequenceInnerTunnel t19600 'Image Out' w20108 d19887 > wire:#32955FlatSequenceInnerTunnel t32971 'Image Out' w20108 d19887 > fs:#32955FlatSequenceInnerTunnel t32957 'Image Out' w32944 d20261 > wire:#20436SubVI t20445 'Image Name' w32944 d20261
  FACT  D1_s3_loop15 grab #15403 input t15436 'Image In' <- creator #13938 SubVI IMAQ Create t13941; ref receivers [(15403, 'NI_Vision_Acquisition_Software.lvlib:IMAQdx Grab.vi', 'Image In')]
  PASS  P1 D1_s3_loop15: #22692 IMAQdx Get Image 'Image Out' present  ['22692|Terminal|Image Out|0']
  FACT  D1_s3_loop15 t22701: 1 first consumers: [(22650, 'Diagram', None, 22656, 'Image Out', 0, 'DEAD-END')]
  FACT  D1_s3_loop15 t22701 -> #22650 t22656 chain: wire:#22650Diagram t22656 'Image Out' w22756 d22650
  FACT  D1_s3_loop15 t22701 dead-end #22656 -> same-structure Diagram terminal t22659 'Image Out' src=True frame 22780: [(24656, 'SubVI', 'calibration- generate 2 I of r, reentrant.vi', 'Image'), (24815, 'SubVI', 'calibration- generate 1 I of r, reentrant.vi', 'Image'), (24170, 'SubVI', 'calibration- generate 2 I of r, reentrant.vi', 'Image'), (23812, 'SubVI', 'calibration- generate 1 I of r, reentrant.vi', 'Image'), (23119, 'SubVI', 'calibration- generate 2 I of r, reentrant.vi', 'Image'), (23278, 'SubVI', 'calibration- generate 2 I of r, reentrant.vi', 'Image')]
  FACT  D1_s3_loop15 grab #22692 input t22725 'Image In' <- creator #20436 SubVI IMAQ Create t20439; ref receivers [(22692, 'NI_Vision_Acquisition_Software.lvlib:IMAQdx Get Image.vi', 'Image In'), (34982, None, 'IMAQimage')]
  PASS  P2 S1 t15412 reaches #15442 t15463 and LoopTunnel #15188  [(15442, 15463), (20436, 20445), 14946, 15188, 19598, 32955]
  PASS  P3b S3 md5 unchanged at end  1a11d92aacabf7ec844d65b8af19f39f
  FACT  wrote G:\Codes\LabVIEW_Codes\MinLab\zz_LabView VI\AAA_UNIST\2. Tracking\V6_ParallelLoop\tools\bench\m8b_grab_consumers_75.json (400.8 KB) md5 7c09155e57d0afefde1e65d7076100c6
RESULT {"schema":"result-line/1","status":"PASS","gates":{"pass":7,"fail":0},"first_fail":null,"artefacts":[{"path":"tools/bench/m8b_grab_consumers_75.json","md5":"7c09155e57d0afefde1e65d7076100c6"}]}
BGRUN END rc=0 after 2s
BGRUN START 2026-09-25 02:44:22 limit 5.0 min: py -u tools/bench/diag_m8b_grab_consumers.py
  PASS  P3a S3 table is a read of the card's S3 md5  ('1a11d92aacabf7ec844d65b8af19f39f', '1a11d92aacabf7ec844d65b8af19f39f')
  PASS  P1 D1_s1_copy: #15403 IMAQdx Grab 'Image Out' present  ['15403|Terminal|Image Out|0']
  FACT  D1_s1_copy t15412 -> #15442 IMAQ ImageToArray t15463 | chain wire:#15442SubVI t15463 'Image' w19462 d15266 | structs [(15266, 'WhileLoop', 15173), (15041, 'FlatSequenceFrame', 12938), (536, '', None)]
  FACT  D1_s1_copy t15412 -> #20436 IMAQ Create t20445 | chain wire:#15188LoopTunnel t15190 'Image Out' w19462 d15266 > thru:#15188LoopTunnel t15187 'Image Out' w19567 d15041 > wire:#14946FlatSequenceInnerTunnel t14945 'Image Out' w19567 d15041 > fs:#14946FlatSequenceInnerTunnel t14948 'Image Out' w19813 d19687 > wire:#19598FlatSequenceInnerTunnel t19597 'Image Out' w19813 d19687 > fs:#19598FlatSequenceInnerTunnel t19600 'Image Out' w20108 d19887 > wire:#32955FlatSequenceInnerTunnel t32971 'Image Out' w20108 d19887 > fs:#32955FlatSequenceInnerTunnel t32957 'Image Out' w32944 d20261 > wire:#20436SubVI t20445 'Image Name' w32944 d20261 | structs [(20261, 'FlatSequenceFrame', 12938), (536, '', None)]
  FACT  D1_s1_copy grab #15403 'Image In' <- creator #13938 IMAQ Create t13941; ref receivers [(15403, 'SubVI', 'NI_Vision_Acquisition_Software.lvlib:IMAQdx Grab.vi', 'Image In')]
  PASS  P1 D1_s1_copy: #22692 IMAQdx Get Image 'Image Out' present  ['22692|Terminal|Image Out|0']
  FACT  D1_s1_copy t22701 -> #22650 None t22656 DEAD-END | chain wire:#22650Diagram t22656 'Image Out' w22756 d22650 | structs [(22650, 'Sequence', 22541), (22532, 'ForLoop', 22433), (22427, 'Sequence', 21590), (21577, 'ForLoop', 21305), (21134, 'FlatSequenceFrame', 12938), (536, '', None)]
  FACT  D1_s1_copy   dead-end -> Diagram terminal t22659 'Image Out' src=True d22780: [(24656, 'calibration- generate 2 I of r, reentrant.vi', 'Image', 24449), (24815, 'calibration- generate 1 I of r, reentrant.vi', 'Image', 24449), (24170, 'calibration- generate 2 I of r, reentrant.vi', 'Image', 24013), (23812, 'calibration- generate 1 I of r, reentrant.vi', 'Image', 23729), (23119, 'calibration- generate 2 I of r, reentrant.vi', 'Image', 22847), (23278, 'calibration- generate 2 I of r, reentrant.vi', 'Image', 22847)]
  FACT  D1_s1_copy grab #22692 'Image In' <- creator #20436 IMAQ Create t20439; ref receivers [(22692, 'SubVI', 'NI_Vision_Acquisition_Software.lvlib:IMAQdx Get Image.vi', 'Image In'), (34982, 'ControlTerminal', None, 'IMAQimage')]
  PASS  P1 D1_s3_loop15: #15403 IMAQdx Grab 'Image Out' present  ['15403|Terminal|Image Out|0']
  FACT  D1_s3_loop15 t15412 -> #15442 IMAQ ImageToArray t15463 | chain wire:#15442SubVI t15463 'Image' w19462 d15266 | structs [(15266, 'WhileLoop', 15173), (15041, 'FlatSequenceFrame', 12938), (536, '', None)]
  FACT  D1_s3_loop15 t15412 -> #20436 IMAQ Create t20445 | chain wire:#15188LoopTunnel t15190 'Image Out' w19462 d15266 > thru:#15188LoopTunnel t15187 'Image Out' w19567 d15041 > wire:#14946FlatSequenceInnerTunnel t14945 'Image Out' w19567 d15041 > fs:#14946FlatSequenceInnerTunnel t14948 'Image Out' w19813 d19687 > wire:#19598FlatSequenceInnerTunnel t19597 'Image Out' w19813 d19687 > fs:#19598FlatSequenceInnerTunnel t19600 'Image Out' w20108 d19887 > wire:#32955FlatSequenceInnerTunnel t32971 'Image Out' w20108 d19887 > fs:#32955FlatSequenceInnerTunnel t32957 'Image Out' w32944 d20261 > wire:#20436SubVI t20445 'Image Name' w32944 d20261 | structs [(20261, 'FlatSequenceFrame', 12938), (536, '', None)]
  FACT  D1_s3_loop15 grab #15403 'Image In' <- creator #13938 IMAQ Create t13941; ref receivers [(15403, 'SubVI', 'NI_Vision_Acquisition_Software.lvlib:IMAQdx Grab.vi', 'Image In')]
  PASS  P1 D1_s3_loop15: #22692 IMAQdx Get Image 'Image Out' present  ['22692|Terminal|Image Out|0']
  FACT  D1_s3_loop15 t22701 -> #22650 None t22656 DEAD-END | chain wire:#22650Diagram t22656 'Image Out' w22756 d22650 | structs [(22650, 'Sequence', 22541), (22532, 'ForLoop', 22433), (22427, 'Sequence', 21590), (21577, 'ForLoop', 21305), (21134, 'FlatSequenceFrame', 12938), (536, '', None)]
  FACT  D1_s3_loop15   dead-end -> Diagram terminal t22659 'Image Out' src=True d22780: [(24656, 'calibration- generate 2 I of r, reentrant.vi', 'Image', 24449), (24815, 'calibration- generate 1 I of r, reentrant.vi', 'Image', 24449), (24170, 'calibration- generate 2 I of r, reentrant.vi', 'Image', 24013), (23812, 'calibration- generate 1 I of r, reentrant.vi', 'Image', 23729), (23119, 'calibration- generate 2 I of r, reentrant.vi', 'Image', 22847), (23278, 'calibration- generate 2 I of r, reentrant.vi', 'Image', 22847)]
  FACT  D1_s3_loop15 grab #22692 'Image In' <- creator #20436 IMAQ Create t20439; ref receivers [(22692, 'SubVI', 'NI_Vision_Acquisition_Software.lvlib:IMAQdx Get Image.vi', 'Image In'), (34982, 'ControlTerminal', None, 'IMAQimage')]
  PASS  P2 S1 t15412 reaches #15442 t15463 and LoopTunnel #15188  [(15442, 15463), (20436, 20445), 14946, 15188, 19598, 32955]
  PASS  P3b S3 md5 unchanged at end  1a11d92aacabf7ec844d65b8af19f39f
  FACT  wrote G:\Codes\LabVIEW_Codes\MinLab\zz_LabView VI\AAA_UNIST\2. Tracking\V6_ParallelLoop\tools\bench\m8b_grab_consumers_75.json (533.7 KB) md5 6b90229bdf3ed7c420f57bbf6af939e8
RESULT {"schema":"result-line/1","status":"PASS","gates":{"pass":7,"fail":0},"first_fail":null,"artefacts":[{"path":"tools/bench/m8b_grab_consumers_75.json","md5":"6b90229bdf3ed7c420f57bbf6af939e8"}]}
BGRUN END rc=0 after 2s
