BGRUN START 2026-09-25 23:22:34 limit 40.0 min: py -u tools\bench\meter_l2a1_86d.py
meter_l2a1_86d - card 86-3: the separator of archive/peer/2026-09-25-hyp-meter86c-err2.md:98-107. FRESH LabVIEW, D1_k
scratch, ops 1-40 with the per-op whole-VI reads SKIPPED, ONE step_44 check (a real read + compare), then op 41 (act 45) +
ONE whole-VI read + R41 uid read-back; if clean, op 42 + its read (R42), then the ordered 2nd pass. No save.
PRIOR ART: meter_l2a1_86c.py (readback, RB - imported), stagexec.Executor.run reused whole; be.read/connect/wire_sr and
SX.compare are wrapped IN MEMORY (stagexec.py untouched). SKIP POLICY: real reads only after add_sr/tunnel (bind_new), op 40
(= step_44 check), ops 41/42; other reads return the last real read, compare skipped. An ADDRESSING ExecStop on a stale read
(no 'op error' = pre-mutation) gets one fresh read + one retry; a silent misroute is caught by the whole-graph step_44 check.
PREDICTION CONTRACT: C1 ops 1-40 ran (skips/retries counted) · C2 step_44 diff reported (want 0) · M MB+handles at load/op40/
check/op41/read41 · E2 error 2 at read41 yes/no (a RESULT) · R41/R42 sole source face, sole sink by uid #5082/#5164 ·
S41/S42 2nd pass wire_delta 0, Is Broken? False · H D1_k md5, scratch gone, LV gone.
    py tools/bgrun.py --material --max-min 40 --log tools/bench/meter_l2a1_86d.log -- py -u tools/bench/meter_l2a1_86d.py

---------- [0] FILES ONLY - the input's md5, the pins, the claudeDev listing
  FACT  claudeDev holds 257 .vi file(s) BEFORE the run
  PASS  K1 input md5 == 6cf5b0777aafa12112d8a786a9eed1ed  got 6cf5b0777aafa12112d8a786a9eed1ed
  FACT  PIN BEFORE ORIGINAL         2a78e17c449cacdaf5da389818526859  (want 2a78e17c449cacdaf5da389818526859) OK
  FACT  PIN BEFORE S1 D1_s1_copy    3e3d23cefd3a334001aa9d6156bf1aee  (want 3e3d23cefd3a334001aa9d6156bf1aee) OK
  FACT  PIN BEFORE S2 D1_s2_loops   6ff19497f2309e007a214660bb64b911  (want 6ff19497f2309e007a214660bb64b911) OK
  FACT  PIN BEFORE ROW2 bed         26c54ff784cb5cea21edbd214d2cc3a0  (want 26c54ff784cb5cea21edbd214d2cc3a0) OK
  FACT  PIN BEFORE M3a-2            3842f5e6f128226235dc78353f26ef44  (want 3842f5e6f128226235dc78353f26ef44) OK
  PASS  K2 the ORIGINAL's md5 is 2a78e17c449cacdaf5da389818526859  got 2a78e17c449cacdaf5da389818526859 at G:\Codes\LabVIEW_Codes\MinLab\zz_LabView VI\AAA_UNIST\2. Tracking\Min_Track N beads V6_ParallelLoop.vi

---------- [1] RESTART LabVIEW (standing authority; fresh ~31,500 handles)
  FACT  LabVIEW handle count BEFORE the restart: 0
  FACT  LabVIEW handle count AFTER the restart: 33988

---------- [2] THE DATED WORK COPY under claudeDev - the input is never opened for writing
  PASS  K3 the work copy is byte-identical to the input  D1_k_scratch_meter86d_20260925_232234.vi
  FACT  ExecState [after open] D1_k_scratch_meter86d_20260925_232234.vi = 0
  FACT  THE WORK COPY IS A SCRATCH: this stage saves nothing, so D1_k_scratch_meter86d_20260925_232234.vi is deleted at close
  METER start  k   0  private 569.8 MB (d -)  handles 45632 (d -)
  METER read   k   0  private 578.0 MB (d +8.2)  handles 45724 (d +92)
  STEPX 00 base read vs step_00: diff 0
  PARITY 3 touched diagram(s) [639, 686, 23166]: one-side-only Nodes[] entries 0
  PRIME 17 terminal indexes proved at base; 4 ControlTerminal end(s) by 179(b); unprovable []
  METER pre    k   1  private 560.6 MB (d -17.4)  handles 45780 (d +56)
  FACT  move_in node census: 635 rows
  FACT  OP move_in #5540 -> Diagram[21] at (3771, 1033) -> err '' (0.1 s)
  FACT  move_in #5540 AFTER node census: 636 rows
  FACT  move_in #5540 CENSUS DIFF: Node 635 -> 636 ; 1 new uid(s): [(24354, 'Invoke', (4593, 5723))]
  FACT  move_in #5540 new #24354 #24354 lives at: {'diagram_index': 21, 'diagram_uid': 23166, 'diagram_class': 'Diagram', 'nodes_index': 3, 'nodes_on_diagram': 4, 'label': 'Invoke Node'}  (22 diagram(s) scanned of 173, 0.8 s)
  FACT  move_in #5540 new #24354 terminal table of #24354 (Diagram idx 21, Nodes[3], echo 24354): 6 terminal(s)
  FACT      move_in #5540 new #24354 t0  'reference'                        is_source=False wire=0       errs=[0, 0, 0, 1055]
  FACT      move_in #5540 new #24354 t1  'reference out'                    is_source=True  wire=0       errs=[0, 0, 0, 1055]
  FACT      move_in #5540 new #24354 t2  'error in (no error)'              is_source=False wire=0       errs=[0, 0, 0, 1055]
  FACT      move_in #5540 new #24354 t3  'error out'                        is_source=True  wire=0       errs=[0, 0, 0, 1055]
  FACT      move_in #5540 new #24354 t4  'Method'                           is_source=False wire=0       errs=[0, 0, 0, 1055]
  FACT      move_in #5540 new #24354 t5  'Method'                           is_source=True  wire=0       errs=[0, 0, 0, 1055]
  FACT  move_in #5540 the junk node's FULL terminal table is printed above; 6 terminal(s), 0 WIRED - the purge precondition (ZERO wired) HOLDS
  FACT  move_in #5540 purge delete Node #24354 at index 98: gone [24354], error '', census 636 -> 635, still present False (1.24 s)
  FACT  move_in #5540 AFTER THE PURGE node census: 635 rows
  FACT  move_in #5540 purge arithmetic: Node 635 -> 636 -> 635
  METER op     k   1  private 561.3 MB (d +0.7)  handles 45878 (d +98)
  METER read   k   1  private 561.3 MB (d +0.0)  handles 45878 (d +0)
  STEPX 01 move_in        acts [1] ids ['mv_5540'] bound {} diff 0
  METER pre    k   2  private 561.3 MB (d +0.0)  handles 45878 (d +0)
  FACT  move_in node census: 635 rows
  FACT  OP move_in #9647 -> Diagram[21] at (3204, 995) -> err '' (0.1 s)
  FACT  move_in #9647 AFTER node census: 636 rows
  FACT  move_in #9647 CENSUS DIFF: Node 635 -> 636 ; 1 new uid(s): [(9363, 'Invoke', (4593, 5723))]
  FACT  move_in #9647 new #9363 #9363 lives at: {'diagram_index': 21, 'diagram_uid': 23166, 'diagram_class': 'Diagram', 'nodes_index': 4, 'nodes_on_diagram': 5, 'label': 'Invoke Node'}  (22 diagram(s) scanned of 173, 0.8 s)
  FACT  move_in #9647 new #9363 terminal table of #9363 (Diagram idx 21, Nodes[4], echo 9363): 6 terminal(s)
  FACT      move_in #9647 new #9363 t0  'reference'                        is_source=False wire=0       errs=[0, 0, 0, 1055]
  FACT      move_in #9647 new #9363 t1  'reference out'                    is_source=True  wire=0       errs=[0, 0, 0, 1055]
  FACT      move_in #9647 new #9363 t2  'error in (no error)'              is_source=False wire=0       errs=[0, 0, 0, 1055]
  FACT      move_in #9647 new #9363 t3  'error out'                        is_source=True  wire=0       errs=[0, 0, 0, 1055]
  FACT      move_in #9647 new #9363 t4  'Method'                           is_source=False wire=0       errs=[0, 0, 0, 1055]
  FACT      move_in #9647 new #9363 t5  'Method'                           is_source=True  wire=0       errs=[0, 0, 0, 1055]
  FACT  move_in #9647 the junk node's FULL terminal table is printed above; 6 terminal(s), 0 WIRED - the purge precondition (ZERO wired) HOLDS
  FACT  move_in #9647 purge delete Node #9363 at index 98: gone [9363], error '', census 636 -> 635, still present False (1.23 s)
  FACT  move_in #9647 AFTER THE PURGE node census: 635 rows
  FACT  move_in #9647 purge arithmetic: Node 635 -> 636 -> 635
  METER op     k   2  private 561.6 MB (d +0.3)  handles 45878 (d +0)
  METER read   k   2  private 561.6 MB (d +0.0)  handles 45881 (d +3)
  STEPX 02 move_in        acts [2] ids ['mv_9647'] bound {} diff 0
  METER pre    k   3  private 561.6 MB (d +0.0)  handles 45881 (d +0)
  FACT  move_in node census: 635 rows
  FACT  OP move_in #10247 -> Diagram[21] at (3626, 1023) -> err '' (0.1 s)
  FACT  move_in #10247 AFTER node census: 636 rows
  FACT  move_in #10247 CENSUS DIFF: Node 635 -> 636 ; 1 new uid(s): [(9363, 'Invoke', (4593, 5723))]
  FACT  move_in #10247 new #9363 #9363 lives at: {'diagram_index': 21, 'diagram_uid': 23166, 'diagram_class': 'Diagram', 'nodes_index': 5, 'nodes_on_diagram': 6, 'label': 'Invoke Node'}  (22 diagram(s) scanned of 173, 0.8 s)
  FACT  move_in #10247 new #9363 terminal table of #9363 (Diagram idx 21, Nodes[5], echo 9363): 6 terminal(s)
  FACT      move_in #10247 new #9363 t0  'reference'                        is_source=False wire=0       errs=[0, 0, 0, 1055]
  FACT      move_in #10247 new #9363 t1  'reference out'                    is_source=True  wire=0       errs=[0, 0, 0, 1055]
  FACT      move_in #10247 new #9363 t2  'error in (no error)'              is_source=False wire=0       errs=[0, 0, 0, 1055]
  FACT      move_in #10247 new #9363 t3  'error out'                        is_source=True  wire=0       errs=[0, 0, 0, 1055]
  FACT      move_in #10247 new #9363 t4  'Method'                           is_source=False wire=0       errs=[0, 0, 0, 1055]
  FACT      move_in #10247 new #9363 t5  'Method'                           is_source=True  wire=0       errs=[0, 0, 0, 1055]
  FACT  move_in #10247 the junk node's FULL terminal table is printed above; 6 terminal(s), 0 WIRED - the purge precondition (ZERO wired) HOLDS
  FACT  move_in #10247 purge delete Node #9363 at index 98: gone [9363], error '', census 636 -> 635, still present False (1.23 s)
  FACT  move_in #10247 AFTER THE PURGE node census: 635 rows
  FACT  move_in #10247 purge arithmetic: Node 635 -> 636 -> 635
  METER op     k   3  private 563.3 MB (d +1.7)  handles 45874 (d -7)
  METER read   k   3  private 563.3 MB (d +0.0)  handles 45874 (d +0)
  STEPX 03 move_in        acts [3] ids ['mv_10247'] bound {} diff 0
  METER pre    k   4  private 563.3 MB (d +0.0)  handles 45874 (d +0)
  FACT  move_in node census: 635 rows
  FACT  OP move_in #10445 -> Diagram[21] at (3305, 972) -> err '' (0.1 s)
  FACT  move_in #10445 AFTER node census: 636 rows
  FACT  move_in #10445 CENSUS DIFF: Node 635 -> 636 ; 1 new uid(s): [(9363, 'Invoke', (4593, 5723))]
  FACT  move_in #10445 new #9363 #9363 lives at: {'diagram_index': 21, 'diagram_uid': 23166, 'diagram_class': 'Diagram', 'nodes_index': 6, 'nodes_on_diagram': 7, 'label': 'Invoke Node'}  (22 diagram(s) scanned of 173, 0.9 s)
  FACT  move_in #10445 new #9363 terminal table of #9363 (Diagram idx 21, Nodes[6], echo 9363): 6 terminal(s)
  FACT      move_in #10445 new #9363 t0  'reference'                        is_source=False wire=0       errs=[0, 0, 0, 1055]
  FACT      move_in #10445 new #9363 t1  'reference out'                    is_source=True  wire=0       errs=[0, 0, 0, 1055]
  FACT      move_in #10445 new #9363 t2  'error in (no error)'              is_source=False wire=0       errs=[0, 0, 0, 1055]
  FACT      move_in #10445 new #9363 t3  'error out'                        is_source=True  wire=0       errs=[0, 0, 0, 1055]
  FACT      move_in #10445 new #9363 t4  'Method'                           is_source=False wire=0       errs=[0, 0, 0, 1055]
  FACT      move_in #10445 new #9363 t5  'Method'                           is_source=True  wire=0       errs=[0, 0, 0, 1055]
  FACT  move_in #10445 the junk node's FULL terminal table is printed above; 6 terminal(s), 0 WIRED - the purge precondition (ZERO wired) HOLDS
  FACT  move_in #10445 purge delete Node #9363 at index 98: gone [9363], error '', census 636 -> 635, still present False (1.24 s)
  FACT  move_in #10445 AFTER THE PURGE node census: 635 rows
  FACT  move_in #10445 purge arithmetic: Node 635 -> 636 -> 635
  METER op     k   4  private 564.0 MB (d +0.7)  handles 45874 (d +0)
  METER read   k   4  private 564.0 MB (d +0.0)  handles 45873 (d -1)
  STEPX 04 move_in        acts [4] ids ['mv_10445'] bound {} diff 0
  METER pre    k   5  private 564.0 MB (d +0.0)  handles 45873 (d +0)
  FACT  move_in node census: 635 rows
  FACT  OP move_in #10950 -> Diagram[21] at (3073, 976) -> err '' (0.1 s)
  FACT  move_in #10950 AFTER node census: 636 rows
  FACT  move_in #10950 CENSUS DIFF: Node 635 -> 636 ; 1 new uid(s): [(9363, 'Invoke', (4593, 5723))]
  FACT  move_in #10950 new #9363 #9363 lives at: {'diagram_index': 21, 'diagram_uid': 23166, 'diagram_class': 'Diagram', 'nodes_index': 7, 'nodes_on_diagram': 8, 'label': 'Invoke Node'}  (22 diagram(s) scanned of 173, 0.8 s)
  FACT  move_in #10950 new #9363 terminal table of #9363 (Diagram idx 21, Nodes[7], echo 9363): 6 terminal(s)
  FACT      move_in #10950 new #9363 t0  'reference'                        is_source=False wire=0       errs=[0, 0, 0, 1055]
  FACT      move_in #10950 new #9363 t1  'reference out'                    is_source=True  wire=0       errs=[0, 0, 0, 1055]
  FACT      move_in #10950 new #9363 t2  'error in (no error)'              is_source=False wire=0       errs=[0, 0, 0, 1055]
  FACT      move_in #10950 new #9363 t3  'error out'                        is_source=True  wire=0       errs=[0, 0, 0, 1055]
  FACT      move_in #10950 new #9363 t4  'Method'                           is_source=False wire=0       errs=[0, 0, 0, 1055]
  FACT      move_in #10950 new #9363 t5  'Method'                           is_source=True  wire=0       errs=[0, 0, 0, 1055]
  FACT  move_in #10950 the junk node's FULL terminal table is printed above; 6 terminal(s), 0 WIRED - the purge precondition (ZERO wired) HOLDS
  FACT  move_in #10950 purge delete Node #9363 at index 98: gone [9363], error '', census 636 -> 635, still present False (1.23 s)
  FACT  move_in #10950 AFTER THE PURGE node census: 635 rows
  FACT  move_in #10950 purge arithmetic: Node 635 -> 636 -> 635
  METER op     k   5  private 564.7 MB (d +0.7)  handles 45873 (d +0)
  METER read   k   5  private 564.8 MB (d +0.1)  handles 45873 (d +0)
  STEPX 05 move_in        acts [5] ids ['mv_10950'] bound {} diff 0
  METER pre    k   6  private 564.8 MB (d +0.0)  handles 45873 (d +0)
  FACT  move_in node census: 635 rows
  FACT  OP move_in #17289 -> Diagram[21] at (2946, 964) -> err '' (0.1 s)
  FACT  move_in #17289 AFTER node census: 636 rows
  FACT  move_in #17289 CENSUS DIFF: Node 635 -> 636 ; 1 new uid(s): [(9363, 'Invoke', (4593, 5723))]
  FACT  move_in #17289 new #9363 #9363 lives at: {'diagram_index': 21, 'diagram_uid': 23166, 'diagram_class': 'Diagram', 'nodes_index': 8, 'nodes_on_diagram': 9, 'label': 'Invoke Node'}  (22 diagram(s) scanned of 173, 0.9 s)
  FACT  move_in #17289 new #9363 terminal table of #9363 (Diagram idx 21, Nodes[8], echo 9363): 6 terminal(s)
  FACT      move_in #17289 new #9363 t0  'reference'                        is_source=False wire=0       errs=[0, 0, 0, 1055]
  FACT      move_in #17289 new #9363 t1  'reference out'                    is_source=True  wire=0       errs=[0, 0, 0, 1055]
  FACT      move_in #17289 new #9363 t2  'error in (no error)'              is_source=False wire=0       errs=[0, 0, 0, 1055]
  FACT      move_in #17289 new #9363 t3  'error out'                        is_source=True  wire=0       errs=[0, 0, 0, 1055]
  FACT      move_in #17289 new #9363 t4  'Method'                           is_source=False wire=0       errs=[0, 0, 0, 1055]
  FACT      move_in #17289 new #9363 t5  'Method'                           is_source=True  wire=0       errs=[0, 0, 0, 1055]
  FACT  move_in #17289 the junk node's FULL terminal table is printed above; 6 terminal(s), 0 WIRED - the purge precondition (ZERO wired) HOLDS
  FACT  move_in #17289 purge delete Node #9363 at index 98: gone [9363], error '', census 636 -> 635, still present False (1.24 s)
  FACT  move_in #17289 AFTER THE PURGE node census: 635 rows
  FACT  move_in #17289 purge arithmetic: Node 635 -> 636 -> 635
  METER op     k   6  private 565.0 MB (d +0.2)  handles 45872 (d -1)
  METER read   k   6  private 565.0 MB (d +0.0)  handles 45872 (d +0)
  STEPX 06 move_in        acts [6] ids ['mv_17289'] bound {} diff 0
  METER pre    k   7  private 565.0 MB (d +0.0)  handles 45872 (d +0)
  FACT  move_in node census: 635 rows
  FACT  OP move_in #10969 -> Diagram[21] at (4586, 1411) -> err '' (0.1 s)
  FACT  move_in #10969 AFTER node census: 636 rows
  FACT  move_in #10969 CENSUS DIFF: Node 635 -> 636 ; 1 new uid(s): [(9363, 'Invoke', (4593, 5723))]
  FACT  move_in #10969 new #9363 #9363 lives at: {'diagram_index': 21, 'diagram_uid': 23166, 'diagram_class': 'Diagram', 'nodes_index': 9, 'nodes_on_diagram': 10, 'label': 'Invoke Node'}  (22 diagram(s) scanned of 173, 0.9 s)
  FACT  move_in #10969 new #9363 terminal table of #9363 (Diagram idx 21, Nodes[9], echo 9363): 6 terminal(s)
  FACT      move_in #10969 new #9363 t0  'reference'                        is_source=False wire=0       errs=[0, 0, 0, 1055]
  FACT      move_in #10969 new #9363 t1  'reference out'                    is_source=True  wire=0       errs=[0, 0, 0, 1055]
  FACT      move_in #10969 new #9363 t2  'error in (no error)'              is_source=False wire=0       errs=[0, 0, 0, 1055]
  FACT      move_in #10969 new #9363 t3  'error out'                        is_source=True  wire=0       errs=[0, 0, 0, 1055]
  FACT      move_in #10969 new #9363 t4  'Method'                           is_source=False wire=0       errs=[0, 0, 0, 1055]
  FACT      move_in #10969 new #9363 t5  'Method'                           is_source=True  wire=0       errs=[0, 0, 0, 1055]
  FACT  move_in #10969 the junk node's FULL terminal table is printed above; 6 terminal(s), 0 WIRED - the purge precondition (ZERO wired) HOLDS
  FACT  move_in #10969 purge delete Node #9363 at index 98: gone [9363], error '', census 636 -> 635, still present False (1.24 s)
  FACT  move_in #10969 AFTER THE PURGE node census: 635 rows
  FACT  move_in #10969 purge arithmetic: Node 635 -> 636 -> 635
  METER op     k   7  private 567.4 MB (d +2.4)  handles 45865 (d -7)
  METER read   k   7  private 567.4 MB (d +0.0)  handles 45865 (d +0)
  STEPX 07 move_in        acts [7] ids ['mv_10969'] bound {} diff 0
  METER pre    k   8  private 567.4 MB (d +0.0)  handles 45864 (d -1)
  FACT  move_in node census: 635 rows
  FACT  OP move_in #10757 -> Diagram[21] at (4702, 1361) -> err '' (0.1 s)
  FACT  move_in #10757 AFTER node census: 636 rows
  FACT  move_in #10757 CENSUS DIFF: Node 635 -> 636 ; 1 new uid(s): [(9363, 'Invoke', (4593, 5723))]
  FACT  move_in #10757 new #9363 #9363 lives at: {'diagram_index': 21, 'diagram_uid': 23166, 'diagram_class': 'Diagram', 'nodes_index': 10, 'nodes_on_diagram': 11, 'label': 'Invoke Node'}  (22 diagram(s) scanned of 173, 0.9 s)
  FACT  move_in #10757 new #9363 terminal table of #9363 (Diagram idx 21, Nodes[10], echo 9363): 6 terminal(s)
  FACT      move_in #10757 new #9363 t0  'reference'                        is_source=False wire=0       errs=[0, 0, 0, 1055]
  FACT      move_in #10757 new #9363 t1  'reference out'                    is_source=True  wire=0       errs=[0, 0, 0, 1055]
  FACT      move_in #10757 new #9363 t2  'error in (no error)'              is_source=False wire=0       errs=[0, 0, 0, 1055]
  FACT      move_in #10757 new #9363 t3  'error out'                        is_source=True  wire=0       errs=[0, 0, 0, 1055]
  FACT      move_in #10757 new #9363 t4  'Method'                           is_source=False wire=0       errs=[0, 0, 0, 1055]
  FACT      move_in #10757 new #9363 t5  'Method'                           is_source=True  wire=0       errs=[0, 0, 0, 1055]
  FACT  move_in #10757 the junk node's FULL terminal table is printed above; 6 terminal(s), 0 WIRED - the purge precondition (ZERO wired) HOLDS
  FACT  move_in #10757 purge delete Node #9363 at index 98: gone [9363], error '', census 636 -> 635, still present False (1.24 s)
  FACT  move_in #10757 AFTER THE PURGE node census: 635 rows
  FACT  move_in #10757 purge arithmetic: Node 635 -> 636 -> 635
  METER op     k   8  private 568.0 MB (d +0.6)  handles 45864 (d +0)
  METER read   k   8  private 568.0 MB (d +0.0)  handles 45864 (d +0)
  STEPX 08 move_in        acts [8] ids ['mv_10757'] bound {} diff 0
  METER pre    k   9  private 568.0 MB (d +0.0)  handles 45864 (d +0)
  FACT  move_in node census: 635 rows
  FACT  OP move_in #17487 -> Diagram[21] at (3160, 987) -> err '' (0.1 s)
  FACT  move_in #17487 AFTER node census: 636 rows
  FACT  move_in #17487 CENSUS DIFF: Node 635 -> 636 ; 1 new uid(s): [(9363, 'Invoke', (4593, 5723))]
  FACT  move_in #17487 new #9363 #9363 lives at: {'diagram_index': 21, 'diagram_uid': 23166, 'diagram_class': 'Diagram', 'nodes_index': 10, 'nodes_on_diagram': 11, 'label': 'Invoke Node'}  (22 diagram(s) scanned of 173, 0.9 s)
  FACT  move_in #17487 new #9363 terminal table of #9363 (Diagram idx 21, Nodes[10], echo 9363): 6 terminal(s)
  FACT      move_in #17487 new #9363 t0  'reference'                        is_source=False wire=0       errs=[0, 0, 0, 1055]
  FACT      move_in #17487 new #9363 t1  'reference out'                    is_source=True  wire=0       errs=[0, 0, 0, 1055]
  FACT      move_in #17487 new #9363 t2  'error in (no error)'              is_source=False wire=0       errs=[0, 0, 0, 1055]
  FACT      move_in #17487 new #9363 t3  'error out'                        is_source=True  wire=0       errs=[0, 0, 0, 1055]
  FACT      move_in #17487 new #9363 t4  'Method'                           is_source=False wire=0       errs=[0, 0, 0, 1055]
  FACT      move_in #17487 new #9363 t5  'Method'                           is_source=True  wire=0       errs=[0, 0, 0, 1055]
  FACT  move_in #17487 the junk node's FULL terminal table is printed above; 6 terminal(s), 0 WIRED - the purge precondition (ZERO wired) HOLDS
  FACT  move_in #17487 purge delete Node #9363 at index 98: gone [9363], error '', census 636 -> 635, still present False (1.24 s)
  FACT  move_in #17487 AFTER THE PURGE node census: 635 rows
  FACT  move_in #17487 purge arithmetic: Node 635 -> 636 -> 635
  METER op     k   9  private 568.7 MB (d +0.7)  handles 45864 (d +0)
  METER read   k   9  private 568.7 MB (d +0.0)  handles 45864 (d +0)
  STEPX 09 move_in        acts [9] ids ['mv_17487'] bound {} diff 0
  METER pre    k  10  private 568.7 MB (d +0.0)  handles 45864 (d +0)
  FACT  move_in node census: 635 rows
  FACT  OP move_in #5634 -> Diagram[21] at (3498, 1024) -> err '' (0.1 s)
  FACT  move_in #5634 AFTER node census: 636 rows
  FACT  move_in #5634 CENSUS DIFF: Node 635 -> 636 ; 1 new uid(s): [(9363, 'Invoke', (4593, 5723))]
  FACT  move_in #5634 new #9363 #9363 lives at: {'diagram_index': 21, 'diagram_uid': 23166, 'diagram_class': 'Diagram', 'nodes_index': 10, 'nodes_on_diagram': 11, 'label': 'Invoke Node'}  (22 diagram(s) scanned of 173, 0.9 s)
  FACT  move_in #5634 new #9363 terminal table of #9363 (Diagram idx 21, Nodes[10], echo 9363): 6 terminal(s)
  FACT      move_in #5634 new #9363 t0  'reference'                        is_source=False wire=0       errs=[0, 0, 0, 1055]
  FACT      move_in #5634 new #9363 t1  'reference out'                    is_source=True  wire=0       errs=[0, 0, 0, 1055]
  FACT      move_in #5634 new #9363 t2  'error in (no error)'              is_source=False wire=0       errs=[0, 0, 0, 1055]
  FACT      move_in #5634 new #9363 t3  'error out'                        is_source=True  wire=0       errs=[0, 0, 0, 1055]
  FACT      move_in #5634 new #9363 t4  'Method'                           is_source=False wire=0       errs=[0, 0, 0, 1055]
  FACT      move_in #5634 new #9363 t5  'Method'                           is_source=True  wire=0       errs=[0, 0, 0, 1055]
  FACT  move_in #5634 the junk node's FULL terminal table is printed above; 6 terminal(s), 0 WIRED - the purge precondition (ZERO wired) HOLDS
  FACT  move_in #5634 purge delete Node #9363 at index 98: gone [9363], error '', census 636 -> 635, still present False (1.25 s)
  FACT  move_in #5634 AFTER THE PURGE node census: 635 rows
  FACT  move_in #5634 purge arithmetic: Node 635 -> 636 -> 635
  METER op     k  10  private 568.9 MB (d +0.2)  handles 45865 (d +1)
  METER read   k  10  private 568.9 MB (d +0.0)  handles 45865 (d +0)
  STEPX 10 move_in        acts [10] ids ['mv_5634'] bound {} diff 0
  METER pre    k  11  private 568.9 MB (d +0.0)  handles 45864 (d -1)
  FACT  move_in node census: 635 rows
  FACT  OP move_in #23541 -> Diagram[21] at (2759, 4933) -> err '' (0.1 s)
  FACT  move_in #23541 AFTER node census: 636 rows
  FACT  move_in #23541 CENSUS DIFF: Node 635 -> 636 ; 1 new uid(s): [(9363, 'Invoke', (4593, 5723))]
  FACT  move_in #23541 new #9363 #9363 lives at: {'diagram_index': 21, 'diagram_uid': 23166, 'diagram_class': 'Diagram', 'nodes_index': 10, 'nodes_on_diagram': 11, 'label': 'Invoke Node'}  (22 diagram(s) scanned of 173, 0.9 s)
  FACT  move_in #23541 new #9363 terminal table of #9363 (Diagram idx 21, Nodes[10], echo 9363): 6 terminal(s)
  FACT      move_in #23541 new #9363 t0  'reference'                        is_source=False wire=0       errs=[0, 0, 0, 1055]
  FACT      move_in #23541 new #9363 t1  'reference out'                    is_source=True  wire=0       errs=[0, 0, 0, 1055]
  FACT      move_in #23541 new #9363 t2  'error in (no error)'              is_source=False wire=0       errs=[0, 0, 0, 1055]
  FACT      move_in #23541 new #9363 t3  'error out'                        is_source=True  wire=0       errs=[0, 0, 0, 1055]
  FACT      move_in #23541 new #9363 t4  'Method'                           is_source=False wire=0       errs=[0, 0, 0, 1055]
  FACT      move_in #23541 new #9363 t5  'Method'                           is_source=True  wire=0       errs=[0, 0, 0, 1055]
  FACT  move_in #23541 the junk node's FULL terminal table is printed above; 6 terminal(s), 0 WIRED - the purge precondition (ZERO wired) HOLDS
  FACT  move_in #23541 purge delete Node #9363 at index 98: gone [9363], error '', census 636 -> 635, still present False (1.25 s)
  FACT  move_in #23541 AFTER THE PURGE node census: 635 rows
  FACT  move_in #23541 purge arithmetic: Node 635 -> 636 -> 635
  METER op     k  11  private 571.7 MB (d +2.8)  handles 45864 (d +0)
  METER read   k  11  private 571.7 MB (d +0.0)  handles 45864 (d +0)
  STEPX 11 move_in        acts [11] ids ['mv_23541'] bound {} diff 0
  METER pre    k  12  private 571.7 MB (d +0.0)  handles 45864 (d +0)
  FACT  move_in node census: 635 rows
  FACT  OP move_in #10739 -> Diagram[21] at (3049, 984) -> err '' (0.1 s)
  FACT  move_in #10739 AFTER node census: 636 rows
  FACT  move_in #10739 CENSUS DIFF: Node 635 -> 636 ; 1 new uid(s): [(9363, 'Invoke', (4593, 5723))]
  FACT  move_in #10739 new #9363 #9363 lives at: {'diagram_index': 21, 'diagram_uid': 23166, 'diagram_class': 'Diagram', 'nodes_index': 10, 'nodes_on_diagram': 11, 'label': 'Invoke Node'}  (22 diagram(s) scanned of 173, 0.9 s)
  FACT  move_in #10739 new #9363 terminal table of #9363 (Diagram idx 21, Nodes[10], echo 9363): 6 terminal(s)
  FACT      move_in #10739 new #9363 t0  'reference'                        is_source=False wire=0       errs=[0, 0, 0, 1055]
  FACT      move_in #10739 new #9363 t1  'reference out'                    is_source=True  wire=0       errs=[0, 0, 0, 1055]
  FACT      move_in #10739 new #9363 t2  'error in (no error)'              is_source=False wire=0       errs=[0, 0, 0, 1055]
  FACT      move_in #10739 new #9363 t3  'error out'                        is_source=True  wire=0       errs=[0, 0, 0, 1055]
  FACT      move_in #10739 new #9363 t4  'Method'                           is_source=False wire=0       errs=[0, 0, 0, 1055]
  FACT      move_in #10739 new #9363 t5  'Method'                           is_source=True  wire=0       errs=[0, 0, 0, 1055]
  FACT  move_in #10739 the junk node's FULL terminal table is printed above; 6 terminal(s), 0 WIRED - the purge precondition (ZERO wired) HOLDS
  FACT  move_in #10739 purge delete Node #9363 at index 98: gone [9363], error '', census 636 -> 635, still present False (1.25 s)
  FACT  move_in #10739 AFTER THE PURGE node census: 635 rows
  FACT  move_in #10739 purge arithmetic: Node 635 -> 636 -> 635
  METER op     k  12  private 572.7 MB (d +1.0)  handles 45865 (d +1)
  METER read   k  12  private 572.7 MB (d +0.0)  handles 45865 (d +0)
  STEPX 12 move_in        acts [12] ids ['mv_10739'] bound {} diff 0
  METER pre    k  13  private 572.7 MB (d +0.0)  handles 45864 (d -1)
  FACT  move_in node census: 635 rows
  FACT  OP move_in #10929 -> Diagram[21] at (4678, 1373) -> err '' (0.1 s)
  FACT  move_in #10929 AFTER node census: 636 rows
  FACT  move_in #10929 CENSUS DIFF: Node 635 -> 636 ; 1 new uid(s): [(9363, 'Invoke', (4593, 5723))]
  FACT  move_in #10929 new #9363 #9363 lives at: {'diagram_index': 21, 'diagram_uid': 23166, 'diagram_class': 'Diagram', 'nodes_index': 10, 'nodes_on_diagram': 11, 'label': 'Invoke Node'}  (22 diagram(s) scanned of 173, 0.9 s)
  FACT  move_in #10929 new #9363 terminal table of #9363 (Diagram idx 21, Nodes[10], echo 9363): 6 terminal(s)
  FACT      move_in #10929 new #9363 t0  'reference'                        is_source=False wire=0       errs=[0, 0, 0, 1055]
  FACT      move_in #10929 new #9363 t1  'reference out'                    is_source=True  wire=0       errs=[0, 0, 0, 1055]
  FACT      move_in #10929 new #9363 t2  'error in (no error)'              is_source=False wire=0       errs=[0, 0, 0, 1055]
  FACT      move_in #10929 new #9363 t3  'error out'                        is_source=True  wire=0       errs=[0, 0, 0, 1055]
  FACT      move_in #10929 new #9363 t4  'Method'                           is_source=False wire=0       errs=[0, 0, 0, 1055]
  FACT      move_in #10929 new #9363 t5  'Method'                           is_source=True  wire=0       errs=[0, 0, 0, 1055]
  FACT  move_in #10929 the junk node's FULL terminal table is printed above; 6 terminal(s), 0 WIRED - the purge precondition (ZERO wired) HOLDS
  FACT  move_in #10929 purge delete Node #9363 at index 98: gone [9363], error '', census 636 -> 635, still present False (1.26 s)
  FACT  move_in #10929 AFTER THE PURGE node census: 635 rows
  FACT  move_in #10929 purge arithmetic: Node 635 -> 636 -> 635
  METER op     k  13  private 572.9 MB (d +0.2)  handles 45865 (d +1)
  METER read   k  13  private 572.9 MB (d +0.0)  handles 45865 (d +0)
  STEPX 13 move_in        acts [13] ids ['mv_10929'] bound {} diff 0
  METER pre    k  14  private 572.9 MB (d +0.0)  handles 45865 (d +0)
  FACT  move_in node census: 635 rows
  FACT  OP move_in #17272 -> Diagram[21] at (4656, 1415) -> err '' (0.1 s)
  FACT  move_in #17272 AFTER node census: 636 rows
  FACT  move_in #17272 CENSUS DIFF: Node 635 -> 636 ; 1 new uid(s): [(9363, 'Invoke', (4593, 5723))]
  FACT  move_in #17272 new #9363 #9363 lives at: {'diagram_index': 21, 'diagram_uid': 23166, 'diagram_class': 'Diagram', 'nodes_index': 10, 'nodes_on_diagram': 11, 'label': 'Invoke Node'}  (22 diagram(s) scanned of 173, 0.9 s)
  FACT  move_in #17272 new #9363 terminal table of #9363 (Diagram idx 21, Nodes[10], echo 9363): 6 terminal(s)
  FACT      move_in #17272 new #9363 t0  'reference'                        is_source=False wire=0       errs=[0, 0, 0, 1055]
  FACT      move_in #17272 new #9363 t1  'reference out'                    is_source=True  wire=0       errs=[0, 0, 0, 1055]
  FACT      move_in #17272 new #9363 t2  'error in (no error)'              is_source=False wire=0       errs=[0, 0, 0, 1055]
  FACT      move_in #17272 new #9363 t3  'error out'                        is_source=True  wire=0       errs=[0, 0, 0, 1055]
  FACT      move_in #17272 new #9363 t4  'Method'                           is_source=False wire=0       errs=[0, 0, 0, 1055]
  FACT      move_in #17272 new #9363 t5  'Method'                           is_source=True  wire=0       errs=[0, 0, 0, 1055]
  FACT  move_in #17272 the junk node's FULL terminal table is printed above; 6 terminal(s), 0 WIRED - the purge precondition (ZERO wired) HOLDS
  FACT  move_in #17272 purge delete Node #9363 at index 98: gone [9363], error '', census 636 -> 635, still present False (1.24 s)
  FACT  move_in #17272 AFTER THE PURGE node census: 635 rows
  FACT  move_in #17272 purge arithmetic: Node 635 -> 636 -> 635
  METER op     k  14  private 574.0 MB (d +1.1)  handles 45863 (d -2)
  METER read   k  14  private 573.9 MB (d -0.1)  handles 45863 (d +0)
  STEPX 14 move_in        acts [14] ids ['mv_17272'] bound {} diff 0
  METER pre    k  15  private 574.0 MB (d +0.1)  handles 45864 (d +1)
  FACT  add_shift_reg node census: 635 rows
  FACT  OP add_shift_reg loop[1] y=120 -> err '' (0.1 s)
  FACT  add_sr #10170 AFTER node census: 635 rows
  FACT  add_sr #10170 CENSUS DIFF: Node 635 -> 635 ; 0 new uid(s): []
  METER op     k  15  private 574.0 MB (d +0.0)  handles 45885 (d +21)
  METER read   k  15  private 579.4 MB (d +5.4)  handles 45886 (d +1)
  STEPX 15 add_sr         acts [15] ids ['sr1'] bound {-1: 10850, -2: 25240} diff 0
  METER pre    k  16  private 580.2 MB (d +0.8)  handles 45886 (d +0)
  FACT  connect_from_wire node census: 635 rows
  FACT  OP connect_from_wire sink D[19].N[22].t10 <- w2731[0] -> err '' (0.3 s)
  FACT  connect #2892->#25315 AFTER node census: 636 rows
  FACT  connect #2892->#25315 CENSUS DIFF: Node 635 -> 636 ; 1 new uid(s): [(9363, 'Invoke', (1985, 112))]
  FACT  connect #2892->#25315 new #9363 #9363 lives at: {'diagram_index': 19, 'diagram_uid': 686, 'diagram_class': 'Diagram', 'nodes_index': 24, 'nodes_on_diagram': 25, 'label': 'Invoke Node'}  (20 diagram(s) scanned of 173, 0.8 s)
  FACT  connect #2892->#25315 new #9363 terminal table of #9363 (Diagram idx 19, Nodes[24], echo 9363): 6 terminal(s)
  FACT      connect #2892->#25315 new #9363 t0  'reference'                        is_source=False wire=0       errs=[0, 0, 0, 1055]
  FACT      connect #2892->#25315 new #9363 t1  'reference out'                    is_source=True  wire=0       errs=[0, 0, 0, 1055]
  FACT      connect #2892->#25315 new #9363 t2  'error in (no error)'              is_source=False wire=0       errs=[0, 0, 0, 1055]
  FACT      connect #2892->#25315 new #9363 t3  'error out'                        is_source=True  wire=0       errs=[0, 0, 0, 1055]
  FACT      connect #2892->#25315 new #9363 t4  'Method'                           is_source=False wire=0       errs=[0, 0, 0, 1055]
  FACT      connect #2892->#25315 new #9363 t5  'Method'                           is_source=True  wire=0       errs=[0, 0, 0, 1055]
  FACT  connect #2892->#25315 the junk node's FULL terminal table is printed above; 6 terminal(s), 0 WIRED - the purge precondition (ZERO wired) HOLDS
  FACT  connect #2892->#25315 purge delete Node #9363 at index 93: gone [9363], error '', census 636 -> 635, still present False (1.25 s)
  FACT  connect #2892->#25315 AFTER THE PURGE node census: 635 rows
  FACT  connect #2892->#25315 purge arithmetic: Node 635 -> 636 -> 635
  METER op     k  16  private 581.0 MB (d +0.8)  handles 45976 (d +90)
  METER read   k  16  private 581.0 MB (d +0.0)  handles 45976 (d +0)
  STEPX 16 connect        acts [16] ids ['sr1_init'] bound {} diff 0
  METER pre    k  17  private 581.0 MB (d +0.0)  handles 45977 (d +1)
  FACT  wire_sr node census: 635 rows
  FACT  OP wire_sr RightIn loop[1] reg[1] {'node_index': 1, 'term_index': 4} -> err '' (0.1 s)
  FACT  wire_sr RightIn AFTER node census: 635 rows
  FACT  wire_sr RightIn CENSUS DIFF: Node 635 -> 635 ; 0 new uid(s): []
  METER op     k  17  private 581.0 MB (d +0.0)  handles 46032 (d +55)
  METER read   k  17  private 581.0 MB (d +0.0)  handles 46032 (d +0)
  STEPX 17 wire_sr        acts [17] ids ['sr1_R'] bound {} diff 0
  METER pre    k  18  private 581.0 MB (d +0.0)  handles 46031 (d -1)
  FACT  wire_sr node census: 635 rows
  FACT  OP wire_sr LeftIn loop[1] reg[1] {'node_index': 2, 'term_index': 5} -> err '' (0.0 s)
  FACT  wire_sr LeftIn AFTER node census: 635 rows
  FACT  wire_sr LeftIn CENSUS DIFF: Node 635 -> 635 ; 0 new uid(s): []
  METER op     k  18  private 581.0 MB (d +0.0)  handles 46056 (d +25)
  METER read   k  18  private 581.0 MB (d +0.0)  handles 46056 (d +0)
  STEPX 18 wire_sr        acts [18] ids ['sr1_L0'] bound {} diff 0
  METER pre    k  19  private 581.0 MB (d +0.0)  handles 46056 (d +0)
  FACT  add_shift_reg node census: 635 rows
  FACT  OP add_shift_reg loop[1] y=120 -> err '' (0.0 s)
  FACT  add_sr #10170 AFTER node census: 635 rows
  FACT  add_sr #10170 CENSUS DIFF: Node 635 -> 635 ; 0 new uid(s): []
  METER op     k  19  private 585.0 MB (d +4.0)  handles 46057 (d +1)
  METER read   k  19  private 593.2 MB (d +8.2)  handles 46056 (d -1)
  STEPX 19 add_sr         acts [19] ids ['sr2'] bound {-9: 25339, -10: 25344} diff 0
  METER pre    k  20  private 593.1 MB (d -0.1)  handles 46057 (d +1)
  FACT  connect_from_wire node census: 635 rows
  FACT  OP connect_from_wire sink D[19].N[22].t12 <- w5812[0] -> err '' (0.3 s)
  FACT  connect #5820->#25363 AFTER node census: 636 rows
  FACT  connect #5820->#25363 CENSUS DIFF: Node 635 -> 636 ; 1 new uid(s): [(9363, 'Invoke', (1985, 112))]
  FACT  connect #5820->#25363 new #9363 #9363 lives at: {'diagram_index': 19, 'diagram_uid': 686, 'diagram_class': 'Diagram', 'nodes_index': 24, 'nodes_on_diagram': 25, 'label': 'Invoke Node'}  (20 diagram(s) scanned of 173, 0.8 s)
  FACT  connect #5820->#25363 new #9363 terminal table of #9363 (Diagram idx 19, Nodes[24], echo 9363): 6 terminal(s)
  FACT      connect #5820->#25363 new #9363 t0  'reference'                        is_source=False wire=0       errs=[0, 0, 0, 1055]
  FACT      connect #5820->#25363 new #9363 t1  'reference out'                    is_source=True  wire=0       errs=[0, 0, 0, 1055]
  FACT      connect #5820->#25363 new #9363 t2  'error in (no error)'              is_source=False wire=0       errs=[0, 0, 0, 1055]
  FACT      connect #5820->#25363 new #9363 t3  'error out'                        is_source=True  wire=0       errs=[0, 0, 0, 1055]
  FACT      connect #5820->#25363 new #9363 t4  'Method'                           is_source=False wire=0       errs=[0, 0, 0, 1055]
  FACT      connect #5820->#25363 new #9363 t5  'Method'                           is_source=True  wire=0       errs=[0, 0, 0, 1055]
  FACT  connect #5820->#25363 the junk node's FULL terminal table is printed above; 6 terminal(s), 0 WIRED - the purge precondition (ZERO wired) HOLDS
  FACT  connect #5820->#25363 purge delete Node #9363 at index 93: gone [9363], error '', census 636 -> 635, still present False (1.26 s)
  FACT  connect #5820->#25363 AFTER THE PURGE node census: 635 rows
  FACT  connect #5820->#25363 purge arithmetic: Node 635 -> 636 -> 635
  METER op     k  20  private 590.8 MB (d -2.3)  handles 46056 (d -1)
  METER read   k  20  private 590.8 MB (d +0.0)  handles 46056 (d +0)
  STEPX 20 connect        acts [20] ids ['sr2_init'] bound {} diff 0
  METER pre    k  21  private 590.8 MB (d +0.0)  handles 46056 (d +0)
  FACT  wire_sr node census: 635 rows
  FACT  OP wire_sr RightIn loop[1] reg[2] {'node_index': 1, 'term_index': 3} -> err '' (0.0 s)
  FACT  wire_sr RightIn AFTER node census: 635 rows
  FACT  wire_sr RightIn CENSUS DIFF: Node 635 -> 635 ; 0 new uid(s): []
  METER op     k  21  private 590.9 MB (d +0.1)  handles 46056 (d +0)
  METER read   k  21  private 590.8 MB (d -0.1)  handles 46056 (d +0)
  STEPX 21 wire_sr        acts [21] ids ['sr2_R'] bound {} diff 0
  METER pre    k  22  private 590.8 MB (d +0.0)  handles 46056 (d +0)
  FACT  wire_sr node census: 635 rows
  FACT  OP wire_sr LeftIn loop[1] reg[2] {'node_index': 2, 'term_index': 3} -> err '' (0.0 s)
  FACT  wire_sr LeftIn AFTER node census: 635 rows
  FACT  wire_sr LeftIn CENSUS DIFF: Node 635 -> 635 ; 0 new uid(s): []
  METER op     k  22  private 590.9 MB (d +0.1)  handles 46057 (d +1)
  METER read   k  22  private 590.9 MB (d +0.0)  handles 46057 (d +0)
  STEPX 22 wire_sr        acts [22] ids ['sr2_L0'] bound {} diff 0
  METER pre    k  23  private 590.9 MB (d +0.0)  handles 46056 (d -1)
  FACT  add_shift_reg node census: 635 rows
  FACT  OP add_shift_reg loop[1] y=120 -> err '' (0.0 s)
  FACT  add_sr #10170 AFTER node census: 635 rows
  FACT  add_sr #10170 CENSUS DIFF: Node 635 -> 635 ; 0 new uid(s): []
  METER op     k  23  private 590.9 MB (d +0.0)  handles 46057 (d +1)
  METER read   k  23  private 592.6 MB (d +1.7)  handles 46054 (d -3)
  STEPX 23 add_sr         acts [23] ids ['sr3'] bound {-17: 25371, -18: 25382} diff 0
  METER pre    k  24  private 593.1 MB (d +0.5)  handles 46054 (d +0)
  FACT  connect_from_wire node census: 635 rows
  FACT  OP connect_from_wire sink D[19].N[22].t14 <- w11253[0] -> err '' (0.3 s)
  FACT  connect #10225->#25399 AFTER node census: 636 rows
  FACT  connect #10225->#25399 CENSUS DIFF: Node 635 -> 636 ; 1 new uid(s): [(9363, 'Invoke', (1985, 112))]
  FACT  connect #10225->#25399 new #9363 #9363 lives at: {'diagram_index': 19, 'diagram_uid': 686, 'diagram_class': 'Diagram', 'nodes_index': 24, 'nodes_on_diagram': 25, 'label': 'Invoke Node'}  (20 diagram(s) scanned of 173, 0.8 s)
  FACT  connect #10225->#25399 new #9363 terminal table of #9363 (Diagram idx 19, Nodes[24], echo 9363): 6 terminal(s)
  FACT      connect #10225->#25399 new #9363 t0  'reference'                        is_source=False wire=0       errs=[0, 0, 0, 1055]
  FACT      connect #10225->#25399 new #9363 t1  'reference out'                    is_source=True  wire=0       errs=[0, 0, 0, 1055]
  FACT      connect #10225->#25399 new #9363 t2  'error in (no error)'              is_source=False wire=0       errs=[0, 0, 0, 1055]
  FACT      connect #10225->#25399 new #9363 t3  'error out'                        is_source=True  wire=0       errs=[0, 0, 0, 1055]
  FACT      connect #10225->#25399 new #9363 t4  'Method'                           is_source=False wire=0       errs=[0, 0, 0, 1055]
  FACT      connect #10225->#25399 new #9363 t5  'Method'                           is_source=True  wire=0       errs=[0, 0, 0, 1055]
  FACT  connect #10225->#25399 the junk node's FULL terminal table is printed above; 6 terminal(s), 0 WIRED - the purge precondition (ZERO wired) HOLDS
  FACT  connect #10225->#25399 purge delete Node #9363 at index 93: gone [9363], error '', census 636 -> 635, still present False (1.27 s)
  FACT  connect #10225->#25399 AFTER THE PURGE node census: 635 rows
  FACT  connect #10225->#25399 purge arithmetic: Node 635 -> 636 -> 635
  METER op     k  24  private 594.2 MB (d +1.1)  handles 46055 (d +1)
  METER read   k  24  private 594.2 MB (d +0.0)  handles 46055 (d +0)
  STEPX 24 connect        acts [24] ids ['sr3_init'] bound {} diff 0
  METER pre    k  25  private 594.2 MB (d +0.0)  handles 46054 (d -1)
  FACT  wire_sr node census: 635 rows
  FACT  OP wire_sr RightIn loop[1] reg[3] {'node_index': 5, 'term_index': 3} -> err '' (0.0 s)
  FACT  wire_sr RightIn AFTER node census: 635 rows
  FACT  wire_sr RightIn CENSUS DIFF: Node 635 -> 635 ; 0 new uid(s): []
  METER op     k  25  private 594.3 MB (d +0.1)  handles 46055 (d +1)
  METER read   k  25  private 594.3 MB (d +0.0)  handles 46055 (d +0)
  STEPX 25 wire_sr        acts [25] ids ['sr3_R'] bound {} diff 0
  METER pre    k  26  private 594.3 MB (d +0.0)  handles 46054 (d -1)
  FACT  wire_sr node census: 635 rows
  FACT  OP wire_sr LeftIn loop[1] reg[3] {'node_index': 5, 'term_index': 2} -> err '' (0.0 s)
  FACT  wire_sr LeftIn AFTER node census: 635 rows
  FACT  wire_sr LeftIn CENSUS DIFF: Node 635 -> 635 ; 0 new uid(s): []
  METER op     k  26  private 594.3 MB (d +0.0)  handles 46054 (d +0)
  METER read   k  26  private 594.3 MB (d +0.0)  handles 46054 (d +0)
  STEPX 26 wire_sr        acts [26] ids ['sr3_L0'] bound {} diff 0
  METER pre    k  27  private 594.3 MB (d +0.0)  handles 46054 (d +0)
  FACT  connect_from_wire node census: 635 rows
  FACT  OP connect_from_wire sink D[21].N[2].t4 <- w2731[0] -> err '' (0.4 s)
  FACT  connect #2892->#5741 AFTER node census: 636 rows
  FACT  connect #2892->#5741 CENSUS DIFF: Node 635 -> 636 ; 1 new uid(s): [(2731, 'Invoke', (4593, 5723))]
  FACT  connect #2892->#5741 new #2731 #2731 lives at: {'diagram_index': 21, 'diagram_uid': 23166, 'diagram_class': 'Diagram', 'nodes_index': 10, 'nodes_on_diagram': 11, 'label': 'Invoke Node'}  (22 diagram(s) scanned of 173, 0.9 s)
  FACT  connect #2892->#5741 new #2731 terminal table of #2731 (Diagram idx 21, Nodes[10], echo 2731): 6 terminal(s)
  FACT      connect #2892->#5741 new #2731 t0  'reference'                        is_source=False wire=0       errs=[0, 0, 0, 1055]
  FACT      connect #2892->#5741 new #2731 t1  'reference out'                    is_source=True  wire=0       errs=[0, 0, 0, 1055]
  FACT      connect #2892->#5741 new #2731 t2  'error in (no error)'              is_source=False wire=0       errs=[0, 0, 0, 1055]
  FACT      connect #2892->#5741 new #2731 t3  'error out'                        is_source=True  wire=0       errs=[0, 0, 0, 1055]
  FACT      connect #2892->#5741 new #2731 t4  'Method'                           is_source=False wire=0       errs=[0, 0, 0, 1055]
  FACT      connect #2892->#5741 new #2731 t5  'Method'                           is_source=True  wire=0       errs=[0, 0, 0, 1055]
  FACT  connect #2892->#5741 the junk node's FULL terminal table is printed above; 6 terminal(s), 0 WIRED - the purge precondition (ZERO wired) HOLDS
  FACT  connect #2892->#5741 purge delete Node #2731 at index 98: gone [2731], error '', census 636 -> 635, still present False (1.28 s)
  FACT  connect #2892->#5741 AFTER THE PURGE node census: 635 rows
  FACT  connect #2892->#5741 purge arithmetic: Node 635 -> 636 -> 635
  METER op     k  27  private 594.3 MB (d +0.0)  handles 46054 (d +0)
  METER read   k  27  private 598.4 MB (d +4.1)  handles 46053 (d -1)
  STEPX 27 tunnel         acts [27, 28, 29] ids ['tun1', 'tun1_out', 'tun1_in'] bound {-25: 25422} diff 0
  METER pre    k  28  private 604.4 MB (d +6.0)  handles 46054 (d +1)
  FACT  connect_from_wire node census: 635 rows
  FACT  OP connect_from_wire sink D[21].N[2].t1 <- w5812[0] -> err '' (0.4 s)
  FACT  connect #5820->#5976 AFTER node census: 636 rows
  FACT  connect #5820->#5976 CENSUS DIFF: Node 635 -> 636 ; 1 new uid(s): [(2731, 'Invoke', (4593, 5723))]
  FACT  connect #5820->#5976 new #2731 #2731 lives at: {'diagram_index': 21, 'diagram_uid': 23166, 'diagram_class': 'Diagram', 'nodes_index': 10, 'nodes_on_diagram': 11, 'label': 'Invoke Node'}  (22 diagram(s) scanned of 173, 0.9 s)
  FACT  connect #5820->#5976 new #2731 terminal table of #2731 (Diagram idx 21, Nodes[10], echo 2731): 6 terminal(s)
  FACT      connect #5820->#5976 new #2731 t0  'reference'                        is_source=False wire=0       errs=[0, 0, 0, 1055]
  FACT      connect #5820->#5976 new #2731 t1  'reference out'                    is_source=True  wire=0       errs=[0, 0, 0, 1055]
  FACT      connect #5820->#5976 new #2731 t2  'error in (no error)'              is_source=False wire=0       errs=[0, 0, 0, 1055]
  FACT      connect #5820->#5976 new #2731 t3  'error out'                        is_source=True  wire=0       errs=[0, 0, 0, 1055]
  FACT      connect #5820->#5976 new #2731 t4  'Method'                           is_source=False wire=0       errs=[0, 0, 0, 1055]
  FACT      connect #5820->#5976 new #2731 t5  'Method'                           is_source=True  wire=0       errs=[0, 0, 0, 1055]
  FACT  connect #5820->#5976 the junk node's FULL terminal table is printed above; 6 terminal(s), 0 WIRED - the purge precondition (ZERO wired) HOLDS
  FACT  connect #5820->#5976 purge delete Node #2731 at index 98: gone [2731], error '', census 636 -> 635, still present False (1.27 s)
  FACT  connect #5820->#5976 AFTER THE PURGE node census: 635 rows
  FACT  connect #5820->#5976 purge arithmetic: Node 635 -> 636 -> 635
  METER op     k  28  private 604.3 MB (d -0.1)  handles 46055 (d +1)
  METER read   k  28  private 608.5 MB (d +4.2)  handles 46056 (d +1)
  STEPX 28 tunnel         acts [30, 31, 32] ids ['tun2', 'tun2_out', 'tun2_in'] bound {-29: 25428} diff 0
  METER pre    k  29  private 608.5 MB (d +0.0)  handles 46056 (d +0)
  FACT  connect_from_wire node census: 635 rows
  FACT  OP connect_from_wire sink D[21].N[9].t0 <- w23807[0] -> err '' (0.3 s)
  FACT  connect #5171->#10871 AFTER node census: 636 rows
  FACT  connect #5171->#10871 CENSUS DIFF: Node 635 -> 636 ; 1 new uid(s): [(2731, 'Invoke', (4593, 5723))]
  FACT  connect #5171->#10871 new #2731 #2731 lives at: {'diagram_index': 21, 'diagram_uid': 23166, 'diagram_class': 'Diagram', 'nodes_index': 10, 'nodes_on_diagram': 11, 'label': 'Invoke Node'}  (22 diagram(s) scanned of 173, 0.9 s)
  FACT  connect #5171->#10871 new #2731 terminal table of #2731 (Diagram idx 21, Nodes[10], echo 2731): 6 terminal(s)
  FACT      connect #5171->#10871 new #2731 t0  'reference'                        is_source=False wire=0       errs=[0, 0, 0, 1055]
  FACT      connect #5171->#10871 new #2731 t1  'reference out'                    is_source=True  wire=0       errs=[0, 0, 0, 1055]
  FACT      connect #5171->#10871 new #2731 t2  'error in (no error)'              is_source=False wire=0       errs=[0, 0, 0, 1055]
  FACT      connect #5171->#10871 new #2731 t3  'error out'                        is_source=True  wire=0       errs=[0, 0, 0, 1055]
  FACT      connect #5171->#10871 new #2731 t4  'Method'                           is_source=False wire=0       errs=[0, 0, 0, 1055]
  FACT      connect #5171->#10871 new #2731 t5  'Method'                           is_source=True  wire=0       errs=[0, 0, 0, 1055]
  FACT  connect #5171->#10871 the junk node's FULL terminal table is printed above; 6 terminal(s), 0 WIRED - the purge precondition (ZERO wired) HOLDS
  FACT  connect #5171->#10871 purge delete Node #2731 at index 98: gone [2731], error '', census 636 -> 635, still present False (1.28 s)
  FACT  connect #5171->#10871 AFTER THE PURGE node census: 635 rows
  FACT  connect #5171->#10871 purge arithmetic: Node 635 -> 636 -> 635
  METER op     k  29  private 608.5 MB (d +0.0)  handles 46056 (d +0)
  METER read   k  29  private 608.5 MB (d +0.0)  handles 46056 (d +0)
  STEPX 29 connect        acts [33] ids ['rw_5171_10871'] bound {} diff 0
  METER pre    k  30  private 608.5 MB (d +0.0)  handles 46055 (d -1)
  FACT  connect_from_wire node census: 635 rows
  FACT  OP connect_from_wire sink D[21].N[8].t0 <- w23807[0] -> err '' (0.3 s)
  FACT  connect #5171->#10975 AFTER node census: 636 rows
  FACT  connect #5171->#10975 CENSUS DIFF: Node 635 -> 636 ; 1 new uid(s): [(2731, 'Invoke', (4593, 5723))]
  FACT  connect #5171->#10975 new #2731 #2731 lives at: {'diagram_index': 21, 'diagram_uid': 23166, 'diagram_class': 'Diagram', 'nodes_index': 10, 'nodes_on_diagram': 11, 'label': 'Invoke Node'}  (22 diagram(s) scanned of 173, 0.9 s)
  FACT  connect #5171->#10975 new #2731 terminal table of #2731 (Diagram idx 21, Nodes[10], echo 2731): 6 terminal(s)
  FACT      connect #5171->#10975 new #2731 t0  'reference'                        is_source=False wire=0       errs=[0, 0, 0, 1055]
  FACT      connect #5171->#10975 new #2731 t1  'reference out'                    is_source=True  wire=0       errs=[0, 0, 0, 1055]
  FACT      connect #5171->#10975 new #2731 t2  'error in (no error)'              is_source=False wire=0       errs=[0, 0, 0, 1055]
  FACT      connect #5171->#10975 new #2731 t3  'error out'                        is_source=True  wire=0       errs=[0, 0, 0, 1055]
  FACT      connect #5171->#10975 new #2731 t4  'Method'                           is_source=False wire=0       errs=[0, 0, 0, 1055]
  FACT      connect #5171->#10975 new #2731 t5  'Method'                           is_source=True  wire=0       errs=[0, 0, 0, 1055]
  FACT  connect #5171->#10975 the junk node's FULL terminal table is printed above; 6 terminal(s), 0 WIRED - the purge precondition (ZERO wired) HOLDS
  FACT  connect #5171->#10975 purge delete Node #2731 at index 98: gone [2731], error '', census 636 -> 635, still present False (1.29 s)
  FACT  connect #5171->#10975 AFTER THE PURGE node census: 635 rows
  FACT  connect #5171->#10975 purge arithmetic: Node 635 -> 636 -> 635
  METER op     k  30  private 612.6 MB (d +4.1)  handles 46058 (d +3)
  METER read   k  30  private 612.6 MB (d +0.0)  handles 46058 (d +0)
  STEPX 30 connect        acts [34] ids ['rw_5171_10975'] bound {} diff 0
  METER pre    k  31  private 612.6 MB (d +0.0)  handles 46058 (d +0)
  FACT  wire_control node census: 635 rows
  FACT  OP wire_control 'Reset Tracking'@D[21] -> Function[32].'y' -> err '' (0.4 s)
  FACT  connect #5634->#10256 AFTER node census: 635 rows
  FACT  connect #5634->#10256 CENSUS DIFF: Node 635 -> 635 ; 0 new uid(s): []
  METER op     k  31  private 612.6 MB (d +0.0)  handles 46081 (d +23)
  METER read   k  31  private 612.6 MB (d +0.0)  handles 46081 (d +0)
  STEPX 31 connect        acts [35] ids ['rw_5634_10256'] bound {} diff 0
  METER pre    k  32  private 612.6 MB (d +0.0)  handles 46081 (d +0)
  FACT  connect_nested_v1 node census: 635 rows
      op readback {'UID': 10445, 'Name': '', 'UID 2': 0, 'Is Broken?': False}
  FACT  OP connect_nested_v1 D[21].N[5].t0 <- D[21].N[3].t0 -> err '' (0.4 s)
  FACT  connect #9668->#10469 AFTER node census: 636 rows
  FACT  connect #9668->#10469 CENSUS DIFF: Node 635 -> 636 ; 1 new uid(s): [(2731, 'Invoke', (4593, 5723))]
  FACT  connect #9668->#10469 new #2731 #2731 lives at: {'diagram_index': 21, 'diagram_uid': 23166, 'diagram_class': 'Diagram', 'nodes_index': 10, 'nodes_on_diagram': 11, 'label': 'Invoke Node'}  (22 diagram(s) scanned of 173, 0.9 s)
  FACT  connect #9668->#10469 new #2731 terminal table of #2731 (Diagram idx 21, Nodes[10], echo 2731): 6 terminal(s)
  FACT      connect #9668->#10469 new #2731 t0  'reference'                        is_source=False wire=0       errs=[0, 0, 0, 1055]
  FACT      connect #9668->#10469 new #2731 t1  'reference out'                    is_source=True  wire=0       errs=[0, 0, 0, 1055]
  FACT      connect #9668->#10469 new #2731 t2  'error in (no error)'              is_source=False wire=0       errs=[0, 0, 0, 1055]
  FACT      connect #9668->#10469 new #2731 t3  'error out'                        is_source=True  wire=0       errs=[0, 0, 0, 1055]
  FACT      connect #9668->#10469 new #2731 t4  'Method'                           is_source=False wire=0       errs=[0, 0, 0, 1055]
  FACT      connect #9668->#10469 new #2731 t5  'Method'                           is_source=True  wire=0       errs=[0, 0, 0, 1055]
  FACT  connect #9668->#10469 the junk node's FULL terminal table is printed above; 6 terminal(s), 0 WIRED - the purge precondition (ZERO wired) HOLDS
  FACT  connect #9668->#10469 purge delete Node #2731 at index 98: gone [2731], error '', census 636 -> 635, still present False (1.29 s)
  FACT  connect #9668->#10469 AFTER THE PURGE node census: 635 rows
  FACT  connect #9668->#10469 purge arithmetic: Node 635 -> 636 -> 635
  METER op     k  32  private 612.7 MB (d +0.1)  handles 46107 (d +26)
  METER read   k  32  private 612.7 MB (d +0.0)  handles 46108 (d +1)
  STEPX 32 connect        acts [36] ids ['rw_9668_10469'] bound {} diff 0
  METER pre    k  33  private 612.7 MB (d +0.0)  handles 46108 (d +0)
  FACT  connect_nested_v1 node census: 635 rows
      op readback {'UID': 5540, 'Name': '', 'UID 2': 0, 'Is Broken?': False}
  FACT  OP connect_nested_v1 D[21].N[2].t0 <- D[21].N[4].t0 -> err '' (0.4 s)
  FACT  connect #10253->#5608 AFTER node census: 636 rows
  FACT  connect #10253->#5608 CENSUS DIFF: Node 635 -> 636 ; 1 new uid(s): [(2731, 'Invoke', (4593, 5723))]
  FACT  connect #10253->#5608 new #2731 #2731 lives at: {'diagram_index': 21, 'diagram_uid': 23166, 'diagram_class': 'Diagram', 'nodes_index': 10, 'nodes_on_diagram': 11, 'label': 'Invoke Node'}  (22 diagram(s) scanned of 173, 0.9 s)
  FACT  connect #10253->#5608 new #2731 terminal table of #2731 (Diagram idx 21, Nodes[10], echo 2731): 6 terminal(s)
  FACT      connect #10253->#5608 new #2731 t0  'reference'                        is_source=False wire=0       errs=[0, 0, 0, 1055]
  FACT      connect #10253->#5608 new #2731 t1  'reference out'                    is_source=True  wire=0       errs=[0, 0, 0, 1055]
  FACT      connect #10253->#5608 new #2731 t2  'error in (no error)'              is_source=False wire=0       errs=[0, 0, 0, 1055]
  FACT      connect #10253->#5608 new #2731 t3  'error out'                        is_source=True  wire=0       errs=[0, 0, 0, 1055]
  FACT      connect #10253->#5608 new #2731 t4  'Method'                           is_source=False wire=0       errs=[0, 0, 0, 1055]
  FACT      connect #10253->#5608 new #2731 t5  'Method'                           is_source=True  wire=0       errs=[0, 0, 0, 1055]
  FACT  connect #10253->#5608 the junk node's FULL terminal table is printed above; 6 terminal(s), 0 WIRED - the purge precondition (ZERO wired) HOLDS
  FACT  connect #10253->#5608 purge delete Node #2731 at index 98: gone [2731], error '', census 636 -> 635, still present False (1.28 s)
  FACT  connect #10253->#5608 AFTER THE PURGE node census: 635 rows
  FACT  connect #10253->#5608 purge arithmetic: Node 635 -> 636 -> 635
  METER op     k  33  private 612.7 MB (d +0.0)  handles 46103 (d -5)
  METER read   k  33  private 612.7 MB (d +0.0)  handles 46103 (d +0)
  STEPX 33 connect        acts [37] ids ['rw_10253_5608'] bound {} diff 0
  METER pre    k  34  private 612.7 MB (d +0.0)  handles 46103 (d +0)
  FACT  connect_nested_v1 node census: 635 rows
      op readback {'UID': 10247, 'Name': 'x', 'UID 2': 0, 'Is Broken?': False}
  FACT  OP connect_nested_v1 D[21].N[4].t2 <- D[21].N[5].t1 -> err '' (0.4 s)
  FACT  connect #10594->#10259 AFTER node census: 636 rows
  FACT  connect #10594->#10259 CENSUS DIFF: Node 635 -> 636 ; 1 new uid(s): [(2731, 'Invoke', (4593, 5723))]
  FACT  connect #10594->#10259 new #2731 #2731 lives at: {'diagram_index': 21, 'diagram_uid': 23166, 'diagram_class': 'Diagram', 'nodes_index': 10, 'nodes_on_diagram': 11, 'label': 'Invoke Node'}  (22 diagram(s) scanned of 173, 0.9 s)
  FACT  connect #10594->#10259 new #2731 terminal table of #2731 (Diagram idx 21, Nodes[10], echo 2731): 6 terminal(s)
  FACT      connect #10594->#10259 new #2731 t0  'reference'                        is_source=False wire=0       errs=[0, 0, 0, 1055]
  FACT      connect #10594->#10259 new #2731 t1  'reference out'                    is_source=True  wire=0       errs=[0, 0, 0, 1055]
  FACT      connect #10594->#10259 new #2731 t2  'error in (no error)'              is_source=False wire=0       errs=[0, 0, 0, 1055]
  FACT      connect #10594->#10259 new #2731 t3  'error out'                        is_source=True  wire=0       errs=[0, 0, 0, 1055]
  FACT      connect #10594->#10259 new #2731 t4  'Method'                           is_source=False wire=0       errs=[0, 0, 0, 1055]
  FACT      connect #10594->#10259 new #2731 t5  'Method'                           is_source=True  wire=0       errs=[0, 0, 0, 1055]
  FACT  connect #10594->#10259 the junk node's FULL terminal table is printed above; 6 terminal(s), 0 WIRED - the purge precondition (ZERO wired) HOLDS
  FACT  connect #10594->#10259 purge delete Node #2731 at index 98: gone [2731], error '', census 636 -> 635, still present False (1.29 s)
  FACT  connect #10594->#10259 AFTER THE PURGE node census: 635 rows
  FACT  connect #10594->#10259 purge arithmetic: Node 635 -> 636 -> 635
  METER op     k  34  private 612.7 MB (d +0.0)  handles 46103 (d +0)
  METER read   k  34  private 612.7 MB (d +0.0)  handles 46103 (d +0)
  STEPX 34 connect        acts [38] ids ['rw_10594_10259'] bound {} diff 0
  METER pre    k  35  private 612.7 MB (d +0.0)  handles 46104 (d +1)
  FACT  wire_const node census: 635 rows
  FACT  OP wire_const DigitalNumericConstant[30] #10739 -> Comparison[3].t1 -> err '' (0.4 s)
  FACT  connect #10738->#11055 AFTER node census: 635 rows
  FACT  connect #10738->#11055 CENSUS DIFF: Node 635 -> 635 ; 0 new uid(s): []
  METER op     k  35  private 612.8 MB (d +0.1)  handles 46121 (d +17)
  METER read   k  35  private 612.8 MB (d +0.0)  handles 46121 (d +0)
  STEPX 35 connect        acts [39] ids ['rw_10738_11055'] bound {} diff 0
  METER pre    k  36  private 612.8 MB (d +0.0)  handles 46121 (d +0)
  FACT  wire_const node census: 635 rows
  FACT  OP wire_const DigitalNumericConstant[31] #10929 -> IndexArray[7].t2 -> err '' (0.4 s)
  FACT  connect #10943->#10877 AFTER node census: 635 rows
  FACT  connect #10943->#10877 CENSUS DIFF: Node 635 -> 635 ; 0 new uid(s): []
  METER op     k  36  private 616.8 MB (d +4.0)  handles 46120 (d -1)
  METER read   k  36  private 616.8 MB (d +0.0)  handles 46120 (d +0)
  STEPX 36 connect        acts [40] ids ['rw_10943_10877'] bound {} diff 0
  METER pre    k  37  private 616.8 MB (d +0.0)  handles 46120 (d +0)
  FACT  wire_ctlsink node census: 635 rows
  FACT  OP wire_ctlsink ControlTerminal[28] #17272 <- Function[29].t3 -> err '' (0.4 s)
  FACT  connect #10988->#17272 AFTER node census: 635 rows
  FACT  connect #10988->#17272 CENSUS DIFF: Node 635 -> 635 ; 0 new uid(s): []
  METER op     k  37  private 616.8 MB (d +0.0)  handles 46133 (d +13)
  METER read   k  37  private 616.8 MB (d +0.0)  handles 46132 (d -1)
  STEPX 37 connect        acts [41] ids ['rw_10988_17272'] bound {} diff 0
  METER pre    k  38  private 616.8 MB (d +0.0)  handles 46132 (d +0)
  FACT  connect_nested_v1 node census: 635 rows
      op readback {'UID': 9647, 'Name': 'x', 'UID 2': 0, 'Is Broken?': False}
  FACT  OP connect_nested_v1 D[21].N[3].t2 <- D[21].N[6].t0 -> err '' (0.4 s)
  FACT  connect #11052->#9680 AFTER node census: 636 rows
  FACT  connect #11052->#9680 CENSUS DIFF: Node 635 -> 636 ; 1 new uid(s): [(2731, 'Invoke', (4593, 5723))]
  FACT  connect #11052->#9680 new #2731 #2731 lives at: {'diagram_index': 21, 'diagram_uid': 23166, 'diagram_class': 'Diagram', 'nodes_index': 10, 'nodes_on_diagram': 11, 'label': 'Invoke Node'}  (22 diagram(s) scanned of 173, 0.9 s)
  FACT  connect #11052->#9680 new #2731 terminal table of #2731 (Diagram idx 21, Nodes[10], echo 2731): 6 terminal(s)
  FACT      connect #11052->#9680 new #2731 t0  'reference'                        is_source=False wire=0       errs=[0, 0, 0, 1055]
  FACT      connect #11052->#9680 new #2731 t1  'reference out'                    is_source=True  wire=0       errs=[0, 0, 0, 1055]
  FACT      connect #11052->#9680 new #2731 t2  'error in (no error)'              is_source=False wire=0       errs=[0, 0, 0, 1055]
  FACT      connect #11052->#9680 new #2731 t3  'error out'                        is_source=True  wire=0       errs=[0, 0, 0, 1055]
  FACT      connect #11052->#9680 new #2731 t4  'Method'                           is_source=False wire=0       errs=[0, 0, 0, 1055]
  FACT      connect #11052->#9680 new #2731 t5  'Method'                           is_source=True  wire=0       errs=[0, 0, 0, 1055]
  FACT  connect #11052->#9680 the junk node's FULL terminal table is printed above; 6 terminal(s), 0 WIRED - the purge precondition (ZERO wired) HOLDS
  FACT  connect #11052->#9680 purge delete Node #2731 at index 98: gone [2731], error '', census 636 -> 635, still present False (1.32 s)
  FACT  connect #11052->#9680 AFTER THE PURGE node census: 635 rows
  FACT  connect #11052->#9680 purge arithmetic: Node 635 -> 636 -> 635
  METER op     k  38  private 616.9 MB (d +0.1)  handles 46133 (d +1)
  METER read   k  38  private 616.9 MB (d +0.0)  handles 46133 (d +0)
  STEPX 38 connect        acts [42] ids ['rw_11052_9680'] bound {} diff 0
  METER pre    k  39  private 616.9 MB (d +0.0)  handles 46133 (d +0)
  FACT  connect_nested_v1 node census: 635 rows
      op readback {'UID': 10950, 'Name': 'x', 'UID 2': 0, 'Is Broken?': False}
  FACT  OP connect_nested_v1 D[21].N[6].t2 <- D[21].N[7].t4 -> err '' (0.4 s)
  FACT  connect #17365->#11059 AFTER node census: 636 rows
  FACT  connect #17365->#11059 CENSUS DIFF: Node 635 -> 636 ; 1 new uid(s): [(2731, 'Invoke', (4593, 5723))]
  FACT  connect #17365->#11059 new #2731 #2731 lives at: {'diagram_index': 21, 'diagram_uid': 23166, 'diagram_class': 'Diagram', 'nodes_index': 10, 'nodes_on_diagram': 11, 'label': 'Invoke Node'}  (22 diagram(s) scanned of 173, 1.0 s)
  FACT  connect #17365->#11059 new #2731 terminal table of #2731 (Diagram idx 21, Nodes[10], echo 2731): 6 terminal(s)
  FACT      connect #17365->#11059 new #2731 t0  'reference'                        is_source=False wire=0       errs=[0, 0, 0, 1055]
  FACT      connect #17365->#11059 new #2731 t1  'reference out'                    is_source=True  wire=0       errs=[0, 0, 0, 1055]
  FACT      connect #17365->#11059 new #2731 t2  'error in (no error)'              is_source=False wire=0       errs=[0, 0, 0, 1055]
  FACT      connect #17365->#11059 new #2731 t3  'error out'                        is_source=True  wire=0       errs=[0, 0, 0, 1055]
  FACT      connect #17365->#11059 new #2731 t4  'Method'                           is_source=False wire=0       errs=[0, 0, 0, 1055]
  FACT      connect #17365->#11059 new #2731 t5  'Method'                           is_source=True  wire=0       errs=[0, 0, 0, 1055]
  FACT  connect #17365->#11059 the junk node's FULL terminal table is printed above; 6 terminal(s), 0 WIRED - the purge precondition (ZERO wired) HOLDS
  FACT  connect #17365->#11059 purge delete Node #2731 at index 98: gone [2731], error '', census 636 -> 635, still present False (1.30 s)
  FACT  connect #17365->#11059 AFTER THE PURGE node census: 635 rows
  FACT  connect #17365->#11059 purge arithmetic: Node 635 -> 636 -> 635
  METER op     k  39  private 625.9 MB (d +9.0)  handles 46132 (d -1)
  METER read   k  39  private 625.9 MB (d +0.0)  handles 46132 (d +0)
  STEPX 39 connect        acts [43] ids ['rw_17365_11059'] bound {} diff 0
  METER pre    k  40  private 625.9 MB (d +0.0)  handles 46132 (d +0)
  FACT  wire_control node census: 635 rows
  FACT  OP wire_control 'Auto-Reset'@D[21] -> Function[33].'y' -> err '' (0.4 s)
  FACT  connect #17487->#9676 AFTER node census: 635 rows
  FACT  connect #17487->#9676 CENSUS DIFF: Node 635 -> 635 ; 0 new uid(s): []
  METER op     k  40  private 625.9 MB (d +0.0)  handles 46133 (d +1)
  METER read   k  40  private 630.0 MB (d +4.1)  handles 46132 (d -1)
  FACT  STEP44 CHECK vs tools/bench/sim/l2a1/step_44_wire.json: diff 0 {}
  STEPX 40 connect        acts [44] ids ['rw_17487_9676'] bound {} diff 0
  METER pre    k  41  private 630.0 MB (d +0.0)  handles 46132 (d +0)
  FACT  wire_tunouter node census: 635 rows
  FACT  OP wire_tunouter SelectorTunnel[11] #5680 -> SubVI[17].t0 -> err '' (0.4 s)
  FACT  connect #6007->#5082 AFTER node census: 635 rows
  FACT  connect #6007->#5082 CENSUS DIFF: Node 635 -> 635 ; 0 new uid(s): []
  METER op     k  41  private 630.0 MB (d +0.0)  handles 46151 (d +19)
  FACT  READBACK op 41 {"tag": "rw_6007_5082", "face": 6007, "tun": 5680, "snk": 5082, "node": 5058, "wire": 25517, "srcs": [6007], "own": [5680], "snks": [5082], "snk_owner": 5058, "snk_name": "Bead is good? array in"}
  METER read   k  41  private 634.2 MB (d +4.2)  handles 46152 (d +1)
  STEPX 41 connect        acts [45] ids ['rw_6007_5082'] bound {} diff 0
  METER pre    k  42  private 634.2 MB (d +0.0)  handles 46152 (d +0)
  FACT  wire_tunouter node census: 635 rows
  FACT  OP wire_tunouter SelectorTunnel[15] #6016 -> SubVI[17].t7 -> err '' (0.4 s)
  FACT  connect #6026->#5164 AFTER node census: 635 rows
  FACT  connect #6026->#5164 CENSUS DIFF: Node 635 -> 635 ; 0 new uid(s): []
  METER op     k  42  private 634.3 MB (d +0.1)  handles 46153 (d +1)
  FACT  READBACK op 42 {"tag": "rw_6026_5164", "face": 6026, "tun": 6016, "snk": 5164, "node": 5058, "wire": 25520, "srcs": [6026], "own": [6016], "snks": [5164], "snk_owner": 5058, "snk_name": "x,y,z array"}
  METER read   k  42  private 634.4 MB (d +0.1)  handles 46153 (d +0)
  STEPX 42 connect        acts [46] ids ['rw_6026_5164'] bound {} diff 0
OBSERVED END of replay: exc ''
  FACT  MEM {"after_load": {"mb": 569.8, "handles": 45632}, "after_op40_pre_check": {"mb": 625.9, "handles": 46133}, "after_step44_check": {"mb": 630.0, "handles": 46132}, "after_op41": {"mb": 630.0, "handles": 46151}, "after_read41": {"mb": 634.2, "handles": 46152}, "after_op42": {"mb": 634.3, "handles": 46153}, "after_read42": {"mb": 634.4, "handles": 46153}}
  FACT  READS skipped [1, 2, 3, 4, 5, 6, 7, 8, 9, 10, 11, 12, 13, 14, 16, 17, 18, 20, 21, 22, 24, 25, 26, 29, 30, 31, 32, 33, 34, 35, 36, 37, 38, 39] / real [0, 15, 19, 23, 27, 28, 40, 41, 42] / retries []
  FACT  E2 RESULT: last op k 42; error 2 no; exc ''
  PASS  C1 ops 1-40 ran with reads skipped (last op k 42)  34
  PASS  C2 step_44 check measured: diff 0
  PASS  M private MB measured at load/op40/check/op41/read41  {'after_load': {'mb': 569.8, 'handles': 45632}, 'after_op40_pre_check': {'mb': 625.9, 'handles': 46133}, 'after_step44_check': {'mb': 630.0, 'handles': 46132}, 'after_op41': {'mb': 630.0, 'handles': 46151}, 'after_read41': {'mb': 634.2, 'handles': 46152}, 'after_op42': {'mb': 634.3, 'handles': 46153}, 'after_read42': {'mb': 634.4, 'handles': 46153}}
  PASS  R41 rw_6007_5082: sole source #6007 (owner #5680), sole sink BY UID #5082  {"tag": "rw_6007_5082", "face": 6007, "tun": 5680, "snk": 5082, "node": 5058, "wire": 25517, "srcs": [6007], "own": [5680], "snks": [5082], "snk_owner": 5058, "snk_name": "Bead is good? array in"}
  PASS  R42 rw_6026_5164: sole source #6026 (owner #6016), sole sink BY UID #5164  {"tag": "rw_6026_5164", "face": 6026, "tun": 6016, "snk": 5164, "node": 5058, "wire": 25520, "srcs": [6026], "own": [6016], "snks": [5164], "snk_owner": 5058, "snk_name": "x,y,z array"}
  FACT  rw_6007_5082 OpWireSource_v5(UID 2 = 25517): 3 row(s), 2 with a REAL owner
  FACT      rw_6007_5082   t0  is_source=True  owner_class='SelectorTunnel'           owner_uid=5680    recip=25517
  FACT      rw_6007_5082   t1  is_source=False owner_class='SubVI'                    owner_uid=5058    recip=25517
  FACT      rw_6007_5082   t2  is_source=None  owner_class=None                       owner_uid=None    recip=None  READ ERROR errO=error 1055: Property Node in OpWireSource_v5.vi; errU=error 1055: Property Node in OpWireSource_v5.vi; errG=error 1055: Property Node in OpWireSource_v5.vi; errS=error 1055: Property Node in OpWireSource_v5.vi; errWU=error 1055: Property Node in OpWireSource_v5.vi; errCO=error 1055: Property Node in OpWireSource_v5.vi
  FACT  rw_6007_5082 PD85 PRECONDITION: 2 real-owner row(s), 0 violate recip==queried_uid
  FACT  NET w25517: source-terminal owners [('SelectorTunnel', 5680)] ; every owner [('SelectorTunnel', 5680), ('SubVI', 5058)] ; PD85 0
  FACT  rw_6007_5082 2nd AFTER node census: 636 rows
  FACT  rw_6007_5082 2nd CENSUS DIFF: Node 635 -> 636 ; 1 new uid(s): [(2731, 'Invoke', (4593, 5723))]
  FACT  rw_6007_5082 2nd new #2731 #2731 lives at: {'diagram_index': 21, 'diagram_uid': 23166, 'diagram_class': 'Diagram', 'nodes_index': 10, 'nodes_on_diagram': 11, 'label': 'Invoke Node'}  (22 diagram(s) scanned of 173, 1.0 s)
  FACT  rw_6007_5082 2nd new #2731 terminal table of #2731 (Diagram idx 21, Nodes[10], echo 2731): 6 terminal(s)
  FACT      rw_6007_5082 2nd new #2731 t0  'reference'                        is_source=False wire=0       errs=[0, 0, 0, 1055]
  FACT      rw_6007_5082 2nd new #2731 t1  'reference out'                    is_source=True  wire=0       errs=[0, 0, 0, 1055]
  FACT      rw_6007_5082 2nd new #2731 t2  'error in (no error)'              is_source=False wire=0       errs=[0, 0, 0, 1055]
  FACT      rw_6007_5082 2nd new #2731 t3  'error out'                        is_source=True  wire=0       errs=[0, 0, 0, 1055]
  FACT      rw_6007_5082 2nd new #2731 t4  'Method'                           is_source=False wire=0       errs=[0, 0, 0, 1055]
  FACT      rw_6007_5082 2nd new #2731 t5  'Method'                           is_source=True  wire=0       errs=[0, 0, 0, 1055]
  FACT  rw_6007_5082 2nd the junk node's FULL terminal table is printed above; 6 terminal(s), 0 WIRED - the purge precondition (ZERO wired) HOLDS
  FACT  rw_6007_5082 2nd purge delete Node #2731 at index 98: gone [2731], error '', census 636 -> 635, still present False (1.31 s)
  FACT  rw_6007_5082 2nd AFTER THE PURGE node census: 635 rows
  FACT  rw_6007_5082 2nd purge arithmetic: Node 635 -> 636 -> 635
  PASS  S41 rw_6007_5082 ordered 2nd pass wire_delta 0, Is Broken? False  (0, False)
  FACT  rw_6026_5164 OpWireSource_v5(UID 2 = 25520): 3 row(s), 2 with a REAL owner
  FACT      rw_6026_5164   t0  is_source=True  owner_class='SelectorTunnel'           owner_uid=6016    recip=25520
  FACT      rw_6026_5164   t1  is_source=False owner_class='SubVI'                    owner_uid=5058    recip=25520
  FACT      rw_6026_5164   t2  is_source=None  owner_class=None                       owner_uid=None    recip=None  READ ERROR errO=error 1055: Property Node in OpWireSource_v5.vi; errU=error 1055: Property Node in OpWireSource_v5.vi; errG=error 1055: Property Node in OpWireSource_v5.vi; errS=error 1055: Property Node in OpWireSource_v5.vi; errWU=error 1055: Property Node in OpWireSource_v5.vi; errCO=error 1055: Property Node in OpWireSource_v5.vi
  FACT  rw_6026_5164 PD85 PRECONDITION: 2 real-owner row(s), 0 violate recip==queried_uid
  FACT  NET w25520: source-terminal owners [('SelectorTunnel', 6016)] ; every owner [('SelectorTunnel', 6016), ('SubVI', 5058)] ; PD85 0
  FACT  rw_6026_5164 2nd AFTER node census: 636 rows
  FACT  rw_6026_5164 2nd CENSUS DIFF: Node 635 -> 636 ; 1 new uid(s): [(2731, 'Invoke', (4593, 5723))]
  FACT  rw_6026_5164 2nd new #2731 #2731 lives at: {'diagram_index': 21, 'diagram_uid': 23166, 'diagram_class': 'Diagram', 'nodes_index': 10, 'nodes_on_diagram': 11, 'label': 'Invoke Node'}  (22 diagram(s) scanned of 173, 1.0 s)
  FACT  rw_6026_5164 2nd new #2731 terminal table of #2731 (Diagram idx 21, Nodes[10], echo 2731): 6 terminal(s)
  FACT      rw_6026_5164 2nd new #2731 t0  'reference'                        is_source=False wire=0       errs=[0, 0, 0, 1055]
  FACT      rw_6026_5164 2nd new #2731 t1  'reference out'                    is_source=True  wire=0       errs=[0, 0, 0, 1055]
  FACT      rw_6026_5164 2nd new #2731 t2  'error in (no error)'              is_source=False wire=0       errs=[0, 0, 0, 1055]
  FACT      rw_6026_5164 2nd new #2731 t3  'error out'                        is_source=True  wire=0       errs=[0, 0, 0, 1055]
  FACT      rw_6026_5164 2nd new #2731 t4  'Method'                           is_source=False wire=0       errs=[0, 0, 0, 1055]
  FACT      rw_6026_5164 2nd new #2731 t5  'Method'                           is_source=True  wire=0       errs=[0, 0, 0, 1055]
  FACT  rw_6026_5164 2nd the junk node's FULL terminal table is printed above; 6 terminal(s), 0 WIRED - the purge precondition (ZERO wired) HOLDS
  FACT  rw_6026_5164 2nd purge delete Node #2731 at index 98: gone [2731], error '', census 636 -> 635, still present False (1.32 s)
  FACT  rw_6026_5164 2nd AFTER THE PURGE node census: 635 rows
  FACT  rw_6026_5164 2nd purge arithmetic: Node 635 -> 636 -> 635
  PASS  S42 rw_6026_5164 ordered 2nd pass wire_delta 0, Is Broken? False  (0, False)

---------- [H] HYGIENE
  FACT  close_panel(D1_k_scratch_meter86d_20260925_232234.vi) raised com_error: (-2147352567, '??? ??????.', (6649, 'LabVIEW', 'LabVIEW: (Hex 0x47D) Cannot close or set the state of a closed front panel. The front panel must already be open before you close it or set its state.', None, 0, 0), None)
  FACT  gscript ref_counts: {'opened': 18, 'closed': 18, 'live': 0, 'cached_op_vis': 18}
  PASS  H5 VI-Server reference counter level (opened == closed)  {'opened': 18, 'closed': 18, 'live': 0, 'cached_op_vis': 18}
  FACT  LabVIEW handle count AFTER the work: 46149
  PASS  H4 scratch deleted: D1_k_scratch_meter86d_20260925_232234.vi  C:\Program Files\National Instruments\LabVIEW 2026\user.lib\claudeDev\D1_k_scratch_meter86d_20260925_232234.vi
  PASS  H2 the INPUT's md5 is UNCHANGED after the run  before 6cf5b0777aafa12112d8a786a9eed1ed / after 6cf5b0777aafa12112d8a786a9eed1ed
  FACT  PIN AFTER  ORIGINAL         2a78e17c449cacdaf5da389818526859  (want 2a78e17c449cacdaf5da389818526859) OK
  FACT  PIN AFTER  S1 D1_s1_copy    3e3d23cefd3a334001aa9d6156bf1aee  (want 3e3d23cefd3a334001aa9d6156bf1aee) OK
  FACT  PIN AFTER  S2 D1_s2_loops   6ff19497f2309e007a214660bb64b911  (want 6ff19497f2309e007a214660bb64b911) OK
  FACT  PIN AFTER  ROW2 bed         26c54ff784cb5cea21edbd214d2cc3a0  (want 26c54ff784cb5cea21edbd214d2cc3a0) OK
  FACT  PIN AFTER  M3a-2            3842f5e6f128226235dc78353f26ef44  (want 3842f5e6f128226235dc78353f26ef44) OK
  PASS  H3 every md5 pin still holds
  FACT  THE FILES THIS RUN LEFT ON DISK: []  (removed: [])
  PASS  H6 the files left on disk == [] and nothing was removed  added [] removed []
  FACT  LabVIEW handle count at exit: 33987

====================================================================================================
=== GATES: 15 pass / 0 fail
JSON: G:\Codes\LabVIEW_Codes\MinLab\zz_LabView VI\AAA_UNIST\2. Tracking\V6_ParallelLoop\tools\bench\meter_l2a1_86d.json   elapsed 905.8 s
RESULT {"schema":"result-line/1","status":"PASS","gates":{"pass":15,"fail":0},"first_fail":null,"artefacts":[]}
  PASS  H1 LabVIEW process gone at the end
  PASS  H2b D1_k md5 unchanged  6cf5b0777aafa12112d8a786a9eed1ed
  PASS  H3b scratch copy deleted  C:\Program Files\National Instruments\LabVIEW 2026\user.lib\claudeDev\D1_k_scratch_meter86d_20260925_232234.vi

====================================================================================================
=== GATES: 18 pass / 0 fail
JSON: G:\Codes\LabVIEW_Codes\MinLab\zz_LabView VI\AAA_UNIST\2. Tracking\V6_ParallelLoop\tools\bench\meter_l2a1_86d.json   elapsed 910.1 s
RESULT {"schema":"result-line/1","status":"PASS","gates":{"pass":18,"fail":0},"first_fail":null,"artefacts":[]}
BGRUN END rc=0 after 910s
