BGRUN START 2026-09-25 16:18:52 limit 5.0 min: C:\Users\KimLab\AppData\Local\Programs\Python\Python310\python.exe G:\Codes\LabVIEW_Codes\MinLab\zz_LabView VI\AAA_UNIST\2. Tracking\V6_ParallelLoop\tools\motor_gate.py --session start
before: POS?=1=0.00000 TMN?=1=0.00000 TMX?=1=52.00000 ERR?=0
PRELIMITS TMN=0 TMX=52
ERR? after SPA = 0
LIMITS TMN=0 TMX=39 SPA15=39 SPA30=0
REFERENCE: POS before=0 -> SENT FNL 1 (to the negative limit switch)
REFSTATE RON=1 FRF=1 POS=-0.0001 POS_BEFORE=0 ERR=0 travelled=0.000
VERIFY: commanded=2 readback=1.9998 delta=0.0002 err=0 -> OK
VERIFY: commanded=0 readback=0.00015 delta=0.0002 err=0 -> OK
VERIFY-RESULT: OK - reference move done and the stage follows commands
LIMITS TMN=0 TMX=39 SPA15=39 SPA30=0
RESULT: controller limits are TMN=0 TMX=39 (mode limits-set)
PI  : PI controller limits match the file (TMN 0.0000 / TMX 39.0000, tol 0.001) (sender code=0)
PI  : reference {"FRF": 1.0, "POS": -0.0001, "POS_BEFORE": 0.0, "RON": 1.0} -> REFERENCED at 0; verify OK (attempt 1/3)
before SL: :A X=-500.000000 Y=-500.000000   SU: :A X=500.000000 Y=500.000000
SL write -> :A
SU write -> :A
LIMITS SL X=-3.847494 Y=-4.774393 SU X=0.152497 Y=-0.774402
position after (must be unchanged): X=-24071 Y=-36863
RESULT: controller limits set (mode limits-set)
ASI : ASI controller limits match the file (SL {'X': -3.8475, 'Y': -4.7744} / SU {'X': 0.1525, 'Y': -0.7744} mm, tol 0.001) (sender code=0)
SESSION START OK -> G:\Codes\LabVIEW_Codes\MinLab\zz_LabView VI\AAA_UNIST\2. Tracking\V6_ParallelLoop\tools\bench\motor_session.json
RESULT {"schema":"result-line/1","status":"PASS","gates":{"pass":1,"fail":0},"first_fail":null,"artefacts":[]}
BGRUN END rc=0 after 6s
