BGRUN START 2026-09-13 09:40:06 limit 35.0 min: py -u -c 
import os,sys,json
sys.path.insert(0,os.path.abspath('tools'))
import gscript as g
g._lv=None
WORK=r'G:\Codes\LabVIEW_Codes\MinLab\zz_LabView VI\AAA_UNIST\2. Tracking\Min_Track N beads V6_ParallelLoop.vi'
n=g.count(WORK,'Node'); print('Node objects:',n,flush=True)
objs=g.report(WORK,'Node')
pos={o['uid']:o.get('pos') for o in objs if o.get('pos')}
print('positions for %d nodes'%len(pos),flush=True)
tree=json.load(open('tools/bench/diagram_tree_main.json',encoding='utf-8'))['diagrams']
box={}
for d,info in tree.items():
    ps=[pos[u] for u in info['uids'] if pos.get(u)]
    if ps:
        xs=[p[0] for p in ps]; ys=[p[1] for p in ps]
        box[int(d)]=(min(xs),min(ys),max(xs),max(ys),len(ps),info['owner'])
json.dump({str(k):list(v) for k,v in box.items()},open('tools/bench/node_boxes.json','w',encoding='utf-8'),indent=1)
print('boxes for %d diagrams'%len(box),flush=True)
T={'CycleSchedule':(-10604,1049),'NumCol':(-6265,963),'SubCycle':(3160,987),'Start Cycles':(6054,1258),'Mag Position':(-8545,887)}
for name,(tx,ty) in T.items():
    c=[(d,b) for d,b in box.items() if b[0]<=tx<=b[2] and b[1]<=ty<=b[3]]
    c.sort(key=lambda kv:(kv[1][2]-kv[1][0])*(kv[1][3]-kv[1][1]))
    print()
    print('%-16s (%d,%d): %d diagrams CONTAIN it'%(name,tx,ty,len(c)),flush=True)
    for d,b in c[:5]:
        print('    diagram %-5s x[%6d..%6d] y[%5d..%5d]  %2d nodes  owner %s'%(d,b[0],b[2],b[1],b[3],b[4],b[5]),flush=True)

Node objects: 626
positions for 626 nodes
boxes for 124 diagrams

CycleSchedule    (-10604,1049): 0 diagrams CONTAIN it

NumCol           (-6265,963): 0 diagrams CONTAIN it

SubCycle         (3160,987): 2 diagrams CONTAIN it
    diagram 43    x[  2730..  6298] y[  942.. 2704]  75 nodes  owner WhileLoop
    diagram 19    x[  2082..  9001] y[  136.. 2498]  21 nodes  owner FlatSequenceFrame

Start Cycles     (6054,1258): 2 diagrams CONTAIN it
    diagram 43    x[  2730..  6298] y[  942.. 2704]  75 nodes  owner WhileLoop
    diagram 19    x[  2082..  9001] y[  136.. 2498]  21 nodes  owner FlatSequenceFrame

Mag Position     (-8545,887): 0 diagrams CONTAIN it
BGRUN END rc=0 after 618s
