BGRUN START 2026-09-24 22:32:07 limit 45.0 min: py -u tools/bench/opmodels_measure.py B2
opmodels_measure - card chat-S1 step B (docs/stage-simulator-plan.md "Op effect models"). For each op: ONE dated scratch
COPY of claudeDev\D1_s4_loop17.vi (4b621946...), >= 2 targets applied in order on it; per target READ BEFORE
(allterms.read_terms + report_all GObject) -> op -> READ AFTER (before any junk purge, so stray Invokes are SEEN) ->
opmodels_lib.diff -> tools/bench/opmodels/raw/<op>_<n>.json; then the measured junk purge (setup, not modelled) and the
next target. Setup edits a target needs (a move before a tunnel connect, a delete before a const) run BEFORE the BEFORE read.
Models (rules) are fitted OFFLINE from the raw files by opmodels_fit.py. argv[1] = group B1 | B2.
TARGETS were chosen offline from tools/bench/opmodels/bed_s4_loop17.json + bed_s4_map.json (step A/A2, 12/0 + 13/0):
  B1 move_in #194, #25091 -> body #23405 | delete_wire w2160 (1 sink), w9166 (2 sinks) | delete_object Function #7201,
     SubVI #27605 | remove_bad_wires after delete_object #1628, after move_in #25149 | add_shift_reg WhileLoop #23041 y260,
     #10170 y120 | primitive build_index_array top-level at (200,200), (400,200)
  B2 tunnel (connect_nested_v1 across the #23405 border): IN #25091'x*y' -> moved #25149'x', OUT moved #194'x-y' -> #1628'x'
     | connect_from_wire: moved #9342'array' <- w9415 (FSIT #9426 source), moved #7201'x' <- w23519 (#8486 source, branched)
     | wire_sr RightIn: new SR on #23041 <- #23042'x = y?', new SR on #10170 <- #10171'x = y?'
     | fs_inner_tunnel_connect after delete_wire: FSIT #25059 <- #24065'x*y' (w25092), FSIT #5183 <- #5426'x+y' (w5297)
     | const create_const_on_term: #6440 'error in (no error)' (bare, loop #25380), #23844 'milliseconds to wait' after
       delete_wire w24080 (loop #23032)
PRIOR ART (checked first, nothing new built): stagekit.Stage/scratch/drop_scratch/close; allterms.read_terms;
gscript.report_all/node_labels/node_terms_uid/add_shift_reg/shift_reg/wire_sr/remove_bad_wires_scripted/build_index_array;
build_d1_v0.move_in/diag_index; build_opfsinnertunnelconnect_v0.del_wire/del_node/purge_junk; build_d1_m3a1.node_census;
build_opconnectnested_v1.connect_nested_v1; build_opconnectfromwire_v0.connect_from_wire/wire_source_owner;
build_d1_m3a3b_d3.fsit_call; build_opcreateconstonterm_v0.create_const_on_term. All used unchanged.
PREDICTION CONTRACT (per target, gates): C1 the op returns without raising and without an error string; C2 the diff is
non-empty (the op had an effect); per group: every scratch deleted, K1/H2 bed md5 unchanged, H5 refs opened == closed,
H6 files left []; handles recorded per cell (flat = within +-300 of the cell start, RECORDED, gated only at H5).
No VI run, no original opened (preload=False), nothing saved.
    MATERIAL=1 py tools/bgrun.py --max-min 45 --log tools/bench/opmodels_measure_B1.log -- py -u tools/bench/opmodels_measure.py B1

---------- [0] FILES ONLY - the input's md5, the pins, the claudeDev listing
  FACT  claudeDev holds 251 .vi file(s) BEFORE the run
  PASS  K1 input md5 == 4b621946492da3d2fbb96b6053e715ec  got 4b621946492da3d2fbb96b6053e715ec
  FACT  PIN BEFORE ORIGINAL         2a78e17c449cacdaf5da389818526859  (want 2a78e17c449cacdaf5da389818526859) OK
  FACT  PIN BEFORE S1 D1_s1_copy    3e3d23cefd3a334001aa9d6156bf1aee  (want 3e3d23cefd3a334001aa9d6156bf1aee) OK
  FACT  PIN BEFORE S2 D1_s2_loops   6ff19497f2309e007a214660bb64b911  (want 6ff19497f2309e007a214660bb64b911) OK
  FACT  PIN BEFORE ROW2 bed         26c54ff784cb5cea21edbd214d2cc3a0  (want 26c54ff784cb5cea21edbd214d2cc3a0) OK
  FACT  PIN BEFORE M3a-2            3842f5e6f128226235dc78353f26ef44  (want 3842f5e6f128226235dc78353f26ef44) OK
  FACT  PIN BEFORE S4 loop17 bed    4b621946492da3d2fbb96b6053e715ec  (want 4b621946492da3d2fbb96b6053e715ec) OK
  PASS  K2 the ORIGINAL's md5 is 2a78e17c449cacdaf5da389818526859  got 2a78e17c449cacdaf5da389818526859 at G:\Codes\LabVIEW_Codes\MinLab\zz_LabView VI\AAA_UNIST\2. Tracking\Min_Track N beads V6_ParallelLoop.vi

---------- [1] RESTART LabVIEW (standing authority; fresh ~31,500 handles)
  FACT  LabVIEW handle count BEFORE the restart: 33945
  FACT  LabVIEW handle count AFTER the restart: 34003

---------- [2] THE DATED WORK COPY under claudeDev - the input is never opened for writing
  PASS  K3 the work copy is byte-identical to the input  opmodels_measure_B2_20260924_223208.vi
  FACT  ExecState [after open] opmodels_measure_B2_20260924_223208.vi = 1
  FACT  THE WORK COPY IS A SCRATCH: this stage saves nothing, so opmodels_measure_B2_20260924_223208.vi is deleted at close
  FACT  HANDLES after open 54420

---------- OP tunnel
  PASS  SC opmodels_measure_B_20260924_223208_tunnel.vi is a byte-identical copy of D1_s4_loop17.vi  opmodels_measure_B_20260924_223208_tunnel.vi
  FACT  tunnel_1 SETUP move_in 25149 -> 23042 err ''
  FACT  tunnel_1 node census: 636 rows
      op readback {'UID': 25149, 'Name': 'x', 'UID 2': 0, 'Is Broken?': False}
  FACT  ExecState [tunnel_1 after op] opmodels_measure_B_20260924_223208_tunnel.vi = 0
  FACT  tunnel_1 META {'dir': 'in', 'src': [686, 25091, 'x*y'], 'dst': [23405, 25149, 'x'], 'setup': 'move_in 25149', 'setup_result': 23042, 'setup_err': ''} RESULT "(1, 0, '')"
  FACT  tunnel_1 DIFF {'terms_added': 8, 'terms_removed': 0, 'terms_changed': 2, 'objs_added': 12, 'objs_removed': 1, 'edges_removed': 0, 'edges_added': 2, 'edges_rewired': 0} uid_alloc new=[10097, 23517, 24214, 24306, 24309, 24324, 24348, 24354, 25200, 25237, 25246, 25280] all_above_max=False
  PASS  C1 tunnel_1 op returned without raising and without an error string  ('', '')
  PASS  C2 tunnel_1 the op had an effect (diff non-empty)  {'terms_added': 8, 'terms_removed': 0, 'terms_changed': 2, 'objs_added': 12, 'objs_removed': 1, 'edges_removed': 0, 'edges_added': 2, 'edges_rewired': 0}
  FACT  tunnel_1 AFTER node census: 637 rows
  FACT  tunnel_1 CENSUS DIFF: Node 636 -> 637 ; 1 new uid(s): [(10097, 'Invoke', (4593, 6523))]
  FACT  tunnel_1 new #10097 #10097 lives at: {'diagram_index': 20, 'diagram_uid': 23405, 'diagram_class': 'Diagram', 'nodes_index': 5, 'nodes_on_diagram': 6, 'label': 'Invoke Node'}  (21 diagram(s) scanned of 173, 0.9 s)
  FACT  tunnel_1 new #10097 terminal table of #10097 (Diagram idx 20, Nodes[5], echo 10097): 6 terminal(s)
  FACT      tunnel_1 new #10097 t0  'reference'                        is_source=False wire=0       errs=[0, 0, 0, 1055]
  FACT      tunnel_1 new #10097 t1  'reference out'                    is_source=True  wire=0       errs=[0, 0, 0, 1055]
  FACT      tunnel_1 new #10097 t2  'error in (no error)'              is_source=False wire=0       errs=[0, 0, 0, 1055]
  FACT      tunnel_1 new #10097 t3  'error out'                        is_source=True  wire=0       errs=[0, 0, 0, 1055]
  FACT      tunnel_1 new #10097 t4  'Method'                           is_source=False wire=0       errs=[0, 0, 0, 1055]
  FACT      tunnel_1 new #10097 t5  'Method'                           is_source=True  wire=0       errs=[0, 0, 0, 1055]
  FACT  tunnel_1 the junk node's FULL terminal table is printed above; 6 terminal(s), 0 WIRED - the purge precondition (ZERO wired) HOLDS
  FACT  tunnel_1 purge delete Node #10097 at index 94: gone [10097], error '', census 637 -> 636, still present False (1.28 s)
  FACT  tunnel_1 AFTER THE PURGE node census: 636 rows
  FACT  tunnel_1 purge arithmetic: Node 636 -> 637 -> 636
  FACT  tunnel_2 SETUP move_in 194 -> 23042 err ''
  FACT  tunnel_2 node census: 637 rows
      op readback {'UID': 1628, 'Name': 'x', 'UID 2': 2160, 'Is Broken?': True}
  FACT  ExecState [tunnel_2 after op] opmodels_measure_B_20260924_223208_tunnel.vi = 0
  FACT  tunnel_2 META {'dir': 'out', 'src': [23405, 194, 'x-y'], 'dst': [686, 1628, 'x'], 'setup': 'move_in 194', 'setup_result': 23042, 'setup_err': ''} RESULT "(1, 0, '')"
  FACT  tunnel_2 DIFF {'terms_added': 8, 'terms_removed': 0, 'terms_changed': 1, 'objs_added': 11, 'objs_removed': 0, 'edges_removed': 0, 'edges_added': 2, 'edges_rewired': 0} uid_alloc new=[10099, 25316, 25336, 25339, 25343, 25347, 25348, 25355, 25358, 25371, 25383] all_above_max=False
  PASS  C1 tunnel_2 op returned without raising and without an error string  ('', '')
  PASS  C2 tunnel_2 the op had an effect (diff non-empty)  {'terms_added': 8, 'terms_removed': 0, 'terms_changed': 1, 'objs_added': 11, 'objs_removed': 0, 'edges_removed': 0, 'edges_added': 2, 'edges_rewired': 0}
  FACT  tunnel_2 AFTER node census: 638 rows
  FACT  tunnel_2 CENSUS DIFF: Node 637 -> 638 ; 1 new uid(s): [(10099, 'Invoke', (1985, 112))]
  FACT  tunnel_2 new #10099 #10099 lives at: {'diagram_index': 19, 'diagram_uid': 686, 'diagram_class': 'Diagram', 'nodes_index': 22, 'nodes_on_diagram': 23, 'label': 'Invoke Node'}  (20 diagram(s) scanned of 173, 0.8 s)
  FACT  tunnel_2 new #10099 terminal table of #10099 (Diagram idx 19, Nodes[22], echo 10099): 6 terminal(s)
  FACT      tunnel_2 new #10099 t0  'reference'                        is_source=False wire=0       errs=[0, 0, 0, 1055]
  FACT      tunnel_2 new #10099 t1  'reference out'                    is_source=True  wire=0       errs=[0, 0, 0, 1055]
  FACT      tunnel_2 new #10099 t2  'error in (no error)'              is_source=False wire=0       errs=[0, 0, 0, 1055]
  FACT      tunnel_2 new #10099 t3  'error out'                        is_source=True  wire=0       errs=[0, 0, 0, 1055]
  FACT      tunnel_2 new #10099 t4  'Method'                           is_source=False wire=0       errs=[0, 0, 0, 1055]
  FACT      tunnel_2 new #10099 t5  'Method'                           is_source=True  wire=0       errs=[0, 0, 0, 1055]
  FACT  tunnel_2 the junk node's FULL terminal table is printed above; 6 terminal(s), 0 WIRED - the purge precondition (ZERO wired) HOLDS
  FACT  tunnel_2 purge delete Node #10099 at index 93: gone [10099], error '', census 638 -> 637, still present False (1.27 s)
  FACT  tunnel_2 AFTER THE PURGE node census: 637 rows
  FACT  tunnel_2 purge arithmetic: Node 637 -> 638 -> 637
  FACT  HANDLES cell tunnel: 63197 -> 63470 (delta 273)
  PASS  H4 tunnel scratch deleted: opmodels_measure_B_20260924_223208_tunnel.vi  C:\Program Files\National Instruments\LabVIEW 2026\user.lib\claudeDev\opmodels_measure_B_20260924_223208_tunnel.vi

---------- OP connect_from_wire
  PASS  SC opmodels_measure_B_20260924_223208_connect_fr.vi is a byte-identical copy of D1_s4_loop17.vi  opmodels_measure_B_20260924_223208_connect_fr.vi
  FACT  connect_from_wire_1 SETUP move_in 9342 -> 23042 err ''
  FACT  connect_from_wire_1 node census: 636 rows
  FACT  ExecState [connect_from_wire_1 after op] opmodels_measure_B_20260924_223208_connect_fr.vi = 0
  FACT  connect_from_wire_1 META {'wire': 9415, 'src': 9426, 'src_cls': 'FlatSequenceInnerTunnel', 'dst': [23405, 9342, 'array'], 'setup': 'move_in 9342', 'setup_result': 23042, 'setup_err': ''} RESULT "(1, 0, '', {'err_uidvi': '', 'err_wirepn': '', 'UID 2': 24162, 'Is Broken?': False, 'Name': 'array'})"
  FACT  connect_from_wire_1 DIFF {'terms_added': 8, 'terms_removed': 0, 'terms_changed': 2, 'objs_added': 11, 'objs_removed': 0, 'edges_removed': 0, 'edges_added': 2, 'edges_rewired': 0} uid_alloc new=[24104, 24162, 24294, 24306, 24316, 24333, 24336, 24358, 25237, 25246, 25280] all_above_max=False
  PASS  C1 connect_from_wire_1 op returned without raising and without an error string  ('', '')
  PASS  C2 connect_from_wire_1 the op had an effect (diff non-empty)  {'terms_added': 8, 'terms_removed': 0, 'terms_changed': 2, 'objs_added': 11, 'objs_removed': 0, 'edges_removed': 0, 'edges_added': 2, 'edges_rewired': 0}
  FACT  connect_from_wire_1 AFTER node census: 637 rows
  FACT  connect_from_wire_1 CENSUS DIFF: Node 636 -> 637 ; 1 new uid(s): [(9415, 'Invoke', (4593, 6523))]
  FACT  connect_from_wire_1 new #9415 #9415 lives at: {'diagram_index': 20, 'diagram_uid': 23405, 'diagram_class': 'Diagram', 'nodes_index': 5, 'nodes_on_diagram': 6, 'label': 'Invoke Node'}  (21 diagram(s) scanned of 173, 0.9 s)
  FACT  connect_from_wire_1 new #9415 terminal table of #9415 (Diagram idx 20, Nodes[5], echo 9415): 6 terminal(s)
  FACT      connect_from_wire_1 new #9415 t0  'reference'                        is_source=False wire=0       errs=[0, 0, 0, 1055]
  FACT      connect_from_wire_1 new #9415 t1  'reference out'                    is_source=True  wire=0       errs=[0, 0, 0, 1055]
  FACT      connect_from_wire_1 new #9415 t2  'error in (no error)'              is_source=False wire=0       errs=[0, 0, 0, 1055]
  FACT      connect_from_wire_1 new #9415 t3  'error out'                        is_source=True  wire=0       errs=[0, 0, 0, 1055]
  FACT      connect_from_wire_1 new #9415 t4  'Method'                           is_source=False wire=0       errs=[0, 0, 0, 1055]
  FACT      connect_from_wire_1 new #9415 t5  'Method'                           is_source=True  wire=0       errs=[0, 0, 0, 1055]
  FACT  connect_from_wire_1 the junk node's FULL terminal table is printed above; 6 terminal(s), 0 WIRED - the purge precondition (ZERO wired) HOLDS
  FACT  connect_from_wire_1 purge delete Node #9415 at index 94: gone [9415], error '', census 637 -> 636, still present False (1.27 s)
  FACT  connect_from_wire_1 AFTER THE PURGE node census: 636 rows
  FACT  connect_from_wire_1 purge arithmetic: Node 636 -> 637 -> 636
  FACT  connect_from_wire_2 SETUP move_in 7201 -> 23042 err ''
  FACT  connect_from_wire_2 node census: 637 rows
  FACT  ExecState [connect_from_wire_2 after op] opmodels_measure_B_20260924_223208_connect_fr.vi = 0
  FACT  connect_from_wire_2 META {'wire': 23519, 'src': 8486, 'src_cls': 'Function', 'dst': [23405, 7201, 'x'], 'setup': 'move_in 7201', 'setup_result': 23042, 'setup_err': ''} RESULT "(1, 0, '', {'err_uidvi': '', 'err_wirepn': '', 'UID 2': 25306, 'Is Broken?': False, 'Name': 'x'})"
  FACT  connect_from_wire_2 DIFF {'terms_added': 8, 'terms_removed': 0, 'terms_changed': 5, 'objs_added': 12, 'objs_removed': 1, 'edges_removed': 0, 'edges_added': 2, 'edges_rewired': 3} uid_alloc new=[10071, 25300, 25306, 25316, 25333, 25339, 25343, 25344, 25348, 25355, 25363, 25374] all_above_max=False
  PASS  C1 connect_from_wire_2 op returned without raising and without an error string  ('', '')
  PASS  C2 connect_from_wire_2 the op had an effect (diff non-empty)  {'terms_added': 8, 'terms_removed': 0, 'terms_changed': 5, 'objs_added': 12, 'objs_removed': 1, 'edges_removed': 0, 'edges_added': 2, 'edges_rewired': 3}
  FACT  connect_from_wire_2 AFTER node census: 638 rows
  FACT  connect_from_wire_2 CENSUS DIFF: Node 637 -> 638 ; 1 new uid(s): [(10071, 'Invoke', (4593, 6523))]
  FACT  connect_from_wire_2 new #10071 #10071 lives at: {'diagram_index': 20, 'diagram_uid': 23405, 'diagram_class': 'Diagram', 'nodes_index': 7, 'nodes_on_diagram': 8, 'label': 'Invoke Node'}  (21 diagram(s) scanned of 173, 0.9 s)
  FACT  connect_from_wire_2 new #10071 terminal table of #10071 (Diagram idx 20, Nodes[7], echo 10071): 6 terminal(s)
  FACT      connect_from_wire_2 new #10071 t0  'reference'                        is_source=False wire=0       errs=[0, 0, 0, 1055]
  FACT      connect_from_wire_2 new #10071 t1  'reference out'                    is_source=True  wire=0       errs=[0, 0, 0, 1055]
  FACT      connect_from_wire_2 new #10071 t2  'error in (no error)'              is_source=False wire=0       errs=[0, 0, 0, 1055]
  FACT      connect_from_wire_2 new #10071 t3  'error out'                        is_source=True  wire=0       errs=[0, 0, 0, 1055]
  FACT      connect_from_wire_2 new #10071 t4  'Method'                           is_source=False wire=0       errs=[0, 0, 0, 1055]
  FACT      connect_from_wire_2 new #10071 t5  'Method'                           is_source=True  wire=0       errs=[0, 0, 0, 1055]
  FACT  connect_from_wire_2 the junk node's FULL terminal table is printed above; 6 terminal(s), 0 WIRED - the purge precondition (ZERO wired) HOLDS
  FACT  connect_from_wire_2 purge delete Node #10071 at index 94: gone [10071], error '', census 638 -> 637, still present False (1.27 s)
  FACT  connect_from_wire_2 AFTER THE PURGE node census: 637 rows
  FACT  connect_from_wire_2 purge arithmetic: Node 637 -> 638 -> 637
  FACT  HANDLES cell connect_from_wire: 63470 -> 63543 (delta 73)
  PASS  H4 connect_from_wire scratch deleted: opmodels_measure_B_20260924_223208_connect_fr.vi  C:\Program Files\National Instruments\LabVIEW 2026\user.lib\claudeDev\opmodels_measure_B_20260924_223208_connect_fr.vi

---------- OP wire_sr
  PASS  SC opmodels_measure_B_20260924_223208_wire_sr.vi is a byte-identical copy of D1_s4_loop17.vi  opmodels_measure_B_20260924_223208_wire_sr.vi
  FACT  wire_sr_1 SETUP add_shift_reg 23041 y260 -> 23789 err ''
  FACT  wire_sr_1 node census: 635 rows
  FACT  ExecState [wire_sr_1 after op] opmodels_measure_B_20260924_223208_wire_sr.vi = 1
  FACT  wire_sr_1 META {'variant': 'RightIn', 'loop': 23041, 'src': [23405, 23042, 'x = y?'], 'setup': 'add_shift_reg 23041 y260', 'setup_result': 23789, 'setup_err': ''} RESULT "{'loop_index': 0, 'reg_index': 2, 'rights': [24083, 24150, 23789], 'node_index': 0, 'term_index': 0}"
  FACT  wire_sr_1 DIFF {'terms_added': 0, 'terms_removed': 0, 'terms_changed': 5, 'objs_added': 0, 'objs_removed': 0, 'edges_removed': 0, 'edges_added': 1, 'edges_rewired': 0} uid_alloc new=[] all_above_max=True
  PASS  C1 wire_sr_1 op returned without raising and without an error string  ('', '')
  PASS  C2 wire_sr_1 the op had an effect (diff non-empty)  {'terms_added': 0, 'terms_removed': 0, 'terms_changed': 5, 'objs_added': 0, 'objs_removed': 0, 'edges_removed': 0, 'edges_added': 1, 'edges_rewired': 0}
  FACT  wire_sr_1 AFTER node census: 635 rows
  FACT  wire_sr_1 CENSUS DIFF: Node 635 -> 635 ; 0 new uid(s): []
  FACT  wire_sr_2 SETUP add_shift_reg 10170 y120 -> 23823 err ''
  FACT  wire_sr_2 node census: 635 rows
  FACT  ExecState [wire_sr_2 after op] opmodels_measure_B_20260924_223208_wire_sr.vi = 1
  FACT  wire_sr_2 META {'variant': 'RightIn', 'loop': 10170, 'src': [23166, 10171, 'x = y?'], 'setup': 'add_shift_reg 10170 y120', 'setup_result': 23823, 'setup_err': ''} RESULT "{'loop_index': 1, 'reg_index': 0, 'rights': [23823], 'node_index': 0, 'term_index': 0}"
  FACT  wire_sr_2 DIFF {'terms_added': 0, 'terms_removed': 0, 'terms_changed': 1, 'objs_added': 0, 'objs_removed': 0, 'edges_removed': 0, 'edges_added': 1, 'edges_rewired': 0} uid_alloc new=[] all_above_max=True
  PASS  C1 wire_sr_2 op returned without raising and without an error string  ('', '')
  PASS  C2 wire_sr_2 the op had an effect (diff non-empty)  {'terms_added': 0, 'terms_removed': 0, 'terms_changed': 1, 'objs_added': 0, 'objs_removed': 0, 'edges_removed': 0, 'edges_added': 1, 'edges_rewired': 0}
  FACT  wire_sr_2 AFTER node census: 635 rows
  FACT  wire_sr_2 CENSUS DIFF: Node 635 -> 635 ; 0 new uid(s): []
  FACT  HANDLES cell wire_sr: 63542 -> 63618 (delta 76)
  PASS  H4 wire_sr scratch deleted: opmodels_measure_B_20260924_223208_wire_sr.vi  C:\Program Files\National Instruments\LabVIEW 2026\user.lib\claudeDev\opmodels_measure_B_20260924_223208_wire_sr.vi

---------- OP fs_inner_tunnel_connect
  PASS  SC opmodels_measure_B_20260924_223208_fs_inner_t.vi is a byte-identical copy of D1_s4_loop17.vi  opmodels_measure_B_20260924_223208_fs_inner_t.vi
      deleted wire w25092
  FACT  fs_inner_tunnel_connect_1 SETUP delete_wire 25092 -> (True, (6, 18, 0)) err ''
  FACT  fs_inner_tunnel_connect_1 node census: 635 rows
  FACT  ExecState [fs_inner_tunnel_connect_1 after op] opmodels_measure_B_20260924_223208_fs_inner_t.vi = 0
  FACT  fs_inner_tunnel_connect_1 META {'fsit': 25059, 'fsit_term': 25075, 'src': 24065, 'src_term': 'x*y', 'src_diag': 81548, 'setup': 'delete_wire 25092', 'setup_result': (True, (6, 18, 0)), 'setup_err': ''} RESULT "{'err': 'error 999999: POISON - not overwritten by the run', 'op': 'OpFsInnerTunnelConnect_v1.vi', 'auto_route': None, 'invoke_err': '', 'err_uidvi': '', 'err_fsit': '', 'err_termuid': '', 'err_uidback': '', 'term_uid': 25075, 'uid_back': 25059, 'sink_wire_uid': 23508, 'is_broken': False, 'UID': 240"
  FACT  fs_inner_tunnel_connect_1 DIFF {'terms_added': 6, 'terms_removed': 0, 'terms_changed': 7, 'objs_added': 8, 'objs_removed': 0, 'edges_removed': 0, 'edges_added': 6, 'edges_rewired': 0} uid_alloc new=[1756, 23508, 23795, 23814, 23850, 23862, 23955, 24030] all_above_max=False
  FAIL  C1 fs_inner_tunnel_connect_1 op returned without raising and without an error string  ('', 'error 999999: POISON - not overwritten by the run')
  PASS  C2 fs_inner_tunnel_connect_1 the op had an effect (diff non-empty)  {'terms_added': 6, 'terms_removed': 0, 'terms_changed': 7, 'objs_added': 8, 'objs_removed': 0, 'edges_removed': 0, 'edges_added': 6, 'edges_rewired': 0}
  FACT  fs_inner_tunnel_connect_1 AFTER node census: 636 rows
  FACT  fs_inner_tunnel_connect_1 CENSUS DIFF: Node 635 -> 636 ; 1 new uid(s): [(1756, 'Invoke', (-2648, 112))]
  FACT  fs_inner_tunnel_connect_1 new #1756 #1756 lives at: {'diagram_index': 6, 'diagram_uid': 81548, 'diagram_class': 'Diagram', 'nodes_index': 19, 'nodes_on_diagram': 20, 'label': 'Invoke Node'}  (7 diagram(s) scanned of 173, 0.4 s)
  FACT  fs_inner_tunnel_connect_1 new #1756 terminal table of #1756 (Diagram idx 6, Nodes[19], echo 1756): 6 terminal(s)
  FACT      fs_inner_tunnel_connect_1 new #1756 t0  'reference'                        is_source=False wire=0       errs=[0, 0, 0, 1055]
  FACT      fs_inner_tunnel_connect_1 new #1756 t1  'reference out'                    is_source=True  wire=0       errs=[0, 0, 0, 1055]
  FACT      fs_inner_tunnel_connect_1 new #1756 t2  'error in (no error)'              is_source=False wire=0       errs=[0, 0, 0, 1055]
  FACT      fs_inner_tunnel_connect_1 new #1756 t3  'error out'                        is_source=True  wire=0       errs=[0, 0, 0, 1055]
  FACT      fs_inner_tunnel_connect_1 new #1756 t4  'Method'                           is_source=False wire=0       errs=[0, 0, 0, 1055]
  FACT      fs_inner_tunnel_connect_1 new #1756 t5  'Method'                           is_source=True  wire=0       errs=[0, 0, 0, 1055]
  FACT  fs_inner_tunnel_connect_1 the junk node's FULL terminal table is printed above; 6 terminal(s), 0 WIRED - the purge precondition (ZERO wired) HOLDS
  FACT  fs_inner_tunnel_connect_1 purge delete Node #1756 at index 20: gone [1756], error '', census 636 -> 635, still present False (1.27 s)
  FACT  fs_inner_tunnel_connect_1 AFTER THE PURGE node census: 635 rows
  FACT  fs_inner_tunnel_connect_1 purge arithmetic: Node 635 -> 636 -> 635
      deleted wire w5297
  FACT  fs_inner_tunnel_connect_2 SETUP delete_wire 5297 -> (True, (18, 6, 0)) err ''
  FACT  fs_inner_tunnel_connect_2 node census: 635 rows
  FACT  ExecState [fs_inner_tunnel_connect_2 after op] opmodels_measure_B_20260924_223208_fs_inner_t.vi = 0
  FACT  fs_inner_tunnel_connect_2 META {'fsit': 5183, 'fsit_term': 5260, 'src': 5426, 'src_term': 'x+y', 'src_diag': 4866, 'setup': 'delete_wire 5297', 'setup_result': (True, (18, 6, 0)), 'setup_err': ''} RESULT "{'err': 'error 999999: POISON - not overwritten by the run', 'op': 'OpFsInnerTunnelConnect_v1.vi', 'auto_route': None, 'invoke_err': '', 'err_uidvi': '', 'err_fsit': '', 'err_termuid': '', 'err_uidback': '', 'term_uid': 5260, 'uid_back': 5183, 'sink_wire_uid': 23487, 'is_broken': False, 'UID': 5426,"
  FACT  fs_inner_tunnel_connect_2 DIFF {'terms_added': 6, 'terms_removed': 0, 'terms_changed': 7, 'objs_added': 8, 'objs_removed': 0, 'edges_removed': 0, 'edges_added': 6, 'edges_rewired': 0} uid_alloc new=[1756, 23487, 23795, 23814, 23850, 23862, 23955, 24030] all_above_max=False
  FAIL  C1 fs_inner_tunnel_connect_2 op returned without raising and without an error string  ('', 'error 999999: POISON - not overwritten by the run')
  PASS  C2 fs_inner_tunnel_connect_2 the op had an effect (diff non-empty)  {'terms_added': 6, 'terms_removed': 0, 'terms_changed': 7, 'objs_added': 8, 'objs_removed': 0, 'edges_removed': 0, 'edges_added': 6, 'edges_rewired': 0}
  FACT  fs_inner_tunnel_connect_2 AFTER node census: 636 rows
  FACT  fs_inner_tunnel_connect_2 CENSUS DIFF: Node 635 -> 636 ; 1 new uid(s): [(1756, 'Invoke', (1093, 112))]
  FACT  fs_inner_tunnel_connect_2 new #1756 #1756 lives at: {'diagram_index': 18, 'diagram_uid': 4866, 'diagram_class': 'Diagram', 'nodes_index': 10, 'nodes_on_diagram': 11, 'label': 'Invoke Node'}  (19 diagram(s) scanned of 173, 0.8 s)
  FACT  fs_inner_tunnel_connect_2 new #1756 terminal table of #1756 (Diagram idx 18, Nodes[10], echo 1756): 6 terminal(s)
  FACT      fs_inner_tunnel_connect_2 new #1756 t0  'reference'                        is_source=False wire=0       errs=[0, 0, 0, 1055]
  FACT      fs_inner_tunnel_connect_2 new #1756 t1  'reference out'                    is_source=True  wire=0       errs=[0, 0, 0, 1055]
  FACT      fs_inner_tunnel_connect_2 new #1756 t2  'error in (no error)'              is_source=False wire=0       errs=[0, 0, 0, 1055]
  FACT      fs_inner_tunnel_connect_2 new #1756 t3  'error out'                        is_source=True  wire=0       errs=[0, 0, 0, 1055]
  FACT      fs_inner_tunnel_connect_2 new #1756 t4  'Method'                           is_source=False wire=0       errs=[0, 0, 0, 1055]
  FACT      fs_inner_tunnel_connect_2 new #1756 t5  'Method'                           is_source=True  wire=0       errs=[0, 0, 0, 1055]
  FACT  fs_inner_tunnel_connect_2 the junk node's FULL terminal table is printed above; 6 terminal(s), 0 WIRED - the purge precondition (ZERO wired) HOLDS
  FACT  fs_inner_tunnel_connect_2 purge delete Node #1756 at index 83: gone [1756], error '', census 636 -> 635, still present False (1.28 s)
  FACT  fs_inner_tunnel_connect_2 AFTER THE PURGE node census: 635 rows
  FACT  fs_inner_tunnel_connect_2 purge arithmetic: Node 635 -> 636 -> 635
  FACT  HANDLES cell fs_inner_tunnel_connect: 63619 -> 63649 (delta 30)
  PASS  H4 fs_inner_tunnel_connect scratch deleted: opmodels_measure_B_20260924_223208_fs_inner_t.vi  C:\Program Files\National Instruments\LabVIEW 2026\user.lib\claudeDev\opmodels_measure_B_20260924_223208_fs_inner_t.vi

---------- OP const
  PASS  SC opmodels_measure_B_20260924_223208_const.vi is a byte-identical copy of D1_s4_loop17.vi  opmodels_measure_B_20260924_223208_const.vi
  FACT  const_1 node census: 635 rows
  FACT  ExecState [const_1 after op] opmodels_measure_B_20260924_223208_const.vi = 1
  FACT  const_1 META {'loop': 25380, 'node': 6440, 'term': 'error in (no error)'} RESULT "{'err': '', 'inv_err': '', 'created_uid': 23789}"
  FACT  const_1 DIFF {'terms_added': 1, 'terms_removed': 0, 'terms_changed': 1, 'objs_added': 6, 'objs_removed': 0, 'edges_removed': 0, 'edges_added': 1, 'edges_rewired': 0} uid_alloc new=[23789, 23981, 24069, 24277, 24358, 25240] all_above_max=False
  PASS  C1 const_1 op returned without raising and without an error string  ('', '')
  PASS  C2 const_1 the op had an effect (diff non-empty)  {'terms_added': 1, 'terms_removed': 0, 'terms_changed': 1, 'objs_added': 6, 'objs_removed': 0, 'edges_removed': 0, 'edges_added': 1, 'edges_rewired': 0}
  FACT  const_1 AFTER node census: 635 rows
  FACT  const_1 CENSUS DIFF: Node 635 -> 635 ; 0 new uid(s): []
      deleted wire w24080
  FACT  const_2 SETUP delete_wire 24080 -> True err ''
  FACT  const_2 node census: 635 rows
  FACT  ExecState [const_2 after op] opmodels_measure_B_20260924_223208_const.vi = 1
  FACT  const_2 META {'loop': 23032, 'node': 23844, 'term': 'milliseconds to wait', 'setup': 'delete_wire 24080', 'setup_result': True, 'setup_err': ''} RESULT "{'err': '', 'inv_err': '', 'created_uid': 23508}"
  FACT  const_2 DIFF {'terms_added': 1, 'terms_removed': 0, 'terms_changed': 1, 'objs_added': 3, 'objs_removed': 0, 'edges_removed': 0, 'edges_added': 1, 'edges_rewired': 0} uid_alloc new=[23508, 25280, 25293] all_above_max=False
  PASS  C1 const_2 op returned without raising and without an error string  ('', '')
  PASS  C2 const_2 the op had an effect (diff non-empty)  {'terms_added': 1, 'terms_removed': 0, 'terms_changed': 1, 'objs_added': 3, 'objs_removed': 0, 'edges_removed': 0, 'edges_added': 1, 'edges_rewired': 0}
  FACT  const_2 AFTER node census: 635 rows
  FACT  const_2 CENSUS DIFF: Node 635 -> 635 ; 0 new uid(s): []
  FACT  HANDLES cell const: 63651 -> 63687 (delta 36)
  PASS  H4 const scratch deleted: opmodels_measure_B_20260924_223208_const.vi  C:\Program Files\National Instruments\LabVIEW 2026\user.lib\claudeDev\opmodels_measure_B_20260924_223208_const.vi

---------- [H] HYGIENE
  FACT  close_panel(opmodels_measure_B2_20260924_223208.vi) raised com_error: (-2147352567, '??? ??????.', (6649, 'LabVIEW', 'LabVIEW: (Hex 0x47D) Cannot close or set the state of a closed front panel. The front panel must already be open before you close it or set its state.', None, 0, 0), None)
  FACT  gscript ref_counts: {'opened': 28, 'closed': 28, 'live': 0, 'cached_op_vis': 15}
  PASS  H5 VI-Server reference counter level (opened == closed)  {'opened': 28, 'closed': 28, 'live': 0, 'cached_op_vis': 15}
  FACT  LabVIEW handle count AFTER the work: 54909
  PASS  H4 scratch deleted: opmodels_measure_B2_20260924_223208.vi  C:\Program Files\National Instruments\LabVIEW 2026\user.lib\claudeDev\opmodels_measure_B2_20260924_223208.vi
  PASS  H2 the INPUT's md5 is UNCHANGED after the run  before 4b621946492da3d2fbb96b6053e715ec / after 4b621946492da3d2fbb96b6053e715ec
  FACT  PIN AFTER  ORIGINAL         2a78e17c449cacdaf5da389818526859  (want 2a78e17c449cacdaf5da389818526859) OK
  FACT  PIN AFTER  S1 D1_s1_copy    3e3d23cefd3a334001aa9d6156bf1aee  (want 3e3d23cefd3a334001aa9d6156bf1aee) OK
  FACT  PIN AFTER  S2 D1_s2_loops   6ff19497f2309e007a214660bb64b911  (want 6ff19497f2309e007a214660bb64b911) OK
  FACT  PIN AFTER  ROW2 bed         26c54ff784cb5cea21edbd214d2cc3a0  (want 26c54ff784cb5cea21edbd214d2cc3a0) OK
  FACT  PIN AFTER  M3a-2            3842f5e6f128226235dc78353f26ef44  (want 3842f5e6f128226235dc78353f26ef44) OK
  FACT  PIN AFTER  S4 loop17 bed    4b621946492da3d2fbb96b6053e715ec  (want 4b621946492da3d2fbb96b6053e715ec) OK
  PASS  H3 every md5 pin still holds
  FACT  THE FILES THIS RUN LEFT ON DISK: []  (removed: [])
  PASS  H6 the files left on disk == [] and nothing was removed  added [] removed []
  FACT  LabVIEW handle count at exit: 33994

====================================================================================================
=== GATES: 36 pass / 2 fail; failing: C1 fs_inner_tunnel_connect_1 op returned without raising and without an error string, C1 fs_inner_tunnel_connect_2 op returned without raising and without an error string
JSON: G:\Codes\LabVIEW_Codes\MinLab\zz_LabView VI\AAA_UNIST\2. Tracking\V6_ParallelLoop\tools\bench\opmodels_measure_B2.json   elapsed 568.8 s
RESULT {"schema":"result-line/1","status":"FAIL","gates":{"pass":36,"fail":2},"first_fail":"C1 fs_inner_tunnel_connect_1 op returned without raising and without an error string","artefacts":[]}
BGRUN END rc=1 after 619s
BGRUN START 2026-09-24 22:47:06 limit 45.0 min: py -u tools/bench/opmodels_measure.py B2
opmodels_measure - card chat-S1 step B (docs/stage-simulator-plan.md "Op effect models"). For each op: ONE dated scratch
COPY of claudeDev\D1_s4_loop17.vi (4b621946...), >= 2 targets applied in order on it; per target READ BEFORE
(allterms.read_terms + report_all GObject) -> op -> READ AFTER (before any junk purge, so stray Invokes are SEEN) ->
opmodels_lib.diff -> tools/bench/opmodels/raw/<op>_<n>.json; then the measured junk purge (setup, not modelled) and the
next target. Setup edits a target needs (a move before a tunnel connect, a delete before a const) run BEFORE the BEFORE read.
Models (rules) are fitted OFFLINE from the raw files by opmodels_fit.py. argv[1] = group B1 | B2.
TARGETS were chosen offline from tools/bench/opmodels/bed_s4_loop17.json + bed_s4_map.json (step A/A2, 12/0 + 13/0):
  B1 move_in #194, #25091 -> body #23405 | delete_wire w2160 (1 sink), w9166 (2 sinks) | delete_object Function #7201,
     SubVI #27605 | remove_bad_wires after delete_object #1628, after move_in #25149 | add_shift_reg WhileLoop #23041 y260,
     #10170 y120 | primitive build_index_array top-level at (200,200), (400,200)
  B2 tunnel (connect_nested_v1 across the #23405 border): IN #25091'x*y' -> moved #25149'x', OUT moved #194'x-y' -> #1628'x'
     | connect_from_wire: moved #9342'array' <- w9415 (FSIT #9426 source), moved #7201'x' <- w23519 (#8486 source, branched)
     | wire_sr RightIn: new SR on #23041 <- #23042'x = y?', new SR on #10170 <- #10171'x = y?'
     | fs_inner_tunnel_connect after delete_wire: FSIT #25059 <- #24065'x*y' (w25092), FSIT #5183 <- #5426'x+y' (w5297)
     | const create_const_on_term: #6440 'error in (no error)' (bare, loop #25380), #23844 'milliseconds to wait' after
       delete_wire w24080 (loop #23032)
PRIOR ART (checked first, nothing new built): stagekit.Stage/scratch/drop_scratch/close; allterms.read_terms;
gscript.report_all/node_labels/node_terms_uid/add_shift_reg/shift_reg/wire_sr/remove_bad_wires_scripted/build_index_array;
build_d1_v0.move_in/diag_index; build_opfsinnertunnelconnect_v0.del_wire/del_node/purge_junk; build_d1_m3a1.node_census;
build_opconnectnested_v1.connect_nested_v1; build_opconnectfromwire_v0.connect_from_wire/wire_source_owner;
build_d1_m3a3b_d3.fsit_call; build_opcreateconstonterm_v0.create_const_on_term. All used unchanged.
PREDICTION CONTRACT (per target, gates): C1 the op returns without raising and without an error string; C2 the diff is
non-empty (the op had an effect); per group: every scratch deleted, K1/H2 bed md5 unchanged, H5 refs opened == closed,
H6 files left []; handles recorded per cell (flat = within +-300 of the cell start, RECORDED, gated only at H5).
No VI run, no original opened (preload=False), nothing saved.
    MATERIAL=1 py tools/bgrun.py --max-min 45 --log tools/bench/opmodels_measure_B1.log -- py -u tools/bench/opmodels_measure.py B1

---------- [0] FILES ONLY - the input's md5, the pins, the claudeDev listing
  FACT  claudeDev holds 251 .vi file(s) BEFORE the run
  PASS  K1 input md5 == 4b621946492da3d2fbb96b6053e715ec  got 4b621946492da3d2fbb96b6053e715ec
  FACT  PIN BEFORE ORIGINAL         2a78e17c449cacdaf5da389818526859  (want 2a78e17c449cacdaf5da389818526859) OK
  FACT  PIN BEFORE S1 D1_s1_copy    3e3d23cefd3a334001aa9d6156bf1aee  (want 3e3d23cefd3a334001aa9d6156bf1aee) OK
  FACT  PIN BEFORE S2 D1_s2_loops   6ff19497f2309e007a214660bb64b911  (want 6ff19497f2309e007a214660bb64b911) OK
  FACT  PIN BEFORE ROW2 bed         26c54ff784cb5cea21edbd214d2cc3a0  (want 26c54ff784cb5cea21edbd214d2cc3a0) OK
  FACT  PIN BEFORE M3a-2            3842f5e6f128226235dc78353f26ef44  (want 3842f5e6f128226235dc78353f26ef44) OK
  FACT  PIN BEFORE S4 loop17 bed    4b621946492da3d2fbb96b6053e715ec  (want 4b621946492da3d2fbb96b6053e715ec) OK
  PASS  K2 the ORIGINAL's md5 is 2a78e17c449cacdaf5da389818526859  got 2a78e17c449cacdaf5da389818526859 at G:\Codes\LabVIEW_Codes\MinLab\zz_LabView VI\AAA_UNIST\2. Tracking\Min_Track N beads V6_ParallelLoop.vi

---------- [1] RESTART LabVIEW (standing authority; fresh ~31,500 handles)
  FACT  LabVIEW handle count BEFORE the restart: 33968
  FACT  LabVIEW handle count AFTER the restart: 33959

---------- [2] THE DATED WORK COPY under claudeDev - the input is never opened for writing
  PASS  K3 the work copy is byte-identical to the input  opmodels_measure_B2_20260924_224706.vi
  FACT  ExecState [after open] opmodels_measure_B2_20260924_224706.vi = 1
  FACT  THE WORK COPY IS A SCRATCH: this stage saves nothing, so opmodels_measure_B2_20260924_224706.vi is deleted at close
  FACT  HANDLES after open 54376

---------- OP tunnel
  PASS  SC opmodels_measure_B_20260924_224706_tunnel.vi is a byte-identical copy of D1_s4_loop17.vi  opmodels_measure_B_20260924_224706_tunnel.vi
  FACT  tunnel_1 SETUP move_in 25149 -> 23042 err ''
  FACT  tunnel_1 node census: 636 rows
      op readback {'UID': 25149, 'Name': 'x', 'UID 2': 0, 'Is Broken?': False}
  FACT  ExecState [tunnel_1 after op] opmodels_measure_B_20260924_224706_tunnel.vi = 0
  FACT  tunnel_1 META {'dir': 'in', 'src': [686, 25091, 'x*y'], 'dst': [23405, 25149, 'x'], 'setup': 'move_in 25149', 'setup_result': 23042, 'setup_err': ''} RESULT "(1, 0, '')"
  FACT  tunnel_1 DIFF {'terms_added': 8, 'terms_removed': 0, 'terms_changed': 2, 'objs_added': 12, 'objs_removed': 1, 'edges_removed': 0, 'edges_added': 2, 'edges_rewired': 0} uid_alloc new=[10098, 24162, 24214, 24306, 24309, 24324, 24348, 24354, 25200, 25237, 25246, 25280] all_above_max=False
  PASS  C1 tunnel_1 op returned without raising and without an error string  ('', '')
  PASS  C2 tunnel_1 the op had an effect (diff non-empty)  {'terms_added': 8, 'terms_removed': 0, 'terms_changed': 2, 'objs_added': 12, 'objs_removed': 1, 'edges_removed': 0, 'edges_added': 2, 'edges_rewired': 0}
  FACT  tunnel_1 AFTER node census: 637 rows
  FACT  tunnel_1 CENSUS DIFF: Node 636 -> 637 ; 1 new uid(s): [(10098, 'Invoke', (4593, 6523))]
  FACT  tunnel_1 new #10098 #10098 lives at: {'diagram_index': 20, 'diagram_uid': 23405, 'diagram_class': 'Diagram', 'nodes_index': 5, 'nodes_on_diagram': 6, 'label': 'Invoke Node'}  (21 diagram(s) scanned of 173, 0.9 s)
  FACT  tunnel_1 new #10098 terminal table of #10098 (Diagram idx 20, Nodes[5], echo 10098): 6 terminal(s)
  FACT      tunnel_1 new #10098 t0  'reference'                        is_source=False wire=0       errs=[0, 0, 0, 1055]
  FACT      tunnel_1 new #10098 t1  'reference out'                    is_source=True  wire=0       errs=[0, 0, 0, 1055]
  FACT      tunnel_1 new #10098 t2  'error in (no error)'              is_source=False wire=0       errs=[0, 0, 0, 1055]
  FACT      tunnel_1 new #10098 t3  'error out'                        is_source=True  wire=0       errs=[0, 0, 0, 1055]
  FACT      tunnel_1 new #10098 t4  'Method'                           is_source=False wire=0       errs=[0, 0, 0, 1055]
  FACT      tunnel_1 new #10098 t5  'Method'                           is_source=True  wire=0       errs=[0, 0, 0, 1055]
  FACT  tunnel_1 the junk node's FULL terminal table is printed above; 6 terminal(s), 0 WIRED - the purge precondition (ZERO wired) HOLDS
  FACT  tunnel_1 purge delete Node #10098 at index 94: gone [10098], error '', census 637 -> 636, still present False (1.27 s)
  FACT  tunnel_1 AFTER THE PURGE node census: 636 rows
  FACT  tunnel_1 purge arithmetic: Node 636 -> 637 -> 636
  FACT  ExecState [tunnel_1 after purge] opmodels_measure_B_20260924_224706_tunnel.vi = 0
  FACT  tunnel_2 SETUP move_in 194 -> 23042 err ''
  FACT  tunnel_2 node census: 637 rows
      op readback {'UID': 1628, 'Name': 'x', 'UID 2': 2160, 'Is Broken?': True}
  FACT  ExecState [tunnel_2 after op] opmodels_measure_B_20260924_224706_tunnel.vi = 0
  FACT  tunnel_2 META {'dir': 'out', 'src': [23405, 194, 'x-y'], 'dst': [686, 1628, 'x'], 'setup': 'move_in 194', 'setup_result': 23042, 'setup_err': ''} RESULT "(1, 0, '')"
  FACT  tunnel_2 DIFF {'terms_added': 8, 'terms_removed': 0, 'terms_changed': 1, 'objs_added': 11, 'objs_removed': 0, 'edges_removed': 0, 'edges_added': 2, 'edges_rewired': 0} uid_alloc new=[23468, 25316, 25336, 25339, 25343, 25347, 25348, 25355, 25358, 25371, 25383] all_above_max=False
  PASS  C1 tunnel_2 op returned without raising and without an error string  ('', '')
  PASS  C2 tunnel_2 the op had an effect (diff non-empty)  {'terms_added': 8, 'terms_removed': 0, 'terms_changed': 1, 'objs_added': 11, 'objs_removed': 0, 'edges_removed': 0, 'edges_added': 2, 'edges_rewired': 0}
  FACT  tunnel_2 AFTER node census: 638 rows
  FACT  tunnel_2 CENSUS DIFF: Node 637 -> 638 ; 1 new uid(s): [(23468, 'Invoke', (1985, 112))]
  FACT  tunnel_2 new #23468 #23468 lives at: {'diagram_index': 19, 'diagram_uid': 686, 'diagram_class': 'Diagram', 'nodes_index': 22, 'nodes_on_diagram': 23, 'label': 'Invoke Node'}  (20 diagram(s) scanned of 173, 0.8 s)
  FACT  tunnel_2 new #23468 terminal table of #23468 (Diagram idx 19, Nodes[22], echo 23468): 6 terminal(s)
  FACT      tunnel_2 new #23468 t0  'reference'                        is_source=False wire=0       errs=[0, 0, 0, 1055]
  FACT      tunnel_2 new #23468 t1  'reference out'                    is_source=True  wire=0       errs=[0, 0, 0, 1055]
  FACT      tunnel_2 new #23468 t2  'error in (no error)'              is_source=False wire=0       errs=[0, 0, 0, 1055]
  FACT      tunnel_2 new #23468 t3  'error out'                        is_source=True  wire=0       errs=[0, 0, 0, 1055]
  FACT      tunnel_2 new #23468 t4  'Method'                           is_source=False wire=0       errs=[0, 0, 0, 1055]
  FACT      tunnel_2 new #23468 t5  'Method'                           is_source=True  wire=0       errs=[0, 0, 0, 1055]
  FACT  tunnel_2 the junk node's FULL terminal table is printed above; 6 terminal(s), 0 WIRED - the purge precondition (ZERO wired) HOLDS
  FACT  tunnel_2 purge delete Node #23468 at index 93: gone [23468], error '', census 638 -> 637, still present False (1.28 s)
  FACT  tunnel_2 AFTER THE PURGE node census: 637 rows
  FACT  tunnel_2 purge arithmetic: Node 637 -> 638 -> 637
  FACT  ExecState [tunnel_2 after purge] opmodels_measure_B_20260924_224706_tunnel.vi = 0
  FACT  HANDLES cell tunnel: 63155 -> 63426 (delta 271)
  PASS  H4 tunnel scratch deleted: opmodels_measure_B_20260924_224706_tunnel.vi  C:\Program Files\National Instruments\LabVIEW 2026\user.lib\claudeDev\opmodels_measure_B_20260924_224706_tunnel.vi

---------- OP connect_from_wire
  PASS  SC opmodels_measure_B_20260924_224706_connect_fr.vi is a byte-identical copy of D1_s4_loop17.vi  opmodels_measure_B_20260924_224706_connect_fr.vi
  FACT  connect_from_wire_1 SETUP move_in 9342 -> 23042 err ''
  FACT  connect_from_wire_1 node census: 636 rows
  FACT  ExecState [connect_from_wire_1 after op] opmodels_measure_B_20260924_224706_connect_fr.vi = 0
  FACT  connect_from_wire_1 META {'wire': 9415, 'src': 9426, 'src_cls': 'FlatSequenceInnerTunnel', 'dst': [23405, 9342, 'array'], 'setup': 'move_in 9342', 'setup_result': 23042, 'setup_err': ''} RESULT "(1, 0, '', {'err_uidvi': '', 'err_wirepn': '', 'UID 2': 24162, 'Is Broken?': False, 'Name': 'array'})"
  FACT  connect_from_wire_1 DIFF {'terms_added': 8, 'terms_removed': 0, 'terms_changed': 2, 'objs_added': 11, 'objs_removed': 0, 'edges_removed': 0, 'edges_added': 2, 'edges_rewired': 0} uid_alloc new=[24104, 24162, 24294, 24306, 24316, 24333, 24336, 24358, 25237, 25246, 25280] all_above_max=False
  PASS  C1 connect_from_wire_1 op returned without raising and without an error string  ('', '')
  PASS  C2 connect_from_wire_1 the op had an effect (diff non-empty)  {'terms_added': 8, 'terms_removed': 0, 'terms_changed': 2, 'objs_added': 11, 'objs_removed': 0, 'edges_removed': 0, 'edges_added': 2, 'edges_rewired': 0}
  FACT  connect_from_wire_1 AFTER node census: 637 rows
  FACT  connect_from_wire_1 CENSUS DIFF: Node 636 -> 637 ; 1 new uid(s): [(9415, 'Invoke', (4593, 6523))]
  FACT  connect_from_wire_1 new #9415 #9415 lives at: {'diagram_index': 20, 'diagram_uid': 23405, 'diagram_class': 'Diagram', 'nodes_index': 5, 'nodes_on_diagram': 6, 'label': 'Invoke Node'}  (21 diagram(s) scanned of 173, 0.9 s)
  FACT  connect_from_wire_1 new #9415 terminal table of #9415 (Diagram idx 20, Nodes[5], echo 9415): 6 terminal(s)
  FACT      connect_from_wire_1 new #9415 t0  'reference'                        is_source=False wire=0       errs=[0, 0, 0, 1055]
  FACT      connect_from_wire_1 new #9415 t1  'reference out'                    is_source=True  wire=0       errs=[0, 0, 0, 1055]
  FACT      connect_from_wire_1 new #9415 t2  'error in (no error)'              is_source=False wire=0       errs=[0, 0, 0, 1055]
  FACT      connect_from_wire_1 new #9415 t3  'error out'                        is_source=True  wire=0       errs=[0, 0, 0, 1055]
  FACT      connect_from_wire_1 new #9415 t4  'Method'                           is_source=False wire=0       errs=[0, 0, 0, 1055]
  FACT      connect_from_wire_1 new #9415 t5  'Method'                           is_source=True  wire=0       errs=[0, 0, 0, 1055]
  FACT  connect_from_wire_1 the junk node's FULL terminal table is printed above; 6 terminal(s), 0 WIRED - the purge precondition (ZERO wired) HOLDS
  FACT  connect_from_wire_1 purge delete Node #9415 at index 94: gone [9415], error '', census 637 -> 636, still present False (1.27 s)
  FACT  connect_from_wire_1 AFTER THE PURGE node census: 636 rows
  FACT  connect_from_wire_1 purge arithmetic: Node 636 -> 637 -> 636
  FACT  ExecState [connect_from_wire_1 after purge] opmodels_measure_B_20260924_224706_connect_fr.vi = 0
  FACT  connect_from_wire_2 SETUP move_in 7201 -> 23042 err ''
  FACT  connect_from_wire_2 node census: 637 rows
  FACT  ExecState [connect_from_wire_2 after op] opmodels_measure_B_20260924_224706_connect_fr.vi = 0
  FACT  connect_from_wire_2 META {'wire': 23519, 'src': 8486, 'src_cls': 'Function', 'dst': [23405, 7201, 'x'], 'setup': 'move_in 7201', 'setup_result': 23042, 'setup_err': ''} RESULT "(1, 0, '', {'err_uidvi': '', 'err_wirepn': '', 'UID 2': 25306, 'Is Broken?': False, 'Name': 'x'})"
  FACT  connect_from_wire_2 DIFF {'terms_added': 8, 'terms_removed': 0, 'terms_changed': 5, 'objs_added': 12, 'objs_removed': 1, 'edges_removed': 0, 'edges_added': 2, 'edges_rewired': 3} uid_alloc new=[10071, 25300, 25306, 25316, 25333, 25339, 25343, 25344, 25348, 25355, 25363, 25374] all_above_max=False
  PASS  C1 connect_from_wire_2 op returned without raising and without an error string  ('', '')
  PASS  C2 connect_from_wire_2 the op had an effect (diff non-empty)  {'terms_added': 8, 'terms_removed': 0, 'terms_changed': 5, 'objs_added': 12, 'objs_removed': 1, 'edges_removed': 0, 'edges_added': 2, 'edges_rewired': 3}
  FACT  connect_from_wire_2 AFTER node census: 638 rows
  FACT  connect_from_wire_2 CENSUS DIFF: Node 637 -> 638 ; 1 new uid(s): [(10071, 'Invoke', (4593, 6523))]
  FACT  connect_from_wire_2 new #10071 #10071 lives at: {'diagram_index': 20, 'diagram_uid': 23405, 'diagram_class': 'Diagram', 'nodes_index': 7, 'nodes_on_diagram': 8, 'label': 'Invoke Node'}  (21 diagram(s) scanned of 173, 0.9 s)
  FACT  connect_from_wire_2 new #10071 terminal table of #10071 (Diagram idx 20, Nodes[7], echo 10071): 6 terminal(s)
  FACT      connect_from_wire_2 new #10071 t0  'reference'                        is_source=False wire=0       errs=[0, 0, 0, 1055]
  FACT      connect_from_wire_2 new #10071 t1  'reference out'                    is_source=True  wire=0       errs=[0, 0, 0, 1055]
  FACT      connect_from_wire_2 new #10071 t2  'error in (no error)'              is_source=False wire=0       errs=[0, 0, 0, 1055]
  FACT      connect_from_wire_2 new #10071 t3  'error out'                        is_source=True  wire=0       errs=[0, 0, 0, 1055]
  FACT      connect_from_wire_2 new #10071 t4  'Method'                           is_source=False wire=0       errs=[0, 0, 0, 1055]
  FACT      connect_from_wire_2 new #10071 t5  'Method'                           is_source=True  wire=0       errs=[0, 0, 0, 1055]
  FACT  connect_from_wire_2 the junk node's FULL terminal table is printed above; 6 terminal(s), 0 WIRED - the purge precondition (ZERO wired) HOLDS
  FACT  connect_from_wire_2 purge delete Node #10071 at index 94: gone [10071], error '', census 638 -> 637, still present False (1.28 s)
  FACT  connect_from_wire_2 AFTER THE PURGE node census: 637 rows
  FACT  connect_from_wire_2 purge arithmetic: Node 637 -> 638 -> 637
  FACT  ExecState [connect_from_wire_2 after purge] opmodels_measure_B_20260924_224706_connect_fr.vi = 0
  FACT  HANDLES cell connect_from_wire: 63426 -> 63501 (delta 75)
  PASS  H4 connect_from_wire scratch deleted: opmodels_measure_B_20260924_224706_connect_fr.vi  C:\Program Files\National Instruments\LabVIEW 2026\user.lib\claudeDev\opmodels_measure_B_20260924_224706_connect_fr.vi

---------- OP wire_sr
  PASS  SC opmodels_measure_B_20260924_224706_wire_sr.vi is a byte-identical copy of D1_s4_loop17.vi  opmodels_measure_B_20260924_224706_wire_sr.vi
  FACT  wire_sr_1 SETUP add_shift_reg 23041 y260 -> 23789 err ''
  FACT  wire_sr_1 node census: 635 rows
  FACT  ExecState [wire_sr_1 after op] opmodels_measure_B_20260924_224706_wire_sr.vi = 1
  FACT  wire_sr_1 META {'variant': 'RightIn', 'loop': 23041, 'src': [23405, 23042, 'x = y?'], 'setup': 'add_shift_reg 23041 y260', 'setup_result': 23789, 'setup_err': ''} RESULT "{'loop_index': 0, 'reg_index': 2, 'rights': [24083, 24150, 23789], 'node_index': 0, 'term_index': 0}"
  FACT  wire_sr_1 DIFF {'terms_added': 0, 'terms_removed': 0, 'terms_changed': 5, 'objs_added': 0, 'objs_removed': 0, 'edges_removed': 0, 'edges_added': 1, 'edges_rewired': 0} uid_alloc new=[] all_above_max=True
  PASS  C1 wire_sr_1 op returned without raising and without an error string  ('', '')
  PASS  C2 wire_sr_1 the op had an effect (diff non-empty)  {'terms_added': 0, 'terms_removed': 0, 'terms_changed': 5, 'objs_added': 0, 'objs_removed': 0, 'edges_removed': 0, 'edges_added': 1, 'edges_rewired': 0}
  FACT  wire_sr_1 AFTER node census: 635 rows
  FACT  wire_sr_1 CENSUS DIFF: Node 635 -> 635 ; 0 new uid(s): []
  FACT  ExecState [wire_sr_1 after purge] opmodels_measure_B_20260924_224706_wire_sr.vi = 1
  FACT  wire_sr_2 SETUP add_shift_reg 10170 y120 -> 23823 err ''
  FACT  wire_sr_2 node census: 635 rows
  FACT  ExecState [wire_sr_2 after op] opmodels_measure_B_20260924_224706_wire_sr.vi = 1
  FACT  wire_sr_2 META {'variant': 'RightIn', 'loop': 10170, 'src': [23166, 10171, 'x = y?'], 'setup': 'add_shift_reg 10170 y120', 'setup_result': 23823, 'setup_err': ''} RESULT "{'loop_index': 1, 'reg_index': 0, 'rights': [23823], 'node_index': 0, 'term_index': 0}"
  FACT  wire_sr_2 DIFF {'terms_added': 0, 'terms_removed': 0, 'terms_changed': 1, 'objs_added': 0, 'objs_removed': 0, 'edges_removed': 0, 'edges_added': 1, 'edges_rewired': 0} uid_alloc new=[] all_above_max=True
  PASS  C1 wire_sr_2 op returned without raising and without an error string  ('', '')
  PASS  C2 wire_sr_2 the op had an effect (diff non-empty)  {'terms_added': 0, 'terms_removed': 0, 'terms_changed': 1, 'objs_added': 0, 'objs_removed': 0, 'edges_removed': 0, 'edges_added': 1, 'edges_rewired': 0}
  FACT  wire_sr_2 AFTER node census: 635 rows
  FACT  wire_sr_2 CENSUS DIFF: Node 635 -> 635 ; 0 new uid(s): []
  FACT  ExecState [wire_sr_2 after purge] opmodels_measure_B_20260924_224706_wire_sr.vi = 1
  FACT  HANDLES cell wire_sr: 63500 -> 63576 (delta 76)
  PASS  H4 wire_sr scratch deleted: opmodels_measure_B_20260924_224706_wire_sr.vi  C:\Program Files\National Instruments\LabVIEW 2026\user.lib\claudeDev\opmodels_measure_B_20260924_224706_wire_sr.vi

---------- OP fs_inner_tunnel_connect
  PASS  SC opmodels_measure_B_20260924_224706_fs_inner_t.vi is a byte-identical copy of D1_s4_loop17.vi  opmodels_measure_B_20260924_224706_fs_inner_t.vi
      deleted wire w25092
  FACT  fs_inner_tunnel_connect_1 SETUP delete_wire 25092 -> (True, (6, 18, 0)) err ''
  FACT  fs_inner_tunnel_connect_1 node census: 635 rows
  FACT  ExecState [fs_inner_tunnel_connect_1 after op] opmodels_measure_B_20260924_224706_fs_inner_t.vi = 0
  FACT  fs_inner_tunnel_connect_1 META {'fsit': 25059, 'fsit_term': 25075, 'src': 24065, 'src_term': 'x*y', 'src_diag': 81548, 'setup': 'delete_wire 25092', 'setup_result': (True, (6, 18, 0)), 'setup_err': ''} RESULT "{'err': 'error 999999: POISON - not overwritten by the run', 'op': 'OpFsInnerTunnelConnect_v1.vi', 'auto_route': None, 'invoke_err': '', 'err_uidvi': '', 'err_fsit': '', 'err_termuid': '', 'err_uidback': '', 'term_uid': 25075, 'uid_back': 25059, 'sink_wire_uid': 23508, 'is_broken': False, 'UID': 240"
  FACT  fs_inner_tunnel_connect_1 DIFF {'terms_added': 6, 'terms_removed': 0, 'terms_changed': 7, 'objs_added': 8, 'objs_removed': 0, 'edges_removed': 0, 'edges_added': 6, 'edges_rewired': 0} uid_alloc new=[1756, 23508, 23795, 23814, 23850, 23862, 23955, 24030] all_above_max=False
  PASS  C1 fs_inner_tunnel_connect_1 op returned without raising and without an error string  ('', '')
  PASS  C2 fs_inner_tunnel_connect_1 the op had an effect (diff non-empty)  {'terms_added': 6, 'terms_removed': 0, 'terms_changed': 7, 'objs_added': 8, 'objs_removed': 0, 'edges_removed': 0, 'edges_added': 6, 'edges_rewired': 0}
  PASS  C1f fs_inner_tunnel_connect_1 fresh readback: wire_delta 1, Is Broken? False, uid_back == FSIT, term_uid == FSIT term  (True, True, True, True)
  FACT  fs_inner_tunnel_connect_1 AFTER node census: 636 rows
  FACT  fs_inner_tunnel_connect_1 CENSUS DIFF: Node 635 -> 636 ; 1 new uid(s): [(1756, 'Invoke', (-2648, 112))]
  FACT  fs_inner_tunnel_connect_1 new #1756 #1756 lives at: {'diagram_index': 6, 'diagram_uid': 81548, 'diagram_class': 'Diagram', 'nodes_index': 19, 'nodes_on_diagram': 20, 'label': 'Invoke Node'}  (7 diagram(s) scanned of 173, 0.4 s)
  FACT  fs_inner_tunnel_connect_1 new #1756 terminal table of #1756 (Diagram idx 6, Nodes[19], echo 1756): 6 terminal(s)
  FACT      fs_inner_tunnel_connect_1 new #1756 t0  'reference'                        is_source=False wire=0       errs=[0, 0, 0, 1055]
  FACT      fs_inner_tunnel_connect_1 new #1756 t1  'reference out'                    is_source=True  wire=0       errs=[0, 0, 0, 1055]
  FACT      fs_inner_tunnel_connect_1 new #1756 t2  'error in (no error)'              is_source=False wire=0       errs=[0, 0, 0, 1055]
  FACT      fs_inner_tunnel_connect_1 new #1756 t3  'error out'                        is_source=True  wire=0       errs=[0, 0, 0, 1055]
  FACT      fs_inner_tunnel_connect_1 new #1756 t4  'Method'                           is_source=False wire=0       errs=[0, 0, 0, 1055]
  FACT      fs_inner_tunnel_connect_1 new #1756 t5  'Method'                           is_source=True  wire=0       errs=[0, 0, 0, 1055]
  FACT  fs_inner_tunnel_connect_1 the junk node's FULL terminal table is printed above; 6 terminal(s), 0 WIRED - the purge precondition (ZERO wired) HOLDS
  FACT  fs_inner_tunnel_connect_1 purge delete Node #1756 at index 20: gone [1756], error '', census 636 -> 635, still present False (1.28 s)
  FACT  fs_inner_tunnel_connect_1 AFTER THE PURGE node census: 635 rows
  FACT  fs_inner_tunnel_connect_1 purge arithmetic: Node 635 -> 636 -> 635
  FACT  ExecState [fs_inner_tunnel_connect_1 after purge] opmodels_measure_B_20260924_224706_fs_inner_t.vi = 1
  PASS  C3 fs_inner_tunnel_connect_1 ExecState 1 after the purge (the connect left a whole VI)  1
      deleted wire w5297
  FACT  fs_inner_tunnel_connect_2 SETUP delete_wire 5297 -> (True, (18, 6, 0)) err ''
  FACT  fs_inner_tunnel_connect_2 node census: 635 rows
  FACT  ExecState [fs_inner_tunnel_connect_2 after op] opmodels_measure_B_20260924_224706_fs_inner_t.vi = 0
  FACT  fs_inner_tunnel_connect_2 META {'fsit': 5183, 'fsit_term': 5260, 'src': 5426, 'src_term': 'x+y', 'src_diag': 4866, 'setup': 'delete_wire 5297', 'setup_result': (True, (18, 6, 0)), 'setup_err': ''} RESULT "{'err': 'error 999999: POISON - not overwritten by the run', 'op': 'OpFsInnerTunnelConnect_v1.vi', 'auto_route': None, 'invoke_err': '', 'err_uidvi': '', 'err_fsit': '', 'err_termuid': '', 'err_uidback': '', 'term_uid': 5260, 'uid_back': 5183, 'sink_wire_uid': 23487, 'is_broken': False, 'UID': 5426,"
  FACT  fs_inner_tunnel_connect_2 DIFF {'terms_added': 6, 'terms_removed': 0, 'terms_changed': 7, 'objs_added': 8, 'objs_removed': 0, 'edges_removed': 0, 'edges_added': 6, 'edges_rewired': 0} uid_alloc new=[1756, 23487, 23795, 23814, 23850, 23862, 23955, 24030] all_above_max=False
  PASS  C1 fs_inner_tunnel_connect_2 op returned without raising and without an error string  ('', '')
  PASS  C2 fs_inner_tunnel_connect_2 the op had an effect (diff non-empty)  {'terms_added': 6, 'terms_removed': 0, 'terms_changed': 7, 'objs_added': 8, 'objs_removed': 0, 'edges_removed': 0, 'edges_added': 6, 'edges_rewired': 0}
  PASS  C1f fs_inner_tunnel_connect_2 fresh readback: wire_delta 1, Is Broken? False, uid_back == FSIT, term_uid == FSIT term  (True, True, True, True)
  FACT  fs_inner_tunnel_connect_2 AFTER node census: 636 rows
  FACT  fs_inner_tunnel_connect_2 CENSUS DIFF: Node 635 -> 636 ; 1 new uid(s): [(1756, 'Invoke', (1093, 112))]
  FACT  fs_inner_tunnel_connect_2 new #1756 #1756 lives at: {'diagram_index': 18, 'diagram_uid': 4866, 'diagram_class': 'Diagram', 'nodes_index': 10, 'nodes_on_diagram': 11, 'label': 'Invoke Node'}  (19 diagram(s) scanned of 173, 0.8 s)
  FACT  fs_inner_tunnel_connect_2 new #1756 terminal table of #1756 (Diagram idx 18, Nodes[10], echo 1756): 6 terminal(s)
  FACT      fs_inner_tunnel_connect_2 new #1756 t0  'reference'                        is_source=False wire=0       errs=[0, 0, 0, 1055]
  FACT      fs_inner_tunnel_connect_2 new #1756 t1  'reference out'                    is_source=True  wire=0       errs=[0, 0, 0, 1055]
  FACT      fs_inner_tunnel_connect_2 new #1756 t2  'error in (no error)'              is_source=False wire=0       errs=[0, 0, 0, 1055]
  FACT      fs_inner_tunnel_connect_2 new #1756 t3  'error out'                        is_source=True  wire=0       errs=[0, 0, 0, 1055]
  FACT      fs_inner_tunnel_connect_2 new #1756 t4  'Method'                           is_source=False wire=0       errs=[0, 0, 0, 1055]
  FACT      fs_inner_tunnel_connect_2 new #1756 t5  'Method'                           is_source=True  wire=0       errs=[0, 0, 0, 1055]
  FACT  fs_inner_tunnel_connect_2 the junk node's FULL terminal table is printed above; 6 terminal(s), 0 WIRED - the purge precondition (ZERO wired) HOLDS
  FACT  fs_inner_tunnel_connect_2 purge delete Node #1756 at index 83: gone [1756], error '', census 636 -> 635, still present False (1.28 s)
  FACT  fs_inner_tunnel_connect_2 AFTER THE PURGE node census: 635 rows
  FACT  fs_inner_tunnel_connect_2 purge arithmetic: Node 635 -> 636 -> 635
  FACT  ExecState [fs_inner_tunnel_connect_2 after purge] opmodels_measure_B_20260924_224706_fs_inner_t.vi = 1
  PASS  C3 fs_inner_tunnel_connect_2 ExecState 1 after the purge (the connect left a whole VI)  1
  FACT  HANDLES cell fs_inner_tunnel_connect: 63578 -> 63612 (delta 34)
  PASS  H4 fs_inner_tunnel_connect scratch deleted: opmodels_measure_B_20260924_224706_fs_inner_t.vi  C:\Program Files\National Instruments\LabVIEW 2026\user.lib\claudeDev\opmodels_measure_B_20260924_224706_fs_inner_t.vi

---------- OP const
  PASS  SC opmodels_measure_B_20260924_224706_const.vi is a byte-identical copy of D1_s4_loop17.vi  opmodels_measure_B_20260924_224706_const.vi
  FACT  const_1 node census: 635 rows
  FACT  ExecState [const_1 after op] opmodels_measure_B_20260924_224706_const.vi = 1
  FACT  const_1 META {'loop': 25380, 'node': 6440, 'term': 'error in (no error)'} RESULT "{'err': '', 'inv_err': '', 'created_uid': 23789}"
  FACT  const_1 DIFF {'terms_added': 1, 'terms_removed': 0, 'terms_changed': 1, 'objs_added': 6, 'objs_removed': 0, 'edges_removed': 0, 'edges_added': 1, 'edges_rewired': 0} uid_alloc new=[23789, 23981, 24069, 24277, 24358, 25240] all_above_max=False
  PASS  C1 const_1 op returned without raising and without an error string  ('', '')
  PASS  C2 const_1 the op had an effect (diff non-empty)  {'terms_added': 1, 'terms_removed': 0, 'terms_changed': 1, 'objs_added': 6, 'objs_removed': 0, 'edges_removed': 0, 'edges_added': 1, 'edges_rewired': 0}
  FACT  const_1 AFTER node census: 635 rows
  FACT  const_1 CENSUS DIFF: Node 635 -> 635 ; 0 new uid(s): []
  FACT  ExecState [const_1 after purge] opmodels_measure_B_20260924_224706_const.vi = 1
      deleted wire w24080
  FACT  const_2 SETUP delete_wire 24080 -> True err ''
  FACT  const_2 node census: 635 rows
  FACT  ExecState [const_2 after op] opmodels_measure_B_20260924_224706_const.vi = 1
  FACT  const_2 META {'loop': 23032, 'node': 23844, 'term': 'milliseconds to wait', 'setup': 'delete_wire 24080', 'setup_result': True, 'setup_err': ''} RESULT "{'err': '', 'inv_err': '', 'created_uid': 23508}"
  FACT  const_2 DIFF {'terms_added': 1, 'terms_removed': 0, 'terms_changed': 1, 'objs_added': 3, 'objs_removed': 0, 'edges_removed': 0, 'edges_added': 1, 'edges_rewired': 0} uid_alloc new=[23508, 25280, 25293] all_above_max=False
  PASS  C1 const_2 op returned without raising and without an error string  ('', '')
  PASS  C2 const_2 the op had an effect (diff non-empty)  {'terms_added': 1, 'terms_removed': 0, 'terms_changed': 1, 'objs_added': 3, 'objs_removed': 0, 'edges_removed': 0, 'edges_added': 1, 'edges_rewired': 0}
  FACT  const_2 AFTER node census: 635 rows
  FACT  const_2 CENSUS DIFF: Node 635 -> 635 ; 0 new uid(s): []
  FACT  ExecState [const_2 after purge] opmodels_measure_B_20260924_224706_const.vi = 1
  FACT  HANDLES cell const: 63613 -> 63647 (delta 34)
  PASS  H4 const scratch deleted: opmodels_measure_B_20260924_224706_const.vi  C:\Program Files\National Instruments\LabVIEW 2026\user.lib\claudeDev\opmodels_measure_B_20260924_224706_const.vi

---------- [H] HYGIENE
  FACT  close_panel(opmodels_measure_B2_20260924_224706.vi) raised com_error: (-2147352567, '??? ??????.', (6649, 'LabVIEW', 'LabVIEW: (Hex 0x47D) Cannot close or set the state of a closed front panel. The front panel must already be open before you close it or set its state.', None, 0, 0), None)
  FACT  gscript ref_counts: {'opened': 38, 'closed': 38, 'live': 0, 'cached_op_vis': 15}
  PASS  H5 VI-Server reference counter level (opened == closed)  {'opened': 38, 'closed': 38, 'live': 0, 'cached_op_vis': 15}
  FACT  LabVIEW handle count AFTER the work: 54870
  PASS  H4 scratch deleted: opmodels_measure_B2_20260924_224706.vi  C:\Program Files\National Instruments\LabVIEW 2026\user.lib\claudeDev\opmodels_measure_B2_20260924_224706.vi
  PASS  H2 the INPUT's md5 is UNCHANGED after the run  before 4b621946492da3d2fbb96b6053e715ec / after 4b621946492da3d2fbb96b6053e715ec
  FACT  PIN AFTER  ORIGINAL         2a78e17c449cacdaf5da389818526859  (want 2a78e17c449cacdaf5da389818526859) OK
  FACT  PIN AFTER  S1 D1_s1_copy    3e3d23cefd3a334001aa9d6156bf1aee  (want 3e3d23cefd3a334001aa9d6156bf1aee) OK
  FACT  PIN AFTER  S2 D1_s2_loops   6ff19497f2309e007a214660bb64b911  (want 6ff19497f2309e007a214660bb64b911) OK
  FACT  PIN AFTER  ROW2 bed         26c54ff784cb5cea21edbd214d2cc3a0  (want 26c54ff784cb5cea21edbd214d2cc3a0) OK
  FACT  PIN AFTER  M3a-2            3842f5e6f128226235dc78353f26ef44  (want 3842f5e6f128226235dc78353f26ef44) OK
  FACT  PIN AFTER  S4 loop17 bed    4b621946492da3d2fbb96b6053e715ec  (want 4b621946492da3d2fbb96b6053e715ec) OK
  PASS  H3 every md5 pin still holds
  FACT  THE FILES THIS RUN LEFT ON DISK: []  (removed: [])
  PASS  H6 the files left on disk == [] and nothing was removed  added [] removed []
  FACT  LabVIEW handle count at exit: 34008

====================================================================================================
=== GATES: 42 pass / 0 fail
JSON: G:\Codes\LabVIEW_Codes\MinLab\zz_LabView VI\AAA_UNIST\2. Tracking\V6_ParallelLoop\tools\bench\opmodels_measure_B2.json   elapsed 570.3 s
RESULT {"schema":"result-line/1","status":"PASS","gates":{"pass":42,"fail":0},"first_fail":null,"artefacts":[]}
BGRUN END rc=0 after 621s
