BGRUN START 2026-09-28 18:28:31 limit 15.0 min: py -u tools/bench/p1_bufmode_121.py
BGRUN PID 4344
open cam1 rc=0
contract: {'Width': 1280, 'Height': 1024, 'OffsetX': 0, 'OffsetY': 0, 'BinningHorizontal': 2, 'BinningVertical': 2, 'AcquisitionFrameRate': 90.0009, 'AcquisitionFrameRateRaw_us': 11111, 'ExposureMode': 'Timed', 'ExposureTime': 5555.0, 'ExposureTimeRaw': 5555, 'ExposureAuto': 'Off'}
=== set 90.0009 Hz -> 90.001
{"mode": "Next", "delay_ms": 0, "set_hz": 90.001, "wall_s": 4.001, "calls": 360, "calls_per_s": 90.0, "distinct_per_s": 90.0, "duplicates": 0, "gaps": 0, "skipped": 0, "backwards": 0, "rc_errors": {}, "get_ms_median": 11.1126, "get_ms_p99": 11.2273, "camera_hz": 89.98, "cpu_per_wall": 0.012}
{"mode": "Next", "delay_ms": 1, "set_hz": 90.001, "wall_s": 4.003, "calls": 360, "calls_per_s": 89.9, "distinct_per_s": 89.9, "duplicates": 0, "gaps": 0, "skipped": 0, "backwards": 0, "rc_errors": {}, "get_ms_median": 9.9259, "get_ms_p99": 10.9311, "camera_hz": 89.94, "cpu_per_wall": 0.012}
{"mode": "Next", "delay_ms": 15, "set_hz": 90.001, "wall_s": 4.004, "calls": 180, "calls_per_s": 45.0, "distinct_per_s": 45.0, "duplicates": 0, "gaps": 179, "skipped": 179, "backwards": 0, "rc_errors": {}, "get_ms_median": 7.1352, "get_ms_p99": 7.9626, "camera_hz": 89.91, "cpu_per_wall": 0.0}
{"mode": "Last", "delay_ms": 0, "set_hz": 90.001, "wall_s": 4.0, "calls": 100448, "calls_per_s": 25111.8, "distinct_per_s": 90.0, "duplicates": 100088, "gaps": 0, "skipped": 0, "backwards": 0, "rc_errors": {}, "get_ms_median": 0.0383, "get_ms_p99": 0.0761, "camera_hz": 89.75, "cpu_per_wall": 1.004}
{"mode": "Last", "delay_ms": 1, "set_hz": 90.001, "wall_s": 4.001, "calls": 2382, "calls_per_s": 595.4, "distinct_per_s": 90.0, "duplicates": 2022, "gaps": 0, "skipped": 0, "backwards": 0, "rc_errors": {}, "get_ms_median": 0.0631, "get_ms_p99": 0.1707, "camera_hz": 89.74, "cpu_per_wall": 0.008}
{"mode": "Last", "delay_ms": 15, "set_hz": 90.001, "wall_s": 4.001, "calls": 258, "calls_per_s": 64.5, "distinct_per_s": 64.5, "duplicates": 0, "gaps": 101, "skipped": 101, "backwards": 0, "rc_errors": {}, "get_ms_median": 0.0962, "get_ms_p99": 0.244, "camera_hz": 89.74, "cpu_per_wall": 0.012}
{"mode": "BufferNumber", "delay_ms": 0, "set_hz": 90.001, "wall_s": 4.001, "calls": 360, "calls_per_s": 90.0, "distinct_per_s": 90.0, "duplicates": 0, "gaps": 0, "skipped": 0, "backwards": 0, "rc_errors": {}, "get_ms_median": 11.1128, "get_ms_p99": 11.217, "camera_hz": 89.98, "cpu_per_wall": 0.012}
{"mode": "BufferNumber", "delay_ms": 1, "set_hz": 90.001, "wall_s": 4.002, "calls": 360, "calls_per_s": 90.0, "distinct_per_s": 90.0, "duplicates": 0, "gaps": 0, "skipped": 0, "backwards": 0, "rc_errors": {}, "get_ms_median": 9.9276, "get_ms_p99": 10.7635, "camera_hz": 89.95, "cpu_per_wall": 0.0}
{"mode": "BufferNumber", "delay_ms": 15, "set_hz": 90.001, "wall_s": 4.009, "calls": 258, "calls_per_s": 64.4, "distinct_per_s": 64.4, "duplicates": 0, "gaps": 20, "skipped": 100, "backwards": 0, "rc_errors": {}, "get_ms_median": 0.093, "get_ms_p99": 0.1808, "camera_hz": 89.8, "cpu_per_wall": 0.008}
{"mode": "Every", "delay_ms": 0, "set_hz": 90.001, "wall_s": 4.001, "calls": 360, "calls_per_s": 90.0, "distinct_per_s": 90.0, "duplicates": 0, "gaps": 0, "skipped": 0, "backwards": 0, "rc_errors": {}, "get_ms_median": 11.1134, "get_ms_p99": 11.2226, "camera_hz": 89.97, "cpu_per_wall": 0.004}
{"mode": "Every", "delay_ms": 1, "set_hz": 90.001, "wall_s": 4.003, "calls": 360, "calls_per_s": 89.9, "distinct_per_s": 89.9, "duplicates": 0, "gaps": 0, "skipped": 0, "backwards": 0, "rc_errors": {}, "get_ms_median": 9.9627, "get_ms_p99": 10.7103, "camera_hz": 89.94, "cpu_per_wall": 0.016}
{"mode": "Every", "delay_ms": 15, "set_hz": 90.001, "wall_s": 4.001, "calls": 257, "calls_per_s": 64.2, "distinct_per_s": 64.2, "duplicates": 0, "gaps": 20, "skipped": 100, "backwards": 0, "rc_errors": {}, "get_ms_median": 0.0966, "get_ms_p99": 0.2055, "camera_hz": 89.98, "cpu_per_wall": 0.0}
{"mode": "LastNew", "delay_ms": 0, "set_hz": 90.001, "wall_s": 4.001, "calls": 360, "calls_per_s": 90.0, "distinct_per_s": 90.0, "duplicates": 0, "gaps": 0, "skipped": 0, "backwards": 0, "rc_errors": {}, "get_ms_median": 11.1108, "get_ms_p99": 11.2159, "camera_hz": 89.98, "cpu_per_wall": 0.004}
{"mode": "LastNew", "delay_ms": 1, "set_hz": 90.001, "wall_s": 4.002, "calls": 360, "calls_per_s": 89.9, "distinct_per_s": 89.9, "duplicates": 0, "gaps": 0, "skipped": 0, "backwards": 0, "rc_errors": {}, "get_ms_median": 9.9279, "get_ms_p99": 10.8963, "camera_hz": 89.95, "cpu_per_wall": 0.008}
{"mode": "LastNew", "delay_ms": 15, "set_hz": 90.001, "wall_s": 4.005, "calls": 257, "calls_per_s": 64.2, "distinct_per_s": 64.2, "duplicates": 0, "gaps": 101, "skipped": 101, "backwards": 0, "rc_errors": {}, "get_ms_median": 0.0975, "get_ms_p99": 0.21, "camera_hz": 89.89, "cpu_per_wall": 0.004}
=== set 150.0 Hz -> 149.993
{"mode": "Next", "delay_ms": 0, "set_hz": 149.993, "wall_s": 4.002, "calls": 600, "calls_per_s": 149.9, "distinct_per_s": 149.9, "duplicates": 0, "gaps": 0, "skipped": 0, "backwards": 0, "rc_errors": {}, "get_ms_median": 6.6687, "get_ms_p99": 6.7738, "camera_hz": 149.92, "cpu_per_wall": 0.023}
{"mode": "Next", "delay_ms": 1, "set_hz": 149.993, "wall_s": 4.003, "calls": 600, "calls_per_s": 149.9, "distinct_per_s": 149.9, "duplicates": 0, "gaps": 0, "skipped": 0, "backwards": 0, "rc_errors": {}, "get_ms_median": 5.4575, "get_ms_p99": 6.332, "camera_hz": 149.88, "cpu_per_wall": 0.031}
{"mode": "Next", "delay_ms": 15, "set_hz": 149.993, "wall_s": 4.004, "calls": 200, "calls_per_s": 49.9, "distinct_per_s": 49.9, "duplicates": 0, "gaps": 199, "skipped": 398, "backwards": 0, "rc_errors": {}, "get_ms_median": 4.9439, "get_ms_p99": 5.8502, "camera_hz": 149.84, "cpu_per_wall": 0.008}
{"mode": "Last", "delay_ms": 0, "set_hz": 149.993, "wall_s": 4.0, "calls": 100813, "calls_per_s": 25203.2, "distinct_per_s": 150.0, "duplicates": 100213, "gaps": 0, "skipped": 0, "backwards": 0, "rc_errors": {}, "get_ms_median": 0.0382, "get_ms_p99": 0.0855, "camera_hz": 149.75, "cpu_per_wall": 1.004}
{"mode": "Last", "delay_ms": 1, "set_hz": 149.993, "wall_s": 4.001, "calls": 2339, "calls_per_s": 584.6, "distinct_per_s": 150.0, "duplicates": 1739, "gaps": 0, "skipped": 0, "backwards": 0, "rc_errors": {}, "get_ms_median": 0.0714, "get_ms_p99": 0.172, "camera_hz": 149.7, "cpu_per_wall": 0.0}
{"mode": "Last", "delay_ms": 15, "set_hz": 149.993, "wall_s": 4.004, "calls": 259, "calls_per_s": 64.7, "distinct_per_s": 64.7, "duplicates": 0, "gaps": 258, "skipped": 339, "backwards": 0, "rc_errors": {}, "get_ms_median": 0.0953, "get_ms_p99": 0.1589, "camera_hz": 149.86, "cpu_per_wall": 0.012}
{"mode": "BufferNumber", "delay_ms": 0, "set_hz": 149.993, "wall_s": 4.002, "calls": 600, "calls_per_s": 149.9, "distinct_per_s": 149.9, "duplicates": 0, "gaps": 0, "skipped": 0, "backwards": 0, "rc_errors": {}, "get_ms_median": 6.6683, "get_ms_p99": 6.7761, "camera_hz": 149.92, "cpu_per_wall": 0.027}
{"mode": "BufferNumber", "delay_ms": 1, "set_hz": 149.993, "wall_s": 4.003, "calls": 600, "calls_per_s": 149.9, "distinct_per_s": 149.9, "duplicates": 0, "gaps": 0, "skipped": 0, "backwards": 0, "rc_errors": {}, "get_ms_median": 5.4856, "get_ms_p99": 6.32, "camera_hz": 149.88, "cpu_per_wall": 0.008}
{"mode": "BufferNumber", "delay_ms": 15, "set_hz": 149.993, "wall_s": 4.003, "calls": 258, "calls_per_s": 64.4, "distinct_per_s": 64.4, "duplicates": 0, "gaps": 64, "skipped": 337, "backwards": 0, "rc_errors": {}, "get_ms_median": 0.0941, "get_ms_p99": 0.1928, "camera_hz": 149.88, "cpu_per_wall": 0.004}
{"mode": "Every", "delay_ms": 0, "set_hz": 149.993, "wall_s": 4.002, "calls": 600, "calls_per_s": 149.9, "distinct_per_s": 149.9, "duplicates": 0, "gaps": 0, "skipped": 0, "backwards": 0, "rc_errors": {}, "get_ms_median": 6.6679, "get_ms_p99": 6.7671, "camera_hz": 149.92, "cpu_per_wall": 0.023}
{"mode": "Every", "delay_ms": 1, "set_hz": 149.993, "wall_s": 4.003, "calls": 600, "calls_per_s": 149.9, "distinct_per_s": 149.9, "duplicates": 0, "gaps": 0, "skipped": 0, "backwards": 0, "rc_errors": {}, "get_ms_median": 5.5032, "get_ms_p99": 6.3482, "camera_hz": 149.88, "cpu_per_wall": 0.012}
{"mode": "Every", "delay_ms": 15, "set_hz": 149.993, "wall_s": 4.012, "calls": 259, "calls_per_s": 64.6, "distinct_per_s": 64.6, "duplicates": 0, "gaps": 64, "skipped": 336, "backwards": 0, "rc_errors": {}, "get_ms_median": 0.0932, "get_ms_p99": 0.223, "camera_hz": 149.82, "cpu_per_wall": 0.0}
{"mode": "LastNew", "delay_ms": 0, "set_hz": 149.993, "wall_s": 4.002, "calls": 600, "calls_per_s": 149.9, "distinct_per_s": 149.9, "duplicates": 0, "gaps": 0, "skipped": 0, "backwards": 0, "rc_errors": {}, "get_ms_median": 6.6678, "get_ms_p99": 6.7931, "camera_hz": 149.92, "cpu_per_wall": 0.055}
{"mode": "LastNew", "delay_ms": 1, "set_hz": 149.993, "wall_s": 4.003, "calls": 600, "calls_per_s": 149.9, "distinct_per_s": 149.9, "duplicates": 0, "gaps": 0, "skipped": 0, "backwards": 0, "rc_errors": {}, "get_ms_median": 5.4722, "get_ms_p99": 6.3637, "camera_hz": 149.9, "cpu_per_wall": 0.012}
{"mode": "LastNew", "delay_ms": 15, "set_hz": 149.993, "wall_s": 4.001, "calls": 258, "calls_per_s": 64.5, "distinct_per_s": 64.5, "duplicates": 0, "gaps": 257, "skipped": 339, "backwards": 0, "rc_errors": {}, "get_ms_median": 0.0967, "get_ms_p99": 0.2234, "camera_hz": 149.71, "cpu_per_wall": 0.004}
restore/reopen: 90.0009 {'rc': 0, 'hz': 90.0009, 'w': 1280, 'h': 1024, 'close_rc': 0}
GATE PASS P1 Next d0 90.0009
GATE PASS P4 Next d0 90.0009
GATE PASS P1 Next d1 90.0009
GATE PASS P4 Next d1 90.0009
GATE PASS P1 Next d15 90.0009
GATE PASS P1 Last d0 90.0009
GATE PASS P2 Last d0 90.0009
GATE PASS P1 Last d1 90.0009
GATE PASS P1 Last d15 90.0009
GATE PASS P1 BufferNumber d0 90.0009
GATE PASS P4 BufferNumber d0 90.0009
GATE PASS P1 BufferNumber d1 90.0009
GATE PASS P4 BufferNumber d1 90.0009
GATE PASS P1 BufferNumber d15 90.0009
GATE PASS P1 Every d0 90.0009
GATE PASS P4 Every d0 90.0009
GATE PASS P1 Every d1 90.0009
GATE PASS P4 Every d1 90.0009
GATE PASS P1 Every d15 90.0009
GATE PASS P1 LastNew d0 90.0009
GATE PASS P3 LastNew d0 90.0009
GATE PASS P1 LastNew d1 90.0009
GATE PASS P3 LastNew d1 90.0009
GATE PASS P1 LastNew d15 90.0009
GATE PASS P3 LastNew d15 90.0009
GATE PASS P1 Next d0 150
GATE PASS P4 Next d0 150
GATE PASS P1 Next d1 150
GATE PASS P4 Next d1 150
GATE PASS P1 Next d15 150
GATE PASS P1 Last d0 150
GATE PASS P2 Last d0 150
GATE PASS P1 Last d1 150
GATE PASS P1 Last d15 150
GATE PASS P1 BufferNumber d0 150
GATE PASS P4 BufferNumber d0 150
GATE PASS P1 BufferNumber d1 150
GATE PASS P4 BufferNumber d1 150
GATE PASS P1 BufferNumber d15 150
GATE PASS P1 Every d0 150
GATE PASS P4 Every d0 150
GATE PASS P1 Every d1 150
GATE PASS P4 Every d1 150
GATE PASS P1 Every d15 150
GATE PASS P1 LastNew d0 150
GATE PASS P3 LastNew d0 150
GATE PASS P1 LastNew d1 150
GATE PASS P3 LastNew d1 150
GATE PASS P1 LastNew d15 150
GATE PASS P3 LastNew d15 150
GATE PASS P5 closed+reopen
RESULT {"schema":"result-line/1","status":"PASS","gates":{"pass":51,"fail":0},"first_fail":null,"artefacts":[{"path":"tools/bench/p1_bufmode_121.json","md5":"c53762ce4fae3543b218a56e800e308e"}]}
BGRUN END rc=0 after 144s
