BGRUN START 2026-09-18 15:08:12 limit 1.0 min: powershell -NoProfile -ExecutionPolicy Bypass -File tools/bench/p2_pi_query_ron.ps1
RON?  1=1
FRF?  1=0
SVO?  1=1
POS?  1=0.00000
TMN?  1=0.00000
TMX?  1=39.00000
ERR?  0
VEL?  1=15.00000
BGRUN END rc=0 after 0s
BGRUN START 2026-09-18 15:51:16 limit 1.0 min: powershell -NoProfile -ExecutionPolicy Bypass -File tools/bench/p2_pi_query_ron.ps1
RON?  1=0
FRF?  1=0
SVO?  1=1
POS?  1=0.00000
TMN?  1=0.00000
TMX?  1=39.00000
ERR?  0
VEL?  1=15.00000
BGRUN END rc=0 after 0s
