BGRUN START 2026-09-26 13:09:03 limit 25.0 min: py -u tools/bench/par1359_95_pre.py
BGRUN PID 10032
BGRUN STAGE-RUN recorded par1359_95_pre.py cycle='cycle 95' card=None pid=10016 -> stage_runs.jsonl

---------- [0] FILES ONLY - the input's md5, the pins, the claudeDev listing
  FACT  claudeDev holds 268 .vi file(s) BEFORE the run
  PASS  K1 input md5 == 3e3d23cefd3a334001aa9d6156bf1aee  got 3e3d23cefd3a334001aa9d6156bf1aee
  FACT  PIN BEFORE ORIGINAL         2a78e17c449cacdaf5da389818526859  (want 2a78e17c449cacdaf5da389818526859) OK
  FACT  PIN BEFORE S1 D1_s1_copy    3e3d23cefd3a334001aa9d6156bf1aee  (want 3e3d23cefd3a334001aa9d6156bf1aee) OK
  FACT  PIN BEFORE S2 D1_s2_loops   6ff19497f2309e007a214660bb64b911  (want 6ff19497f2309e007a214660bb64b911) OK
  FACT  PIN BEFORE ROW2 bed         26c54ff784cb5cea21edbd214d2cc3a0  (want 26c54ff784cb5cea21edbd214d2cc3a0) OK
  FACT  PIN BEFORE M3a-2            3842f5e6f128226235dc78353f26ef44  (want 3842f5e6f128226235dc78353f26ef44) OK
  PASS  K2 the ORIGINAL's md5 is 2a78e17c449cacdaf5da389818526859  got 2a78e17c449cacdaf5da389818526859 at G:\Codes\LabVIEW_Codes\MinLab\zz_LabView VI\AAA_UNIST\2. Tracking\Min_Track N beads V6_ParallelLoop.vi

---------- [1] RESTART LabVIEW (standing authority; fresh ~31,500 handles)
  FACT  LabVIEW handle count BEFORE the restart: 0
  FACT  LabVIEW handle count AFTER the restart: 33995

---------- [2] THE DATED WORK COPY under claudeDev - the input is never opened for writing
  PASS  K3 the work copy is byte-identical to the input  scratch_c95_pre_20260926_130904.vi
  FACT  ExecState [after open] scratch_c95_pre_20260926_130904.vi = 1
  FACT  THE WORK COPY IS A SCRATCH: this stage saves nothing, so scratch_c95_pre_20260926_130904.vi is deleted at close
  PASS  A diagram #7911 on report_all('Diagram')  index 74
  FACT  NODES on #7911 (Diagram.Nodes[]): 10 [8566, 8634, 8741, 8764, 11310, 27716, 28083, 28180, 28233, 29009] ; not in offline set [] ; offline not live [8775, 8795]
  FACT  CLASS FeedbackNode   in VI 0 ; on #7911 []
  PASS  B FeedbackNode nodes on #7911 == 0  []
  FACT  CLASS Local          in VI 8 ; on #7911 []
  PASS  B Local nodes on #7911 == 0  []
  FACT  CLASS Global         in VI 7 ; on #7911 []
  PASS  B Global nodes on #7911 == 0  []
  FACT  CLASS ForLoop        in VI 17 ; on #7911 []
  FACT  CLASS WhileLoop      in VI 3 ; on #7911 []
  FACT  CLASS CaseStructure  in VI 37 ; on #7911 []
  FACT  CLASS FlatSequence   in VI 21 ; on #7911 []
  FACT  CLASS Sequence       in VI 4 ; on #7911 []
  FACT  CLASS EventStructure in VI 2 ; on #7911 []
  FACT  CLASS TimedLoop      in VI 0 ; on #7911 []
  FACT  report_all(FormulaNode) raised RuntimeError: report_all(FormulaNode) on scratch_c95_pre_20260926_130904.vi: error 1092: Invoke Node in TRef Traverse.vi->VI Scripting - Traverse.lvlib:Traverse for GObjects.vi->OpReportAll_v0.vi | <APPEND> | Method Name: <b>Class Operator:Set</b> (Traverse Initia
  FACT  CLASS FormulaNode    in VI NOT READABLE ; on #7911 None err RuntimeError: report_all(FormulaNode) on scratch_c95_pre_20260926_130904.vi: err
  ROW   A2 live non-structure Nodes[] of #7911 vs the 12 offline uids (symmetric diff) : observed=[8775, 8795] expected=[]
  PASS  B2 no nested structure owned by #7911 (the subtree is #7911 alone)  []
  PASS  C #1359 shift registers == 0 (loop_cast echo 1359)  {'loop_uid': 1359, 'n_wire_uid': 0, 'shift_reg_uids': [], 'errors': {}, 'parallel_enabled': False, 'static_instances': 0}
  FACT  SUBVI #29009 NI_AALBase.lvlib:Median Filter.vi | C:\Program Files\National Instruments\LabVIEW 2026\vi.lib\Analysis\3filter.llb\Median Filter.vi
  FACT  SUBVI #28233 NI_AALBase.lvlib:FIR Filter (DBL).vi | C:\Program Files\National Instruments\LabVIEW 2026\vi.lib\Analysis\3filter.llb\FIR Filter (DBL).vi
  FACT  SUBVI #28180 NI_AALBase.lvlib:Smoothing Filter Coefficients.vi | C:\Program Files\National Instruments\LabVIEW 2026\vi.lib\Analysis\3filter.llb\Smoothing Filter Coefficients.vi
  FACT  SUBVI #28083 Magnet2Force v3_for M270.vi | G:\Codes\LabVIEW_Codes\MinLab\zz_LabView VI\DY\Background VIs\Magnet2Force v3_for M270.vi
  PASS  D subVI calls on #7911 read (uid echo within the node set)  4
  FACT  CALLEE d1 FIR Filter (DBL).vi: {'md5_before': 'd03fd51ce19a47f5ccad8530e2ef242a', 'ReentrancyType': 1, 'IsReentrant': True, 'ExecState': 1, 'FeedbackNode': 0, 'Global': 0, 'Local': 0, 'LeftShiftRegister': 2, 'SubVI': 0, 'Diagram': 2, 'Node': 5}
  FACT  CALLEE d1 FIR Filter (DBL).vi subVIs: []
  PASS  CM FIR Filter (DBL).vi md5 unchanged by the read
  FACT  CALLEE d1 Median Filter.vi: {'md5_before': '11ce5ff275442c7d0cf850bb965cbc63', 'ReentrancyType': 1, 'IsReentrant': True, 'ExecState': 1, 'FeedbackNode': 0, 'Global': 0, 'Local': 0, 'LeftShiftRegister': 0, 'SubVI': 0, 'Diagram': 1, 'Node': 1}
  FACT  CALLEE d1 Median Filter.vi subVIs: []
  PASS  CM Median Filter.vi md5 unchanged by the read
  FACT  CALLEE d1 Smoothing Filter Coefficients.vi: {'md5_before': '81930fee533c818a76d3dd37ad9edc61', 'ReentrancyType': 0, 'IsReentrant': True, 'ExecState': 1, 'FeedbackNode': 0, 'Global': 0, 'Local': 0, 'LeftShiftRegister': 0, 'SubVI': 0, 'Diagram': 6, 'Node': 19}
  FACT  CALLEE d1 Smoothing Filter Coefficients.vi subVIs: []
  PASS  CM Smoothing Filter Coefficients.vi md5 unchanged by the read
  FACT  CALLEE d1 Magnet2Force v3_for M270.vi: {'md5_before': 'ee0ef3a95c3a213c9503f14f54abaf2c', 'ReentrancyType': 1, 'IsReentrant': False, 'ExecState': 1, 'FeedbackNode': 0, 'Global': 0, 'Local': 0, 'LeftShiftRegister': 0, 'SubVI': 0, 'Diagram': 3, 'Node': 20}
  FACT  CALLEE d1 Magnet2Force v3_for M270.vi subVIs: []
  PASS  CM Magnet2Force v3_for M270.vi md5 unchanged by the read
  FACT  HANDLES after reads: 54573

---------- [H] HYGIENE
  FACT  close_panel(scratch_c95_pre_20260926_130904.vi) raised com_error: (-2147352567, '??? ??????.', (6649, 'LabVIEW', 'LabVIEW: (Hex 0x47D) Cannot close or set the state of a closed front panel. The front panel must already be open before you close it or set its state.', None, 0, 0), None)
  FACT  gscript ref_counts: {'opened': 8, 'closed': 8, 'live': 0, 'cached_op_vis': 5}
  PASS  H5 VI-Server reference counter level (opened == closed)  {'opened': 8, 'closed': 8, 'live': 0, 'cached_op_vis': 5}
  FACT  LabVIEW handle count AFTER the work: 54573
  PASS  H4 scratch deleted: scratch_c95_pre_20260926_130904.vi  C:\Program Files\National Instruments\LabVIEW 2026\user.lib\claudeDev\scratch_c95_pre_20260926_130904.vi
  PASS  H2 the INPUT's md5 is UNCHANGED after the run  before 3e3d23cefd3a334001aa9d6156bf1aee / after 3e3d23cefd3a334001aa9d6156bf1aee
  FACT  PIN AFTER  ORIGINAL         2a78e17c449cacdaf5da389818526859  (want 2a78e17c449cacdaf5da389818526859) OK
  FACT  PIN AFTER  S1 D1_s1_copy    3e3d23cefd3a334001aa9d6156bf1aee  (want 3e3d23cefd3a334001aa9d6156bf1aee) OK
  FACT  PIN AFTER  S2 D1_s2_loops   6ff19497f2309e007a214660bb64b911  (want 6ff19497f2309e007a214660bb64b911) OK
  FACT  PIN AFTER  ROW2 bed         26c54ff784cb5cea21edbd214d2cc3a0  (want 26c54ff784cb5cea21edbd214d2cc3a0) OK
  FACT  PIN AFTER  M3a-2            3842f5e6f128226235dc78353f26ef44  (want 3842f5e6f128226235dc78353f26ef44) OK
  PASS  H3 every md5 pin still holds
  FACT  THE FILES THIS RUN LEFT ON DISK: []  (removed: [])
  PASS  H6 the files left on disk == [] and nothing was removed  added [] removed []
  FACT  LabVIEW handle count at exit: 34002

====================================================================================================
=== GATES: 19 pass / 0 fail
JSON: G:\Codes\LabVIEW_Codes\MinLab\zz_LabView VI\AAA_UNIST\2. Tracking\V6_ParallelLoop\tools\bench\par1359_95_pre.json   elapsed 115.5 s
RESULT {"schema":"result-line/1","status":"PASS","gates":{"pass":19,"fail":0},"first_fail":null,"artefacts":[]}
BGRUN END rc=0 after 116s
