BGRUN START 2026-09-28 04:54:41 limit 4.0 min: py -u tools/stagesim.py simulate tools/bench/plan_l2r1_in.json tools/bench/graph_l2b3_20260928.json
BGRUN PID 21584
  BASE-FLIPS seeded 6 terminal(s) on 3 undirected tunnel(s): [9503, 10177, 29777]
  STEP 01 delete_object    ok cands=0 cdiff=16 measured:tools/bench/opmodels/delete_object.json@872644df5c0e7f59dfef1cb44637a8ed
  STEP 02 delete_object    ok cands=0 cdiff=16 measured:tools/bench/opmodels/delete_object.json@872644df5c0e7f59dfef1cb44637a8ed
  STEP 03 delete_object    ok cands=0 cdiff=16 measured:tools/bench/opmodels/delete_object.json@872644df5c0e7f59dfef1cb44637a8ed
  STEP 04 delete_object    ok cands=0 cdiff=16 measured:tools/bench/opmodels/delete_object.json@872644df5c0e7f59dfef1cb44637a8ed
  STEP 05 delete_object    ok cands=0 cdiff=16 measured:tools/bench/opmodels/delete_object.json@872644df5c0e7f59dfef1cb44637a8ed
  STEP 06 delete_object    ok cands=0 cdiff=16 measured:tools/bench/opmodels/delete_object.json@872644df5c0e7f59dfef1cb44637a8ed
  ROUTE 1 delete_object ['r1_sr9018']: delete_object
  ROUTE 2 delete_object ['r1_sr29505']: delete_object
  ROUTE 3 delete_object ['r1_sr1147']: delete_object
  ROUTE 4 delete_object ['r1_sr5796']: delete_object
  ROUTE 5 delete_object ['r1_sr119']: delete_object
  ROUTE 6 delete_object ['r1_sr7311']: delete_object
SUMMARY final=True failed=None end_cdiff_rows=['11261|Terminal|array|0', '11261|Terminal|element|0', '2626|Terminal|array|0', '2626|Terminal|array|1', '2626|Terminal|array|2', '2626|Terminal|array|3', '2626|Terminal|element|0', '2626|Terminal|element|1', '2626|Terminal|element|2', '28083|Terminal|Magnet position|0', '29625|Terminal|index (col)|0', '29973|Terminal|element|1', '376|Terminal|current frame data array in|0', '376|Terminal|frame index|0', '5058|Terminal|Image In|0', '8634|Terminal|index (col)|0'] first_divergent={'n': 0, 'op': 'base', 'id': None, 'rows_from_here': 16} candidates=0
RESULT {"schema":"result-line/1","status":"PASS","gates":{"pass":1,"fail":0},"first_fail":null,"artefacts":[{"path":"tools/bench/plan_l2r1.json","md5":"38efbd77a4685570b6a4a83181a0ec59"}]}
BGRUN END rc=0 after 9s
BGRUN START 2026-09-28 05:11:14 limit 4.0 min: py -u tools/stagesim.py simulate tools/bench/plan_l2r1_in.json tools/bench/graph_l2b3_20260928.json
BGRUN PID 10824
  BASE-FLIPS seeded 6 terminal(s) on 3 undirected tunnel(s): [9503, 10177, 29777]
  STEP 01 delete_wire      ok cands=0 cdiff=16 measured:tools/bench/opmodels/delete_wire.json@3ee49994f25b3d2d38f85b9310f3a32a
  STEP 02 delete_wire      ok cands=0 cdiff=16 measured:tools/bench/opmodels/delete_wire.json@3ee49994f25b3d2d38f85b9310f3a32a
  STEP 03 delete_object    ok cands=0 cdiff=16 measured:tools/bench/opmodels/delete_object.json@872644df5c0e7f59dfef1cb44637a8ed
  STEP 04 delete_wire      ok cands=0 cdiff=16 measured:tools/bench/opmodels/delete_wire.json@3ee49994f25b3d2d38f85b9310f3a32a
  STEP 05 delete_wire      ok cands=0 cdiff=16 measured:tools/bench/opmodels/delete_wire.json@3ee49994f25b3d2d38f85b9310f3a32a
  STEP 06 delete_object    ok cands=0 cdiff=16 measured:tools/bench/opmodels/delete_object.json@872644df5c0e7f59dfef1cb44637a8ed
  STEP 07 delete_wire      ok cands=0 cdiff=16 measured:tools/bench/opmodels/delete_wire.json@3ee49994f25b3d2d38f85b9310f3a32a
  STEP 08 delete_wire      ok cands=0 cdiff=16 measured:tools/bench/opmodels/delete_wire.json@3ee49994f25b3d2d38f85b9310f3a32a
  STEP 09 delete_object    ok cands=0 cdiff=16 measured:tools/bench/opmodels/delete_object.json@872644df5c0e7f59dfef1cb44637a8ed
  STEP 10 delete_wire      ok cands=0 cdiff=16 measured:tools/bench/opmodels/delete_wire.json@3ee49994f25b3d2d38f85b9310f3a32a
  STEP 11 delete_wire      ok cands=0 cdiff=16 measured:tools/bench/opmodels/delete_wire.json@3ee49994f25b3d2d38f85b9310f3a32a
  STEP 12 delete_object    ok cands=0 cdiff=16 measured:tools/bench/opmodels/delete_object.json@872644df5c0e7f59dfef1cb44637a8ed
  STEP 13 delete_wire      ok cands=0 cdiff=16 measured:tools/bench/opmodels/delete_wire.json@3ee49994f25b3d2d38f85b9310f3a32a
  STEP 14 delete_wire      ok cands=0 cdiff=16 measured:tools/bench/opmodels/delete_wire.json@3ee49994f25b3d2d38f85b9310f3a32a
  STEP 15 delete_object    ok cands=0 cdiff=16 measured:tools/bench/opmodels/delete_object.json@872644df5c0e7f59dfef1cb44637a8ed
  STEP 16 delete_wire      ok cands=0 cdiff=16 measured:tools/bench/opmodels/delete_wire.json@3ee49994f25b3d2d38f85b9310f3a32a
  STEP 17 delete_object    ok cands=0 cdiff=16 measured:tools/bench/opmodels/delete_object.json@872644df5c0e7f59dfef1cb44637a8ed
  ROUTE 1 delete_wire ['r1_w9215']: delete_wire
  ROUTE 2 delete_wire ['r1_w9097']: delete_wire
  ROUTE 3 delete_object ['r1_sr9018']: delete_object
  ROUTE 4 delete_wire ['r1_w29591']: delete_wire
  ROUTE 5 delete_wire ['r1_w28039']: delete_wire
  ROUTE 6 delete_object ['r1_sr29505']: delete_object
  ROUTE 7 delete_wire ['r1_w505']: delete_wire
  ROUTE 8 delete_wire ['r1_w1681']: delete_wire
  ROUTE 9 delete_object ['r1_sr1147']: delete_object
  ROUTE 10 delete_wire ['r1_w5859']: delete_wire
  ROUTE 11 delete_wire ['r1_w6041']: delete_wire
  ROUTE 12 delete_object ['r1_sr5796']: delete_object
  ROUTE 13 delete_wire ['r1_w121']: delete_wire
  ROUTE 14 delete_wire ['r1_w7429']: delete_wire
  ROUTE 15 delete_object ['r1_sr119']: delete_object
  ROUTE 16 delete_wire ['r1_w10763']: delete_wire
  ROUTE 17 delete_object ['r1_sr7311']: delete_object
SUMMARY final=True failed=None end_cdiff_rows=['11261|Terminal|array|0', '11261|Terminal|element|0', '2626|Terminal|array|0', '2626|Terminal|array|1', '2626|Terminal|array|2', '2626|Terminal|array|3', '2626|Terminal|element|0', '2626|Terminal|element|1', '2626|Terminal|element|2', '28083|Terminal|Magnet position|0', '29625|Terminal|index (col)|0', '29973|Terminal|element|1', '376|Terminal|current frame data array in|0', '376|Terminal|frame index|0', '5058|Terminal|Image In|0', '8634|Terminal|index (col)|0'] first_divergent={'n': 0, 'op': 'base', 'id': None, 'rows_from_here': 16} candidates=0
RESULT {"schema":"result-line/1","status":"PASS","gates":{"pass":1,"fail":0},"first_fail":null,"artefacts":[{"path":"tools/bench/plan_l2r1.json","md5":"aab1efbe09e0160277073f90c0e3f4ad"}]}
BGRUN END rc=0 after 20s
