BGRUN START 2026-09-27 16:35:21 limit 20.0 min: py -u tools/stage_prerun.py --dry tools/recipes/stage_d1_l2b1.py
BGRUN PID 9652
stage_d1_l2b1 - card 110-2 (escalation 1 of 110-1), STAGE L2-B1 (d1-loop12-17-split-plan.md PD223(b); brief_110-1.md D/B, brief_110-2.md
J1/J3). INPUT the plan base graph's VI (the L2-A3 bed D1_l2_a3_20260927_151224.vi), FRESH LabVIEW -> claudeDev\D1_l2_b1_<ts>.vi (rule-6 GUI
save, ExecState 0 by design, never run). ROWS ONLY FROM plan_l2b1.json: group B's 8 nodes + 4 control terminals + (J1) indicators #8323/#28786 and
constants #6404/#9050/#9906 moved into 1.2 body #23166, the 2 group-B-only SR pairs re-created on #10170 (unwired here: B2), 10 wire rows whose
ends are node/control terminals. J3: CHECKPOINTS = the rule below UNION every op of the compiled plan whose kind is in stagexec BIND_KINDS.
PRIOR ART: stage_d1_l2a3.py (DryPlanBE, 179(b) CT reader, LB/PB/IB/RBW, every gate in dry), stage_d1_l2a1.py (moves + add_shift_reg +
CHECKPOINTS, PD193(a); panel sinks skip the 2nd pass, :84). No new op. PREDICTION: L1 one op per action, 6 moved CTs; E1 every checkpoint == its
sim step; CT each moved ControlTerminal: one row, partners == sim end; D new wires == sim, lost == sim; FU frame diagrams unchanged; PB cdiff(S1,
end) == the plan's open_rows (FATAL, before save); PS saved, md5 != input, input unchanged; IB AFTER the save per re-wired NODE sink: wire_delta 0
+ Is Broken? False (tunnel/register/panel sinks: E1 + RBW (+CT), PD184(a)); RBW on a scratch deletes no re-wired sink's wire.
    py tools/bgrun.py --material --max-min 90 --log tools/bench/stage_d1_l2b1.log -- py -u tools/recipes/stage_d1_l2b1.py
  PASS  L0 the executed plan is FINAL, open_rows_match, plan_in = the plan_l2b1_in stageplan  ('24904e75eb8e7ae46eecaaa4c8c95fa7', {'path': 'tools/bench/plan_l2b1_in.json', 'md5': '8b9cb7cbe9fde224028eba579d1f6715'})

---------- [0] FILES ONLY (DRY RUN: no LabVIEW, no copy)
  PASS  K1 input md5 == 14337cfda5780cb39d12deb5fe0d3db9  got 14337cfda5780cb39d12deb5fe0d3db9
  PASS  DRY graph JSON for input md5 14337cfda5780cb39d12deb5fe0d3db9  G:\Codes\LabVIEW_Codes\MinLab\zz_LabView VI\AAA_UNIST\2. Tracking\V6_ParallelLoop\tools\bench\graph_l2a3_bed_20260927.json
  PASS  L1 every plan action compiled into exactly one real op (29 -> 29); checkpoints (0, 4, 8, 12, 16, 17, 18, 19, 20, 24, 28, 29); moved CTs [403, 9306, 28170, 29091, 8323, 28786]  [1, 2, 3, 4, 5, 6, 7, 8, 9, 10, 11, 12, 13, 14, 15, 16, 17, 18, 19, 20, 21, 22, 23, 24, 25, 26, 27, 28, 29]
  STEPX 00 base read vs step_00: diff 0
  PARITY 3 touched diagram(s) [639, 686, 23166]: one-side-only Nodes[] entries 0
  PRIME 9 terminal indexes proved at base; 3 ControlTerminal end(s) by 179(b); unprovable []
  CHECKPOINTS whole-VI read+diff after ops [4, 8, 12, 16, 17, 18, 19, 20, 24, 28, 29] of 29
  FACT  OP move_in [1] -> err '' (0.0 s)
  STEPX 01 move_in        acts [1] ids ['mv_9833'] diff skipped (not a checkpoint)
  FACT  OP move_in [2] -> err '' (0.0 s)
  STEPX 02 move_in        acts [2] ids ['mv_6104'] diff skipped (not a checkpoint)
  FACT  OP move_in [3] -> err '' (0.0 s)
  STEPX 03 move_in        acts [3] ids ['mv_2222'] diff skipped (not a checkpoint)
  FACT  OP move_in [4] -> err '' (0.0 s)
  STEPX 04 move_in        acts [4] ids ['mv_8885'] bound {} diff 0
  FACT  OP move_in [5] -> err '' (0.0 s)
  STEPX 05 move_in        acts [5] ids ['mv_1359'] diff skipped (not a checkpoint)
  FACT  OP move_in [6] -> err '' (0.0 s)
  STEPX 06 move_in        acts [6] ids ['mv_11261'] diff skipped (not a checkpoint)
  FACT  OP move_in [7] -> err '' (0.0 s)
  STEPX 07 move_in        acts [7] ids ['mv_29874'] diff skipped (not a checkpoint)
  FACT  OP move_in [8] -> err '' (0.0 s)
  STEPX 08 move_in        acts [8] ids ['mv_2626'] bound {} diff 0
  FACT  OP move_in [9] -> err '' (0.0 s)
  STEPX 09 move_in        acts [9] ids ['mv_403'] diff skipped (not a checkpoint)
  FACT  OP move_in [10] -> err '' (0.0 s)
  STEPX 10 move_in        acts [10] ids ['mv_9306'] diff skipped (not a checkpoint)
  FACT  OP move_in [11] -> err '' (0.0 s)
  STEPX 11 move_in        acts [11] ids ['mv_28170'] diff skipped (not a checkpoint)
  FACT  OP move_in [12] -> err '' (0.0 s)
  STEPX 12 move_in        acts [12] ids ['mv_29091'] bound {} diff 0
  FACT  OP move_in [13] -> err '' (0.0 s)
  STEPX 13 move_in        acts [13] ids ['mv_8323'] diff skipped (not a checkpoint)
  FACT  OP move_in [14] -> err '' (0.0 s)
  STEPX 14 move_in        acts [14] ids ['mv_28786'] diff skipped (not a checkpoint)
  FACT  OP move_in [15] -> err '' (0.0 s)
  STEPX 15 move_in        acts [15] ids ['mv_6404'] diff skipped (not a checkpoint)
  FACT  OP move_in [16] -> err '' (0.0 s)
  STEPX 16 move_in        acts [16] ids ['mv_9050'] bound {} diff 0
  FACT  OP move_in [17] -> err '' (0.0 s)
  STEPX 17 move_in        acts [17] ids ['mv_9906'] bound {} diff 0
  FACT  OP add_sr [18] -> err '' (0.0 s)
  STEPX 18 add_sr         acts [18] ids ['srb1'] bound {-1: 10000001, -2: 10000004} diff 0
  FACT  OP add_sr [19] -> err '' (0.0 s)
  STEPX 19 add_sr         acts [19] ids ['srb2'] bound {-7: 10000007, -8: 10000010} diff 0
  FACT  OP wire_connect [20] -> err '' (0.0 s)
  STEPX 20 connect        acts [20] ids ['rw_2593_9839'] bound {} diff 0
  FACT  OP wire_connect [21] -> err '' (0.0 s)
  STEPX 21 connect        acts [21] ids ['rw_7105_6261'] diff skipped (not a checkpoint)
  FACT  OP wire_connect [22] -> err '' (0.0 s)
  STEPX 22 connect        acts [22] ids ['rw_9842_8898'] diff skipped (not a checkpoint)
  STALE-ADDRESS op 23: fresh read + one retry (CONNECT-NO-VERB: bare ControlTerminal source #403 -> sink #2282 on Tunnel #2276: wire_control addresses the sink NODE by class traverse; this sink's owner is not that node)
  FACT  OP wire_connect [23] -> err '' (0.0 s)
  STEPX 23 connect        acts [23] ids ['rw_403_2282'] diff skipped (not a checkpoint)
  STALE-ADDRESS op 24: fresh read + one retry (CONNECT-NO-VERB: bare ControlTerminal source #9306 -> sink #6142 on SelectorTunnel #6132: wire_control addresses the sink NODE by class traverse; this sink's owner is not that node)
  FACT  OP wire_connect [24] -> err '' (0.0 s)
  STEPX 24 connect        acts [24] ids ['rw_9306_6142'] bound {} diff 0
  FACT  OP wire_connect [25] -> err '' (0.0 s)
  STEPX 25 connect        acts [25] ids ['rw_11267_8323'] diff skipped (not a checkpoint)
  FACT  OP wire_connect [26] -> err '' (0.0 s)
  STEPX 26 connect        acts [26] ids ['rw_6421_6400'] diff skipped (not a checkpoint)
  FACT  OP wire_connect [27] -> err '' (0.0 s)
  STEPX 27 connect        acts [27] ids ['rw_9049_8894'] diff skipped (not a checkpoint)
  FACT  OP wire_connect [28] -> err '' (0.0 s)
  STEPX 28 connect        acts [28] ids ['rw_9920_9845'] bound {} diff 0
  FACT  OP wire_connect [29] -> err '' (0.0 s)
  STEPX 29 connect        acts [29] ids ['rw_5124_4168'] bound {} diff 0
  FACT  UNROUTABLE acts [23] ids ['rw_403_2282']: CONNECT-NO-VERB: bare ControlTerminal source #403 -> sink #2282 on Tunnel #2276: wire_control addresses the sink NODE by class traverse; this sink's owner is not that node
  FACT  UNROUTABLE acts [24] ids ['rw_9306_6142']: CONNECT-NO-VERB: bare ControlTerminal source #9306 -> sink #6142 on SelectorTunnel #6132: wire_control addresses the sink NODE by class traverse; this sink's owner is not that node
  UNVERIFIED  E1 the run reached its last op (record mode; stopped IN op {'k': 29, 'op': 'connect', 'acts': [29], 'ids': ['rw_5124_4168']})  (dry: after mutation Stage._op move_in)

=== DRY FAIL: first_fail=UNROUTABLE acts [23] ids ['rw_403_2282']: CONNECT-NO-VERB: bare ControlTerminal source #403 -> sink #2282 on Tunnel #2276: wire_control addresses the sink NODE by class traverse; this sink's owner is not that no coverage 40/104 lines, first mutation Stage._op move_in, unverified 1, graph tools/bench/graph_l2a3_bed_20260927.json
RESULT {"schema":"result-line/1","status":"FAIL","gates":{"pass":0,"fail":1},"first_fail":"UNROUTABLE acts [23] ids ['rw_403_2282']: CONNECT-NO-VERB: bare ControlTerminal source #403 -> sink #2282 on Tunnel #2276: wire_control addresses the sink NODE by class traverse; this sink's owner is ","artefacts":[]}
BGRUN END rc=1 after 25s
