BGRUN START 2026-10-02 08:55:26 limit 8.0 min: py -u tools/bench/plan_ring_p3b_split_p3b2.py
BGRUN PID 15992
PASS  S0 inputs md5 == card (plan_ring_p3b2 04204133, _in 4df60e63, fsmap 75e64374)  {'tools/bench/plan_ring_p3b2.json': '04204133d6c55929f368ec3761f70445', 'tools/bench/plan_ring_p3b2_in.json': '4df60e63ae0cb220345f1ee6d437868f', 'tools/bench/sim/ring_p3b2_base_real_fsmap.json': '75e64374c76f11a36de096afa5ebda37'}
  FACT  X10 START P3a bed 4dfa44aa: 567.7 = 561.8 + op-0 read 5.9 (tools/bench/stage_d1_ring_p3b1.log:42 (METER start k 0 private 561.8 MB, the P3a bed just loaded); tools/bench/stage_d1_ring_p3b1.log:42-43 (METER start k 0 561.8 MB -> METER read k 0 567.7 MB, d +5.9); pin4 :59-60 +6.0 (result_133-2.json); card 133-3, PD283(b))
  FACT  X10 START P3b-1 file 9d7bf287: 590.0 = 584.1 + op-0 read 5.9 (tools/bench/diag_c132_2_graph_p3b1.log:24 (MEM after load: 584.1 MB private); tools/bench/stage_d1_ring_p3b1.log:42-43 (METER start k 0 561.8 MB -> METER read k 0 567.7 MB, d +5.9); pin4 :59-60 +6.0 (result_133-2.json); card 133-3, PD283(b))
PASS  S1 X10 start from the MEASURED load of the input VI: P3b-1 re-modelled at 567.7 -> 678.5 MB within 680.4 +- 3 (stage_d1_ring_p3b1.log:430); P3b-2 starts at 590.0; unsplit P3b-2 (N 39, R 24) = 721.9 MB  {'p3b1': {'N': 31, 'R': 20, 'bind': 18, 'peak_mb': 678.5, 'start_mb': 567.7, 'fail_above_mb': 690.0, 'ok': True, 'checkpoints': [0, 2, 3, 4, 5, 6, 7, 8, 9, 10, 11, 12, 16, 20, 22, 24, 26, 28, 30, 31]}, 'p3b2_unsplit': {'N': 39, 'R': 24, 'bind': 22, 'peak_mb': 721.9, 'start_mb': 590.0, 'fail_above_mb': 690.0, 'ok': False, 'checkpoints': [0, 1, 2, 3, 4, 5, 6, 7, 8, 9, 10, 11, 12, 13, 14, 24, 26, 28, 30, 32, 34, 36, 38, 39]}}
  FACT  UNIT p3b_lw_num1: 9 actions [1, 2, 3, 4, 15, 16, 17, 24, 25]; depends on []
  FACT  UNIT p3b_lw_transpos: 9 actions [5, 6, 7, 18, 19, 26, 27, 34, 35]; depends on ['p3b_lw_num1']
  FACT  UNIT p3b_lw_rotpos: 9 actions [8, 9, 10, 20, 21, 28, 29, 36, 37]; depends on ['p3b_lw_num1']
  FACT  UNIT p3b_lw_frameidx: 9 actions [11, 12, 13, 22, 23, 30, 31, 38, 39]; depends on ['p3b_lw_num1']
  FACT  UNIT p3b_lw_latest: 3 actions [14, 32, 33]; depends on []
  CUT  a actions [1, 2, 3, 4, 5, 6, 7, 14, 15, 16, 17, 18, 19, 24, 25, 26, 27, 32, 33, 34, 35] | a N 21 BIND 12 R 14 start 590.0 peak 671.8 | a predicted load 599.2 | b N 18 BIND 10 R 12 start 605.1 peak 677.7 | larger 677.7
  CUT  a actions [1, 2, 3, 4, 8, 9, 10, 14, 15, 16, 17, 20, 21, 24, 25, 28, 29, 32, 33, 36, 37] | a N 21 BIND 12 R 14 start 590.0 peak 671.8 | a predicted load 599.2 | b N 18 BIND 10 R 12 start 605.1 peak 677.7 | larger 677.7
  CUT  a actions [1, 2, 3, 4, 11, 12, 13, 14, 15, 16, 17, 22, 23, 24, 25, 30, 31, 32, 33, 38, 39] | a N 21 BIND 12 R 14 start 590.0 peak 671.8 | a predicted load 599.2 | b N 18 BIND 10 R 12 start 605.1 peak 677.7 | larger 677.7
  CUT  a actions [1, 2, 3, 4, 5, 6, 7, 15, 16, 17, 18, 19, 24, 25, 26, 27, 34, 35] | a N 18 BIND 10 R 12 start 590.0 peak 662.6 | a predicted load 597.0 | b N 21 BIND 12 R 14 start 602.9 peak 684.7 | larger 684.7
  CUT  a actions [1, 2, 3, 4, 8, 9, 10, 15, 16, 17, 20, 21, 24, 25, 28, 29, 36, 37] | a N 18 BIND 10 R 12 start 590.0 peak 662.6 | a predicted load 597.0 | b N 21 BIND 12 R 14 start 602.9 peak 684.7 | larger 684.7
  CUT  a actions [1, 2, 3, 4, 11, 12, 13, 15, 16, 17, 22, 23, 24, 25, 30, 31, 38, 39] | a N 18 BIND 10 R 12 start 590.0 peak 662.6 | a predicted load 597.0 | b N 21 BIND 12 R 14 start 602.9 peak 684.7 | larger 684.7
  CUT  a actions [1, 2, 3, 4, 5, 6, 7, 8, 9, 10, 15, 16, 17, 18, 19, 20, 21, 24, 25, 26, 27, 28, 29, 34, 35, 36, 37] | a N 27 BIND 15 R 17 start 590.0 peak 687.7 | a predicted load 603.5 | b N 12 BIND 7 R 9 start 609.4 peak 666.1 | larger 687.7
  CUT  a actions [1, 2, 3, 4, 5, 6, 7, 11, 12, 13, 15, 16, 17, 18, 19, 22, 23, 24, 25, 26, 27, 30, 31, 34, 35, 38, 39] | a N 27 BIND 15 R 17 start 590.0 peak 687.7 | a predicted load 603.5 | b N 12 BIND 7 R 9 start 609.4 peak 666.1 | larger 687.7
  CUT  a actions [1, 2, 3, 4, 8, 9, 10, 11, 12, 13, 15, 16, 17, 20, 21, 22, 23, 24, 25, 28, 29, 30, 31, 36, 37, 38, 39] | a N 27 BIND 15 R 17 start 590.0 peak 687.7 | a predicted load 603.5 | b N 12 BIND 7 R 9 start 609.4 peak 666.1 | larger 687.7
  CUT  a actions [1, 2, 3, 4, 14, 15, 16, 17, 24, 25, 32, 33] | a N 12 BIND 7 R 9 start 590.0 peak 646.7 | a predicted load 592.7 | b N 27 BIND 15 R 17 start 598.6 peak 696.3 | larger 696.3
  CUT  a actions [1, 2, 3, 4, 5, 6, 7, 8, 9, 10, 14, 15, 16, 17, 18, 19, 20, 21, 24, 25, 26, 27, 28, 29, 32, 33, 34, 35, 36, 37] | a N 30 BIND 17 R 19 start 590.0 peak 696.9 | a predicted load 605.7 | b N 9 BIND 5 R 7 start 611.6 peak 659.1 | larger 696.9
  CUT  a actions [1, 2, 3, 4, 5, 6, 7, 11, 12, 13, 14, 15, 16, 17, 18, 19, 22, 23, 24, 25, 26, 27, 30, 31, 32, 33, 34, 35, 38, 39] | a N 30 BIND 17 R 19 start 590.0 peak 696.9 | a predicted load 605.7 | b N 9 BIND 5 R 7 start 611.6 peak 659.1 | larger 696.9
  CUT  a actions [1, 2, 3, 4, 8, 9, 10, 11, 12, 13, 14, 15, 16, 17, 20, 21, 22, 23, 24, 25, 28, 29, 30, 31, 32, 33, 36, 37, 38, 39] | a N 30 BIND 17 R 19 start 590.0 peak 696.9 | a predicted load 605.7 | b N 9 BIND 5 R 7 start 611.6 peak 659.1 | larger 696.9
  CUT  a actions [1, 2, 3, 4, 15, 16, 17, 24, 25] | a N 9 BIND 5 R 7 start 590.0 peak 637.5 | a predicted load 590.6 | b N 30 BIND 17 R 19 start 596.5 peak 703.4 | larger 703.4
  CUT  a actions [1, 2, 3, 4, 5, 6, 7, 8, 9, 10, 11, 12, 13, 15, 16, 17, 18, 19, 20, 21, 22, 23, 24, 25, 26, 27, 28, 29, 30, 31, 34, 35, 36, 37, 38, 39] | a N 36 BIND 20 R 22 start 590.0 peak 712.7 | a predicted load 610.0 | b N 3 BIND 2 R 4 start 615.9 peak 647.6 | larger 712.7
  CUT  a actions [14, 32, 33] | a N 3 BIND 2 R 4 start 590.0 peak 621.7 | a predicted load 586.3 | b N 36 BIND 20 R 22 start 592.2 peak 714.9 | larger 714.9
PASS  S2 5 unit(s), 16 dependency-closed cut(s) scored; best: a 21 actions, b 18; larger X10 677.7 <= 690.0 (a 671.8 at start 590.0; b 677.7 at start 605.1 = a's predicted load 599.2 + op-0 5.9)  
PASS  S3 a (21 actions) FINAL on the fsmap base, route check PASS (21 rows, 0 unbound), fs_routes 4, end cdiff == 16 rows, b names nothing a creates  {'failed': None, 'final': True, 'bad': [], 'md5': 'a419f23f29760447da8b43e1154fa470'}
PASS  S4a b input validates (stageplan/1, provisional baseref)  (True, 'OK stageplan/1')
PASS  S4 b (18 actions) FINAL on a's simulated end (provisional; route check after --rebase, PD264(b)), end cdiff == 16, no created uid reused  {'failed': None, 'final': True, 'md5': '1451ba90aadc594fe74f97793eb04e92'}
PASS  S5 a then b == 04204133's end: cdiff 16, object/owner/terminal/wire counts, created classes, created-terminal signatures, base terminals' wired state  {'ref': {'objects': 10334, 'owners': 1763, 'terminals': 5933, 'wires': 1974}, 'split': {'objects': 10334, 'owners': 1763, 'terminals': 5933, 'wires': 1974}, 'diff': [], 'new_classes': {'Local': 9, 'GrowableFunction': 4, 'DigitalNumericConstant': 1, 'FlatSequenceOuterTunnel': 4, 'SelectorTunnel': 3}}
  FACT  a pred a419f23f: ops {'create': 8, 'connect': 5, 'connect_term_uid': 4, 'wire_remove_loose_ends': 4}; census {} unpredicted ['p3b_lr_num1', 'p3b_ras_num1', 'p3b_k_m1', 'p3b_lw_num1', 'p3b_lr_transpos', 'p3b_ras_transpos', 'p3b_lw_transpos', 'p3b_lw_latest', 'p3b_w_n1_arr', 'p3b_w_m1_new', 'p3b_w_n1_out', 'p3b_w_t_arr', 'p3b_w_t_out', 'p3b_x_i_f1', 'p3b_rle_i_f1', 'p3b_x_i_rat1', 'p3b_rle_i_rat1', 'p3b_x_bn_latest', 'p3b_rle_bn_latest', 'p3b_x_trans', 'p3b_rle_trans']; X10 N 21 BIND 12 R 14 start 590.0 peak 671.8; unwired created sinks []
  FACT  b pred 1451ba90: ops {'create': 6, 'connect': 4, 'connect_term_uid': 4, 'wire_remove_loose_ends': 4}; census {} unpredicted ['p3b_lr_rotpos', 'p3b_ras_rotpos', 'p3b_lw_rotpos', 'p3b_lr_frameidx', 'p3b_ras_frameidx', 'p3b_lw_frameidx', 'p3b_w_r_arr', 'p3b_w_r_out', 'p3b_w_f_arr', 'p3b_w_f_out', 'p3b_x_i_rar1', 'p3b_rle_i_rar1', 'p3b_x_i_raf1', 'p3b_rle_i_raf1', 'p3b_x_rot', 'p3b_rle_rot', 'p3b_x_fidx', 'p3b_rle_fidx']; X10 N 18 BIND 10 R 12 start 605.1 peak 677.7; unwired created sinks []
PASS  S6 preds written: ops == compile of each plan (each action once); memory_pred == the S2 score; both <= 690  [671.8, 677.7]
PASS  S7 Error List range of the FINAL file: total 49..52, loose ends 18..21 (split a.step_00 -> b.last) == the unsplit 04204133 sim's 49..52  {'lost_split': [3268, 4878, 28437, 30592], 'lost_unsplit': [3268, 4878, 28437, 30592]}
RESULT {"schema":"result-line/1","status":"PASS","gates":{"pass":9,"fail":0},"first_fail":null,"artefacts":[{"path":"tools/bench/plan_ring_p3b2a_in.json","md5":"110364a947a91fa4f9e8b92d7d2100ac"},{"path":"tools/bench/plan_ring_p3b2a.json","md5":"a419f23f29760447da8b43e1154fa470"},{"path":"tools/bench/plan_ring_p3b2a_pred.json","md5":"dd332eb65c72f8f61d7163f2f330f808"},{"path":"tools/bench/sim/ring_p3b2b_base_provisional.json","md5":"d8aa6ca31fc34cb464fddf520c915b2e"},{"path":"tools/bench/plan_ring_p3b2b_in.json","md5":"74578ae78f6d99ca345295364e166c18"},{"path":"tools/bench/plan_ring_p3b2b.json","md5":"1451ba90aadc594fe74f97793eb04e92"},{"path":"tools/bench/plan_ring_p3b2b_pred.json","md5":"2df75fd3cbe4362fa674ed8d89d4435d"},{"path":"tools/bench/errorlist_expect_p3b2ab.json","md5":"3a06345781c5678a78f968958e3ada6d"}]}
BGRUN END rc=0 after 47s
