BGRUN START 2026-09-27 16:15:57 limit 10.0 min: py -u tools/stagesim.py simulate tools/bench/plan_l2b1_in.json tools/bench/graph_l2a3_bed_20260927.json --out-root tools/bench/sim --plan-out tools/bench
BGRUN PID 15000
  STEP 01 move_in          ok cands=3 cdiff=9 measured:tools/bench/opmodels/move_in.json@5dd1e439287f01601858592e1a552bb2
  STEP 02 move_in          ok cands=2 cdiff=11 measured:tools/bench/opmodels/move_in.json@5dd1e439287f01601858592e1a552bb2
  STEP 03 move_in          ok cands=6 cdiff=17 measured:tools/bench/opmodels/move_in.json@5dd1e439287f01601858592e1a552bb2
  STEP 04 move_in          ok cands=3 cdiff=20 measured:tools/bench/opmodels/move_in.json@5dd1e439287f01601858592e1a552bb2
  STEP 05 move_in          ok cands=12 cdiff=29 measured:tools/bench/opmodels/move_in.json@5dd1e439287f01601858592e1a552bb2
  STEP 06 move_in          ok cands=2 cdiff=31 measured:tools/bench/opmodels/move_in.json@5dd1e439287f01601858592e1a552bb2
  STEP 07 move_in          ok cands=5 cdiff=37 measured:tools/bench/opmodels/move_in.json@5dd1e439287f01601858592e1a552bb2
  STEP 08 move_in          ok cands=6 cdiff=40 measured:tools/bench/opmodels/move_in.json@5dd1e439287f01601858592e1a552bb2
  STEP 09 move_in          ok cands=0 cdiff=40 measured:tools/bench/opmodels/move_in.json@5dd1e439287f01601858592e1a552bb2
  STEP 10 move_in          ok cands=0 cdiff=40 measured:tools/bench/opmodels/move_in.json@5dd1e439287f01601858592e1a552bb2
  STEP 11 move_in          ok cands=0 cdiff=40 measured:tools/bench/opmodels/move_in.json@5dd1e439287f01601858592e1a552bb2
  STEP 12 move_in          ok cands=0 cdiff=40 measured:tools/bench/opmodels/move_in.json@5dd1e439287f01601858592e1a552bb2
  STEP 13 add_shift_reg    ok cands=0 cdiff=40 measured:tools/bench/opmodels/add_shift_reg.json@c184ce030aea6aaee181fc7b97eeca83
  STEP 14 add_shift_reg    ok cands=0 cdiff=40 measured:tools/bench/opmodels/add_shift_reg.json@c184ce030aea6aaee181fc7b97eeca83
  STEP 15 wire             ok cands=0 cdiff=39 measured:tools/bench/opmodels/connect_from_wire.json@87135ed9639c7ee773786a9bd8af2def
  STEP 16 wire             ok cands=0 cdiff=38 measured:tools/bench/opmodels/connect_from_wire.json@87135ed9639c7ee773786a9bd8af2def
  STEP 17 wire             ok cands=0 cdiff=37 measured:tools/bench/opmodels/connect_from_wire.json@87135ed9639c7ee773786a9bd8af2def
  STEP 18 wire             ok cands=0 cdiff=37 measured:tools/bench/opmodels/connect_from_wire.json@87135ed9639c7ee773786a9bd8af2def
  STEP 19 wire             ok cands=0 cdiff=35 measured:tools/bench/opmodels/connect_from_wire.json@87135ed9639c7ee773786a9bd8af2def
  STEP 20 wire             ok cands=0 cdiff=34 measured:tools/bench/opmodels/connect_from_wire.json@87135ed9639c7ee773786a9bd8af2def
SUMMARY final=True failed=None end_cdiff_rows=['11261|Terminal|array|0', '11261|Terminal|element|0', '2626|Terminal|element|0', '2626|Terminal|element|1', '2626|Terminal|element|2', '27716|ParameterTerminal|index|0', '28083|Terminal|Mag pos when touched to glass|0', '28083|Terminal|Magnet position|0', '28180|Terminal|half-width|0', '28786|ControlTerminal|Extension (nm) vs Time (Frame #)|0', '29009|Terminal|left rank|0', '29009|Terminal|right rank|0', '29625|Terminal|array|0', '29625|Terminal|index (col)|0', '29973|Terminal|element|0', '29973|Terminal|element|1', '30306|Terminal|left rank|0', '30306|Terminal|right rank|0', '376|Terminal|current frame data array in|0', '376|Terminal|frame index|0', '5058|Terminal|Image In|0', '5696|Terminal|x,y,z array|0', '5696|Terminal|z index of first ref|0', '5696|Terminal|z indices of all exp|0', '6085|Terminal|x,y,z array|0', '6085|Terminal|z index of first ref|0', '6085|Terminal|z indices of all exp|0', '6104|Terminal|index (col)|0', '8323|ControlTerminal|Force (pN) vs Extension (nm) |0', '8566|Terminal|element|0', '8634|Terminal|array|0', '8634|Terminal|index (col)|0', '8885|ParameterTerminal|y|0', '9833|Terminal|index (row)|0'] first_divergent={'n': 0, 'op': 'base', 'id': None, 'rows_from_here': 34} candidates=39
RESULT {"schema":"result-line/1","status":"PASS","gates":{"pass":1,"fail":0},"first_fail":null,"artefacts":[{"path":"tools/bench/plan_l2b1.json","md5":"cd553209be118d121e9c0b4c22287d62"}]}
BGRUN END rc=0 after 21s
