BGRUN START 2026-10-01 15:50:09 limit 5.0 min: py -u tools/stagesim.py simulate tools/bench/plan_ring_p3a_in.json tools/bench/graph_ring_p2b_20261001_154542.json --out-root tools/bench/sim/ring_p3a --plan-out tools/bench
BGRUN PID 21840
Traceback (most recent call last):
  File "G:\Codes\LabVIEW_Codes\MinLab\zz_LabView VI\AAA_UNIST\2. Tracking\V6_ParallelLoop\tools\stagesim.py", line 2276, in <module>
    sys.exit(main(sys.argv))
  File "G:\Codes\LabVIEW_Codes\MinLab\zz_LabView VI\AAA_UNIST\2. Tracking\V6_ParallelLoop\tools\stagesim.py", line 2262, in main
    S = simulate(argv[2], argv[3], **kw)
  File "G:\Codes\LabVIEW_Codes\MinLab\zz_LabView VI\AAA_UNIST\2. Tracking\V6_ParallelLoop\tools\stagesim.py", line 1469, in simulate
    raise SimError("plan does not validate against stageplan/1: " + why)
__main__.SimError: plan does not validate against stageplan/1: $.actions[0].as: 'WT' does not match ^[A-Za-z]+[0-9]+$
BGRUN END rc=1 after 1s
BGRUN START 2026-10-01 15:51:07 limit 5.0 min: py -u tools/stagesim.py simulate tools/bench/plan_ring_p3a_in.json tools/bench/graph_ring_p2b_20261001_154542.json --out-root tools/bench/sim/ring_p3a --plan-out tools/bench
BGRUN PID 14528
Traceback (most recent call last):
  File "G:\Codes\LabVIEW_Codes\MinLab\zz_LabView VI\AAA_UNIST\2. Tracking\V6_ParallelLoop\tools\stagesim.py", line 2276, in <module>
    sys.exit(main(sys.argv))
  File "G:\Codes\LabVIEW_Codes\MinLab\zz_LabView VI\AAA_UNIST\2. Tracking\V6_ParallelLoop\tools\stagesim.py", line 2262, in main
    S = simulate(argv[2], argv[3], **kw)
  File "G:\Codes\LabVIEW_Codes\MinLab\zz_LabView VI\AAA_UNIST\2. Tracking\V6_ParallelLoop\tools\stagesim.py", line 1469, in simulate
    raise SimError("plan does not validate against stageplan/1: " + why)
__main__.SimError: plan does not validate against stageplan/1: $.actions[20].src: matches none of the alternatives ($.actions[20].src: expected string, got dict | $.actions[20].src: unknown field(s) ['frame'])
BGRUN END rc=1 after 1s
