BGRUN START 2026-10-03 10:31:37 limit 10.0 min: py -u tools/stage_prerun.py --rebase tools/bench/plan_ring_p4_s02v18.json --graph tools/bench/graph_ring_p4s01_20261002_234419.json
BGRUN PID 19852
REBIND 3 node(s), 0 frame(s), terminals by {'conn': 11, 'pos': 1}; unbound created terminals []; frames {}; re-issued uid(s) [28004, 28979]
FS-CARRY fs None; fs_frames {'681': [3628, 81548, 113, 124, 5031, 3121, 1817, 4866, 686, 759], '2499': [18402, 32410, 33688], '12938': [12960, 13236, 14840, 15041, 19687, 19887, 20261, 21134, 25769, 26117], '14682': [14037, 14435], '16543': [16565], '17398': [17020, 17299], '17710': [17471, 17664], '18024': [17772, 17977], '18252': [18096, 18240], '18654': [18317, 18565], '18963': [18718, 18914], '19272': [19033, 19227], '19358': [16964], '25681': [25767], '26415': [25892, 26292], '26957': [26535, 26880], '27349': [27076, 27259], '27509': [27641, 32464, 27722], '27886': [27425, 27723], '28381': [28412, 28823], '28557': [28036, 28426], '43914': [43928, 44125, 44169]}; fs_tunnels []; twins {}; fs_pairs added 0; owners changed []
  BASE-FLIPS seeded 6 terminal(s) on 3 undirected tunnel(s): [9503, 10177, 29777]
  STEP 01 delete_wire      ok cands=0 cdiff=16 measured:tools/bench/opmodels/delete_wire.json@3ee49994f25b3d2d38f85b9310f3a32a
  STEP 02 delete_object    ok cands=0 cdiff=16 measured:tools/bench/opmodels/delete_object.json@872644df5c0e7f59dfef1cb44637a8ed
  STEP 03 wire_remove_loose_ends ok cands=0 cdiff=16 provisional
  STEP 04 wire_remove_loose_ends ok cands=0 cdiff=16 provisional
  STEP 05 wire_remove_loose_ends ok cands=0 cdiff=16 provisional
  STEP 06 wire             ok cands=0 cdiff=16 measured:tools/bench/opmodels/connect_from_wire.json@87135ed9639c7ee773786a9bd8af2def
  STEP 07 create           ok cands=0 cdiff=16 measured-file-present-no-sim-params:tools/bench/opmodels/const.json@45351563158665d45578e83cf314bdb9 (provisional rule ran)
  STEP 08 wire             ok cands=0 cdiff=16 measured:tools/bench/opmodels/connect_from_wire.json@87135ed9639c7ee773786a9bd8af2def
  STEP 09 wire             ok cands=0 cdiff=16 measured:tools/bench/opmodels/connect_from_wire.json@87135ed9639c7ee773786a9bd8af2def
  STEP 10 wire             ok cands=0 cdiff=16 measured:tools/bench/opmodels/connect_from_wire.json@87135ed9639c7ee773786a9bd8af2def
  STEP 11 delete_wire      ok cands=0 cdiff=16 measured:tools/bench/opmodels/delete_wire.json@3ee49994f25b3d2d38f85b9310f3a32a
  STEP 12 delete_object    ok cands=0 cdiff=16 measured:tools/bench/opmodels/delete_object.json@872644df5c0e7f59dfef1cb44637a8ed
  STEP 13 wire_remove_loose_ends ok cands=0 cdiff=16 provisional
  STEP 14 wire_remove_loose_ends ok cands=0 cdiff=16 provisional
  STEP 15 wire_remove_loose_ends ok cands=0 cdiff=16 provisional
  STEP 16 wire             ok cands=0 cdiff=16 measured:tools/bench/opmodels/connect_from_wire.json@87135ed9639c7ee773786a9bd8af2def
  STEP 17 create           ok cands=0 cdiff=16 measured-file-present-no-sim-params:tools/bench/opmodels/const.json@45351563158665d45578e83cf314bdb9 (provisional rule ran)
  STEP 18 wire             ok cands=0 cdiff=16 measured:tools/bench/opmodels/connect_from_wire.json@87135ed9639c7ee773786a9bd8af2def
  STEP 19 wire             ok cands=0 cdiff=16 measured:tools/bench/opmodels/connect_from_wire.json@87135ed9639c7ee773786a9bd8af2def
  STEP 20 wire             ok cands=0 cdiff=16 measured:tools/bench/opmodels/connect_from_wire.json@87135ed9639c7ee773786a9bd8af2def
  STEP 21 delete_wire      ok cands=0 cdiff=16 measured:tools/bench/opmodels/delete_wire.json@3ee49994f25b3d2d38f85b9310f3a32a
  STEP 22 delete_object    ok cands=0 cdiff=16 measured:tools/bench/opmodels/delete_object.json@872644df5c0e7f59dfef1cb44637a8ed
  STEP 23 wire_remove_loose_ends ok cands=0 cdiff=16 provisional
  STEP 24 wire_remove_loose_ends ok cands=0 cdiff=16 provisional
  STEP 25 wire_remove_loose_ends ok cands=0 cdiff=16 provisional
  STEP 26 wire             ok cands=0 cdiff=16 measured:tools/bench/opmodels/connect_from_wire.json@87135ed9639c7ee773786a9bd8af2def
  STEP 27 delete_wire      ok cands=0 cdiff=16 measured:tools/bench/opmodels/delete_wire.json@3ee49994f25b3d2d38f85b9310f3a32a
  STEP 28 delete_wire      ok cands=0 cdiff=16 measured:tools/bench/opmodels/delete_wire.json@3ee49994f25b3d2d38f85b9310f3a32a
  STEP 29 delete_object    ok cands=0 cdiff=16 measured:tools/bench/opmodels/delete_object.json@872644df5c0e7f59dfef1cb44637a8ed
  STEP 30 create           ok cands=0 cdiff=16 measured-file-present-no-sim-params:tools/bench/opmodels/const.json@45351563158665d45578e83cf314bdb9 (provisional rule ran)
  STEP 31 create           ok cands=0 cdiff=16 measured-file-present-no-sim-params:tools/bench/opmodels/const.json@45351563158665d45578e83cf314bdb9 (provisional rule ran)
  STEP 32 create           ok cands=0 cdiff=16 measured-file-present-no-sim-params:tools/bench/opmodels/const.json@45351563158665d45578e83cf314bdb9 (provisional rule ran)
  STEP 33 wire             ok cands=0 cdiff=16 measured:tools/bench/opmodels/connect_from_wire.json@87135ed9639c7ee773786a9bd8af2def
  STEP 34 create           ok cands=0 cdiff=16 measured-file-present-no-sim-params:tools/bench/opmodels/const.json@45351563158665d45578e83cf314bdb9 (provisional rule ran)
  ROUTE 1 delete_wire ['p4_rp29048_dwo']: delete_wire
  ROUTE 2 delete_object ['p4_rp29048_do']: delete_object
  ROUTE 3 wire_remove_loose_ends ['p4_rp29048_rle_arr']: wire_remove_loose_ends
  ROUTE 4 wire_remove_loose_ends ['p4_rp29048_rle_idx']: wire_remove_loose_ends
  ROUTE 5 wire_remove_loose_ends ['p4_rp29048_rle_new']: wire_remove_loose_ends
  ROUTE 6 connect ['p4_rp29048_out']: nested
  ROUTE 7 create ['p4_rp29265_c']: primitive
  ROUTE 8 connect ['p4_rp29265_arr']: cfw
  ROUTE 9 connect ['p4_rp29265_idx']: cfw
  ROUTE 10 connect ['p4_rp29265_new']: cfw
  ROUTE 11 delete_wire ['p4_rp29265_dwo']: delete_wire
  ROUTE 12 delete_object ['p4_rp29265_do']: delete_object
  ROUTE 13 wire_remove_loose_ends ['p4_rp29265_rle_arr']: wire_remove_loose_ends
  ROUTE 14 wire_remove_loose_ends ['p4_rp29265_rle_idx']: wire_remove_loose_ends
  ROUTE 15 wire_remove_loose_ends ['p4_rp29265_rle_new']: wire_remove_loose_ends
  ROUTE 16 connect ['p4_rp29265_out']: nested
  ROUTE 17 create ['p4_rp29316_c']: primitive
  ROUTE 18 connect ['p4_rp29316_arr']: cfw
  ROUTE 19 connect ['p4_rp29316_idx']: cfw
  ROUTE 20 connect ['p4_rp29316_new']: cfw
  ROUTE 21 delete_wire ['p4_rp29316_dwo']: delete_wire
  ROUTE 22 delete_object ['p4_rp29316_do']: delete_object
  ROUTE 23 wire_remove_loose_ends ['p4_rp29316_rle_arr']: wire_remove_loose_ends
  ROUTE 24 wire_remove_loose_ends ['p4_rp29316_rle_idx']: wire_remove_loose_ends
  ROUTE 25 wire_remove_loose_ends ['p4_rp29316_rle_new']: wire_remove_loose_ends
  ROUTE 26 connect ['p4_rp29316_out']: nested
  ROUTE 27 delete_wire ['p4_dw_23310']: delete_wire
  ROUTE 28 delete_wire ['p4_dw_23255']: delete_wire
  ROUTE 29 delete_object ['p4_do_10171']: delete_object
  ROUTE 30 create ['p4_c_stopall_f']: primitive
  ROUTE 31 create ['p4_i_stopall_k']: indicator
  ROUTE 32 create ['p4_lw_stopall_639']: local_write
  ROUTE 33 connect ['p4_w_stopall_639']: cfw
  ROUTE 34 create ['p4_lr_stop12']: local_read
REBASED rebased tools/bench/plan_ring_p4_s02v18.json: 17 uid(s) bound, base -> tools/bench/sim/ring_p4_s02v18_base_real_fsmap.json; completeness PASS; re-simulated on the real base: final=True failed=None; plan_in kept = tools/bench/plan_ring_p4_s02v18_in.json
RESULT {"schema":"result-line/1","status":"PASS","gates":{"pass":1,"fail":0},"first_fail":null,"artefacts":[{"path":"tools/bench/plan_ring_p4_s02v18.json","md5":"e941ebbfaa3d98099bcd10d8c6237ef4"}]}
BGRUN END rc=0 after 46s
