BGRUN START 2026-10-03 12:03:47 limit 10.0 min: py -u tools/stage_prerun.py --rebase tools/bench/plan_ring_p4_s03v18.json --graph tools/bench/graph_ring_p4s02_20261003_112505.json
BGRUN PID 6040
REUSE-NOTED 23276 ('ParameterTerminal', 'Comparison')->('Terminal', 'Local')
REBIND 6 node(s), 0 frame(s), terminals by {'conn': 9, 'shape': 3}; unbound created terminals []; frames {}; re-issued uid(s) [23276, 29071, 29299]
FS-CARRY fs None; fs_frames {'681': [3628, 81548, 113, 124, 5031, 3121, 1817, 4866, 686, 759], '2499': [18402, 32410, 33688], '12938': [12960, 13236, 14840, 15041, 19687, 19887, 20261, 21134, 25769, 26117], '14682': [14037, 14435], '16543': [16565], '17398': [17020, 17299], '17710': [17471, 17664], '18024': [17772, 17977], '18252': [18096, 18240], '18654': [18317, 18565], '18963': [18718, 18914], '19272': [19033, 19227], '19358': [16964], '25681': [25767], '26415': [25892, 26292], '26957': [26535, 26880], '27349': [27076, 27259], '27509': [27641, 32464, 27722], '27886': [27425, 27723], '28381': [28412, 28823], '28557': [28036, 28426], '43914': [43928, 44125, 44169]}; fs_tunnels []; twins {}; fs_pairs added 0; owners changed []
  BASE-FLIPS seeded 6 terminal(s) on 3 undirected tunnel(s): [9503, 10177, 29777]
  STEP 01 wire             ok cands=0 cdiff=16 measured:tools/bench/opmodels/connect_from_wire.json@87135ed9639c7ee773786a9bd8af2def
  STEP 02 create           ok cands=0 cdiff=16 measured-file-present-no-sim-params:tools/bench/opmodels/const.json@45351563158665d45578e83cf314bdb9 (provisional rule ran)
  STEP 03 create           ok cands=0 cdiff=16 measured-file-present-no-sim-params:tools/bench/opmodels/const.json@45351563158665d45578e83cf314bdb9 (provisional rule ran)
  STEP 04 create           ok cands=0 cdiff=16 measured-file-present-no-sim-params:tools/bench/opmodels/const.json@45351563158665d45578e83cf314bdb9 (provisional rule ran)
  STEP 05 create           ok cands=0 cdiff=16 measured-file-present-no-sim-params:tools/bench/opmodels/const.json@45351563158665d45578e83cf314bdb9 (provisional rule ran)
  STEP 06 create           ok cands=0 cdiff=16 measured-file-present-no-sim-params:tools/bench/opmodels/const.json@45351563158665d45578e83cf314bdb9 (provisional rule ran)
  STEP 07 wire             ok cands=0 cdiff=16 measured:tools/bench/opmodels/connect_from_wire.json@87135ed9639c7ee773786a9bd8af2def
  STEP 08 wire             ok cands=0 cdiff=16 measured:tools/bench/opmodels/connect_from_wire.json@87135ed9639c7ee773786a9bd8af2def
  STEP 09 wire             ok cands=0 cdiff=16 measured:tools/bench/opmodels/connect_from_wire.json@87135ed9639c7ee773786a9bd8af2def
  STEP 10 wire_remove_loose_ends ok cands=0 cdiff=16 provisional
  STEP 11 wire             ok cands=0 cdiff=16 measured:tools/bench/opmodels/connect_from_wire.json@87135ed9639c7ee773786a9bd8af2def
  STEP 12 wire_remove_loose_ends ok cands=0 cdiff=16 provisional
  STEP 13 add_shift_reg    ok cands=0 cdiff=16 measured:tools/bench/opmodels/add_shift_reg.json@c184ce030aea6aaee181fc7b97eeca83
  STEP 14 create           ok cands=0 cdiff=16 measured-file-present-no-sim-params:tools/bench/opmodels/const.json@45351563158665d45578e83cf314bdb9 (provisional rule ran)
  STEP 15 wire             ok cands=0 cdiff=16 measured:tools/bench/opmodels/connect_from_wire.json@87135ed9639c7ee773786a9bd8af2def
  STEP 16 add_shift_reg    ok cands=0 cdiff=16 measured:tools/bench/opmodels/add_shift_reg.json@c184ce030aea6aaee181fc7b97eeca83
  STEP 17 create           ok cands=0 cdiff=16 measured-file-present-no-sim-params:tools/bench/opmodels/const.json@45351563158665d45578e83cf314bdb9 (provisional rule ran)
  STEP 18 wire             ok cands=0 cdiff=16 measured:tools/bench/opmodels/connect_from_wire.json@87135ed9639c7ee773786a9bd8af2def
  STEP 19 create           ok cands=0 cdiff=16 measured-file-present-no-sim-params:tools/bench/opmodels/const.json@45351563158665d45578e83cf314bdb9 (provisional rule ran)
  STEP 20 create           ok cands=0 cdiff=16 measured-file-present-no-sim-params:tools/bench/opmodels/const.json@45351563158665d45578e83cf314bdb9 (provisional rule ran)
  ROUTE 1 stop ['p4_w_stop12']: stop
  ROUTE 2 create ['p4_c_bufdiff']: primitive
  ROUTE 3 create ['p4_i_bufdiff']: indicator
  ROUTE 4 create ['p4_lr_bufdiff11']: local_read
  ROUTE 5 create ['p4_ras_bufdiff']: primitive
  ROUTE 6 create ['p4_lw_bufdiff']: local_write
  ROUTE 7 connect ['p4_w_b_arr']: nested
  ROUTE 8 connect ['p4_w_b_out']: nested
  ROUTE 9 connect_term_uid ['p4_x_i_rab1']: connect_term_uid
  ROUTE 10 wire_remove_loose_ends ['p4_rle_i_rab1']: wire_remove_loose_ends
  ROUTE 11 connect_term_uid ['p4_x_bufdiff']: connect_term_uid
  ROUTE 12 wire_remove_loose_ends ['p4_rle_bufdiff']: wire_remove_loose_ends
  ROUTE 13 add_sr ['p4_sr_last']: add_sr
  ROUTE 14 create ['p4_k_last']: primitive
  ROUTE 15 connect ['p4_w_klast']: const_sr
  ROUTE 16 add_sr ['p4_sr_disc']: add_sr
  ROUTE 17 create ['p4_k_disc']: primitive
  ROUTE 18 connect ['p4_w_kdisc']: const_sr
  ROUTE 19 create ['p4_w1']: while
  ROUTE 20 create ['p4_lr_num_a']: local_read
REBASED rebased tools/bench/plan_ring_p4_s03v18.json: 20 uid(s) bound, base -> tools/bench/sim/ring_p4_s03v18_base_real_fsmap.json; completeness PASS; re-simulated on the real base: final=True failed=None; plan_in kept = tools/bench/plan_ring_p4_s03v18_in.json
RESULT {"schema":"result-line/1","status":"PASS","gates":{"pass":1,"fail":0},"first_fail":null,"artefacts":[{"path":"tools/bench/plan_ring_p4_s03v18.json","md5":"da66a0300851133d93881be3c28f2fdc"}]}
BGRUN END rc=0 after 27s
