BGRUN START 2026-10-02 17:02:33 limit 10.0 min: py -u tools/bench/prep_c138_1_replay.py
BGRUN PID 24140
GATE PASS | input md5 plan_ring_p4_v7.json | 01ab0893f3a9440e02bbc180bc467bdf
GATE PASS | input md5 graph_ring_p3b2b_20261002_133824.json | 50595c62d0332a94bf066538cf20c0ae
ACTIONS per meta step {1: 33, 2: 35, 3: 41, 4: 36, 5: 27} total 172
COMPILE v7 OK ops=160 per meta step {1: 33, 2: 27, 3: 37, 4: 36, 5: 27}
COMPILE kinds {'add_sr': 2, 'branch': 6, 'connect': 70, 'connect_term_uid/fs_border': 3, 'connect_term_uid/fs_border_inner_branch': 1, 'connect_term_uid/fs_exit': 1, 'create': 48, 'delete_object': 1, 'delete_wire': 8, 'move_in': 2, 'stop': 1, 'tunnel': 6, 'wire_remove_loose_ends': 6, 'wire_sr/LeftIn': 3, 'wire_sr/RightIn': 2}
COMPILE #171 [{'variant': 'fs_exit', 'fs': 'new:FS4', 'from_index': 0, 'kind': 'connect_term_uid', 'acts': [171]}]
GATE PASS | compile v7 #171 p4_x_n2_out = connect_term_uid fs_exit | [{'variant': 'fs_exit', 'fs': 'new:FS4', 'from_index': 0, 'kind': 'connect_term_uid', 'acts': [171]}]
  BASE-FLIPS seeded 6 terminal(s) on 3 undirected tunnel(s): [9503, 10177, 29777]
  STEP 01 delete_wire      ok cands=0 cdiff=16 measured:tools/bench/opmodels/delete_wire.json@3ee49994f25b3d2d38f85b9310f3a32a
  STEP 02 delete_object    ok cands=0 cdiff=16 measured:tools/bench/opmodels/delete_object.json@872644df5c0e7f59dfef1cb44637a8ed
  STEP 03 wire_remove_loose_ends ok cands=0 cdiff=16 provisional
  STEP 04 create           ok cands=0 cdiff=16 measured-file-present-no-sim-params:tools/bench/opmodels/const.json@45351563158665d45578e83cf314bdb9 (provisional rule ran)
  STEP 05 wire             ok cands=0 cdiff=16 measured:tools/bench/opmodels/connect_from_wire.json@87135ed9639c7ee773786a9bd8af2def
  STEP 06 create           ok cands=0 cdiff=16 measured-file-present-no-sim-params:tools/bench/opmodels/const.json@45351563158665d45578e83cf314bdb9 (provisional rule ran)
  STEP 07 create           ok cands=0 cdiff=16 measured-file-present-no-sim-params:tools/bench/opmodels/const.json@45351563158665d45578e83cf314bdb9 (provisional rule ran)
  STEP 08 create           ok cands=0 cdiff=16 measured-file-present-no-sim-params:tools/bench/opmodels/const.json@45351563158665d45578e83cf314bdb9 (provisional rule ran)
  STEP 09 create           ok cands=0 cdiff=16 measured-file-present-no-sim-params:tools/bench/opmodels/const.json@45351563158665d45578e83cf314bdb9 (provisional rule ran)
  STEP 10 create           ok cands=0 cdiff=16 measured-file-present-no-sim-params:tools/bench/opmodels/const.json@45351563158665d45578e83cf314bdb9 (provisional rule ran)
  STEP 11 wire             ok cands=0 cdiff=16 measured:tools/bench/opmodels/connect_from_wire.json@87135ed9639c7ee773786a9bd8af2def
  STEP 12 wire             ok cands=0 cdiff=16 measured:tools/bench/opmodels/connect_from_wire.json@87135ed9639c7ee773786a9bd8af2def
  STEP 13 wire             ok cands=0 cdiff=16 measured:tools/bench/opmodels/connect_from_wire.json@87135ed9639c7ee773786a9bd8af2def
  STEP 14 wire_remove_loose_ends ok cands=0 cdiff=16 provisional
  STEP 15 wire             ok cands=0 cdiff=16 measured:tools/bench/opmodels/connect_from_wire.json@87135ed9639c7ee773786a9bd8af2def
  STEP 16 wire_remove_loose_ends ok cands=0 cdiff=16 provisional
  STEP 17 add_shift_reg    ok cands=0 cdiff=16 measured:tools/bench/opmodels/add_shift_reg.json@c184ce030aea6aaee181fc7b97eeca83
  STEP 18 create           ok cands=0 cdiff=16 measured-file-present-no-sim-params:tools/bench/opmodels/const.json@45351563158665d45578e83cf314bdb9 (provisional rule ran)
  STEP 19 wire             ok cands=0 cdiff=16 measured:tools/bench/opmodels/connect_from_wire.json@87135ed9639c7ee773786a9bd8af2def
  STEP 20 add_shift_reg    ok cands=0 cdiff=16 measured:tools/bench/opmodels/add_shift_reg.json@c184ce030aea6aaee181fc7b97eeca83
  STEP 21 create           ok cands=0 cdiff=16 measured-file-present-no-sim-params:tools/bench/opmodels/const.json@45351563158665d45578e83cf314bdb9 (provisional rule ran)
  STEP 22 wire             ok cands=0 cdiff=16 measured:tools/bench/opmodels/connect_from_wire.json@87135ed9639c7ee773786a9bd8af2def
  STEP 23 create           ok cands=0 cdiff=16 measured-file-present-no-sim-params:tools/bench/opmodels/const.json@45351563158665d45578e83cf314bdb9 (provisional rule ran)
  STEP 24 create           ok cands=0 cdiff=16 measured-file-present-no-sim-params:tools/bench/opmodels/const.json@45351563158665d45578e83cf314bdb9 (provisional rule ran)
  STEP 25 create           ok cands=0 cdiff=16 measured-file-present-no-sim-params:tools/bench/opmodels/const.json@45351563158665d45578e83cf314bdb9 (provisional rule ran)
  STEP 26 create           ok cands=0 cdiff=16 measured-file-present-no-sim-params:tools/bench/opmodels/const.json@45351563158665d45578e83cf314bdb9 (provisional rule ran)
  STEP 27 create           ok cands=0 cdiff=16 measured-file-present-no-sim-params:tools/bench/opmodels/const.json@45351563158665d45578e83cf314bdb9 (provisional rule ran)
  STEP 28 create           ok cands=0 cdiff=16 measured-file-present-no-sim-params:tools/bench/opmodels/const.json@45351563158665d45578e83cf314bdb9 (provisional rule ran)
  STEP 29 create           ok cands=0 cdiff=16 measured-file-present-no-sim-params:tools/bench/opmodels/const.json@45351563158665d45578e83cf314bdb9 (provisional rule ran)
  STEP 30 create           ok cands=0 cdiff=16 measured-file-present-no-sim-params:tools/bench/opmodels/const.json@45351563158665d45578e83cf314bdb9 (provisional rule ran)
  STEP 31 create           ok cands=0 cdiff=16 measured-file-present-no-sim-params:tools/bench/opmodels/const.json@45351563158665d45578e83cf314bdb9 (provisional rule ran)
  STEP 32 create           ok cands=0 cdiff=16 measured-file-present-no-sim-params:tools/bench/opmodels/const.json@45351563158665d45578e83cf314bdb9 (provisional rule ran)
  STEP 33 create           ok cands=0 cdiff=16 measured-file-present-no-sim-params:tools/bench/opmodels/const.json@45351563158665d45578e83cf314bdb9 (provisional rule ran)
  STEP 34 create           ok cands=0 cdiff=16 measured-file-present-no-sim-params:tools/bench/opmodels/const.json@45351563158665d45578e83cf314bdb9 (provisional rule ran)
  STEP 35 create           ok cands=0 cdiff=16 measured-file-present-no-sim-params:tools/bench/opmodels/const.json@45351563158665d45578e83cf314bdb9 (provisional rule ran)
  STEP 36 create           ok cands=0 cdiff=16 measured-file-present-no-sim-params:tools/bench/opmodels/const.json@45351563158665d45578e83cf314bdb9 (provisional rule ran)
  STEP 37 create           ok cands=0 cdiff=16 measured-file-present-no-sim-params:tools/bench/opmodels/const.json@45351563158665d45578e83cf314bdb9 (provisional rule ran)
  STEP 38 create           ok cands=0 cdiff=16 measured-file-present-no-sim-params:tools/bench/opmodels/const.json@45351563158665d45578e83cf314bdb9 (provisional rule ran)
  STEP 39 create           ok cands=0 cdiff=16 measured-file-present-no-sim-params:tools/bench/opmodels/const.json@45351563158665d45578e83cf314bdb9 (provisional rule ran)
  STEP 40 create           ok cands=0 cdiff=16 measured-file-present-no-sim-params:tools/bench/opmodels/const.json@45351563158665d45578e83cf314bdb9 (provisional rule ran)
  STEP 41 create           ok cands=0 cdiff=16 measured-file-present-no-sim-params:tools/bench/opmodels/const.json@45351563158665d45578e83cf314bdb9 (provisional rule ran)
  STEP 42 create           ok cands=0 cdiff=16 measured-file-present-no-sim-params:tools/bench/opmodels/const.json@45351563158665d45578e83cf314bdb9 (provisional rule ran)
  STEP 43 create           ok cands=0 cdiff=16 measured-file-present-no-sim-params:tools/bench/opmodels/const.json@45351563158665d45578e83cf314bdb9 (provisional rule ran)
  STEP 44 create           ok cands=0 cdiff=16 measured-file-present-no-sim-params:tools/bench/opmodels/const.json@45351563158665d45578e83cf314bdb9 (provisional rule ran)
  STEP 45 create           ok cands=0 cdiff=16 measured-file-present-no-sim-params:tools/bench/opmodels/const.json@45351563158665d45578e83cf314bdb9 (provisional rule ran)
  STEP 46 create           ok cands=0 cdiff=16 measured-file-present-no-sim-params:tools/bench/opmodels/const.json@45351563158665d45578e83cf314bdb9 (provisional rule ran)
  STEP 47 tunnel           ok cands=0 cdiff=16 measured:tools/bench/opmodels/tunnel.json@479b0084c41c0069d9f873205763fac4
  STEP 48 wire             ok cands=0 cdiff=16 measured:tools/bench/opmodels/connect_from_wire.json@87135ed9639c7ee773786a9bd8af2def
  STEP 49 wire             ok cands=0 cdiff=16 measured:tools/bench/opmodels/connect_from_wire.json@87135ed9639c7ee773786a9bd8af2def
  STEP 50 wire             ok cands=0 cdiff=16 measured:tools/bench/opmodels/connect_from_wire.json@87135ed9639c7ee773786a9bd8af2def
  STEP 51 wire             ok cands=0 cdiff=16 measured:tools/bench/opmodels/connect_from_wire.json@87135ed9639c7ee773786a9bd8af2def
  STEP 52 wire             ok cands=0 cdiff=16 measured:tools/bench/opmodels/connect_from_wire.json@87135ed9639c7ee773786a9bd8af2def
  STEP 53 wire             ok cands=0 cdiff=16 measured:tools/bench/opmodels/connect_from_wire.json@87135ed9639c7ee773786a9bd8af2def
  STEP 54 wire             ok cands=0 cdiff=16 measured:tools/bench/opmodels/connect_from_wire.json@87135ed9639c7ee773786a9bd8af2def
  STEP 55 wire             ok cands=0 cdiff=16 measured:tools/bench/opmodels/connect_from_wire.json@87135ed9639c7ee773786a9bd8af2def
  STEP 56 wire             ok cands=0 cdiff=16 measured:tools/bench/opmodels/connect_from_wire.json@87135ed9639c7ee773786a9bd8af2def
  STEP 57 wire             ok cands=0 cdiff=16 measured:tools/bench/opmodels/connect_from_wire.json@87135ed9639c7ee773786a9bd8af2def
  STEP 58 wire             ok cands=0 cdiff=16 measured:tools/bench/opmodels/connect_from_wire.json@87135ed9639c7ee773786a9bd8af2def
  STEP 59 tunnel           ok cands=0 cdiff=16 measured:tools/bench/opmodels/tunnel.json@479b0084c41c0069d9f873205763fac4
  STEP 60 wire             ok cands=0 cdiff=16 measured:tools/bench/opmodels/connect_from_wire.json@87135ed9639c7ee773786a9bd8af2def
  STEP 61 wire             ok cands=0 cdiff=16 measured:tools/bench/opmodels/connect_from_wire.json@87135ed9639c7ee773786a9bd8af2def
  STEP 62 tunnel           ok cands=0 cdiff=16 measured:tools/bench/opmodels/tunnel.json@479b0084c41c0069d9f873205763fac4
  STEP 63 wire             ok cands=0 cdiff=16 measured:tools/bench/opmodels/connect_from_wire.json@87135ed9639c7ee773786a9bd8af2def
  STEP 64 wire             ok cands=0 cdiff=16 measured:tools/bench/opmodels/connect_from_wire.json@87135ed9639c7ee773786a9bd8af2def
  STEP 65 tunnel           ok cands=0 cdiff=16 measured:tools/bench/opmodels/tunnel.json@479b0084c41c0069d9f873205763fac4
  STEP 66 wire             ok cands=0 cdiff=16 measured:tools/bench/opmodels/connect_from_wire.json@87135ed9639c7ee773786a9bd8af2def
  STEP 67 wire             ok cands=0 cdiff=16 measured:tools/bench/opmodels/connect_from_wire.json@87135ed9639c7ee773786a9bd8af2def
  STEP 68 wire             ok cands=0 cdiff=16 measured:tools/bench/opmodels/connect_from_wire.json@87135ed9639c7ee773786a9bd8af2def
  STEP 69 wire             ok cands=0 cdiff=16 measured:tools/bench/opmodels/connect_from_wire.json@87135ed9639c7ee773786a9bd8af2def
  STEP 70 wire             ok cands=0 cdiff=16 measured:tools/bench/opmodels/connect_from_wire.json@87135ed9639c7ee773786a9bd8af2def
  STEP 71 wire             ok cands=0 cdiff=16 measured:tools/bench/opmodels/connect_from_wire.json@87135ed9639c7ee773786a9bd8af2def
  STEP 72 wire             ok cands=0 cdiff=16 measured:tools/bench/opmodels/connect_from_wire.json@87135ed9639c7ee773786a9bd8af2def
  STEP 73 wire             ok cands=0 cdiff=16 measured:tools/bench/opmodels/connect_from_wire.json@87135ed9639c7ee773786a9bd8af2def
  STEP 74 wire             ok cands=0 cdiff=16 measured:tools/bench/opmodels/connect_from_wire.json@87135ed9639c7ee773786a9bd8af2def
  STEP 75 wire             ok cands=0 cdiff=16 measured:tools/bench/opmodels/connect_from_wire.json@87135ed9639c7ee773786a9bd8af2def
  STEP 76 wire             ok cands=0 cdiff=16 measured:tools/bench/opmodels/connect_from_wire.json@87135ed9639c7ee773786a9bd8af2def
  STEP 77 wire             ok cands=0 cdiff=16 measured:tools/bench/opmodels/connect_from_wire.json@87135ed9639c7ee773786a9bd8af2def
  STEP 78 wire             ok cands=0 cdiff=16 measured:tools/bench/opmodels/connect_from_wire.json@87135ed9639c7ee773786a9bd8af2def
  STEP 79 wire             ok cands=0 cdiff=16 measured:tools/bench/opmodels/connect_from_wire.json@87135ed9639c7ee773786a9bd8af2def
  STEP 80 wire             ok cands=0 cdiff=16 measured:tools/bench/opmodels/connect_from_wire.json@87135ed9639c7ee773786a9bd8af2def
  STEP 81 wire             ok cands=0 cdiff=16 measured:tools/bench/opmodels/connect_from_wire.json@87135ed9639c7ee773786a9bd8af2def
  STEP 82 wire             ok cands=0 cdiff=16 measured:tools/bench/opmodels/connect_from_wire.json@87135ed9639c7ee773786a9bd8af2def
  STEP 83 create           ok cands=0 cdiff=16 measured-file-present-no-sim-params:tools/bench/opmodels/const.json@45351563158665d45578e83cf314bdb9 (provisional rule ran)
  STEP 84 create           ok cands=0 cdiff=16 measured-file-present-no-sim-params:tools/bench/opmodels/const.json@45351563158665d45578e83cf314bdb9 (provisional rule ran)
  STEP 85 wire             ok cands=0 cdiff=16 measured:tools/bench/opmodels/connect_from_wire.json@87135ed9639c7ee773786a9bd8af2def
  STEP 86 wire             ok cands=0 cdiff=16 measured:tools/bench/opmodels/connect_from_wire.json@87135ed9639c7ee773786a9bd8af2def
  STEP 87 create           ok cands=0 cdiff=16 measured-file-present-no-sim-params:tools/bench/opmodels/const.json@45351563158665d45578e83cf314bdb9 (provisional rule ran)
  STEP 88 create           ok cands=0 cdiff=16 measured-file-present-no-sim-params:tools/bench/opmodels/const.json@45351563158665d45578e83cf314bdb9 (provisional rule ran)
  STEP 89 wire             ok cands=0 cdiff=16 measured:tools/bench/opmodels/connect_from_wire.json@87135ed9639c7ee773786a9bd8af2def
  STEP 90 wire             ok cands=0 cdiff=16 measured:tools/bench/opmodels/connect_from_wire.json@87135ed9639c7ee773786a9bd8af2def
  STEP 91 create           ok cands=0 cdiff=16 measured-file-present-no-sim-params:tools/bench/opmodels/const.json@45351563158665d45578e83cf314bdb9 (provisional rule ran)
  STEP 92 create           ok cands=0 cdiff=16 measured-file-present-no-sim-params:tools/bench/opmodels/const.json@45351563158665d45578e83cf314bdb9 (provisional rule ran)
  STEP 93 wire             ok cands=0 cdiff=16 measured:tools/bench/opmodels/connect_from_wire.json@87135ed9639c7ee773786a9bd8af2def
  STEP 94 wire             ok cands=0 cdiff=16 measured:tools/bench/opmodels/connect_from_wire.json@87135ed9639c7ee773786a9bd8af2def
  STEP 95 wire             ok cands=0 cdiff=16 measured:tools/bench/opmodels/connect_from_wire.json@87135ed9639c7ee773786a9bd8af2def
  STEP 96 wire             ok cands=0 cdiff=16 measured:tools/bench/opmodels/connect_from_wire.json@87135ed9639c7ee773786a9bd8af2def
  STEP 97 wire             ok cands=0 cdiff=16 measured:tools/bench/opmodels/connect_from_wire.json@87135ed9639c7ee773786a9bd8af2def
  STEP 98 move_in          ok cands=9 cdiff=18 measured:tools/bench/opmodels/move_in.json@5dd1e439287f01601858592e1a552bb2
  STEP 99 move_in          ok cands=9 cdiff=20 measured:tools/bench/opmodels/move_in.json@5dd1e439287f01601858592e1a552bb2
  STEP 100 wire             ok cands=0 cdiff=20 measured:tools/bench/opmodels/connect_from_wire.json@87135ed9639c7ee773786a9bd8af2def
  STEP 101 wire             ok cands=0 cdiff=20 measured:tools/bench/opmodels/connect_from_wire.json@87135ed9639c7ee773786a9bd8af2def
  STEP 102 tunnel           ok cands=0 cdiff=20 measured:tools/bench/opmodels/tunnel.json@479b0084c41c0069d9f873205763fac4
  STEP 103 wire             ok cands=0 cdiff=20 measured:tools/bench/opmodels/connect_from_wire.json@87135ed9639c7ee773786a9bd8af2def
  STEP 104 wire             ok cands=0 cdiff=19 measured:tools/bench/opmodels/connect_from_wire.json@87135ed9639c7ee773786a9bd8af2def
  STEP 105 tunnel           ok cands=0 cdiff=19 measured:tools/bench/opmodels/tunnel.json@479b0084c41c0069d9f873205763fac4
  STEP 106 wire             ok cands=0 cdiff=19 measured:tools/bench/opmodels/connect_from_wire.json@87135ed9639c7ee773786a9bd8af2def
  STEP 107 wire             ok cands=0 cdiff=18 measured:tools/bench/opmodels/connect_from_wire.json@87135ed9639c7ee773786a9bd8af2def
  STEP 108 wire             ok cands=0 cdiff=17 measured:tools/bench/opmodels/connect_from_wire.json@87135ed9639c7ee773786a9bd8af2def
  STEP 109 wire             ok cands=0 cdiff=15 measured:tools/bench/opmodels/connect_from_wire.json@87135ed9639c7ee773786a9bd8af2def
  STEP 110 create           ok cands=0 cdiff=15 measured-file-present-no-sim-params:tools/bench/opmodels/const.json@45351563158665d45578e83cf314bdb9 (provisional rule ran)
  STEP 111 create           ok cands=0 cdiff=15 measured-file-present-no-sim-params:tools/bench/opmodels/const.json@45351563158665d45578e83cf314bdb9 (provisional rule ran)
  STEP 112 wire             ok cands=0 cdiff=15 measured:tools/bench/opmodels/connect_from_wire.json@87135ed9639c7ee773786a9bd8af2def
  STEP 113 wire             ok cands=0 cdiff=15 measured:tools/bench/opmodels/connect_from_wire.json@87135ed9639c7ee773786a9bd8af2def
  STEP 114 wire             ok cands=0 cdiff=15 measured:tools/bench/opmodels/connect_from_wire.json@87135ed9639c7ee773786a9bd8af2def
  STEP 115 delete_wire      ok cands=0 cdiff=20 measured:tools/bench/opmodels/delete_wire.json@3ee49994f25b3d2d38f85b9310f3a32a
  STEP 116 wire             ok cands=0 cdiff=19 measured:tools/bench/opmodels/connect_from_wire.json@87135ed9639c7ee773786a9bd8af2def
  STEP 117 wire             ok cands=0 cdiff=18 measured:tools/bench/opmodels/connect_from_wire.json@87135ed9639c7ee773786a9bd8af2def
  STEP 118 wire             ok cands=0 cdiff=17 measured:tools/bench/opmodels/connect_from_wire.json@87135ed9639c7ee773786a9bd8af2def
  STEP 119 create           ok cands=0 cdiff=17 measured-file-present-no-sim-params:tools/bench/opmodels/const.json@45351563158665d45578e83cf314bdb9 (provisional rule ran)
  STEP 120 wire             ok cands=0 cdiff=17 measured:tools/bench/opmodels/connect_from_wire.json@87135ed9639c7ee773786a9bd8af2def
  STEP 121 wire             ok cands=0 cdiff=17 measured:tools/bench/opmodels/connect_from_wire.json@87135ed9639c7ee773786a9bd8af2def
  STEP 122 wire             ok cands=0 cdiff=17 measured:tools/bench/opmodels/connect_from_wire.json@87135ed9639c7ee773786a9bd8af2def
  STEP 123 wire             ok cands=0 cdiff=17 measured:tools/bench/opmodels/connect_from_wire.json@87135ed9639c7ee773786a9bd8af2def
  STEP 124 wire             ok cands=0 cdiff=17 measured:tools/bench/opmodels/connect_from_wire.json@87135ed9639c7ee773786a9bd8af2def
  STEP 125 delete_wire      ok cands=0 cdiff=20 measured:tools/bench/opmodels/delete_wire.json@3ee49994f25b3d2d38f85b9310f3a32a
  STEP 126 wire             ok cands=0 cdiff=18 measured:tools/bench/opmodels/connect_from_wire.json@87135ed9639c7ee773786a9bd8af2def
  STEP 127 create           ok cands=0 cdiff=18 measured-file-present-no-sim-params:tools/bench/opmodels/const.json@45351563158665d45578e83cf314bdb9 (provisional rule ran)
  STEP 128 wire             ok cands=0 cdiff=18 measured:tools/bench/opmodels/connect_from_wire.json@87135ed9639c7ee773786a9bd8af2def
  STEP 129 wire             ok cands=0 cdiff=18 measured:tools/bench/opmodels/connect_from_wire.json@87135ed9639c7ee773786a9bd8af2def
  STEP 130 wire             ok cands=0 cdiff=18 measured:tools/bench/opmodels/connect_from_wire.json@87135ed9639c7ee773786a9bd8af2def
  STEP 131 wire             ok cands=0 cdiff=18 measured:tools/bench/opmodels/connect_from_wire.json@87135ed9639c7ee773786a9bd8af2def
  STEP 132 wire             ok cands=0 cdiff=18 measured:tools/bench/opmodels/connect_from_wire.json@87135ed9639c7ee773786a9bd8af2def
  STEP 133 delete_wire      ok cands=0 cdiff=19 measured:tools/bench/opmodels/delete_wire.json@3ee49994f25b3d2d38f85b9310f3a32a
  STEP 134 create           ok cands=0 cdiff=19 measured-file-present-no-sim-params:tools/bench/opmodels/const.json@45351563158665d45578e83cf314bdb9 (provisional rule ran)
  STEP 135 wire             ok cands=0 cdiff=19 measured:tools/bench/opmodels/connect_from_wire.json@87135ed9639c7ee773786a9bd8af2def
  STEP 136 wire             ok cands=0 cdiff=19 measured:tools/bench/opmodels/connect_from_wire.json@87135ed9639c7ee773786a9bd8af2def
  STEP 137 wire             ok cands=0 cdiff=19 measured:tools/bench/opmodels/connect_from_wire.json@87135ed9639c7ee773786a9bd8af2def
  STEP 138 wire             ok cands=0 cdiff=19 measured:tools/bench/opmodels/connect_from_wire.json@87135ed9639c7ee773786a9bd8af2def
  STEP 139 delete_wire      ok cands=0 cdiff=21 measured:tools/bench/opmodels/delete_wire.json@3ee49994f25b3d2d38f85b9310f3a32a
  STEP 140 create           ok cands=0 cdiff=21 measured-file-present-no-sim-params:tools/bench/opmodels/const.json@45351563158665d45578e83cf314bdb9 (provisional rule ran)
  STEP 141 wire             ok cands=0 cdiff=21 measured:tools/bench/opmodels/connect_from_wire.json@87135ed9639c7ee773786a9bd8af2def
  STEP 142 wire             ok cands=0 cdiff=21 measured:tools/bench/opmodels/connect_from_wire.json@87135ed9639c7ee773786a9bd8af2def
  STEP 143 wire             ok cands=0 cdiff=21 measured:tools/bench/opmodels/connect_from_wire.json@87135ed9639c7ee773786a9bd8af2def
  STEP 144 wire             ok cands=0 cdiff=21 measured:tools/bench/opmodels/connect_from_wire.json@87135ed9639c7ee773786a9bd8af2def
  STEP 145 wire             ok cands=0 cdiff=21 measured:tools/bench/opmodels/connect_from_wire.json@87135ed9639c7ee773786a9bd8af2def
  STEP 146 delete_wire      ok cands=0 cdiff=22 measured:tools/bench/opmodels/delete_wire.json@3ee49994f25b3d2d38f85b9310f3a32a
  STEP 147 create           ok cands=0 cdiff=22 measured-file-present-no-sim-params:tools/bench/opmodels/const.json@45351563158665d45578e83cf314bdb9 (provisional rule ran)
  STEP 148 wire             ok cands=0 cdiff=22 measured:tools/bench/opmodels/connect_from_wire.json@87135ed9639c7ee773786a9bd8af2def
  STEP 149 wire             ok cands=0 cdiff=22 measured:tools/bench/opmodels/connect_from_wire.json@87135ed9639c7ee773786a9bd8af2def
  STEP 150 wire             ok cands=0 cdiff=22 measured:tools/bench/opmodels/connect_from_wire.json@87135ed9639c7ee773786a9bd8af2def
  STEP 151 wire             ok cands=0 cdiff=22 measured:tools/bench/opmodels/connect_from_wire.json@87135ed9639c7ee773786a9bd8af2def
  STEP 152 delete_wire      ok cands=0 cdiff=23 measured:tools/bench/opmodels/delete_wire.json@3ee49994f25b3d2d38f85b9310f3a32a
  STEP 153 create           ok cands=0 cdiff=23 measured-file-present-no-sim-params:tools/bench/opmodels/const.json@45351563158665d45578e83cf314bdb9 (provisional rule ran)
  STEP 154 wire             ok cands=0 cdiff=23 measured:tools/bench/opmodels/connect_from_wire.json@87135ed9639c7ee773786a9bd8af2def
  STEP 155 wire             ok cands=0 cdiff=23 measured:tools/bench/opmodels/connect_from_wire.json@87135ed9639c7ee773786a9bd8af2def
  STEP 156 wire             ok cands=0 cdiff=23 measured:tools/bench/opmodels/connect_from_wire.json@87135ed9639c7ee773786a9bd8af2def
  STEP 157 wire             ok cands=0 cdiff=23 measured:tools/bench/opmodels/connect_from_wire.json@87135ed9639c7ee773786a9bd8af2def
  STEP 158 delete_wire      ok cands=0 cdiff=24 measured:tools/bench/opmodels/delete_wire.json@3ee49994f25b3d2d38f85b9310f3a32a
  STEP 159 wire             ok cands=0 cdiff=24 measured:tools/bench/opmodels/connect_from_wire.json@87135ed9639c7ee773786a9bd8af2def
  STEP 160 create           ok cands=0 cdiff=24 measured-file-present-no-sim-params:tools/bench/opmodels/const.json@45351563158665d45578e83cf314bdb9 (provisional rule ran)
  STEP 161 create           ok cands=0 cdiff=24 measured-file-present-no-sim-params:tools/bench/opmodels/const.json@45351563158665d45578e83cf314bdb9 (provisional rule ran)
  STEP 162 wire             ok cands=0 cdiff=24 measured:tools/bench/opmodels/connect_from_wire.json@87135ed9639c7ee773786a9bd8af2def
  STEP 163 wire             ok cands=0 cdiff=24 measured:tools/bench/opmodels/connect_from_wire.json@87135ed9639c7ee773786a9bd8af2def
  STEP 164 wire             ok cands=0 cdiff=24 measured:tools/bench/opmodels/connect_from_wire.json@87135ed9639c7ee773786a9bd8af2def
  STEP 165 wire             ok cands=0 cdiff=24 measured:tools/bench/opmodels/connect_from_wire.json@87135ed9639c7ee773786a9bd8af2def
  STEP 166 wire             ok cands=0 cdiff=24 measured:tools/bench/opmodels/connect_from_wire.json@87135ed9639c7ee773786a9bd8af2def
  STEP 167 wire             ok cands=0 cdiff=24 measured:tools/bench/opmodels/connect_from_wire.json@87135ed9639c7ee773786a9bd8af2def
  STEP 168 wire_remove_loose_ends ok cands=0 cdiff=24 provisional
  STEP 169 wire             ok cands=0 cdiff=24 measured:tools/bench/opmodels/connect_from_wire.json@87135ed9639c7ee773786a9bd8af2def
  STEP 170 wire_remove_loose_ends ok cands=0 cdiff=24 provisional
  STEP 171 wire             ok cands=0 cdiff=24 measured:tools/bench/opmodels/connect_from_wire.json@87135ed9639c7ee773786a9bd8af2def
  STEP 172 wire_remove_loose_ends ok cands=0 cdiff=24 provisional
  ROUTE 1 delete_wire ['p4_dw_23310']: delete_wire
  ROUTE 2 delete_object ['p4_do_10171']: delete_object
  ROUTE 3 wire_remove_loose_ends ['p4_rle_w23255']: wire_remove_loose_ends
  ROUTE 4 create ['p4_lr_stop12']: local_read
  ROUTE 5 connect ['p4_w_stop12']: connect  UNROUTABLE ADDRESS: node #23166 not in Diagram[122] (#23166).Nodes[]
  ROUTE 6 create ['p4_c_bufdiff']: primitive
  ROUTE 7 create ['p4_i_bufdiff']: indicator
  ROUTE 8 create ['p4_lr_bufdiff11']: local_read
  ROUTE 9 create ['p4_ras_bufdiff']: primitive
  ROUTE 10 create ['p4_lw_bufdiff']: local_write
  ROUTE 11 connect ['p4_w_b_arr']: nested
  ROUTE 12 connect ['p4_w_b_out']: nested
  ROUTE 13 connect_term_uid ['p4_x_i_rab1']: connect_term_uid
  ROUTE 14 wire_remove_loose_ends ['p4_rle_i_rab1']: wire_remove_loose_ends
  ROUTE 15 connect_term_uid ['p4_x_bufdiff']: connect_term_uid
  ROUTE 16 wire_remove_loose_ends ['p4_rle_bufdiff']: wire_remove_loose_ends
  ROUTE 17 add_sr ['p4_sr_last']: add_sr
  ROUTE 18 create ['p4_k_last']: primitive
  ROUTE 19 connect ['p4_w_klast']: const_sr
  ROUTE 20 add_sr ['p4_sr_disc']: add_sr
  ROUTE 21 create ['p4_k_disc']: primitive
  ROUTE 22 connect ['p4_w_kdisc']: const_sr
  ROUTE 23 create ['p4_w1']: while
  ROUTE 24 create ['p4_lr_num_a']: local_read
  ROUTE 25 create ['p4_gt_last']: primitive
  ROUTE 26 create ['p4_sel_mask']: primitive
  ROUTE 27 create ['p4_k_max']: const_on_term
  ROUTE 28 create ['p4_amm']: primitive
  ROUTE 29 create ['p4_lt_found']: primitive
  ROUTE 30 create ['p4_wait']: primitive
  ROUTE 31 create ['p4_wait_k']: const_on_term
  ROUTE 32 create ['p4_lr_stop_w1']: local_read
  ROUTE 33 create ['p4_or_w1']: primitive
  ROUTE 34 create ['p4_ia_img']: primitive
  ROUTE 35 create ['p4_fs_n2']: fs_create
  ROUTE 36 create ['p4_lr_num_b']: local_read
  ROUTE 37 create ['p4_ia_n2']: primitive
  ROUTE 38 create ['p4_eq_seq']: primitive
  ROUTE 39 create ['p4_gt_n1']: primitive
  ROUTE 40 create ['p4_and']: primitive
  ROUTE 41 create ['p4_lr_latest']: local_read
  ROUTE 42 create ['p4_dec']: primitive
  ROUTE 43 create ['p4_sel_last']: primitive
  ROUTE 44 create ['p4_sel_disc']: primitive
  ROUTE 45 create ['p4_inc_disc']: primitive
  ROUTE 46 create ['p4_ia_n2sink']: primitive
  ROUTE 47 tunnel ['p4_t_last', 'p4_t_last_in', 'p4_t_last_out']: tunnel  UNROUTABLE ADDRESS: node #10000032 not in Diagram[122] (#23166).Nodes[]
  ROUTE 48 connect ['p4_w_num_gt']: nested
  ROUTE 49 connect ['p4_w_num_sel']: cfw
  ROUTE 50 connect ['p4_w_gt_sel']: nested
  ROUTE 51 connect ['p4_w_sel_amm']: nested
  ROUTE 52 connect ['p4_w_min_lt']: nested
  ROUTE 53 connect ['p4_w_max_lt']: cfw
  ROUTE 54 connect ['p4_w_lt_or']: nested
  ROUTE 55 connect ['p4_w_stop_or']: nested
  ROUTE 56 stop ['p4_w_or_cond']: stop
  ROUTE 57 tunnel ['p4_t_n1', 'p4_t_n1_in', 'p4_t_n1_out']: cfw
  ROUTE 58 tunnel ['p4_t_slot', 'p4_t_slot_in', 'p4_t_slot_out']: nested
  ROUTE 59 tunnel ['p4_t_pool', 'p4_x_pool', 'p4_w_pool_in']: cfw
  ROUTE 60 connect ['p4_w_img_trk']: nested
  ROUTE 61 branch ['p4_w_n1_gt']: branch
  ROUTE 62 wire_sr ['p4_w_last_gt']: wire_sr:LeftIn
  ROUTE 63 connect ['p4_w_eq_and']: nested
  ROUTE 64 connect ['p4_w_gt_and']: nested
  ROUTE 65 connect ['p4_w_lat_dec']: nested
  ROUTE 66 connect ['p4_w_dec_sel']: nested
  ROUTE 67 branch ['p4_w_n1_sel']: branch
  ROUTE 68 connect ['p4_w_and_sel']: nested
  ROUTE 69 wire_sr ['p4_w_sel_last']: wire_sr:RightIn
  ROUTE 70 wire_sr ['p4_w_disc_inc']: wire_sr:LeftIn
  ROUTE 71 wire_sr ['p4_w_disc_sel']: wire_sr:LeftIn
  ROUTE 72 connect ['p4_w_inc_sel']: nested
  ROUTE 73 connect ['p4_w_and_seld']: cfw
  ROUTE 74 wire_sr ['p4_w_seld_r']: wire_sr:RightIn
  ROUTE 75 create ['p4_lr_transpos']: local_read
  ROUTE 76 create ['p4_ia_transpos']: primitive
  ROUTE 77 connect ['p4_w_arr_transpos']: nested
  ROUTE 78 branch ['p4_w_idx_transpos']: branch
  ROUTE 79 create ['p4_lr_rotpos']: local_read
  ROUTE 80 create ['p4_ia_rotpos']: primitive
  ROUTE 81 connect ['p4_w_arr_rotpos']: nested
  ROUTE 82 branch ['p4_w_idx_rotpos']: branch
  ROUTE 83 create ['p4_lr_frameidx']: local_read
  ROUTE 84 create ['p4_ia_frameidx']: primitive
  ROUTE 85 connect ['p4_w_arr_frameidx']: nested
  ROUTE 86 branch ['p4_w_idx_frameidx']: branch
  ROUTE 87 connect ['p4_w_tp_mag']: nested
  ROUTE 88 connect ['p4_w_tp_row']: cfw
  ROUTE 89 connect ['p4_w_rp_row']: nested
  ROUTE 90 move_in ['p4_mv_10068']: move_in
  ROUTE 91 move_in ['p4_mv_29240']: move_in
  ROUTE 92 connect ['p4_w_fi_10068']: nested
  ROUTE 93 connect ['p4_w_fi_29240']: cfw
  ROUTE 94 tunnel ['p4_t_fd', 'p4_x_fd', 'p4_w_fd_in']: cfw
  ROUTE 95 tunnel ['p4_t_dt', 'p4_x_dt', 'p4_w_dt_in']: cfw
  ROUTE 96 connect ['p4_w_10068_out']: nested
  ROUTE 97 connect ['p4_w_29240_out']: nested
  ROUTE 98 create ['p4_lr_bufdiff12']: local_read
  ROUTE 99 create ['p4_ia_bufdiff']: primitive
  ROUTE 100 connect ['p4_w_arr_bufdiff']: nested
  ROUTE 101 branch ['p4_w_idx_bufdiff']: branch
  ROUTE 102 connect ['p4_w_bd_row']: nested
  ROUTE 103 delete_wire ['p4_rbA_dw']: delete_wire
  ROUTE 104 connect ['p4_rbA_re0']: nested
  ROUTE 105 connect ['p4_rbA_re1']: connect
  ROUTE 106 connect ['p4_rbA_re2']: connect
  ROUTE 107 create ['p4_rbA_sel']: primitive
  ROUTE 108 connect ['p4_rbA_t']: cfw
  ROUTE 109 connect ['p4_rbA_f']: wire_sr:LeftIn
  ROUTE 110 connect ['p4_rbA_s']: cfw
  ROUTE 111 connect ['p4_rbA_out']: wire_sr:RightIn
  ROUTE 112 connect ['p4_rbA_sel_t10871']: cfw
  ROUTE 113 delete_wire ['p4_rbB_dw']: delete_wire
  ROUTE 114 connect ['p4_rbB_re0']: nested
  ROUTE 115 create ['p4_rbB_sel']: primitive
  ROUTE 116 connect ['p4_rbB_t']: cfw
  ROUTE 117 connect ['p4_rbB_f']: wire_sr:LeftIn
  ROUTE 118 connect ['p4_rbB_s']: cfw
  ROUTE 119 connect ['p4_rbB_out']: wire_sr:RightIn
  ROUTE 120 connect ['p4_rbB_sel_t4168']: cfw
  ROUTE 121 delete_wire ['p4_rbC_dw']: delete_wire
  ROUTE 122 create ['p4_rbC_sel']: primitive
  ROUTE 123 connect ['p4_rbC_t']: nested
  ROUTE 124 connect ['p4_rbC_f']: wire_sr:LeftIn
  ROUTE 125 connect ['p4_rbC_s']: cfw
  ROUTE 126 connect ['p4_rbC_out']: wire_sr:RightIn
  ROUTE 127 delete_wire ['p4_rbD_dw']: delete_wire
  ROUTE 128 create ['p4_rbD_sel']: primitive
  ROUTE 129 connect ['p4_rbD_t']: nested
  ROUTE 130 connect ['p4_rbD_f']: wire_sr:LeftIn
  ROUTE 131 connect ['p4_rbD_s']: cfw
  ROUTE 132 connect ['p4_rbD_out']: wire_sr:RightIn
  ROUTE 133 connect ['p4_rbD_sel_t25573']: connect
  ROUTE 134 delete_wire ['p4_rbE_dw']: delete_wire
  ROUTE 135 create ['p4_rbE_sel']: primitive
  ROUTE 136 connect ['p4_rbE_t']: nested
  ROUTE 137 connect ['p4_rbE_f']: wire_sr:LeftIn
  ROUTE 138 connect ['p4_rbE_s']: cfw
  ROUTE 139 connect ['p4_rbE_out']: wire_sr:RightIn
  ROUTE 140 delete_wire ['p4_rbF_dw']: delete_wire
  ROUTE 141 create ['p4_rbF_sel']: primitive
  ROUTE 142 connect ['p4_rbF_t']: nested
  ROUTE 143 connect ['p4_rbF_f']: wire_sr:LeftIn
  ROUTE 144 connect ['p4_rbF_s']: cfw
  ROUTE 145 connect ['p4_rbF_out']: wire_sr:RightIn
  ROUTE 146 delete_wire ['p4_rbR_dw']: delete_wire
  ROUTE 147 connect ['p4_rbR_re0']: nested
  ROUTE 148 create ['p4_rbR_sel']: primitive
  ROUTE 149 create ['p4_rbR_lr']: local_read
  ROUTE 150 connect ['p4_rbR_t']: cfw
  ROUTE 151 connect ['p4_rbR_f']: nested
  ROUTE 152 connect ['p4_rbR_s']: cfw
  ROUTE 153 connect ['p4_rbR_out']: ctlsink
  ROUTE 154 connect ['p4_w_n2_arr']: nested
  ROUTE 155 connect_term_uid ['p4_x_n2_order']: connect_term_uid
  ROUTE 156 wire_remove_loose_ends ['p4_rle_x_n2_order']: wire_remove_loose_ends
  ROUTE 157 connect_term_uid ['p4_x_slot_fs']: connect_term_uid
  ROUTE 158 wire_remove_loose_ends ['p4_rle_x_slot_fs']: wire_remove_loose_ends
  ROUTE 159 connect_term_uid ['p4_x_n2_out']: connect_term_uid
  ROUTE 160 wire_remove_loose_ends ['p4_rle_x_n2_out']: wire_remove_loose_ends
GATE PASS | v7 not written by the replay | 01ab0893f3a9440e02bbc180bc467bdf
SIM SUMMARY {'_base_nodes': {24580, 8, 16394, 24588, 16, 16402, 22, 24598, 24603, 37, 24618, 8235, 48, 16433, 50, 24626, 32823, 63, 24641, 24642, 66, 72, 24656, 24673, 16495, 123, 8323, 152, 24743, 172, 16568, 8377, 24761, 32955, 194, 16579, 16584, 24779, 16593, 16600, 24797, 16609, 16621, 24815, 250, 251, 252, 16652, 270, 8468, 8476, 16669, 8486, 16683, 8498, 16696, 317, 24902, 24920, 33114, 353, 16737, 24936, 16746, 24938, 16757, 8566, 376, 16765, 33151, 384, 16777, 399, 403, 16788, 24984, 8603, 24990, 8634, 16827, 451, 25032, 471, 25059, 25078, 25091, 517, 8718, 57881, 25116, 25124, 8741, 16942, 560, 562, 16951, 16955, 8764, 25149, 16959, 580, 8775, 16973, 16978, 599, 600, 25175, 16983, 8795, 17007, 625, 17014, 639, 642, 17029, 25223, 649, 25228, 656, 17041, 17046, 25240, 665, 25244, 58013, 25261, 25266, 25267, 17075, 8885, 33462, 25275, 25276, 17085, 25279, 25285, 33478, 25289, 25290, 25299, 725, 8917, 25317, 8936, 58094, 750, 25328, 25332, 8953, 25338, 25339, 41725, 25344, 25345, 25354, 8972, 781, 17164, 25362, 790, 8984, 25370, 25371, 25382, 33580, 25392, 9008, 33595, 25418, 17227, 25422, 25428, 9050, 862, 9062, 25455, 885, 17272, 25465, 893, 9087, 896, 17286, 17288, 17289, 924, 9118, 17311, 17321, 33714, 17330, 25524, 25545, 17358, 25557, 9179, 25573, 25576, 25578, 25582, 9200, 50177, 17414, 1034, 9227, 17419, 1038, 17424, 25621, 42009, 9243, 58397, 25632, 17450, 17456, 25651, 1078, 17465, 25659, 25667, 50244, 25675, 17487, 17489, 25683, 9306, 1114, 9308, 1117, 33882, 25691, 25699, 9317, 17513, 25707, 25715, 25716, 17525, 25723, 9342, 1152, 1155, 25732, 25731, 42122, 25739, 1165, 17555, 25748, 25747, 25755, 1185, 25763, 25775, 1207, 25785, 17594, 25797, 9420, 25805, 9426, 25813, 1242, 25818, 25823, 9444, 25828, 25845, 17659, 25853, 25857, 25861, 17673, 50442, 9483, 25865, 25869, 25870, 17680, 25873, 25877, 25883, 25884, 9503, 25890, 25891, 9507, 9509, 25898, 25902, 9519, 25910, 25914, 17725, 58686, 9536, 17730, 17735, 25928, 9559, 25950, 17759, 9569, 34148, 17766, 25964, 25968, 17780, 17782, 25982, 25985, 9603, 25992, 9621, 9623, 17818, 26011, 26014, 1445, 17830, 34217, 17837, 9647, 9655, 1469, 17865, 26066, 1491, 17883, 9699, 26085, 1510, 9703, 1514, 26102, 9723, 1539, 26126, 9745, 26131, 26136, 1565, 1566, 26145, 9762, 58920, 9775, 34352, 26159, 17972, 17986, 1605, 17995, 1612, 9808, 42580, 1620, 1626, 1628, 50788, 9833, 34409, 1643, 1652, 50806, 18039, 1656, 9850, 18044, 18049, 1666, 26244, 1675, 9879, 1690, 18074, 9888, 59041, 9889, 18081, 18089, 9906, 9907, 34489, 18105, 59069, 1726, 18115, 26318, 18127, 26320, 59090, 9939, 1748, 9944, 1753, 18136, 1755, 59098, 26341, 1766, 1779, 1788, 26379, 9996, 10004, 1813, 26388, 18199, 10014, 10019, 1828, 26406, 26411, 1839, 1849, 1850, 18235, 26428, 10048, 1856, 1859, 26446, 26447, 10067, 10068, 18270, 26466, 18275, 26472, 18280, 26484, 26490, 26495, 18304, 10114, 1924, 18311, 26512, 42899, 26516, 26515, 26518, 26524, 26529, 10150, 26539, 26548, 1978, 10171, 10177, 1986, 26562, 10190, 26578, 26582, 2009, 10204, 2017, 10225, 26615, 2048, 10244, 34822, 10247, 10251, 2064, 10263, 2078, 10285, 10313, 34890, 2124, 18509, 26708, 2136, 10330, 2143, 26721, 26739, 26747, 26751, 18560, 2179, 10382, 18574, 18584, 10399, 18593, 10404, 2213, 34982, 18605, 10429, 18622, 10439, 10461, 26846, 10465, 2276, 2283, 18669, 26864, 18674, 26870, 18679, 2297, 26873, 35069, 26879, 10502, 10511, 2320, 18704, 26900, 18711, 10522, 26912, 2347, 10544, 18736, 10548, 2359, 10557, 26946, 10579, 10581, 10584, 18777, 26984, 26997, 10614, 10621, 27005, 18814, 10624, 2431, 27012, 10631, 35209, 27018, 35215, 27025, 2451, 27028, 35223, 27039, 27049, 10667, 27056, 10673, 27057, 2484, 27062, 35255, 27069, 10686, 27085, 27087, 18900, 27095, 2523, 18907, 27101, 2536, 27113, 18927, 10739, 18934, 35319, 10750, 2559, 27139, 10757, 10764, 27163, 27165, 10785, 18978, 18984, 10793, 2603, 27185, 18994, 18996, 27194, 2621, 2626, 10824, 10825, 2634, 19020, 2640, 19027, 43605, 35414, 10841, 35418, 27233, 10850, 27250, 27252, 27258, 27269, 27270, 10886, 10894, 27282, 19093, 27292, 27311, 10929, 27317, 10950, 35532, 2765, 27344, 10960, 10969, 10972, 27359, 10978, 27367, 27372, 27373, 2800, 2801, 27377, 27382, 19200, 11011, 27408, 19221, 27415, 27420, 11038, 19236, 2853, 27433, 27434, 19243, 27441, 27449, 35648, 27462, 2886, 27466, 27492, 27496, 27502, 11120, 27506, 27508, 2932, 27514, 19324, 27520, 11139, 27524, 19333, 27530, 27537, 43922, 19350, 11164, 27549, 43937, 27561, 2987, 35755, 2991, 2992, 43955, 27573, 11190, 27582, 19391, 27594, 11214, 27601, 3027, 11220, 27605, 27606, 43997, 27617, 27618, 3045, 3052, 3053, 27633, 3057, 11249, 11261, 11263, 44036, 3078, 11272, 27660, 27664, 3091, 11286, 3097, 11289, 35869, 11295, 27683, 35876, 3115, 11310, 35890, 3125, 11318, 27705, 3130, 3131, 3133, 27711, 27716, 11336, 19532, 35917, 27726, 11348, 44119, 3160, 3162, 3163, 27741, 3166, 3168, 11363, 27748, 3173, 44134, 11364, 3176, 27753, 27752, 44143, 27761, 27773, 44160, 27777, 19585, 44164, 27783, 27785, 19598, 44178, 19603, 27799, 19609, 19617, 27811, 44196, 11433, 3242, 19625, 27820, 19633, 11446, 19641, 27835, 19649, 27843, 27844, 3273, 19657, 27856, 19665, 3286, 27864, 19673, 36060, 27872, 19681, 3299, 3302, 11501, 19696, 19705, 11514, 27910, 11529, 3340, 27917, 11532, 27925, 19733, 27926, 27928, 11548, 11549, 3363, 27941, 3366, 19756, 27951, 11574, 27959, 11576, 11577, 19771, 11581, 3391, 27971, 3402, 3406, 3410, 11608, 11611, 27998, 11620, 28005, 3436, 28014, 19825, 3445, 3447, 28023, 11639, 19833, 28028, 3453, 19841, 11652, 28037, 19849, 28046, 19857, 19865, 19873, 28067, 28068, 11685, 28070, 28073, 19881, 28083, 28094, 28100, 3529, 11721, 28108, 11725, 11727, 3537, 28115, 28123, 28124, 3560, 28138, 11756, 28147, 3575, 3587, 28170, 3595, 3597, 28180, 11802, 28199, 11817, 28212, 11829, 28221, 3653, 28233, 28236, 11858, 3667, 20054, 3671, 3675, 28257, 3683, 11885, 3728, 28311, 11942, 3755, 28333, 20143, 20151, 28344, 3775, 20159, 3783, 20167, 20175, 28370, 20183, 28377, 20191, 3812, 20199, 28393, 28395, 20207, 28405, 3831, 20215, 28413, 28414, 20223, 28416, 20231, 3851, 28429, 12045, 20239, 28433, 3858, 28435, 3862, 20247, 3864, 28440, 20255, 3880, 12081, 28472, 28473, 20282, 28475, 12096, 28484, 28490, 28512, 28515, 20327, 20333, 12159, 3973, 3974, 12176, 28565, 20378, 12195, 20387, 28581, 20399, 4021, 28601, 36793, 12224, 12236, 12239, 20436, 28631, 4080, 28659, 12283, 12284, 20477, 20482, 28677, 20487, 28686, 20497, 4117, 20507, 20512, 28713, 20539, 20551, 28747, 20556, 12368, 20566, 20576, 4194, 28771, 4195, 20581, 28772, 20586, 20591, 28785, 28786, 28796, 28809, 12453, 28844, 28848, 4276, 4277, 28853, 12476, 28893, 28902, 28907, 12529, 28916, 4352, 20736, 28939, 12561, 4386, 28975, 4400, 4401, 12605, 28991, 28998, 20807, 4424, 29005, 12622, 29009, 12633, 4442, 20826, 12635, 12640, 4464, 29045, 29048, 20859, 4479, 12673, 4484, 29077, 4512, 29091, 29095, 29096, 29102, 4528, 4531, 20915, 4534, 29111, 29119, 20930, 29129, 29139, 20947, 20954, 4580, 29157, 20978, 29172, 29175, 4609, 21001, 29194, 4620, 29197, 4629, 29211, 29213, 4637, 21023, 21022, 4649, 4652, 29235, 21043, 29237, 21046, 29240, 29243, 21063, 4682, 29261, 29264, 29265, 4693, 21087, 29283, 29293, 21109, 21110, 29312, 29313, 29316, 21125, 12936, 12946, 29336, 12954, 21147, 4774, 12969, 29367, 4792, 4802, 12994, 29380, 29408, 29411, 13027, 4837, 29415, 13039, 29425, 21237, 13048, 29440, 4865, 13059, 29447, 21267, 13078, 4902, 29485, 4910, 21314, 4933, 21324, 13149, 21342, 13157, 21351, 29546, 21358, 29551, 13167, 13175, 21372, 13183, 21380, 13191, 5000, 21385, 13199, 21397, 13207, 13215, 21415, 13224, 5034, 5038, 29616, 21426, 29625, 29629, 13245, 21441, 5058, 13251, 21446, 5067, 13265, 29650, 21458, 21469, 21478, 5096, 21484, 29686, 21494, 5118, 5119, 21502, 5123, 21517, 5136, 29716, 29722, 13341, 5150, 21533, 5155, 21544, 5167, 21554, 21555, 13366, 5183, 21567, 21577, 29777, 13393, 5204, 13397, 21595, 13404, 5213, 21603, 21608, 13416, 29803, 21613, 13425, 21618, 21619, 29815, 13433, 29823, 21633, 21634, 5251, 13444, 21638, 21643, 13455, 5269, 21654, 21667, 21668, 5287, 5292, 21676, 13491, 13499, 21693, 21699, 5318, 29894, 13510, 13515, 21709, 21710, 13520, 21715, 13525, 5334, 29911, 29912, 29914, 21729, 21730, 13540, 21734, 5351, 21739, 13549, 13557, 21750, 5368, 29946, 21763, 5380, 29956, 21764, 21770, 5389, 29965, 29969, 29973, 5403, 21787, 13598, 21793, 21804, 5426, 30005, 13622, 21818, 13630, 21823, 13638, 21836, 13646, 30036, 21848, 13659, 5469, 5475, 21860, 30063, 30064, 21873, 13686, 21880, 5497, 13690, 30079, 21887, 13696, 21891, 21892, 13700, 30086, 13706, 13718, 5527, 21912, 13727, 21923, 30117, 21925, 30118, 5545, 13738, 21936, 5556, 13749, 30135, 21947, 13760, 30146, 5571, 21959, 13771, 21963, 13782, 30169, 21977, 30173, 13793, 21986, 5603, 21994, 5615, 5617, 13812, 22009, 22013, 22017, 5634, 22028, 13838, 30233, 5659, 5669, 5680, 22073, 5696, 22085, 5702, 13895, 22090, 22095, 22100, 22101, 5718, 22105, 5722, 5725, 30306, 22117, 22124, 30317, 13938, 22131, 22137, 30331, 22143, 5765, 30342, 13962, 5771, 30349, 22159, 30355, 22168, 30371, 22179, 14007, 5818, 14015, 5825, 22213, 14023, 14031, 30422, 5856, 14052, 14058, 30445, 22261, 30471, 14091, 5900, 22284, 30488, 5925, 30512, 22325, 14134, 22334, 5952, 22343, 22347, 5967, 22351, 30549, 14177, 5987, 5988, 5995, 14187, 22382, 14196, 22388, 6016, 30604, 30617, 22427, 22436, 22440, 22441, 6059, 22444, 22448, 14259, 22452, 22456, 14268, 22461, 22465, 6085, 22470, 22476, 22482, 22486, 6104, 6107, 22491, 30688, 22497, 22498, 22503, 30697, 22507, 22513, 6132, 30709, 22519, 30714, 14331, 22525, 22532, 22542, 22544, 22549, 22554, 30749, 22559, 22560, 6178, 22564, 22569, 22574, 22579, 22584, 30780, 22589, 30783, 6208, 22594, 22599, 6216, 22604, 22609, 6227, 30804, 22614, 22619, 14430, 6239, 22624, 22629, 22634, 30828, 22639, 22644, 22650, 30846, 22663, 6288, 22681, 22692, 22703, 30896, 22712, 22731, 30933, 30937, 30955, 6384, 30961, 22780, 6404, 22789, 6409, 22793, 30988, 22799, 22805, 22809, 22813, 22817, 22822, 14631, 6440, 22826, 22831, 31027, 22835, 22840, 22847, 22858, 31051, 31050, 22859, 6479, 31058, 22871, 22883, 6502, 22895, 31090, 22907, 22919, 22931, 6549, 6555, 22943, 31137, 22950, 14762, 22955, 6576, 6577, 14770, 22964, 14778, 22975, 14786, 6598, 31174, 14794, 22990, 14802, 14810, 23005, 14818, 23013, 14826, 14834, 23028, 6646, 23035, 31228, 31227, 14849, 23042, 23043, 14858, 23051, 23058, 23066, 31263, 31264, 23081, 23085, 23089, 23099, 23104, 31299, 6735, 23119, 14938, 14946, 14954, 14955, 23148, 23160, 31353, 14970, 23166, 23169, 14979, 23172, 23175, 14987, 14995, 6810, 15003, 31388, 6814, 15011, 23206, 31401, 15019, 15027, 23224, 15035, 15050, 23242, 15061, 31446, 23260, 23278, 15103, 31494, 6922, 31502, 31509, 15136, 6951, 15145, 15154, 15165, 23364, 23365, 15176, 15180, 15184, 15188, 15192, 23386, 15196, 15197, 15201, 15204, 23396, 15206, 15212, 23405, 23404, 15219, 15223, 23417, 15228, 23422, 15234, 15239, 15243, 15248, 23440, 15252, 7061, 15256, 15260, 15266, 23459, 23469, 7091, 15284, 7107, 15306, 31691, 23499, 23501, 15314, 23508, 7127, 15320, 7130, 15326, 23523, 15332, 23541, 15355, 7166, 15364, 15376, 23576, 15384, 7195, 23583, 15392, 7201, 7202, 15403, 7212, 7223, 23615, 23622, 23629, 15442, 23636, 23643, 23650, 23657, 15472, 23664, 23671, 31870, 23678, 7300, 23685, 23692, 23699, 7317, 15511, 23706, 7346, 23731, 31929, 23738, 15547, 15551, 15557, 23750, 15562, 15567, 23762, 15572, 15577, 23771, 31964, 15582, 15587, 23782, 23789, 15599, 23792, 23796, 23797, 23812, 15628, 23844, 15652, 7462, 15657, 7468, 15662, 15667, 7476, 15672, 23868, 15677, 23874, 23877, 23880, 15689, 15697, 32083, 7511, 23895, 23899, 7516, 23909, 23911, 15720, 15732, 7542, 23929, 15744, 15756, 32150, 23967, 7613, 32191, 32194, 24003, 24016, 24018, 24022, 24029, 24034, 24035, 24046, 24053, 32250, 15866, 24058, 24065, 15874, 24070, 24079, 24083, 24090, 24097, 32295, 24104, 24105, 15921, 7739, 24131, 24133, 24140, 24141, 24144, 24147, 32340, 24150, 24154, 24155, 7774, 15971, 15976, 24170, 15981, 15986, 15991, 24187, 15996, 16004, 32391, 7823, 16022, 16031, 32435, 24244, 16057, 24257, 16073, 24268, 24278, 24281, 7911, 24297, 24299, 32497, 7922, 32504, 16123, 24317, 24324, 24327, 24334, 24335, 24345, 7962, 32538, 24357, 24361, 24364, 7987, 24375, 16184, 32572, 16247, 24444, 8066, 16262, 8071, 24458, 16277, 24470, 32664, 16285, 24482, 16292, 57256, 24494, 24506, 16321, 57284, 24518, 16331, 57292, 24530, 16344, 24539, 16355, 32740, 24550, 8173, 16367, 24565, 8184, 24572}, 'failed': None, 'final': False, 'n_candidates': 18, 'open_rows_match': False, 'open_rows_match_legacy': False, 'plan_out': {'path': 'tools/bench/sim/c138_1_v7/plan_ring_p4_v3.json', 'md5': '1224a446f087a3cad00e7ccbb4d2cb25'}, 's1': 'D1_s1_copy', 'schema': 'stagesim-summary/1', 'stage': 'ring_p4_v3', 'summary_path': 'G:\\Codes\\LabVIEW_Codes\\MinLab\\zz_LabView VI\\AAA_UNIST\\2. Tracking\\V6_ParallelLoop\\tools\\bench\\sim\\c138_1_v7\\ring_p4_v3\\summary.json', 'undecided': 0}
SIM steps recorded 173
STEP 158 delete_wire p4_rbR_dw ok {'wire': 25415, 'n_terminals': 3, 'auto_removed_tunnels': [], 'unmeasured_unwired_tunnels': [10465]} cdiff ['10068|ParameterTerminal|x|0', '10150|ParameterTerminal|x|0', '10382|ParameterTerminal|x|0', '10757|Terminal|array|0', '11261|Terminal|array|0', '11261|Terminal|element|0', '11529|ParameterTerminal|x|0', '2626|Terminal|array|0', '2626|Terminal|array|1', '2626|Terminal|array|2', '2626|Terminal|array|3', '2626|Terminal|element|0', '2626|Terminal|element|1', '2626|Terminal|element|2', '28083|Terminal|Magnet position|0', '29240|ParameterTerminal|x|0', '29625|Terminal|array|0', '376|Terminal|current frame data array in|0', '376|Terminal|frame index|0', '5058|Terminal|Bead is good? array in|0', '5058|Terminal|Image In|0', '5058|Terminal|pos in cal image in|0', '5058|Terminal|x,y,z array|0', '8634|Terminal|array|0']
STEP 159 wire p4_rbR_re0 ok {'wire': -256, 'how': 'new', 'src_term_uid': 9668, 'dst_term_uid': 10469, 'detached_from': None, 'joined': [], 'kept_stub_uid': False, 'unflipped': []} cdiff ['10068|ParameterTerminal|x|0', '10150|ParameterTerminal|x|0', '10382|ParameterTerminal|x|0', '10757|Terminal|array|0', '11261|Terminal|array|0', '11261|Terminal|element|0', '11529|ParameterTerminal|x|0', '2626|Terminal|array|0', '2626|Terminal|array|1', '2626|Terminal|array|2', '2626|Terminal|array|3', '2626|Terminal|element|0', '2626|Terminal|element|1', '2626|Terminal|element|2', '28083|Terminal|Magnet position|0', '29240|ParameterTerminal|x|0', '29625|Terminal|array|0', '376|Terminal|current frame data array in|0', '376|Terminal|frame index|0', '5058|Terminal|Bead is good? array in|0', '5058|Terminal|Image In|0', '5058|Terminal|pos in cal image in|0', '5058|Terminal|x,y,z array|0', '8634|Terminal|array|0']
STEP 165 wire p4_rbR_out ok {'wire': -265, 'how': 'new', 'src_term_uid': -258, 'dst_term_uid': 25557, 'detached_from': None, 'joined': [], 'kept_stub_uid': False, 'unflipped': []} cdiff ['10068|ParameterTerminal|x|0', '10150|ParameterTerminal|x|0', '10382|ParameterTerminal|x|0', '10757|Terminal|array|0', '11261|Terminal|array|0', '11261|Terminal|element|0', '11529|ParameterTerminal|x|0', '2626|Terminal|array|0', '2626|Terminal|array|1', '2626|Terminal|array|2', '2626|Terminal|array|3', '2626|Terminal|element|0', '2626|Terminal|element|1', '2626|Terminal|element|2', '28083|Terminal|Magnet position|0', '29240|ParameterTerminal|x|0', '29625|Terminal|array|0', '376|Terminal|current frame data array in|0', '376|Terminal|frame index|0', '5058|Terminal|Bead is good? array in|0', '5058|Terminal|Image In|0', '5058|Terminal|pos in cal image in|0', '5058|Terminal|x,y,z array|0', '8634|Terminal|array|0']
STEP 166 wire p4_w_n2_arr ok {'wire': -266, 'how': 'new', 'src_term_uid': -94, 'dst_term_uid': -96, 'detached_from': None, 'joined': [], 'kept_stub_uid': False, 'unflipped': []} cdiff ['10068|ParameterTerminal|x|0', '10150|ParameterTerminal|x|0', '10382|ParameterTerminal|x|0', '10757|Terminal|array|0', '11261|Terminal|array|0', '11261|Terminal|element|0', '11529|ParameterTerminal|x|0', '2626|Terminal|array|0', '2626|Terminal|array|1', '2626|Terminal|array|2', '2626|Terminal|array|3', '2626|Terminal|element|0', '2626|Terminal|element|1', '2626|Terminal|element|2', '28083|Terminal|Magnet position|0', '29240|ParameterTerminal|x|0', '29625|Terminal|array|0', '376|Terminal|current frame data array in|0', '376|Terminal|frame index|0', '5058|Terminal|Bead is good? array in|0', '5058|Terminal|Image In|0', '5058|Terminal|pos in cal image in|0', '5058|Terminal|x,y,z array|0', '8634|Terminal|array|0']
STEP 167 wire p4_x_n2_order ok {'wire': -271, 'how': 'fs_border', 'variant': 'case_frame_to_fs_frame_branch', 'src_term_uid': 5111, 'dst_term_uid': -130, 'borders': [['in', 'FlatSequence']], 'tunnels': [-267], 'faces': [[-268, -269]], 'new_wires': [-270, -271], 'census': {'FlatSequenceOuterTunnel': 1, 'Terminal': 2, 'Wire': 2}, 'model': 'measured n=1: tools/bench/diag_c126_4_fs.log:57', 'recreated_from': -233, 'rewired': [-232]} cdiff ['10068|ParameterTerminal|x|0', '10150|ParameterTerminal|x|0', '10382|ParameterTerminal|x|0', '10757|Terminal|array|0', '11261|Terminal|array|0', '11261|Terminal|element|0', '11529|ParameterTerminal|x|0', '2626|Terminal|array|0', '2626|Terminal|array|1', '2626|Terminal|array|2', '2626|Terminal|array|3', '2626|Terminal|element|0', '2626|Terminal|element|1', '2626|Terminal|element|2', '28083|Terminal|Magnet position|0', '29240|ParameterTerminal|x|0', '29625|Terminal|array|0', '376|Terminal|current frame data array in|0', '376|Terminal|frame index|0', '5058|Terminal|Bead is good? array in|0', '5058|Terminal|Image In|0', '5058|Terminal|pos in cal image in|0', '5058|Terminal|x,y,z array|0', '8634|Terminal|array|0']
STEP 168 wire_remove_loose_ends p4_rle_x_n2_order ok {'wires': [-270, -271], 'census': {}, 'how': 'remove_loose_ends', 'model': 'diag_c126_4_op.log:52-60 (w27378 census delta {}, both terminals kept); diag_c126_6_cross.log:61-65 (RLE census delta empty)'} cdiff ['10068|ParameterTerminal|x|0', '10150|ParameterTerminal|x|0', '10382|ParameterTerminal|x|0', '10757|Terminal|array|0', '11261|Terminal|array|0', '11261|Terminal|element|0', '11529|ParameterTerminal|x|0', '2626|Terminal|array|0', '2626|Terminal|array|1', '2626|Terminal|array|2', '2626|Terminal|array|3', '2626|Terminal|element|0', '2626|Terminal|element|1', '2626|Terminal|element|2', '28083|Terminal|Magnet position|0', '29240|ParameterTerminal|x|0', '29625|Terminal|array|0', '376|Terminal|current frame data array in|0', '376|Terminal|frame index|0', '5058|Terminal|Bead is good? array in|0', '5058|Terminal|Image In|0', '5058|Terminal|pos in cal image in|0', '5058|Terminal|x,y,z array|0', '8634|Terminal|array|0']
STEP 169 wire p4_x_slot_fs ok {'wire': -276, 'how': 'fs_border', 'variant': 'case_frame_to_fs_frame_branch', 'src_term_uid': -151, 'dst_term_uid': -98, 'borders': [['in', 'FlatSequence']], 'tunnels': [-272], 'faces': [[-273, -274]], 'new_wires': [-275, -276], 'census': {'FlatSequenceOuterTunnel': 1, 'Terminal': 2, 'Wire': 2}, 'model': 'measured n=1: tools/bench/diag_c126_4_fs.log:57', 'recreated_from': -154, 'rewired': [-211, -189, -182, -175, -90]} cdiff ['10068|ParameterTerminal|x|0', '10150|ParameterTerminal|x|0', '10382|ParameterTerminal|x|0', '10757|Terminal|array|0', '11261|Terminal|array|0', '11261|Terminal|element|0', '11529|ParameterTerminal|x|0', '2626|Terminal|array|0', '2626|Terminal|array|1', '2626|Terminal|array|2', '2626|Terminal|array|3', '2626|Terminal|element|0', '2626|Terminal|element|1', '2626|Terminal|element|2', '28083|Terminal|Magnet position|0', '29240|ParameterTerminal|x|0', '29625|Terminal|array|0', '376|Terminal|current frame data array in|0', '376|Terminal|frame index|0', '5058|Terminal|Bead is good? array in|0', '5058|Terminal|Image In|0', '5058|Terminal|pos in cal image in|0', '5058|Terminal|x,y,z array|0', '8634|Terminal|array|0']
STEP 170 wire_remove_loose_ends p4_rle_x_slot_fs ok {'wires': [-275, -276], 'census': {}, 'how': 'remove_loose_ends', 'model': 'diag_c126_4_op.log:52-60 (w27378 census delta {}, both terminals kept); diag_c126_6_cross.log:61-65 (RLE census delta empty)'} cdiff ['10068|ParameterTerminal|x|0', '10150|ParameterTerminal|x|0', '10382|ParameterTerminal|x|0', '10757|Terminal|array|0', '11261|Terminal|array|0', '11261|Terminal|element|0', '11529|ParameterTerminal|x|0', '2626|Terminal|array|0', '2626|Terminal|array|1', '2626|Terminal|array|2', '2626|Terminal|array|3', '2626|Terminal|element|0', '2626|Terminal|element|1', '2626|Terminal|element|2', '28083|Terminal|Magnet position|0', '29240|ParameterTerminal|x|0', '29625|Terminal|array|0', '376|Terminal|current frame data array in|0', '376|Terminal|frame index|0', '5058|Terminal|Bead is good? array in|0', '5058|Terminal|Image In|0', '5058|Terminal|pos in cal image in|0', '5058|Terminal|x,y,z array|0', '8634|Terminal|array|0']
STEP 171 wire p4_x_n2_out ok {'wire': -281, 'how': 'fs_exit', 'variant': 'fs_frame_exit', 'src_term_uid': -97, 'dst_term_uid': -101, 'fs': -91, 'frame_index': 0, 'borders': [['out', 'FlatSequence']], 'tunnels': [-277], 'faces': [[-278, -279]], 'new_wires': [-280, -281], 'census': {'FlatSequenceOuterTunnel': 1, 'Terminal': 2, 'Wire': 2}, 'name': 'Index of closest\ncal image slice, bead 2', 'name_status': 'MEASURED', 'name_cite': 'diag_c137_7_types.log:301-302', 'face_type': "= the source terminal's type (U6' I32 source -> I3 cdiff ['10068|ParameterTerminal|x|0', '10150|ParameterTerminal|x|0', '10382|ParameterTerminal|x|0', '10757|Terminal|array|0', '11261|Terminal|array|0', '11261|Terminal|element|0', '11529|ParameterTerminal|x|0', '2626|Terminal|array|0', '2626|Terminal|array|1', '2626|Terminal|array|2', '2626|Terminal|array|3', '2626|Terminal|element|0', '2626|Terminal|element|1', '2626|Terminal|element|2', '28083|Terminal|Magnet position|0', '29240|ParameterTerminal|x|0', '29625|Terminal|array|0', '376|Terminal|current frame data array in|0', '376|Terminal|frame index|0', '5058|Terminal|Bead is good? array in|0', '5058|Terminal|Image In|0', '5058|Terminal|pos in cal image in|0', '5058|Terminal|x,y,z array|0', '8634|Terminal|array|0']
STEP 172 wire_remove_loose_ends p4_rle_x_n2_out ok {'wires': [-280, -281], 'census': {}, 'how': 'remove_loose_ends', 'model': 'diag_c126_4_op.log:52-60 (w27378 census delta {}, both terminals kept); diag_c126_6_cross.log:61-65 (RLE census delta empty)'} cdiff ['10068|ParameterTerminal|x|0', '10150|ParameterTerminal|x|0', '10382|ParameterTerminal|x|0', '10757|Terminal|array|0', '11261|Terminal|array|0', '11261|Terminal|element|0', '11529|ParameterTerminal|x|0', '2626|Terminal|array|0', '2626|Terminal|array|1', '2626|Terminal|array|2', '2626|Terminal|array|3', '2626|Terminal|element|0', '2626|Terminal|element|1', '2626|Terminal|element|2', '28083|Terminal|Magnet position|0', '29240|ParameterTerminal|x|0', '29625|Terminal|array|0', '376|Terminal|current frame data array in|0', '376|Terminal|frame index|0', '5058|Terminal|Bead is good? array in|0', '5058|Terminal|Image In|0', '5058|Terminal|pos in cal image in|0', '5058|Terminal|x,y,z array|0', '8634|Terminal|array|0']
SIM LAST 172 p4_rle_x_n2_out error None
GATE PASS | replay step 159 p4_rbR_re0 ok | None
GATE PASS | replay step 171 p4_x_n2_out ok, how fs_exit | {'wire': -281, 'how': 'fs_exit', 'variant': 'fs_frame_exit', 'src_term_uid': -97, 'dst_term_uid': -101, 'fs': -91, 'frame_index': 0, 'borders': [['out', 'FlatSequence']], 'tunnels': [-277], 'faces': [[-278, -279]], 'new_wires': [-280, -281], 'census': {'FlatSequenceOuterTunnel': 1, 'Terminal': 2, 'Wire': 2}, 'name': 'Index of closest\ncal image slice, bead 2', 'name_status': 'MEASURED', 'name_cite
RESULT {"schema":"result-line/1","status":"PASS","gates":{"pass":6,"fail":0},"first_fail":null,"artefacts":[{"path":"tools/bench/plan_ring_p4_v7.json","md5":"01ab0893f3a9440e02bbc180bc467bdf"}]}
BGRUN END rc=0 after 282s
