BGRUN START 2026-10-03 09:17:21 limit 5.0 min: py -u tools/bench/prep_c142_p1_q2.py
BGRUN PID 16244
GATE PASS | M0 graph md5 | f697a0b21c3bdb481207318812a0adad
GATE PASS | K graph keys | ['fs_measured', 'fs_tunnel_pairs', 'loops', 'md5', 'objs', 'owners', 'source', 'terminals', 'vi']
GRAPH keys ['fs_measured', 'fs_tunnel_pairs', 'loops', 'md5', 'objs', 'owners', 'source', 'terminals', 'vi']
SCALAR vi C:\Program Files\National Instruments\LabVIEW 2026\user.lib\claudeDev\D1_ring_p4s01_20261002_232547.vi
SCALAR md5 dc61e193e0376ce760f88fdfcda7087b
SCALAR source tools/bench/diag_c141_3_graph.py (read_live + mloops + owner_of + gscript.fs_frames on a never-saved byte copy of the P4 session-1 in-between file, no edit; fs_tunnel_pairs from tools/bench/graph_qrt_
TERM keys ['frame_diagram', 'is_source', 'owner_class', 'owner_uid', 'term_class', 'term_name', 'term_uid', 'wire_uid']
TERM sample {"term_uid": 6121, "term_name": "error out", "is_source": true, "wire_uid": 86546, "owner_uid": 10673, "owner_class": "FlatSequenceInnerTunnel", "frame_diagram": 536, "term_class": "Terminal"}
OBJ keys ['class', 'owner', 'pos', 'uid']
OBJ sample {"uid": 536, "class": "TopLevelDiagram", "pos": [-17836, 198], "owner": ""}
NODE #5058 obj {"uid": 5058, "class": "SubVI", "pos": [10191, 11784], "owner": "Diagram"} | rows 16
    {"term_uid": 5082, "term_name": "Bead is good? array in", "is_source": false, "wire_uid": 25517, "owner_uid": 5058, "owner_class": "SubVI", "frame_diagram": 23166, "term_class": "Terminal"}
    {"term_uid": 5089, "term_name": "Image In", "is_source": false, "wire_uid": 0, "owner_uid": 5058, "owner_class": "SubVI", "frame_diagram": 23166, "term_class": "Terminal"}
    {"term_uid": 5106, "term_name": "cross size", "is_source": false, "wire_uid": 23898, "owner_uid": 5058, "owner_class": "SubVI", "frame_diagram": 23166, "term_class": "Terminal"}
    {"term_uid": 5111, "term_name": "Bead is good? array out", "is_source": true, "wire_uid": 25348, "owner_uid": 5058, "owner_class": "SubVI", "frame_diagram": 23166, "term_class": "Terminal"}
    {"term_uid": 5124, "term_name": "x,y,z array out", "is_source": true, "wire_uid": 25283, "owner_uid": 5058, "owner_class": "SubVI", "frame_diagram": 23166, "term_class": "Terminal"}
    {"term_uid": 5151, "term_name": "", "is_source": false, "wire_uid": 0, "owner_uid": 5058, "owner_class": "SubVI", "frame_diagram": 23166, "term_class": "Terminal"}
    {"term_uid": 5156, "term_name": "", "is_source": false, "wire_uid": 0, "owner_uid": 5058, "owner_class": "SubVI", "frame_diagram": 23166, "term_class": "Terminal"}
    {"term_uid": 5164, "term_name": "x,y,z array", "is_source": false, "wire_uid": 25520, "owner_uid": 5058, "owner_class": "SubVI", "frame_diagram": 23166, "term_class": "Terminal"}
    {"term_uid": 5171, "term_name": "pos in cal image out", "is_source": true, "wire_uid": 23807, "owner_uid": 5058, "owner_class": "SubVI", "frame_diagram": 23166, "term_class": "Terminal"}
    {"term_uid": 5177, "term_name": "# of bead 4 packs", "is_source": false, "wire_uid": 23487, "owner_uid": 5058, "owner_class": "SubVI", "frame_diagram": 23166, "term_class": "Terminal"}
    {"term_uid": 5180, "term_name": "", "is_source": false, "wire_uid": 0, "owner_uid": 5058, "owner_class": "SubVI", "frame_diagram": 23166, "term_class": "Terminal"}
    {"term_uid": 5184, "term_name": "4 pack remainder", "is_source": false, "wire_uid": 10354, "owner_uid": 5058, "owner_class": "SubVI", "frame_diagram": 23166, "term_class": "Terminal"}
    {"term_uid": 5190, "term_name": "Array of cal clusters", "is_source": false, "wire_uid": 10286, "owner_uid": 5058, "owner_class": "SubVI", "frame_diagram": 23166, "term_class": "Terminal"}
    {"term_uid": 5207, "term_name": "pos in cal image in", "is_source": false, "wire_uid": 23850, "owner_uid": 5058, "owner_class": "SubVI", "frame_diagram": 23166, "term_class": "Terminal"}
    {"term_uid": 5240, "term_name": "Real-space cosine window", "is_source": false, "wire_uid": 10283, "owner_uid": 5058, "owner_class": "SubVI", "frame_diagram": 23166, "term_class": "Terminal"}
    {"term_uid": 5262, "term_name": "Cosine bandpass\nfor Hilbert ", "is_source": false, "wire_uid": 10278, "owner_uid": 5058, "owner_class": "SubVI", "frame_diagram": 23166, "term_class": "Terminal"}
NODE #2626 obj {"uid": 2626, "class": "BuildArray", "pos": [10109, 7524], "owner": "Diagram"} | rows 5
    {"term_uid": 2813, "term_name": "appended array", "is_source": true, "wire_uid": 0, "owner_uid": 2626, "owner_class": "BuildArray", "frame_diagram": 23166, "term_class": "Terminal"}
    {"term_uid": 2832, "term_name": "array", "is_source": false, "wire_uid": 0, "owner_uid": 2626, "owner_class": "BuildArray", "frame_diagram": 23166, "term_class": "Terminal"}
    {"term_uid": 4160, "term_name": "array", "is_source": false, "wire_uid": 0, "owner_uid": 2626, "owner_class": "BuildArray", "frame_diagram": 23166, "term_class": "Terminal"}
    {"term_uid": 4165, "term_name": "array", "is_source": false, "wire_uid": 0, "owner_uid": 2626, "owner_class": "BuildArray", "frame_diagram": 23166, "term_class": "Terminal"}
    {"term_uid": 4168, "term_name": "array", "is_source": false, "wire_uid": 25283, "owner_uid": 2626, "owner_class": "BuildArray", "frame_diagram": 23166, "term_class": "Terminal"}
NODE #9503 obj {"uid": 9503, "class": "LoopTunnel", "pos": [10532, 7230], "owner": "ForLoop"} | rows 2
    {"term_uid": 9508, "term_name": "Value", "is_source": false, "wire_uid": 0, "owner_uid": 9503, "owner_class": "LoopTunnel", "frame_diagram": 23166, "term_class": "OuterTerminal"}
    {"term_uid": 9505, "term_name": "Value", "is_source": false, "wire_uid": 28684, "owner_uid": 9503, "owner_class": "LoopTunnel", "frame_diagram": 7911, "term_class": "InnerTerminal"}
NODE #10068 obj {"uid": 10068, "class": "Function", "pos": [4340, 1788], "owner": "Diagram"} | rows 4
    {"term_uid": 10074, "term_name": "floor(x/y)", "is_source": true, "wire_uid": 0, "owner_uid": 10068, "owner_class": "Function", "frame_diagram": 639, "term_class": "ParameterTerminal"}
    {"term_uid": 10077, "term_name": "x-y*floor(x/y)", "is_source": true, "wire_uid": 10187, "owner_uid": 10068, "owner_class": "Function", "frame_diagram": 639, "term_class": "ParameterTerminal"}
    {"term_uid": 10080, "term_name": "y", "is_source": false, "wire_uid": 10103, "owner_uid": 10068, "owner_class": "Function", "frame_diagram": 639, "term_class": "ParameterTerminal"}
    {"term_uid": 10083, "term_name": "x", "is_source": false, "wire_uid": 29454, "owner_uid": 10068, "owner_class": "Function", "frame_diagram": 639, "term_class": "ParameterTerminal"}
NODE #29240 obj {"uid": 29240, "class": "Function", "pos": [4335, 1828], "owner": "Diagram"} | rows 4
    {"term_uid": 29247, "term_name": "floor(x/y)", "is_source": true, "wire_uid": 0, "owner_uid": 29240, "owner_class": "Function", "frame_diagram": 639, "term_class": "ParameterTerminal"}
    {"term_uid": 29250, "term_name": "x-y*floor(x/y)", "is_source": true, "wire_uid": 29787, "owner_uid": 29240, "owner_class": "Function", "frame_diagram": 639, "term_class": "ParameterTerminal"}
    {"term_uid": 29253, "term_name": "y", "is_source": false, "wire_uid": 29404, "owner_uid": 29240, "owner_class": "Function", "frame_diagram": 639, "term_class": "ParameterTerminal"}
    {"term_uid": 29256, "term_name": "x", "is_source": false, "wire_uid": 29454, "owner_uid": 29240, "owner_class": "Function", "frame_diagram": 639, "term_class": "ParameterTerminal"}
NODE #10177 obj {"uid": 10177, "class": "LoopTunnel", "pos": [10532, 7218], "owner": "ForLoop"} | rows 2
    {"term_uid": 10182, "term_name": "", "is_source": false, "wire_uid": 0, "owner_uid": 10177, "owner_class": "LoopTunnel", "frame_diagram": 23166, "term_class": "OuterTerminal"}
    {"term_uid": 10179, "term_name": "", "is_source": false, "wire_uid": 10166, "owner_uid": 10177, "owner_class": "LoopTunnel", "frame_diagram": 7911, "term_class": "InnerTerminal"}
NODE #29777 obj {"uid": 29777, "class": "LoopTunnel", "pos": [10249, 7528], "owner": "ForLoop"} | rows 2
    {"term_uid": 29782, "term_name": "", "is_source": false, "wire_uid": 0, "owner_uid": 29777, "owner_class": "LoopTunnel", "frame_diagram": 23166, "term_class": "OuterTerminal"}
    {"term_uid": 29779, "term_name": "", "is_source": false, "wire_uid": 29766, "owner_uid": 29777, "owner_class": "LoopTunnel", "frame_diagram": 29894, "term_class": "InnerTerminal"}
NODE #8936 obj {"uid": 8936, "class": "ControlTerminal", "pos": [2794, 1325], "owner": "Diagram"} | rows 0
NODE #28844 obj {"uid": 28844, "class": "ControlTerminal", "pos": [3102, 2059], "owner": "Diagram"} | rows 0
NODE #28809 obj {"uid": 28809, "class": "FlatSequenceOuterTunnel", "pos": [2218, 198], "owner": "FlatSequence"} | rows 2
    {"term_uid": 28822, "term_name": "", "is_source": false, "wire_uid": 28850, "owner_uid": 28809, "owner_class": "FlatSequenceOuterTunnel", "frame_diagram": 536, "term_class": "Terminal"}
    {"term_uid": 28816, "term_name": "", "is_source": true, "wire_uid": 28794, "owner_uid": 28809, "owner_class": "FlatSequenceOuterTunnel", "frame_diagram": 686, "term_class": "Terminal"}
NODE #27373 obj {"uid": 27373, "class": "Function", "pos": [6937, 2645], "owner": "Diagram"} | rows 4
    {"term_uid": 27394, "term_name": "floor(x/y)", "is_source": true, "wire_uid": 0, "owner_uid": 27373, "owner_class": "Function", "frame_diagram": 27219, "term_class": "ParameterTerminal"}
    {"term_uid": 27401, "term_name": "x-y*floor(x/y)", "is_source": true, "wire_uid": 29260, "owner_uid": 27373, "owner_class": "Function", "frame_diagram": 27219, "term_class": "ParameterTerminal"}
    {"term_uid": 27416, "term_name": "y", "is_source": false, "wire_uid": 27911, "owner_uid": 27373, "owner_class": "Function", "frame_diagram": 27219, "term_class": "ParameterTerminal"}
    {"term_uid": 27424, "term_name": "x", "is_source": false, "wire_uid": 27331, "owner_uid": 27373, "owner_class": "Function", "frame_diagram": 27219, "term_class": "ParameterTerminal"}
NODE #5119 obj {"uid": 5119, "class": "Function", "pos": [5273, 1788], "owner": "Diagram"} | rows 3
    {"term_uid": 6323, "term_name": "x-y", "is_source": true, "wire_uid": 16483, "owner_uid": 5119, "owner_class": "Function", "frame_diagram": 639, "term_class": "OverridableParameterTerminal"}
    {"term_uid": 7302, "term_name": "y", "is_source": false, "wire_uid": 3356, "owner_uid": 5119, "owner_class": "Function", "frame_diagram": 639, "term_class": "ParameterTerminal"}
    {"term_uid": 7680, "term_name": "x", "is_source": false, "wire_uid": 28534, "owner_uid": 5119, "owner_class": "Function", "frame_diagram": 639, "term_class": "ParameterTerminal"}
NODE #642 obj {"uid": 642, "class": "ControlTerminal", "pos": [6636, 1332], "owner": "Diagram"} | rows 0
NODE #10170 obj {"uid": 10170, "class": "WhileLoop", "pos": [5424, 5813], "owner": "Diagram"} | rows 0
NODE #10969 obj {"uid": 10969, "class": "Function", "pos": [10016, 7230], "owner": "Diagram"} | rows 5
    {"term_uid": 10975, "term_name": "array", "is_source": false, "wire_uid": 23807, "owner_uid": 10969, "owner_class": "Function", "frame_diagram": 23166, "term_class": "ParameterTerminal"}
    {"term_uid": 10979, "term_name": "max value", "is_source": true, "wire_uid": 0, "owner_uid": 10969, "owner_class": "Function", "frame_diagram": 23166, "term_class": "ParameterTerminal"}
    {"term_uid": 10983, "term_name": "max index (indices)", "is_source": true, "wire_uid": 0, "owner_uid": 10969, "owner_class": "Function", "frame_diagram": 23166, "term_class": "ParameterTerminal"}
    {"term_uid": 10988, "term_name": "min value", "is_source": true, "wire_uid": 25501, "owner_uid": 10969, "owner_class": "Function", "frame_diagram": 23166, "term_class": "ParameterTerminal"}
    {"term_uid": 10992, "term_name": "min index (indices)", "is_source": true, "wire_uid": 0, "owner_uid": 10969, "owner_class": "Function", "frame_diagram": 23166, "term_class": "ParameterTerminal"}
NODE #3173 obj {"uid": 3173, "class": "ControlTerminal", "pos": [10331, 11719], "owner": "Diagram"} | rows 0
NODE #9519 obj {"uid": 9519, "class": "ControlTerminal", "pos": [10331, 11779], "owner": "Diagram"} | rows 0
NODE #23792 obj {"uid": 23792, "class": "LeftShiftRegister", "pos": [5424, 5927], "owner": "WhileLoop"} | rows 2
    {"term_uid": 23859, "term_name": "", "is_source": false, "wire_uid": 8590, "owner_uid": 23792, "owner_class": "LeftShiftRegister", "frame_diagram": 686, "term_class": "OuterTerminal"}
    {"term_uid": 23853, "term_name": "", "is_source": true, "wire_uid": 23850, "owner_uid": 23792, "owner_class": "LeftShiftRegister", "frame_diagram": 23166, "term_class": "InnerTerminal"}
NODE #23508 obj {"uid": 23508, "class": "RightShiftRegister", "pos": [11231, 5927], "owner": "WhileLoop"} | rows 2
    {"term_uid": 23841, "term_name": "", "is_source": true, "wire_uid": 0, "owner_uid": 23508, "owner_class": "RightShiftRegister", "frame_diagram": 686, "term_class": "OuterTerminal"}
    {"term_uid": 23798, "term_name": "", "is_source": false, "wire_uid": 23807, "owner_uid": 23508, "owner_class": "RightShiftRegister", "frame_diagram": 23166, "term_class": "InnerTerminal"}
NODE #10757 obj {"uid": 10757, "class": "IndexArray", "pos": [10132, 7180], "owner": "Diagram"} | rows 3
    {"term_uid": 10871, "term_name": "array", "is_source": false, "wire_uid": 23807, "owner_uid": 10757, "owner_class": "IndexArray", "frame_diagram": 23166, "term_class": "Terminal"}
    {"term_uid": 10874, "term_name": "element", "is_source": true, "wire_uid": 25523, "owner_uid": 10757, "owner_class": "IndexArray", "frame_diagram": 23166, "term_class": "Terminal"}
    {"term_uid": 10877, "term_name": "index", "is_source": false, "wire_uid": 25498, "owner_uid": 10757, "owner_class": "IndexArray", "frame_diagram": 23166, "term_class": "Terminal"}
NODE #2765 obj {"uid": 2765, "class": "SelectorTunnel", "pos": [9985, 7328], "owner": "CaseStructure"} | rows 3
    {"term_uid": 2811, "term_name": "x,y,z array out", "is_source": false, "wire_uid": 25283, "owner_uid": 2765, "owner_class": "SelectorTunnel", "frame_diagram": 23166, "term_class": "OuterTerminal"}
    {"term_uid": 2792, "term_name": "x,y,z array out", "is_source": true, "wire_uid": 2924, "owner_uid": 2765, "owner_class": "SelectorTunnel", "frame_diagram": 2265, "term_class": "InnerTerminal"}
    {"term_uid": 2789, "term_name": "x,y,z array out", "is_source": true, "wire_uid": 3472, "owner_uid": 2765, "owner_class": "SelectorTunnel", "frame_diagram": 2235, "term_class": "InnerTerminal"}
NODE #25240 obj {"uid": 25240, "class": "LeftShiftRegister", "pos": [5424, 5927], "owner": "WhileLoop"} | rows 2
    {"term_uid": 25315, "term_name": "", "is_source": false, "wire_uid": 25438, "owner_uid": 25240, "owner_class": "LeftShiftRegister", "frame_diagram": 686, "term_class": "OuterTerminal"}
    {"term_uid": 25312, "term_name": "", "is_source": true, "wire_uid": 25309, "owner_uid": 25240, "owner_class": "LeftShiftRegister", "frame_diagram": 23166, "term_class": "InnerTerminal"}
NODE #10850 obj {"uid": 10850, "class": "RightShiftRegister", "pos": [11231, 5927], "owner": "WhileLoop"} | rows 2
    {"term_uid": 25303, "term_name": "", "is_source": true, "wire_uid": 0, "owner_uid": 10850, "owner_class": "RightShiftRegister", "frame_diagram": 686, "term_class": "OuterTerminal"}
    {"term_uid": 25246, "term_name": "", "is_source": false, "wire_uid": 25283, "owner_uid": 10850, "owner_class": "RightShiftRegister", "frame_diagram": 23166, "term_class": "InnerTerminal"}
NODE #25344 obj {"uid": 25344, "class": "LeftShiftRegister", "pos": [5424, 5927], "owner": "WhileLoop"} | rows 2
    {"term_uid": 25363, "term_name": "", "is_source": false, "wire_uid": 25461, "owner_uid": 25344, "owner_class": "LeftShiftRegister", "frame_diagram": 686, "term_class": "OuterTerminal"}
    {"term_uid": 25361, "term_name": "", "is_source": true, "wire_uid": 25358, "owner_uid": 25344, "owner_class": "LeftShiftRegister", "frame_diagram": 23166, "term_class": "InnerTerminal"}
NODE #25339 obj {"uid": 25339, "class": "RightShiftRegister", "pos": [11231, 5927], "owner": "WhileLoop"} | rows 2
    {"term_uid": 25355, "term_name": "", "is_source": true, "wire_uid": 0, "owner_uid": 25339, "owner_class": "RightShiftRegister", "frame_diagram": 686, "term_class": "OuterTerminal"}
    {"term_uid": 25347, "term_name": "", "is_source": false, "wire_uid": 25348, "owner_uid": 25339, "owner_class": "RightShiftRegister", "frame_diagram": 23166, "term_class": "InnerTerminal"}
NODE #11336 obj {"uid": 11336, "class": "SelectorTunnel", "pos": [8887, 6811], "owner": "CaseStructure"} | rows 3
    {"term_uid": 11346, "term_name": "Value", "is_source": true, "wire_uid": 25386, "owner_uid": 11336, "owner_class": "SelectorTunnel", "frame_diagram": 23166, "term_class": "OuterTerminal"}
    {"term_uid": 11338, "term_name": "Value", "is_source": false, "wire_uid": 10125, "owner_uid": 11336, "owner_class": "SelectorTunnel", "frame_diagram": 10453, "term_class": "InnerTerminal"}
    {"term_uid": 11342, "term_name": "Value", "is_source": false, "wire_uid": 10205, "owner_uid": 11336, "owner_class": "SelectorTunnel", "frame_diagram": 10459, "term_class": "InnerTerminal"}
NODE #25382 obj {"uid": 25382, "class": "LeftShiftRegister", "pos": [5424, 5927], "owner": "WhileLoop"} | rows 2
    {"term_uid": 25399, "term_name": "Auto-reset zero", "is_source": false, "wire_uid": 11253, "owner_uid": 25382, "owner_class": "LeftShiftRegister", "frame_diagram": 686, "term_class": "OuterTerminal"}
    {"term_uid": 25396, "term_name": "Auto-reset zero", "is_source": true, "wire_uid": 25394, "owner_uid": 25382, "owner_class": "LeftShiftRegister", "frame_diagram": 23166, "term_class": "InnerTerminal"}
NODE #25371 obj {"uid": 25371, "class": "RightShiftRegister", "pos": [11231, 5927], "owner": "WhileLoop"} | rows 2
    {"term_uid": 25393, "term_name": "Auto-reset zero", "is_source": true, "wire_uid": 0, "owner_uid": 25371, "owner_class": "RightShiftRegister", "frame_diagram": 686, "term_class": "OuterTerminal"}
    {"term_uid": 25385, "term_name": "Auto-reset zero", "is_source": false, "wire_uid": 25386, "owner_uid": 25371, "owner_class": "RightShiftRegister", "frame_diagram": 23166, "term_class": "InnerTerminal"}
NODE #25573 obj {"uid": 25573, "class": "ControlTerminal", "pos": [8904, 6795], "owner": "Diagram"} | rows 0
NODE #9227 obj {"uid": 9227, "class": "LoopTunnel", "pos": [11059, 7210], "owner": "ForLoop"} | rows 2
    {"term_uid": 9234, "term_name": "", "is_source": true, "wire_uid": 25638, "owner_uid": 9227, "owner_class": "LoopTunnel", "frame_diagram": 23166, "term_class": "OuterTerminal"}
    {"term_uid": 9230, "term_name": "", "is_source": false, "wire_uid": 8811, "owner_uid": 9227, "owner_class": "LoopTunnel", "frame_diagram": 7911, "term_class": "InnerTerminal"}
NODE #10544 obj {"uid": 10544, "class": "LeftShiftRegister", "pos": [5424, 5927], "owner": "WhileLoop"} | rows 2
    {"term_uid": 25588, "term_name": "", "is_source": false, "wire_uid": 9051, "owner_uid": 10544, "owner_class": "LeftShiftRegister", "frame_diagram": 686, "term_class": "OuterTerminal"}
    {"term_uid": 25587, "term_name": "", "is_source": true, "wire_uid": 25642, "owner_uid": 10544, "owner_class": "LeftShiftRegister", "frame_diagram": 23166, "term_class": "InnerTerminal"}
NODE #9603 obj {"uid": 9603, "class": "RightShiftRegister", "pos": [11231, 5927], "owner": "WhileLoop"} | rows 2
    {"term_uid": 25579, "term_name": "", "is_source": true, "wire_uid": 0, "owner_uid": 9603, "owner_class": "RightShiftRegister", "frame_diagram": 686, "term_class": "OuterTerminal"}
    {"term_uid": 22281, "term_name": "", "is_source": false, "wire_uid": 25638, "owner_uid": 9603, "owner_class": "RightShiftRegister", "frame_diagram": 23166, "term_class": "InnerTerminal"}
NODE #29616 obj {"uid": 29616, "class": "LoopTunnel", "pos": [10697, 7497], "owner": "ForLoop"} | rows 2
    {"term_uid": 29624, "term_name": "", "is_source": true, "wire_uid": 25645, "owner_uid": 29616, "owner_class": "LoopTunnel", "frame_diagram": 23166, "term_class": "OuterTerminal"}
    {"term_uid": 29618, "term_name": "", "is_source": false, "wire_uid": 30546, "owner_uid": 29616, "owner_class": "LoopTunnel", "frame_diagram": 29894, "term_class": "InnerTerminal"}
NODE #25582 obj {"uid": 25582, "class": "LeftShiftRegister", "pos": [5424, 5927], "owner": "WhileLoop"} | rows 2
    {"term_uid": 25606, "term_name": "", "is_source": false, "wire_uid": 29122, "owner_uid": 25582, "owner_class": "LeftShiftRegister", "frame_diagram": 686, "term_class": "OuterTerminal"}
    {"term_uid": 25605, "term_name": "", "is_source": true, "wire_uid": 25657, "owner_uid": 25582, "owner_class": "LeftShiftRegister", "frame_diagram": 23166, "term_class": "InnerTerminal"}
NODE #25545 obj {"uid": 25545, "class": "RightShiftRegister", "pos": [11231, 5927], "owner": "WhileLoop"} | rows 2
    {"term_uid": 25602, "term_name": "", "is_source": true, "wire_uid": 0, "owner_uid": 25545, "owner_class": "RightShiftRegister", "frame_diagram": 686, "term_class": "OuterTerminal"}
    {"term_uid": 25596, "term_name": "", "is_source": false, "wire_uid": 25645, "owner_uid": 25545, "owner_class": "RightShiftRegister", "frame_diagram": 23166, "term_class": "InnerTerminal"}
NODE #9647 obj {"uid": 9647, "class": "Function", "pos": [8634, 6814], "owner": "Diagram"} | rows 3
    {"term_uid": 9668, "term_name": "x .and. y?", "is_source": true, "wire_uid": 25415, "owner_uid": 9647, "owner_class": "Function", "frame_diagram": 23166, "term_class": "ParameterTerminal"}
    {"term_uid": 9676, "term_name": "y", "is_source": false, "wire_uid": 25514, "owner_uid": 9647, "owner_class": "Function", "frame_diagram": 23166, "term_class": "ParameterTerminal"}
    {"term_uid": 9680, "term_name": "x", "is_source": false, "wire_uid": 25507, "owner_uid": 9647, "owner_class": "Function", "frame_diagram": 23166, "term_class": "ParameterTerminal"}
NODE #10465 obj {"uid": 10465, "class": "Tunnel", "pos": [8735, 6811], "owner": "CaseStructure"} | rows 3
    {"term_uid": 10469, "term_name": "", "is_source": false, "wire_uid": 25415, "owner_uid": 10465, "owner_class": "Tunnel", "frame_diagram": 23166, "term_class": "OuterTerminal"}
    {"term_uid": 10467, "term_name": "", "is_source": true, "wire_uid": 0, "owner_uid": 10465, "owner_class": "Tunnel", "frame_diagram": 10453, "term_class": "InnerTerminal"}
    {"term_uid": 10468, "term_name": "", "is_source": true, "wire_uid": 0, "owner_uid": 10465, "owner_class": "Tunnel", "frame_diagram": 10459, "term_class": "InnerTerminal"}
NODE #25557 obj {"uid": 25557, "class": "ControlTerminal", "pos": [8674, 6760], "owner": "Diagram"} | rows 0
NODE #29048 obj {"uid": 29048, "class": "GrowableFunction", "pos": [7246, 2715], "owner": "Diagram"} | rows 4
    {"term_uid": 29067, "term_name": "array", "is_source": false, "wire_uid": 29154, "owner_uid": 29048, "owner_class": "GrowableFunction", "frame_diagram": 32464, "term_class": "Terminal"}
    {"term_uid": 29071, "term_name": "output array", "is_source": true, "wire_uid": 29168, "owner_uid": 29048, "owner_class": "GrowableFunction", "frame_diagram": 32464, "term_class": "Terminal"}
    {"term_uid": 29074, "term_name": "index", "is_source": false, "wire_uid": 28367, "owner_uid": 29048, "owner_class": "GrowableFunction", "frame_diagram": 32464, "term_class": "Terminal"}
    {"term_uid": 29087, "term_name": "new element/subarray", "is_source": false, "wire_uid": 28871, "owner_uid": 29048, "owner_class": "GrowableFunction", "frame_diagram": 32464, "term_class": "Terminal"}
NODE #29265 obj {"uid": 29265, "class": "GrowableFunction", "pos": [7246, 2895], "owner": "Diagram"} | rows 4
    {"term_uid": 29285, "term_name": "array", "is_source": false, "wire_uid": 29383, "owner_uid": 29265, "owner_class": "GrowableFunction", "frame_diagram": 32464, "term_class": "Terminal"}
    {"term_uid": 29299, "term_name": "output array", "is_source": true, "wire_uid": 29391, "owner_uid": 29265, "owner_class": "GrowableFunction", "frame_diagram": 32464, "term_class": "Terminal"}
    {"term_uid": 29303, "term_name": "index", "is_source": false, "wire_uid": 28367, "owner_uid": 29265, "owner_class": "GrowableFunction", "frame_diagram": 32464, "term_class": "Terminal"}
    {"term_uid": 29307, "term_name": "new element/subarray", "is_source": false, "wire_uid": 29401, "owner_uid": 29265, "owner_class": "GrowableFunction", "frame_diagram": 32464, "term_class": "Terminal"}
NODE #29316 obj {"uid": 29316, "class": "GrowableFunction", "pos": [7246, 2675], "owner": "Diagram"} | rows 4
    {"term_uid": 29345, "term_name": "array", "is_source": false, "wire_uid": 29394, "owner_uid": 29316, "owner_class": "GrowableFunction", "frame_diagram": 32464, "term_class": "Terminal"}
    {"term_uid": 29360, "term_name": "output array", "is_source": true, "wire_uid": 29397, "owner_uid": 29316, "owner_class": "GrowableFunction", "frame_diagram": 32464, "term_class": "Terminal"}
    {"term_uid": 29366, "term_name": "index", "is_source": false, "wire_uid": 28367, "owner_uid": 29316, "owner_class": "GrowableFunction", "frame_diagram": 32464, "term_class": "Terminal"}
    {"term_uid": 29372, "term_name": "new element/subarray", "is_source": false, "wire_uid": 29244, "owner_uid": 29316, "owner_class": "GrowableFunction", "frame_diagram": 32464, "term_class": "Terminal"}
NODE #29095 obj {"uid": 29095, "class": "Local", "pos": [7346, 2715], "owner": "Diagram"} | rows 1
    {"term_uid": 29103, "term_name": "TransPos", "is_source": false, "wire_uid": 29168, "owner_uid": 29095, "owner_class": "Local", "frame_diagram": 32464, "term_class": "Terminal"}
NODE #29312 obj {"uid": 29312, "class": "Local", "pos": [7346, 2895], "owner": "Diagram"} | rows 1
    {"term_uid": 29332, "term_name": "RotPos", "is_source": false, "wire_uid": 29391, "owner_uid": 29312, "owner_class": "Local", "frame_diagram": 32464, "term_class": "Terminal"}
NODE #29380 obj {"uid": 29380, "class": "Local", "pos": [7346, 2675], "owner": "Diagram"} | rows 1
    {"term_uid": 29388, "term_name": "FrameIdx", "is_source": false, "wire_uid": 29397, "owner_uid": 29380, "owner_class": "Local", "frame_diagram": 32464, "term_class": "Terminal"}
NODE #29264 obj {"uid": 29264, "class": "Local", "pos": [7146, 2895], "owner": "Diagram"} | rows 1
    {"term_uid": 29274, "term_name": "RotPos", "is_source": true, "wire_uid": 29383, "owner_uid": 29264, "owner_class": "Local", "frame_diagram": 32464, "term_class": "Terminal"}
NODE #29313 obj {"uid": 29313, "class": "Local", "pos": [7146, 2675], "owner": "Diagram"} | rows 1
    {"term_uid": 29342, "term_name": "FrameIdx", "is_source": true, "wire_uid": 29394, "owner_uid": 29313, "owner_class": "Local", "frame_diagram": 32464, "term_class": "Terminal"}
NODE #28413 obj {"uid": 28413, "class": "FlatSequenceOuterTunnel", "pos": [7152, 2534], "owner": "FlatSequence"} | rows 2
    {"term_uid": 28432, "term_name": "", "is_source": false, "wire_uid": 29260, "owner_uid": 28413, "owner_class": "FlatSequenceOuterTunnel", "frame_diagram": 27219, "term_class": "Terminal"}
    {"term_uid": 28428, "term_name": "", "is_source": true, "wire_uid": 28367, "owner_uid": 28413, "owner_class": "FlatSequenceOuterTunnel", "frame_diagram": 32464, "term_class": "Terminal"}
NODE #29408 obj {"uid": 29408, "class": "FlatSequenceOuterTunnel", "pos": [7152, 2534], "owner": "FlatSequence"} | rows 2
    {"term_uid": 29413, "term_name": "Value", "is_source": false, "wire_uid": 29418, "owner_uid": 29408, "owner_class": "FlatSequenceOuterTunnel", "frame_diagram": 27219, "term_class": "Terminal"}
    {"term_uid": 29410, "term_name": "Value", "is_source": true, "wire_uid": 29401, "owner_uid": 29408, "owner_class": "FlatSequenceOuterTunnel", "frame_diagram": 32464, "term_class": "Terminal"}
NODE #29411 obj {"uid": 29411, "class": "FlatSequenceOuterTunnel", "pos": [7152, 2534], "owner": "FlatSequence"} | rows 2
    {"term_uid": 29423, "term_name": "", "is_source": false, "wire_uid": 29429, "owner_uid": 29411, "owner_class": "FlatSequenceOuterTunnel", "frame_diagram": 27219, "term_class": "Terminal"}
    {"term_uid": 29414, "term_name": "", "is_source": true, "wire_uid": 29244, "owner_uid": 29411, "owner_class": "FlatSequenceOuterTunnel", "frame_diagram": 32464, "term_class": "Terminal"}
RESULT {"schema":"result-line/1","status":"PASS","gates":{"pass":2,"fail":0},"first_fail":null,"artefacts":[]}
BGRUN END rc=0 after 1s
