BGRUN START 2026-10-03 11:44:58 limit 3.0 min: py -u tools/bench/prep_c143_3_adopt.py
BGRUN PID 6960
FACT plan_md5s {'tools/bench/plan_ring_p4_s02v18.json': 'e941ebbfaa3d98099bcd10d8c6237ef4'} | prior adoption None
{
 "schema": "adopt/1",
 "stage": "stage_d1_ring_p4_s02v18.py",
 "script": "tools\\recipes\\stage_d1_ring_p4_s02v18_scratch.py",
 "log": "tools\\bench\\diag_c143_1_scratch.log",
 "artefact": {
  "path": "C:\\Program Files\\National Instruments\\LabVIEW 2026\\user.lib\\claudeDev\\D1_ring_p4s02_20261003_110001.vi",
  "md5": "84cac48781c7c915c8f0d7e8fb079341"
 },
 "input": {
  "path": "C:\\Program Files\\National Instruments\\LabVIEW 2026\\user.lib\\claudeDev\\D1_ring_p4s01_20261002_232547.vi",
  "md5": "dc61e193e0376ce760f88fdfcda7087b"
 },
 "plan_md5s": {
  "tools/bench/plan_ring_p4_s02v18.json": "e941ebbfaa3d98099bcd10d8c6237ef4"
 },
 "required": [
  "E1",
  "FR",
  "D",
  "TD",
  "PB",
  "PS"
 ],
 "gates": {
  "pass": 21,
  "log_fails": 0
 },
 "t": 1790995499.2382112,
 "iso": "2026-10-03 11:44:59",
 "note": "card 143-3 PD333(a): P4 session 2 file; Error List 53 by design (tools/bench/errorlist_expected_D1_ring_p4s02_20261003_110001.json); adopt_cli form refused by guard_bash (fp-39)"
}
GATE PASS | A adopt_scratch ok: artefact 84cac487, input dc61e193, required E1,FR,D,TD,PB,PS | {'schema': 'adopt/1', 'stage': 'stage_d1_ring_p4_s02v18.py', 'script': 'tools\\recipes\\stage_d1_ring_p4_s02v18_scratch.py', 'log': 'tools\\bench\\diag_c143_1_scratch.log', 'artefact': {'path': 'C:\\Program Files\\National Instruments\\LabVIEW 2026\\user.lib\\claudeDev\\D1_ring_p4s02_20261003_110001.vi', 'md5': '84cac48781c7c915c8f0d7e8fb079341'}, 'input': {'path': 'C:\\Program Files\\National Instruments\\LabVIEW 2026\\user.lib\\claudeDev\\D1_ring_p4s01_20261002_232547.vi', 'md5': 'dc61e193e0376ce760f88fdfcda7087b'}, 'plan_md5s': {'tools/bench/plan_ring_p4_s02v18.json': 'e941ebbfaa3d98099bcd10d8c6237ef4'}, 'required': ['E1', 'FR', 'D', 'TD', 'PB', 'PS'], 'gates': {'pass': 21, 'log_fails': 0}, 't': 1790995499.2382112, 'iso': '2026-10-03 11:44:59', 'note': 'card 143-3 PD333(a): P4 session 2 file; Error List 53 by design (tools/bench/errorlist_expected_D1_ring_p4s02_20261003_110001.json); 
GATE PASS | L adopted_launch(stage_d1_ring_p4_s02v18.py, plan md5s) returns the record (launch gate refuses a 2nd run) | 2026-10-03 11:44:59
RESULT {"schema":"result-line/1","status":"PASS","gates":{"pass":2,"fail":0},"first_fail":null,"artefacts":[{"path":"tools/bench/adopted_scratch.jsonl","md5":"a5c93bba79dc183c3ab8b8a22df1df79"}]}
BGRUN END rc=0 after 1s
