BGRUN START 2026-10-03 11:51:34 limit 1.0 min: py -u tools/bench/prep_c143_4_probe.py
BGRUN PID 19432
graph keys ['vi', 'md5', 'source', 'terminals', 'objs', 'loops', 'fs_tunnel_pairs', 'owners', 'fs_measured']
objs[:3] [{'uid': 536, 'class': 'TopLevelDiagram', 'pos': [-17836, 198], 'owner': ''}, {'uid': 681, 'class': 'FlatSequence', 'pos': [-3886, 198], 'owner': 'TopLevelDiagram'}, {'uid': 6121, 'class': 'Terminal', 'pos': [-2917, 2888], 'owner': 'FlatSequenceInnerTunnel'}]
term[0] {'term_uid': 6121, 'term_name': 'error out', 'is_source': True, 'wire_uid': 86546, 'owner_uid': 10673, 'owner_class': 'FlatSequenceInnerTunnel', 'frame_diagram': 536, 'term_class': 'Terminal'}
plan keys {'schema': 'str', 'context': 'dict', 'stage': 'str', 'goal': 'str', 'base': 'dict', 'open_rows': 'list', 'actions': 'list', 'final': 'bool', 'finalized': 'dict'}
base {'path': 'tools/bench/sim/ring_p4_s03v18_s02end/base_provisional.json', 'md5': '1181117690431ea67c9a8847266a2192', 'provisional': True, 'sim_of': {'plan': 'tools/bench/plan_ring_p4_s02v18.json', 'md5': 'e941ebbfaa3d98099bcd10d8c6237ef4'}}
n actions 20 a0 {'op': 'wire', 'id': 'p4_w_stop12', 'src': {'uid': -20, 'term': 'value'}, 'dst': {'uid': 10170, 'term': 'cond'}, 'why': 'ROUTE stop | MEASURED verb | card 139-5 (PD316(b)): base While #10170 (owner of body #23166, graph owners) cond <- LRS2.value; compile kind \'stop\' (stagexec.base_cond) = OpStopFromNode_v0 by WhileLoop index (ran onto #23246 in S2, stage_d1_s2_loops.log:61-69); the scaffold wire w23310 on the cond is deleted by p4_dw_23310 (action 1, prep_c139_5_probe.log); was dst {"uid": 23166, "term_uid": 23246}'}
action keys {'op': 20, 'id': 20, 'src': 7, 'dst': 7, 'why': 20, 'class': 9, 'diagram': 9, 'as': 11, 'prim': 4, 'donor': 4, 'terminals': 7, 'label': 4, 'indicator': 1, 'born_on': 1, 'mode': 3, 'of': 2, 'loop': 2, 'body': 2, 'parent': 2}
plan text contains 23276 False
plan text contains 29071 False
plan text contains 29299 False
s02 base {'path': 'tools/bench/sim/ring_p4_s02v18_base_real_fsmap.json', 'md5': '830fa6c7c22f94ead4fc5795c4280ef5'} finalized.base {'path': 'tools/bench/sim/ring_p4_s02v18_base_real_fsmap.json', 'md5': '830fa6c7c22f94ead4fc5795c4280ef5'}
BGRUN END rc=0 after 1s (NO RESULT LINE)
BGRUN START 2026-10-03 11:52:14 limit 1.0 min: py -u tools/bench/prep_c143_4_probe.py
BGRUN PID 10376
graph keys ['vi', 'md5', 'source', 'terminals', 'objs', 'loops', 'fs_tunnel_pairs', 'owners', 'fs_measured']
objs[:3] [{'uid': 536, 'class': 'TopLevelDiagram', 'pos': [-17836, 198], 'owner': ''}, {'uid': 681, 'class': 'FlatSequence', 'pos': [-3886, 198], 'owner': 'TopLevelDiagram'}, {'uid': 6121, 'class': 'Terminal', 'pos': [-2917, 2888], 'owner': 'FlatSequenceInnerTunnel'}]
term[0] {'term_uid': 6121, 'term_name': 'error out', 'is_source': True, 'wire_uid': 86546, 'owner_uid': 10673, 'owner_class': 'FlatSequenceInnerTunnel', 'frame_diagram': 536, 'term_class': 'Terminal'}
plan keys {'schema': 'str', 'context': 'dict', 'stage': 'str', 'goal': 'str', 'base': 'dict', 'open_rows': 'list', 'actions': 'list', 'final': 'bool', 'finalized': 'dict'}
base {'path': 'tools/bench/sim/ring_p4_s03v18_s02end/base_provisional.json', 'md5': '1181117690431ea67c9a8847266a2192', 'provisional': True, 'sim_of': {'plan': 'tools/bench/plan_ring_p4_s02v18.json', 'md5': 'e941ebbfaa3d98099bcd10d8c6237ef4'}}
n actions 20 a0 {'op': 'wire', 'id': 'p4_w_stop12', 'src': {'uid': -20, 'term': 'value'}, 'dst': {'uid': 10170, 'term': 'cond'}, 'why': 'ROUTE stop | MEASURED verb | card 139-5 (PD316(b)): base While #10170 (owner of body #23166, graph owners) cond <- LRS2.value; compile kind \'stop\' (stagexec.base_cond) = OpStopFromNode_v0 by WhileLoop index (ran onto #23246 in S2, stage_d1_s2_loops.log:61-69); the scaffold wire w23310 on the cond is deleted by p4_dw_23310 (action 1, prep_c139_5_probe.log); was dst {"uid": 23166, "term_uid": 23246}'}
action keys {'op': 20, 'id': 20, 'src': 7, 'dst': 7, 'why': 20, 'class': 9, 'diagram': 9, 'as': 11, 'prim': 4, 'donor': 4, 'terminals': 7, 'label': 4, 'indicator': 1, 'born_on': 1, 'mode': 3, 'of': 2, 'loop': 2, 'body': 2, 'parent': 2}
plan text contains 23276 False
plan text contains 29071 False
plan text contains 29299 False
s02 base {'path': 'tools/bench/sim/ring_p4_s02v18_base_real_fsmap.json', 'md5': '830fa6c7c22f94ead4fc5795c4280ef5'} finalized.base {'path': 'tools/bench/sim/ring_p4_s02v18_base_real_fsmap.json', 'md5': '830fa6c7c22f94ead4fc5795c4280ef5'}
rasrest names 28004/28979: False False 6942/6805: False False
s03 named ints n 20 contains 23276/29071/29299: []
s03 finalized keys ['base', 'plan_in', 'last_step', 'summary', 'end_cdiff_rows', 'failed', 'first_divergent', 'open_rows', 'open_rows_match', 'open_rows_match_legacy', 'open_rows_classed', 'cdiff_inputs', 'step_files', 'undecided', 'at', 'fs_routes', 'fs_border_gate']
BGRUN END rc=0 after 1s (NO RESULT LINE)
