BGRUN START 2026-10-02 22:34:45 limit 3.0 min: py -u tools/bench/prep_c141_p1_q2.py
BGRUN PID 2472
EQ 3812 owner Diagram class Comparison
   x = y?   w4940 -> #3831 Tunnel label=None term=''
   y        w4981 <- #3667 Diagram label=None term='Autoreference? 1=Y'
   x        w5003 <- #3683 DigitalNumericConstant label=None term='x'
EQ 10019 owner Diagram class Comparison
   x = y?   w10249 -> #11639 CompoundArithmetic label='Compound Arithmetic' term='value'
   y        w10142 <- #639 Diagram label=None term='Limit of Program'
   x        w10079 <- #9879 Property label='# of Auto-Reset' term='Value'
EQ 22284 owner Diagram class Comparison
   x = y?   w18056 -> #17883 CompoundArithmetic label='Compound Arithmetic' term='value'
   y        w15262 <- #22261 Property label='SubCycle' term='Value'
   x        w31687 <- #31509 Function label='Multiply' term='x*y'
EQ 22731 owner Diagram class Comparison
   x = y?   w22750 -> #27951 Property label='Missing Frames?' term='Value'
   y        w22744 <- #22692 SubVI label='IMAQdx Get Image.vi' term='Buffer Number Out'
   x        w22753 <- #22681 Function label='Add' term='x+y'
EQ 29111 owner Diagram class Comparison
   x = y?   w29334 -> #28747 Tunnel label=None term=''
   y        w29234 <- #29211 DigitalNumericConstant label=None term='y'
   x        w30530 <- #15795 Diagram label=None term='Count'
RESULT {"schema":"result-line/1","status":"PASS","gates":{"pass":1,"fail":0},"first_fail":null,"artefacts":[]}
BGRUN END rc=0 after 1s
