BGRUN START 2026-10-02 17:34:04 limit 2.0 min: py -u tools/bench/prep_c138_3_probe.py
BGRUN PID 1504
FILE tools/bench/plan_ring_p3b2.json status=[] log: 0b72718d 2026-10-02 10:10:10 +0900 | 53737825 2026-10-02 08:11:07 +0900
  top keys ['actions', 'base', 'context', 'final', 'finalized', 'goal', 'open_rows', 'schema', 'stage'] final True
  base {'path': 'tools/bench/sim/ring_p3b2_base_real_fsmap.json', 'md5': '75e64374c76f11a36de096afa5ebda37'}
  provisional fields {} {}
  base file keys ['diagrams', 'fs_alias', 'fs_border_entries', 'fs_carried', 'fs_frame_inferred', 'fs_frames', 'fs_tunnel_pairs', 'fs_tunnels', 'loops', 'md5', 'objs', 'owners', 'source', 'terminals', 'vi'] status=[]
FILE tools/bench/plan_ring_p3b2b.json status=[] log: 23cd9f3e 2026-10-02 12:15:19 +0900 | 0b72718d 2026-10-02 10:10:10 +0900
  top keys ['actions', 'base', 'context', 'final', 'finalized', 'goal', 'open_rows', 'schema', 'stage'] final True
  base {'path': 'tools/bench/graph_ring_p3b2a_fs_20261002_102553.json', 'md5': 'b885fa4af1df203a8dd68b631ab86752'}
  provisional fields {} {}
  base file keys ['fs_measured', 'fs_tunnel_pairs', 'loops', 'md5', 'objs', 'owners', 'source', 'terminals', 'vi'] status=[]
FILE tools/bench/plan_ring_p3b2a.json status=[] log: 0b72718d 2026-10-02 10:10:10 +0900
  top keys ['actions', 'base', 'context', 'final', 'finalized', 'goal', 'open_rows', 'schema', 'stage'] final True
  base {'path': 'tools/bench/sim/ring_p3b2_base_real_fsmap.json', 'md5': '75e64374c76f11a36de096afa5ebda37'}
  provisional fields {} {}
  base file keys ['diagrams', 'fs_alias', 'fs_border_entries', 'fs_carried', 'fs_frame_inferred', 'fs_frames', 'fs_tunnel_pairs', 'fs_tunnels', 'loops', 'md5', 'objs', 'owners', 'source', 'terminals', 'vi'] status=[]
FILE tools/bench/plan_ring_p3b1.json status=[] log: 83dd0e70 2026-10-02 06:51:32 +0900 | 5f1b8a56 2026-10-02 04:53:35 +0900
  top keys ['actions', 'base', 'context', 'final', 'finalized', 'goal', 'open_rows', 'schema', 'stage'] final True
  base {'path': 'tools/bench/graph_ring_p3a_20261001_190155.json', 'md5': '2fa6ce0c3e8a3014fa916085cb852f68'}
  provisional fields {} {}
  base file keys ['fs_tunnel_pairs', 'loops', 'md5', 'objs', 'owners', 'source', 'terminals', 'vi'] status=[]
FILE tools/bench/graph_ring_p3b1_20261002_073225.json status=[] log: 53737825 2026-10-02 08:11:07 +0900
  top keys ['fs_tunnel_pairs', 'loops', 'md5', 'objs', 'owners', 'source', 'terminals', 'vi'] final None
  base {}
  provisional fields {} {}
RESULT {"schema":"result-line/1","status":"PASS","gates":{"pass":1,"fail":0},"first_fail":null,"artefacts":[]}
BGRUN END rc=0 after 6s
