BGRUN START 2026-09-25 14:07:51 limit 8.0 min: py -u tools/stagexec.py prerun tools/bench/sim/l2a1/plan_l2a1.json
  PASS  X1 plan final, base graph + 47 step files unchanged since finalize  
  PASS  X2 end cdiff rows == the plan's declared open_rows  (['10382|ParameterTerminal|x|0', '11529|ParameterTerminal|x|0', '2626|Terminal|array|0', '376|Terminal|current frame data array in|0', '376|Terminal|frame index|0', '5058|Terminal|Image In|0', '5696|Terminal|x,y,z array|0', '6085|Terminal|x,y,z array|0', '9703|ParameterTerminal|x|0'], [[376, 'curren
  PASS  X3 every action compiles to a real op (46 actions -> 42 real ops)  
  FAIL  X4 dry run on the simulated backend: every real op matches its step, every address resolves  ADDRESS-CT: #5634 owner Diagram #639 is not its Diagram #23166
RESULT {"schema":"result-line/1","status":"FAIL","gates":{"pass":3,"fail":1},"first_fail":"X4 dry run on the simulated backend: every real op matches its step, every address resolves: ADDRESS-CT: #5634 owner Diagram #639 is not its Diagram #23166","artefacts":[]}
BGRUN END rc=1 after 9s
BGRUN START 2026-09-25 14:08:28 limit 8.0 min: py -u tools/stagexec.py prerun tools/bench/sim/l2a1/plan_l2a1.json
  PASS  X1 plan final, base graph + 47 step files unchanged since finalize  
  PASS  X2 end cdiff rows == the plan's declared open_rows  (['10382|ParameterTerminal|x|0', '11529|ParameterTerminal|x|0', '2626|Terminal|array|0', '376|Terminal|current frame data array in|0', '376|Terminal|frame index|0', '5058|Terminal|Image In|0', '5696|Terminal|x,y,z array|0', '6085|Terminal|x,y,z array|0', '9703|ParameterTerminal|x|0'], [[376, 'curren
  PASS  X3 every action compiles to a real op (46 actions -> 42 real ops)  
  FAIL  X4 dry run on the simulated backend: every real op matches its step, every address resolves  CONNECT-NO-VERB: bare ControlTerminal source #5634 'Reset Tracking' (addressed: ControlTerminal route 179(b): own uid #5634, owner Diagram #23166 (idx 122), in report_all (row owner_uid #639 stale)) -> #10256: no measured verb wires a ControlTerminal SOURCE on a nested diagram (connect_nested_v1 = N
RESULT {"schema":"result-line/1","status":"FAIL","gates":{"pass":3,"fail":1},"first_fail":"X4 dry run on the simulated backend: every real op matches its step, every address resolves: CONNECT-NO-VERB: bare ControlTerminal source #5634 'Reset Tracking' (addressed: ControlTerminal route 179(b","artefacts":[]}
BGRUN END rc=1 after 9s
BGRUN START 2026-09-25 14:20:31 limit 8.0 min: py -u tools/stagexec.py prerun tools/bench/sim/l2a1/plan_l2a1.json
  PASS  X1 plan final, base graph + 47 step files unchanged since finalize  
  PASS  X2 end cdiff rows == the plan's declared open_rows  (['10382|ParameterTerminal|x|0', '11529|ParameterTerminal|x|0', '2626|Terminal|array|0', '376|Terminal|current frame data array in|0', '376|Terminal|frame index|0', '5058|Terminal|Image In|0', '5696|Terminal|x,y,z array|0', '6085|Terminal|x,y,z array|0', '9703|ParameterTerminal|x|0'], [[376, 'curren
  PASS  X3 every action compiles to a real op (46 actions -> 42 real ops)  
  FAIL  X4 dry run on the simulated backend: every real op matches its step, every address resolves  CONNECT-NO-VERB: bare ControlTerminal source #5634 'Reset Tracking' (addressed: ControlTerminal route 179(b): own uid #5634, owner Diagram #23166 (idx 122), in report_all (row owner_uid #639 stale)) -> #10256: no measured verb wires a ControlTerminal SOURCE on a nested diagram (connect_nested_v1 = N
RESULT {"schema":"result-line/1","status":"FAIL","gates":{"pass":3,"fail":1},"first_fail":"X4 dry run on the simulated backend: every real op matches its step, every address resolves: CONNECT-NO-VERB: bare ControlTerminal source #5634 'Reset Tracking' (addressed: ControlTerminal route 179(b","artefacts":[]}
BGRUN END rc=1 after 12s
