BGRUN START 2026-09-18 01:51:37 limit 25.0 min: py -u tools\bench\probe_flatseq_walk.py
PREDICTION CONTRACT C1..C6 - see this file's docstring.
   LabVIEW pid before anything: None

-- md5 before --
   c39f36e0675339673b707c59f0784fee  Min_Track N beads 4.5_KimLabMTroom_3StateClamping.vi
   2a78e17c449cacdaf5da389818526859  Min_Track N beads V6_ParallelLoop.vi
   1091f35a824db27b45719347fcf66244  Move Axis Relative.vi
   803964bbf95bca5b402dfc7c328d5fec  Move Axis to Position.vi
   d8b7a775b8ba818728092af65cb6862c  SetCommand.vi
   929887a9634b83a457a71e381686c291  General command.llb
   66148b5478b6c6e8717d9516e220e8fd  Limits.llb
   8fd0154dc524f607d682110ef877432f  Max Trans Pos.vi
   d47ab73f70d323e30353e4d71ff00521  ASI_adjust focus-subvi.vi
   b9b9a1568d7261e66081545a8bb78640  Motor control v5_No Recording.vi

-- preflight (no LabVIEW) --
   isfile=True  G:\Codes\LabVIEW_Codes\MinLab\zz_LabView VI\AAA_UNIST\2. Tracking\Min_Track N beads 4.5_KimLabMTroom_3StateClamping.vi
   isfile=True  G:\Codes\LabVIEW_Codes\MinLab\zz_LabView VI\AAA_UNIST\2. Tracking\Min_Track N beads V6_ParallelLoop.vi
   isfile=True  C:\Program Files\National Instruments\LabVIEW 2026\instr.lib\ASI TG-1000\Public\Action\Move Axis Relative.vi
   isfile=True  C:\Program Files\National Instruments\LabVIEW 2026\instr.lib\ASI TG-1000\Public\Action\Move Axis to Position.vi
   isfile=True  C:\Program Files\National Instruments\LabVIEW 2026\instr.lib\Autonics Motor\SetCommand.vi
   isfile=True  C:\Program Files\National Instruments\LabVIEW 2026\instr.lib\Mercury\GCS_LabVIEW\Low Level\General command.llb
   isfile=True  C:\Program Files\National Instruments\LabVIEW 2026\instr.lib\Mercury\GCS_LabVIEW\Low Level\Limits.llb
   isfile=True  G:\Codes\LabVIEW_Codes\MinLab\zz_LabView VI\DY\Background VIs\Max Trans Pos.vi
   isfile=True  G:\Codes\LabVIEW_Codes\MinLab\zz_LabView VI\Madcity\ASI_adjust focus-subvi.vi
   isfile=True  G:\Codes\LabVIEW_Codes\MinLab\zz_LabView VI\SiHyeong Modified\Motor control v5_No Recording.vi
   md5(V6)=2a78e17c449cacdaf5da389818526859  expected 2a78e17c449cacdaf5da389818526859
  PASS C0a every target path is a real file
  PASS C0b the V6 working copy is the file the cached census was taken from  | 2a78e17c449cacdaf5da389818526859
   fresh(): killing LabVIEW pid None
   COM preflight attempt 1/15: pid None->7700, wires 16->16
   COM preflight OK (pid 7700, two round-trips agree: 16 wires)
   fresh(): new LabVIEW pid 7700

================ M1 ================
   OPEN CONTROL count(V6,'Diagram') = 170
  PASS C2a the open control on V6 succeeds (so a later error 7 is not about the path)  | 170
   report_all(V6,'FlatSequenceInnerTunnel') -> 518 objects
      uid=6115 class='FlatSequenceInnerTunnel' owner='FlatSequence' pos=(-2654, 2792)
      uid=6226 class='FlatSequenceInnerTunnel' owner='FlatSequence' pos=(-2654, 2734)
      uid=6584 class='FlatSequenceInnerTunnel' owner='FlatSequence' pos=(-2654, 2780)
      uid=7528 class='FlatSequenceInnerTunnel' owner='FlatSequence' pos=(-2654, 2746)
      uid=57271 class='FlatSequenceInnerTunnel' owner='FlatSequence' pos=(-2654, 758)
      uid=59077 class='FlatSequenceInnerTunnel' owner='FlatSequence' pos=(-2654, 842)
  PASS C2 FlatSequenceInnerTunnel is Traverse-visible (>=14)  | 518
   632A813 [CONTROL GObject.UID] -> ATTACHED  short names ['UID']
   6327803 [CONTROL Generic.Class Name] -> ATTACHED  short names ['ClassName']
   1C3A9000 [HYPOTHESIS Left Terminal] -> ATTACHED  short names ['LeftTerm']
   1C3A9001 [HYPOTHESIS Right Terminal] -> ATTACHED  short names ['RightTerm']
   1C3A9002 [block census] -> ATTACHED  short names ['LeftFrame']
   1C3A9003 [block census] -> ATTACHED  short names ['RightFrame']
   1C3A9004 [block census] -> REFUSED build_property(VI Server:FlatSequenceInnerTunnel, ['1C3A9004']): creator refused - error 1077: Invoke Node in LV-Scripting.lvlib:Create Property Node.vi->OpBuildPN_v1.vi
   1C3A9005 [block census] -> REFUSED build_property(VI Server:FlatSequenceInnerTunnel, ['1C3A9005']): creator refused - error 1077: Invoke Node in LV-Scripting.lvlib:Create Property Node.vi->OpBuildPN_v1.vi
   6356001 [Tunnel.Outside Terminal (inheritance test)] -> REFUSED build_property(VI Server:FlatSequenceInnerTunnel, ['6356001']): creator refused - error 1077: Invoke Node in LV-Scripting.lvlib:Create Property Node.vi->OpBuildPN_v1.vi
   6356000 [Tunnel.Inside Terminals[] (inheritance test)] -> REFUSED build_property(VI Server:FlatSequenceInnerTunnel, ['6356000']): creator refused - error 1077: Invoke Node in LV-Scripting.lvlib:Create Property Node.vi->OpBuildPN_v1.vi
   scratch VI deleted (never saved over anything)
  PASS C3 the class string 'VI Server:FlatSequenceInnerTunnel' itself resolves (632A813 control)  | {'id': '632A813', 'why': 'CONTROL GObject.UID', 'outcome': 'ATTACHED', 'short_names': ['UID'], 'uid': 324}
  PASS C4 1C3A9000 and 1C3A9001 both ATTACH  | ATTACHED / ATTACHED
      FSIT uid 5818 -> self 5818/'FlatSequenceInnerTunnel' owner 'FlatSequence' uid 681 cast 'FlatSequence'  
      FSIT uid 2886 -> self 2886/'FlatSequenceInnerTunnel' owner 'FlatSequence' uid 681 cast 'FlatSequence'  
      FSIT uid 5183 -> self 5183/'FlatSequenceInnerTunnel' owner 'FlatSequence' uid 681 cast 'FlatSequence'  
      FSIT uid 5669 -> self 5669/'FlatSequenceInnerTunnel' owner 'FlatSequence' uid 681 cast 'FlatSequence'  
      FSIT uid 9655 -> self 9655/'FlatSequenceInnerTunnel' owner 'FlatSequence' uid 681 cast 'FlatSequence'  
      FSIT uid 1748 -> self 1748/'FlatSequenceInnerTunnel' owner 'FlatSequence' uid 681 cast 'FlatSequence'  
      FSIT uid 2484 -> self 2484/'FlatSequenceInnerTunnel' owner 'FlatSequence' uid 681 cast 'FlatSequence'  
      FSIT uid 4693 -> self 4693/'FlatSequenceInnerTunnel' owner 'FlatSequence' uid 681 cast 'FlatSequence'  
      FSIT uid 3862 -> self 3862/'FlatSequenceInnerTunnel' owner 'FlatSequence' uid 681 cast 'FlatSequence'  
      FSIT uid 2932 -> self 2932/'FlatSequenceInnerTunnel' owner 'FlatSequence' uid 681 cast 'FlatSequence'  
      FSIT uid 5287 -> self 5287/'FlatSequenceInnerTunnel' owner 'FlatSequence' uid 681 cast 'FlatSequence'  
      FSIT uid 3675 -> self 3675/'FlatSequenceInnerTunnel' owner 'FlatSequence' uid 681 cast 'FlatSequence'  
      FSIT uid 5659 -> self 5659/'FlatSequenceInnerTunnel' owner 'FlatSequence' uid 681 cast 'FlatSequence'  
      FSIT uid 5952 -> self 5952/'FlatSequenceInnerTunnel' owner 'FlatSequence' uid 681 cast 'FlatSequence'  

================ M2 ================
   cached census: G:\Codes\LabVIEW_Codes\MinLab\zz_LabView VI\AAA_UNIST\2. Tracking\Min_Track N beads V6_ParallelLoop.vi  (626 nodes over 170 diagrams)

   --- backward walk from d10 Nodes[1] (uid 44036) T[8] 'Position [internal units]', wire 44089 ---
         Terms[0] src=True owner 'FlatSequenceOuterTunnel uid 43605 uid_back=44089 wireclass='Wire' recip=44089 err='' stage={}
         Terms[1] src=False owner 'SubVI' uid 44036 uid_back=44089 wireclass='Wire' recip=44089 err='' stage={}
         Terms[2] src=False owner '' uid 0 uid_back=44089 wireclass='Wire' recip=0 err='' stage={'errO': 'error 1055: Property Node in OpWireSource_v5.vi', 'errU': 'error 1055: Property Node in OpWireSource_v5.vi', 'errG': 'error 1055: Property Node in OpWireSource_v5.vi', 'errS': 'error 1055: Property Node in OpWireSource_v5.vi', 'errWU': 'error 1055: Property Node in OpWireSource_v5.vi', 'errCO': 'error 1055: Property Node in OpWireSource_v5.vi'}
      hop 1: wire 44089 <- FlatSequenceOuterTunnel uid 43605  
      STOP: hop 1: owner uid 43605 of class 'FlatSequenceOuterTunnel' is NOT a node on any of the 170 cached diagrams - the walk cannot address it as Diagram[d].Nodes[n]

   --- backward walk from d10 Nodes[1] (uid 44036) T[9] 'Axis', wire 44104 ---
         Terms[0] src=True owner 'EnumConstant' uid 43955 uid_back=44104 wireclass='Wire' recip=44104 err='' stage={}
         Terms[1] src=False owner 'SubVI' uid 44036 uid_back=44104 wireclass='Wire' recip=44104 err='' stage={}
         Terms[2] src=False owner '' uid 0 uid_back=44104 wireclass='Wire' recip=0 err='' stage={'errO': 'error 1055: Property Node in OpWireSource_v5.vi', 'errU': 'error 1055: Property Node in OpWireSource_v5.vi', 'errG': 'error 1055: Property Node in OpWireSource_v5.vi', 'errS': 'error 1055: Property Node in OpWireSource_v5.vi', 'errWU': 'error 1055: Property Node in OpWireSource_v5.vi', 'errCO': 'error 1055: Property Node in OpWireSource_v5.vi'}
      hop 1: wire 44104 <- EnumConstant uid 43955  
      STOP: hop 1: owner uid 43955 of class 'EnumConstant' is NOT a node on any of the 170 cached diagrams - the walk cannot address it as Diagram[d].Nodes[n]

   --- backward walk from d10 Nodes[1] (uid 44036) T[10] 'VISA in', wire 44107 ---
         Terms[0] src=True owner 'SubVI' uid 43997 uid_back=44107 wireclass='Wire' recip=44107 err='' stage={}
         Terms[1] src=False owner 'SubVI' uid 44036 uid_back=44107 wireclass='Wire' recip=44107 err='' stage={}
         Terms[2] src=False owner '' uid 0 uid_back=44107 wireclass='Wire' recip=0 err='' stage={'errO': 'error 1055: Property Node in OpWireSource_v5.vi', 'errU': 'error 1055: Property Node in OpWireSource_v5.vi', 'errG': 'error 1055: Property Node in OpWireSource_v5.vi', 'errS': 'error 1055: Property Node in OpWireSource_v5.vi', 'errWU': 'error 1055: Property Node in OpWireSource_v5.vi', 'errCO': 'error 1055: Property Node in OpWireSource_v5.vi'}
      hop 1: wire 44107 <- SubVI uid 43997 label 'Initialize.vi' 
         -> continuing through its input T[11] 'VISA resource name' wire 44110
         Terms[0] src=True owner 'VISAResourceNameConstan uid 43937 uid_back=44110 wireclass='Wire' recip=44110 err='' stage={}
         Terms[1] src=False owner 'SubVI' uid 43997 uid_back=44110 wireclass='Wire' recip=44110 err='' stage={}
         Terms[2] src=False owner '' uid 0 uid_back=44110 wireclass='Wire' recip=0 err='' stage={'errO': 'error 1055: Property Node in OpWireSource_v5.vi', 'errU': 'error 1055: Property Node in OpWireSource_v5.vi', 'errG': 'error 1055: Property Node in OpWireSource_v5.vi', 'errS': 'error 1055: Property Node in OpWireSource_v5.vi', 'errWU': 'error 1055: Property Node in OpWireSource_v5.vi', 'errCO': 'error 1055: Property Node in OpWireSource_v5.vi'}
      hop 2: wire 44110 <- VISAResourceNameConstant uid 43937  
      STOP: hop 2: owner uid 43937 of class 'VISAResourceNameConstant' is NOT a node on any of the 170 cached diagrams - the walk cannot address it as Diagram[d].Nodes[n]
  PASS C5 the walk from T[8] made >=1 hop and named its stop reason  | 1 hops; stop=hop 1: owner uid 43605 of class 'FlatSequenceOuterTunnel' is NOT a node on any of the 170 cached diagrams - the walk can

================ M3 ================

   --- MOV.vi (PI)
       C:\Program Files\National Instruments\LabVIEW 2026\instr.lib\Mercury\GCS_LabVIEW\Low Level\General command.llb\MOV.vi
       diagrams=7
       nodes with a label read: 11; LIMITING-construct matches: 0

   --- VEL.vi (PI)
       C:\Program Files\National Instruments\LabVIEW 2026\instr.lib\Mercury\GCS_LabVIEW\Low Level\General command.llb\VEL.vi
       diagrams=13
       nodes with a label read: 32; LIMITING-construct matches: 0

   --- GOH.vi (PI)
       C:\Program Files\National Instruments\LabVIEW 2026\instr.lib\Mercury\GCS_LabVIEW\Low Level\Limits.llb\GOH.vi
       diagrams=5
       nodes with a label read: 13; LIMITING-construct matches: 0

   --- TMX?.vi (PI, the 40.94 limit query)
       C:\Program Files\National Instruments\LabVIEW 2026\instr.lib\Mercury\GCS_LabVIEW\Low Level\Limits.llb\TMX?.vi
       diagrams=5
       nodes with a label read: 18; LIMITING-construct matches: 1
         HIT d1 uid 546 label 'Maximum travel limit'
           input T[4] 'Number of Rows' wire 318 <- {'owner_class': 'SubVI', 'owner_uid': 656} label 'Build query command substring.vi'

   --- ASI Move Axis to Position.vi
       C:\Program Files\National Instruments\LabVIEW 2026\instr.lib\ASI TG-1000\Public\Action\Move Axis to Position.vi
       diagrams=5
       nodes with a label read: 9; LIMITING-construct matches: 0

   --- ASI Move Axis Relative.vi
       C:\Program Files\National Instruments\LabVIEW 2026\instr.lib\ASI TG-1000\Public\Action\Move Axis Relative.vi
       diagrams=5
       nodes with a label read: 9; LIMITING-construct matches: 0

   --- Autonics SetCommand.vi (rotor)
       C:\Program Files\National Instruments\LabVIEW 2026\instr.lib\Autonics Motor\SetCommand.vi
       diagrams=6
       nodes with a label read: 26; LIMITING-construct matches: 0

   --- Max Trans Pos.vi (lab)
       G:\Codes\LabVIEW_Codes\MinLab\zz_LabView VI\DY\Background VIs\Max Trans Pos.vi
       diagrams=1
       nodes with a label read: 0; LIMITING-construct matches: 0

   --- Motor control v5_No Recording.vi (lab)
       G:\Codes\LabVIEW_Codes\MinLab\zz_LabView VI\SiHyeong Modified\Motor control v5_No Recording.vi
       diagrams=18
       nodes with a label read: 35; LIMITING-construct matches: 0

   --- ASI_adjust focus-subvi.vi (lab, FRAME LOOP)
       G:\Codes\LabVIEW_Codes\MinLab\zz_LabView VI\Madcity\ASI_adjust focus-subvi.vi
       diagrams=9
       nodes with a label read: 13; LIMITING-construct matches: 0
   SetCommand_signed candidate exists=False  C:\Program Files\National Instruments\LabVIEW 2026\instr.lib\Autonics Motor\SetCommand_signed.vi
  PASS C6 EVERY M3 entry (all of them, no filter) opened and reported >= 1 diagram  | {'MOV.vi (PI)': 7, 'VEL.vi (PI)': 13, 'GOH.vi (PI)': 5, 'TMX?.vi (PI, the 40.94 limit query)': 5, 'ASI Move Axis to Position.vi': 5, 'ASI Move Axis Relative.vi': 5, 'Autonics SetCommand.vi (rotor)': 6

-- md5 after --
   c39f36e0675339673b707c59f0784fee  Min_Track N beads 4.5_KimLabMTroom_3StateClamping.vi
   2a78e17c449cacdaf5da389818526859  Min_Track N beads V6_ParallelLoop.vi
   1091f35a824db27b45719347fcf66244  Move Axis Relative.vi
   803964bbf95bca5b402dfc7c328d5fec  Move Axis to Position.vi
   d8b7a775b8ba818728092af65cb6862c  SetCommand.vi
   929887a9634b83a457a71e381686c291  General command.llb
   66148b5478b6c6e8717d9516e220e8fd  Limits.llb
   8fd0154dc524f607d682110ef877432f  Max Trans Pos.vi
   d47ab73f70d323e30353e4d71ff00521  ASI_adjust focus-subvi.vi
   b9b9a1568d7261e66081545a8bb78640  Motor control v5_No Recording.vi
  PASS C1 every pre-existing .vi md5 unchanged  | []

SUMMARY gates 9/9 pass; failing: []
raw -> G:\Codes\LabVIEW_Codes\MinLab\zz_LabView VI\AAA_UNIST\2. Tracking\V6_ParallelLoop\tools\bench\probe_flatseq_walk.json
BGRUN END rc=0 after 82s
