BGRUN START 2026-09-14 09:40:49 limit 15.0 min: py -u tools/recipes/probe_castfree_ladders2.py

######## LADDER 1b: Nodes[]-node.reference out -> SubVIs[] -> IA -> SubVI.VI Name ########
   -> PASS: L1 control (donor runnable): ExecState 1
   Nodes[] node uid 113; its 'reference out' wire = [0] (0 = free to use)
   SubVIs[] 6375802: uid 4420, property terminals = []
   -> FAIL: SubVIs[] 6375802 ATTACHED: property terminals []
   -> FAIL: L1 SubVIs[] usable: property did not attach (twice now, fresh LabVIEW) - ID dead for this creator

######## LADDER 2b: Control.Label-node.reference out -> Control.Terminal -> Terminal.Is Source?/Connected Wire ########
   -> PASS: L2 control (donor runnable): ExecState 1
   Control.Label node uid 114; its 'reference out' wire = [0] (0 = free to use)
   Control.Terminal 6332006: uid 4418, property terminals = []
   -> FAIL: Control.Terminal 6332006 ATTACHED: property terminals []

################ SUMMARY ################
  PASS  L1 control (donor runnable)                                      ExecState 1
  FAIL  SubVIs[] 6375802 ATTACHED                                        property terminals []
  FAIL  L1 SubVIs[] usable                                               property did not attach (twice now, fresh LabVIEW) - ID dead for this creator
  PASS  L2 control (donor runnable)                                      ExecState 1
  FAIL  Control.Terminal 6332006 ATTACHED                                property terminals []
scratch deleted
BGRUN END rc=3 after 13s
