BGRUN START 2026-09-24 00:53:21 limit 45.0 min: py -u tools/bench/q_c68_srpair.py

---------- [0] FILES ONLY - the input's md5, the pins, the claudeDev listing
  FACT  claudeDev holds 247 .vi file(s) BEFORE the run
  PASS  K1 input md5 == 1a11d92aacabf7ec844d65b8af19f39f  got 1a11d92aacabf7ec844d65b8af19f39f
  FACT  PIN BEFORE ORIGINAL         2a78e17c449cacdaf5da389818526859  (want 2a78e17c449cacdaf5da389818526859) OK
  FACT  PIN BEFORE S1 D1_s1_copy    3e3d23cefd3a334001aa9d6156bf1aee  (want 3e3d23cefd3a334001aa9d6156bf1aee) OK
  FACT  PIN BEFORE S2 D1_s2_loops   6ff19497f2309e007a214660bb64b911  (want 6ff19497f2309e007a214660bb64b911) OK
  FACT  PIN BEFORE ROW2 bed         26c54ff784cb5cea21edbd214d2cc3a0  (want 26c54ff784cb5cea21edbd214d2cc3a0) OK
  FACT  PIN BEFORE M3a-2            3842f5e6f128226235dc78353f26ef44  (want 3842f5e6f128226235dc78353f26ef44) OK
  FACT  PIN BEFORE bed              0b84595245dd650c0e8fd3f57104782c  (want 0b84595245dd650c0e8fd3f57104782c) OK
  FACT  PIN BEFORE m3a4             fdd6d74ac8a5ba0c1a545ad89ff2996f  (want fdd6d74ac8a5ba0c1a545ad89ff2996f) OK
  FACT  PIN BEFORE m4a              bc519809937db449bc0c0ec2b6410c55  (want bc519809937db449bc0c0ec2b6410c55) OK
  FACT  PIN BEFORE m4b              1a11d92aacabf7ec844d65b8af19f39f  (want 1a11d92aacabf7ec844d65b8af19f39f) OK
  PASS  K2 the ORIGINAL's md5 is 2a78e17c449cacdaf5da389818526859  got 2a78e17c449cacdaf5da389818526859 at G:\Codes\LabVIEW_Codes\MinLab\zz_LabView VI\AAA_UNIST\2. Tracking\Min_Track N beads V6_ParallelLoop.vi

---------- [1] RESTART LabVIEW (standing authority; fresh ~31,500 handles)
  FACT  LabVIEW handle count BEFORE the restart: 33966
  FACT  LabVIEW handle count AFTER the restart: 33992

---------- [2] THE DATED WORK COPY under claudeDev - the input is never opened for writing
  PASS  K3 the work copy is byte-identical to the input  q_c68_srpair_20260924_005322.vi
  FACT  ExecState [after open] q_c68_srpair_20260924_005322.vi = 1
  FACT  THE WORK COPY IS A SCRATCH: this stage saves nothing, so q_c68_srpair_20260924_005322.vi is deleted at close
  FACT  H0 BASELINE handles 60 s after restart: 54399
  FACT  H1 handles after read_live call 1 on q_c68_srpair_20260924_005322.vi: 54495
  FACT  H2 handles after read_live call 2 on q_c68_srpair_20260924_005322.vi: 54487
  FACT  H3 handles after read_live call 3 on q_c68_srpair_20260924_005322.vi: 54487
  FACT  H4 handles after read_live call 4 on q_c68_srpair_20260924_005322.vi: 54486
  FACT  H5 handles after read_live call 5 on q_c68_srpair_20260924_005322.vi: 54486
  PASS  SC q_c68_srpair_20260924_005322_s1.vi is a byte-identical copy of D1_s1_copy.vi  q_c68_srpair_20260924_005322_s1.vi
  FACT  s1: ForLoop reg read refused ({'OuterErr': 'error 1055: Property Node in OpShiftRegs_v1.vi', 'OutConnErr': 'error 1055: Property Node in OpShiftRegs_v1.vi', 'InsideErr': 'error 1055: Property Node in OpShiftRegs_v1.vi', 'ShiftRegsErr': 'error 1055: Property Node in OpShiftRegs_v1.vi', 'LeftRegsErr': 'error 1055: Property Node in OpShiftRegs_v1.vi', 'LeftOuterErr': 'error 1055: Property Node in OpShiftRegs_v1.vi', 'LeftInsideErr': 'error 1055: Property Node in OpShiftRegs_v1.vi'}) - ForLoop rights left to TOP
  FACT  M1 s1: 20 loops, 36 rights, 21 machine-paired, unread [24147, 30079, 25244, 13696, 16584, 21358, 21380, 21441, 21555, 22452, 22461, 22482, 22813, 22822, 22831]
  FACT  s1 method.sr paired 36 machine 21 top 15 unpaired [] mismatch []
  ROW   M2 s1 sr edges machine-only / TOP-only : observed=([], []) expected=([], []) unless M3
  PASS  H4 scratch deleted: q_c68_srpair_20260924_005322_s1.vi  C:\Program Files\National Instruments\LabVIEW 2026\user.lib\claudeDev\q_c68_srpair_20260924_005322_s1.vi
  PASS  SC q_c68_srpair_20260924_005322_bed.vi is a byte-identical copy of D1_s3b_m3a3b_rowD_20260922_161040.vi  q_c68_srpair_20260924_005322_bed.vi
  FACT  bed: ForLoop reg read refused ({'OuterErr': 'error 1055: Property Node in OpShiftRegs_v1.vi', 'OutConnErr': 'error 1055: Property Node in OpShiftRegs_v1.vi', 'InsideErr': 'error 1055: Property Node in OpShiftRegs_v1.vi', 'ShiftRegsErr': 'error 1055: Property Node in OpShiftRegs_v1.vi', 'LeftRegsErr': 'error 1055: Property Node in OpShiftRegs_v1.vi', 'LeftOuterErr': 'error 1055: Property Node in OpShiftRegs_v1.vi', 'LeftInsideErr': 'error 1055: Property Node in OpShiftRegs_v1.vi'}) - ForLoop rights left to TOP
  FACT  M1 bed: 23 loops, 38 rights, 23 machine-paired, unread [24147, 30079, 25244, 13696, 16584, 21358, 21380, 21441, 21555, 22452, 22461, 22482, 22813, 22822, 22831]
  FACT  bed method.sr paired 38 machine 23 top 15 unpaired [] mismatch []
  ROW   M2 bed sr edges machine-only / TOP-only : observed=([], []) expected=([], []) unless M3
  PASS  H4 scratch deleted: q_c68_srpair_20260924_005322_bed.vi  C:\Program Files\National Instruments\LabVIEW 2026\user.lib\claudeDev\q_c68_srpair_20260924_005322_bed.vi
  PASS  SC q_c68_srpair_20260924_005322_m3a4.vi is a byte-identical copy of D1_s3b_m3a4_20260923_185345.vi  q_c68_srpair_20260924_005322_m3a4.vi
  FACT  m3a4: ForLoop reg read refused ({'OuterErr': 'error 1055: Property Node in OpShiftRegs_v1.vi', 'OutConnErr': 'error 1055: Property Node in OpShiftRegs_v1.vi', 'InsideErr': 'error 1055: Property Node in OpShiftRegs_v1.vi', 'ShiftRegsErr': 'error 1055: Property Node in OpShiftRegs_v1.vi', 'LeftRegsErr': 'error 1055: Property Node in OpShiftRegs_v1.vi', 'LeftOuterErr': 'error 1055: Property Node in OpShiftRegs_v1.vi', 'LeftInsideErr': 'error 1055: Property Node in OpShiftRegs_v1.vi'}) - ForLoop rights left to TOP
  FACT  M1 m3a4: 23 loops, 36 rights, 21 machine-paired, unread [24147, 30079, 25244, 13696, 16584, 21358, 21380, 21441, 21555, 22452, 22461, 22482, 22813, 22822, 22831]
  FACT  m3a4 method.sr paired 36 machine 21 top 15 unpaired [] mismatch []
  ROW   M2 m3a4 sr edges machine-only / TOP-only : observed=([], []) expected=([], []) unless M3
  PASS  H4 scratch deleted: q_c68_srpair_20260924_005322_m3a4.vi  C:\Program Files\National Instruments\LabVIEW 2026\user.lib\claudeDev\q_c68_srpair_20260924_005322_m3a4.vi
  PASS  SC q_c68_srpair_20260924_005322_m4a.vi is a byte-identical copy of D1_s3b_m4a_20260924_002708.vi  q_c68_srpair_20260924_005322_m4a.vi
  FACT  m4a: ForLoop reg read refused ({'OuterErr': 'error 1055: Property Node in OpShiftRegs_v1.vi', 'OutConnErr': 'error 1055: Property Node in OpShiftRegs_v1.vi', 'InsideErr': 'error 1055: Property Node in OpShiftRegs_v1.vi', 'ShiftRegsErr': 'error 1055: Property Node in OpShiftRegs_v1.vi', 'LeftRegsErr': 'error 1055: Property Node in OpShiftRegs_v1.vi', 'LeftOuterErr': 'error 1055: Property Node in OpShiftRegs_v1.vi', 'LeftInsideErr': 'error 1055: Property Node in OpShiftRegs_v1.vi'}) - ForLoop rights left to TOP
  FACT  M1 m4a: 23 loops, 37 rights, 22 machine-paired, unread [24147, 30079, 25244, 13696, 16584, 21358, 21380, 21441, 21555, 22452, 22461, 22482, 22813, 22822, 22831]
  FACT  m4a method.sr paired 37 machine 22 top 15 unpaired [] mismatch []
  ROW   M2 m4a sr edges machine-only / TOP-only : observed=([(23469, 23796), (23868, 23880)], []) expected=([], []) unless M3
  PASS  M3 m4a machine pairs include [(23469, 23796), (23868, 23880), (23895, 23909)], unpaired 0  [(23469, 23796), (23868, 23880), (23895, 23909)]
  PASS  H4 scratch deleted: q_c68_srpair_20260924_005322_m4a.vi  C:\Program Files\National Instruments\LabVIEW 2026\user.lib\claudeDev\q_c68_srpair_20260924_005322_m4a.vi
  FACT  m4b: ForLoop reg read refused ({'OuterErr': 'error 1055: Property Node in OpShiftRegs_v1.vi', 'OutConnErr': 'error 1055: Property Node in OpShiftRegs_v1.vi', 'InsideErr': 'error 1055: Property Node in OpShiftRegs_v1.vi', 'ShiftRegsErr': 'error 1055: Property Node in OpShiftRegs_v1.vi', 'LeftRegsErr': 'error 1055: Property Node in OpShiftRegs_v1.vi', 'LeftOuterErr': 'error 1055: Property Node in OpShiftRegs_v1.vi', 'LeftInsideErr': 'error 1055: Property Node in OpShiftRegs_v1.vi'}) - ForLoop rights left to TOP
  FACT  M1 m4b: 23 loops, 37 rights, 22 machine-paired, unread [24147, 30079, 25244, 13696, 16584, 21358, 21380, 21441, 21555, 22452, 22461, 22482, 22813, 22822, 22831]
  FACT  m4b method.sr paired 37 machine 22 top 15 unpaired [] mismatch []
  ROW   M2 m4b sr edges machine-only / TOP-only : observed=([(23469, 23796), (23868, 23880)], []) expected=([], []) unless M3
  PASS  M3 m4b machine pairs include [(23469, 23796), (23868, 23880), (23895, 23909)], unpaired 0  [(23469, 23796), (23868, 23880), (23895, 23909)]
  FACT  R SR loop #23032 reg[0] right #23868 out {'name': 'VISA out', 'is_source': True, 'wire': 25324} inside [{'name': 'VISA out', 'is_source': False, 'wire': 23952}] | left #23880 out(initial) {'name': 'VISA out', 'is_source': False, 'wire': 4185} inside [{'name': 'VISA out', 'is_source': True, 'wire': 23985}]
  FACT  R SR loop #23032 reg[1] right #23895 out {'name': 'position [internal units]', 'is_source': True, 'wire': 25231} inside [{'name': 'position [internal units]', 'is_source': False, 'wire': 24226}] | left #23909 out(initial) {'name': 'position [internal units]', 'is_source': False, 'wire': 3968} inside [{'name': 'position [internal units]', 'is_source': True, 'wire': 24002}]
  FACT  R SR loop #23032 reg[2] right #23469 out {'name': 'Automatic Error Handling', 'is_source': True, 'wire': 0} inside [{'name': 'Automatic Error Handling', 'is_source': False, 'wire': 23466}] | left #23796 out(initial) {'name': 'Automatic Error Handling', 'is_source': False, 'wire': 0} inside [{'name': 'Automatic Error Handling', 'is_source': True, 'wire': 23810}]
  FACT  R #23469 #23469 OuterTerminal 'Automatic Error Handling' src=True wire 0 -> peers []
  FACT  R #23469 #23469 InnerTerminal 'Automatic Error Handling' src=False wire 23466 -> peers ["#23499 Terminal 'Automatic Error Handling'"]
  FACT  R #23796 #23796 OuterTerminal 'Automatic Error Handling' src=False wire 0 -> peers []
  FACT  R #23796 #23796 InnerTerminal 'Automatic Error Handling' src=True wire 23810 -> peers ["#23459 ParameterTerminal 'x'"]
  FACT  R read_const #23874: {'cls': 'DigitalNumericConstant', 'uid_back': 23874, 'text': '1', 'repr': 6, 'wire': 24080, 'err': ''}
  PASS  R #23844 'milliseconds to wait' is fed by #23874  ["#23874 Terminal 'milliseconds to wait'"]
  PASS  C computation_diff(s1,m3a4) == 0 rows  0 rows; comp nodes +[10171, 23035, 23042, 23541, 23576] -[]
  PASS  C computation_diff(s1,m4a) == 0 rows  0 rows; comp nodes +[9996, 10171, 23035, 23042, 23459, 23541, 23576] -[]
  PASS  C computation_diff(s1,m4b) == 0 rows  0 rows; comp nodes +[9996, 10171, 23035, 23042, 23459, 23541, 23576, 23844, 23874] -[]
  FACT  DIFF(m3a4,m4b) counts {'edges_removed': 14, 'edges_added': 20, 'changed_sinks': 5}
  FACT  DIFF(m3a4,m4b) nodes_added: [9996, 23459, 23469, 23796, 23844, 23874]
  FACT  DIFF(m3a4,m4b) nodes_removed: []
  FACT  DIFF(m3a4,m4b) edges_removed: [('fs', "#7468 Terminal 'Outgoing Handle' [2]", "#7468 Terminal 'Outgoing Handle'"), ('sr', "#23868 InnerTerminal 'Outgoing Handle'", "#23880 InnerTerminal 'Outgoing Handle'"), ('sr', "#23895 InnerTerminal 'Out position'", "#23909 InnerTerminal 'Out position'"), ('wire', "#11263 OuterTerminal 'VISA out'", "#23868 InnerTerminal 'Outgoing Handle'"), ('wire', "#2017 OuterTerminal 'position [internal units]'", "#23895 InnerTerminal 'Out position'"), ('wire', "#23499 Terminal 'Automatic Error Handling'", '#10429 OuterTerminal (unnamed)'), ('wire', "#23868 OuterTerminal 'Outgoing Handle'", "#7468 Terminal 'Outgoing Handle' [2]"), ('wire', "#23880 InnerTerminal 'Outgoing Handle'", "#48 Terminal 'VISA resource name'"), ('wire', "#23895 OuterTerminal 'Out position'", "#7202 Terminal 'Focus position'"), ('wire', "#23909 InnerTerminal 'Out position'", "#48 Terminal 'In position'"), ('wire', "#3974 Terminal 'Out position'", "#23909 OuterTerminal 'Out position'"), ('wire', "#4194 Terminal 'Outgoing Handle'", "#23880 OuterTerminal 'Outgoing Handle'"), ('wire', "#7468 Terminal 'Outgoing Handle'", "#29815 Terminal 'VISA resource name'"), ('wire', "#7468 Terminal 'Outgoing Handle' [3]", "#7468 Terminal 'Outgoing Handle' [1]")]
  FACT  DIFF(m3a4,m4b) edges_added: [('fs', "#7468 Terminal 'VISA out' [2]", "#7468 Terminal 'VISA out'"), ('sr', "#23469 InnerTerminal 'Automatic Error Handling'", "#23796 InnerTerminal 'Automatic Error Handling'"), ('sr', "#23868 InnerTerminal 'VISA out'", "#23880 InnerTerminal 'VISA out'"), ('sr', "#23895 InnerTerminal 'position [internal units]'", "#23909 InnerTerminal 'position [internal units]'"), ('wire', "#11263 OuterTerminal 'VISA out'", "#23868 InnerTerminal 'VISA out'"), ('wire', "#2017 OuterTerminal 'position [internal units]'", "#23895 InnerTerminal 'position [internal units]'"), ('wire', "#23459 ParameterTerminal '.not. x?'", "#9996 ParameterTerminal 'y'"), ('wire', "#23499 Terminal 'Automatic Error Handling'", "#23469 InnerTerminal 'Automatic Error Handling'"), ('wire', "#23499 Terminal 'Automatic Error Handling'", "#9996 ParameterTerminal 'x'"), ('wire', "#23796 InnerTerminal 'Automatic Error Handling'", "#23459 ParameterTerminal 'x'"), ('wire', "#23868 OuterTerminal 'VISA out'", "#7468 Terminal 'VISA out' [2]"), ('wire', "#23874 Terminal 'milliseconds to wait'", "#23844 ParameterTerminal 'milliseconds to wait'"), ('wire', "#23880 InnerTerminal 'VISA out'", "#48 Terminal 'VISA resource name'"), ('wire', "#23895 OuterTerminal 'position [internal units]'", "#7202 Terminal 'Focus position'"), ('wire', "#23909 InnerTerminal 'position [internal units]'", "#48 Terminal 'In position'"), ('wire', "#3974 Terminal 'Out position'", "#23909 OuterTerminal 'position [internal units]'"), ('wire', "#4194 Terminal 'Outgoing Handle'", "#23880 OuterTerminal 'VISA out'"), ('wire', "#7468 Terminal 'VISA out'", "#29815 Terminal 'VISA resource name'"), ('wire', "#7468 Terminal 'VISA out' [3]", "#7468 Terminal 'VISA out' [1]"), ('wire', "#9996 ParameterTerminal 'x .and. y?'", '#10429 OuterTerminal (unnamed)')]
  FACT  DIFF(m3a4,m4b) changed_sinks: [{'sink': '10429|OuterTerminal||0', 'before': ['23499|Terminal|Automatic Error Handling|0'], 'after': ['9996|ParameterTerminal|x .and. y?|0']}, {'sink': '29815|Terminal|VISA resource name|0', 'before': ['7468|Terminal|Outgoing Handle|0'], 'after': ['7468|Terminal|VISA out|0']}, {'sink': '48|Terminal|In position|0', 'before': ['23909|InnerTerminal|Out position|0'], 'after': ['23909|InnerTerminal|position [internal units]|0']}, {'sink': '48|Terminal|VISA resource name|0', 'before': ['23880|InnerTerminal|Outgoing Handle|0'], 'after': ['23880|InnerTerminal|VISA out|0']}, {'sink': '7202|Terminal|Focus position|0', 'before': ['23895|OuterTerminal|Out position|0'], 'after': ['23895|OuterTerminal|position [internal units]|0']}]
  PASS  D nodes_added == {9996,23459,23469,23796,23844,23874}, removed []  ([9996, 23459, 23469, 23796, 23844, 23874], [])
  FACT  HANDLES at end: 54646

---------- [H] HYGIENE
  FACT  close_panel(q_c68_srpair_20260924_005322.vi) raised com_error: (-2147352567, '??? ??????.', (6649, 'LabVIEW', 'LabVIEW: (Hex 0x47D) Cannot close or set the state of a closed front panel. The front panel must already be open before you close it or set its state.', None, 0, 0), None)
  FACT  gscript ref_counts: {'opened': 12, 'closed': 12, 'live': 0, 'cached_op_vis': 7}
  PASS  H5 VI-Server reference counter level (opened == closed)  {'opened': 12, 'closed': 12, 'live': 0, 'cached_op_vis': 7}
  FACT  LabVIEW handle count AFTER the work: 54646
  PASS  H4 scratch deleted: q_c68_srpair_20260924_005322.vi  C:\Program Files\National Instruments\LabVIEW 2026\user.lib\claudeDev\q_c68_srpair_20260924_005322.vi
  PASS  H2 the INPUT's md5 is UNCHANGED after the run  before 1a11d92aacabf7ec844d65b8af19f39f / after 1a11d92aacabf7ec844d65b8af19f39f
  FACT  PIN AFTER  ORIGINAL         2a78e17c449cacdaf5da389818526859  (want 2a78e17c449cacdaf5da389818526859) OK
  FACT  PIN AFTER  S1 D1_s1_copy    3e3d23cefd3a334001aa9d6156bf1aee  (want 3e3d23cefd3a334001aa9d6156bf1aee) OK
  FACT  PIN AFTER  S2 D1_s2_loops   6ff19497f2309e007a214660bb64b911  (want 6ff19497f2309e007a214660bb64b911) OK
  FACT  PIN AFTER  ROW2 bed         26c54ff784cb5cea21edbd214d2cc3a0  (want 26c54ff784cb5cea21edbd214d2cc3a0) OK
  FACT  PIN AFTER  M3a-2            3842f5e6f128226235dc78353f26ef44  (want 3842f5e6f128226235dc78353f26ef44) OK
  FACT  PIN AFTER  bed              0b84595245dd650c0e8fd3f57104782c  (want 0b84595245dd650c0e8fd3f57104782c) OK
  FACT  PIN AFTER  m3a4             fdd6d74ac8a5ba0c1a545ad89ff2996f  (want fdd6d74ac8a5ba0c1a545ad89ff2996f) OK
  FACT  PIN AFTER  m4a              bc519809937db449bc0c0ec2b6410c55  (want bc519809937db449bc0c0ec2b6410c55) OK
  FACT  PIN AFTER  m4b              1a11d92aacabf7ec844d65b8af19f39f  (want 1a11d92aacabf7ec844d65b8af19f39f) OK
  PASS  H3 every md5 pin still holds
  FACT  THE FILES THIS RUN LEFT ON DISK: []  (removed: [])
  PASS  H6 the files left on disk == [] and nothing was removed  added [] removed []
  FACT  LabVIEW handle count at exit: 33988

====================================================================================================
=== GATES: 23 pass / 0 fail
JSON: G:\Codes\LabVIEW_Codes\MinLab\zz_LabView VI\AAA_UNIST\2. Tracking\V6_ParallelLoop\tools\bench\q_c68_srpair.json   elapsed 352.8 s
BGRUN END rc=0 after 353s
