BGRUN START 2026-09-24 01:32:47 limit 1.0 min: py -u tools/bench/q_c69_peek.py
v0 keys ['phase', 'loops', 'moved', 'cut', 'regs', 'rewire', 'outer_cut', 'sr_changed', 'queues', 'sentinels', 'const_donors', 'size', 'md5_after']
moved [["1.2", 5540, true], ["1.2", 9647, true], ["1.2", 10247, true], ["1.2", 10445, true], ["1.2", 10950, true], ["1.2", 17289, true], ["1.2", 10969, true], ["1.2", 10757, true], ["1.2", 1359, true], ["1.2", 2222, true], ["1.2", 2626, true], ["1.2", 6104, true], ["1.2", 8885, true], ["1.2", 9833, true], ["1.2", 11261, true], ["1.2", 29874, true], ["1.2", 10686, true], ["1.5", 10407, true], ["1.5", 48, true], ["1.5", 3529, true], ["1.5", 3560, true], ["1.5", 3447, true], ["1.7", 376, true]]
cut type list 109
cut[0:3] [[5540, 0, "", false, 5709], [5540, 1, "", false, 5979], [5540, 2, "Bead is good? array out", true, 5637]]
rs type dict ['cut_terminals', 'resolved', 'unresolved', 'by_action', 'rows', 'inputs', 'counts']
 rs cut_terminals int 109
 rs resolved int 109
 rs unresolved int 0
 rs by_action dict {"same-loop": 16, "from-tunnel": 18, "source-side": 27, "from-sr": 8, "from-ctl": 7, "to-sr": 12, "from-const": 5, "from-stay": 11, "cross-loop": 5}
 rs rows list [{"uid": 5540, "i": 0, "name": "", "is_source": false, "wire": 5709, "dest": "1.2", "other_ends": [{"kind": "node", "diagram": "43", "uid": 10247, "i": 0, "name": "x .or. y?", "is_source": true}], "source": {"kind": "node", "diagram": "43", "uid": 10247, "i": 0, "name": "x .or. y?", "is_source": true}, "action": "same-loop"}, {"uid": 5540, "i": 1, "name": "", "is_source": false, "wire": 5979, "dest": "1.2", "other_ends": [], "source": {"kind": "tunnel", "uid": 5569, "index_mode": 0, "out_name": 
 rs inputs dict {"cut": "build_d1_v0.json", "nodes": "main_vi_nodeterms.json", "consts": "opconstvaluen_scan.json", "step0": "d1_step0_census.json"}
 rs counts dict {"node_wires": 1376, "const_wires": 155, "ctl_wires": 103, "tunnel_wires": 253, "sr_wires": 0}
loops md5 1a11d92aacabf7ec844d65b8af19f39f unread [24147, 30079, 25244, 13696, 16584, 21358, 21380, 21441, 21555, 22452, 22461, 22482, 22813, 22822, 22831]
  ForLoop 0 27489 [] {}
  ForLoop 1 28670 [] {}
  ForLoop 2 2457 [24147] {}
  ForLoop 3 4810 [] {}
  ForLoop 4 29617 [30079, 25244] {}
  ForLoop 5 29874 [] {}
  ForLoop 6 1359 [] {}
  ForLoop 7 13683 [13696] {}
  ForLoop 8 13390 [] {}
  ForLoop 9 16312 [] {}
  ForLoop 10 16557 [16584] {}
  ForLoop 11 21305 [21358, 21380, 21441, 21555] {}
  ForLoop 12 22433 [22452, 22461, 22482] {}
  ForLoop 13 22786 [22813, 22822, 22831] {}
  ForLoop 14 25272 [] {}
  ForLoop 15 25325 [] {}
  ForLoop 16 25850 [] {}
  WhileLoop 0 23041 [] {}
  WhileLoop 1 10170 [] {}
  WhileLoop 2 23032 [23868, 23895, 23469] {'23868': [23880], '23895': [23909], '23469': [23796]}
  WhileLoop 3 25380 [32497, 2621, 3091] {'32497': [32504], '2621': [2800], '3091': [3133]}
  WhileLoop 4 637 [1147, 15, 24, 1117, 119, 5796, 9018, 862, 7311, 15197, 29505, 580] {'1147': [1142], '15': [51], '24': [1108], '1117': [5351], '119': [2972], '5796': [5805], '9018': [9025], '862': [2853], '7311': [11001], '15197': [15204], '29505': [29512], '580': [1755]}
  WhileLoop 5 15173 [15206, 15219, 15228, 15239] {'15206': [15212], '15219': [15223], '15228': [15234], '15239': [15243]}
BGRUN END rc=0 after 0s
