BGRUN START 2026-09-24 00:08:46 limit 22.0 min: py -u tools/bench/q_m4_probe.py

---------- [0] FILES ONLY - the input's md5, the pins, the claudeDev listing
  FACT  claudeDev holds 245 .vi file(s) BEFORE the run
  PASS  K1 input md5 == fdd6d74ac8a5ba0c1a545ad89ff2996f  got fdd6d74ac8a5ba0c1a545ad89ff2996f
  FACT  PIN BEFORE ORIGINAL         2a78e17c449cacdaf5da389818526859  (want 2a78e17c449cacdaf5da389818526859) OK
  FACT  PIN BEFORE S1 D1_s1_copy    3e3d23cefd3a334001aa9d6156bf1aee  (want 3e3d23cefd3a334001aa9d6156bf1aee) OK
  FACT  PIN BEFORE S2 D1_s2_loops   6ff19497f2309e007a214660bb64b911  (want 6ff19497f2309e007a214660bb64b911) OK
  FACT  PIN BEFORE ROW2 bed         26c54ff784cb5cea21edbd214d2cc3a0  (want 26c54ff784cb5cea21edbd214d2cc3a0) OK
  FACT  PIN BEFORE M3a-2            3842f5e6f128226235dc78353f26ef44  (want 3842f5e6f128226235dc78353f26ef44) OK
  FACT  PIN BEFORE M3a-4 bed        fdd6d74ac8a5ba0c1a545ad89ff2996f  (want fdd6d74ac8a5ba0c1a545ad89ff2996f) OK
  PASS  K2 the ORIGINAL's md5 is 2a78e17c449cacdaf5da389818526859  got 2a78e17c449cacdaf5da389818526859 at G:\Codes\LabVIEW_Codes\MinLab\zz_LabView VI\AAA_UNIST\2. Tracking\Min_Track N beads V6_ParallelLoop.vi

---------- [1] RESTART LabVIEW (standing authority; fresh ~31,500 handles)
  FACT  LabVIEW handle count BEFORE the restart: 33938
  FACT  LabVIEW handle count AFTER the restart: 33988
  FACT  PRELOAD: the ORIGINAL is resident READ-ONLY (LabVIEW 26.3.1f1), its own ExecState 1; nothing opened, nothing saved

---------- [2] THE DATED WORK COPY under claudeDev - the input is never opened for writing
  PASS  K3 the work copy is byte-identical to the input  q_m4_probe_20260924_000846.vi
  FACT  ExecState [after open] q_m4_probe_20260924_000846.vi = 1
  FACT  THE WORK COPY IS A SCRATCH: this stage saves nothing, so q_m4_probe_20260924_000846.vi is deleted at close
  FACT  ExecState [R1 on open] q_m4_probe_20260924_000846.vi = 1
  PASS  R1 bed ExecState 1 on open  1
  OBSERVED uid 23032 -> owner 'Diagram' uid 686 | self 'WhileLoop'#23032 | 482 says 'Diagram' cast 'Diagram' |  
  FACT  OBJ #23032: class WhileLoop pos (4587, 2712) owner Diagram#686
  OBSERVED uid 686 -> owner 'FlatSequenceFrame' uid 0 | self 'Diagram'#686 | 482 says 'FlatSequenceFrame' cast '' |  error 1055: Property Node in OpOwnerChain_v1.vi
  FACT  owner_of #686 raised RuntimeError: owner_of(686) is not an answer: echoed 'Diagram'#686, errors 'error 1055: Property Node in OpOwnerChain_v1.vi'
  FACT     owner #686 -> its owner None#None (class of #686: Diagram)
  OBSERVED uid 23058 -> owner 'WhileLoop' uid 23032 | self 'Diagram'#23058 | 482 says 'WhileLoop' cast 'WhileLoop' |  
  FACT  OBJ #23058: class Diagram pos (4596, 2713) owner WhileLoop#23032
  OBSERVED uid 23032 -> owner 'Diagram' uid 686 | self 'WhileLoop'#23032 | 482 says 'Diagram' cast 'Diagram' |  
  FACT     owner #23032 -> its owner Diagram#686 (class of #23032: WhileLoop)
  OBSERVED uid 10407 -> owner 'Diagram' uid 23058 | self 'CaseStructure'#10407 | 482 says 'Diagram' cast 'Diagram' |  
  FACT  OBJ #10407: class CaseStructure pos (5213, 2778) owner Diagram#23058
  OBSERVED uid 23058 -> owner 'WhileLoop' uid 23032 | self 'Diagram'#23058 | 482 says 'WhileLoop' cast 'WhileLoop' |  
  FACT     owner #23058 -> its owner WhileLoop#23032 (class of #23058: Diagram)
  OBSERVED uid 10686 -> owner 'Diagram' uid 639 | self 'Function'#10686 | 482 says 'Diagram' cast 'Diagram' |  
  FACT  OBJ #10686: class Function pos (4350, 1221) owner Diagram#639
  OBSERVED uid 639 -> owner 'WhileLoop' uid 637 | self 'Diagram'#639 | 482 says 'WhileLoop' cast 'WhileLoop' |  
  FACT     owner #639 -> its owner WhileLoop#637 (class of #639: Diagram)
  OBSERVED uid 10382 -> owner 'Diagram' uid 639 | self 'Function'#10382 | 482 says 'Diagram' cast 'Diagram' |  
  FACT  OBJ #10382: class Function pos (3624, 942) owner Diagram#639
  OBSERVED uid 639 -> owner 'WhileLoop' uid 637 | self 'Diagram'#639 | 482 says 'WhileLoop' cast 'WhileLoop' |  
  FACT     owner #639 -> its owner WhileLoop#637 (class of #639: Diagram)
  OBSERVED uid 10285 -> owner 'Diagram' uid 639 | self 'Function'#10285 | 482 says 'Diagram' cast 'Diagram' |  
  FACT  OBJ #10285: class Function pos (3772, 1001) owner Diagram#639
  OBSERVED uid 639 -> owner 'WhileLoop' uid 637 | self 'Diagram'#639 | 482 says 'WhileLoop' cast 'WhileLoop' |  
  FACT     owner #639 -> its owner WhileLoop#637 (class of #639: Diagram)
  OBSERVED uid 10825 -> owner 'Diagram' uid 639 | self 'Function'#10825 | 482 says 'Diagram' cast 'Diagram' |  
  FACT  OBJ #10825: class Function pos (4189, 1235) owner Diagram#639
  OBSERVED uid 639 -> owner 'WhileLoop' uid 637 | self 'Diagram'#639 | 482 says 'WhileLoop' cast 'WhileLoop' |  
  FACT     owner #639 -> its owner WhileLoop#637 (class of #639: Diagram)
  OBSERVED uid 17837 -> owner 'Diagram' uid 639 | self 'Function'#17837 | 482 says 'Diagram' cast 'Diagram' |  
  FACT  OBJ #17837: class Function pos (4560, 964) owner Diagram#639
  OBSERVED uid 639 -> owner 'WhileLoop' uid 637 | self 'Diagram'#639 | 482 says 'WhileLoop' cast 'WhileLoop' |  
  FACT     owner #639 -> its owner WhileLoop#637 (class of #639: Diagram)
  OBSERVED uid 21959 -> owner 'Diagram' uid 20530 | self 'Function'#21959 | 482 says 'Diagram' cast 'Diagram' |  
  FACT  OBJ #21959: class Function pos (4210, 1939) owner Diagram#20530
  OBSERVED uid 20530 -> owner 'CaseStructure' uid 20474 | self 'Diagram'#20530 | 482 says 'CaseStructure' cast 'CaseStructure' |  
  FACT     owner #20530 -> its owner CaseStructure#20474 (class of #20530: Diagram)
  OBSERVED uid 22028 -> owner 'Diagram' uid 20530 | self 'Function'#22028 | 482 says 'Diagram' cast 'Diagram' |  
  FACT  OBJ #22028: class Function pos (3377, 2107) owner Diagram#20530
  OBSERVED uid 20530 -> owner 'CaseStructure' uid 20474 | self 'Diagram'#20530 | 482 says 'CaseStructure' cast 'CaseStructure' |  
  FACT     owner #20530 -> its owner CaseStructure#20474 (class of #20530: Diagram)
  OBSERVED uid 9647 -> owner 'Diagram' uid 639 | self 'Function'#9647 | 482 says 'Diagram' cast 'Diagram' |  
  FACT  OBJ #9647: class Function pos (3204, 995) owner Diagram#639
  OBSERVED uid 639 -> owner 'WhileLoop' uid 637 | self 'Diagram'#639 | 482 says 'WhileLoop' cast 'WhileLoop' |  
  FACT     owner #639 -> its owner WhileLoop#637 (class of #639: Diagram)
  OBSERVED uid 18900 -> owner 'Diagram' uid 639 | self 'Function'#18900 | 482 says 'Diagram' cast 'Diagram' |  
  FACT  OBJ #18900: class Function pos (3044, 1533) owner Diagram#639
  OBSERVED uid 639 -> owner 'WhileLoop' uid 637 | self 'Diagram'#639 | 482 says 'WhileLoop' cast 'WhileLoop' |  
  FACT     owner #639 -> its owner WhileLoop#637 (class of #639: Diagram)
  OBSERVED uid 21925 -> owner 'Diagram' uid 20530 | self 'Function'#21925 | 482 says 'Diagram' cast 'Diagram' |  
  FACT  OBJ #21925: class Function pos (4226, 1967) owner Diagram#20530
  OBSERVED uid 20530 -> owner 'CaseStructure' uid 20474 | self 'Diagram'#20530 | 482 says 'CaseStructure' cast 'CaseStructure' |  
  FACT     owner #20530 -> its owner CaseStructure#20474 (class of #20530: Diagram)
  OBSERVED uid 15392 -> owner 'Diagram' uid 15266 | self 'Function'#15392 | 482 says 'Diagram' cast 'Diagram' |  
  FACT  OBJ #15392: class Function pos (-12755, 930) owner Diagram#15266
  OBSERVED uid 15266 -> owner 'WhileLoop' uid 15173 | self 'Diagram'#15266 | 482 says 'WhileLoop' cast 'WhileLoop' |  
  FACT     owner #15266 -> its owner WhileLoop#15173 (class of #15266: Diagram)
  OBSERVED uid 22343 -> owner 'Diagram' uid 22325 | self 'Function'#22343 | 482 says 'Diagram' cast 'Diagram' |  
  FACT  OBJ #22343: class Function pos (-8844, 845) owner Diagram#22325
  OBSERVED uid 22325 -> owner 'Sequence' uid 21590 | self 'Diagram'#22325 | 482 says 'Sequence' cast 'Sequence' |  
  FACT     owner #22325 -> its owner Sequence#21590 (class of #22325: Diagram)
  OBSERVED uid 32538 -> owner 'Diagram' uid 32410 | self 'Function'#32538 | 482 says 'Diagram' cast 'Diagram' |  
  FACT  OBJ #32538: class Function pos (-15996, 786) owner Diagram#32410
  OBSERVED uid 32410 -> owner 'FlatSequenceFrame' uid 0 | self 'Diagram'#32410 | 482 says 'FlatSequenceFrame' cast '' |  error 1055: Property Node in OpOwnerChain_v1.vi
  FACT  owner_of #32410 raised RuntimeError: owner_of(32410) is not an answer: echoed 'Diagram'#32410, errors 'error 1055: Property Node in OpOwnerChain_v1.vi'
  FACT     owner #32410 -> its owner None#None (class of #32410: Diagram)
  OBSERVED uid 44143 -> owner 'Diagram' uid 44125 | self 'Function'#44143 | 482 says 'Diagram' cast 'Diagram' |  
  FACT  OBJ #44143: class Function pos (-499, 794) owner Diagram#44125
  OBSERVED uid 44125 -> owner 'FlatSequenceFrame' uid 0 | self 'Diagram'#44125 | 482 says 'FlatSequenceFrame' cast '' |  error 1055: Property Node in OpOwnerChain_v1.vi
  FACT  owner_of #44125 raised RuntimeError: owner_of(44125) is not an answer: echoed 'Diagram'#44125, errors 'error 1055: Property Node in OpOwnerChain_v1.vi'
  FACT     owner #44125 -> its owner None#None (class of #44125: Diagram)
  PASS  R2 #23032 is a WhileLoop  {'i': 1837, 'class': 'WhileLoop', 'uid': 23032, 'pos': (4587, 2712), 'owner': 'Diagram'}
  FACT  WhileLoop #23032 traverse index 2 of 6
  FACT  existing shift registers on #23032: {'uid': 23868, 'class': 'RightShiftRegister', 'out': {'name': 'Outgoing Handle', 'is_source': True, 'wire': 25324}, 'inside': [{'name': 'Outgoing Handle', 'is_source': False, 'wire': 23952}], 'left_uids': [23880], 'left': {'uid': 23880, 'class': 'LeftShiftRegister', 'out': {'name': 'Outgoing Handle', 'is_source': False, 'wire': 4185}, 'inside': [{'name': 'Outgoing Handle', 'is_source': True, 'wire': 23985}]}, 'errors': {}}
  FACT  Diagram #23058 (idx 22) Nodes[]: [(23035, 'Comparison', 'Equal?'), (3529, 'ControlReferenceConstant', '- Inc (PgDn)'), (3560, 'ControlReferenceConstant', '+ Inc (PgUp)'), (3447, 'ControlReferenceConstant', 'Focus Step (F1)'), (48, 'SubVI', 'ASI_adjust focus-subvi.vi'), (10407, 'CaseStructure', 'Case Structure'), (23499, 'Local', 'D1_s3b_m3a4_20260923_185345.vi'), (23523, 'Local', 'D1_s3b_m3a4_20260923_185345.vi')]

---------- [2] #10407 and what feeds its t0
  FACT  #10407 #10407 lives at: {'diagram_index': 22, 'diagram_uid': 23058, 'diagram_class': 'Diagram', 'nodes_index': 5, 'nodes_on_diagram': 8, 'label': 'Case Structure'}  (23 diagram(s) scanned of 173, 3.0 s)
  FACT  #10407 terminal table of #10407 (Diagram idx 22, Nodes[5], echo 10407): 7 terminal(s)
  FACT      #10407 t0  ''                                 is_source=False wire=23847   errs=[0, 0, 0, 0]
  FACT      #10407 t1  '# slices in stack'                is_source=False wire=24009   errs=[0, 0, 0, 0]
  FACT      #10407 t2  'index'                            is_source=False wire=23856   errs=[0, 0, 0, 0]
  FACT      #10407 t3  'Outgoing Handle'                  is_source=False wire=23829   errs=[0, 0, 0, 0]
  FACT      #10407 t4  'VISA out'                         is_source=True  wire=23952   errs=[0, 0, 0, 0]
  FACT      #10407 t5  'Out position'                     is_source=False wire=23838   errs=[0, 0, 0, 0]
  FACT      #10407 t6  'position [internal units]'        is_source=True  wire=24226   errs=[0, 0, 0, 0]
  FACT  #10407: 7 terminal(s), 7 WIRED
  FACT  #10407.t0 OpWireSource_v5(UID 2 = 23847): 3 row(s), 2 with a REAL owner
  FACT      #10407.t0   t0  is_source=True  owner_class='Local'                    owner_uid=23499   recip=23847
  FACT      #10407.t0   t1  is_source=False owner_class='Tunnel'                   owner_uid=10429   recip=23847
  FACT      #10407.t0   t2  is_source=None  owner_class=None                       owner_uid=None    recip=None  READ ERROR errO=error 1055: Property Node in OpWireSource_v5.vi; errU=error 1055: Property Node in OpWireSource_v5.vi; errG=error 1055: Property Node in OpWireSource_v5.vi; errS=error 1055: Property Node in OpWireSource_v5.vi; errWU=error 1055: Property Node in OpWireSource_v5.vi; errCO=error 1055: Property Node in OpWireSource_v5.vi
  FACT  #10407.t0 PD85 PRECONDITION: 2 real-owner row(s), 0 violate recip==queried_uid
  FACT  NET w23847: source-terminal owners [('Local', 23499)] ; every owner [('Local', 23499), ('Tunnel', 10429)] ; PD85 0
  PASS  R3 #10407 t0 source owner is a Local  [('Local', 23499)]
  FACT  feeder #23499 #23499 lives at: {'diagram_index': 22, 'diagram_uid': 23058, 'diagram_class': 'Diagram', 'nodes_index': 6, 'nodes_on_diagram': 8, 'label': 'D1_s3b_m3a4_20260923_185345.vi'}  (23 diagram(s) scanned of 173, 2.6 s)
  FACT  feeder #23499 terminal table of #23499 (Diagram idx 22, Nodes[6], echo 23499): 1 terminal(s)
  FACT      feeder #23499 t0  'Automatic Error Handling'         is_source=True  wire=23847   errs=[0, 0, 0, 0]
  FACT  #23499: 1 terminal(s), 1 WIRED

---------- [3] #10686 'x .and. y?' inputs, two levels up
  FACT  #10686 #10686 lives at: {'diagram_index': 48, 'diagram_uid': 639, 'diagram_class': 'Diagram', 'nodes_index': 20, 'nodes_on_diagram': 68, 'label': 'And'}  (49 diagram(s) scanned of 173, 4.8 s)
  FACT  #10686 terminal table of #10686 (Diagram idx 48, Nodes[20], echo 10686): 3 terminal(s)
  FACT      #10686 t0  'x .and. y?'                       is_source=True  wire=23526   errs=[0, 0, 0, 0]
  FACT      #10686 t1  'y'                                is_source=False wire=9105    errs=[0, 0, 0, 0]
  FACT      #10686 t2  'x'                                is_source=False wire=3050    errs=[0, 0, 0, 0]
  FACT  #10686: 3 terminal(s), 3 WIRED
  PASS  R4 #10686 has two wired inputs  [{'i': 1, 'name': 'y', 'is_source': False, 'wire': 9105, 'has_wire': True, 'errs': [0, 0, 0, 0]}, {'i': 2, 'name': 'x', 'is_source': False, 'wire': 3050, 'has_wire': True, 'errs': [0, 0, 0, 0]}]
  FACT  #10686.t0 OpWireSource_v5(UID 2 = 23526): 3 row(s), 2 with a REAL owner
  FACT      #10686.t0   t0  is_source=True  owner_class='Function'                 owner_uid=10686   recip=23526
  FACT      #10686.t0   t1  is_source=False owner_class='Diagram'                  owner_uid=639     recip=23526
  FACT      #10686.t0   t2  is_source=None  owner_class=None                       owner_uid=None    recip=None  READ ERROR errO=error 1055: Property Node in OpWireSource_v5.vi; errU=error 1055: Property Node in OpWireSource_v5.vi; errG=error 1055: Property Node in OpWireSource_v5.vi; errS=error 1055: Property Node in OpWireSource_v5.vi; errWU=error 1055: Property Node in OpWireSource_v5.vi; errCO=error 1055: Property Node in OpWireSource_v5.vi
  FACT  #10686.t0 PD85 PRECONDITION: 2 real-owner row(s), 0 violate recip==queried_uid
  FACT  NET w23526: source-terminal owners [('Function', 10686)] ; every owner [('Diagram', 639), ('Function', 10686)] ; PD85 0
  FACT  #10686.t1 OpWireSource_v5(UID 2 = 9105): 3 row(s), 2 with a REAL owner
  FACT      #10686.t1   t0  is_source=True  owner_class='Function'                 owner_uid=10825   recip=9105
  FACT      #10686.t1   t1  is_source=False owner_class='Function'                 owner_uid=10686   recip=9105
  FACT      #10686.t1   t2  is_source=None  owner_class=None                       owner_uid=None    recip=None  READ ERROR errO=error 1055: Property Node in OpWireSource_v5.vi; errU=error 1055: Property Node in OpWireSource_v5.vi; errG=error 1055: Property Node in OpWireSource_v5.vi; errS=error 1055: Property Node in OpWireSource_v5.vi; errWU=error 1055: Property Node in OpWireSource_v5.vi; errCO=error 1055: Property Node in OpWireSource_v5.vi
  FACT  #10686.t1 PD85 PRECONDITION: 2 real-owner row(s), 0 violate recip==queried_uid
  FACT  NET w9105: source-terminal owners [('Function', 10825)] ; every owner [('Function', 10686), ('Function', 10825)] ; PD85 0
  FACT  L1 #10825 Function #10825 lives at: {'diagram_index': 48, 'diagram_uid': 639, 'diagram_class': 'Diagram', 'nodes_index': 21, 'nodes_on_diagram': 68, 'label': 'Not'}  (49 diagram(s) scanned of 173, 2.0 s)
  FACT  L1 #10825 Function terminal table of #10825 (Diagram idx 48, Nodes[21], echo 10825): 2 terminal(s)
  FACT      L1 #10825 Function t0  '.not. x?'                         is_source=True  wire=9105    errs=[0, 0, 0, 0]
  FACT      L1 #10825 Function t1  'x'                                is_source=False wire=3362    errs=[0, 0, 0, 0]
  FACT  #10825: 2 terminal(s), 2 WIRED
  FACT  L2 #10825.t1 OpWireSource_v5(UID 2 = 3362): 3 row(s), 2 with a REAL owner
  FACT      L2 #10825.t1   t0  is_source=True  owner_class='Diagram'                  owner_uid=639     recip=3362
  FACT      L2 #10825.t1   t1  is_source=False owner_class='Function'                 owner_uid=10825   recip=3362
  FACT      L2 #10825.t1   t2  is_source=None  owner_class=None                       owner_uid=None    recip=None  READ ERROR errO=error 1055: Property Node in OpWireSource_v5.vi; errU=error 1055: Property Node in OpWireSource_v5.vi; errG=error 1055: Property Node in OpWireSource_v5.vi; errS=error 1055: Property Node in OpWireSource_v5.vi; errWU=error 1055: Property Node in OpWireSource_v5.vi; errCO=error 1055: Property Node in OpWireSource_v5.vi
  FACT  L2 #10825.t1 PD85 PRECONDITION: 2 real-owner row(s), 0 violate recip==queried_uid
  FACT  NET w3362: source-terminal owners [('Diagram', 639)] ; every owner [('Diagram', 639), ('Function', 10825)] ; PD85 0
  FACT  L2 #10825.t1 'x' <- Diagram#639 label 'Diagram'
  FACT  #10686.t2 OpWireSource_v5(UID 2 = 3050): 5 row(s), 4 with a REAL owner
  FACT      #10686.t2   t0  is_source=True  owner_class='Function'                 owner_uid=3057    recip=3050
  FACT      #10686.t2   t1  is_source=False owner_class='Tunnel'                   owner_uid=3302    recip=3050
  FACT      #10686.t2   t2  is_source=False owner_class='Function'                 owner_uid=10686   recip=3050
  FACT      #10686.t2   t3  is_source=False owner_class='Tunnel'                   owner_uid=12633   recip=3050
  FACT      #10686.t2   t4  is_source=None  owner_class=None                       owner_uid=None    recip=None  READ ERROR errO=error 1055: Property Node in OpWireSource_v5.vi; errU=error 1055: Property Node in OpWireSource_v5.vi; errG=error 1055: Property Node in OpWireSource_v5.vi; errS=error 1055: Property Node in OpWireSource_v5.vi; errWU=error 1055: Property Node in OpWireSource_v5.vi; errCO=error 1055: Property Node in OpWireSource_v5.vi
  FACT  #10686.t2 PD85 PRECONDITION: 4 real-owner row(s), 0 violate recip==queried_uid
  FACT  NET w3050: source-terminal owners [('Function', 3057)] ; every owner [('Function', 3057), ('Function', 10686), ('Tunnel', 3302), ('Tunnel', 12633)] ; PD85 0
  FACT  L1 #3057 Function #3057 lives at: {'diagram_index': 48, 'diagram_uid': 639, 'diagram_class': 'Diagram', 'nodes_index': 2, 'nodes_on_diagram': 68, 'label': 'Equal To 0?'}  (49 diagram(s) scanned of 173, 2.0 s)
  FACT  L1 #3057 Function terminal table of #3057 (Diagram idx 48, Nodes[2], echo 3057): 2 terminal(s)
  FACT      L1 #3057 Function t0  'x = 0?'                           is_source=True  wire=3050    errs=[0, 0, 0, 0]
  FACT      L1 #3057 Function t1  'x'                                is_source=False wire=2344    errs=[0, 0, 0, 0]
  FACT  #3057: 2 terminal(s), 2 WIRED
  FACT  L2 #3057.t1 OpWireSource_v5(UID 2 = 2344): 3 row(s), 2 with a REAL owner
  FACT      L2 #3057.t1   t0  is_source=True  owner_class='Function'                 owner_uid=2136    recip=2344
  FACT      L2 #3057.t1   t1  is_source=False owner_class='Function'                 owner_uid=3057    recip=2344
  FACT      L2 #3057.t1   t2  is_source=None  owner_class=None                       owner_uid=None    recip=None  READ ERROR errO=error 1055: Property Node in OpWireSource_v5.vi; errU=error 1055: Property Node in OpWireSource_v5.vi; errG=error 1055: Property Node in OpWireSource_v5.vi; errS=error 1055: Property Node in OpWireSource_v5.vi; errWU=error 1055: Property Node in OpWireSource_v5.vi; errCO=error 1055: Property Node in OpWireSource_v5.vi
  FACT  L2 #3057.t1 PD85 PRECONDITION: 2 real-owner row(s), 0 violate recip==queried_uid
  FACT  NET w2344: source-terminal owners [('Function', 2136)] ; every owner [('Function', 2136), ('Function', 3057)] ; PD85 0
  FACT  L2 #3057.t1 'x' <- Function#2136 label 'Function'
  FACT  L3 #2136 Function #2136 lives at: {'diagram_index': 48, 'diagram_uid': 639, 'diagram_class': 'Diagram', 'nodes_index': 1, 'nodes_on_diagram': 68, 'label': 'Quotient & Remainder'}  (49 diagram(s) scanned of 173, 2.4 s)
  FACT  L3 #2136 Function terminal table of #2136 (Diagram idx 48, Nodes[1], echo 2136): 4 terminal(s)
  FACT      L3 #2136 Function t0  'floor(x/y)'                       is_source=True  wire=0       errs=[0, 0, 0, 1055]
  FACT      L3 #2136 Function t1  'x-y*floor(x/y)'                   is_source=True  wire=2344    errs=[0, 0, 0, 0]
  FACT      L3 #2136 Function t2  'y'                                is_source=False wire=31234   errs=[0, 0, 0, 0]
  FACT      L3 #2136 Function t3  'x'                                is_source=False wire=3268    errs=[0, 0, 0, 0]
  FACT  #2136: 4 terminal(s), 3 WIRED

---------- [4] donor terminal tables
  FACT  donor Not #10382 #10382 lives at: {'diagram_index': 48, 'diagram_uid': 639, 'diagram_class': 'Diagram', 'nodes_index': 35, 'nodes_on_diagram': 68, 'label': 'Not'}  (49 diagram(s) scanned of 173, 2.5 s)
  FACT  donor Not #10382 terminal table of #10382 (Diagram idx 48, Nodes[35], echo 10382): 2 terminal(s)
  FACT      donor Not #10382 t0  '.not. x?'                         is_source=True  wire=10447   errs=[0, 0, 0, 0]
  FACT      donor Not #10382 t1  'x'                                is_source=False wire=9921    errs=[0, 0, 0, 0]
  FACT  #10382: 2 terminal(s), 2 WIRED
  FACT  donor And #9647 #9647 lives at: {'diagram_index': 48, 'diagram_uid': 639, 'diagram_class': 'Diagram', 'nodes_index': 28, 'nodes_on_diagram': 68, 'label': 'And'}  (49 diagram(s) scanned of 173, 2.4 s)
  FACT  donor And #9647 terminal table of #9647 (Diagram idx 48, Nodes[28], echo 9647): 3 terminal(s)
  FACT      donor And #9647 t0  'x .and. y?'                       is_source=True  wire=9921    errs=[0, 0, 0, 0]
  FACT      donor And #9647 t1  'y'                                is_source=False wire=9806    errs=[0, 0, 0, 0]
  FACT      donor And #9647 t2  'x'                                is_source=False wire=9868    errs=[0, 0, 0, 0]
  FACT  #9647: 3 terminal(s), 3 WIRED
  FACT  donor Wait (ms) #22343 #22343 lives at: {'diagram_index': 156, 'diagram_uid': 22325, 'diagram_class': 'Diagram', 'nodes_index': 0, 'nodes_on_diagram': 2, 'label': 'Wait (ms)'}  (157 diagram(s) scanned of 173, 6.1 s)
  FACT  donor Wait (ms) #22343 terminal table of #22343 (Diagram idx 156, Nodes[0], echo 22343): 2 terminal(s)
  FACT      donor Wait (ms) #22343 t0  'millisecond timer value'          is_source=True  wire=0       errs=[0, 0, 0, 1055]
  FACT      donor Wait (ms) #22343 t1  'milliseconds to wait'             is_source=False wire=22379   errs=[0, 0, 0, 0]
  FACT  #22343: 2 terminal(s), 1 WIRED
  PASS  R6 bed md5 unchanged  fdd6d74ac8a5ba0c1a545ad89ff2996f

---------- [H] HYGIENE
  FACT  close_panel(q_m4_probe_20260924_000846.vi) raised com_error: (-2147352567, '??? ??????.', (6649, 'LabVIEW', 'LabVIEW: (Hex 0x47D) Cannot close or set the state of a closed front panel. The front panel must already be open before you close it or set its state.', None, 0, 0), None)
  FACT  PRELOAD references released; refs {'opened': 5, 'closed': 5, 'live': 0, 'cached_op_vis': 6}
  FACT  gscript ref_counts: {'opened': 5, 'closed': 5, 'live': 0, 'cached_op_vis': 6}
  PASS  H5 VI-Server reference counter level (opened == closed)  {'opened': 5, 'closed': 5, 'live': 0, 'cached_op_vis': 6}
  FACT  LabVIEW handle count AFTER the work: 54673
  PASS  H4 scratch deleted: q_m4_probe_20260924_000846.vi  C:\Program Files\National Instruments\LabVIEW 2026\user.lib\claudeDev\q_m4_probe_20260924_000846.vi
  PASS  H2 the INPUT's md5 is UNCHANGED after the run  before fdd6d74ac8a5ba0c1a545ad89ff2996f / after fdd6d74ac8a5ba0c1a545ad89ff2996f
  FACT  PIN AFTER  ORIGINAL         2a78e17c449cacdaf5da389818526859  (want 2a78e17c449cacdaf5da389818526859) OK
  FACT  PIN AFTER  S1 D1_s1_copy    3e3d23cefd3a334001aa9d6156bf1aee  (want 3e3d23cefd3a334001aa9d6156bf1aee) OK
  FACT  PIN AFTER  S2 D1_s2_loops   6ff19497f2309e007a214660bb64b911  (want 6ff19497f2309e007a214660bb64b911) OK
  FACT  PIN AFTER  ROW2 bed         26c54ff784cb5cea21edbd214d2cc3a0  (want 26c54ff784cb5cea21edbd214d2cc3a0) OK
  FACT  PIN AFTER  M3a-2            3842f5e6f128226235dc78353f26ef44  (want 3842f5e6f128226235dc78353f26ef44) OK
  FACT  PIN AFTER  M3a-4 bed        fdd6d74ac8a5ba0c1a545ad89ff2996f  (want fdd6d74ac8a5ba0c1a545ad89ff2996f) OK
  PASS  H3 every md5 pin still holds
  FACT  THE FILES THIS RUN LEFT ON DISK: []  (removed: [])
  PASS  H6 the files left on disk == [] and nothing was removed  added [] removed []
  FACT  LabVIEW handle count at exit: 33995

====================================================================================================
=== GATES: 13 pass / 0 fail
JSON: G:\Codes\LabVIEW_Codes\MinLab\zz_LabView VI\AAA_UNIST\2. Tracking\V6_ParallelLoop\tools\bench\q_m4_probe.json   elapsed 162.6 s
BGRUN END rc=0 after 163s
