BGRUN START 2026-09-23 23:55:34 limit 20.0 min: py -u tools/bench/q_m4_iterlocal.py

---------- [0] FILES ONLY - the input's md5, the pins, the claudeDev listing
  FACT  claudeDev holds 245 .vi file(s) BEFORE the run
  PASS  K1 input md5 == fdd6d74ac8a5ba0c1a545ad89ff2996f  got fdd6d74ac8a5ba0c1a545ad89ff2996f
  FACT  PIN BEFORE ORIGINAL         2a78e17c449cacdaf5da389818526859  (want 2a78e17c449cacdaf5da389818526859) OK
  FACT  PIN BEFORE S1 D1_s1_copy    3e3d23cefd3a334001aa9d6156bf1aee  (want 3e3d23cefd3a334001aa9d6156bf1aee) OK
  FACT  PIN BEFORE S2 D1_s2_loops   6ff19497f2309e007a214660bb64b911  (want 6ff19497f2309e007a214660bb64b911) OK
  FACT  PIN BEFORE ROW2 bed         26c54ff784cb5cea21edbd214d2cc3a0  (want 26c54ff784cb5cea21edbd214d2cc3a0) OK
  FACT  PIN BEFORE M3a-2            3842f5e6f128226235dc78353f26ef44  (want 3842f5e6f128226235dc78353f26ef44) OK
  FACT  PIN BEFORE M3a-4 bed        fdd6d74ac8a5ba0c1a545ad89ff2996f  (want fdd6d74ac8a5ba0c1a545ad89ff2996f) OK
  PASS  K2 the ORIGINAL's md5 is 2a78e17c449cacdaf5da389818526859  got 2a78e17c449cacdaf5da389818526859 at G:\Codes\LabVIEW_Codes\MinLab\zz_LabView VI\AAA_UNIST\2. Tracking\Min_Track N beads V6_ParallelLoop.vi

---------- [1] RESTART LabVIEW (standing authority; fresh ~31,500 handles)
  FACT  LabVIEW handle count BEFORE the restart: 0
  FACT  LabVIEW handle count AFTER the restart: 34312
  FACT  PRELOAD: the ORIGINAL is resident READ-ONLY (LabVIEW 26.3.1f1), its own ExecState 1; nothing opened, nothing saved

---------- [2] THE DATED WORK COPY under claudeDev - the input is never opened for writing
  PASS  K3 the work copy is byte-identical to the input  q_m4_iterlocal_20260923_235534.vi
  FACT  ExecState [after open] q_m4_iterlocal_20260923_235534.vi = 1
  FACT  THE WORK COPY IS A SCRATCH: this stage saves nothing, so q_m4_iterlocal_20260923_235534.vi is deleted at close
  FACT  ExecState [P1 on open] q_m4_iterlocal_20260923_235534.vi = 1
  PASS  P1 bed ExecState 1 on open  1
  FACT  panel rows labelled 'current image number': [(103, 'current image number', True)]
  PASS  P0 exactly one panel object labelled 'current image number'  [(103, 'current image number', True)]

---------- [1] OpCreateLocalRead_v0 with Write? = True (the verb S3b used, mode steered)
  FACT  create_local_write node census: 632 rows
  FACT  Q4: op ran in 0.06 s ; error cluster VERBATIM (False, 0, '') ; op walked to 'current image number' (indicator=True) ; Local census 10 -> 11 ; new Local uid(s) [23475]
  FACT  create: err_cluster (False, 0, '') run_err '' new [23475]
  PASS  P2a exactly one new Local  [23475]
  OBSERVED uid 23475 -> owner 'TopLevelDiagram' uid 536 | self 'Local'#23475 | 482 says 'TopLevelDiagram' cast 'TopLevelDiagram' |  
  FACT  new Local #23475 owner TopLevelDiagram#536
  PASS  P2b new Local born on the TopLevelDiagram  TopLevelDiagram#536
  FACT  ExecState [after create (Local unwired, top level)] q_m4_iterlocal_20260923_235534.vi = 0

---------- [2] move_in the Local into Diagram #639 (WhileLoop #637 body)
  FACT  Diagram #639 traverse index = 48
  FACT  move_in node census: 633 rows
  FACT  OP move_in #23475 -> Diagram[48] at (40, 40) -> err '' (0.2 s)
  OBSERVED uid 23475 -> owner 'Diagram' uid 639 | self 'Local'#23475 | 482 says 'Diagram' cast 'Diagram' |  
  FACT  after move: Local #23475 owner Diagram#639
  PASS  P3 Local #23475 is in Diagram #639's Nodes[]  owner Diagram#639
  FACT  ExecState [P4 after move (write-Local unwired, recorded)] q_m4_iterlocal_20260923_235534.vi = 0
  FACT  Local #23475 = Diagram[48].Nodes[68] (of 70)
  FACT  #23475 #23475 lives at: {'diagram_index': 48, 'diagram_uid': 639, 'diagram_class': 'Diagram', 'nodes_index': 68, 'nodes_on_diagram': 70, 'label': 'q_m4_iterlocal_20260923_235534.vi'}  (1 diagram(s) scanned of 173, 0.4 s)
  FACT  #23475 terminal table of #23475 (Diagram idx 48, Nodes[68], echo 23475): 1 terminal(s)
  FACT      #23475 t0  'current image number'             is_source=False wire=0       errs=[0, 0, 0, 1055]
  FACT  #23475: 1 terminal(s), 0 WIRED
  FACT  Local terminals: [{'i': 0, 'name': 'current image number', 'is_source': False, 'wire': 0, 'has_wire': False, 'errs': [0, 0, 0, 1055]}]

---------- [3] which Wire(3268).Terms[k] is #644 (OpWireSource_v5)
  FACT  w3268 OpWireSource_v5(UID 2 = 3268): 10 row(s), 9 with a REAL owner
  FACT      w3268   t0  is_source=True  owner_class='Diagram'                  owner_uid=639     recip=3268
  FACT      w3268   t1  is_source=False owner_class='Function'                 owner_uid=2136    recip=3268
  FACT      w3268   t2  is_source=False owner_class='SelectorTunnel'           owner_uid=3045    recip=3268
  FACT      w3268   t3  is_source=False owner_class='LoopTunnel'               owner_uid=2213    recip=3268
  FACT      w3268   t4  is_source=False owner_class='Function'                 owner_uid=10068   recip=3268
  FACT      w3268   t5  is_source=False owner_class='SubVI'                    owner_uid=1114    recip=3268
  FACT      w3268   t6  is_source=False owner_class='FlatSequenceOuterTunnel'  owner_uid=12195   recip=3268
  FACT      w3268   t7  is_source=False owner_class='Function'                 owner_uid=29240   recip=3268
  FACT      w3268   t8  is_source=False owner_class='SubVI'                    owner_uid=376     recip=3268
  FACT      w3268   t9  is_source=None  owner_class=None                       owner_uid=None    recip=None  READ ERROR errO=error 1055: Property Node in OpWireSource_v5.vi; errU=error 1055: Property Node in OpWireSource_v5.vi; errG=error 1055: Property Node in OpWireSource_v5.vi; errS=error 1055: Property Node in OpWireSource_v5.vi; errWU=error 1055: Property Node in OpWireSource_v5.vi; errCO=error 1055: Property Node in OpWireSource_v5.vi
  FACT  w3268 PD85 PRECONDITION: 9 real-owner row(s), 0 violate recip==queried_uid
  FACT  NET w3268: source-terminal owners [('Diagram', 639)] ; every owner [('Diagram', 639), ('FlatSequenceOuterTunnel', 12195), ('Function', 2136), ('Function', 10068), ('Function', 29240), ('LoopTunnel', 2213), ('SelectorTunnel', 3045), ('SubVI', 376), ('SubVI', 1114)] ; PD85 0
  FACT  source rows on w3268: [{'i': 0, 'is_source': True, 'owner_class': 'Diagram', 'owner_uid': 639, 'recip': 3268}]
  PASS  P5 exactly one source row, owner #639  [{'i': 0, 'is_source': True, 'owner_class': 'Diagram', 'owner_uid': 639, 'recip': 3268}]

---------- [4] OpConnectFromWire_v0: sink D[48].N[68].t0 <- w3268.Terms[0] (#644)
  FACT  connect_from_wire node census: 634 rows
  FACT  OP connect_from_wire sink D[48].N[68].t0 <- w3268[0] -> err '' (0.5 s)
  FACT  connect: wire delta 0 ES 0 err '' sub {'err_uidvi': '', 'err_wirepn': '', 'UID 2': 3268, 'Is Broken?': False, 'Name': 'current image number'} (Wire 1909 before)
  PASS  P6a op error empty  ('', {'err_uidvi': '', 'err_wirepn': '', 'UID 2': 3268, 'Is Broken?': False, 'Name': 'current image number'})
  PASS  P6b Is Broken? False  False
  PASS  P6c wire delta 0 (branch of w3268)  0
  FACT  ExecState [P6d after connect] q_m4_iterlocal_20260923_235534.vi = 0
  FAIL  P6d ExecState 1 after connect  0
  FACT  #23475 #23475 lives at: {'diagram_index': 48, 'diagram_uid': 639, 'diagram_class': 'Diagram', 'nodes_index': 68, 'nodes_on_diagram': 71, 'label': 'q_m4_iterlocal_20260923_235534.vi'}  (1 diagram(s) scanned of 173, 0.4 s)
  FACT  #23475 terminal table of #23475 (Diagram idx 48, Nodes[68], echo 23475): 1 terminal(s)
  FACT      #23475 t0  'current image number'             is_source=False wire=3268    errs=[0, 0, 0, 0]
  FACT  #23475: 1 terminal(s), 1 WIRED
  FACT  Local terminals after connect: [{'i': 0, 'name': 'current image number', 'is_source': False, 'wire': 3268, 'has_wire': True, 'errs': [0, 0, 0, 0]}]
  PASS  P7 bed md5 unchanged  fdd6d74ac8a5ba0c1a545ad89ff2996f

---------- [H] HYGIENE
  FACT  close_panel(q_m4_iterlocal_20260923_235534.vi) raised com_error: (-2147352567, '??? ??????.', (6649, 'LabVIEW', 'LabVIEW: (Hex 0x47D) Cannot close or set the state of a closed front panel. The front panel must already be open before you close it or set its state.', None, 0, 0), None)
  FACT  PRELOAD references released; refs {'opened': 9, 'closed': 9, 'live': 0, 'cached_op_vis': 10}
  FACT  gscript ref_counts: {'opened': 9, 'closed': 9, 'live': 0, 'cached_op_vis': 10}
  PASS  H5 VI-Server reference counter level (opened == closed)  {'opened': 9, 'closed': 9, 'live': 0, 'cached_op_vis': 10}
  FACT  LabVIEW handle count AFTER the work: 51812
  PASS  H4 scratch deleted: q_m4_iterlocal_20260923_235534.vi  C:\Program Files\National Instruments\LabVIEW 2026\user.lib\claudeDev\q_m4_iterlocal_20260923_235534.vi
  PASS  H2 the INPUT's md5 is UNCHANGED after the run  before fdd6d74ac8a5ba0c1a545ad89ff2996f / after fdd6d74ac8a5ba0c1a545ad89ff2996f
  FACT  PIN AFTER  ORIGINAL         2a78e17c449cacdaf5da389818526859  (want 2a78e17c449cacdaf5da389818526859) OK
  FACT  PIN AFTER  S1 D1_s1_copy    3e3d23cefd3a334001aa9d6156bf1aee  (want 3e3d23cefd3a334001aa9d6156bf1aee) OK
  FACT  PIN AFTER  S2 D1_s2_loops   6ff19497f2309e007a214660bb64b911  (want 6ff19497f2309e007a214660bb64b911) OK
  FACT  PIN AFTER  ROW2 bed         26c54ff784cb5cea21edbd214d2cc3a0  (want 26c54ff784cb5cea21edbd214d2cc3a0) OK
  FACT  PIN AFTER  M3a-2            3842f5e6f128226235dc78353f26ef44  (want 3842f5e6f128226235dc78353f26ef44) OK
  FACT  PIN AFTER  M3a-4 bed        fdd6d74ac8a5ba0c1a545ad89ff2996f  (want fdd6d74ac8a5ba0c1a545ad89ff2996f) OK
  PASS  H3 every md5 pin still holds
  FACT  THE FILES THIS RUN LEFT ON DISK: []  (removed: [])
  PASS  H6 the files left on disk == [] and nothing was removed  added [] removed []
  FACT  LabVIEW handle count at exit: 33991

====================================================================================================
=== GATES: 18 pass / 1 fail; failing: P6d ExecState 1 after connect
JSON: G:\Codes\LabVIEW_Codes\MinLab\zz_LabView VI\AAA_UNIST\2. Tracking\V6_ParallelLoop\tools\bench\q_m4_iterlocal.json   elapsed 130.0 s
BGRUN END rc=1 after 130s
