BGRUN START 2026-09-12 13:55:14 limit 20.0 min: py -u tools/bench/read_diagram87.py 87
diagram 87: 14 nodes, 23 nets

   node[0] uid 13366    5 terms: ['reference', 'reference out', 'error in (no error)', 'error out', 'Value']
   node[1] uid 13390    0 terms: []
   node[2] uid 13491    2 terms: ['size(s)', 'array']
   node[3] uid 13499    2 terms: ['x > 0?', 'x']
   node[4] uid 13507    1 terms: ['data string']
   node[5] uid 13938    6 terms: ['New Image', 'Border Size', 'Image Name', 'error out', 'Image Type', 'error in (no error)']
   node[6] uid 13962    2 terms: ['error out', 'Session Out']
   node[7] uid 27926    5 terms: ['reference', 'reference out', 'error in (no error)', 'error out', 'Value']
   node[8] uid 1491     3 terms: ['x-y', 'y', 'x']
   node[9] uid 29546    2 terms: ['Magnet position output', 'Magnet position input']
   node[10] uid 33151    2 terms: ['error out', 'Session Out']
   node[11] uid 28344    6 terms: ['reference', 'reference out', 'error in (no error)', 'error out', 'Maximum', 'Minimum']
   node[12] uid 9775     6 terms: ['IMAQdx Session', 'IMAQdx Session', 'error in (no error)', 'error out', 'Height', 'Width']
   node[13] uid 13251    3 terms: ['x-y', 'y', 'x']

==============================================================================
NETS TOUCHING A 'Height' OR 'Width' TERMINAL

   wire 32937: 1 terminals on it
      node[12] uid 9775 terminal[4] 'Height'

   wire 32938: 1 terminals on it
      node[12] uid 9775 terminal[5] 'Width'

   uid 9775 terminal 'Height': wire 32937  (wired)

   uid 9775 terminal 'Width': wire 32938  (wired)

written to G:\Codes\LabVIEW_Codes\MinLab\zz_LabView VI\AAA_UNIST\2. Tracking\V6_ParallelLoop\tools\bench\diagram87_netmap.json
BGRUN END rc=0 after 105s
