BGRUN START 2026-09-20 07:16:03 limit 10.0 min: py -u tools/bench/replay_netmap_truncation.py
============================================================================================
CYCLE 54 JOB 1 -- net_map truncation REPLAY + #637 border RE-DERIVATION (files only)
============================================================================================
nodeterms : main_vi_nodeterms.json  nodes=626 terminals=3328  vi=Min_Track N beads V6_ParallelLoop.vi
netmap    : main_vi_netmap.json  diagrams=170 complete=True
row table : c53_row_class.json  cut rows=17

--------------------------------------------------------------------------------------------
PART 1 -- reproduce every netmap/nodeterms disagreement  (review section 6 recipe)
--------------------------------------------------------------------------------------------
nodes present in BOTH censuses            : 626
nodes in nodeterms but NOT in the netmap   : 0
nodes that AGREE (netmap == full `if t`)   : 574
nodes that DISAGREE                        : 52

per-node table of every disagreement:
  dia    uid     #term  netmap  full    short  repro  stop             cause       
  ---------------------------------------------------------------------------------
  19     637     59     28      41      13     yes    cap@40           cap@40      
  160    23812   23     2       12      10     yes    empties3@i4      empties>=3  
  162    24815   23     2       12      10     yes    empties3@i4      empties>=3  
  137    16788   12     0       9       9      yes    empties3@i2      empties>=3  
  43     6810    16     1       9       8      yes    empties3@i3      empties>=3  
  19     6384    12     1       8       7      yes    empties3@i4      empties>=3  
  163    23119   27     11      17      6      yes    empties3@i19     empties>=3  
  163    23278   27     11      17      6      yes    empties3@i19     empties>=3  
  161    24170   27     11      17      6      yes    empties3@i19     empties>=3  
  162    24656   27     11      17      6      yes    empties3@i19     empties>=3  
  157    22692   12     4       9       5      yes    empties3@i6      empties>=3  
  43     22700   12     2       7       5      yes    empties3@i6      empties>=3  
  99     15403   12     4       8       4      yes    empties3@i6      empties>=3  
  73     26539   11     2       6       4      yes    empties3@i6      empties>=3  
  88     30697   11     2       6       4      yes    empties3@i6      empties>=3  
  151    34822   11     2       6       4      yes    empties3@i6      empties>=3  
  167    35532   11     2       6       4      yes    empties3@i6      empties>=3  
  10     44036   11     2       6       4      yes    empties3@i6      empties>=3  
  90     1675    12     3       6       3      yes    empties3@i6      empties>=3  
  15     7774    12     2       5       3      yes    empties3@i6      empties>=3  
  17     9944    12     2       5       3      yes    empties3@i6      empties>=3  
  146    13341   12     3       6       3      yes    empties3@i6      empties>=3  
  87     13962   12     2       5       3      yes    empties3@i6      empties>=3  
  97     14858   12     2       5       3      yes    empties3@i6      empties>=3  
  99     15511   10     0       3       3      yes    empties3@i2      empties>=3  
  73     19093   12     3       6       3      yes    empties3@i6      empties>=3  
  145    19705   12     2       5       3      yes    empties3@i6      empties>=3  
  74     29009   12     2       5       3      yes    empties3@i6      empties>=3  
  50     30306   12     2       5       3      yes    empties3@i6      empties>=3  
  87     33151   12     2       5       3      yes    empties3@i6      empties>=3  
  148    34148   12     3       6       3      yes    empties3@i6      empties>=3  
  12     44196   12     3       6       3      yes    empties3@i6      empties>=3  
  83     1839    12     2       4       2      yes    empties3@i6      empties>=3  
  83     2078    12     1       3       2      yes    empties3@i3      empties>=3  
  5      5403    20     6       8       2      yes    empties3@i9      empties>=3  
  5      5497    20     5       7       2      yes    empties3@i8      empties>=3  
  91     14196   20     6       8       2      yes    empties3@i9      empties>=3  
  129    17164   20     6       8       2      yes    empties3@i9      empties>=3  
  117    18136   20     5       7       2      yes    empties3@i8      empties>=3  
  69     21046   20     6       8       2      yes    empties3@i9      empties>=3  
  83     29815   12     1       3       2      yes    empties3@i3      empties>=3  
  91     31090   20     5       7       2      yes    empties3@i8      empties>=3  
  91     31263   20     5       7       2      yes    empties3@i8      empties>=3  
  69     1779    20     5       6       1      yes    empties3@i8      empties>=3  
  4      4620    20     5       6       1      yes    empties3@i8      empties>=3  
  91     14331   20     5       6       1      yes    empties3@i8      empties>=3  
  121    16184   20     5       6       1      yes    empties3@i8      empties>=3  
  40     26085   20     5       6       1      yes    empties3@i8      empties>=3  
  36     26739   20     5       6       1      yes    empties3@i8      empties>=3  
  129    30780   20     5       6       1      yes    empties3@i8      empties>=3  
  3      30804   20     5       6       1      yes    empties3@i8      empties>=3  
  125    31870   20     5       6       1      yes    empties3@i8      empties>=3  

TOTALS PER CAUSE : {"empties>=3": 51, "cap@40": 1}
terminals the `if t` filter drops that ARE WIRED (whole census): 156

  PASS  G1  P1 nodeterms node count == 626  nodes=626
  PASS  G2  P2 agree == 574  agree=574 of 626 compared (626 in nodeterms)
  PASS  G3  P2 disagree == 52  disagree=52
  PASS  G4  P4 every disagreement reproduced  unexplained=0 -> []
  PASS  G5  P4 cap@40 holds EXACTLY #637  cap@40 nodes=[637]
  PASS  G6  P4 empties>=3 holds the other 51  empties>=3 nodes=51
  PASS  G7  P4 #30804 and #4620 are empties>=3 cases  30804 in=True 4620 in=True

--------------------------------------------------------------------------------------------
PART 2 -- #637's border RE-DERIVED FROM NODETERMS ONLY (main_vi_nodeterms.json:6424-7131)
--------------------------------------------------------------------------------------------
#637 sits on nodeterms diagram 19 (owner class 'FlatSequenceFrame') as node n=4
#637 terminals (nodeterms) : 59     netmap array length : 28
unnamed terminals inside i0..i39 : 12 -> [14, 17, 22, 23, 26, 27, 30, 31, 32, 33, 34, 37]
arithmetic of the cap: 40 - 12 = 28

FULL 59-TERMINAL TABLE (index | name | is_source | wire | in netmap?)
  i    name                                       is_src   wire     in netmap
  ---------------------------------------------------------------------------
  0    'error out'                                True     697      yes      
  1    'error out'                                False    925      yes      
  2    'x,y,z array out'                          True     0        yes      
  3    'x,y,z array out'                          False    2731     yes      
  4    'Value'                                    False    6910     yes      
  5    'Real-space cosine window'                 False    5786     yes      
  6    'Cosine bandpass for Hilbert'              False    4029     yes      
  7    'Session Out'                              True     4436     yes      
  8    'position [internal units]'                True     4859     yes      
  9    'position [internal units]'                False    3968     yes      
  10   'VISA out'                                 True     7506     yes      
  11   'VISA out'                                 False    4185     yes      
  12   'total data array out'                     True     3957     yes      
  13   'total data array out'                     False    3543     yes      
  14   ''                                         False    2362     n/a (`if t`)
  15   'error out'                                True     1899     yes      
  16   'error out'                                False    4969     yes      
  17   ''                                         False    5104     n/a (`if t`)
  18   'file number to append out'                True     5073     yes      
  19   'file progress'                            True     4337     yes      
  20   'LastBufferNumber'                         True     0        yes      
  21   'LastBufferNumber'                         False    1827     yes      
  22   ''                                         False    3668     n/a (`if t`)
  23   ''                                         False    21       n/a (`if t`)
  24   'pos in cal image out'                     True     0        yes      
  25   'pos in cal image out'                     False    8590     yes      
  26   ''                                         False    5174     n/a (`if t`)
  27   ''                                         False    5336     n/a (`if t`)
  28   'Bead is good? array out'                  True     0        yes      
  29   'Bead is good? array out'                  False    5812     yes      
  30   ''                                         False    5812     n/a (`if t`)
  31   ''                                         False    2731     n/a (`if t`)
  32   ''                                         False    2641     n/a (`if t`)
  33   ''                                         False    5265     n/a (`if t`)
  34   ''                                         False    3853     n/a (`if t`)
  35   'Value'                                    False    1678     yes      
  36   'current image number'                     True     1420     yes      
  37   ''                                         True     2187     n/a (`if t`)
  38   'LastBufferNumber'                         False    1827     yes      
  39   'error out'                                False    6197     yes      
  40   ''                                         True     0        n/a (`if t`)
  41   ''                                         False    9051     n/a (`if t`)
  42   '# FD points'                              False    9000     NO       
  43   'F-x out'                                  True     0        NO       
  44   'F-x out'                                  False    0        NO       
  45   '# slices in stack'                        False    9649     NO       
  46   'Value'                                    True     0        NO       
  47   'Value'                                    False    11253    NO       
  48   'System no.'                               True     0        NO       
  49   'System no.'                               False    16421    NO       
  50   '# DT points'                              False    29006    NO       
  51   ''                                         True     0        n/a (`if t`)
  52   ''                                         False    29122    n/a (`if t`)
  53   'Magnet position output'                   False    28392    NO       
  54   ''                                         False    29081    n/a (`if t`)
  55   ''                                         False    29106    n/a (`if t`)
  56   'Value'                                    False    32583    NO       
  57   'Value'                                    True     0        NO       
  58   'Value'                                    False    32344    NO       

i40..i58 (the CAPPED tail): 19 terminals, 12 with a non-zero wire
  i40..i58 wire ends : [9051, 9000, 9649, 11253, 16421, 29006, 29122, 28392, 29081, 29106, 32583, 32344]
  the 12 wires named by the review, absent from netmap diagram 19 : 5 of 12
  PASS  G8  P3 #637 has 59 terminals  n=59
  PASS  G9  P3 netmap keeps 28  netmap len=28
  PASS  G10 P3 40 - unnamed(i0..i39) == netmap length  40-12=28 vs 28
  PASS  G11 P5 all 12 named wires sit on i40..i58  not on the tail: []
  FAIL  G12 P5 all 12 absent from the netmap wires table  absent=5 present=[9051, 9000, 29006, 29122, 28392, 29081, 29106]

--------------------------------------------------------------------------------------------
PART 3 -- RE-DERIVED from nodeterms: who carries the 17 cut rows' wires, and 4185 / 7506
--------------------------------------------------------------------------------------------
complete wire index built from nodeterms: 1376 distinct wire uids over 170 diagrams
diagram index 19 = Diagram #686 (holds #637) | diagram index 43 = Diagram #639 (#637's body)

  uid     t   terminal name                  wire    action                 carriers
  ----------------------------------------------------------------------------------
  10407   0   ''                             10799   cross-loop:1.2->1.5    2      
        dia 43  WhileLoop          node #10407   i0   sink     ''
        dia 43  WhileLoop          node #10686   i0   SRC      'x .and. y?'
  10407   1   '# slices in stack'            9635    from-tunnel            1      
        dia 43  WhileLoop          node #10407   i1   sink     '# slices in stack'
  10407   2   'Index of closest\\ncal image  10990   cross-loop:1.2->1.5    2      
        dia 43  WhileLoop          node #10407   i2   sink     'Index of closest\\ncal image slice, bea
        dia 43  WhileLoop          node #10757   i1   SRC      'element'
  10407   3   'Outgoing Handle'              11232   same-loop              2      
        dia 43  WhileLoop          node #48      i6   SRC      'Outgoing Handle'
        dia 43  WhileLoop          node #10407   i3   sink     'Outgoing Handle'
  10407   4   'VISA out'                     7337    to-sr                  1      
        dia 43  WhileLoop          node #10407   i4   SRC      'VISA out'
  10407   5   'Out position'                 7388    same-loop              2      
        dia 43  WhileLoop          node #48      i5   SRC      'Out position'
        dia 43  WhileLoop          node #10407   i5   sink     'Out position'
  10407   6   'position [internal units]'    9113    to-sr                  2      
        dia 43  WhileLoop          node #10407   i6   SRC      'position [internal units]'
        dia 43  WhileLoop          node #12589   i1   sink     'position [internal units]'
  48      0   '-Inc reference'               4833    same-loop              2      
        dia 43  WhileLoop          node #3529    i0   SRC      '- Inc (PgDn)'
        dia 43  WhileLoop          node #48      i0   sink     '-Inc reference'
  48      1   '+Inc reference'               2819    same-loop              2      
        dia 43  WhileLoop          node #3560    i0   SRC      '+ Inc (PgUp)'
        dia 43  WhileLoop          node #48      i1   sink     '+Inc reference'
  48      2   'Focus inc reference'          1893    same-loop              2      
        dia 43  WhileLoop          node #3447    i0   SRC      'Focus Step (F1)'
        dia 43  WhileLoop          node #48      i2   sink     'Focus inc reference'
  48      3   'VISA resource name'           1731    from-sr                1      
        dia 43  WhileLoop          node #48      i3   sink     'VISA resource name'
  48      4   'In position'                  3947    from-sr                1      
        dia 43  WhileLoop          node #48      i4   sink     'In position'
  48      5   'Out position'                 7388    source-side            2      
        dia 43  WhileLoop          node #48      i5   SRC      'Out position'
        dia 43  WhileLoop          node #10407   i5   sink     'Out position'
  48      6   'Outgoing Handle'              11232   source-side            2      
        dia 43  WhileLoop          node #48      i6   SRC      'Outgoing Handle'
        dia 43  WhileLoop          node #10407   i3   sink     'Outgoing Handle'
  3529    0   '- Inc (PgDn)'                 4833    source-side            2      
        dia 43  WhileLoop          node #3529    i0   SRC      '- Inc (PgDn)'
        dia 43  WhileLoop          node #48      i0   sink     '-Inc reference'
  3560    0   '+ Inc (PgUp)'                 2819    source-side            2      
        dia 43  WhileLoop          node #3560    i0   SRC      '+ Inc (PgUp)'
        dia 43  WhileLoop          node #48      i1   sink     '+Inc reference'
  3447    0   'Focus Step (F1)'              1893    source-side            2      
        dia 43  WhileLoop          node #3447    i0   SRC      'Focus Step (F1)'
        dia 43  WhileLoop          node #48      i2   sink     'Focus inc reference'

RE-DERIVED COUNTS over the 17 cut rows (complete census):
  rows whose wire is carried by ANY node terminal on Diagram #686 : 0
  rows whose wire has a SOURCE node terminal on Diagram #686      : 0
  (the struck claim in Pre-decided 38(b) said 0, drawn off the TRUNCATED table)

wire 4185 : 1 node terminal(s) in the COMPLETE census, 1 of them on Diagram #686
      dia 19  FlatSequenceFrame  node #637     i11  sink     'VISA out'
      netmap diagram 19 wires table carries 4185 : True (netmap ends=[[4, 11, 'VISA out']])
wire 7506 : 1 node terminal(s) in the COMPLETE census, 1 of them on Diagram #686
      dia 19  FlatSequenceFrame  node #637     i10  SRC      'VISA out'
      netmap diagram 19 wires table carries 7506 : True (netmap ends=[[4, 10, 'VISA out']])

  PASS  G13 4185 is carried by at least one node terminal  carriers=1 -> [(637, 11)]
  PASS  G14 7506 is carried by at least one node terminal  carriers=1 -> [(637, 10)]
  PASS  G15 MEASURED: no OTHER node terminal on #686 carries 4185/7506  4185 only-#637=True  7506 only-#637=True  (this is now measured on the COMPLETE census, not inferred from the truncated one)

--------------------------------------------------------------------------------------------
PART 4 -- does docs/frame-loop-wire-graph.md carry the re-derived #637 wires?
--------------------------------------------------------------------------------------------
#637 distinct non-zero wires (nodeterms) : 45
  of those, NOT mentioned anywhere in the doc : 28 -> [21, 697, 925, 1420, 1678, 2187, 2362, 2641, 3668, 3853, 4029, 4337, 4436, 5073, 5104, 5174, 5265, 5336, 5786, 6197, 6910, 9000, 9649, 28392, 29006, 29081, 29106, 32583]
doc generators read (grep): stitch_state_carriers.py and stitch_frame_loop_border.py both
  load main_vi_nodeterms.json; NEITHER loads main_vi_netmap.json, and the string 'netmap'
  does not occur in docs/frame-loop-wire-graph.md.
  FAIL  G16 every #637 wire the complete census reports appears in the doc  missing=28

============================================================================================
14 pass / 2 fail   (gates REPORTED, not required)
readings -> tools/bench/replay_netmap_truncation.json
============================================================================================
BGRUN INNER FAILURE: the command exited 0 but its output reported 2 failure(s); first: FAIL  G12 P5 all 12 absent from the netmap wires table  absent=5 present=[9051, 9000, 29006, 29122, 28392, 29081, 29106]
BGRUN END rc=1 after 0s (inner failure; the process itself said 0)
BGRUN START 2026-09-20 07:32:10 limit 10.0 min: py -u tools/bench/replay_netmap_truncation.py
============================================================================================
CYCLE 54 JOB 1 -- net_map truncation REPLAY + #637 border RE-DERIVATION (files only)
============================================================================================
nodeterms : main_vi_nodeterms.json  nodes=626 terminals=3328  vi=Min_Track N beads V6_ParallelLoop.vi
netmap    : main_vi_netmap.json  diagrams=170 complete=True
row table : c53_row_class.json  cut rows=17

--------------------------------------------------------------------------------------------
PART 1 -- reproduce every netmap/nodeterms disagreement  (review section 6 recipe)
--------------------------------------------------------------------------------------------
nodes present in BOTH censuses            : 626
nodes in nodeterms but NOT in the netmap   : 0
nodes that AGREE (netmap == full `if t`)   : 574
nodes that DISAGREE                        : 52

per-node table of every disagreement:
  dia    uid     #term  netmap  full    short  repro  stop             cause       
  ---------------------------------------------------------------------------------
  19     637     59     28      41      13     yes    cap@40           cap@40      
  160    23812   23     2       12      10     yes    empties3@i4      empties>=3  
  162    24815   23     2       12      10     yes    empties3@i4      empties>=3  
  137    16788   12     0       9       9      yes    empties3@i2      empties>=3  
  43     6810    16     1       9       8      yes    empties3@i3      empties>=3  
  19     6384    12     1       8       7      yes    empties3@i4      empties>=3  
  163    23119   27     11      17      6      yes    empties3@i19     empties>=3  
  163    23278   27     11      17      6      yes    empties3@i19     empties>=3  
  161    24170   27     11      17      6      yes    empties3@i19     empties>=3  
  162    24656   27     11      17      6      yes    empties3@i19     empties>=3  
  157    22692   12     4       9       5      yes    empties3@i6      empties>=3  
  43     22700   12     2       7       5      yes    empties3@i6      empties>=3  
  99     15403   12     4       8       4      yes    empties3@i6      empties>=3  
  73     26539   11     2       6       4      yes    empties3@i6      empties>=3  
  88     30697   11     2       6       4      yes    empties3@i6      empties>=3  
  151    34822   11     2       6       4      yes    empties3@i6      empties>=3  
  167    35532   11     2       6       4      yes    empties3@i6      empties>=3  
  10     44036   11     2       6       4      yes    empties3@i6      empties>=3  
  90     1675    12     3       6       3      yes    empties3@i6      empties>=3  
  15     7774    12     2       5       3      yes    empties3@i6      empties>=3  
  17     9944    12     2       5       3      yes    empties3@i6      empties>=3  
  146    13341   12     3       6       3      yes    empties3@i6      empties>=3  
  87     13962   12     2       5       3      yes    empties3@i6      empties>=3  
  97     14858   12     2       5       3      yes    empties3@i6      empties>=3  
  99     15511   10     0       3       3      yes    empties3@i2      empties>=3  
  73     19093   12     3       6       3      yes    empties3@i6      empties>=3  
  145    19705   12     2       5       3      yes    empties3@i6      empties>=3  
  74     29009   12     2       5       3      yes    empties3@i6      empties>=3  
  50     30306   12     2       5       3      yes    empties3@i6      empties>=3  
  87     33151   12     2       5       3      yes    empties3@i6      empties>=3  
  148    34148   12     3       6       3      yes    empties3@i6      empties>=3  
  12     44196   12     3       6       3      yes    empties3@i6      empties>=3  
  83     1839    12     2       4       2      yes    empties3@i6      empties>=3  
  83     2078    12     1       3       2      yes    empties3@i3      empties>=3  
  5      5403    20     6       8       2      yes    empties3@i9      empties>=3  
  5      5497    20     5       7       2      yes    empties3@i8      empties>=3  
  91     14196   20     6       8       2      yes    empties3@i9      empties>=3  
  129    17164   20     6       8       2      yes    empties3@i9      empties>=3  
  117    18136   20     5       7       2      yes    empties3@i8      empties>=3  
  69     21046   20     6       8       2      yes    empties3@i9      empties>=3  
  83     29815   12     1       3       2      yes    empties3@i3      empties>=3  
  91     31090   20     5       7       2      yes    empties3@i8      empties>=3  
  91     31263   20     5       7       2      yes    empties3@i8      empties>=3  
  69     1779    20     5       6       1      yes    empties3@i8      empties>=3  
  4      4620    20     5       6       1      yes    empties3@i8      empties>=3  
  91     14331   20     5       6       1      yes    empties3@i8      empties>=3  
  121    16184   20     5       6       1      yes    empties3@i8      empties>=3  
  40     26085   20     5       6       1      yes    empties3@i8      empties>=3  
  36     26739   20     5       6       1      yes    empties3@i8      empties>=3  
  129    30780   20     5       6       1      yes    empties3@i8      empties>=3  
  3      30804   20     5       6       1      yes    empties3@i8      empties>=3  
  125    31870   20     5       6       1      yes    empties3@i8      empties>=3  

TOTALS PER CAUSE : {"empties>=3": 51, "cap@40": 1}
terminals the `if t` filter drops that ARE WIRED (whole census): 156

  PASS  G1  P1 nodeterms node count == 626  nodes=626
  PASS  G2  P2 agree == 574  agree=574 of 626 compared (626 in nodeterms)
  PASS  G3  P2 disagree == 52  disagree=52
  PASS  G4  P4 every disagreement reproduced  unexplained=0 -> []
  PASS  G5  P4 cap@40 holds EXACTLY #637  cap@40 nodes=[637]
  PASS  G6  P4 empties>=3 holds the other 51  empties>=3 nodes=51
  PASS  G7  P4 #30804 and #4620 are empties>=3 cases  30804 in=True 4620 in=True

--------------------------------------------------------------------------------------------
PART 2 -- #637's border RE-DERIVED FROM NODETERMS ONLY (main_vi_nodeterms.json:6424-7131)
--------------------------------------------------------------------------------------------
#637 sits on nodeterms diagram 19 (owner class 'FlatSequenceFrame') as node n=4
#637 terminals (nodeterms) : 59     netmap array length : 28
unnamed terminals inside i0..i39 : 12 -> [14, 17, 22, 23, 26, 27, 30, 31, 32, 33, 34, 37]
arithmetic of the cap: 40 - 12 = 28

FULL 59-TERMINAL TABLE (index | name | is_source | wire | in netmap?)
  i    name                                       is_src   wire     in netmap
  ---------------------------------------------------------------------------
  0    'error out'                                True     697      yes      
  1    'error out'                                False    925      yes      
  2    'x,y,z array out'                          True     0        yes      
  3    'x,y,z array out'                          False    2731     yes      
  4    'Value'                                    False    6910     yes      
  5    'Real-space cosine window'                 False    5786     yes      
  6    'Cosine bandpass for Hilbert'              False    4029     yes      
  7    'Session Out'                              True     4436     yes      
  8    'position [internal units]'                True     4859     yes      
  9    'position [internal units]'                False    3968     yes      
  10   'VISA out'                                 True     7506     yes      
  11   'VISA out'                                 False    4185     yes      
  12   'total data array out'                     True     3957     yes      
  13   'total data array out'                     False    3543     yes      
  14   ''                                         False    2362     n/a (`if t`)
  15   'error out'                                True     1899     yes      
  16   'error out'                                False    4969     yes      
  17   ''                                         False    5104     n/a (`if t`)
  18   'file number to append out'                True     5073     yes      
  19   'file progress'                            True     4337     yes      
  20   'LastBufferNumber'                         True     0        yes      
  21   'LastBufferNumber'                         False    1827     yes      
  22   ''                                         False    3668     n/a (`if t`)
  23   ''                                         False    21       n/a (`if t`)
  24   'pos in cal image out'                     True     0        yes      
  25   'pos in cal image out'                     False    8590     yes      
  26   ''                                         False    5174     n/a (`if t`)
  27   ''                                         False    5336     n/a (`if t`)
  28   'Bead is good? array out'                  True     0        yes      
  29   'Bead is good? array out'                  False    5812     yes      
  30   ''                                         False    5812     n/a (`if t`)
  31   ''                                         False    2731     n/a (`if t`)
  32   ''                                         False    2641     n/a (`if t`)
  33   ''                                         False    5265     n/a (`if t`)
  34   ''                                         False    3853     n/a (`if t`)
  35   'Value'                                    False    1678     yes      
  36   'current image number'                     True     1420     yes      
  37   ''                                         True     2187     n/a (`if t`)
  38   'LastBufferNumber'                         False    1827     yes      
  39   'error out'                                False    6197     yes      
  40   ''                                         True     0        n/a (`if t`)
  41   ''                                         False    9051     n/a (`if t`)
  42   '# FD points'                              False    9000     NO       
  43   'F-x out'                                  True     0        NO       
  44   'F-x out'                                  False    0        NO       
  45   '# slices in stack'                        False    9649     NO       
  46   'Value'                                    True     0        NO       
  47   'Value'                                    False    11253    NO       
  48   'System no.'                               True     0        NO       
  49   'System no.'                               False    16421    NO       
  50   '# DT points'                              False    29006    NO       
  51   ''                                         True     0        n/a (`if t`)
  52   ''                                         False    29122    n/a (`if t`)
  53   'Magnet position output'                   False    28392    NO       
  54   ''                                         False    29081    n/a (`if t`)
  55   ''                                         False    29106    n/a (`if t`)
  56   'Value'                                    False    32583    NO       
  57   'Value'                                    True     0        NO       
  58   'Value'                                    False    32344    NO       

i40..i58 (the CAPPED tail): 19 terminals, 12 with a non-zero wire
  i40..i58 wire ends : [9051, 9000, 9649, 11253, 16421, 29006, 29122, 28392, 29081, 29106, 32583, 32344]
  the 12 wires named by the review, absent from netmap diagram 19 : 5 of 12

  REFINEMENT (the review's claim measured exactly): the netmap wires table is keyed by
  wire uid and filled from EVERY node of the diagram, so a wire can be present in it while
  #637's OWN end is missing.  #637 is walk index n=4 on this diagram.
    wire 9051   in table=True   #637 end present=False  ends=[[12, 1, 'initialized array']]
    wire 9000   in table=True   #637 end present=False  ends=[[12, 4, 'dimension size']]
    wire 9649   in table=False  #637 end present=False  ends=None
    wire 11253  in table=False  #637 end present=False  ends=None
    wire 16421  in table=False  #637 end present=False  ends=None
    wire 29006  in table=True   #637 end present=False  ends=[[15, 4, 'dimension size']]
    wire 29122  in table=True   #637 end present=False  ends=[[15, 1, 'initialized array']]
    wire 28392  in table=True   #637 end present=False  ends=[[16, 0, 'Magnet position output'], [17, 3, 'Magnet position output']]
    wire 29081  in table=True   #637 end present=False  ends=[[17, 1, '']]
    wire 29106  in table=True   #637 end present=False  ends=[[17, 2, '']]
    wire 32583  in table=False  #637 end present=False  ends=None
    wire 32344  in table=False  #637 end present=False  ends=None

  BIJECTION TEST (peer's section 4) -- is netmap `n` the same index space as nodeterms' node order?
    n=0    ends=2    -> candidate uid(s) [8486]
    n=1    ends=3    -> candidate uid(s) [7201]
    n=2    ends=4    -> candidate uid(s) [781]
    n=3    ends=4    -> candidate uid(s) [250]
    n=4    ends=36   -> candidate uid(s) [637]
    n=5    ends=1    -> candidate uid(s) [6951]
    n=6    ends=1    -> candidate uid(s) [6409]
    n=7    ends=4    -> candidate uid(s) [2048]
    n=8    ends=1    -> candidate uid(s) [7202]
    n=9    ends=3    -> candidate uid(s) [194]
    n=10   ends=3    -> candidate uid(s) [1628]
    n=11   ends=1    -> candidate uid(s) [6384]
    n=12   ends=5    -> candidate uid(s) [8953]
    n=13   ends=2    -> candidate uid(s) [9342]
    n=14   ends=2    -> candidate uid(s) [9179]
    n=15   ends=5    -> candidate uid(s) [28124]
    n=16   ends=2    -> candidate uid(s) [27605]
    n=17   ends=4    -> candidate uid(s) [28670]
    n=18   ends=6    -> candidate uid(s) [25380]
    n=19   ends=3    -> candidate uid(s) [25091]
    n=20   ends=3    -> candidate uid(s) [25149]
  PASS  G12c PEER TEST: netmap `n` resolves to exactly one nodeterms uid  ambiguous n values: []
  PASS  G12d PEER TEST: n=4 resolves to uid 637 and nothing else  n=4 -> [637]
  PASS  G12e PEER TEST: every resolved n equals the nodeterms node ORDER at that index  bijection matches nodeterms node order on diagram 19
    FREE COUNTERS the peer asked for:
      netmap diagram 19 wire-ends whose NAME is empty : 15  (the `wires` table records
        unnamed-but-wired terminals; the `nodes` table drops them -- DIFFERENT POPULATIONS)
      wires on diagram 19 : netmap 69, nodeterms 74; netmap-only 0, nodeterms-only 5
      netmap-only wire uids : []
  PASS  G8  P3 #637 has 59 terminals  n=59
  PASS  G9  P3 netmap keeps 28  netmap len=28
  PASS  G10 P3 40 - unnamed(i0..i39) == netmap length  40-12=28 vs 28
  PASS  G11 P5 all 12 named wires sit on i40..i58  not on the tail: []
  FAIL  G12 P5 all 12 absent from the netmap wires table  absent=5 present=[9051, 9000, 29006, 29122, 28392, 29081, 29106] -- MEASURED REFINEMENT of the review's wording: only 5 of the 12 are absent from the TABLE; the other 7 appear there via OTHER nodes of the same diagram
  PASS  G12b P5 restated: #637's OWN end is missing for all 12  wires with no #637 end in the netmap table: 12 of 12 -> [9051, 9000, 9649, 11253, 16421, 29006, 29122, 28392, 29081, 29106, 32583, 32344]

--------------------------------------------------------------------------------------------
PART 3 -- RE-DERIVED from nodeterms: who carries the 17 cut rows' wires, and 4185 / 7506
--------------------------------------------------------------------------------------------
complete wire index built from nodeterms: 1376 distinct wire uids over 170 diagrams
diagram index 19 = Diagram #686 (holds #637) | diagram index 43 = Diagram #639 (#637's body)

  uid     t   terminal name                  wire    action                 carriers
  ----------------------------------------------------------------------------------
  10407   0   ''                             10799   cross-loop:1.2->1.5    2      
        dia 43  WhileLoop          node #10407   i0   sink     ''
        dia 43  WhileLoop          node #10686   i0   SRC      'x .and. y?'
  10407   1   '# slices in stack'            9635    from-tunnel            1      
        dia 43  WhileLoop          node #10407   i1   sink     '# slices in stack'
  10407   2   'Index of closest\\ncal image  10990   cross-loop:1.2->1.5    2      
        dia 43  WhileLoop          node #10407   i2   sink     'Index of closest\\ncal image slice, bea
        dia 43  WhileLoop          node #10757   i1   SRC      'element'
  10407   3   'Outgoing Handle'              11232   same-loop              2      
        dia 43  WhileLoop          node #48      i6   SRC      'Outgoing Handle'
        dia 43  WhileLoop          node #10407   i3   sink     'Outgoing Handle'
  10407   4   'VISA out'                     7337    to-sr                  1      
        dia 43  WhileLoop          node #10407   i4   SRC      'VISA out'
  10407   5   'Out position'                 7388    same-loop              2      
        dia 43  WhileLoop          node #48      i5   SRC      'Out position'
        dia 43  WhileLoop          node #10407   i5   sink     'Out position'
  10407   6   'position [internal units]'    9113    to-sr                  2      
        dia 43  WhileLoop          node #10407   i6   SRC      'position [internal units]'
        dia 43  WhileLoop          node #12589   i1   sink     'position [internal units]'
  48      0   '-Inc reference'               4833    same-loop              2      
        dia 43  WhileLoop          node #3529    i0   SRC      '- Inc (PgDn)'
        dia 43  WhileLoop          node #48      i0   sink     '-Inc reference'
  48      1   '+Inc reference'               2819    same-loop              2      
        dia 43  WhileLoop          node #3560    i0   SRC      '+ Inc (PgUp)'
        dia 43  WhileLoop          node #48      i1   sink     '+Inc reference'
  48      2   'Focus inc reference'          1893    same-loop              2      
        dia 43  WhileLoop          node #3447    i0   SRC      'Focus Step (F1)'
        dia 43  WhileLoop          node #48      i2   sink     'Focus inc reference'
  48      3   'VISA resource name'           1731    from-sr                1      
        dia 43  WhileLoop          node #48      i3   sink     'VISA resource name'
  48      4   'In position'                  3947    from-sr                1      
        dia 43  WhileLoop          node #48      i4   sink     'In position'
  48      5   'Out position'                 7388    source-side            2      
        dia 43  WhileLoop          node #48      i5   SRC      'Out position'
        dia 43  WhileLoop          node #10407   i5   sink     'Out position'
  48      6   'Outgoing Handle'              11232   source-side            2      
        dia 43  WhileLoop          node #48      i6   SRC      'Outgoing Handle'
        dia 43  WhileLoop          node #10407   i3   sink     'Outgoing Handle'
  3529    0   '- Inc (PgDn)'                 4833    source-side            2      
        dia 43  WhileLoop          node #3529    i0   SRC      '- Inc (PgDn)'
        dia 43  WhileLoop          node #48      i0   sink     '-Inc reference'
  3560    0   '+ Inc (PgUp)'                 2819    source-side            2      
        dia 43  WhileLoop          node #3560    i0   SRC      '+ Inc (PgUp)'
        dia 43  WhileLoop          node #48      i1   sink     '+Inc reference'
  3447    0   'Focus Step (F1)'              1893    source-side            2      
        dia 43  WhileLoop          node #3447    i0   SRC      'Focus Step (F1)'
        dia 43  WhileLoop          node #48      i2   sink     'Focus inc reference'

RE-DERIVED COUNTS over the 17 cut rows (complete census):
  rows whose wire is carried by ANY node terminal on Diagram #686 : 0
  rows whose wire has a SOURCE node terminal on Diagram #686      : 0
  (the struck claim in Pre-decided 38(b) said 0, drawn off the TRUNCATED table)

wire 4185 : 1 node terminal(s) in the COMPLETE census, 1 of them on Diagram #686
      dia 19  FlatSequenceFrame  node #637     i11  sink     'VISA out'
      netmap diagram 19 wires table carries 4185 : True (netmap ends=[[4, 11, 'VISA out']])
wire 7506 : 1 node terminal(s) in the COMPLETE census, 1 of them on Diagram #686
      dia 19  FlatSequenceFrame  node #637     i10  SRC      'VISA out'
      netmap diagram 19 wires table carries 7506 : True (netmap ends=[[4, 10, 'VISA out']])

  PASS  G13 4185 is carried by at least one node terminal  carriers=1 -> [(637, 11)]
  PASS  G14 7506 is carried by at least one node terminal  carriers=1 -> [(637, 10)]
  PASS  G15 no OTHER *NODE TERMINAL* on #686 carries 4185/7506  4185 only-#637=True  7506 only-#637=True -- TRUE BUT NOT LICENSED AS A GENERAL NEGATIVE CLAIM: see G15b

  G15b -- THE SCOPE CORRECTION the peer forced (section 5 of
  archive/peer/2026-09-20-c54-netmap-wires-table-restatement.md).  nodeterms enumerates
  `Node` terminals ONLY.  The S1 census of the same VI counts, alongside Node 626:
  LoopTunnel 132 and ControlTerminal 114, plus shift registers (gscript.py:948: 'Shift
  registers are NOT LoopTunnels ... not covered') and Constants (a GObject, not a Node, so
  Diagram.Nodes[] never returns one).  A wire with exactly ONE endpoint is not a wire:
  4185 and 7506 each have exactly one NODE carrier, so each one's OTHER end is necessarily
  an object class this census does not enumerate.  The answer was already on disk:
    wire 7506   <- RightShiftRegister   #4334   name=None         inside wire 7337
    wire 4185   <- LeftShiftRegister    #4344   name=None         inside wire 1731
  PASS  G15b both 4185 and 7506 resolve to a SHIFT REGISTER outer terminal of #637  resolved from main_vi_shiftregs_v1.json (loop_uid=637): 2 hit(s) -- so the missing endpoint is NOT unmeasured, it is measured in a DIFFERENT file, and the negative claim 'no OTHER object carries this wire' remains UNLICENSED
    carrier-count histogram over all 1376 wires in the complete census : {"1": 800, "2": 501, "3": 50, "4": 9, "5": 6, "6": 8, "7": 1, "9": 1}
    wires with exactly ONE node carrier (i.e. whose other end is NOT a Node) : 800 of 1376

  ONE MORE READING the peer named and I had not reported: nodeterms diagram '0' holds 0
  node(s) -- the VI's TOP-LEVEL diagram is reported EMPTY -- and all 11 'mismatches' in the
  census are uid 22963, `net_map`'s own junk Invoke recorded as a node and purged afterwards.
  So 'complete census' is NOT an established property of this file; what IS measured is that
  its node ENUMERATION agrees with the netmap on 626 of 626 nodes.

--------------------------------------------------------------------------------------------
PART 4 -- does docs/frame-loop-wire-graph.md carry the re-derived #637 wires?
--------------------------------------------------------------------------------------------
doc generators (grep): stitch_state_carriers.py:24 and stitch_frame_loop_border.py:20 both
  load main_vi_nodeterms.json; NEITHER loads main_vi_netmap.json, and the string 'netmap'
  does not occur in docs/frame-loop-wire-graph.md.  So the doc is NOT netmap-sourced.
#637 distinct non-zero wires (nodeterms) : 45
  of those, not printed anywhere in the doc TEXT : 28 -> [21, 697, 925, 1420, 1678, 2187, 2362, 2641, 3668, 3853, 4029, 4337, 4436, 5073, 5104, 5174, 5265, 5336, 5786, 6197, 6910, 9000, 9649, 28392, 29006, 29081, 29106, 32583]

EXACT CHECK -- re-run stitch_state_carriers.py:40-45's derivation on the complete 59-row
table and compare to tools/bench/frame_loop_state.json, the artefact the doc section
was rendered from.  That is the only #637-sourced content in the file.
  #637 terminals excluded as already-named LoopTunnel outer wires : 34 of 59
  distinct terminal NAMES on #637 after that exclusion            : 12
  names whose re-derived outer wire lists DIFFER from the doc      : 0
  PASS  G16 the doc's #637 outer rows == the complete-census re-derivation  differing names=0 (the doc section was already generated from the COMPLETE nodeterms census, not from the netmap)

============================================================================================
20 pass / 1 fail   (gates REPORTED, not required)
readings -> tools/bench/replay_netmap_truncation.json
============================================================================================
BGRUN INNER FAILURE: the command exited 0 but its output reported 1 failure(s); first: FAIL  G12 P5 all 12 absent from the netmap wires table  absent=5 present=[9051, 9000, 29006, 29122, 28392, 29081, 29106] -- MEASURED REFINEMENT of the review's 
BGRUN END rc=1 after 0s (inner failure; the process itself said 0)
