BGRUN START 2026-10-03 00:38:27 limit 5.0 min: py -u tools/bench/s2_replay.py
BGRUN PID 21152
130-1   BLOCKED LOG-fixture      module=-      | selftest_x10_c130_1 T0 fixtures from git d70963a7: plan md5 88789b06 != 10a0f401 (git LF vs working-file CRLF)
130-3   BLOCKED NOT-A-GATE       module=-      | 
130-4   FAIL    STOP-crash       module=-      | P2 re-cut: plan_ring_p3b_split.py crashed at S1 scoring (stagexec.ExecStop: P3b-2 half names new:FS1.f1 create
130-5   FAIL    STOP-structure   module=-      | P4 P3b-1 offline check: memory-best cut leaves P3b-1's Flat Sequence frame f0 with 0 terminals; recipe FS/FU g
130-6   FAIL    LOG-name         module=log    | B1 scratch pin3 E1 stopped IN op 26 p3b_x_img_src: BINDING FlatSequenceOuterTunnel keys sim '' vs real 'Image 
131-3   FAIL    STOP-memory      module=-      | S2 peak memory: measured 680.8 MB at 'METER read k 31' > predicted 663.4 MB (and > fail_above 675.0) - stage_d
131-4   FAIL    STOP-errorlist   module=-      | S3 scratch Error List: 53 items, predicted 54 - gate M missing / N / T FAIL (stage_d1_ring_p3b1_el_scratch.log
131-5   FAIL    LOG-arith        module=-      | N4 final Error List helper offline gate X: P3a 55 - removed 2 == 53 but last loose-ends entry #12 count 1 -> -
132-1   FAIL    STOP-binding     module=-      | D fp-21 not drained: P3b-2 dry on the provisional base stops at STEPX 00, unbound [-116,-115,-113,-112,-111,-1
132-2   BLOCKED NOT-A-GATE       module=-      | launch gate: diag_c132_2_graph_p3b1.py has no dry + prerun PASS record (classifier is_vi_modifying: calls disc
132-3   BLOCKED NOT-A-GATE       module=-      | stage_prerun --prerun X10: UNMEASURED (no stagexec.Executor plan in the dry run and no recorded meter covers t
132-4   FAIL    LOG-name         module=-      | 4 --rebase P3b-2: REBASE REFUSED BINDING: created objects differ (FlatSequenceInnerTunnel, Unbundler sim vs re
132-5   FAIL    STOP-sim         module=-      | 2 --rebase: binding PASS, re-sim on real base FAIL step 24 p3b_x_i_f1: sink on f0 27641, 'a border needs a tun
132-6   FAIL    STOP-binding     module=-      | 2 --rebase: re-sim 39/39 ok, route check FAIL op 24 p3b_x_i_f1: FSOT -50 terms -51/-52 unbound vs 10000053/54 
133-1   FAIL    STOP-input       module=-      | 3 recipe --dry L0: finalized.plan_in = rebase temp copy %TEMP%/rebase_*/plan_ring_p3b2.json, not *_in (plan_ri
133-4   FAIL    LOG-fixture      module=-      | pass 3: tools/bench/selftest_chat_p1.py S3-S6 now red (42/46, was 46/46) - its fixture cards copy task_chat-P1
133-5   FAIL    STOP-structure   module=-      | 1 scratch a: FR the 8 created objects sit on [27641, 27722, 32464] frame(s) of the base, no new frame (FATAL, 
133-6   FAIL    STOP-binding     module=-      | 3 --rebase b: REBASE REFUSED: FS-CARRY: created uid(s) in the FS map not bound: [-30] (stage_prerun_c133_6_reb
134-1   FAIL    STOP-tool        module=-      | c B: 7 of 68 FlatSequenceOuterTunnels (nested FS, both faces on FS frames) not classified by stagesim.fs_measu
134-2   FAIL    STOP-sim         module=-      | 4 F1: sim of b on graph_ring_p3b2a_fs_102553 stops at action 15 p3b_x_rot: wire #4580 'Value' -> new:RAR1 'new
134-3   FAIL    STOP-tool        module=-      | 1: FS 27509 node row is objs[3439] but its diagram is ABSENT - row owner = class string 'Diagram' (no uid), ow
134-4   BLOCKED NOT-A-GATE       module=-      | 3: selftest_c134_1_dry not run - refused by card flag labview none (gate false positive fp-30); other 3 regres
134-5   FAIL    STOP-prediction  module=-      | 4: a's pred census NOT written - no measured census of a exists (no CENSUS-ALL line; CEN2 measured {} on an em
135-1   FAIL    STOP-count       module=-      | F diag_c134_1_finalize_b.py rc 1: F3 end counts objects 10363 != 04204133's 10334 (launch_p3b2_c135.log:46, la
135-2   FAIL    STOP-tool        module=-      | 7 fp-30: c125_1_offline_measure: selftest_c134_1_dry.py trips 0 but rc 1 (10/1) (c125_1_offline_measure_c135_2
135-3   FAIL    STOP-sim         module=-      | 0b: B state non-ignorable diffs == 0 on every step: 19/19 step states differ in state/vi (diag_c135_3_plandiff
136-1   BLOCKED NOT-A-GATE       module=-      | prerun X10 of tools/bench/diag_c136_1_routes.py: UNMEASURED (no stagexec.Executor plan, no recorded meter, not
136-2   FAIL    STOP-memory      module=-      | item 3: prerun diag_c136_1_routes.py X10 FAIL UNMEASURED: edit model reached, opened VI load unmeasured (md5 3
136-3   FAIL    STOP-crash       module=-      | item 3 run: ValueError #29466 (ks const in WS body #29431) is not in Diagram[22].Nodes[] at the A2 per-node lo
136-P1  FAIL    STOP-sim         module=-      | 4 replay: action 64 p4_x_pool #23099 (diag 23169) -> IAI1.array (23166) 'a border needs a tunnel/register acti
136-P2  FAIL    STOP-sim         module=-      | 3 stagesim replay of v3 on graph_ring_p3b2b_20261002_133824.json: step 102 p4_x_fd ERROR '#686 (686) owns no t
137-1   FAIL    STOP-crash       module=-      | item 3 run: ValueError #29466 (ks const, owner Diagram #29431 = new WS body) on no Diagram[0..179]: node_label
137-4   FAIL    STOP-sim         module=-      | stagesim v6 final: step 164 wire p4_x_n2_out - source on diagram -92, sink on diagram 23166 - a border needs a
137-5   FAIL    STOP-broken      module=-      | item 3 run 57/6: routes U3 and U6 Is Broken? True (U3 log:108-110,127-129; U6 after RLE log:167-169); then Key
137-6   FAIL    STOP-sim         module=-      | pass 3: stagesim replay of v7 stops at step 159 p4_rbR_re0 '#10465 (10465) owns no terminal in the current gra
137-P3  FAIL    STOP-plan        module=-      | v5 per-build-step counts <= 40: step 3 = 43 (prep_c137_p3_mkv5.log:26-27); replay stops at step 104 wire_remov
138-1   FAIL    STOP-crash       module=-      | pass 2: selftest_c133_1_fsroutes R1 'base is not provisional' + selftest_c133_6_fr KeyError 'fs_frames' (prep_
138-6   FAIL    STOP-crash       module=-      | step 2: create_control_nested(Greater? #46, top level) ValueError 'owned by TopLevelDiagram #3, not by a Diagr
138-P1  FAIL    STOP-route       module=-      | op route changed outside p4_i_stopall (tools/bench/prep_c138_p1_cmp.log:3-6)
139-1   FAIL    STOP-crash       module=-      | B loop_in('for') on the While body: error 1055 To More Specific Class in OpForLoopIn_v0 (new []) - no SubVI on
139-4   FAIL    STOP-sim         module=-      | pass 2: advisory route check 0 UNROUTABLE - p4_w_stop12 still UNROUTABLE (prep_c139_4_mkv12.log:391); also met
139-5   FAIL    STOP-plan        module=-      | pass 4 meta-step gate: 28 v13 ids have no step in plan_ring_p4_v3_meta.json (prep_c139_5_mkv13.log:8); pass 5 
139-6   FAIL    STOP-plan        module=-      | MS meta-step gate: actions per step {1:39, 2:43, 3:40, 4:36, 5:27}; step 2 = 43 > 42 (prep_c139_6_mkv14.log:8)
139-7   FAIL    STOP-memory      module=-      | SP X10 predicted peak 750.7 MB > fail 690.0 for the step-1 plan (prep_c139_7_s1.log:152)
140-2   FAIL    STOP-crash       module=-      | 3 scratch run: E1 stopped IN op 3 wire_remove_loose_ends w23255 (error 1055: Property Node in OpWireRemoveLoos
140-3   FAIL    STOP-errorlist   module=stop   | 4 scratch Error List 52 != predicted 51 (alt 53): extra 'Insert Into Array: Contains unwired or bad terminal';
140-4   FAIL    STOP-tool        module=-      | 5 item-52 image: bd_210806_after11.png shows a cut-off selection outline only; the selected node is not identi
140-P1  FAIL    STOP-binding     module=-      | recipe dry E1: ExecStop BASE: the scratch copy's graph differs from the plan's base graph {'unbound': [-22,-20
141-2   FAIL    LOG-count        module=log    | scratch gate TD: base terminal rows lost (6) != plan deletes (8); diff {28004, 28979} (diag_c141_p4s01_scratch
TOTAL non-PASS 49: LOG (would continue) 6 ['130-1', '130-6', '131-5', '132-4', '133-4', '141-2']; STOP 38; NOT-A-GATE 5; uncategorised []; disagree []
RESULT {"schema":"result-line/1","status":"PASS","gates":{"pass":2,"fail":0},"first_fail":null,"artefacts":[]}
BGRUN END rc=0 after 1s
