BGRUN START 2026-09-07 20:22:45 limit 45.0 min: py -u tools/bench/spec_read.py

=== rect coord from center.vi
  fp: {'x': ('int', 0), 'y': ('int', 0), 'rectangle coordinates': ('array', [0]), 'half-length of pixmap': ('int', 100)}
  objects: {'Constant': 0, 'Node': 5, 'SubVI': 0, 'Structure': 0, 'Wire': 8, 'ControlTerminal': 4}
  diagram 0: 5 nodes, 8 nets, 1s
  junk purged: 28
  saved (17s)

=== Tracking-fit prepped I of r to cal.vi
  fp: {'Real portion of\nhilbert/': ('array', [0]), 'Index of closest\ncal ima': ('int', 0), 'prepped I(r)': ('array', [0])}
  objects: {'Constant': 1, 'Node': 6, 'SubVI': 0, 'Structure': 2, 'Wire': 14, 'ControlTerminal': 3}
  diagram 0: 2 nodes, 2 nets, 0s
  diagram 1: 1 nodes, 0 nets, 0s
  diagram 2: 3 nodes, 6 nets, 0s
  junk purged: 38
  saved (35s)

=== tracking- quadratic fit to phase nghbrd.vi
  fp: {'neighborhood phases': ('array', [0]), 'bead z pos as a cal imag': ('float', 0.0), 'index of best-fit\ncal im': ('int', 0)}
  objects: {'Constant': 7, 'Node': 3, 'SubVI': 2, 'Structure': 0, 'Wire': 10, 'ControlTerminal': 3}
  diagram 0: 3 nodes, 7 nets, 0s
  junk purged: 19
  saved (9s)

=== Tracking-prep I of r.vi
  fp: {'cosine bandpass': ('array', [0]), 'radial intensity profile': ('array', [0]), 'forget radius': ('int', 0), 'halfcross': ('int', 0), 'r shifted\ncomplex\ncosine': ('array', [0]), 'prepped I(r)': ('array', [0])}
  objects: {'Constant': 1, 'Node': 10, 'SubVI': 2, 'Structure': 0, 'Wire': 15, 'ControlTerminal': 6}
  diagram 0: 10 nodes, 15 nets, 1s
  junk purged: 43
  saved (43s)

=== tracking-calculate phase in neighborhood.vi
  fp: {'neighborhood phases': ('array', [0]), 'index of best-fit\ncal im': ('int', 0), 'complex 1D radial intens': ('array', [0]), '2D array of complex\ncal ': ('array', [0]), '2D array of prepped\ncal ': ('array', [0])}
  objects: {'Constant': 1, 'Node': 14, 'SubVI': 0, 'Structure': 2, 'Wire': 28, 'ControlTerminal': 5}
  diagram 0: 6 nodes, 10 nets, 1s
  diagram 1: 4 nodes, 5 nets, 0s
  diagram 2: 4 nodes, 8 nets, 1s
  junk purged: 70
  saved (299s)

=== tracking-fit parabola to avg profile.vi
  fp: {'Input cross-correlation': ('array', [0]), '# of points for parabola': ('int', 5), 'parabola-based\ninterpola': ('float', 0.0)}
  objects: {'Constant': 5, 'Node': 14, 'SubVI': 1, 'Structure': 1, 'Wire': 23, 'ControlTerminal': 3}
  diagram 0: 13 nodes, 20 nets, 1s
  diagram 1: 1 nodes, 3 nets, 0s
