inventory make both cosine bandpass.vi: 3 fp, {'Node': 5, 'Constant': 2, 'Wire': 8, 'Diagram': 1} (10s)
inventory proc cal image-make bandpass.vi: 4 fp, {'Node': 14, 'Constant': 3, 'Wire': 24, 'Diagram': 4} (9s)
inventory prep cal image.vi: 8 fp, {'Node': 13, 'Constant': 2, 'Wire': 21, 'Diagram': 2} (9s)
inventory build cal image.vi: 5 fp, {'Node': 15, 'Constant': 1, 'Wire': 22, 'Diagram': 5} (9s)
inventory calibration- generate 1 I of r, reentrant.vi: 12 fp, {'Node': 19, 'Constant': 4, 'Wire': 35, 'Diagram': 1} (11s)
inventory calibration- generate 2 I of r, reentrant.vi: 17 fp, {'Node': 32, 'Constant': 5, 'Wire': 55, 'Diagram': 1} (13s)
inventory Load and prep N cal images.vi: 7 fp, {'Node': 24, 'Constant': 24, 'Wire': 49, 'Diagram': 2} (11s)

=== make both cosine bandpass.vi
  fp: {'Cosine bandpass for Hilb': ('array', [0]), 'Real-space cosine window': ('array', [0]), 'cross length': ('int', 128)}
  objects: {'Constant': 2, 'Node': 5, 'SubVI': 2, 'Structure': 0, 'Wire': 8, 'ControlTerminal': 3}
  diagram 0: 5 nodes, 8 nets, 1s
  junk Invokes left in memory (copies are never saved; purge costs ~4 s each): 36
  saved (2s)

=== proc cal image-make bandpass.vi
  fp: {'# of points (cross size)': ('int', 0), 'LOW bandpass\n(mode)': ('float', 0.0), 'HIGH bandpass\n(mode)': ('float', 0.0), 'Cosine bandpass': ('array', [0])}
  objects: {'Constant': 3, 'Node': 14, 'SubVI': 0, 'Structure': 2, 'Wire': 24, 'ControlTerminal': 4}
  diagram 0: 2 nodes, 6 nets, 0s
  diagram 1: 9 nodes, 13 nets, 1s
  diagram 2: 0 nodes, 0 nets, 0s
  diagram 3: 3 nodes, 4 nets, 1s
  junk Invokes left in memory (copies are never saved; purge costs ~4 s each): 102
  saved (5s)

=== prep cal image.vi
  fp: {'Raw cal image': ('array', [0]), 'forget radius': ('int', 0), 'r-shifted corkscrew cal': ('array', [0]), 'r shifted cal ampl': ('array', [0]), 'r shifted cal real': ('array', [0]), 'LOW bandpass\n(mode)': ('float', 0.0), 'HIGH bandpass\n(mode)': ('float', 0.0), '# of points (cross size)': ('int', 128)}
  objects: {'Constant': 2, 'Node': 13, 'SubVI': 3, 'Structure': 1, 'Wire': 21, 'ControlTerminal': 8}
  diagram 0: 10 nodes, 16 nets, 1s
  diagram 1: 3 nodes, 4 nets, 1s
  junk Invokes left in memory (copies are never saved; purge costs ~4 s each): 93
  saved (5s)

=== build cal image.vi
  fp: {'avg power spectrum of st': ('array', [0]), '1-sided cal image': ('array', [0]), 'pic of cal image': ('str', ''), 'color table': ('array', [0]), '2-sided cal image': ('array', [0])}
  objects: {'Constant': 1, 'Node': 15, 'SubVI': 2, 'Structure': 4, 'Wire': 22, 'ControlTerminal': 5}
  diagram 0: 9 nodes, 11 nets, 1s
  diagram 1: 1 nodes, 2 nets, 0s
  diagram 2: 1 nodes, 2 nets, 0s
  diagram 3: 1 nodes, 2 nets, 0s
  diagram 4: 3 nodes, 5 nets, 1s
  junk Invokes left in memory (copies are never saved; purge costs ~4 s each): 121
  saved (6s)

=== calibration- generate 1 I of r, reentrant.vi
  fp: {'Picture out': ('str', ''), 'Image': ('array', [2]), 'starting x 1': ('int', 0), 'starting y 1': ('int', 0), 'real-space\ncosine window': ('array', [0]), 'cosine window\nfor hilber': ('array', [0]), 'color string': ('str', ''), 'X pos 1': ('float', 0.0), 'Y pos 1': ('float', 0.0), 'radial intensity profile': ('array', [0]), 'picture in': ('str', ''), 'cross size': ('int', 128)}
  objects: {'Constant': 4, 'Node': 19, 'SubVI': 8, 'Structure': 0, 'Wire': 35, 'ControlTerminal': 12}
  diagram 0: 19 nodes, 34 nets, 3s
  junk Invokes left in memory (copies are never saved; purge costs ~4 s each): 135
  saved (7s)

=== calibration- generate 2 I of r, reentrant.vi
  fp: {'Picture out': ('str', ''), 'Image': ('array', [2]), 'starting x 1': ('int', 0), 'starting y 1': ('int', 0), 'real-space\ncosine window': ('array', [0]), 'cosine window\nfor hilber': ('array', [0]), 'color string': ('str', ''), 'X pos 1': ('float', 0.0), 'Y pos 1': ('float', 0.0), 'starting x 2': ('int', 0), 'starting y 2': ('int', 0), 'X pos 2': ('float', 0.0), 'Y pos 2': ('float', 0.0), 'radial intensity profile': ('array', [0]), 'picture in': ('str', ''), 'cross size': ('int', 128)}
  objects: {'Constant': 5, 'Node': 32, 'SubVI': 16, 'Structure': 0, 'Wire': 55, 'ControlTerminal': 17}
  diagram 0: 32 nodes, 54 nets, 5s
  junk Invokes left in memory (copies are never saved; purge costs ~4 s each): 231
  saved (13s)

=== Load and prep N cal images.vi
  fp: {'cal-file refnum': ('int', 0), '# slices in stack': ('int', 0), '# of beads': ('int', 0), 'x,y,(blankz) array': ('array', [0]), 'exp/ref array': ('array', [0]), 'cross size': ('int', 0), 'Array of cal clusters': ('array', [0])}
  objects: {'Constant': 24, 'Node': 24, 'SubVI': 3, 'Structure': 1, 'Wire': 49, 'ControlTerminal': 7}
  diagram 0: 18 nodes, 32 nets, 3s
  diagram 1: 6 nodes, 16 nets, 1s
  junk Invokes left in memory (copies are never saved; purge costs ~4 s each): 190
  saved (10s)
ALL DONE
