skip (done): rect coord from center.vi
skip (done): Tracking-fit prepped I of r to cal.vi
skip (done): tracking- quadratic fit to phase nghbrd.vi
skip (done): Tracking-prep I of r.vi
skip (done): tracking-calculate phase in neighborhood.vi

=== tracking-fit parabola to avg profile.vi
  fp: {'Input cross-correlation': ('array', [0]), '# of points for parabola': ('int', 5), 'parabola-based\ninterpola': ('float', 0.0)}
  objects: {'Constant': 5, 'Node': 14, 'SubVI': 1, 'Structure': 1, 'Wire': 23, 'ControlTerminal': 3}
  diagram 0: 13 nodes, 20 nets, 17s
  diagram 1: 1 nodes, 3 nets, 3s
  junk Invokes left in memory (copies are never saved; purge costs ~4 s each): 68
  saved (50s)

=== tracking-prep avgx,y profiles.vi
  fp: {'Along x': ('array', [0]), 'Along y': ('array', [0]), '# of endpoints\nfor norma': ('int', 0), 'cross size': ('int', 0), 'real-space\ncosine window': ('array', [0]), 'prepped avg profile\nalon': ('array', [0])}
  objects: {'Constant': 1, 'Node': 18, 'SubVI': 0, 'Structure': 1, 'Wire': 31, 'ControlTerminal': 7}
  diagram 0: 12 nodes, 21 nets, 7s
  diagram 1: 6 nodes, 10 nets, 9s
  junk Invokes left in memory (copies are never saved; purge costs ~4 s each): 87
  saved (27s)

=== tracking-average x,y in cross.vi
  fp: {'Image': ('memoryview', <memory at 0x000001CF9510E380>), 'x center': ('int', 0), 'y center': ('int', 0), 'cross arm width': ('int', 0), 'cross size': ('int', 0), 'avg profile along x': ('array', [0]), 'avg profile along y': ('array', [0])}
  objects: {'Constant': 2, 'Node': 19, 'SubVI': 0, 'Structure': 2, 'Wire': 30, 'ControlTerminal': 7}
  diagram 0: 13 nodes, 18 nets, 2s
  diagram 1: 3 nodes, 5 nets, 1s
  diagram 2: 3 nodes, 5 nets, 1s
  junk Invokes left in memory (copies are never saved; purge costs ~4 s each): 87
Traceback (most recent call last):
  File "G:\Codes\LabVIEW_Codes\MinLab\zz_LabView VI\AAA_UNIST\2. Tracking\V6_ParallelLoop\tools\bench\spec_read.py", line 84, in <module>
    sys.exit(main())
  File "G:\Codes\LabVIEW_Codes\MinLab\zz_LabView VI\AAA_UNIST\2. Tracking\V6_ParallelLoop\tools\bench\spec_read.py", line 77, in main
    json.dump(res, open(OUT, "w", encoding="utf-8"), indent=1)
  File "C:\Users\KimLab\AppData\Local\Programs\Python\Python310\lib\json\__init__.py", line 179, in dump
    for chunk in iterable:
  File "C:\Users\KimLab\AppData\Local\Programs\Python\Python310\lib\json\encoder.py", line 431, in _iterencode
    yield from _iterencode_dict(o, _current_indent_level)
  File "C:\Users\KimLab\AppData\Local\Programs\Python\Python310\lib\json\encoder.py", line 405, in _iterencode_dict
    yield from chunks
  File "C:\Users\KimLab\AppData\Local\Programs\Python\Python310\lib\json\encoder.py", line 405, in _iterencode_dict
    yield from chunks
  File "C:\Users\KimLab\AppData\Local\Programs\Python\Python310\lib\json\encoder.py", line 405, in _iterencode_dict
    yield from chunks
  [Previous line repeated 1 more time]
  File "C:\Users\KimLab\AppData\Local\Programs\Python\Python310\lib\json\encoder.py", line 438, in _iterencode
    o = _default(o)
  File "C:\Users\KimLab\AppData\Local\Programs\Python\Python310\lib\json\encoder.py", line 179, in default
    raise TypeError(f'Object of type {o.__class__.__name__} '
TypeError: Object of type memoryview is not JSON serializable
Traceback (most recent call last):
  File "G:\Codes\LabVIEW_Codes\MinLab\zz_LabView VI\AAA_UNIST\2. Tracking\V6_ParallelLoop\tools\bench\spec_read.py", line 84, in <module>
    sys.exit(main())
  File "G:\Codes\LabVIEW_Codes\MinLab\zz_LabView VI\AAA_UNIST\2. Tracking\V6_ParallelLoop\tools\bench\spec_read.py", line 42, in main
    res = json.load(open(OUT, encoding="utf-8")) if os.path.exists(OUT) else {}
  File "C:\Users\KimLab\AppData\Local\Programs\Python\Python310\lib\json\__init__.py", line 293, in load
    return loads(fp.read(),
  File "C:\Users\KimLab\AppData\Local\Programs\Python\Python310\lib\json\__init__.py", line 346, in loads
    return _default_decoder.decode(s)
  File "C:\Users\KimLab\AppData\Local\Programs\Python\Python310\lib\json\decoder.py", line 337, in decode
    obj, end = self.raw_decode(s, idx=_w(s, 0).end())
  File "C:\Users\KimLab\AppData\Local\Programs\Python\Python310\lib\json\decoder.py", line 355, in raw_decode
    raise JSONDecodeError("Expecting value", s, err.value) from None
json.decoder.JSONDecodeError: Expecting value: line 5599 column 14 (char 70603)
skip (done): rect coord from center.vi
skip (done): Tracking-fit prepped I of r to cal.vi

=== tracking- quadratic fit to phase nghbrd.vi
  fp: {'neighborhood phases': ('array', [0]), 'bead z pos as a cal imag': ('float', 0.0), 'index of best-fit\ncal im': ('int', 0)}
  objects: {'Constant': 7, 'Node': 3, 'SubVI': 2, 'Structure': 0, 'Wire': 10, 'ControlTerminal': 3}
  diagram 0: 3 nodes, 10 nets, 5s
  junk Invokes left in memory (copies are never saved; purge costs ~4 s each): 38
  saved (11s)

=== Tracking-prep I of r.vi
  fp: {'cosine bandpass': ('array', [0]), 'radial intensity profile': ('array', [0]), 'forget radius': ('int', 0), 'halfcross': ('int', 0), 'r shifted\ncomplex\ncosine': ('array', [0]), 'prepped I(r)': ('array', [0])}
  objects: {'Constant': 1, 'Node': 10, 'SubVI': 2, 'Structure': 0, 'Wire': 15, 'ControlTerminal': 6}
  diagram 0: 10 nodes, 15 nets, 2s
  junk Invokes left in memory (copies are never saved; purge costs ~4 s each): 69
  saved (7s)
skip (done): tracking-calculate phase in neighborhood.vi
skip (done): tracking-fit parabola to avg profile.vi
skip (done): tracking-prep avgx,y profiles.vi

=== tracking-average x,y in cross.vi
  fp: {'Image': ('bytes/memoryview', [0]), 'x center': ('int', 0), 'y center': ('int', 0), 'cross arm width': ('int', 0), 'cross size': ('int', 0), 'avg profile along x': ('array', [0]), 'avg profile along y': ('array', [0])}
  objects: {'Constant': 2, 'Node': 19, 'SubVI': 0, 'Structure': 2, 'Wire': 30, 'ControlTerminal': 7}
  diagram 0: 13 nodes, 20 nets, 3s
  diagram 1: 3 nodes, 5 nets, 1s
  diagram 2: 3 nodes, 5 nets, 1s
  junk Invokes left in memory (copies are never saved; purge costs ~4 s each): 133
  saved (10s)

=== tracking-calculate radial profile-openv2.vi
  fp: {'Input Image': ('bytes/memoryview', [0]), 'half cross': ('int', 0), 'y center': ('float', 0.0), 'x center': ('float', 0.0), 'radial intensity profile': ('array', [0])}
  objects: {'Constant': 2, 'Node': 53, 'SubVI': 0, 'Structure': 3, 'Wire': 77, 'ControlTerminal': 5}
  diagram 0: 14 nodes, 21 nets, 2s
  diagram 1: 2 nodes, 4 nets, 0s
  diagram 2: 11 nodes, 19 nets, 2s
  diagram 3: 26 nodes, 33 nets, 5s
  junk Invokes left in memory (copies are never saved; purge costs ~4 s each): 349
  saved (23s)

=== tracking-find avg profile center.vi
  fp: {'averaged profile\nfrom cr': ('array', [0]), 'cosine window\nfor hilber': ('array', [0]), 'starting profile\ncenter': ('int', 0), 'half cross': ('int', 0), 'new profile\ncenter': ('float', 0.0), 'Output Array': ('array', [0]), 'Shift from start': ('float', 0.0)}
  objects: {'Constant': 6, 'Node': 45, 'SubVI': 7, 'Structure': 5, 'Wire': 92, 'ControlTerminal': 7}
  diagram 0: 11 nodes, 22 nets, 2s
  diagram 1: 6 nodes, 8 nets, 1s
  diagram 2: 7 nodes, 14 nets, 1s
  diagram 3: 6 nodes, 12 nets, 1s
  diagram 4: 0 nodes, 0 nets, 0s
  diagram 5: 1 nodes, 3 nets, 0s
  diagram 6: 7 nodes, 14 nets, 1s
  diagram 7: 6 nodes, 12 nets, 1s
  diagram 8: 0 nodes, 0 nets, 0s
  diagram 9: 1 nodes, 3 nets, 0s
  junk Invokes left in memory (copies are never saved; purge costs ~4 s each): 340
  saved (23s)

=== Track 1 of N bds xyz-kernel-reentrant.vi
  fp: {'Image': ('array', [2]), 'starting x 1': ('int', 0), 'starting y 1': ('int', 0), 'real-space\ncosine window': ('array', [0]), 'cosine window\nfor hilber': ('array', [0]), 'Index of closest\ncal ima': ('int', 0), 'Z pos 1': ('float', 0.0), 'X pos 1': ('float', 0.0), 'Y pos 1': ('float', 0.0), 'Calibration cluster 1': ('array', [7]), 'bead 1 z position\nas a c': ('float', 0.0), 'Bead 1 is good? in': ('bool', False), 'Bead 1 is good? out': ('bool', False), 'cross size': ('int', 128)}
  objects: {'Constant': 13, 'Node': 30, 'SubVI': 11, 'Structure': 1, 'Wire': 74, 'ControlTerminal': 14}
  diagram 0: 1 nodes, 14 nets, 1s
  diagram 1: 0 nodes, 0 nets, 0s
  diagram 2: 29 nodes, 56 nets, 6s
  junk Invokes left in memory (copies are never saved; purge costs ~4 s each): 231
  saved (15s)

=== Omars IMAQ ImageToArray.vi
  fp: {'Image': ('array', [2]), 'Optional Rectangle': ('array', [4]), 'error out': ('array', [3]), 'error in (no error)': ('array', [3]), 'Image Pixels (U8)': ('bytes/memoryview', [0]), 'Image Pixels (I16)': ('array', [0]), 'Image Pixels (Float)': ('array', [0])}
  objects: {'Constant': 2, 'Node': 1, 'SubVI': 0, 'Structure': 0, 'Wire': 8, 'ControlTerminal': 7}
  diagram 0: 1 nodes, 8 nets, 1s
  junk Invokes left in memory (copies are never saved; purge costs ~4 s each): 27
  saved (2s)
ALL DONE
