BGRUN START 2026-10-02 05:38:11 limit 50.0 min: py -u tools/bench/stage_d1_ring_p3b1_el.py scratch
BGRUN PID 21864
  GATE PASS  X expected file: P3a 55 - removed 1 == predicted_total 54 (entry #12 count -> 0)  G:\Codes\LabVIEW_Codes\MinLab\zz_LabView VI\AAA_UNIST\2. Tracking\V6_ParallelLoop\tools\bench\errorlist_expected_scratch_ring_p3b1_pred.json
  GATE PASS  K mode scratch: file on disk, md5 == its stage JSON pin  ('C:\\Program Files\\National Instruments\\LabVIEW 2026\\user.lib\\claudeDev\\scratch_c129_ring_p3b1_20261002_052136.vi', 'efb317efd14a38936c515feb4203bb5b')
LV-UP: was_running=False Version 26.3.1f1 answered after 1 tries, 14.8 s
LV-UP: handles settled 37245 -> 37237 at 20.3 s
plan None open_rows 0 -> 0 derived licences
bed C:\Program Files\National Instruments\LabVIEW 2026\user.lib\claudeDev\scratch_c129_ring_p3b1_20261002_052136.vi md5 efb317efd14a38936c515feb4203bb5b -> scratch C:\Program Files\National Instruments\LabVIEW 2026\user.lib\claudeDev\_elc_scratch_c129_ring_p3b1_20261002_052136_20261002_053812.vi identical=True
VI-READY: GetVIReference answered after 1 tries, 1.5 s (ExecState 0)
  windows before Ctrl+L: [['', 'LVTipStrip'], ['_elc_scratch_c129_ring_p3b1_20261002_052136_20261002_053812.vi Block Diagram', 'LVDChild'], ['_elc_scratch_c129_ring_p3b1_20261002_052136_20261002_053812.vi Front Panel', 'LVDChild'], ['LabVIEW', 'LVFrame']]
  fronted '_elc_scratch_c129_ring_p3b1_20261002_052136_20261002_053812.vi Block Diagram' (measured foreground '_elc_scratch_c129_ring_p3b1_20261002_052136_20261002_053812.vi Block Diagram')
  Error List window: hwnd=19138714 title='Error list' class=LVDChild rect=(463, 195, 1462, 895)
  win32 CHILD windows of the dialog: 0
  --- UIA tree (7 elements) ---
   0 [Window] name='Error list' cls='LVDChild' aid='' val='' sel=None
     0.0 [50037] name='' cls='' aid='' val='Error list' sel=None
       0.0.0 [50010] name='시스템' cls='' aid='MenuBar' val='' sel=None
         0.0.0.0 [MenuItem] name='시스템' cls='' aid='' val='' sel=None
       0.0.1 [Button] name='최소화' cls='' aid='' val='' sel=None
       0.0.2 [Button] name='최대화' cls='' aid='' val='' sel=None
       0.0.3 [Button] name='닫기' cls='' aid='' val='' sel=None
  UIA: 0 list-ish container(s), 0 item element(s) exposed
  window's own count: None (from None)
  MSAA: 1 accessible object(s); 0 with role=listitem; roles seen ['window']
   msaa 0 [window] hwnd=19138714 name='Error list' value='' state=1048580
  OCR engine: rapidocr-onnxruntime
  layout: bands=[(63, 201), (228, 386), (411, 645)] selections=[(65, 80), (246, 261)] errors_band=(228, 386) details_band=(411, 645)
  window's own count: 53 (from '53 errors and warnings')
  dialog is the measured foreground: True
  stepping mechanism: click (highlight (246, 261) -> (246, 261) after one {DOWN})
   item  0: object="Build Array 'Build Array'" reason='Contains unwired or bad terminal' detail='One or more required inputs to this function are not wired or are wire'
   item  1: object='' reason="BuildArray'BuildArray':Containsunwiredorbadterminal" detail='One or more required inputs to this function are not wired or are wire'
   item  2: object='' reason='This wire connects one ormore data sinks but has no source.' detail='A wire must be connected to one and only one data source, such as a co'
   item  3: object='' reason='Loop Tunnel:Wire connected to an undirected tunnel.' detail='A tunnel on this wire cannot determine whether it is an input or an ou'
   item  4: object='' reason="BuildArray'BuildArray':Containsunwiredorbadterminal" detail='One or more required inputs to this function are not wired or are wire'
   item  5: object='' reason='You have connected an output loop tunnel to an input of Subvl. Change ' detail='A wire must be connected to one and only one data source, such as a co'
   item  6: object='' reason='You haveconnectedan output loop tunnel toan input ofReplaceArray Subse' detail='A wire must be connected to one and only one data source, such as a co'
   item  7: object='Loop Tunnel' reason='Wire connected to an undirected tunnel.' detail='A tunnel on this wire cannot determine whether it is an input or an ou'
   item  8: object='' reason='Loop Tunnel:Wire connected toan undirected tunnel.' detail='A tunnel on this wire cannot determine whether it is an input or an ou'
   item  9: object="SubVl'Track N beads four-fold over-kerne" reason="reguired input 'Image In' is not wired" detail='The designer of this subvl has specified that this terminal must be wi'
   item 10: object='' reason='You have connected two terminals of different types.' detail='These cannot be wired together because their data types (numeric, stri'
   item 11: object='' reason='Thiswireisnotconnectedtoanything' detail='This is a completely unconnected wire.'
   item 12: object='Wire' reason='Wire has loose ends.' detail='This wire segment is not connected to anything. Select Remove Broken W'
   item 13: object='Wire' reason='Wire has loose ends.' detail='This wire segment is not connected to anything. Select Remove Broken W'
   item 14: object='' reason='Thiswire isnot connected to anything' detail='This is a completely unconnected wire.'
   item 15: object='' reason='Thiswire isnotconnectedtoanything' detail='This is a completely unconnected wire.'
   item 16: object='' reason='Thiswire is not connectedto anything' detail='This is a completely unconnected wire.'
   item 17: object='Wire' reason='Wire has loose ends.' detail='This wire segment is not connected to anything. Select Remove Broken W'
   item 18: object='' reason='Thiswireisnot connected to anything' detail='This is a completely unconnected wire.'
   item 19: object='' reason='This wire is not connected to anything' detail='This is a completely unconnected wire.'
   item 20: object='' reason='This wire is not connected to anything' detail='This is a completely unconnected wire.'
   item 21: object='Wire' reason='Wire has loose ends.' detail='This wire segment is not connected to anything. Select Remove Broken W'
   item 22: object='' reason='This wire is not connected to anything' detail='This is a completely unconnected wire.'
   item 23: object='' reason='This wire is not connected to anything' detail='This is a completely unconnected wire.'
   item 24: object='' reason='Thiswire is not connected toanything' detail='This is a completely unconnected wire.'
   item 25: object='' reason='Thiswire is not connected to anything' detail='This is a completely unconnected wire.'
   item 26: object='' reason='This wire isnot connected to anything' detail='This is a completely unconnected wire.'
   item 27: object='' reason='Thiswireisnot connected to anything' detail='This is a completely unconnected wire.'
   item 28: object='Wire' reason='Wire has loose ends.' detail='This wire segment is not connected to anything. Select Remove Broken W'
   item 29: object='' reason='This wire is not connected to anything' detail='This is a completely unconnected wire.'
   item 30: object='' reason='This wire is not connected to anything' detail='This is a completely unconnected wire.'
   item 31: object='Wire' reason='Wire has loose ends.' detail='This wire segment is not connected to anything. Select Remove Broken W'
   item 32: object='' reason='This wire is not connected to anything' detail='This is a completely unconnected wire.'
   item 33: object='' reason='Thiswire is not connected toanything' detail='This is a completely unconnected wire.'
   item 34: object='' reason='Thiswire is not connected to anything' detail='This is a completely unconnected wire.'
   item 35: object='' reason='This wire is not connected to anything' detail='This is a completely unconnected wire.'
   item 36: object='' reason='This wire is not connected to anything' detail='This is a completely unconnected wire.'
   item 37: object='Wire' reason='Wire has loose ends.' detail='This wire segment is not connected to anything. Select Remove Broken W'
   item 38: object='Wire' reason='Wire has loose ends.' detail='This wire segment is not connected to anything. Select Remove Broken W'
   item 39: object='Wire' reason='Wire has loose ends.' detail='This wire segment is not connected to anything. Select Remove Broken W'
   item 40: object='Wire' reason='Wire has loose ends.' detail='This wire segment is not connected to anything. Select Remove Broken W'
   item 41: object='Wire' reason='Wire has loose ends.' detail='This wire segment is not connected to anything. Select Remove Broken W'
   item 42: object='Wire' reason='Wire has loose ends.' detail='This wire segment is not connected to anything. Select Remove Broken W'
   item 43: object='Wire' reason='Wire has loose ends.' detail='This wire segment is not connected to anything. Select Remove Broken W'
   item 44: object='Wire' reason='Wire has loose ends.' detail='This wire segment is not connected to anything. Select Remove Broken W'
   item 45: object='Wire' reason='Wire has loose ends.' detail='This wire segment is not connected to anything. Select Remove Broken W'
   item 46: object='Wire' reason='Wire has loose ends.' detail='This wire segment is not connected to anything. Select Remove Broken W'
   item 47: object='Wire' reason='Wire has loose ends.' detail='This wire segment is not connected to anything. Select Remove Broken W'
   item 48: object='Wire' reason='Wire has loose ends.' detail='This wire segment is not connected to anything. Select Remove Broken W'
   item 49: object='Wire' reason='Wire has loose ends.' detail='This wire segment is not connected to anything. Select Remove Broken W'
   item 50: object='Wire' reason='Wire has loose ends.' detail='This wire segment is not connected to anything. Select Remove Broken W'
   item 51: object='Wire' reason='Wire has loose ends.' detail='This wire segment is not connected to anything. Select Remove Broken W'
   item 52: object='Wire' reason='Wire has loose ends.' detail='This wire segment is not connected to anything. Select Remove Broken W'
  reached the window's own count of 53 items
  Esc closed the Error List: True
  refine_rows: 29 row(s) re-read unselected; not refined: [9]
  JSON -> G:\Codes\LabVIEW_Codes\MinLab\zz_LabView VI\AAA_UNIST\2. Tracking\V6_ParallelLoop\tools\bench\errorlist_scratch_c129_ring_p3b1_20261002_052136_20261002_053812_raw.json  (53 items)
COUNT-ONLY read: 53 items, window N 53, 9 classes, 404.6 s -> counts DIFFER (1 missing): FULL read of the scratch follows
  windows before Ctrl+L: [['_elc_scratch_c129_ring_p3b1_20261002_052136_20261002_053812.vi Block Diagram', 'LVDChild'], ['_elc_scratch_c129_ring_p3b1_20261002_052136_20261002_053812.vi Front Panel', 'LVDChild'], ['LabVIEW', 'LVFrame']]
  fronted '_elc_scratch_c129_ring_p3b1_20261002_052136_20261002_053812.vi Block Diagram' (measured foreground '_elc_scratch_c129_ring_p3b1_20261002_052136_20261002_053812.vi Block Diagram')
  Error List window: hwnd=19138714 title='Error list' class=LVDChild rect=(463, 195, 1462, 895)
  win32 CHILD windows of the dialog: 0
  --- UIA tree (7 elements) ---
   0 [Window] name='Error list' cls='LVDChild' aid='' val='' sel=None
     0.0 [50037] name='' cls='' aid='' val='Error list' sel=None
       0.0.0 [50010] name='시스템' cls='' aid='MenuBar' val='' sel=None
         0.0.0.0 [MenuItem] name='시스템' cls='' aid='' val='' sel=None
       0.0.1 [Button] name='최소화' cls='' aid='' val='' sel=None
       0.0.2 [Button] name='최대화' cls='' aid='' val='' sel=None
       0.0.3 [Button] name='닫기' cls='' aid='' val='' sel=None
  UIA: 0 list-ish container(s), 0 item element(s) exposed
  window's own count: None (from None)
  MSAA: 1 accessible object(s); 0 with role=listitem; roles seen ['window']
   msaa 0 [window] hwnd=19138714 name='Error list' value='' state=1048580
  OCR engine: rapidocr-onnxruntime
  layout: bands=[(63, 201), (228, 386), (411, 645)] selections=[(65, 80), (246, 261)] errors_band=(228, 386) details_band=(411, 645)
  window's own count: 53 (from '53 errors and warnings')
  dialog is the measured foreground: True
  stepping mechanism: click (highlight (246, 261) -> (246, 261) after one {DOWN})
   item  0: object="Build Array 'Build Array'" reason='Contains unwired or bad terminal' detail='One or more required inputs to this function are not wired or are wire'
   item  1: object='' reason="BuildArray'BuildArray':Containsunwiredorbadterminal" detail='One or more required inputs to this function are not wired or are wire'
   item  2: object='' reason='This wire connects one ormore data sinks but has no source.' detail='A wire must be connected to one and only one data source, such as a co'
   item  3: object='' reason='Loop Tunnel:Wire connected to an undirected tunnel.' detail='A tunnel on this wire cannot determine whether it is an input or an ou'
   item  4: object='' reason="BuildArray'BuildArray':Containsunwiredorbadterminal" detail='One or more required inputs to this function are not wired or are wire'
   item  5: object='' reason='You have connected an output loop tunnel to an input of Subvl. Change ' detail='A wire must be connected to one and only one data source, such as a co'
   item  6: object='' reason='You haveconnectedan output loop tunnel toan input ofReplaceArray Subse' detail='A wire must be connected to one and only one data source, such as a co'
   item  7: object='Loop Tunnel' reason='Wire connected to an undirected tunnel.' detail='A tunnel on this wire cannot determine whether it is an input or an ou'
   item  8: object='' reason='Loop Tunnel:Wire connected toan undirected tunnel.' detail='A tunnel on this wire cannot determine whether it is an input or an ou'
   item  9: object="SubVl'Track N beads four-fold over-kerne" reason="reguired input 'Image In' is not wired" detail='The designer of this subvl has specified that this terminal must be wi'
   item 10: object='' reason='You have connected two terminals of different types.' detail='These cannot be wired together because their data types (numeric, stri'
   item 11: object='' reason='Thiswireisnotconnectedtoanything' detail='This is a completely unconnected wire.'
   item 12: object='Wire' reason='Wire has loose ends.' detail='This wire segment is not connected to anything. Select Remove Broken W'
   item 13: object='Wire' reason='Wire has loose ends.' detail='This wire segment is not connected to anything. Select Remove Broken W'
   item 14: object='' reason='Thiswire isnot connected to anything' detail='This is a completely unconnected wire.'
   item 15: object='' reason='Thiswire isnotconnectedtoanything' detail='This is a completely unconnected wire.'
   item 16: object='' reason='Thiswire is not connectedto anything' detail='This is a completely unconnected wire.'
   item 17: object='Wire' reason='Wire has loose ends.' detail='This wire segment is not connected to anything. Select Remove Broken W'
   item 18: object='' reason='Thiswireisnot connected to anything' detail='This is a completely unconnected wire.'
   item 19: object='' reason='This wire is not connected to anything' detail='This is a completely unconnected wire.'
   item 20: object='' reason='This wire is not connected to anything' detail='This is a completely unconnected wire.'
   item 21: object='Wire' reason='Wire has loose ends.' detail='This wire segment is not connected to anything. Select Remove Broken W'
   item 22: object='' reason='This wire is not connected to anything' detail='This is a completely unconnected wire.'
   item 23: object='' reason='This wire is not connected to anything' detail='This is a completely unconnected wire.'
   item 24: object='' reason='Thiswire is not connected toanything' detail='This is a completely unconnected wire.'
   item 25: object='' reason='Thiswire is not connected to anything' detail='This is a completely unconnected wire.'
   item 26: object='' reason='This wire isnot connected to anything' detail='This is a completely unconnected wire.'
   item 27: object='' reason='Thiswireisnot connected to anything' detail='This is a completely unconnected wire.'
   item 28: object='Wire' reason='Wire has loose ends.' detail='This wire segment is not connected to anything. Select Remove Broken W'
   item 29: object='' reason='This wire is not connected to anything' detail='This is a completely unconnected wire.'
   item 30: object='' reason='This wire is not connected to anything' detail='This is a completely unconnected wire.'
   item 31: object='Wire' reason='Wire has loose ends.' detail='This wire segment is not connected to anything. Select Remove Broken W'
   item 32: object='' reason='This wire is not connected to anything' detail='This is a completely unconnected wire.'
   item 33: object='' reason='Thiswire is not connected toanything' detail='This is a completely unconnected wire.'
   item 34: object='' reason='Thiswire is not connected to anything' detail='This is a completely unconnected wire.'
   item 35: object='' reason='This wire is not connected to anything' detail='This is a completely unconnected wire.'
   item 36: object='' reason='This wire is not connected to anything' detail='This is a completely unconnected wire.'
   item 37: object='Wire' reason='Wire has loose ends.' detail='This wire segment is not connected to anything. Select Remove Broken W'
   item 38: object='Wire' reason='Wire has loose ends.' detail='This wire segment is not connected to anything. Select Remove Broken W'
   item 39: object='Wire' reason='Wire has loose ends.' detail='This wire segment is not connected to anything. Select Remove Broken W'
   item 40: object='Wire' reason='Wire has loose ends.' detail='This wire segment is not connected to anything. Select Remove Broken W'
   item 41: object='Wire' reason='Wire has loose ends.' detail='This wire segment is not connected to anything. Select Remove Broken W'
   item 42: object='Wire' reason='Wire has loose ends.' detail='This wire segment is not connected to anything. Select Remove Broken W'
   item 43: object='Wire' reason='Wire has loose ends.' detail='This wire segment is not connected to anything. Select Remove Broken W'
   item 44: object='Wire' reason='Wire has loose ends.' detail='This wire segment is not connected to anything. Select Remove Broken W'
   item 45: object='Wire' reason='Wire has loose ends.' detail='This wire segment is not connected to anything. Select Remove Broken W'
   item 46: object='Wire' reason='Wire has loose ends.' detail='This wire segment is not connected to anything. Select Remove Broken W'
   item 47: object='Wire' reason='Wire has loose ends.' detail='This wire segment is not connected to anything. Select Remove Broken W'
   item 48: object='Wire' reason='Wire has loose ends.' detail='This wire segment is not connected to anything. Select Remove Broken W'
   item 49: object='Wire' reason='Wire has loose ends.' detail='This wire segment is not connected to anything. Select Remove Broken W'
   item 50: object='Wire' reason='Wire has loose ends.' detail='This wire segment is not connected to anything. Select Remove Broken W'
   item 51: object='Wire' reason='Wire has loose ends.' detail='This wire segment is not connected to anything. Select Remove Broken W'
   item 52: object='Wire' reason='Wire has loose ends.' detail='This wire segment is not connected to anything. Select Remove Broken W'
  reached the window's own count of 53 items
  Esc closed the Error List: True
  refine_rows: 29 row(s) re-read unselected; not refined: [9]
  JSON -> G:\Codes\LabVIEW_Codes\MinLab\zz_LabView VI\AAA_UNIST\2. Tracking\V6_ParallelLoop\tools\bench\errorlist_scratch_c129_ring_p3b1_20261002_052136_20261002_053812_raw_full.json  (53 items)
HANDLES (record, not a gate): before 37237 after 31284 delta -5953 advisory outside (tol 5000)
items 53 / window N 53 ; show-error fronted 53 ; extra 0 ; missing 1 ; errors [] ; handles 37237 -> 31284 ; bed md5 unchanged True ; 1066.8 s
RESULT {"schema":"result-line/1","status":"PASS","gates":{"pass":11,"fail":0},"first_fail":null,"artefacts":[{"path":"tools\\bench\\errorlist_scratch_c129_ring_p3b1_20261002_052136_20261002_053812.json","md5":"c83c9beadad904d90d102342c82ec8d1"}]}
ERRORLIST-VERDICT: MISMATCH G:\Codes\LabVIEW_Codes\MinLab\zz_LabView VI\AAA_UNIST\2. Tracking\V6_ParallelLoop\tools\bench\errorlist_scratch_c129_ring_p3b1_20261002_052136_20261002_053812.json
  GATE PASS  R the reader wrote ONE read file (max_steps 180)  ['G:\\Codes\\LabVIEW_Codes\\MinLab\\zz_LabView VI\\AAA_UNIST\\2. Tracking\\V6_ParallelLoop\\tools\\bench\\errorlist_scratch_c129_ring_p3b1_20261002_052136_20261002_053812.json']
  GATE PASS  EL all_items_read  
  GATE PASS  EL bed_md5_unchanged  
  GATE PASS  EL block_diagram_open  
  GATE PASS  EL closed_with_esc  
  GATE PASS  EL count_read  
  GATE PASS  EL every_item_dclicked  
  GATE PASS  EL handles_baseline_up  
  GATE PASS  EL refs_balanced  
  GATE PASS  EL scratch_deleted  
  GATE PASS  EL scratch_identical  
  GATE PASS  EL window_opened  
  FACT items 53; expected 54; new 0; predicted new 0 (alternative total 57); read_mode count->full; per class {"buildarraybuildarraycontainsunwiredorbadterminal": 3, "looptunnelwireconnectedtoanundirectedtunnel": 3, "subvltracknbeadsfourfoldoverkernelv3vireguiredinputimageinisnotwired": 1, "thiswireconnectsoneormoredatasinksbuthasnosource": 1, "thiswireisnotconnectedtoanything": 20, "wirewirehaslooseends": 22, "youhaveconnectedanoutputlooptunneltoaninputofreplacearraysubsetchangetheinputtoanoutputoraddasource": 1, "youhaveconnectedanoutputlooptunneltoaninputofsubvlchangetheinputtoanoutputoraddasource": 1, "youhaveconnectedtwoterminalsofdifferenttypes": 1}
  GATE FAIL  M missing == [] (all 54 expected items present at their exact counts)  [None]
  GATE FAIL  N item count == expected 54 + new 0  53
  GATE FAIL  T total in the predicted set {54, 57} (plan_ring_p3b1_pred.json errorlist)  53
  GATE PASS  H LabVIEW gone; file md5 unchanged by the read  
  GATE PASS  H2 the saved scratch is deleted  C:\Program Files\National Instruments\LabVIEW 2026\user.lib\claudeDev\scratch_c129_ring_p3b1_20261002_052136.vi
RESULT {"schema":"result-line/1","status":"FAIL","gates":{"pass":16,"fail":3},"first_fail":"M missing == [] (all 54 expected items present at their exact counts)","artefacts":[{"path":"tools\\bench\\errorlist_expected_scratch_ring_p3b1_pred.json","md5":"2ade5b19f7dc632285545b41a201e13b"}]}
BGRUN END rc=1 after 1072s
