BGRUN START 2026-09-27 01:17:31 limit 40.0 min: py -u tools/recipes/stage_d1_disp.py
BGRUN PID 25480
BGRUN STAGE-RUN recorded stage_d1_disp.py cycle='cycle 102' card=None pid=24444 -> stage_runs.jsonl
stage_d1_disp - card 100-6, PD213(f)4(iv) / PD212: THE DISPLAY-LOOP STAGE, executed, not re-decided.
INPUT claudeDev\D1_s1_copy.vi (3e3d23ce..., named by the plan's base graph), FRESH LabVIEW -> claudeDev\D1_s1_disp_<ts>.vi,
saved BY SCRIPT at ExecState 1. ROWS ONLY FROM THE FINALIZED PLAN tools/bench/sim/disp/plan_disp.json (stageplan_disp_r4_open =
r3_open + the MEASURED Max & Min names/class, diag_c100_6_resim.log); no uid and no terminal name is typed here.
PRIOR ART: stage_d1_l2a1.py (skeleton, DryBE), stagexec.lv_run (E1/E2/E3 and the cdiff on the real end, :1965-2027),
gscript.wire_health + _edge_pairs (PD211(b) readers, card 98-2/98-3), stagekit.broken_wire_count (RBW). No new op.
PREDICTION: L1 every action compiles to exactly one real op; E1 each real op == its simulated step (the #25261 value gate
reads False first, else the plan stops); W1 after the batch: termless wires are all RECORDED, RBW (VI-level, on the work copy,
PD212(f)) removes ONLY wire uids that existed before the stage, and loses NO data edge; E2 ExecState 1 after RBW;
E3 computation_diff(S1, real end) == the plan's 21 open_rows (FATAL, before save); PS saved by script, md5 != input, input
unchanged; LabVIEW gone at exit. Level: STRUCTURAL (the VI is never run: card flag run_vi false).
CARD 101-4: RECORD MODE (Executor record=True) - a STEP-DIFF is logged and the run goes on on the unsaved scratch; any
diff => every diff listed + the E3 cdiff of the last read, E1 FAILS, NOTHING saved. READS only at CHECKPOINTS (PD193(a)) =
binding ops + 4, 5 (the moved constants, stagesim only_source) + 12 + last: every-op reads cost ~3.4 MB (meter_l2a1_86c.log,
error 2 at 695 MB) and r4 was at 594.6 MB after op 4 of 47 (stage_d1_disp_r4.log:88) - 47 reads would cross MEMSTOP 700.
CARD 101-5: create_local_read resolves the panel index by label (r5 stop); the k12 only_source gap is OPEN (review c101-5-onlysource).
CYCLE 102 (firefighter, PD214(c)): a step difference made ONLY of dangling terminals that no later plan action names by uid is a
WARN (stagexec.classify_step_diff, read from the plan) - logged, not a save blocker; any other difference still FAILS E1 and saves
nothing. The end gates (W1 RBW, E2 ExecState 1, E3 cdiff == open_rows) decide the save as before.
    py tools/bgrun.py --material --max-min 40 --log tools/bench/stage_d1_disp_r6.log -- py -u tools/recipes/stage_d1_disp.py
  PASS  L0 the executed plan is FINAL, open_rows_match, plan_in = stageplan_disp_r4_open.json  ('052ab3d5646ae1b8f39cfa9506bed082', {'path': 'tools/bench/sim/disp/stageplan_disp_r4_open.json', 'md5': '9270cb8c264724d926f483a58f2b318a'})

---------- [0] FILES ONLY - the input's md5, the pins, the claudeDev listing
  FACT  claudeDev holds 285 .vi file(s) BEFORE the run
  PASS  K1 input md5 == 3e3d23cefd3a334001aa9d6156bf1aee  got 3e3d23cefd3a334001aa9d6156bf1aee
  FACT  PIN BEFORE ORIGINAL         2a78e17c449cacdaf5da389818526859  (want 2a78e17c449cacdaf5da389818526859) OK
  FACT  PIN BEFORE S1 D1_s1_copy    3e3d23cefd3a334001aa9d6156bf1aee  (want 3e3d23cefd3a334001aa9d6156bf1aee) OK
  FACT  PIN BEFORE S2 D1_s2_loops   6ff19497f2309e007a214660bb64b911  (want 6ff19497f2309e007a214660bb64b911) OK
  FACT  PIN BEFORE ROW2 bed         26c54ff784cb5cea21edbd214d2cc3a0  (want 26c54ff784cb5cea21edbd214d2cc3a0) OK
  FACT  PIN BEFORE M3a-2            3842f5e6f128226235dc78353f26ef44  (want 3842f5e6f128226235dc78353f26ef44) OK
  PASS  K2 the ORIGINAL's md5 is 2a78e17c449cacdaf5da389818526859  got 2a78e17c449cacdaf5da389818526859 at G:\Codes\LabVIEW_Codes\MinLab\zz_LabView VI\AAA_UNIST\2. Tracking\Min_Track N beads V6_ParallelLoop.vi

---------- [1] RESTART LabVIEW (standing authority; fresh ~31,500 handles)
  FACT  LabVIEW handle count BEFORE the restart: 0
  FACT  LabVIEW handle count AFTER the restart: 33984

---------- [2] THE DATED WORK COPY under claudeDev - the input is never opened for writing
  PASS  K3 the work copy is byte-identical to the input  D1_s1_disp_20260927_011732.vi
  FACT  ExecState [after open] D1_s1_disp_20260927_011732.vi = 1
  FACT  W0 pre-existing Wire uids: 1899
  PASS  L1 every plan action compiled into exactly one real op (57 -> 47)  [1, 2, 3, 4, 5, 6, 7, 8, 9, 10, 11, 12, 13, 14, 15, 16, 17, 18, 19, 20, 21, 22, 23, 24, 25, 26, 27, 28, 29, 30, 31, 32, 33, 34, 35, 36, 37, 38, 39, 40, 41, 42, 43, 44, 45, 46, 47, 48, 49, 50, 51, 52, 53, 54, 55, 56, 57]
  FACT  CHECKPOINTS [2, 3, 4, 5, 12, 24, 25, 26, 27, 28, 29, 30, 31, 32, 33, 35, 37, 39, 41, 42, 43, 44, 46, 47] of 47 ops (record mode)
  METER start  k   0  private 558.7 MB (d -)  handles 54464 (d -)
  METER read   k   0  private 566.3 MB (d +7.6)  handles 54491 (d +27)
  STEPX 00 base read vs step_00: diff 0
  PARITY 3 touched diagram(s) [639, 686, 7911]: one-side-only Nodes[] entries 0
  PRIME 17 terminal indexes proved at base; 0 ControlTerminal end(s) by 179(b); unprovable []
  CHECKPOINTS whole-VI read+diff after ops [2, 3, 4, 5, 12, 24, 25, 26, 27, 28, 29, 30, 31, 32, 33, 35, 37, 39, 41, 42, 43, 44, 46, 47] of 47
  METER pre    k   1  private 566.8 MB (d +0.5)  handles 54548 (d +57)
  FACT  VALUE GATE g25261 #25261 = False (stop_if True) err ''
  METER op     k   1  private 566.8 MB (d +0.0)  handles 54569 (d +21)
  STEPX 01 gate           acts [1] ids ['g25261'] diff skipped (not a checkpoint)
  METER pre    k   2  private 566.8 MB (d +0.0)  handles 54567 (d -2)
  FACT  loop_in node census: 624 rows
  FACT  OP loop_in while on Diagram[19] #686 -> err '' (0.6 s)
  FACT  create while r1_dl AFTER node census: 625 rows
  FACT  create while r1_dl CENSUS DIFF: Node 624 -> 625 ; 1 new uid(s): [(23047, 'WhileLoop', (2027, 152))]
  FACT  create while r1_dl new #23047 #23047 lives at: {'diagram_index': 19, 'diagram_uid': 686, 'diagram_class': 'Diagram', 'nodes_index': 21, 'nodes_on_diagram': 22, 'label': 'While Loop'}  (20 diagram(s) scanned of 171, 0.8 s)
  FACT  create while r1_dl new #23047 terminal table of #23047 (Diagram idx 19, Nodes[21], echo 23047): 0 terminal(s)
  FACT  create while r1_dl NEW NODE NOT DELETED (not the measured junk shape, or its table could not be read): #23047 class 'WhileLoop' label 'While Loop', 0 terminal(s), 0 wired - REPORTED, left alone
  METER op     k   2  private 591.7 MB (d +24.9)  handles 54656 (d +89)
  METER read   k   2  private 593.9 MB (d +2.2)  handles 54651 (d -5)
  STEPX 02 create         acts [2] ids ['r1_dl'] bound {-1: 23047, -2: 23073} diff 0
  METER pre    k   3  private 593.9 MB (d +0.0)  handles 54650 (d -1)
  FACT  loop_in node census: 625 rows
  FACT  OP loop_in for on Diagram[20] #23073 -> err '' (0.2 s)
  FACT  create for r2_dlf AFTER node census: 626 rows
  FACT  create for r2_dlf CENSUS DIFF: Node 625 -> 626 ; 1 new uid(s): [(23295, 'ForLoop', (2073, 198))]
  FACT  create for r2_dlf new #23295 #23295 lives at: {'diagram_index': 20, 'diagram_uid': 23073, 'diagram_class': 'Diagram', 'nodes_index': 0, 'nodes_on_diagram': 1, 'label': 'For Loop'}  (21 diagram(s) scanned of 172, 0.8 s)
  FACT  create for r2_dlf new #23295 terminal table of #23295 (Diagram idx 20, Nodes[0], echo 23295): 1 terminal(s)
  FACT      create for r2_dlf new #23295 t0  ''                                 is_source=False wire=0       errs=[0, 0, 0, 1055]
  FACT  create for r2_dlf NEW NODE NOT DELETED (not the measured junk shape, or its table could not be read): #23295 class 'ForLoop' label 'For Loop', 1 terminal(s), 0 wired - REPORTED, left alone
  METER op     k   3  private 594.4 MB (d +0.5)  handles 54685 (d +35)
  METER read   k   3  private 594.4 MB (d +0.0)  handles 54676 (d -9)
  STEPX 03 create         acts [3] ids ['r2_dlf'] bound {-5: 23295, -6: 23432, -8: 23403} diff 0
  METER pre    k   4  private 594.4 MB (d +0.0)  handles 54676 (d +0)
  FACT  move_in node census: 626 rows
  FACT  OP move_in #8775 -> Diagram[21] at (229, 67) -> err '' (0.2 s)
  FACT  move_in #8775 AFTER node census: 627 rows
  FACT  move_in #8775 CENSUS DIFF: Node 626 -> 627 ; 1 new uid(s): [(7913, 'Invoke', (2074, 199))]
  FACT  move_in #8775 new #7913 #7913 lives at: {'diagram_index': 21, 'diagram_uid': 23432, 'diagram_class': 'Diagram', 'nodes_index': 0, 'nodes_on_diagram': 1, 'label': 'Invoke Node'}  (22 diagram(s) scanned of 172, 0.9 s)
  FACT  move_in #8775 new #7913 terminal table of #7913 (Diagram idx 21, Nodes[0], echo 7913): 6 terminal(s)
  FACT      move_in #8775 new #7913 t0  'reference'                        is_source=False wire=0       errs=[0, 0, 0, 1055]
  FACT      move_in #8775 new #7913 t1  'reference out'                    is_source=True  wire=0       errs=[0, 0, 0, 1055]
  FACT      move_in #8775 new #7913 t2  'error in (no error)'              is_source=False wire=0       errs=[0, 0, 0, 1055]
  FACT      move_in #8775 new #7913 t3  'error out'                        is_source=True  wire=0       errs=[0, 0, 0, 1055]
  FACT      move_in #8775 new #7913 t4  'Method'                           is_source=False wire=0       errs=[0, 0, 0, 1055]
  FACT      move_in #8775 new #7913 t5  'Method'                           is_source=True  wire=0       errs=[0, 0, 0, 1055]
  FACT  move_in #8775 the junk node's FULL terminal table is printed above; 6 terminal(s), 0 WIRED - the purge precondition (ZERO wired) HOLDS
  FACT  move_in #8775 purge delete Node #7913 at index 95: gone [7913], error '', census 627 -> 626, still present False (1.24 s)
  FACT  move_in #8775 AFTER THE PURGE node census: 626 rows
  FACT  move_in #8775 purge arithmetic: Node 626 -> 627 -> 626
  METER op     k   4  private 599.1 MB (d +4.7)  handles 54751 (d +75)
  METER read   k   4  private 600.9 MB (d +1.8)  handles 54751 (d +0)
  STEPX 04 move_in        acts [4] ids ['mv_8775'] bound {} diff 0
  METER pre    k   5  private 600.9 MB (d +0.0)  handles 54751 (d +0)
  FACT  move_in node census: 626 rows
  FACT  OP move_in #8795 -> Diagram[21] at (229, 89) -> err '' (0.2 s)
  FACT  move_in #8795 AFTER node census: 627 rows
  FACT  move_in #8795 CENSUS DIFF: Node 626 -> 627 ; 1 new uid(s): [(1816, 'Invoke', (2074, 199))]
  FACT  move_in #8795 new #1816 #1816 lives at: {'diagram_index': 21, 'diagram_uid': 23432, 'diagram_class': 'Diagram', 'nodes_index': 0, 'nodes_on_diagram': 1, 'label': 'Invoke Node'}  (22 diagram(s) scanned of 172, 0.9 s)
  FACT  move_in #8795 new #1816 terminal table of #1816 (Diagram idx 21, Nodes[0], echo 1816): 6 terminal(s)
  FACT      move_in #8795 new #1816 t0  'reference'                        is_source=False wire=0       errs=[0, 0, 0, 1055]
  FACT      move_in #8795 new #1816 t1  'reference out'                    is_source=True  wire=0       errs=[0, 0, 0, 1055]
  FACT      move_in #8795 new #1816 t2  'error in (no error)'              is_source=False wire=0       errs=[0, 0, 0, 1055]
  FACT      move_in #8795 new #1816 t3  'error out'                        is_source=True  wire=0       errs=[0, 0, 0, 1055]
  FACT      move_in #8795 new #1816 t4  'Method'                           is_source=False wire=0       errs=[0, 0, 0, 1055]
  FACT      move_in #8795 new #1816 t5  'Method'                           is_source=True  wire=0       errs=[0, 0, 0, 1055]
  FACT  move_in #8795 the junk node's FULL terminal table is printed above; 6 terminal(s), 0 WIRED - the purge precondition (ZERO wired) HOLDS
  FACT  move_in #8795 purge delete Node #1816 at index 95: gone [1816], error '', census 627 -> 626, still present False (1.27 s)
  FACT  move_in #8795 AFTER THE PURGE node census: 626 rows
  FACT  move_in #8795 purge arithmetic: Node 626 -> 627 -> 626
  METER op     k   5  private 604.9 MB (d +4.0)  handles 54751 (d +0)
  METER read   k   5  private 604.9 MB (d +0.0)  handles 54752 (d +1)
  STEPX 05 move_in        acts [5] ids ['mv_8795'] bound {} diff 0
  METER pre    k   6  private 604.9 MB (d +0.0)  handles 54752 (d +0)
  FACT  move_in node census: 626 rows
  FACT  OP move_in #8741 -> Diagram[21] at (253, 55) -> err '' (0.1 s)
  FACT  move_in #8741 AFTER node census: 627 rows
  FACT  move_in #8741 CENSUS DIFF: Node 626 -> 627 ; 1 new uid(s): [(1816, 'Invoke', (2074, 199))]
  FACT  move_in #8741 new #1816 #1816 lives at: {'diagram_index': 21, 'diagram_uid': 23432, 'diagram_class': 'Diagram', 'nodes_index': 0, 'nodes_on_diagram': 2, 'label': 'Invoke Node'}  (22 diagram(s) scanned of 172, 0.9 s)
  FACT  move_in #8741 new #1816 terminal table of #1816 (Diagram idx 21, Nodes[0], echo 1816): 6 terminal(s)
  FACT      move_in #8741 new #1816 t0  'reference'                        is_source=False wire=0       errs=[0, 0, 0, 1055]
  FACT      move_in #8741 new #1816 t1  'reference out'                    is_source=True  wire=0       errs=[0, 0, 0, 1055]
  FACT      move_in #8741 new #1816 t2  'error in (no error)'              is_source=False wire=0       errs=[0, 0, 0, 1055]
  FACT      move_in #8741 new #1816 t3  'error out'                        is_source=True  wire=0       errs=[0, 0, 0, 1055]
  FACT      move_in #8741 new #1816 t4  'Method'                           is_source=False wire=0       errs=[0, 0, 0, 1055]
  FACT      move_in #8741 new #1816 t5  'Method'                           is_source=True  wire=0       errs=[0, 0, 0, 1055]
  FACT  move_in #8741 the junk node's FULL terminal table is printed above; 6 terminal(s), 0 WIRED - the purge precondition (ZERO wired) HOLDS
  FACT  move_in #8741 purge delete Node #1816 at index 96: gone [1816], error '', census 627 -> 626, still present False (1.27 s)
  FACT  move_in #8741 AFTER THE PURGE node census: 626 rows
  FACT  move_in #8741 purge arithmetic: Node 626 -> 627 -> 626
  METER op     k   6  private 604.9 MB (d +0.0)  handles 54752 (d +0)
  STEPX 06 move_in        acts [6] ids ['mv_8741'] diff skipped (not a checkpoint)
  METER pre    k   7  private 604.9 MB (d +0.0)  handles 54752 (d +0)
  FACT  move_in node census: 626 rows
  FACT  OP move_in #8764 -> Diagram[21] at (318, 45) -> err '' (0.1 s)
  FACT  move_in #8764 AFTER node census: 627 rows
  FACT  move_in #8764 CENSUS DIFF: Node 626 -> 627 ; 1 new uid(s): [(1816, 'Invoke', (2074, 199))]
  FACT  move_in #8764 new #1816 #1816 lives at: {'diagram_index': 21, 'diagram_uid': 23432, 'diagram_class': 'Diagram', 'nodes_index': 2, 'nodes_on_diagram': 3, 'label': 'Invoke Node'}  (22 diagram(s) scanned of 172, 0.9 s)
  FACT  move_in #8764 new #1816 terminal table of #1816 (Diagram idx 21, Nodes[2], echo 1816): 6 terminal(s)
  FACT      move_in #8764 new #1816 t0  'reference'                        is_source=False wire=0       errs=[0, 0, 0, 1055]
  FACT      move_in #8764 new #1816 t1  'reference out'                    is_source=True  wire=0       errs=[0, 0, 0, 1055]
  FACT      move_in #8764 new #1816 t2  'error in (no error)'              is_source=False wire=0       errs=[0, 0, 0, 1055]
  FACT      move_in #8764 new #1816 t3  'error out'                        is_source=True  wire=0       errs=[0, 0, 0, 1055]
  FACT      move_in #8764 new #1816 t4  'Method'                           is_source=False wire=0       errs=[0, 0, 0, 1055]
  FACT      move_in #8764 new #1816 t5  'Method'                           is_source=True  wire=0       errs=[0, 0, 0, 1055]
  FACT  move_in #8764 the junk node's FULL terminal table is printed above; 6 terminal(s), 0 WIRED - the purge precondition (ZERO wired) HOLDS
  FACT  move_in #8764 purge delete Node #1816 at index 95: gone [1816], error '', census 627 -> 626, still present False (1.24 s)
  FACT  move_in #8764 AFTER THE PURGE node census: 626 rows
  FACT  move_in #8764 purge arithmetic: Node 626 -> 627 -> 626
  METER op     k   7  private 607.5 MB (d +2.6)  handles 54752 (d +0)
  STEPX 07 move_in        acts [7] ids ['mv_8764'] diff skipped (not a checkpoint)
  METER pre    k   8  private 607.5 MB (d +0.0)  handles 54752 (d +0)
  FACT  move_in node census: 626 rows
  FACT  OP move_in #28180 -> Diagram[21] at (245, 0) -> err '' (0.1 s)
  FACT  move_in #28180 AFTER node census: 627 rows
  FACT  move_in #28180 CENSUS DIFF: Node 626 -> 627 ; 1 new uid(s): [(1816, 'Invoke', (2074, 199))]
  FACT  move_in #28180 new #1816 #1816 lives at: {'diagram_index': 21, 'diagram_uid': 23432, 'diagram_class': 'Diagram', 'nodes_index': 3, 'nodes_on_diagram': 4, 'label': 'Invoke Node'}  (22 diagram(s) scanned of 172, 0.9 s)
  FACT  move_in #28180 new #1816 terminal table of #1816 (Diagram idx 21, Nodes[3], echo 1816): 6 terminal(s)
  FACT      move_in #28180 new #1816 t0  'reference'                        is_source=False wire=0       errs=[0, 0, 0, 1055]
  FACT      move_in #28180 new #1816 t1  'reference out'                    is_source=True  wire=0       errs=[0, 0, 0, 1055]
  FACT      move_in #28180 new #1816 t2  'error in (no error)'              is_source=False wire=0       errs=[0, 0, 0, 1055]
  FACT      move_in #28180 new #1816 t3  'error out'                        is_source=True  wire=0       errs=[0, 0, 0, 1055]
  FACT      move_in #28180 new #1816 t4  'Method'                           is_source=False wire=0       errs=[0, 0, 0, 1055]
  FACT      move_in #28180 new #1816 t5  'Method'                           is_source=True  wire=0       errs=[0, 0, 0, 1055]
  FACT  move_in #28180 the junk node's FULL terminal table is printed above; 6 terminal(s), 0 WIRED - the purge precondition (ZERO wired) HOLDS
  FACT  move_in #28180 purge delete Node #1816 at index 95: gone [1816], error '', census 627 -> 626, still present False (1.24 s)
  FACT  move_in #28180 AFTER THE PURGE node census: 626 rows
  FACT  move_in #28180 purge arithmetic: Node 626 -> 627 -> 626
  METER op     k   8  private 611.5 MB (d +4.0)  handles 54753 (d +1)
  STEPX 08 move_in        acts [8] ids ['mv_28180'] diff skipped (not a checkpoint)
  METER pre    k   9  private 611.5 MB (d +0.0)  handles 54753 (d +0)
  FACT  move_in node census: 626 rows
  FACT  OP move_in #28233 -> Diagram[21] at (313, 92) -> err '' (0.1 s)
  FACT  move_in #28233 AFTER node census: 627 rows
  FACT  move_in #28233 CENSUS DIFF: Node 626 -> 627 ; 1 new uid(s): [(1816, 'Invoke', (2074, 199))]
  FACT  move_in #28233 new #1816 #1816 lives at: {'diagram_index': 21, 'diagram_uid': 23432, 'diagram_class': 'Diagram', 'nodes_index': 3, 'nodes_on_diagram': 5, 'label': 'Invoke Node'}  (22 diagram(s) scanned of 172, 0.9 s)
  FACT  move_in #28233 new #1816 terminal table of #1816 (Diagram idx 21, Nodes[3], echo 1816): 6 terminal(s)
  FACT      move_in #28233 new #1816 t0  'reference'                        is_source=False wire=0       errs=[0, 0, 0, 1055]
  FACT      move_in #28233 new #1816 t1  'reference out'                    is_source=True  wire=0       errs=[0, 0, 0, 1055]
  FACT      move_in #28233 new #1816 t2  'error in (no error)'              is_source=False wire=0       errs=[0, 0, 0, 1055]
  FACT      move_in #28233 new #1816 t3  'error out'                        is_source=True  wire=0       errs=[0, 0, 0, 1055]
  FACT      move_in #28233 new #1816 t4  'Method'                           is_source=False wire=0       errs=[0, 0, 0, 1055]
  FACT      move_in #28233 new #1816 t5  'Method'                           is_source=True  wire=0       errs=[0, 0, 0, 1055]
  FACT  move_in #28233 the junk node's FULL terminal table is printed above; 6 terminal(s), 0 WIRED - the purge precondition (ZERO wired) HOLDS
  FACT  move_in #28233 purge delete Node #1816 at index 96: gone [1816], error '', census 627 -> 626, still present False (1.34 s)
  FACT  move_in #28233 AFTER THE PURGE node census: 626 rows
  FACT  move_in #28233 purge arithmetic: Node 626 -> 627 -> 626
  METER op     k   9  private 611.5 MB (d +0.0)  handles 54753 (d +0)
  STEPX 09 move_in        acts [9] ids ['mv_28233'] diff skipped (not a checkpoint)
  METER pre    k  10  private 611.5 MB (d +0.0)  handles 54752 (d -1)
  FACT  move_in node census: 626 rows
  FACT  OP move_in #27716 -> Diagram[21] at (425, 92) -> err '' (0.1 s)
  FACT  move_in #27716 AFTER node census: 627 rows
  FACT  move_in #27716 CENSUS DIFF: Node 626 -> 627 ; 1 new uid(s): [(1816, 'Invoke', (2074, 199))]
  FACT  move_in #27716 new #1816 #1816 lives at: {'diagram_index': 21, 'diagram_uid': 23432, 'diagram_class': 'Diagram', 'nodes_index': 5, 'nodes_on_diagram': 6, 'label': 'Invoke Node'}  (22 diagram(s) scanned of 172, 0.9 s)
  FACT  move_in #27716 new #1816 terminal table of #1816 (Diagram idx 21, Nodes[5], echo 1816): 6 terminal(s)
  FACT      move_in #27716 new #1816 t0  'reference'                        is_source=False wire=0       errs=[0, 0, 0, 1055]
  FACT      move_in #27716 new #1816 t1  'reference out'                    is_source=True  wire=0       errs=[0, 0, 0, 1055]
  FACT      move_in #27716 new #1816 t2  'error in (no error)'              is_source=False wire=0       errs=[0, 0, 0, 1055]
  FACT      move_in #27716 new #1816 t3  'error out'                        is_source=True  wire=0       errs=[0, 0, 0, 1055]
  FACT      move_in #27716 new #1816 t4  'Method'                           is_source=False wire=0       errs=[0, 0, 0, 1055]
  FACT      move_in #27716 new #1816 t5  'Method'                           is_source=True  wire=0       errs=[0, 0, 0, 1055]
  FACT  move_in #27716 the junk node's FULL terminal table is printed above; 6 terminal(s), 0 WIRED - the purge precondition (ZERO wired) HOLDS
  FACT  move_in #27716 purge delete Node #1816 at index 95: gone [1816], error '', census 627 -> 626, still present False (1.24 s)
  FACT  move_in #27716 AFTER THE PURGE node census: 626 rows
  FACT  move_in #27716 purge arithmetic: Node 626 -> 627 -> 626
  METER op     k  10  private 611.5 MB (d +0.0)  handles 54753 (d +1)
  STEPX 10 move_in        acts [10] ids ['mv_27716'] diff skipped (not a checkpoint)
  METER pre    k  11  private 611.5 MB (d +0.0)  handles 54753 (d +0)
  FACT  move_in node census: 626 rows
  FACT  OP move_in #29009 -> Diagram[21] at (424, 51) -> err '' (0.1 s)
  FACT  move_in #29009 AFTER node census: 627 rows
  FACT  move_in #29009 CENSUS DIFF: Node 626 -> 627 ; 1 new uid(s): [(1816, 'Invoke', (2074, 199))]
  FACT  move_in #29009 new #1816 #1816 lives at: {'diagram_index': 21, 'diagram_uid': 23432, 'diagram_class': 'Diagram', 'nodes_index': 6, 'nodes_on_diagram': 7, 'label': 'Invoke Node'}  (22 diagram(s) scanned of 172, 0.9 s)
  FACT  move_in #29009 new #1816 terminal table of #1816 (Diagram idx 21, Nodes[6], echo 1816): 6 terminal(s)
  FACT      move_in #29009 new #1816 t0  'reference'                        is_source=False wire=0       errs=[0, 0, 0, 1055]
  FACT      move_in #29009 new #1816 t1  'reference out'                    is_source=True  wire=0       errs=[0, 0, 0, 1055]
  FACT      move_in #29009 new #1816 t2  'error in (no error)'              is_source=False wire=0       errs=[0, 0, 0, 1055]
  FACT      move_in #29009 new #1816 t3  'error out'                        is_source=True  wire=0       errs=[0, 0, 0, 1055]
  FACT      move_in #29009 new #1816 t4  'Method'                           is_source=False wire=0       errs=[0, 0, 0, 1055]
  FACT      move_in #29009 new #1816 t5  'Method'                           is_source=True  wire=0       errs=[0, 0, 0, 1055]
  FACT  move_in #29009 the junk node's FULL terminal table is printed above; 6 terminal(s), 0 WIRED - the purge precondition (ZERO wired) HOLDS
  FACT  move_in #29009 purge delete Node #1816 at index 95: gone [1816], error '', census 627 -> 626, still present False (1.25 s)
  FACT  move_in #29009 AFTER THE PURGE node census: 626 rows
  FACT  move_in #29009 purge arithmetic: Node 626 -> 627 -> 626
  METER op     k  11  private 615.5 MB (d +4.0)  handles 54752 (d -1)
  STEPX 11 move_in        acts [11] ids ['mv_29009'] diff skipped (not a checkpoint)
  METER pre    k  12  private 615.5 MB (d +0.0)  handles 54752 (d +0)
  FACT  move_in node census: 626 rows
  FACT  OP move_in #11310 -> Diagram[21] at (488, 51) -> err '' (0.1 s)
  FACT  move_in #11310 AFTER node census: 627 rows
  FACT  move_in #11310 CENSUS DIFF: Node 626 -> 627 ; 1 new uid(s): [(1816, 'Invoke', (2074, 199))]
  FACT  move_in #11310 new #1816 #1816 lives at: {'diagram_index': 21, 'diagram_uid': 23432, 'diagram_class': 'Diagram', 'nodes_index': 6, 'nodes_on_diagram': 8, 'label': 'Invoke Node'}  (22 diagram(s) scanned of 172, 0.9 s)
  FACT  move_in #11310 new #1816 terminal table of #1816 (Diagram idx 21, Nodes[6], echo 1816): 6 terminal(s)
  FACT      move_in #11310 new #1816 t0  'reference'                        is_source=False wire=0       errs=[0, 0, 0, 1055]
  FACT      move_in #11310 new #1816 t1  'reference out'                    is_source=True  wire=0       errs=[0, 0, 0, 1055]
  FACT      move_in #11310 new #1816 t2  'error in (no error)'              is_source=False wire=0       errs=[0, 0, 0, 1055]
  FACT      move_in #11310 new #1816 t3  'error out'                        is_source=True  wire=0       errs=[0, 0, 0, 1055]
  FACT      move_in #11310 new #1816 t4  'Method'                           is_source=False wire=0       errs=[0, 0, 0, 1055]
  FACT      move_in #11310 new #1816 t5  'Method'                           is_source=True  wire=0       errs=[0, 0, 0, 1055]
  FACT  move_in #11310 the junk node's FULL terminal table is printed above; 6 terminal(s), 0 WIRED - the purge precondition (ZERO wired) HOLDS
  FACT  move_in #11310 purge delete Node #1816 at index 96: gone [1816], error '', census 627 -> 626, still present False (1.26 s)
  FACT  move_in #11310 AFTER THE PURGE node census: 626 rows
  FACT  move_in #11310 purge arithmetic: Node 626 -> 627 -> 626
  METER op     k  12  private 615.5 MB (d +0.0)  handles 54752 (d +0)
  METER read   k  12  private 619.5 MB (d +4.0)  handles 54753 (d +1)
  STEPX 12 move_in        acts [12] ids ['mv_11310'] bound {} diff 1
  RECORD WARN (dangling only, no later uid reference) STEP-DIFF after real op 12 (move_in, plan actions [12] ['mv_11310']): {"dangling_sim_only": [11365], "who": {"11365": [11363, "LoopTunnel", ""]}}
  METER pre    k  13  private 619.5 MB (d +0.0)  handles 54753 (d +0)
  FACT  wire_const node census: 626 rows
  FACT  OP wire_const DigitalNumericConstant[30] #8775 -> IndexArray[7].t2 -> err '' (0.3 s)
  FACT  connect #8774->#8753 AFTER node census: 626 rows
  FACT  connect #8774->#8753 CENSUS DIFF: Node 626 -> 626 ; 0 new uid(s): []
  METER op     k  13  private 623.5 MB (d +4.0)  handles 54785 (d +32)
  STEPX 13 connect        acts [13] ids ['rw_8774_8753'] diff skipped (not a checkpoint)
  METER pre    k  14  private 623.5 MB (d +0.0)  handles 54785 (d +0)
  FACT  wire_const node census: 626 rows
  FACT  OP wire_const DigitalNumericConstant[31] #8795 -> IndexArray[7].t5 -> err '' (0.3 s)
  FACT  connect #8794->#8762 AFTER node census: 626 rows
  FACT  connect #8794->#8762 CENSUS DIFF: Node 626 -> 626 ; 0 new uid(s): []
  METER op     k  14  private 623.5 MB (d +0.0)  handles 54785 (d +0)
  STEPX 14 connect        acts [14] ids ['rw_8794_8762'] diff skipped (not a checkpoint)
  METER pre    k  15  private 623.5 MB (d +0.0)  handles 54785 (d +0)
  STALE-ADDRESS op 15: fresh read + one retry (ADDRESS: #8750 'element' on node #8741: 2 (name,dir,wire) matches in [('array', False, 0), ('element', True, 0), ('index (row)', False, 8804), ('index (col)', False, 0), ('element', True, 0), ('index )
  METER read_retry k  15  private 623.5 MB (d +0.0)  handles 54786 (d +1)
  FACT  connect_nested_v1 node census: 626 rows
      op readback {'UID': 8764, 'Name': 'x', 'UID 2': 0, 'Is Broken?': False}
  FACT  OP connect_nested_v1 D[21].N[1].t2 <- D[21].N[0].t1 -> err '' (0.3 s)
  FACT  connect #8750->#8790 AFTER node census: 627 rows
  FACT  connect #8750->#8790 CENSUS DIFF: Node 626 -> 627 ; 1 new uid(s): [(1816, 'Invoke', (2074, 199))]
  FACT  connect #8750->#8790 new #1816 #1816 lives at: {'diagram_index': 21, 'diagram_uid': 23432, 'diagram_class': 'Diagram', 'nodes_index': 7, 'nodes_on_diagram': 8, 'label': 'Invoke Node'}  (22 diagram(s) scanned of 172, 0.9 s)
  FACT  connect #8750->#8790 new #1816 terminal table of #1816 (Diagram idx 21, Nodes[7], echo 1816): 6 terminal(s)
  FACT      connect #8750->#8790 new #1816 t0  'reference'                        is_source=False wire=0       errs=[0, 0, 0, 1055]
  FACT      connect #8750->#8790 new #1816 t1  'reference out'                    is_source=True  wire=0       errs=[0, 0, 0, 1055]
  FACT      connect #8750->#8790 new #1816 t2  'error in (no error)'              is_source=False wire=0       errs=[0, 0, 0, 1055]
  FACT      connect #8750->#8790 new #1816 t3  'error out'                        is_source=True  wire=0       errs=[0, 0, 0, 1055]
  FACT      connect #8750->#8790 new #1816 t4  'Method'                           is_source=False wire=0       errs=[0, 0, 0, 1055]
  FACT      connect #8750->#8790 new #1816 t5  'Method'                           is_source=True  wire=0       errs=[0, 0, 0, 1055]
  FACT  connect #8750->#8790 the junk node's FULL terminal table is printed above; 6 terminal(s), 0 WIRED - the purge precondition (ZERO wired) HOLDS
  FACT  connect #8750->#8790 purge delete Node #1816 at index 95: gone [1816], error '', census 627 -> 626, still present False (1.27 s)
  FACT  connect #8750->#8790 AFTER THE PURGE node census: 626 rows
  FACT  connect #8750->#8790 purge arithmetic: Node 626 -> 627 -> 626
  METER op     k  15  private 620.5 MB (d -3.0)  handles 54812 (d +26)
  STEPX 15 connect        acts [15] ids ['rw_8750_8790'] diff skipped (not a checkpoint)
  METER pre    k  16  private 620.6 MB (d +0.1)  handles 54812 (d +0)
  FACT  connect_nested_v1 node census: 626 rows
      op readback {'UID': 28233, 'Name': 'X', 'UID 2': 0, 'Is Broken?': False}
  FACT  OP connect_nested_v1 D[21].N[3].t5 <- D[21].N[0].t4 -> err '' (0.3 s)
  FACT  connect #8759->#28291 AFTER node census: 627 rows
  FACT  connect #8759->#28291 CENSUS DIFF: Node 626 -> 627 ; 1 new uid(s): [(1816, 'Invoke', (2074, 199))]
  FACT  connect #8759->#28291 new #1816 #1816 lives at: {'diagram_index': 21, 'diagram_uid': 23432, 'diagram_class': 'Diagram', 'nodes_index': 7, 'nodes_on_diagram': 8, 'label': 'Invoke Node'}  (22 diagram(s) scanned of 172, 0.9 s)
  FACT  connect #8759->#28291 new #1816 terminal table of #1816 (Diagram idx 21, Nodes[7], echo 1816): 6 terminal(s)
  FACT      connect #8759->#28291 new #1816 t0  'reference'                        is_source=False wire=0       errs=[0, 0, 0, 1055]
  FACT      connect #8759->#28291 new #1816 t1  'reference out'                    is_source=True  wire=0       errs=[0, 0, 0, 1055]
  FACT      connect #8759->#28291 new #1816 t2  'error in (no error)'              is_source=False wire=0       errs=[0, 0, 0, 1055]
  FACT      connect #8759->#28291 new #1816 t3  'error out'                        is_source=True  wire=0       errs=[0, 0, 0, 1055]
  FACT      connect #8759->#28291 new #1816 t4  'Method'                           is_source=False wire=0       errs=[0, 0, 0, 1055]
  FACT      connect #8759->#28291 new #1816 t5  'Method'                           is_source=True  wire=0       errs=[0, 0, 0, 1055]
  FACT  connect #8759->#28291 the junk node's FULL terminal table is printed above; 6 terminal(s), 0 WIRED - the purge precondition (ZERO wired) HOLDS
  FACT  connect #8759->#28291 purge delete Node #1816 at index 95: gone [1816], error '', census 627 -> 626, still present False (1.27 s)
  FACT  connect #8759->#28291 AFTER THE PURGE node census: 626 rows
  FACT  connect #8759->#28291 purge arithmetic: Node 626 -> 627 -> 626
  METER op     k  16  private 621.7 MB (d +1.1)  handles 54814 (d +2)
  STEPX 16 connect        acts [16] ids ['rw_8759_28291'] diff skipped (not a checkpoint)
  METER pre    k  17  private 621.7 MB (d +0.0)  handles 54813 (d -1)
  FACT  connect_nested_v1 node census: 626 rows
      op readback {'UID': 29009, 'Name': 'X', 'UID 2': 0, 'Is Broken?': False}
  FACT  OP connect_nested_v1 D[21].N[5].t11 <- D[21].N[1].t0 -> err '' (0.3 s)
  FACT  connect #8770->#29049 AFTER node census: 627 rows
  FACT  connect #8770->#29049 CENSUS DIFF: Node 626 -> 627 ; 1 new uid(s): [(1816, 'Invoke', (2074, 199))]
  FACT  connect #8770->#29049 new #1816 #1816 lives at: {'diagram_index': 21, 'diagram_uid': 23432, 'diagram_class': 'Diagram', 'nodes_index': 7, 'nodes_on_diagram': 8, 'label': 'Invoke Node'}  (22 diagram(s) scanned of 172, 0.9 s)
  FACT  connect #8770->#29049 new #1816 terminal table of #1816 (Diagram idx 21, Nodes[7], echo 1816): 6 terminal(s)
  FACT      connect #8770->#29049 new #1816 t0  'reference'                        is_source=False wire=0       errs=[0, 0, 0, 1055]
  FACT      connect #8770->#29049 new #1816 t1  'reference out'                    is_source=True  wire=0       errs=[0, 0, 0, 1055]
  FACT      connect #8770->#29049 new #1816 t2  'error in (no error)'              is_source=False wire=0       errs=[0, 0, 0, 1055]
  FACT      connect #8770->#29049 new #1816 t3  'error out'                        is_source=True  wire=0       errs=[0, 0, 0, 1055]
  FACT      connect #8770->#29049 new #1816 t4  'Method'                           is_source=False wire=0       errs=[0, 0, 0, 1055]
  FACT      connect #8770->#29049 new #1816 t5  'Method'                           is_source=True  wire=0       errs=[0, 0, 0, 1055]
  FACT  connect #8770->#29049 the junk node's FULL terminal table is printed above; 6 terminal(s), 0 WIRED - the purge precondition (ZERO wired) HOLDS
  FACT  connect #8770->#29049 purge delete Node #1816 at index 95: gone [1816], error '', census 627 -> 626, still present False (1.28 s)
  FACT  connect #8770->#29049 AFTER THE PURGE node census: 626 rows
  FACT  connect #8770->#29049 purge arithmetic: Node 626 -> 627 -> 626
  METER op     k  17  private 622.0 MB (d +0.3)  handles 54813 (d +0)
  STEPX 17 connect        acts [17] ids ['rw_8770_29049'] diff skipped (not a checkpoint)
  METER pre    k  18  private 622.0 MB (d +0.0)  handles 54813 (d +0)
  FACT  connect_nested_v1 node census: 626 rows
      op readback {'UID': 28233, 'Name': 'FIR Coefficients', 'UID 2': 0, 'Is Broken?': False}
  FACT  OP connect_nested_v1 D[21].N[3].t3 <- D[21].N[2].t2 -> err '' (0.3 s)
  FACT  connect #28189->#28281 AFTER node census: 627 rows
  FACT  connect #28189->#28281 CENSUS DIFF: Node 626 -> 627 ; 1 new uid(s): [(1816, 'Invoke', (2074, 199))]
  FACT  connect #28189->#28281 new #1816 #1816 lives at: {'diagram_index': 21, 'diagram_uid': 23432, 'diagram_class': 'Diagram', 'nodes_index': 7, 'nodes_on_diagram': 8, 'label': 'Invoke Node'}  (22 diagram(s) scanned of 172, 0.9 s)
  FACT  connect #28189->#28281 new #1816 terminal table of #1816 (Diagram idx 21, Nodes[7], echo 1816): 6 terminal(s)
  FACT      connect #28189->#28281 new #1816 t0  'reference'                        is_source=False wire=0       errs=[0, 0, 0, 1055]
  FACT      connect #28189->#28281 new #1816 t1  'reference out'                    is_source=True  wire=0       errs=[0, 0, 0, 1055]
  FACT      connect #28189->#28281 new #1816 t2  'error in (no error)'              is_source=False wire=0       errs=[0, 0, 0, 1055]
  FACT      connect #28189->#28281 new #1816 t3  'error out'                        is_source=True  wire=0       errs=[0, 0, 0, 1055]
  FACT      connect #28189->#28281 new #1816 t4  'Method'                           is_source=False wire=0       errs=[0, 0, 0, 1055]
  FACT      connect #28189->#28281 new #1816 t5  'Method'                           is_source=True  wire=0       errs=[0, 0, 0, 1055]
  FACT  connect #28189->#28281 the junk node's FULL terminal table is printed above; 6 terminal(s), 0 WIRED - the purge precondition (ZERO wired) HOLDS
  FACT  connect #28189->#28281 purge delete Node #1816 at index 95: gone [1816], error '', census 627 -> 626, still present False (1.27 s)
  FACT  connect #28189->#28281 AFTER THE PURGE node census: 626 rows
  FACT  connect #28189->#28281 purge arithmetic: Node 626 -> 627 -> 626
  METER op     k  18  private 623.1 MB (d +1.1)  handles 54813 (d +0)
  STEPX 18 connect        acts [18] ids ['rw_28189_28281'] diff skipped (not a checkpoint)
  METER pre    k  19  private 623.1 MB (d +0.0)  handles 54813 (d +0)
  FACT  connect_nested_v1 node census: 626 rows
      op readback {'UID': 27716, 'Name': 'array', 'UID 2': 0, 'Is Broken?': False}
  FACT  OP connect_nested_v1 D[21].N[4].t3 <- D[21].N[3].t1 -> err '' (0.3 s)
  FACT  connect #28251->#27827 AFTER node census: 627 rows
  FACT  connect #28251->#27827 CENSUS DIFF: Node 626 -> 627 ; 1 new uid(s): [(1816, 'Invoke', (2074, 199))]
  FACT  connect #28251->#27827 new #1816 #1816 lives at: {'diagram_index': 21, 'diagram_uid': 23432, 'diagram_class': 'Diagram', 'nodes_index': 7, 'nodes_on_diagram': 8, 'label': 'Invoke Node'}  (22 diagram(s) scanned of 172, 0.9 s)
  FACT  connect #28251->#27827 new #1816 terminal table of #1816 (Diagram idx 21, Nodes[7], echo 1816): 6 terminal(s)
  FACT      connect #28251->#27827 new #1816 t0  'reference'                        is_source=False wire=0       errs=[0, 0, 0, 1055]
  FACT      connect #28251->#27827 new #1816 t1  'reference out'                    is_source=True  wire=0       errs=[0, 0, 0, 1055]
  FACT      connect #28251->#27827 new #1816 t2  'error in (no error)'              is_source=False wire=0       errs=[0, 0, 0, 1055]
  FACT      connect #28251->#27827 new #1816 t3  'error out'                        is_source=True  wire=0       errs=[0, 0, 0, 1055]
  FACT      connect #28251->#27827 new #1816 t4  'Method'                           is_source=False wire=0       errs=[0, 0, 0, 1055]
  FACT      connect #28251->#27827 new #1816 t5  'Method'                           is_source=True  wire=0       errs=[0, 0, 0, 1055]
  FACT  connect #28251->#27827 the junk node's FULL terminal table is printed above; 6 terminal(s), 0 WIRED - the purge precondition (ZERO wired) HOLDS
  FACT  connect #28251->#27827 purge delete Node #1816 at index 95: gone [1816], error '', census 627 -> 626, still present False (1.27 s)
  FACT  connect #28251->#27827 AFTER THE PURGE node census: 626 rows
  FACT  connect #28251->#27827 purge arithmetic: Node 626 -> 627 -> 626
  METER op     k  19  private 624.1 MB (d +1.0)  handles 54812 (d -1)
  STEPX 19 connect        acts [19] ids ['rw_28251_27827'] diff skipped (not a checkpoint)
  METER pre    k  20  private 624.1 MB (d +0.0)  handles 54812 (d +0)
  FACT  connect_nested_v1 node census: 626 rows
      op readback {'UID': 11310, 'Name': 'element', 'UID 2': 0, 'Is Broken?': False}
  FACT  OP connect_nested_v1 D[21].N[6].t2 <- D[21].N[5].t3 -> err '' (0.3 s)
  FACT  connect #29025->#11320 AFTER node census: 627 rows
  FACT  connect #29025->#11320 CENSUS DIFF: Node 626 -> 627 ; 1 new uid(s): [(1816, 'Invoke', (2074, 199))]
  FACT  connect #29025->#11320 new #1816 #1816 lives at: {'diagram_index': 21, 'diagram_uid': 23432, 'diagram_class': 'Diagram', 'nodes_index': 7, 'nodes_on_diagram': 8, 'label': 'Invoke Node'}  (22 diagram(s) scanned of 172, 0.9 s)
  FACT  connect #29025->#11320 new #1816 terminal table of #1816 (Diagram idx 21, Nodes[7], echo 1816): 6 terminal(s)
  FACT      connect #29025->#11320 new #1816 t0  'reference'                        is_source=False wire=0       errs=[0, 0, 0, 1055]
  FACT      connect #29025->#11320 new #1816 t1  'reference out'                    is_source=True  wire=0       errs=[0, 0, 0, 1055]
  FACT      connect #29025->#11320 new #1816 t2  'error in (no error)'              is_source=False wire=0       errs=[0, 0, 0, 1055]
  FACT      connect #29025->#11320 new #1816 t3  'error out'                        is_source=True  wire=0       errs=[0, 0, 0, 1055]
  FACT      connect #29025->#11320 new #1816 t4  'Method'                           is_source=False wire=0       errs=[0, 0, 0, 1055]
  FACT      connect #29025->#11320 new #1816 t5  'Method'                           is_source=True  wire=0       errs=[0, 0, 0, 1055]
  FACT  connect #29025->#11320 the junk node's FULL terminal table is printed above; 6 terminal(s), 0 WIRED - the purge precondition (ZERO wired) HOLDS
  FACT  connect #29025->#11320 purge delete Node #1816 at index 95: gone [1816], error '', census 627 -> 626, still present False (1.27 s)
  FACT  connect #29025->#11320 AFTER THE PURGE node census: 626 rows
  FACT  connect #29025->#11320 purge arithmetic: Node 626 -> 627 -> 626
  METER op     k  20  private 634.7 MB (d +10.6)  handles 54812 (d +0)
  STEPX 20 connect        acts [20] ids ['rw_29025_11320'] diff skipped (not a checkpoint)
  METER pre    k  21  private 634.7 MB (d +0.0)  handles 54812 (d +0)
  FACT  connect_nested_v1 node census: 626 rows
      op readback {'UID': 11310, 'Name': 'element', 'UID 2': 0, 'Is Broken?': False}
  FACT  OP connect_nested_v1 D[21].N[6].t3 <- D[21].N[4].t0 -> err '' (0.3 s)
  FACT  connect #27784->#11323 AFTER node census: 627 rows
  FACT  connect #27784->#11323 CENSUS DIFF: Node 626 -> 627 ; 1 new uid(s): [(1816, 'Invoke', (2074, 199))]
  FACT  connect #27784->#11323 new #1816 #1816 lives at: {'diagram_index': 21, 'diagram_uid': 23432, 'diagram_class': 'Diagram', 'nodes_index': 7, 'nodes_on_diagram': 8, 'label': 'Invoke Node'}  (22 diagram(s) scanned of 172, 0.9 s)
  FACT  connect #27784->#11323 new #1816 terminal table of #1816 (Diagram idx 21, Nodes[7], echo 1816): 6 terminal(s)
  FACT      connect #27784->#11323 new #1816 t0  'reference'                        is_source=False wire=0       errs=[0, 0, 0, 1055]
  FACT      connect #27784->#11323 new #1816 t1  'reference out'                    is_source=True  wire=0       errs=[0, 0, 0, 1055]
  FACT      connect #27784->#11323 new #1816 t2  'error in (no error)'              is_source=False wire=0       errs=[0, 0, 0, 1055]
  FACT      connect #27784->#11323 new #1816 t3  'error out'                        is_source=True  wire=0       errs=[0, 0, 0, 1055]
  FACT      connect #27784->#11323 new #1816 t4  'Method'                           is_source=False wire=0       errs=[0, 0, 0, 1055]
  FACT      connect #27784->#11323 new #1816 t5  'Method'                           is_source=True  wire=0       errs=[0, 0, 0, 1055]
  FACT  connect #27784->#11323 the junk node's FULL terminal table is printed above; 6 terminal(s), 0 WIRED - the purge precondition (ZERO wired) HOLDS
  FACT  connect #27784->#11323 purge delete Node #1816 at index 95: gone [1816], error '', census 627 -> 626, still present False (1.27 s)
  FACT  connect #27784->#11323 AFTER THE PURGE node census: 626 rows
  FACT  connect #27784->#11323 purge arithmetic: Node 626 -> 627 -> 626
  METER op     k  21  private 634.8 MB (d +0.1)  handles 54813 (d +1)
  STEPX 21 connect        acts [21] ids ['rw_27784_11323'] diff skipped (not a checkpoint)
  METER pre    k  22  private 634.8 MB (d +0.0)  handles 54812 (d -1)
  FACT  move_in node census: 626 rows
  FACT  OP move_in #11261 -> Diagram[20] at (2961, 1735) -> err '' (0.2 s)
  FACT  move_in #11261 AFTER node census: 627 rows
  FACT  move_in #11261 CENSUS DIFF: Node 626 -> 627 ; 1 new uid(s): [(1816, 'Invoke', (2033, 158))]
  FACT  move_in #11261 new #1816 #1816 lives at: {'diagram_index': 20, 'diagram_uid': 23073, 'diagram_class': 'Diagram', 'nodes_index': 2, 'nodes_on_diagram': 3, 'label': 'Invoke Node'}  (21 diagram(s) scanned of 172, 0.9 s)
  FACT  move_in #11261 new #1816 terminal table of #1816 (Diagram idx 20, Nodes[2], echo 1816): 6 terminal(s)
  FACT      move_in #11261 new #1816 t0  'reference'                        is_source=False wire=0       errs=[0, 0, 0, 1055]
  FACT      move_in #11261 new #1816 t1  'reference out'                    is_source=True  wire=0       errs=[0, 0, 0, 1055]
  FACT      move_in #11261 new #1816 t2  'error in (no error)'              is_source=False wire=0       errs=[0, 0, 0, 1055]
  FACT      move_in #11261 new #1816 t3  'error out'                        is_source=True  wire=0       errs=[0, 0, 0, 1055]
  FACT      move_in #11261 new #1816 t4  'Method'                           is_source=False wire=0       errs=[0, 0, 0, 1055]
  FACT      move_in #11261 new #1816 t5  'Method'                           is_source=True  wire=0       errs=[0, 0, 0, 1055]
  FACT  move_in #11261 the junk node's FULL terminal table is printed above; 6 terminal(s), 0 WIRED - the purge precondition (ZERO wired) HOLDS
  FACT  move_in #11261 purge delete Node #1816 at index 94: gone [1816], error '', census 627 -> 626, still present False (1.29 s)
  FACT  move_in #11261 AFTER THE PURGE node census: 626 rows
  FACT  move_in #11261 purge arithmetic: Node 626 -> 627 -> 626
  METER op     k  22  private 634.8 MB (d +0.0)  handles 54812 (d +0)
  STEPX 22 move_in        acts [22] ids ['mv_11261'] diff skipped (not a checkpoint)
  METER pre    k  23  private 634.8 MB (d +0.0)  handles 54812 (d +0)
  FACT  delete_object node census: 626 rows
      stagexecdeleted LoopTunnel #11363 -> gone [11363]
  FACT  OP delete_object LoopTunnel #11363 -> err '' (0.4 s)
  FACT  delete_object LoopTunnel #11363 AFTER node census: 626 rows
  FACT  delete_object LoopTunnel #11363 CENSUS DIFF: Node 626 -> 626 ; 0 new uid(s): []
  METER op     k  23  private 634.9 MB (d +0.1)  handles 54813 (d +1)
  STEPX 23 delete_object  acts [23] ids ['del_11363'] diff skipped (not a checkpoint)
  METER pre    k  24  private 634.9 MB (d +0.0)  handles 54813 (d +0)
  FACT  indicator_nested node census: 626 rows
  FACT  OP indicator_nested LoopTunnel #9227 outer face #9234 (OpTunnelInd_v0) -> err '' (10.4 s)
  FACT  create indicator r5_ind_ring AFTER node census: 626 rows
  FACT  create indicator r5_ind_ring CENSUS DIFF: Node 626 -> 626 ; 0 new uid(s): []
  METER op     k  24  private 634.8 MB (d -0.1)  handles 54942 (d +129)
  METER read   k  24  private 638.9 MB (d +4.1)  handles 54939 (d -3)
  STEPX 24 create         acts [24] ids ['r5_ind_ring'] bound {-20: 23538} diff 0
  METER pre    k  25  private 638.9 MB (d +0.0)  handles 54939 (d +0)
  FACT  indicator_nested node census: 626 rows
  FACT  OP indicator_nested #11608.t0 -> err '' (1.1 s)
  FACT  create indicator r5_ind_wlc AFTER node census: 626 rows
  FACT  create indicator r5_ind_wlc CENSUS DIFF: Node 626 -> 626 ; 0 new uid(s): []
  METER op     k  25  private 638.9 MB (d +0.0)  handles 54959 (d +20)
  METER read   k  25  private 643.0 MB (d +4.1)  handles 54957 (d -2)
  STEPX 25 create         acts [25] ids ['r5_ind_wlc'] bound {-21: 23775} diff 0
  METER pre    k  26  private 643.0 MB (d +0.0)  handles 54957 (d +0)
  FACT  create_local_read node census: 626 rows
  FACT  OP create_local_read 'plot ring (display)' panel[114] -> err '' (0.1 s)
  FACT  create local_read r6_lr_ring AFTER node census: 627 rows
  FACT  create local_read r6_lr_ring CENSUS DIFF: Node 626 -> 627 ; 1 new uid(s): [(23620, 'Local', (5837, 2169))]
  FACT  create local_read r6_lr_ring new #23620 #23620 lives at: {'diagram_index': 0, 'diagram_uid': 536, 'diagram_class': 'TopLevelDiagram', 'nodes_index': 0, 'nodes_on_diagram': 1, 'label': 'D1_s1_disp_20260927_011732.vi'}  (1 diagram(s) scanned of 172, 0.2 s)
  FACT  create local_read r6_lr_ring new #23620 terminal table of #23620 (Diagram idx 0, Nodes[0], echo 23620): 1 terminal(s)
  FACT      create local_read r6_lr_ring new #23620 t0  'plot ring (display)'              is_source=False wire=0       errs=[0, 0, 0, 1055]
  FACT  create local_read r6_lr_ring NEW NODE NOT DELETED (not the measured junk shape, or its table could not be read): #23620 class 'Local' label 'D1_s1_disp_20260927_011732.vi', 1 terminal(s), 0 wired - REPORTED, left alone
  FACT  move_in node census: 627 rows
  FACT  OP move_in #23620 -> Diagram[20] at (40, 40) -> err '' (0.1 s)
  FACT  create local_read r6_lr_ring move_in AFTER node census: 628 rows
  FACT  create local_read r6_lr_ring move_in CENSUS DIFF: Node 627 -> 628 ; 1 new uid(s): [(1816, 'Invoke', (2033, 158))]
  FACT  create local_read r6_lr_ring move_in new #1816 #1816 lives at: {'diagram_index': 20, 'diagram_uid': 23073, 'diagram_class': 'Diagram', 'nodes_index': 3, 'nodes_on_diagram': 4, 'label': 'Invoke Node'}  (21 diagram(s) scanned of 172, 0.9 s)
  FACT  create local_read r6_lr_ring move_in new #1816 terminal table of #1816 (Diagram idx 20, Nodes[3], echo 1816): 6 terminal(s)
  FACT      create local_read r6_lr_ring move_in new #1816 t0  'reference'                        is_source=False wire=0       errs=[0, 0, 0, 1055]
  FACT      create local_read r6_lr_ring move_in new #1816 t1  'reference out'                    is_source=True  wire=0       errs=[0, 0, 0, 1055]
  FACT      create local_read r6_lr_ring move_in new #1816 t2  'error in (no error)'              is_source=False wire=0       errs=[0, 0, 0, 1055]
  FACT      create local_read r6_lr_ring move_in new #1816 t3  'error out'                        is_source=True  wire=0       errs=[0, 0, 0, 1055]
  FACT      create local_read r6_lr_ring move_in new #1816 t4  'Method'                           is_source=False wire=0       errs=[0, 0, 0, 1055]
  FACT      create local_read r6_lr_ring move_in new #1816 t5  'Method'                           is_source=True  wire=0       errs=[0, 0, 0, 1055]
  FACT  create local_read r6_lr_ring move_in the junk node's FULL terminal table is printed above; 6 terminal(s), 0 WIRED - the purge precondition (ZERO wired) HOLDS
  FACT  create local_read r6_lr_ring move_in purge delete Node #1816 at index 94: gone [1816], error '', census 628 -> 627, still present False (1.30 s)
  FACT  create local_read r6_lr_ring move_in AFTER THE PURGE node census: 627 rows
  FACT  create local_read r6_lr_ring move_in purge arithmetic: Node 627 -> 628 -> 627
  METER op     k  26  private 643.0 MB (d +0.0)  handles 54974 (d +17)
  METER read   k  26  private 643.1 MB (d +0.1)  handles 54976 (d +2)
  STEPX 26 create         acts [26] ids ['r6_lr_ring'] bound {-22: 23620} diff 0
  METER pre    k  27  private 643.0 MB (d -0.1)  handles 54975 (d -1)
  FACT  create_local_read node census: 627 rows
  FACT  OP create_local_read 'plot WLC (display)' panel[115] -> err '' (0.1 s)
  FACT  create local_read r6_lr_wlc AFTER node census: 628 rows
  FACT  create local_read r6_lr_wlc CENSUS DIFF: Node 627 -> 628 ; 1 new uid(s): [(23623, 'Local', (5836, 2169))]
  FACT  create local_read r6_lr_wlc new #23623 #23623 lives at: {'diagram_index': 0, 'diagram_uid': 536, 'diagram_class': 'TopLevelDiagram', 'nodes_index': 0, 'nodes_on_diagram': 1, 'label': 'D1_s1_disp_20260927_011732.vi'}  (1 diagram(s) scanned of 172, 0.2 s)
  FACT  create local_read r6_lr_wlc new #23623 terminal table of #23623 (Diagram idx 0, Nodes[0], echo 23623): 1 terminal(s)
  FACT      create local_read r6_lr_wlc new #23623 t0  'plot WLC (display)'               is_source=False wire=0       errs=[0, 0, 0, 1055]
  FACT  create local_read r6_lr_wlc NEW NODE NOT DELETED (not the measured junk shape, or its table could not be read): #23623 class 'Local' label 'D1_s1_disp_20260927_011732.vi', 1 terminal(s), 0 wired - REPORTED, left alone
  FACT  move_in node census: 628 rows
  FACT  OP move_in #23623 -> Diagram[20] at (40, 40) -> err '' (0.1 s)
  FACT  create local_read r6_lr_wlc move_in AFTER node census: 629 rows
  FACT  create local_read r6_lr_wlc move_in CENSUS DIFF: Node 628 -> 629 ; 1 new uid(s): [(1816, 'Invoke', (2033, 158))]
  FACT  create local_read r6_lr_wlc move_in new #1816 #1816 lives at: {'diagram_index': 20, 'diagram_uid': 23073, 'diagram_class': 'Diagram', 'nodes_index': 4, 'nodes_on_diagram': 5, 'label': 'Invoke Node'}  (21 diagram(s) scanned of 172, 0.9 s)
  FACT  create local_read r6_lr_wlc move_in new #1816 terminal table of #1816 (Diagram idx 20, Nodes[4], echo 1816): 6 terminal(s)
  FACT      create local_read r6_lr_wlc move_in new #1816 t0  'reference'                        is_source=False wire=0       errs=[0, 0, 0, 1055]
  FACT      create local_read r6_lr_wlc move_in new #1816 t1  'reference out'                    is_source=True  wire=0       errs=[0, 0, 0, 1055]
  FACT      create local_read r6_lr_wlc move_in new #1816 t2  'error in (no error)'              is_source=False wire=0       errs=[0, 0, 0, 1055]
  FACT      create local_read r6_lr_wlc move_in new #1816 t3  'error out'                        is_source=True  wire=0       errs=[0, 0, 0, 1055]
  FACT      create local_read r6_lr_wlc move_in new #1816 t4  'Method'                           is_source=False wire=0       errs=[0, 0, 0, 1055]
  FACT      create local_read r6_lr_wlc move_in new #1816 t5  'Method'                           is_source=True  wire=0       errs=[0, 0, 0, 1055]
  FACT  create local_read r6_lr_wlc move_in the junk node's FULL terminal table is printed above; 6 terminal(s), 0 WIRED - the purge precondition (ZERO wired) HOLDS
  FACT  create local_read r6_lr_wlc move_in purge delete Node #1816 at index 94: gone [1816], error '', census 629 -> 628, still present False (1.29 s)
  FACT  create local_read r6_lr_wlc move_in AFTER THE PURGE node census: 628 rows
  FACT  create local_read r6_lr_wlc move_in purge arithmetic: Node 628 -> 629 -> 628
  METER op     k  27  private 643.1 MB (d +0.1)  handles 54975 (d +0)
  METER read   k  27  private 647.2 MB (d +4.1)  handles 54977 (d +2)
  STEPX 27 create         acts [27] ids ['r6_lr_wlc'] bound {-24: 23623} diff 0
  METER pre    k  28  private 647.2 MB (d +0.0)  handles 54978 (d +1)
  FACT  create_local_read node census: 628 rows
  FACT  OP create_local_read 'Exp Baseline' panel[29] -> err '' (0.1 s)
  FACT  create local_read r6_lr_base AFTER node census: 629 rows
  FACT  create local_read r6_lr_base CENSUS DIFF: Node 628 -> 629 ; 1 new uid(s): [(23781, 'Local', (5851, 2169))]
  FACT  create local_read r6_lr_base new #23781 #23781 lives at: {'diagram_index': 0, 'diagram_uid': 536, 'diagram_class': 'TopLevelDiagram', 'nodes_index': 0, 'nodes_on_diagram': 1, 'label': 'D1_s1_disp_20260927_011732.vi'}  (1 diagram(s) scanned of 172, 0.2 s)
  FACT  create local_read r6_lr_base new #23781 terminal table of #23781 (Diagram idx 0, Nodes[0], echo 23781): 1 terminal(s)
  FACT      create local_read r6_lr_base new #23781 t0  'Exp Baseline'                     is_source=False wire=0       errs=[0, 0, 0, 1055]
  FACT  create local_read r6_lr_base NEW NODE NOT DELETED (not the measured junk shape, or its table could not be read): #23781 class 'Local' label 'D1_s1_disp_20260927_011732.vi', 1 terminal(s), 0 wired - REPORTED, left alone
  FACT  move_in node census: 629 rows
  FACT  OP move_in #23781 -> Diagram[20] at (40, 40) -> err '' (0.1 s)
  FACT  create local_read r6_lr_base move_in AFTER node census: 630 rows
  FACT  create local_read r6_lr_base move_in CENSUS DIFF: Node 629 -> 630 ; 1 new uid(s): [(1816, 'Invoke', (2033, 158))]
  FACT  create local_read r6_lr_base move_in new #1816 #1816 lives at: {'diagram_index': 20, 'diagram_uid': 23073, 'diagram_class': 'Diagram', 'nodes_index': 5, 'nodes_on_diagram': 6, 'label': 'Invoke Node'}  (21 diagram(s) scanned of 172, 0.9 s)
  FACT  create local_read r6_lr_base move_in new #1816 terminal table of #1816 (Diagram idx 20, Nodes[5], echo 1816): 6 terminal(s)
  FACT      create local_read r6_lr_base move_in new #1816 t0  'reference'                        is_source=False wire=0       errs=[0, 0, 0, 1055]
  FACT      create local_read r6_lr_base move_in new #1816 t1  'reference out'                    is_source=True  wire=0       errs=[0, 0, 0, 1055]
  FACT      create local_read r6_lr_base move_in new #1816 t2  'error in (no error)'              is_source=False wire=0       errs=[0, 0, 0, 1055]
  FACT      create local_read r6_lr_base move_in new #1816 t3  'error out'                        is_source=True  wire=0       errs=[0, 0, 0, 1055]
  FACT      create local_read r6_lr_base move_in new #1816 t4  'Method'                           is_source=False wire=0       errs=[0, 0, 0, 1055]
  FACT      create local_read r6_lr_base move_in new #1816 t5  'Method'                           is_source=True  wire=0       errs=[0, 0, 0, 1055]
  FACT  create local_read r6_lr_base move_in the junk node's FULL terminal table is printed above; 6 terminal(s), 0 WIRED - the purge precondition (ZERO wired) HOLDS
  FACT  create local_read r6_lr_base move_in purge delete Node #1816 at index 94: gone [1816], error '', census 630 -> 629, still present False (1.30 s)
  FACT  create local_read r6_lr_base move_in AFTER THE PURGE node census: 629 rows
  FACT  create local_read r6_lr_base move_in purge arithmetic: Node 629 -> 630 -> 629
  METER op     k  28  private 647.3 MB (d +0.1)  handles 54978 (d +0)
  METER read   k  28  private 660.4 MB (d +13.1)  handles 54977 (d -1)
  STEPX 28 create         acts [28] ids ['r6_lr_base'] bound {-26: 23781} diff 0
  METER pre    k  29  private 660.4 MB (d +0.0)  handles 54977 (d +0)
  FACT  create_local_read node census: 629 rows
  FACT  OP create_local_read 'Force\nsmoothing\nhalf-width' panel[94] -> err '' (0.1 s)
  FACT  create local_read r6_lr_fhw AFTER node census: 630 rows
  FACT  create local_read r6_lr_fhw CENSUS DIFF: Node 629 -> 630 ; 1 new uid(s): [(23796, 'Local', (5812, 2169))]
  FACT  create local_read r6_lr_fhw new #23796 #23796 lives at: {'diagram_index': 0, 'diagram_uid': 536, 'diagram_class': 'TopLevelDiagram', 'nodes_index': 0, 'nodes_on_diagram': 1, 'label': 'D1_s1_disp_20260927_011732.vi'}  (1 diagram(s) scanned of 172, 0.2 s)
  FACT  create local_read r6_lr_fhw new #23796 terminal table of #23796 (Diagram idx 0, Nodes[0], echo 23796): 1 terminal(s)
  FACT      create local_read r6_lr_fhw new #23796 t0  'Force\nsmoothing\nhalf-width'     is_source=False wire=0       errs=[0, 0, 0, 1055]
  FACT  create local_read r6_lr_fhw NEW NODE NOT DELETED (not the measured junk shape, or its table could not be read): #23796 class 'Local' label 'D1_s1_disp_20260927_011732.vi', 1 terminal(s), 0 wired - REPORTED, left alone
  FACT  move_in node census: 630 rows
  FACT  OP move_in #23796 -> Diagram[20] at (40, 40) -> err '' (0.1 s)
  FACT  create local_read r6_lr_fhw move_in AFTER node census: 631 rows
  FACT  create local_read r6_lr_fhw move_in CENSUS DIFF: Node 630 -> 631 ; 1 new uid(s): [(1816, 'Invoke', (2033, 158))]
  FACT  create local_read r6_lr_fhw move_in new #1816 #1816 lives at: {'diagram_index': 20, 'diagram_uid': 23073, 'diagram_class': 'Diagram', 'nodes_index': 6, 'nodes_on_diagram': 7, 'label': 'Invoke Node'}  (21 diagram(s) scanned of 172, 0.9 s)
  FACT  create local_read r6_lr_fhw move_in new #1816 terminal table of #1816 (Diagram idx 20, Nodes[6], echo 1816): 6 terminal(s)
  FACT      create local_read r6_lr_fhw move_in new #1816 t0  'reference'                        is_source=False wire=0       errs=[0, 0, 0, 1055]
  FACT      create local_read r6_lr_fhw move_in new #1816 t1  'reference out'                    is_source=True  wire=0       errs=[0, 0, 0, 1055]
  FACT      create local_read r6_lr_fhw move_in new #1816 t2  'error in (no error)'              is_source=False wire=0       errs=[0, 0, 0, 1055]
  FACT      create local_read r6_lr_fhw move_in new #1816 t3  'error out'                        is_source=True  wire=0       errs=[0, 0, 0, 1055]
  FACT      create local_read r6_lr_fhw move_in new #1816 t4  'Method'                           is_source=False wire=0       errs=[0, 0, 0, 1055]
  FACT      create local_read r6_lr_fhw move_in new #1816 t5  'Method'                           is_source=True  wire=0       errs=[0, 0, 0, 1055]
  FACT  create local_read r6_lr_fhw move_in the junk node's FULL terminal table is printed above; 6 terminal(s), 0 WIRED - the purge precondition (ZERO wired) HOLDS
  FACT  create local_read r6_lr_fhw move_in purge delete Node #1816 at index 94: gone [1816], error '', census 631 -> 630, still present False (1.30 s)
  FACT  create local_read r6_lr_fhw move_in AFTER THE PURGE node census: 630 rows
  FACT  create local_read r6_lr_fhw move_in purge arithmetic: Node 630 -> 631 -> 630
  METER op     k  29  private 660.4 MB (d +0.0)  handles 54977 (d +0)
  METER read   k  29  private 660.5 MB (d +0.1)  handles 54977 (d +0)
  STEPX 29 create         acts [29] ids ['r6_lr_fhw'] bound {-28: 23796} diff 0
  METER pre    k  30  private 660.5 MB (d +0.0)  handles 54977 (d +0)
  FACT  create_local_read node census: 630 rows
  FACT  OP create_local_read 'Extension\nmedian filter\nhalf-width' panel[95] -> err '' (0.1 s)
  FACT  create local_read r6_lr_ehw AFTER node census: 631 rows
  FACT  create local_read r6_lr_ehw CENSUS DIFF: Node 630 -> 631 ; 1 new uid(s): [(23811, 'Local', (5796, 2169))]
  FACT  create local_read r6_lr_ehw new #23811 #23811 lives at: {'diagram_index': 0, 'diagram_uid': 536, 'diagram_class': 'TopLevelDiagram', 'nodes_index': 0, 'nodes_on_diagram': 1, 'label': 'D1_s1_disp_20260927_011732.vi'}  (1 diagram(s) scanned of 172, 0.2 s)
  FACT  create local_read r6_lr_ehw new #23811 terminal table of #23811 (Diagram idx 0, Nodes[0], echo 23811): 1 terminal(s)
  FACT      create local_read r6_lr_ehw new #23811 t0  'Extension\nmedian filter\nhalf-width' is_source=False wire=0       errs=[0, 0, 0, 1055]
  FACT  create local_read r6_lr_ehw NEW NODE NOT DELETED (not the measured junk shape, or its table could not be read): #23811 class 'Local' label 'D1_s1_disp_20260927_011732.vi', 1 terminal(s), 0 wired - REPORTED, left alone
  FACT  move_in node census: 631 rows
  FACT  OP move_in #23811 -> Diagram[20] at (40, 40) -> err '' (0.1 s)
  FACT  create local_read r6_lr_ehw move_in AFTER node census: 632 rows
  FACT  create local_read r6_lr_ehw move_in CENSUS DIFF: Node 631 -> 632 ; 1 new uid(s): [(1816, 'Invoke', (2033, 158))]
  FACT  create local_read r6_lr_ehw move_in new #1816 #1816 lives at: {'diagram_index': 20, 'diagram_uid': 23073, 'diagram_class': 'Diagram', 'nodes_index': 7, 'nodes_on_diagram': 8, 'label': 'Invoke Node'}  (21 diagram(s) scanned of 172, 0.9 s)
  FACT  create local_read r6_lr_ehw move_in new #1816 terminal table of #1816 (Diagram idx 20, Nodes[7], echo 1816): 6 terminal(s)
  FACT      create local_read r6_lr_ehw move_in new #1816 t0  'reference'                        is_source=False wire=0       errs=[0, 0, 0, 1055]
  FACT      create local_read r6_lr_ehw move_in new #1816 t1  'reference out'                    is_source=True  wire=0       errs=[0, 0, 0, 1055]
  FACT      create local_read r6_lr_ehw move_in new #1816 t2  'error in (no error)'              is_source=False wire=0       errs=[0, 0, 0, 1055]
  FACT      create local_read r6_lr_ehw move_in new #1816 t3  'error out'                        is_source=True  wire=0       errs=[0, 0, 0, 1055]
  FACT      create local_read r6_lr_ehw move_in new #1816 t4  'Method'                           is_source=False wire=0       errs=[0, 0, 0, 1055]
  FACT      create local_read r6_lr_ehw move_in new #1816 t5  'Method'                           is_source=True  wire=0       errs=[0, 0, 0, 1055]
  FACT  create local_read r6_lr_ehw move_in the junk node's FULL terminal table is printed above; 6 terminal(s), 0 WIRED - the purge precondition (ZERO wired) HOLDS
  FACT  create local_read r6_lr_ehw move_in purge delete Node #1816 at index 94: gone [1816], error '', census 632 -> 631, still present False (1.31 s)
  FACT  create local_read r6_lr_ehw move_in AFTER THE PURGE node census: 631 rows
  FACT  create local_read r6_lr_ehw move_in purge arithmetic: Node 631 -> 632 -> 631
  METER op     k  30  private 660.6 MB (d +0.1)  handles 54978 (d +1)
  METER read   k  30  private 664.6 MB (d +4.0)  handles 54975 (d -3)
  STEPX 30 create         acts [30] ids ['r6_lr_ehw'] bound {-30: 23811} diff 0
  METER pre    k  31  private 664.6 MB (d +0.0)  handles 54975 (d +0)
  FACT  STEP-DIFF k 12 move_in ids ['mv_11310'] ops since last read [6, 7, 8, 9, 10, 11, 12]: {"dangling_sim_only": [11365]}
  FAIL  E1 the run reached its last op (record mode; stopped IN op {'k': 31, 'op': 'tunnel', 'acts': [31, 32, 33], 'ids': ['t_ring', 't_ring_out', 't_ring_in']})  ADDRESS: terminal #23792 is_source False, wanted True
  FAIL  STOP at gate: E1 the run reached its last op (record mode; stopped IN op {'k': 31, 'op': 'tunnel', 'acts': [31, 32, 33], 'ids': ['t_ring', 't_ring_out', 't_ring_in']})

---------- [H] HYGIENE
  FACT  gscript ref_counts: {'opened': 10, 'closed': 10, 'live': 0, 'cached_op_vis': 20}
  PASS  H5 VI-Server reference counter level (opened == closed)  {'opened': 10, 'closed': 10, 'live': 0, 'cached_op_vis': 20}
  FACT  LabVIEW handle count AFTER the work: 38296
  PASS  H2 the INPUT's md5 is UNCHANGED after the run  before 3e3d23cefd3a334001aa9d6156bf1aee / after 3e3d23cefd3a334001aa9d6156bf1aee
  FACT  PIN AFTER  ORIGINAL         2a78e17c449cacdaf5da389818526859  (want 2a78e17c449cacdaf5da389818526859) OK
  FACT  PIN AFTER  S1 D1_s1_copy    3e3d23cefd3a334001aa9d6156bf1aee  (want 3e3d23cefd3a334001aa9d6156bf1aee) OK
  FACT  PIN AFTER  S2 D1_s2_loops   6ff19497f2309e007a214660bb64b911  (want 6ff19497f2309e007a214660bb64b911) OK
  FACT  PIN AFTER  ROW2 bed         26c54ff784cb5cea21edbd214d2cc3a0  (want 26c54ff784cb5cea21edbd214d2cc3a0) OK
  FACT  PIN AFTER  M3a-2            3842f5e6f128226235dc78353f26ef44  (want 3842f5e6f128226235dc78353f26ef44) OK
  PASS  H3 every md5 pin still holds
  FACT  THE FILES THIS RUN LEFT ON DISK: ['D1_s1_disp_20260927_011732.vi']  (removed: [])
  PASS  H6 the files left on disk == ['D1_s1_disp_20260927_011732.vi'] and nothing was removed  added ['D1_s1_disp_20260927_011732.vi'] removed []
  FACT  LabVIEW handle count at exit: 38296

====================================================================================================
=== GATES: 9 pass / 2 fail; failing: E1 the run reached its last op (record mode; stopped IN op {'k': 31, 'op': 'tunnel', 'acts': [31, 32, 33], 'ids': ['t_ring', 't_ring_out', 't_ring_in']}), STOP at gate: E1 the run reached its last op (record mode; stopped IN op {'k': 31, 'op': 'tunnel', 'acts': [31, 32, 33], 'ids': ['t_ring', 't_ring_out', 't_ring_in']})
JSON: G:\Codes\LabVIEW_Codes\MinLab\zz_LabView VI\AAA_UNIST\2. Tracking\V6_ParallelLoop\tools\bench\stage_d1_disp.json   elapsed 554.7 s
RESULT {"schema":"result-line/1","status":"FAIL","gates":{"pass":9,"fail":2},"first_fail":"E1 the run reached its last op (record mode; stopped IN op {'k': 31, 'op': 'tunnel', 'acts': [31, 32, 33], 'ids': ['t_ring', 't_ring_out', 't_ring_in']})","artefacts":[]}
LabVIEW gone at exit: True
BGRUN END rc=1 after 560s
