BGRUN START 2026-09-28 19:24:31 limit 50.0 min: py -u tools/bench/stage_d1_ring_p2a_el.py final
BGRUN PID 10356
  GATE PASS  K mode final: file on disk, md5 == its stage JSON pin  ('C:\\Program Files\\National Instruments\\LabVIEW 2026\\user.lib\\claudeDev\\D1_ring_p2a_20260928_191739.vi', 'c22a473f26ebcc67296d1c2441f8a47a')
  GATE PASS  P pin file present (scratch scratch_c121_p2a_20260928_185329.vi, new items 1)  G:\Codes\LabVIEW_Codes\MinLab\zz_LabView VI\AAA_UNIST\2. Tracking\V6_ParallelLoop\tools\bench\plan_ring_p2a_pin.json
LV-UP: was_running=False Version 26.3.1f1 answered after 1 tries, 13.9 s
LV-UP: handles settled 37247 -> 37245 at 19.3 s
plan G:\Codes\LabVIEW_Codes\MinLab\zz_LabView VI\AAA_UNIST\2. Tracking\V6_ParallelLoop\tools\bench\plan_ring_p2a.json open_rows 11 -> 0 derived licences
bed C:\Program Files\National Instruments\LabVIEW 2026\user.lib\claudeDev\D1_ring_p2a_20260928_191739.vi md5 c22a473f26ebcc67296d1c2441f8a47a -> scratch C:\Program Files\National Instruments\LabVIEW 2026\user.lib\claudeDev\_elc_D1_ring_p2a_20260928_191739_20260928_192431.vi identical=True
VI-READY: GetVIReference answered after 1 tries, 1.5 s (ExecState 0)
  windows before Ctrl+L: [['', 'LVTipStrip'], ['_elc_D1_ring_p2a_20260928_191739_20260928_192431.vi Block Diagram', 'LVDChild'], ['_elc_D1_ring_p2a_20260928_191739_20260928_192431.vi Front Panel', 'LVDChild'], ['LabVIEW', 'LVFrame']]
  fronted '_elc_D1_ring_p2a_20260928_191739_20260928_192431.vi Block Diagram' (measured foreground '_elc_D1_ring_p2a_20260928_191739_20260928_192431.vi Block Diagram')
  Error List window: hwnd=24512624 title='Error list' class=LVDChild rect=(463, 195, 1462, 895)
  win32 CHILD windows of the dialog: 0
  --- UIA tree (7 elements) ---
   0 [Window] name='Error list' cls='LVDChild' aid='' val='' sel=None
     0.0 [50037] name='' cls='' aid='' val='Error list' sel=None
       0.0.0 [50010] name='시스템' cls='' aid='MenuBar' val='' sel=None
         0.0.0.0 [MenuItem] name='시스템' cls='' aid='' val='' sel=None
       0.0.1 [Button] name='최소화' cls='' aid='' val='' sel=None
       0.0.2 [Button] name='최대화' cls='' aid='' val='' sel=None
       0.0.3 [Button] name='닫기' cls='' aid='' val='' sel=None
  UIA: 0 list-ish container(s), 0 item element(s) exposed
  window's own count: None (from None)
  MSAA: 1 accessible object(s); 0 with role=listitem; roles seen ['window']
   msaa 0 [window] hwnd=24512624 name='Error list' value='' state=1048580
  OCR engine: rapidocr-onnxruntime
  layout: bands=[(63, 201), (228, 386), (411, 645)] selections=[(65, 80), (246, 261)] errors_band=(228, 386) details_band=(411, 645)
  window's own count: 54 (from '54 errors and warnings')
  dialog is the measured foreground: True
  stepping mechanism: click (highlight (246, 261) -> (246, 261) after one {DOWN})
   item  0: object="Build Array 'Build Array'" reason='Contains unwired or bad terminal' detail='One or more required inputs to this function are not wired or are wire'
   item  1: object='' reason="BuildArray'BuildArray':Containsunwiredorbadterminal" detail='One or more required inputs to this function are not wired or are wire'
   item  2: object='' reason='This wire connects one ormore data sinks but has no source.' detail='A wire must be connected to one and only one data source, such as a co'
   item  3: object='' reason='Loop Tunnel:Wire connected to an undirected tunnel.' detail='A tunnel on this wire cannot determine whether it is an input or an ou'
   item  4: object='' reason="BuildArray'BuildArray':Containsunwiredorbadterminal" detail='One or more required inputs to this function are not wired or are wire'
   item  5: object='' reason='You have connected an output loop tunnel to an input of Subvl. Change ' detail='A wire must be connected to one and only one data source, such as a co'
   item  6: object='' reason='You haveconnectedan output loop tunnel toan input ofReplaceArray Subse' detail='A wire must be connected to one and only one data source, such as a co'
   item  7: object='Loop Tunnel' reason='Wire connected to an undirected tunnel.' detail='A tunnel on this wire cannot determine whether it is an input or an ou'
   item  8: object='' reason='Loop Tunnel:Wire connected toan undirected tunnel.' detail='A tunnel on this wire cannot determine whether it is an input or an ou'
   item  9: object="SubVl'Track N beads four-fold over-kerne" reason="reguired input 'Image In' is not wired" detail='The designer of this subvl has specified that this terminal must be wi'
   item 10: object='' reason='You have connected two terminals of different types.' detail='These cannot be wired together because their data types (numeric, stri'
   item 11: object='' reason='Thiswireisnotconnectedtoanything' detail='This is a completely unconnected wire.'
   item 12: object='Wire' reason='Wire has loose ends.' detail='This wire segment is not connected to anything. Select Remove Broken W'
   item 13: object='Wire' reason='Wire has loose ends.' detail='This wire segment is not connected to anything. Select Remove Broken W'
   item 14: object='Wire' reason='Wire has loose ends.' detail='This wire segment is not connected to anything. Select Remove Broken W'
   item 15: object='' reason='Thiswireisnotconnectedtoanything' detail='This is a completely unconnected wire.'
   item 16: object='' reason='Thiswire isnotconnectedtoanything' detail='This is a completely unconnected wire.'
   item 17: object='' reason='This wire is not connected to anything' detail='This is a completely unconnected wire.'
   item 18: object='Wire' reason='Wire has loose ends.' detail='This wire segment is not connected to anything. Select Remove Broken W'
   item 19: object='' reason='This wire is not connected to anything' detail='This is a completely unconnected wire.'
   item 20: object='' reason='This wire is not connected to anything' detail='This is a completely unconnected wire.'
   item 21: object='' reason='This wire is not connected to anything' detail='This is a completely unconnected wire.'
   item 22: object='Wire' reason='Wire has loose ends.' detail='This wire segment is not connected to anything. Select Remove Broken W'
   item 23: object='' reason='This wire is not connected to anything' detail='This is a completely unconnected wire.'
   item 24: object='' reason='Thiswire is not connected toanything' detail='This is a completely unconnected wire.'
   item 25: object='' reason='This wire is not connected to anything' detail='This is a completely unconnected wire.'
   item 26: object='' reason='This wire is not connected to anything.' detail='This is a completely unconnected wire.'
   item 27: object='' reason='This wire is not connected to anvthing.' detail='This is a completely unconnected wire.'
   item 28: object='' reason='Thiswire isnot connected to anything' detail='This is a completely unconnected wire.'
   item 29: object='Wire' reason='Wire has loose ends.' detail='This wire segment is not connected to anything. Select Remove Broken W'
   item 30: object='' reason='Thiswire is not connectedto anything' detail='This is a completely unconnected wire.'
   item 31: object='' reason='Thiswire isnot connected to anything' detail='This is a completely unconnected wire.'
   item 32: object='Wire' reason='Wire has loose ends.' detail='This wire segment is not connected to anything. Select Remove Broken W'
   item 33: object='' reason='Thiswire is not connected toanything' detail='This is a completely unconnected wire.'
   item 34: object='' reason='This wire isnot connected to anything' detail='This is a completely unconnected wire.'
   item 35: object='' reason='This wire is not connected to anything.' detail='This is a completely unconnected wire.'
   item 36: object='' reason='This wire is not connected to anything.' detail='This is a completely unconnected wire.'
   item 37: object='' reason='This wire is not connected to anything' detail='This is a completely unconnected wire.'
   item 38: object='Wire' reason='Wire has loose ends.' detail='This wire segment is not connected to anything. Select Remove Broken W'
   item 39: object='Wire' reason='Wire has loose ends.' detail='This wire segment is not connected to anything. Select Remove Broken W'
   item 40: object='Wire' reason='Wire has loose ends.' detail='This wire segment is not connected to anything. Select Remove Broken W'
   item 41: object='Wire' reason='Wire has loose ends.' detail='This wire segment is not connected to anything. Select Remove Broken W'
   item 42: object='Wire' reason='Wire has loose ends.' detail='This wire segment is not connected to anything. Select Remove Broken W'
   item 43: object='Wire' reason='Wire has loose ends.' detail='This wire segment is not connected to anything. Select Remove Broken W'
   item 44: object='Wire' reason='Wire has loose ends.' detail='This wire segment is not connected to anything. Select Remove Broken W'
   item 45: object='Wire' reason='Wire has loose ends.' detail='This wire segment is not connected to anything. Select Remove Broken W'
   item 46: object='Wire' reason='Wire has loose ends.' detail='This wire segment is not connected to anything. Select Remove Broken W'
   item 47: object='Wire' reason='Wire has loose ends.' detail='This wire segment is not connected to anything. Select Remove Broken W'
   item 48: object='Wire' reason='Wire has loose ends.' detail='This wire segment is not connected to anything. Select Remove Broken W'
   item 49: object='Wire' reason='Wire has loose ends.' detail='This wire segment is not connected to anything. Select Remove Broken W'
   item 50: object='Wire' reason='Wire has loose ends.' detail='This wire segment is not connected to anything. Select Remove Broken W'
   item 51: object='Wire' reason='Wire has loose ends.' detail='This wire segment is not connected to anything. Select Remove Broken W'
   item 52: object='Wire' reason='Wire has loose ends.' detail='This wire segment is not connected to anything. Select Remove Broken W'
   item 53: object='Wire' reason='Wire has loose ends.' detail='This wire segment is not connected to anything. Select Remove Broken W'
  reached the window's own count of 54 items
  Esc closed the Error List: True
  refine_rows: 26 row(s) re-read unselected; not refined: [9, 27, 53]
  JSON -> G:\Codes\LabVIEW_Codes\MinLab\zz_LabView VI\AAA_UNIST\2. Tracking\V6_ParallelLoop\tools\bench\errorlist_D1_ring_p2a_20260928_191739_20260928_192431_raw.json  (54 items)
HANDLES (record, not a gate): before 37245 after 31281 delta -5964 advisory outside (tol 5000)
items 54 / window N 54 ; show-error fronted 54 ; extra 1 ; missing 0 ; errors [] ; handles 37245 -> 31281 ; bed md5 unchanged True ; 671.6 s
RESULT {"schema":"result-line/1","status":"PASS","gates":{"pass":11,"fail":0},"first_fail":null,"artefacts":[{"path":"tools\\bench\\errorlist_D1_ring_p2a_20260928_191739_20260928_192431.json","md5":"bd50136cc959e1759db3c4148acfbbf5"}]}
ERRORLIST-VERDICT: MISMATCH G:\Codes\LabVIEW_Codes\MinLab\zz_LabView VI\AAA_UNIST\2. Tracking\V6_ParallelLoop\tools\bench\errorlist_D1_ring_p2a_20260928_191739_20260928_192431.json
  GATE PASS  R the reader wrote ONE read file (max_steps 180)  ['G:\\Codes\\LabVIEW_Codes\\MinLab\\zz_LabView VI\\AAA_UNIST\\2. Tracking\\V6_ParallelLoop\\tools\\bench\\errorlist_D1_ring_p2a_20260928_191739_20260928_192431.json']
  GATE PASS  EL all_items_read  
  GATE PASS  EL bed_md5_unchanged  
  GATE PASS  EL block_diagram_open  
  GATE PASS  EL closed_with_esc  
  GATE PASS  EL count_read  
  GATE PASS  EL every_item_dclicked  
  GATE PASS  EL handles_baseline_up  
  GATE PASS  EL refs_balanced  
  GATE PASS  EL scratch_deleted  
  GATE PASS  EL scratch_identical  
  GATE PASS  EL window_opened  
  FACT NEW-ITEM Wire: Wire has loose ends.
  FACT items 54; pool licensed 53; new 1; predicted new 1 (alternative total 53) - FACT, the pin is the gate
  GATE PASS  M missing == [] (all 53 pool items present at their exact counts)  []
  GATE PASS  N item count == pool 53 + new 1  54
  GATE PASS  PIN new items == the scratch pin (multiset of norm(raw)): 1  ([('wirewirehaslooseends', 1)], [['wirewirehaslooseends', 1]])
  GATE PASS  V reverdict of this read against errorlist_expected_D1_ring_p2a_20260928_191739.json: OK  G:\Codes\LabVIEW_Codes\MinLab\zz_LabView VI\AAA_UNIST\2. Tracking\V6_ParallelLoop\tools\bench\errorlist_D1_ring_p2a_20260928_191739_20260928_193543_reuse.json
  GATE PASS  H LabVIEW gone; file md5 unchanged by the read  
RESULT {"schema":"result-line/1","status":"PASS","gates":{"pass":19,"fail":0},"first_fail":null,"artefacts":[{"path":"tools\\bench\\errorlist_expected_D1_ring_p2a_20260928_191739.json","md5":"2154ffa9b8928cfbf12990319a027fc4"}]}
BGRUN END rc=0 after 677s
