BGRUN START 2026-09-12 05:18:18 limit 55.0 min: py -u tools/bench/step0_chain.py
LabVIEW up after 19 s, version 26.3.1f1
dialogs: 44|0,0,0,0|LabVIEW / ENABLED|3342916|0,0,0,0| / VERDICT: clear (no modal dialog)

#### lv_restart rc 0

=== TRACK_kernel_v1 (built 2026-09-10: case 154, CPU frame 155, GPU frame 156) ===
   Diagram objects: 3 -> owners ['', 'CaseStructure', 'CaseStructure']
   diagram  0 owner=                   node uids=[154]
   diagram  1 owner=CaseStructure      node uids=[155]
   diagram  2 owner=CaseStructure      node uids=[156]
   SubVI uids [155, 156] | CaseStructure uids [154]
   top-level diagram index [0], case-frame diagram indices [1, 2]
   subVIs per case frame: {1: [155], 2: [156]}
   PASS: the two kernels are on separate case-frame diagrams, as built

=== PARALLEL_kernel_v3 (a For Loop with the bead kernel inside) ===
   Diagram objects: 2 -> owners ['', 'ForLoop']
   diagram  0 owner=                   node uids=[3447, 3848, 3835]
   diagram  1 owner=ForLoop            node uids=[3449]
   SubVI uids [3449] | ForLoop-owned diagram indices [1]
   PASS: the kernel subVI sits on the ForLoop's inner diagram

VALIDATION: PASS - the main-VI walk can be trusted

#### validate rc 0
LabVIEW up after 14 s, version 26.3.1f1
dialogs: 8,1346,762| / ENABLED|3671574|0,0,0,0|LabVIEW / VERDICT: clear (no modal dialog)

#### lv_restart before the main walk rc 0
target: G:\Codes\LabVIEW_Codes\MinLab\zz_LabView VI\AAA_UNIST\2. Tracking\Min_Track N beads V6_ParallelLoop.vi
resuming with 0 diagram(s) already recorded
diagrams: 170 | owners: {'': 1, 'WhileLoop': 3, 'ForLoop': 17, 'FlatSequenceFrame': 57, 'EventStructure': 5, 'CaseStructure': 76, 'Sequence': 11}
SubVI nodes: 98 | structures: WhileLoop 3, ForLoop 17, CaseStructure 37, Sequence 4, EventStructure 2
   diagram   0 owner=                     1 node(s)
   diagram   1 owner=FlatSequenceFrame    8 node(s)
   diagram   2 owner=Sequence             2 node(s)
   diagram   3 owner=CaseStructure        3 node(s)
   diagram   4 owner=CaseStructure        1 node(s)
   diagram   5 owner=Sequence             8 node(s)
   diagram   6 owner=FlatSequenceFrame   19 node(s)
   diagram   7 owner=ForLoop              6 node(s)
   diagram   8 owner=FlatSequenceFrame    7 node(s)
   diagram   9 owner=FlatSequenceFrame    9 node(s)
   diagram  10 owner=FlatSequenceFrame    2 node(s)
   diagram  11 owner=FlatSequenceFrame    1 node(s)
   diagram  12 owner=FlatSequenceFrame    1 node(s)
   diagram  13 owner=CaseStructure        1 node(s)
   diagram  14 owner=CaseStructure        0 node(s)
   diagram  15 owner=FlatSequenceFrame    1 node(s)
   diagram  16 owner=FlatSequenceFrame    9 node(s)
   diagram  17 owner=FlatSequenceFrame    7 node(s)
   diagram  18 owner=FlatSequenceFrame   10 node(s)
   diagram  19 owner=FlatSequenceFrame   21 node(s)
   diagram  20 owner=WhileLoop           13 node(s)
   diagram  21 owner=FlatSequenceFrame   12 node(s)
   diagram  22 owner=CaseStructure        0 node(s)
   diagram  23 owner=CaseStructure        0 node(s)
   diagram  24 owner=FlatSequenceFrame    1 node(s)
   diagram  25 owner=FlatSequenceFrame    1 node(s)
   diagram  26 owner=CaseStructure        0 node(s)
   diagram  27 owner=CaseStructure        0 node(s)
   diagram  28 owner=FlatSequenceFrame    1 node(s)
   diagram  29 owner=FlatSequenceFrame    1 node(s)
   diagram  30 owner=CaseStructure        0 node(s)
   diagram  31 owner=CaseStructure        1 node(s)
   diagram  32 owner=FlatSequenceFrame    4 node(s)
   diagram  33 owner=FlatSequenceFrame    2 node(s)
   diagram  34 owner=CaseStructure        0 node(s)
   diagram  35 owner=CaseStructure        0 node(s)
   diagram  36 owner=FlatSequenceFrame    2 node(s)
   diagram  37 owner=FlatSequenceFrame    1 node(s)
   diagram  38 owner=CaseStructure        0 node(s)
   diagram  39 owner=CaseStructure        0 node(s)
   diagram  40 owner=FlatSequenceFrame    2 node(s)
   diagram  41 owner=FlatSequenceFrame    1 node(s)
   diagram  42 owner=ForLoop              2 node(s)
   diagram  43 owner=WhileLoop           75 node(s)   <<< TRACKING CALL SITE
   diagram  44 owner=ForLoop             10 node(s)
   diagram  45 owner=EventStructure       1 node(s)
   diagram  46 owner=EventStructure       3 node(s)
   diagram  47 owner=EventStructure       8 node(s)
   diagram  48 owner=ForLoop              3 node(s)
   diagram  49 owner=ForLoop              3 node(s)
   diagram  50 owner=ForLoop              5 node(s)
   diagram  51 owner=CaseStructure        0 node(s)
   diagram  52 owner=CaseStructure        3 node(s)
   diagram  53 owner=FlatSequenceFrame    8 node(s)
   diagram  54 owner=CaseStructure        0 node(s)
   diagram  55 owner=CaseStructure        6 node(s)
   diagram  56 owner=CaseStructure        1 node(s)
   diagram  57 owner=CaseStructure        2 node(s)
   diagram  58 owner=CaseStructure        0 node(s)
   diagram  59 owner=CaseStructure        4 node(s)
   diagram  60 owner=CaseStructure        0 node(s)
   diagram  61 owner=CaseStructure       15 node(s)
   diagram  62 owner=CaseStructure        1 node(s)
   diagram  63 owner=CaseStructure        0 node(s)
   diagram  64 owner=CaseStructure        6 node(s)
   diagram  65 owner=CaseStructure        0 node(s)
   diagram  66 owner=CaseStructure        2 node(s)
   diagram  67 owner=CaseStructure        2 node(s)
   diagram  68 owner=CaseStructure        4 node(s)
   diagram  69 owner=CaseStructure       13 node(s)
   diagram  70 owner=CaseStructure        1 node(s)
   diagram  71 owner=CaseStructure        1 node(s)
   diagram  72 owner=CaseStructure        0 node(s)

#### main walk rc TIMEOUT
BGRUN END rc=0 after 3172s
