BGRUN START 2026-09-18 09:24:34 limit 40.0 min: py -u tools/bench/sweep_nodeterms_3state.py MATERIAL=1
A.1 item 1 - the ORIGINAL's own read-only node/terminal sweep. Contract S0..S3 in the docstring.
   target : G:\Codes\LabVIEW_Codes\MinLab\zz_LabView VI\AAA_UNIST\2. Tracking\Min_Track N beads 4.5_KimLabMTroom_3StateClamping.vi
   md5    : c39f36e0675339673b707c59f0784fee
  PASS S0a the ORIGINAL is the expected file before the sweep  | c39f36e0675339673b707c59f0784fee
   resuming with 0 diagram(s) already recorded
   class Global                     n=7
   class Local                      n=8
   class LocalVariable              RAISED report_all(LocalVariable) on Min_Track N beads 4.5_KimLabMTroom_3StateClamping.vi: error 1092: Invok
   class Property                   n=106
   class Invoke                     n=1
   class SubVI                      n=97
   class WhileLoop                  n=3
   class ForLoop                    n=17
   class CaseStructure              n=37
   class Sequence                   n=4
   class FlatSequenceInnerTunnel    n=518
   class FlatSequenceOuterTunnel    n=58
   class LoopTunnel                 n=132
   class Wire                       n=1898

   diagrams: 170 | owners: {"": 1, "CaseStructure": 76, "EventStructure": 5, "FlatSequenceFrame": 57, "ForLoop": 17, "Sequence": 11, "WhileLoop": 3}
   diagram   0 (top): 0 nodes, 0 terminals  (1 s)
   diagram   1 (FlatSequenceFrame): 8 nodes, 44 terminals  (10 s)
   diagram   2 (Sequence): 2 nodes, 9 terminals  (13 s)
   diagram   3 (CaseStructure): 2 nodes, 22 terminals  (16 s)
   diagram   4 (CaseStructure): 1 nodes, 20 terminals  (18 s)
   diagram   5 (Sequence): 7 nodes, 56 terminals  (26 s)
   diagram   6 (FlatSequenceFrame): 19 nodes, 59 terminals  (45 s)
   diagram   7 (ForLoop): 6 nodes, 30 terminals  (52 s)
   diagram   8 (FlatSequenceFrame): 7 nodes, 24 terminals  (60 s)
   diagram   9 (FlatSequenceFrame): 9 nodes, 32 terminals  (70 s)
   diagram  10 (FlatSequenceFrame): 2 nodes, 23 terminals  (73 s)
   diagram  11 (FlatSequenceFrame): 1 nodes, 2 terminals  (75 s)
   diagram  12 (FlatSequenceFrame): 1 nodes, 12 terminals  (77 s)
   diagram  13 (CaseStructure): 1 nodes, 5 terminals  (79 s)
   diagram  14 (CaseStructure): 0 nodes, 0 terminals  (80 s)
   diagram  15 (FlatSequenceFrame): 1 nodes, 12 terminals  (82 s)
   diagram  16 (FlatSequenceFrame): 9 nodes, 33 terminals  (92 s)
   diagram  17 (FlatSequenceFrame): 7 nodes, 35 terminals  (100 s)
   diagram  18 (FlatSequenceFrame): 10 nodes, 38 terminals  (111 s)
   diagram  19 (FlatSequenceFrame): 21 nodes, 136 terminals  (133 s)
   diagram  20 (WhileLoop): 13 nodes, 52 terminals  (146 s)
   diagram  21 (FlatSequenceFrame): 12 nodes, 53 terminals  (159 s)
   diagram  22 (CaseStructure): 0 nodes, 0 terminals  (160 s)
   diagram  23 (CaseStructure): 0 nodes, 0 terminals  (161 s)
   diagram  24 (FlatSequenceFrame): 1 nodes, 7 terminals  (163 s)
   diagram  25 (FlatSequenceFrame): 1 nodes, 5 terminals  (165 s)
   diagram  26 (CaseStructure): 0 nodes, 0 terminals  (166 s)
   diagram  27 (CaseStructure): 0 nodes, 0 terminals  (167 s)
   diagram  28 (FlatSequenceFrame): 1 nodes, 7 terminals  (169 s)
   diagram  29 (FlatSequenceFrame): 1 nodes, 5 terminals  (171 s)
   diagram  30 (CaseStructure): 0 nodes, 0 terminals  (172 s)
   diagram  31 (CaseStructure): 0 nodes, 0 terminals  (173 s)
   diagram  32 (FlatSequenceFrame): 4 nodes, 24 terminals  (178 s)
   diagram  33 (FlatSequenceFrame): 2 nodes, 10 terminals  (181 s)
   diagram  34 (CaseStructure): 0 nodes, 0 terminals  (182 s)
   diagram  35 (CaseStructure): 0 nodes, 0 terminals  (183 s)
   diagram  36 (FlatSequenceFrame): 2 nodes, 23 terminals  (186 s)
   diagram  37 (FlatSequenceFrame): 1 nodes, 5 terminals  (188 s)
   diagram  38 (CaseStructure): 0 nodes, 0 terminals  (189 s)
   diagram  39 (CaseStructure): 0 nodes, 0 terminals  (190 s)
   diagram  40 (FlatSequenceFrame): 2 nodes, 23 terminals  (193 s)
   diagram  41 (FlatSequenceFrame): 1 nodes, 5 terminals  (195 s)
   diagram  42 (ForLoop): 2 nodes, 6 terminals  (198 s)
   diagram  43 (WhileLoop): 71 nodes, 315 terminals  (269 s)
   diagram  44 (ForLoop): 10 nodes, 30 terminals  (280 s)
   diagram  45 (EventStructure): 1 nodes, 2 terminals  (282 s)
   diagram  46 (EventStructure): 3 nodes, 13 terminals  (286 s)
   diagram  47 (EventStructure): 8 nodes, 34 terminals  (295 s)
   diagram  48 (ForLoop): 3 nodes, 10 terminals  (299 s)
   diagram  49 (ForLoop): 3 nodes, 12 terminals  (303 s)
   diagram  50 (ForLoop): 5 nodes, 31 terminals  (309 s)
   diagram  51 (CaseStructure): 0 nodes, 0 terminals  (310 s)
   diagram  52 (CaseStructure): 3 nodes, 9 terminals  (314 s)
   diagram  53 (FlatSequenceFrame): 7 nodes, 22 terminals  (322 s)
   diagram  54 (CaseStructure): 0 nodes, 0 terminals  (323 s)
   diagram  55 (CaseStructure): 6 nodes, 27 terminals  (330 s)
   diagram  56 (CaseStructure): 1 nodes, 5 terminals  (332 s)
   diagram  57 (CaseStructure): 2 nodes, 6 terminals  (335 s)
   diagram  58 (CaseStructure): 0 nodes, 0 terminals  (336 s)
   diagram  59 (CaseStructure): 4 nodes, 20 terminals  (341 s)
   diagram  60 (CaseStructure): 0 nodes, 0 terminals  (342 s)
   diagram  61 (CaseStructure): 15 nodes, 55 terminals  (358 s)
   diagram  62 (CaseStructure): 1 nodes, 4 terminals  (360 s)
   diagram  63 (CaseStructure): 0 nodes, 0 terminals  (361 s)
   diagram  64 (CaseStructure): 6 nodes, 18 terminals  (368 s)
   diagram  65 (CaseStructure): 0 nodes, 0 terminals  (369 s)
   diagram  66 (CaseStructure): 2 nodes, 10 terminals  (372 s)
   diagram  67 (CaseStructure): 2 nodes, 6 terminals  (375 s)
   diagram  68 (CaseStructure): 4 nodes, 12 terminals  (380 s)
   diagram  69 (CaseStructure): 12 nodes, 72 terminals  (393 s)
   diagram  70 (CaseStructure): 1 nodes, 5 terminals  (395 s)
   diagram  71 (CaseStructure): 1 nodes, 2 terminals  (397 s)
   diagram  72 (CaseStructure): 0 nodes, 0 terminals  (398 s)
   diagram  73 (CaseStructure): 8 nodes, 41 terminals  (407 s)
   diagram  74 (ForLoop): 10 nodes, 59 terminals  (418 s)
   diagram  75 (CaseStructure): 1 nodes, 7 terminals  (420 s)
   diagram  76 (CaseStructure): 1 nodes, 7 terminals  (422 s)
   diagram  77 (CaseStructure): 0 nodes, 0 terminals  (423 s)
   diagram  78 (CaseStructure): 2 nodes, 6 terminals  (426 s)
   diagram  79 (CaseStructure): 0 nodes, 0 terminals  (427 s)
   diagram  80 (CaseStructure): 0 nodes, 0 terminals  (428 s)
   diagram  81 (CaseStructure): 0 nodes, 0 terminals  (429 s)
   diagram  82 (CaseStructure): 1 nodes, 5 terminals  (431 s)
   diagram  83 (FlatSequenceFrame): 13 nodes, 71 terminals  (445 s)
   diagram  84 (CaseStructure): 1 nodes, 5 terminals  (447 s)
   diagram  85 (CaseStructure): 0 nodes, 0 terminals  (448 s)
   diagram  86 (FlatSequenceFrame): 4 nodes, 20 terminals  (453 s)
   diagram  87 (FlatSequenceFrame): 14 nodes, 71 terminals  (468 s)
   diagram  88 (FlatSequenceFrame): 3 nodes, 28 terminals  (472 s)
   diagram  89 (FlatSequenceFrame): 1 nodes, 2 terminals  (474 s)
   diagram  90 (FlatSequenceFrame): 1 nodes, 12 terminals  (476 s)
   diagram  91 (FlatSequenceFrame): 6 nodes, 102 terminals  (483 s)
   diagram  92 (FlatSequenceFrame): 1 nodes, 2 terminals  (485 s)
   diagram  93 (CaseStructure): 2 nodes, 9 terminals  (488 s)
   diagram  94 (CaseStructure): 6 nodes, 22 terminals  (495 s)
   diagram  95 (ForLoop): 9 nodes, 34 terminals  (505 s)
   diagram  96 (ForLoop): 4 nodes, 12 terminals  (510 s)
   diagram  97 (FlatSequenceFrame): 7 nodes, 44 terminals  (518 s)
   diagram  98 (FlatSequenceFrame): 4 nodes, 29 terminals  (523 s)
   diagram  99 (WhileLoop): 22 nodes, 104 terminals  (545 s)
   diagram 100 (FlatSequenceFrame): 9 nodes, 35 terminals  (555 s)
   diagram 101 (CaseStructure): 0 nodes, 0 terminals  (556 s)
   diagram 102 (CaseStructure): 0 nodes, 0 terminals  (557 s)
   diagram 103 (FlatSequenceFrame): 1 nodes, 7 terminals  (559 s)
   diagram 104 (FlatSequenceFrame): 1 nodes, 5 terminals  (561 s)
   diagram 105 (CaseStructure): 0 nodes, 0 terminals  (562 s)
   diagram 106 (CaseStructure): 0 nodes, 0 terminals  (563 s)
   diagram 107 (FlatSequenceFrame): 1 nodes, 7 terminals  (565 s)
   diagram 108 (FlatSequenceFrame): 1 nodes, 5 terminals  (568 s)
   diagram 109 (CaseStructure): 0 nodes, 0 terminals  (569 s)
   diagram 110 (CaseStructure): 0 nodes, 0 terminals  (570 s)
   diagram 111 (FlatSequenceFrame): 3 nodes, 19 terminals  (574 s)
   diagram 112 (FlatSequenceFrame): 2 nodes, 10 terminals  (577 s)
   diagram 113 (CaseStructure): 0 nodes, 0 terminals  (578 s)
   diagram 114 (CaseStructure): 0 nodes, 0 terminals  (579 s)
   diagram 115 (FlatSequenceFrame): 1 nodes, 7 terminals  (581 s)
   diagram 116 (FlatSequenceFrame): 1 nodes, 5 terminals  (583 s)
   diagram 117 (FlatSequenceFrame): 2 nodes, 23 terminals  (586 s)
   diagram 118 (FlatSequenceFrame): 0 nodes, 0 terminals  (587 s)
   diagram 119 (CaseStructure): 0 nodes, 0 terminals  (588 s)
   diagram 120 (CaseStructure): 0 nodes, 0 terminals  (589 s)
   diagram 121 (FlatSequenceFrame): 2 nodes, 23 terminals  (592 s)
   diagram 122 (FlatSequenceFrame): 1 nodes, 5 terminals  (594 s)
   diagram 123 (CaseStructure): 0 nodes, 0 terminals  (595 s)
   diagram 124 (CaseStructure): 0 nodes, 0 terminals  (596 s)
   diagram 125 (FlatSequenceFrame): 2 nodes, 23 terminals  (599 s)
   diagram 126 (FlatSequenceFrame): 1 nodes, 5 terminals  (601 s)
   diagram 127 (CaseStructure): 0 nodes, 0 terminals  (602 s)
   diagram 128 (CaseStructure): 0 nodes, 0 terminals  (603 s)
   diagram 129 (FlatSequenceFrame): 5 nodes, 50 terminals  (609 s)
   diagram 130 (FlatSequenceFrame): 2 nodes, 10 terminals  (612 s)
   diagram 131 (CaseStructure): 0 nodes, 0 terminals  (613 s)
   diagram 132 (CaseStructure): 4 nodes, 15 terminals  (618 s)
   diagram 133 (CaseStructure): 2 nodes, 8 terminals  (621 s)
   diagram 134 (ForLoop): 1 nodes, 2 terminals  (623 s)
   diagram 135 (CaseStructure): 0 nodes, 0 terminals  (624 s)
   diagram 136 (CaseStructure): 0 nodes, 0 terminals  (625 s)
   diagram 137 (ForLoop): 6 nodes, 35 terminals  (632 s)
   diagram 138 (CaseStructure): 0 nodes, 0 terminals  (633 s)
   diagram 139 (EventStructure): 1 nodes, 3 terminals  (635 s)
   diagram 140 (EventStructure): 2 nodes, 12 terminals  (638 s)
   diagram 141 (Sequence): 6 nodes, 19 terminals  (645 s)
   diagram 142 (Sequence): 4 nodes, 11 terminals  (650 s)
   diagram 143 (CaseStructure): 0 nodes, 0 terminals  (651 s)
   diagram 144 (CaseStructure): 1 nodes, 5 terminals  (653 s)
   diagram 145 (FlatSequenceFrame): 1 nodes, 12 terminals  (655 s)
   diagram 146 (FlatSequenceFrame): 2 nodes, 17 terminals  (658 s)
   diagram 147 (FlatSequenceFrame): 4 nodes, 16 terminals  (663 s)
   diagram 148 (FlatSequenceFrame): 4 nodes, 46 terminals  (668 s)
   diagram 149 (ForLoop): 1 nodes, 24 terminals  (670 s)
   diagram 150 (Sequence): 2 nodes, 7 terminals  (673 s)
   diagram 151 (CaseStructure): 3 nodes, 17 terminals  (677 s)
   diagram 152 (CaseStructure): 0 nodes, 0 terminals  (679 s)
   diagram 153 (Sequence): 2 nodes, 7 terminals  (682 s)
   diagram 154 (Sequence): 1 nodes, 5 terminals  (684 s)
   diagram 155 (Sequence): 1 nodes, 19 terminals  (686 s)
   diagram 156 (ForLoop): 1 nodes, 21 terminals  (688 s)
   diagram 157 (Sequence): 4 nodes, 23 terminals  (693 s)
   diagram 158 (Sequence): 2 nodes, 25 terminals  (696 s)
   diagram 159 (CaseStructure): 0 nodes, 0 terminals  (697 s)
   diagram 160 (CaseStructure): 7 nodes, 47 terminals  (705 s)
   diagram 161 (CaseStructure): 12 nodes, 72 terminals  (718 s)
   diagram 162 (CaseStructure): 18 nodes, 116 terminals  (737 s)
   diagram 163 (ForLoop): 23 nodes, 141 terminals  (761 s)
   diagram 164 (Sequence): 1 nodes, 3 terminals  (763 s)
   diagram 165 (ForLoop): 3 nodes, 10 terminals  (767 s)
   diagram 166 (ForLoop): 3 nodes, 7 terminals  (771 s)
   diagram 167 (FlatSequenceFrame): 5 nodes, 28 terminals  (777 s)
   diagram 168 (ForLoop): 5 nodes, 27 terminals  (783 s)
   diagram 169 (FlatSequenceFrame): 6 nodes, 36 terminals  (790 s)
  PASS S1 every diagram the ORIGINAL reports was read without an error  | 170/170 clean; errors on []
  PASS S2 the sweep produced nodes and terminals  | 170 diagrams / 622 nodes / 3304 terminals in 790 s

   === ORIGINAL vs V6 (tools/bench/main_vi_nodeterms.json) ===
      diagrams  ORIGINAL   170   V6   170
      nodes     ORIGINAL   622   V6   626
      terminals ORIGINAL  3304   V6  3328
      diagrams differing in node count or owner: 1
         d43   nodes 71 vs 75   owner 'WhileLoop' vs 'WhileLoop'
  PASS S3 the ORIGINAL-vs-V6 row diff is recorded  | 1 differing diagram(s); totals {'diagrams': [170, 170], 'nodes': [622, 626], 'terminals': [3304, 3328]}
  PASS S0b the ORIGINAL is byte-identical after the sweep  | c39f36e0675339673b707c59f0784fee

   -> G:\Codes\LabVIEW_Codes\MinLab\zz_LabView VI\AAA_UNIST\2. Tracking\V6_ParallelLoop\tools\bench\orig_3state_nodeterms.json

GATES 5/5 pass
BGRUN END rc=0 after 975s
