BGRUN START 2026-09-14 07:02:09 limit 95.0 min: py -u tools/bench/sweep_netmap_main.py
170 diagrams listed in 1.3 s
  [  0/170] owner=                     0 nodes    1.1s
  [  1/170] owner=FlatSequenceFrame    8 nodes   78.9s
  [  2/170] owner=Sequence             2 nodes   18.6s
  [  3/170] owner=CaseStructure        2 nodes   17.0s
  [  4/170] owner=CaseStructure        1 nodes   11.3s
  [  5/170] owner=Sequence             7 nodes   57.9s
  [  6/170] owner=FlatSequenceFrame   19 nodes  132.3s
  [  7/170] owner=ForLoop              6 nodes   55.2s
  [  8/170] owner=FlatSequenceFrame    7 nodes   52.0s
  [  9/170] owner=FlatSequenceFrame    9 nodes   67.7s
  [ 10/170] owner=FlatSequenceFrame    2 nodes   25.9s
  [ 11/170] owner=FlatSequenceFrame    1 nodes    6.7s
  [ 12/170] owner=FlatSequenceFrame    1 nodes    9.1s
  [ 13/170] owner=CaseStructure        1 nodes   10.1s
  [ 14/170] owner=CaseStructure        0 nodes    1.1s
  [ 15/170] owner=FlatSequenceFrame    1 nodes    9.0s
  [ 16/170] owner=FlatSequenceFrame    9 nodes   68.7s
  [ 17/170] owner=FlatSequenceFrame    7 nodes   55.3s
  [ 18/170] owner=FlatSequenceFrame   10 nodes   77.9s
  [ 19/170] owner=FlatSequenceFrame   21 nodes  189.6s
  [ 20/170] owner=WhileLoop           13 nodes  104.0s
  [ 21/170] owner=FlatSequenceFrame   12 nodes  101.8s
  [ 22/170] owner=CaseStructure        0 nodes    1.1s
  [ 23/170] owner=CaseStructure        1 nodes   10.2s
  [ 24/170] owner=FlatSequenceFrame    1 nodes   12.5s
  [ 25/170] owner=FlatSequenceFrame    1 nodes   10.2s
  [ 26/170] owner=CaseStructure        0 nodes    1.1s
  [ 27/170] owner=CaseStructure        0 nodes    1.1s
  [ 28/170] owner=FlatSequenceFrame    1 nodes   12.5s
  [ 29/170] owner=FlatSequenceFrame    1 nodes   10.2s
  [ 30/170] owner=CaseStructure        0 nodes    1.1s
  [ 31/170] owner=CaseStructure        0 nodes    1.1s
  [ 32/170] owner=FlatSequenceFrame    4 nodes   42.0s
  [ 33/170] owner=FlatSequenceFrame    2 nodes   19.3s
  [ 34/170] owner=CaseStructure        0 nodes    1.1s
  [ 35/170] owner=CaseStructure        0 nodes    1.1s
  [ 36/170] owner=FlatSequenceFrame    2 nodes   18.1s
  [ 37/170] owner=FlatSequenceFrame    1 nodes   10.2s
  [ 38/170] owner=CaseStructure        0 nodes    1.1s
  [ 39/170] owner=CaseStructure        0 nodes    1.1s
  [ 40/170] owner=FlatSequenceFrame    2 nodes   18.1s
  [ 41/170] owner=FlatSequenceFrame    1 nodes   10.2s
  [ 42/170] owner=ForLoop              2 nodes   14.7s
  [ 43/170] owner=WhileLoop           75 nodes  613.8s
  [ 44/170] owner=ForLoop             10 nodes   69.1s
  [ 45/170] owner=EventStructure       1 nodes    6.8s
  [ 46/170] owner=EventStructure       3 nodes   26.0s
  [ 47/170] owner=EventStructure       8 nodes   66.8s
  [ 48/170] owner=ForLoop              3 nodes   22.7s
  [ 49/170] owner=ForLoop              3 nodes   24.9s
  [ 50/170] owner=ForLoop              5 nodes   44.2s
  [ 51/170] owner=CaseStructure        0 nodes    1.1s
  [ 52/170] owner=CaseStructure        3 nodes   21.6s
  [ 53/170] owner=FlatSequenceFrame    7 nodes   49.8s
  [ 54/170] owner=CaseStructure        0 nodes    1.1s
  [ 55/170] owner=CaseStructure        6 nodes   52.2s
  [ 56/170] owner=CaseStructure        1 nodes   10.2s
  [ 57/170] owner=CaseStructure        2 nodes   14.7s
  [ 58/170] owner=CaseStructure        0 nodes    1.1s
  [ 59/170] owner=CaseStructure        4 nodes   37.4s
  [ 60/170] owner=CaseStructure        0 nodes    1.1s
  [ 61/170] owner=CaseStructure       15 nodes  114.4s
  [ 62/170] owner=CaseStructure        1 nodes    9.1s
  [ 63/170] owner=CaseStructure        0 nodes    1.1s
  [ 64/170] owner=CaseStructure        6 nodes   42.0s
  [ 65/170] owner=CaseStructure        0 nodes    1.1s
  [ 66/170] owner=CaseStructure        2 nodes   19.3s
  [ 67/170] owner=CaseStructure        2 nodes   14.7s
  [ 68/170] owner=CaseStructure        4 nodes   28.3s
  [ 69/170] owner=CaseStructure       12 nodes   93.1s
  [ 70/170] owner=CaseStructure        1 nodes   10.2s
  [ 71/170] owner=CaseStructure        1 nodes    6.8s
  [ 72/170] owner=CaseStructure        0 nodes    1.1s
  [ 73/170] owner=CaseStructure        8 nodes   57.8s
  [ 74/170] owner=ForLoop             10 nodes   92.9s
  [ 75/170] owner=CaseStructure        1 nodes   12.4s
  [ 76/170] owner=CaseStructure        1 nodes   12.5s
  [ 77/170] owner=CaseStructure        0 nodes    1.1s
  [ 78/170] owner=CaseStructure        2 nodes   14.7s
  [ 79/170] owner=CaseStructure        0 nodes    1.1s
  [ 80/170] owner=CaseStructure        1 nodes    5.7s
  [ 81/170] owner=CaseStructure        0 nodes    1.1s
  [ 82/170] owner=CaseStructure        1 nodes   10.2s
  [ 83/170] owner=FlatSequenceFrame   13 nodes   91.5s
  [ 84/170] owner=CaseStructure        1 nodes   10.2s
  [ 85/170] owner=CaseStructure        0 nodes    1.1s
  [ 86/170] owner=FlatSequenceFrame    4 nodes   37.3s
  [ 87/170] owner=FlatSequenceFrame   14 nodes  110.9s
  [ 88/170] owner=FlatSequenceFrame    3 nodes   35.0s
  [ 89/170] owner=FlatSequenceFrame    1 nodes    6.8s
  [ 90/170] owner=FlatSequenceFrame    1 nodes    9.0s
  [ 91/170] owner=FlatSequenceFrame    6 nodes   74.7s
  [ 92/170] owner=FlatSequenceFrame    1 nodes    6.8s
  [ 93/170] owner=CaseStructure        2 nodes   18.1s
  [ 94/170] owner=CaseStructure        6 nodes   46.4s
  [ 95/170] owner=ForLoop              9 nodes   70.3s
  [ 96/170] owner=ForLoop              4 nodes   28.3s
  [ 97/170] owner=FlatSequenceFrame    7 nodes   65.5s
  [ 98/170] owner=FlatSequenceFrame    4 nodes   47.5s
  [ 99/170] owner=WhileLoop           22 nodes  173.2s
  [100/170] owner=FlatSequenceFrame    9 nodes   71.4s
  [101/170] owner=CaseStructure        0 nodes    1.1s
  [102/170] owner=CaseStructure        0 nodes    1.1s
  [103/170] owner=FlatSequenceFrame    1 nodes   12.5s
  [104/170] owner=FlatSequenceFrame    1 nodes   10.2s
  [105/170] owner=CaseStructure        0 nodes    1.1s
  [106/170] owner=CaseStructure        0 nodes    1.1s
  [107/170] owner=FlatSequenceFrame    1 nodes   12.5s
  [108/170] owner=FlatSequenceFrame    1 nodes   10.2s
  [109/170] owner=CaseStructure        0 nodes    1.1s
  [110/170] owner=CaseStructure        0 nodes    1.1s
  [111/170] owner=FlatSequenceFrame    3 nodes   33.0s
  [112/170] owner=FlatSequenceFrame    2 nodes   19.3s
  [113/170] owner=CaseStructure        0 nodes    1.1s
  [114/170] owner=CaseStructure        0 nodes    1.1s
  [115/170] owner=FlatSequenceFrame    1 nodes   12.5s
  [116/170] owner=FlatSequenceFrame    1 nodes   10.2s
  [117/170] owner=FlatSequenceFrame    2 nodes   18.3s
  [118/170] owner=FlatSequenceFrame    1 nodes    5.7s
  [119/170] owner=CaseStructure        0 nodes    1.1s
  [120/170] owner=CaseStructure        0 nodes    1.1s
  [121/170] owner=FlatSequenceFrame    2 nodes   18.2s
  [122/170] owner=FlatSequenceFrame    1 nodes   10.3s
  [123/170] owner=CaseStructure        0 nodes    1.1s
  [124/170] owner=CaseStructure        0 nodes    1.2s
  [125/170] owner=FlatSequenceFrame    2 nodes   18.2s
  [126/170] owner=FlatSequenceFrame    1 nodes   10.2s
  [127/170] owner=CaseStructure        0 nodes    1.1s
  [128/170] owner=CaseStructure        0 nodes    1.1s
  [129/170] owner=FlatSequenceFrame    5 nodes   44.4s
  [130/170] owner=FlatSequenceFrame    2 nodes   19.3s
  [131/170] owner=CaseStructure        0 nodes    1.1s
  [132/170] owner=CaseStructure        4 nodes   31.7s
  [133/170] owner=CaseStructure        2 nodes   17.0s
  [134/170] owner=ForLoop              1 nodes    6.8s
  [135/170] owner=CaseStructure        0 nodes    1.1s
  [136/170] owner=CaseStructure        1 nodes    5.7s
  [137/170] owner=ForLoop              7 nodes   52.2s
  [138/170] owner=CaseStructure        0 nodes    1.1s
  [139/170] owner=EventStructure       1 nodes    7.9s
  [140/170] owner=EventStructure       2 nodes   21.6s
  [141/170] owner=Sequence             6 nodes   43.1s
  [142/170] owner=Sequence             4 nodes   27.2s
  [143/170] owner=CaseStructure        0 nodes    1.1s
  [144/170] owner=CaseStructure        1 nodes   10.2s
  [145/170] owner=FlatSequenceFrame    1 nodes    9.0s
  [146/170] owner=FlatSequenceFrame    3 nodes   22.6s
  [147/170] owner=FlatSequenceFrame    4 nodes   32.8s
  [148/170] owner=FlatSequenceFrame    4 nodes   57.7s
  [149/170] owner=ForLoop              2 nodes   36.2s
  [150/170] owner=Sequence             2 nodes   15.9s
  [151/170] owner=CaseStructure        3 nodes   22.7s
  [152/170] owner=CaseStructure        0 nodes    1.1s
  [153/170] owner=Sequence             2 nodes   15.9s
  [154/170] owner=Sequence             1 nodes   10.2s
  [155/170] owner=Sequence             1 nodes   26.1s
  [156/170] owner=ForLoop              1 nodes   29.2s
  [157/170] owner=Sequence             4 nodes   31.8s
  [158/170] owner=Sequence             2 nodes   36.4s
  [159/170] owner=CaseStructure        0 nodes    1.1s
  [160/170] owner=CaseStructure        7 nodes   54.6s
  [161/170] owner=CaseStructure       12 nodes  112.8s
  [162/170] owner=CaseStructure       18 nodes  159.3s
  [163/170] owner=ForLoop             23 nodes  217.8s
  [164/170] owner=Sequence             1 nodes    7.9s
  [165/170] owner=ForLoop              3 nodes   22.8s
  [166/170] owner=ForLoop              4 nodes   23.9s
  [167/170] owner=FlatSequenceFrame    6 nodes   46.4s
  [168/170] owner=ForLoop              5 nodes   48.6s
  [169/170] owner=FlatSequenceFrame    6 nodes   62.2s

170/170 diagrams cached in 91.4 min -> G:\Codes\LabVIEW_Codes\MinLab\zz_LabView VI\AAA_UNIST\2. Tracking\V6_ParallelLoop\tools\bench\main_vi_netmap.json
complete: True
BGRUN END rc=0 after 5487s
