====================================================================================================
ORIGINAL (LEFT) : G:\Codes\LabVIEW_Codes\MinLab\zz_LabView VI\AAA_UNIST\2. Tracking\Min_Track N beads V6_ParallelLoop.vi
size 473317 B  md5 2a78e17c449cacdaf5da389818526859
header: info_off=470064 info_size=3253 data_off=32 data_size=470032
--- FILE HEADER  (abs offset 0 = 0x0, 64 bytes)
  00000000  52 53 52 43 0d 0a 00 03 4c 56 49 4e 4c 42 56 57  RSRC....LVINLBVW
  00000010  00 07 2c 30 00 00 0c b5 00 00 00 20 00 07 2c 10  ..,0....... ..,.
  00000020  00 00 00 a0 26 00 80 00 40 04 01 00 00 00 00 00  ....&...@.......
  00000030  00 00 00 00 00 03 00 3c 00 00 00 1f 40 80 02 10  .......<....@...
--- INFO SECTION START (repeat of header + BlockInfoListHeader)  (abs offset 470064 = 0x72c30, 96 bytes)
  00072c30  52 53 52 43 0d 0a 00 03 4c 56 49 4e 4c 42 56 57  RSRC....LVINLBVW
  00072c40  00 07 2c 30 00 00 0c b5 00 00 00 20 00 07 2c 10  ..,0....... ..,.
  00072c50  00 00 00 00 00 00 00 00 00 00 00 20 00 00 00 34  ........... ...4
  00072c60  00 00 0c 90 00 00 00 2c 4c 56 53 52 00 00 00 00  .......,LVSR....
  00072c70  00 00 02 20 52 54 53 47 00 00 00 00 00 00 02 34  ... RTSG.......4
  00072c80  43 43 53 54 00 00 00 00 00 00 02 48 4c 49 76 69  CCST.......HLIvi
BlockInfoListHeader u32s: [0, 0, 32, 52, 3216]   (candidate blockinfo_offset = 52 -> abs 470116)
--- BLOCK INFO LIST (count u32 then 12B entries)  (abs offset 470116 = 0x72c64, 160 bytes)
  00072c64  00 00 00 2c 4c 56 53 52 00 00 00 00 00 00 02 20  ...,LVSR....... 
  00072c74  52 54 53 47 00 00 00 00 00 00 02 34 43 43 53 54  RTSG.......4CCST
  00072c84  00 00 00 00 00 00 02 48 4c 49 76 69 00 00 00 00  .......HLIvi....
  00072c94  00 00 02 5c 43 4f 4e 50 00 00 00 00 00 00 02 70  ...\CONP.......p
  00072ca4  54 4d 38 30 00 00 00 11 00 00 02 84 44 46 44 53  TM80........DFDS
  00072cb4  00 00 00 00 00 00 03 ec 4c 49 64 73 00 00 00 00  ........LIds....
  00072cc4  00 00 04 00 56 49 43 44 00 00 00 11 00 00 04 14  ....VICD........
  00072cd4  47 43 44 49 00 00 00 00 00 00 05 7c 76 65 72 73  GCDI.......|vers
  00072ce4  00 00 00 04 00 00 05 90 53 43 53 52 00 00 00 00  ........SCSR....
  00072cf4  00 00 05 f4 44 4c 44 52 00 00 00 00 00 00 06 08  ....DLDR........
raw count field = 44  (so n_blocks = 45 if count-1 convention)

BLOCK ENTRIES, raw:
    # ident       u32_b      u32_c   abs of u32_c rel to bi / bi+4
    0 LVSR            0        544       470660     470664
    1 RTSG            0        564       470680     470684
    2 CCST            0        584       470700     470704
    3 LIvi            0        604       470720     470724
    4 CONP            0        624       470740     470744
    5 TM80           17        644       470760     470764
    6 DFDS            0       1004       471120     471124
    7 LIds            0       1024       471140     471144
    8 VICD           17       1044       471160     471164
    9 GCDI            0       1404       471520     471524
   10 vers            4       1424       471540     471544
   11 SCSR            0       1524       471640     471644
   12 DLDR            0       1544       471660     471664
   13 FPTD            0       1564       471680     471684
   14 CPMp            0       1584       471700     471704
   15 BFAL            0       1604       471720     471724
   16 NUID            0       1624       471740     471744
   17 SUID            0       1644       471760     471764
   18 BNID            0       1664       471780     471784
   19 GCPR            0       1684       471800     471804
   20 BDPW            0       1704       471820     471824
   21 ICON            0       1724       471840     471844
   22 icl8            0       1744       471860     471864
   23 CPC2            0       1764       471880     471884
   24 BKMK            0       1784       471900     471904
   25 LIfp            0       1804       471920     471924
   26 FPEx            0       1824       471940     471944
   27 STR             7       1844       471960     471964
   28 PICC           29       2004       472120     472124
   29 MNGI           12       2604       472720     472724
   30 FPHb            0       2864       472980     472984
   31 FPSE            0       2884       473000     473004
   32 LPIN            0       2904       473020     473024
   33 VPDP            0       2924       473040     473044
   34 LIbd            0       2944       473060     473064
   35 BDEx            0       2964       473080     473084
   36 BDHb            0       2984       473100     473104
   37 BDSE            0       3004       473120     473124
   38 VITS            0       3024       473140     473144
   39 DTHP            0       3044       473160     473164
   40 MUID            0       3064       473180     473184
   41 HIST            0       3084       473200     473204
   42 PRT             0       3104       473220     473224
   43 VCTP            0       3124       473240     473244
   44 FTAB            0       3144       473260     473264

end of 12B entries = abs 470660 ; info section ends at 473317 ; 2657 bytes remain
--- BYTES RIGHT AFTER THE ENTRY TABLE (section-start records?)  (abs offset 470660 = 0x72e84, 256 bytes)
  00072e84  00 00 00 00 00 00 00 00 00 00 00 00 00 00 00 00  ................
  00072e94  00 00 00 00 00 00 00 00 ff ff ff ff 00 00 00 00  ................
  00072ea4  00 00 00 a4 00 00 00 00 00 00 00 00 ff ff ff ff  ................
  00072eb4  00 00 00 00 00 00 00 b8 00 00 00 00 00 00 00 00  ................
  00072ec4  ff ff ff ff 00 00 00 00 00 00 00 c0 00 00 00 00  ................
  00072ed4  00 00 00 00 ff ff ff ff 00 00 00 00 00 00 1f 4c  ...............L
  00072ee4  00 00 00 00 00 00 00 00 ff ff ff ff 00 00 00 00  ................
  00072ef4  00 00 1f 54 00 00 00 00 00 00 00 01 ff ff ff ff  ...T............
  00072f04  00 00 00 00 00 00 23 f0 00 00 00 00 00 00 00 02  ......#.........
  00072f14  ff ff ff ff 00 00 00 00 00 00 24 08 00 00 00 00  ..........$.....
  00072f24  00 00 00 03 ff ff ff ff 00 00 00 00 00 00 24 20  ..............$ 
  00072f34  00 00 00 00 00 00 00 04 ff ff ff ff 00 00 00 00  ................
  00072f44  00 00 24 38 00 00 00 00 00 00 00 05 ff ff ff ff  ..$8............
  00072f54  00 00 00 00 00 00 24 50 00 00 00 00 00 00 00 06  ......$P........
  00072f64  ff ff ff ff 00 00 00 00 00 00 24 68 00 00 00 00  ..........$h....
  00072f74  00 00 00 07 ff ff ff ff 00 00 00 00 00 00 24 80  ..............$.

--- DATA REGION START  (abs offset 32 = 0x20, 64 bytes)
  00000020  00 00 00 a0 26 00 80 00 40 04 01 00 00 00 00 00  ....&...@.......
  00000030  00 00 00 00 00 03 00 3c 00 00 00 1f 40 80 02 10  .......<....@...
  00000040  00 00 00 01 00 04 00 02 ff ff ff ff 00 00 00 00  ................
  00000050  00 00 00 00 00 00 00 00 e5 21 35 0c b4 62 f9 41  .........!5..b.A
====================================================================================================
SAVED ARM (RIGHT) : C:\Program Files\National Instruments\LabVIEW 2026\user.lib\claudeDev\D1_s1arm_savetest.vi
size 475141 B  md5 e0112963cc1b9e3be29d2bb053ba9029
header: info_off=471904 info_size=3237 data_off=32 data_size=471872
--- FILE HEADER  (abs offset 0 = 0x0, 64 bytes)
  00000000  52 53 52 43 0d 0a 00 03 4c 56 49 4e 4c 42 56 57  RSRC....LVINLBVW
  00000010  00 07 33 60 00 00 0c a5 00 00 00 20 00 07 33 40  ..3`....... ..3@
  00000020  00 00 00 a0 26 00 80 00 40 04 01 00 00 00 00 00  ....&...@.......
  00000030  00 00 00 00 00 03 00 3c 00 00 00 1f 40 80 02 10  .......<....@...
--- INFO SECTION START (repeat of header + BlockInfoListHeader)  (abs offset 471904 = 0x73360, 96 bytes)
  00073360  52 53 52 43 0d 0a 00 03 4c 56 49 4e 4c 42 56 57  RSRC....LVINLBVW
  00073370  00 07 33 60 00 00 0c a5 00 00 00 20 00 07 33 40  ..3`....... ..3@
  00073380  00 00 00 00 00 00 00 00 00 00 00 20 00 00 00 34  ........... ...4
  00073390  00 00 0c 90 00 00 00 2c 4c 56 53 52 00 00 00 00  .......,LVSR....
  000733a0  00 00 02 20 52 54 53 47 00 00 00 00 00 00 02 34  ... RTSG.......4
  000733b0  43 43 53 54 00 00 00 00 00 00 02 48 4c 49 76 69  CCST.......HLIvi
BlockInfoListHeader u32s: [0, 0, 32, 52, 3216]   (candidate blockinfo_offset = 52 -> abs 471956)
--- BLOCK INFO LIST (count u32 then 12B entries)  (abs offset 471956 = 0x73394, 160 bytes)
  00073394  00 00 00 2c 4c 56 53 52 00 00 00 00 00 00 02 20  ...,LVSR....... 
  000733a4  52 54 53 47 00 00 00 00 00 00 02 34 43 43 53 54  RTSG.......4CCST
  000733b4  00 00 00 00 00 00 02 48 4c 49 76 69 00 00 00 00  .......HLIvi....
  000733c4  00 00 02 5c 43 4f 4e 50 00 00 00 00 00 00 02 70  ...\CONP.......p
  000733d4  54 4d 38 30 00 00 00 11 00 00 02 84 44 46 44 53  TM80........DFDS
  000733e4  00 00 00 00 00 00 03 ec 4c 49 64 73 00 00 00 00  ........LIds....
  000733f4  00 00 04 00 56 49 43 44 00 00 00 11 00 00 04 14  ....VICD........
  00073404  47 43 44 49 00 00 00 00 00 00 05 7c 76 65 72 73  GCDI.......|vers
  00073414  00 00 00 04 00 00 05 90 53 43 53 52 00 00 00 00  ........SCSR....
  00073424  00 00 05 f4 44 4c 44 52 00 00 00 00 00 00 06 08  ....DLDR........
raw count field = 44  (so n_blocks = 45 if count-1 convention)

BLOCK ENTRIES, raw:
    # ident       u32_b      u32_c   abs of u32_c rel to bi / bi+4
    0 LVSR            0        544       472500     472504
    1 RTSG            0        564       472520     472524
    2 CCST            0        584       472540     472544
    3 LIvi            0        604       472560     472564
    4 CONP            0        624       472580     472584
    5 TM80           17        644       472600     472604
    6 DFDS            0       1004       472960     472964
    7 LIds            0       1024       472980     472984
    8 VICD           17       1044       473000     473004
    9 GCDI            0       1404       473360     473364
   10 vers            4       1424       473380     473384
   11 SCSR            0       1524       473480     473484
   12 DLDR            0       1544       473500     473504
   13 FPTD            0       1564       473520     473524
   14 CPMp            0       1584       473540     473544
   15 BFAL            0       1604       473560     473564
   16 NUID            0       1624       473580     473584
   17 SUID            0       1644       473600     473604
   18 BNID            0       1664       473620     473624
   19 GCPR            0       1684       473640     473644
   20 BDPW            0       1704       473660     473664
   21 ICON            0       1724       473680     473684
   22 icl8            0       1744       473700     473704
   23 CPC2            0       1764       473720     473724
   24 BKMK            0       1784       473740     473744
   25 LIfp            0       1804       473760     473764
   26 FPEx            0       1824       473780     473784
   27 STR             7       1844       473800     473804
   28 PICC           29       2004       473960     473964
   29 MNGI           12       2604       474560     474564
   30 FPHb            0       2864       474820     474824
   31 FPSE            0       2884       474840     474844
   32 LPIN            0       2904       474860     474864
   33 VPDP            0       2924       474880     474884
   34 LIbd            0       2944       474900     474904
   35 BDEx            0       2964       474920     474924
   36 BDHb            0       2984       474940     474944
   37 BDSE            0       3004       474960     474964
   38 VITS            0       3024       474980     474984
   39 DTHP            0       3044       475000     475004
   40 MUID            0       3064       475020     475024
   41 HIST            0       3084       475040     475044
   42 PRT             0       3104       475060     475064
   43 VCTP            0       3124       475080     475084
   44 FTAB            0       3144       475100     475104

end of 12B entries = abs 472500 ; info section ends at 475141 ; 2641 bytes remain
--- BYTES RIGHT AFTER THE ENTRY TABLE (section-start records?)  (abs offset 472500 = 0x735b4, 256 bytes)
  000735b4  00 00 00 00 00 00 00 00 00 00 00 00 00 00 00 00  ................
  000735c4  00 00 00 00 00 00 00 00 ff ff ff ff 00 00 00 00  ................
  000735d4  00 00 00 a4 00 00 00 00 00 00 00 00 ff ff ff ff  ................
  000735e4  00 00 00 00 00 00 00 b8 00 00 00 00 00 00 00 00  ................
  000735f4  ff ff ff ff 00 00 00 00 00 00 00 c0 00 00 00 00  ................
  00073604  00 00 00 00 ff ff ff ff 00 00 00 00 00 00 22 e4  ..............".
  00073614  00 00 00 00 00 00 00 00 ff ff ff ff 00 00 00 00  ................
  00073624  00 00 22 ec 00 00 00 00 00 00 00 01 ff ff ff ff  ..".............
  00073634  00 00 00 00 00 00 27 88 00 00 00 00 00 00 00 02  ......'.........
  00073644  ff ff ff ff 00 00 00 00 00 00 27 a0 00 00 00 00  ..........'.....
  00073654  00 00 00 03 ff ff ff ff 00 00 00 00 00 00 27 b8  ..............'.
  00073664  00 00 00 00 00 00 00 04 ff ff ff ff 00 00 00 00  ................
  00073674  00 00 27 d0 00 00 00 00 00 00 00 05 ff ff ff ff  ..'.............
  00073684  00 00 00 00 00 00 27 e8 00 00 00 00 00 00 00 06  ......'.........
  00073694  ff ff ff ff 00 00 00 00 00 00 28 00 00 00 00 00  ..........(.....
  000736a4  00 00 00 07 ff ff ff ff 00 00 00 00 00 00 28 18  ..............(.

--- DATA REGION START  (abs offset 32 = 0x20, 64 bytes)
  00000020  00 00 00 a0 26 00 80 00 40 04 01 00 00 00 00 00  ....&...@.......
  00000030  00 00 00 00 00 03 00 3c 00 00 00 1f 40 80 02 10  .......<....@...
  00000040  00 00 00 01 00 04 00 02 ff ff ff ff 00 00 00 00  ................
  00000050  00 00 00 00 00 00 00 00 e5 21 35 0c b4 62 f9 41  .........!5..b.A
