BGRUN START 2026-09-14 00:05:03 limit 10.0 min: py -u tools/bench/vi_string_context.py COM[0-9]|Rot,|M-126|VISA|Baud
pattern 'COM[0-9]|Rot,|M-126|VISA|Baud'
G:\Codes\LabVIEW_Codes\MinLab\zz_LabView VI\AAA_UNIST\2. Tracking\Min_Track N beads V6_ParallelLoop.vi


==============================================================================
zlib@9648   (30,645 bytes, 30 strings, 1 matching)

  --- around string #6 (offset 19568) ---
     [    0] '\\)@.'
     [    1] 'N @'
     [    2] '@DxQ'
     [    3] 'cam1'
     [    4] 'Cam'
     [    5] 'ASI_Piezo'
  >> [    6] 'M-126.PD1'
     [    7] 'Rotor'
     [    8] 'ref'
     [    9] 'exp'
     [   10] 'Bead # %d'
     [   11] 'Save cal cluster file'
     [   12] 'NnN?'

==============================================================================
zlib@216440   (172,641 bytes, 1891 strings, 1 matching)

  --- around string #145 (offset 16290) ---
     [  139] 'S$D'
     [  140] 'ef$'
     [  141] '%:('
     [  142] 'e=D'
     [  143] 'eLd'
     [  144] 'D!D'
  >> [  145] 'RotationVISA'
     [  146] 'eOd'
     [  147] 'eUD'
     [  148] 'eXd'
     [  149] 'e[D'
     [  150] 'e\\D'
     [  151] 'e]D'

==============================================================================
zlib@259096   (625,441 bytes, 7339 strings, 20 matching)

  --- around string #471 (offset 49326) ---
     [  465] 'jN$'
     [  466] 'j9d'
     [  467] '+E:'
     [  468] '+E:'
     [  469] 'IE['
     [  470] 'Value'
  >> [  471] 'RotationVISA'
     [  472] 'VISANameD'
     [  473] '+E:'
     [  474] '+E:'
     [  475] 'Move Axis to Position.vi'
     [  476] 'Initialize.vi'
     [  477] 'fDa'

  --- around string #472 (offset 49437) ---
     [  466] 'j9d'
     [  467] '+E:'
     [  468] '+E:'
     [  469] 'IE['
     [  470] 'Value'
     [  471] 'RotationVISA'
  >> [  472] 'VISANameD'
     [  473] '+E:'
     [  474] '+E:'
     [  475] 'Move Axis to Position.vi'
     [  476] 'Initialize.vi'
     [  477] 'fDa'
     [  478] 'D!D'

  --- around string #479 (offset 51437) ---
     [  473] '+E:'
     [  474] '+E:'
     [  475] 'Move Axis to Position.vi'
     [  476] 'Initialize.vi'
     [  477] 'fDa'
     [  478] 'D!D'
  >> [  479] 'VISA resource name'
     [  480] 'B%Y'
     [  481] 'E^ W%'
     [  482] '%W*'
     [  483] 'B%Y'
     [  484] 'ASI_Piezo'
     [  485] 'iDa'

  --- around string #3390 (offset 327680) ---
     [ 3384] 'xlD'
     [ 3385] 'xuD'
     [ 3386] 'xrd'
     [ 3387] 'Initialize.vi'
     [ 3388] 'DDa'
     [ 3389] 'D!D'
  >> [ 3390] 'VISA resource name'
     [ 3391] 'B%Y'
     [ 3392] 'E^ W%'
     [ 3393] '%W2'
     [ 3394] 'B%Y'
     [ 3395] 'ASI_Piezo'
     [ 3396] 'GDa'

  --- around string #3461 (offset 334072) ---
     [ 3455] 'ysD'
     [ 3456] 'yt$'
     [ 3457] 'S&l'
     [ 3458] '>@%'
     [ 3459] '$r5'
     [ 3460] '"WUSB'
  >> [ 3461] 'M-126.PD1, COM4 9600'
     [ 3462] 'Rot, COM3 9600'
     [ 3463] 'RS-232'
     [ 3464] 'M-126.PD1, COM5 115200'
     [ 3465] 'Rot, COM2 115200'
     [ 3466] 'sjD'
     [ 3467] 'ssD'

  --- around string #3462 (offset 334093) ---
     [ 3456] 'yt$'
     [ 3457] 'S&l'
     [ 3458] '>@%'
     [ 3459] '$r5'
     [ 3460] '"WUSB'
     [ 3461] 'M-126.PD1, COM4 9600'
  >> [ 3462] 'Rot, COM3 9600'
     [ 3463] 'RS-232'
     [ 3464] 'M-126.PD1, COM5 115200'
     [ 3465] 'Rot, COM2 115200'
     [ 3466] 'sjD'
     [ 3467] 'ssD'
     [ 3468] 'swd'

  --- around string #3464 (offset 334116) ---
     [ 3458] '>@%'
     [ 3459] '$r5'
     [ 3460] '"WUSB'
     [ 3461] 'M-126.PD1, COM4 9600'
     [ 3462] 'Rot, COM3 9600'
     [ 3463] 'RS-232'
  >> [ 3464] 'M-126.PD1, COM5 115200'
     [ 3465] 'Rot, COM2 115200'
     [ 3466] 'sjD'
     [ 3467] 'ssD'
     [ 3468] 'swd'
     [ 3469] 'szD'
     [ 3470] 'spd'

  --- around string #3465 (offset 334139) ---
     [ 3459] '$r5'
     [ 3460] '"WUSB'
     [ 3461] 'M-126.PD1, COM4 9600'
     [ 3462] 'Rot, COM3 9600'
     [ 3463] 'RS-232'
     [ 3464] 'M-126.PD1, COM5 115200'
  >> [ 3465] 'Rot, COM2 115200'
     [ 3466] 'sjD'
     [ 3467] 'ssD'
     [ 3468] 'swd'
     [ 3469] 'szD'
     [ 3470] 'spd'
     [ 3471] 'Max Trans Pos.vi'

  --- around string #3570 (offset 343145) ---
     [ 3564] 'RS232 settings'
     [ 3565] 'B%Y'
     [ 3566] 'D!D'
     [ 3567] '"Pane'
     [ 3568] 'B%Y'
     [ 3569] '7*d'
  >> [ 3570] 'Baudrate'
     [ 3571] '7+D'
     [ 3572] '7,d'
     [ 3573] 'D!D'
     [ 3574] 't%.0f'
     [ 3575] '7-d'
     [ 3576] '9600'

  --- around string #3592 (offset 344020) ---
     [ 3586] 'Portnumber'
     [ 3587] '7!D'
     [ 3588] '7"d'
     [ 3589] 'D!D'
     [ 3590] 't%.0f'
     [ 3591] '7#d'
  >> [ 3592] 'COM1'
     [ 3593] 'COM2'
     [ 3594] 'COM3'
     [ 3595] 'COM4'
     [ 3596] 'COM5'
     [ 3597] 'COM6'
     [ 3598] 'COM7'

  --- around string #3593 (offset 344025) ---
     [ 3587] '7!D'
     [ 3588] '7"d'
     [ 3589] 'D!D'
     [ 3590] 't%.0f'
     [ 3591] '7#d'
     [ 3592] 'COM1'
  >> [ 3593] 'COM2'
     [ 3594] 'COM3'
     [ 3595] 'COM4'
     [ 3596] 'COM5'
     [ 3597] 'COM6'
     [ 3598] 'COM7'
     [ 3599] 'COM8'

  --- around string #3594 (offset 344030) ---
     [ 3588] '7"d'
     [ 3589] 'D!D'
     [ 3590] 't%.0f'
     [ 3591] '7#d'
     [ 3592] 'COM1'
     [ 3593] 'COM2'
  >> [ 3594] 'COM3'
     [ 3595] 'COM4'
     [ 3596] 'COM5'
     [ 3597] 'COM6'
     [ 3598] 'COM7'
     [ 3599] 'COM8'
     [ 3600] 'COM9'

  --- around string #3595 (offset 344035) ---
     [ 3589] 'D!D'
     [ 3590] 't%.0f'
     [ 3591] '7#d'
     [ 3592] 'COM1'
     [ 3593] 'COM2'
     [ 3594] 'COM3'
  >> [ 3595] 'COM4'
     [ 3596] 'COM5'
     [ 3597] 'COM6'
     [ 3598] 'COM7'
     [ 3599] 'COM8'
     [ 3600] 'COM9'
     [ 3601] '7$D'

  --- around string #3596 (offset 344040) ---
     [ 3590] 't%.0f'
     [ 3591] '7#d'
     [ 3592] 'COM1'
     [ 3593] 'COM2'
     [ 3594] 'COM3'
     [ 3595] 'COM4'
  >> [ 3596] 'COM5'
     [ 3597] 'COM6'
     [ 3598] 'COM7'
     [ 3599] 'COM8'
     [ 3600] 'COM9'
     [ 3601] '7$D'
     [ 3602] '7%$'

  --- around string #3597 (offset 344045) ---
     [ 3591] '7#d'
     [ 3592] 'COM1'
     [ 3593] 'COM2'
     [ 3594] 'COM3'
     [ 3595] 'COM4'
     [ 3596] 'COM5'
  >> [ 3597] 'COM6'
     [ 3598] 'COM7'
     [ 3599] 'COM8'
     [ 3600] 'COM9'
     [ 3601] '7$D'
     [ 3602] '7%$'
     [ 3603] 'B%Y'

  --- around string #3598 (offset 344050) ---
     [ 3592] 'COM1'
     [ 3593] 'COM2'
     [ 3594] 'COM3'
     [ 3595] 'COM4'
     [ 3596] 'COM5'
     [ 3597] 'COM6'
  >> [ 3598] 'COM7'
     [ 3599] 'COM8'
     [ 3600] 'COM9'
     [ 3601] '7$D'
     [ 3602] '7%$'
     [ 3603] 'B%Y'
     [ 3604] '73d'

  --- around string #3599 (offset 344055) ---
     [ 3593] 'COM2'
     [ 3594] 'COM3'
     [ 3595] 'COM4'
     [ 3596] 'COM5'
     [ 3597] 'COM6'
     [ 3598] 'COM7'
  >> [ 3599] 'COM8'
     [ 3600] 'COM9'
     [ 3601] '7$D'
     [ 3602] '7%$'
     [ 3603] 'B%Y'
     [ 3604] '73d'
     [ 3605] '74E:'

  --- around string #3600 (offset 344060) ---
     [ 3594] 'COM3'
     [ 3595] 'COM4'
     [ 3596] 'COM5'
     [ 3597] 'COM6'
     [ 3598] 'COM7'
     [ 3599] 'COM8'
  >> [ 3600] 'COM9'
     [ 3601] '7$D'
     [ 3602] '7%$'
     [ 3603] 'B%Y'
     [ 3604] '73d'
     [ 3605] '74E:'
     [ 3606] '76$'

  --- around string #3646 (offset 346870) ---
     [ 3640] 'k{d'
     [ 3641] 't%.0f'
     [ 3642] 'B%Y'
     [ 3643] 'B%Y'
     [ 3644] 'Stage names input'
     [ 3645] 'B%Y'
  >> [ 3646] 'M-126.PD1'
     [ 3647] "72'"
     [ 3648] ':(5D'
     [ 3649] '*7Y'
     [ 3650] '$r7'
     [ 3651] '8]$'
     [ 3652] '8^d'

  --- around string #3673 (offset 348839) ---
     [ 3667] 'Configure.vi'
     [ 3668] '8`d'
     [ 3669] 'w6d'
     [ 3670] 'w3E:'
     [ 3671] 'w!d'
     [ 3672] 'D!D'
  >> [ 3673] 'VISA resource name out'
     [ 3674] 'w"D'
     [ 3675] 'w%D'
     [ 3676] "w'd"
     [ 3677] 'w(D'
     [ 3678] 'w)D'
     [ 3679] 'w*$'

==============================================================================
zlib@450672   (48,582 bytes, 1073 strings, 13 matching)

  --- around string #77 (offset 1899) ---
     [   71] 'RON settings'
     [   72] 'Interface'
     [   73] 'All axes?'
     [   74] 'Axes to move'
     [   75] 'Axes to move'
     [   76] 'Portnumber'
  >> [   77] 'Baudrate'
     [   78] 'RS232 settings'
     [   79] 'Timeout'
     [   80] 'Register DC'
     [   81] 'DaisyChain Search?'
     [   82] 'Device ID'
     [   83] ' @P'

  --- around string #119 (offset 3329) ---
     [  113] '"@@'
     [  114] 'Maximum travel limit'
     [  115] '"@@'
     [  116] 'Minimum travel limit'
     [  117] ':@p'
     [  118] 'Instr'
  >> [  119] 'VISA resource name out'
     [  120] '6@p'
     [  121] 'Instr'
     [  122] 'VISA resource name'
     [  123] '<@p'
     [  124] 'Instr'
     [  125] 'VISA resource name out'

  --- around string #122 (offset 3387) ---
     [  116] 'Minimum travel limit'
     [  117] ':@p'
     [  118] 'Instr'
     [  119] 'VISA resource name out'
     [  120] '6@p'
     [  121] 'Instr'
  >> [  122] 'VISA resource name'
     [  123] '<@p'
     [  124] 'Instr'
     [  125] 'VISA resource name out'
     [  126] 'ASI TG-1000.lvlib'
     [  127] 'Baud Rate.ctl'
     [  128] 'Baud Rate (115200)'

  --- around string #125 (offset 3497) ---
     [  119] 'VISA resource name out'
     [  120] '6@p'
     [  121] 'Instr'
     [  122] 'VISA resource name'
     [  123] '<@p'
     [  124] 'Instr'
  >> [  125] 'VISA resource name out'
     [  126] 'ASI TG-1000.lvlib'
     [  127] 'Baud Rate.ctl'
     [  128] 'Baud Rate (115200)'
     [  129] 'timeout (500ms)'
     [  130] '8@p'
     [  131] 'Instr'

  --- around string #127 (offset 3551) ---
     [  121] 'Instr'
     [  122] 'VISA resource name'
     [  123] '<@p'
     [  124] 'Instr'
     [  125] 'VISA resource name out'
     [  126] 'ASI TG-1000.lvlib'
  >> [  127] 'Baud Rate.ctl'
     [  128] 'Baud Rate (115200)'
     [  129] 'timeout (500ms)'
     [  130] '8@p'
     [  131] 'Instr'
     [  132] 'VISA resource name'
     [  133] ',@p'

  --- around string #128 (offset 3570) ---
     [  122] 'VISA resource name'
     [  123] '<@p'
     [  124] 'Instr'
     [  125] 'VISA resource name out'
     [  126] 'ASI TG-1000.lvlib'
     [  127] 'Baud Rate.ctl'
  >> [  128] 'Baud Rate (115200)'
     [  129] 'timeout (500ms)'
     [  130] '8@p'
     [  131] 'Instr'
     [  132] 'VISA resource name'
     [  133] ',@p'
     [  134] 'Instr'

  --- around string #132 (offset 3647) ---
     [  126] 'ASI TG-1000.lvlib'
     [  127] 'Baud Rate.ctl'
     [  128] 'Baud Rate (115200)'
     [  129] 'timeout (500ms)'
     [  130] '8@p'
     [  131] 'Instr'
  >> [  132] 'VISA resource name'
     [  133] ',@p'
     [  134] 'Instr'
     [  135] 'VISA out'
     [  136] 'Position [internal units]'
     [  137] '*@p'
     [  138] 'Instr'

  --- around string #135 (offset 3785) ---
     [  129] 'timeout (500ms)'
     [  130] '8@p'
     [  131] 'Instr'
     [  132] 'VISA resource name'
     [  133] ',@p'
     [  134] 'Instr'
  >> [  135] 'VISA out'
     [  136] 'Position [internal units]'
     [  137] '*@p'
     [  138] 'Instr'
     [  139] 'VISA in'
     [  140] 'position [internal units]'
     [  141] 'fileID'

  --- around string #139 (offset 3860) ---
     [  133] ',@p'
     [  134] 'Instr'
     [  135] 'VISA out'
     [  136] 'Position [internal units]'
     [  137] '*@p'
     [  138] 'Instr'
  >> [  139] 'VISA in'
     [  140] 'position [internal units]'
     [  141] 'fileID'
     [  142] 'previous cursor ID'
     [  143] '&@p'
     [  144] 'VI reference (current VI)'
     [  145] 'icon'

  --- around string #259 (offset 6955) ---
     [  253] 'origin'
     [  254] 'Axes to move'
     [  255] 'Position values'
     [  256] 'Pos_degree'
     [  257] ':@p'
     [  258] 'Instr'
  >> [  259] 'VISA resource name Out'
     [  260] 'Ring'
     [  261] 'Position'
     [  262] 'cross length'
     [  263] '&@@'
     [  264] 'Real-space cosine window'
     [  265] '(@@'

  --- around string #393 (offset 10716) ---
     [  387] 'Send to rot'
     [  388] 'Send to trans'
     [  389] 'last trans pos'
     [  390] 'last rot pos'
     [  391] '0@p'
     [  392] 'Instr'
  >> [  393] 'Rot VISA in'
     [  394] '2@p'
     [  395] 'Instr'
     [  396] 'Rot VISA out'
     [  397] 'tran pos'
     [  398] 'rot pos'
     [  399] 'Home ref'

  --- around string #396 (offset 10764) ---
     [  390] 'last rot pos'
     [  391] '0@p'
     [  392] 'Instr'
     [  393] 'Rot VISA in'
     [  394] '2@p'
     [  395] 'Instr'
  >> [  396] 'Rot VISA out'
     [  397] 'tran pos'
     [  398] 'rot pos'
     [  399] 'Home ref'
     [  400] 'Home'
     [  401] 'Buffer to extract'
     [  402] 'Missed frames?'

  --- around string #848 (offset 23939) ---
     [  842] 'Focus Deviation from the Center'
     [  843] '.@@'
     [  844] ' Extension (nm) vs Time (Frame #)'
     [  845] 'Fix to a Certain Pattern'
     [  846] '0@p'
     [  847] 'Instr'
  >> [  848] 'RotationVISA'
     [  849] 'Current pos rot?'
     [  850] 'Exp Baseline'
     [  851] '<@p'
     [  852] 'IMAQImage'
     [  853] 'IMAQImage&'
     [  854] 'IMAQimage'
BGRUN END rc=0 after 0s
