BGRUN START 2026-09-28 07:10:20 limit 35.0 min: py -u tools/wait_runner_event.py --max-min 30
BGRUN PID 744
TICK 30 min, no new event. runner log tail:
  GATES-DUE | 2026-09-28 07:01:03 | cycle 116 | violations=ok; outcome=ok; retro-debt=ok
  CYCLE-CARD | 2026-09-28 07:01:03 | cycle 116 | wrote tools\bench\cards\cycle_116.json (cycle/1 valid; next.json before: e76f4d147868)
BGRUN END rc=0 after 1802s
BGRUN START 2026-09-28 07:40:36 limit 35.0 min: py -u tools/wait_runner_event.py --max-min 30
BGRUN PID 21264
TICK 30 min, no new event. runner log tail:
  GATES-DUE | 2026-09-28 07:01:03 | cycle 116 | violations=ok; outcome=ok; retro-debt=ok
  CYCLE-CARD | 2026-09-28 07:01:03 | cycle 116 | wrote tools\bench\cards\cycle_116.json (cycle/1 valid; next.json before: e76f4d147868)
BGRUN END rc=0 after 1802s
BGRUN START 2026-09-28 08:10:52 limit 35.0 min: py -u tools/wait_runner_event.py --max-min 30
BGRUN PID 8636
TICK 30 min, no new event. runner log tail:
  GATES-DUE | 2026-09-28 07:01:03 | cycle 116 | violations=ok; outcome=ok; retro-debt=ok
  CYCLE-CARD | 2026-09-28 07:01:03 | cycle 116 | wrote tools\bench\cards\cycle_116.json (cycle/1 valid; next.json before: e76f4d147868)
BGRUN END rc=0 after 1802s
BGRUN START 2026-09-28 08:41:08 limit 35.0 min: py -u tools/wait_runner_event.py --max-min 30
BGRUN PID 13376
BGRUN START 2026-09-28 08:41:24 limit 35.0 min: py -u tools/wait_runner_event.py --max-min 30
BGRUN PID 5532
TICK 30 min, no new event. runner log tail:
  GATES-DUE | 2026-09-28 07:01:03 | cycle 116 | violations=ok; outcome=ok; retro-debt=ok
  CYCLE-CARD | 2026-09-28 07:01:03 | cycle 116 | wrote tools\bench\cards\cycle_116.json (cycle/1 valid; next.json before: e76f4d147868)
BGRUN END rc=0 after 1802s
BGRUN START 2026-09-28 09:11:45 limit 35.0 min: py -u tools/wait_runner_event.py --max-min 30
BGRUN PID 8716
BGRUN KILLED (external) pid=8716 marked 2026-09-28 09:15:17 by bgrun pid=16580: no END/TIMEOUT and the runner process is gone
