BGRUN START 2026-09-15 18:34:58 limit 15.0 min: py -u tools/bench/which_loop_owns_motor.py
hierarchy: 129 resolved, 41 unresolved, 170 diagrams

diagram    3 (uid   3886)  MOV.vi                                     -> CaseStructure#3826   [cannot step above this structure without the structure->home-diagram link]
diagram    5 (uid   5038)  VEL.vi + POS?                              -> Sequence#3593   [cannot step above this structure without the structure->home-diagram link]
diagram   10 (uid  43928)  ASI move                                   -> FlatSequenceFrame#43914   [cannot step above this structure without the structure->home-diagram link]
diagram   20 (uid  25392)  (the motor loop body)                      -> WhileLoop#25380   [REACHED A WHILE LOOP]
diagram   36 (uid  26535)  MOV.vi                                     -> FlatSequenceFrame#26957   [cannot step above this structure without the structure->home-diagram link]
diagram   40 (uid  25892)  MOV.vi                                     -> FlatSequenceFrame#26415   [cannot step above this structure without the structure->home-diagram link]
diagram   42 (uid  28686)  Magnet2Force                               -> ForLoop#28670   [cannot step above this structure without the structure->home-diagram link]
diagram   43 (uid    639)  (the FRAME loop body itself, for reference) -> WhileLoop#637   [REACHED A WHILE LOOP]
diagram   69 (uid  20774)  MOV.vi + VEL.vi                            -> CaseStructure#20548   [cannot step above this structure without the structure->home-diagram link]
diagram   73 (uid  10423)  ASI move                                   -> CaseStructure#10407   [cannot step above this structure without the structure->home-diagram link]
diagram   74 (uid   7911)  Magnet2Force                               -> ForLoop#1359   [cannot step above this structure without the structure->home-diagram link]
diagram   88 (uid  18402)  ASI move                                   -> FlatSequenceFrame#2499   [cannot step above this structure without the structure->home-diagram link]
diagram   91 (uid  14037)  VEL.vi + TMN?/TMX?/GOH                     -> FlatSequenceFrame#14682   [cannot step above this structure without the structure->home-diagram link]
diagram   99 (uid  15266)  (display/UI body)                          -> WhileLoop#15173   [REACHED A WHILE LOOP]
diagram  121 (uid  17772)  MOV.vi                                     -> FlatSequenceFrame#18024   [cannot step above this structure without the structure->home-diagram link]
diagram  125 (uid  17471)  MOV.vi                                     -> FlatSequenceFrame#17710   [cannot step above this structure without the structure->home-diagram link]
diagram  129 (uid  17020)  MOV.vi + VEL.vi                            -> FlatSequenceFrame#17398   [cannot step above this structure without the structure->home-diagram link]
diagram  151 (uid  22160)  ASI move                                   -> CaseStructure#22086   [cannot step above this structure without the structure->home-diagram link]
diagram  167 (uid  25769)  ASI move                                   -> (none)   [UNRESOLVED diagram 25769]
BGRUN END rc=0 after 7s
