BGRUN START 2026-09-08 09:57:57 limit 10.0 min: py -u tools/bench/gpu_dump_chain.py
LabVIEW up after 13 s, version 26.3.1f1
dialogs: ,1346,762| / ENABLED|36768958|0,0,0,0|LabVIEW / VERDICT: clear (no modal dialog)
lv_restart rc 0
deployed 308736
error out = (True, 1097, 'Call Library Function Node in HARNESS_gpu.vi')
Error Message 2 = 'G:\\Data\\SiHyeong\\20260906 Kimlab - 50bp 16X WT 90Hz 1p2 Ramp_Newbatch\\test\\cal002        '
X Output 2 = ((0.0, 0.0, 0.0, 0.0, 0.0, 0.0, 0.0, 0.0, 0.0), (0.0, 0.0, 0.0, 0.0, 0.0, 0.0, 0.0, 0.0, 0.0), (0.0, 0.0, 0.0, 0.0, 0.0, 0.0, 0.0, 0.0, 0.0), (0.0, 0.0, 0.0, 0.0, 0.0, 0.0, 0.0, 0.0, 0.0), (0.0, 0.0, 0.0, 0.0, 0.0, 0.0, 0.0, 0.0, 0.0))
Y Array 2 = (0, 0, 0, 0, 0)
Bead Is Good Array 2 = <memory at 0x0000026C1B6AA440>
X Array 4 = (708, 301, 392, 266, 310, 448, 791, 509, 1072, 825)
Threads 2 = 0
Cross Size 2 = 120
smoke_err rc 0
magic 0x4c56444d cross 120 bytes 2200

[x*] addr 0x0000017c77ebc410 ok 1 len 8
  i32: [1169373812, 380]
  f32: ['5735.31', '5.32493e-43']
  u64: ['0x17c45b33a74']
  f64: ['8.06936e-312']

[x] addr 0x0000017c45b33a74 ok 1 len 64
  i32: [10, 708, 301, 392, 266, 310, 448, 791, 509, 1072, 825, 262152, 44, 0, 44, 0]
  f32: ['1.4013e-44', '9.92119e-43', '4.21791e-43', '5.49309e-43', '3.72745e-43', '4.34403e-43', '6.27782e-43', '1.10843e-42', '7.13261e-43', '1.50219e-42', '1.15607e-42', '3.67353e-40', '6.16571e-44', '0', '6.16571e-44', '0']
  u64: ['0x2c40000000a', '0x1880000012d', '0x1360000010a', '0x317000001c0', '0x430000001fd', '0x4000800000339', '0x2c', '0x2c']
  f64: ['1.50237e-311', '8.31822e-312', '6.57819e-312', '1.6785e-311', '2.27478e-311', '5.56285e-309', '2.17389e-322', '2.17389e-322']

[y*] addr 0x0000017c77ebc3d0 ok 1 len 8
  i32: [1168921504, 380]
  f32: ['5514.45', '5.32493e-43']
  u64: ['0x17c45ac53a0']
  f64: ['8.06936e-312']

[y] addr 0x0000017c45ac53a0 ok 1 len 64
  i32: [5, 0, 0, 0, 0, 0, 0, 0, 1168921408, 380, 18, 0, 0, 0, 0, 0]
  f32: ['7.00649e-45', '0', '0', '0', '0', '0', '0', '0', '5514.41', '5.32493e-43', '2.52234e-44', '0', '0', '0', '0', '0']
  u64: ['0x5', '0x0', '0x0', '0x0', '0x17c45ac5340', '0x12', '0x0', '0x0']
  f64: ['2.47033e-323', '0', '0', '0', '8.06936e-312', '8.89318e-323', '0', '0']

[image*] addr 0x0000017c40479f68 ok 1 len 8
  i32: [2038187956, 380]
  f32: ['8.18696e+34', '5.32493e-43']
  u64: ['0x17c797c47b4']
  f64: ['8.07365e-312']

[image] addr 0x0000017c797c47b4 ok 1 len 32
  i32: [0, 0, 0, 1650803750, 1092642677, 1768714352, 1769234787, 1864396399]
  f32: ['0', '0', '0', '1.0573e+21', '10.0253', '1.78648e+25', '1.84649e+25', '4.96511e+28']
  u64: ['0x0', '0x6265442600000000', '0x696c707041206775', '0x6f206e6f69746163']
  f64: ['0', '9.7971e+165', '6.80275e+199', '1.94626e+227']

[xout*] addr 0x0000017c77ebc3e0 ok 1 len 8
  i32: [1976972356, 380]
  f32: ['5.43072e+32', '5.32493e-43']
  u64: ['0x17c75d63444']
  f64: ['8.07335e-312']

[xout] addr 0x0000017c75d63444 ok 1 len 64
  i32: [5, 9, 0, 0, 0, 0, 0, 0, 0, 0, 0, 0, 0, 0, 0, 0]
  f32: ['7.00649e-45', '1.26117e-44', '0', '0', '0', '0', '0', '0', '0', '0', '0', '0', '0', '0', '0', '0']
  u64: ['0x900000005', '0x0', '0x0', '0x0', '0x0', '0x0', '0x0', '0x0']
  f64: ['1.9098e-313', '0', '0', '0', '0', '0', '0', '0']

[yout*] addr 0x0000017c766d7078 ok 1 len 8
  i32: [2038183296, 380]
  f32: ['8.18465e+34', '5.32493e-43']
  u64: ['0x17c797c3580']
  f64: ['8.07365e-312']

[yout] addr 0x0000017c797c3580 ok 1 len 32
  i32: [0, 0, 0, 0, 2038183360, 380, 2038183360, 380]
  f32: ['0', '0', '0', '0', '8.18468e+34', '5.32493e-43', '8.18468e+34', '5.32493e-43']
  u64: ['0x0', '0x0', '0x17c797c35c0', '0x17c797c35c0']
  f64: ['0', '0', '8.07365e-312', '8.07365e-312']

[zout*] addr 0x0000017c42fbc938 ok 1 len 8
  i32: [2038190400, 380]
  f32: ['8.18817e+34', '5.32493e-43']
  u64: ['0x17c797c5140']
  f64: ['8.07365e-312']

[zout] addr 0x0000017c797c5140 ok 1 len 32
  i32: [0, 0, 1867391008, 25956, 778396784, 6450284, 1412261484, 544502629]
  f32: ['0', '0', '6.37927e+28', '3.63721e-41', '5.21578e-11', '9.03877e-39', '2.97899e+12', '2.07058e-19']
  u64: ['0x0', '0x65646f4e2020', '0x626c6c2e656470', '0x20747365542d666c']
  f64: ['0', '5.50794e-310', '8.19874e-307', '2.44046e-152']

[good*] addr 0x0000017c77ebc3f0 ok 1 len 8
  i32: [1166210624, 380]
  f32: ['4190.78', '5.32493e-43']
  u64: ['0x17c4582f640']
  f64: ['8.06935e-312']

[good] addr 0x0000017c4582f640 ok 1 len 32
  i32: [5, -1, 255, 0, 1166210496, 380, 14, 0]
  f32: ['7.00649e-45', 'nan', '3.57331e-43', '0', '4190.72', '5.32493e-43', '1.96182e-44', '0']
  u64: ['0xffffffff00000005', '0xff', '0x17c4582f5c0', '0xe']
  f64: ['nan', '1.25987e-321', '8.06935e-312', '6.91692e-323']

[text] addr 0x0000017c79e1a324 ok 1 len 128
  i32: [1146894919, 1549890657, 2034788691, 1735290725, 842019420, 809054262, 1766531126, 1650551917, 891301152, 544236080, 542651953, 958420055, 544884784, 540176433, 1886216530, 2003127903]
  f32: ['880.911', '2.53839e+17', '6.50372e+34', '1.12598e+24', '1.0256e-08', '6.73711e-10', '1.53478e+25', '1.03958e+21', '5.96703e-07', '2.03613e-19', '1.83138e-19', '0.000152902', '2.11997e-19', '1.51143e-19', '2.93862e+29', '4.65088e+33']
  u64: ['0x5c617461445c3a47', '0x676e6f6579486953', '0x303930363230325c', '0x62616c6d694b2036', '0x2070623035202d20', '0x3920545720583631', '0x20327031207a4830', '0x77654e5f706d6152']
  f64: ['1.01493e+137', '1.69505e+190', '2.17531e-76', '8.02683e+165', '1.95511e-152', '1.57247e-33', '1.37519e-153', '1.37401e+267']
  str: b'G:\\Data\\SiHyeong\\20260906 Kimlab - 50bp 16X WT 90Hz 1p2 Ramp_Newbatch\\test\\cal002        '

[test*] addr 0x0000017c77ebc738 ok 1 len 8
  i32: [1169169348, 380]
  f32: ['5635.47', '5.32493e-43']
  u64: ['0x17c45b01bc4']
  f64: ['8.06936e-312']

[test] addr 0x0000017c45b01bc4 ok 1 len 64
  i32: [120, 0, 976660765, 993429640, 1003297932, 1010173538, 1015933152, 1019991007, 1024084992, 1026818221, 1029892659, 1032549261, 1034414372, 1036435857, 1038608082, 1040556192]
  f32: ['1.68156e-43', '0', '0.000696795', '0.00278524', '0.00625951', '0.0111099', '0.017323', '0.0248813', '0.0337639', '0.043946', '0.0553991', '0.0680915', '0.0819876', '0.0970489', '0.113233', '0.130496']
  u64: ['0x78', '0x3b3688883a36a91d', '0x3c3606623bcd1c8c', '0x3ccbd3df3c8de8e0', '0x3d3400ad3d0a4c00', '0x3d8b738d3d62ea33', '0x3dc6c1913da7e924', '0x3e05a0a03de7e6d2']
  f64: ['5.92879e-322', '1.86391e-23', '1.19397e-18', '7.72372e-16', '7.10637e-14', '3.12086e-12', '4.13931e-11', '6.29441e-10']

[cal*] addr 0x0000017c77ebc4e8 ok 1 len 8
  i32: [1186660512, 380]
  f32: ['23936.3', '5.32493e-43']
  u64: ['0x17c46bb00a0']
  f64: ['8.06945e-312']

[cal] addr 0x0000017c46bb00a0 ok 1 len 392
  i32: [5, 0, 23, 0, -1610612736, 1069128089, 2011940104, 380, 2011940616, 380, 2011940128, 380, 2011940120, 380, 60, 0]
  f32: ['7.00649e-45', '0', '3.22299e-44', '0', '-1.0842e-19', '1.45', '9.56395e+33', '5.32493e-43', '9.56427e+33', '5.32493e-43', '9.56397e+33', '5.32493e-43', '9.56396e+33', '5.32493e-43', '8.40779e-44', '0']
  u64: ['0x5', '0x17', '0x3fb99999a0000000', '0x17c77ebc508', '0x17c77ebc708', '0x17c77ebc520', '0x17c77ebc518', '0x3c']
  f64: ['2.47033e-323', '1.13635e-322', '0.1', '8.07352e-312', '8.07352e-312', '8.07352e-312', '8.07352e-312', '2.96439e-322']

[c0@8*] addr 0x0000000000000017 ok 0 len 0

[c0@8] addr 0x0000000000000000 ok 0 len 0

[c0@16*] addr 0x3fb99999a0000000 ok 0 len 0

[c0@16] addr 0x0000000000000000 ok 0 len 0

[c0@24*] addr 0x0000017c77ebc508 ok 1 len 8
  i32: [1175651184, 380]
  f32: ['9408.86', '5.32493e-43']
  u64: ['0x17c46130370']
  f64: ['8.06939e-312']

[c0@24] addr 0x0000017c46130370 ok 1 len 48
  i32: [120, 0, 0, 0, 587067760, 1066407390, 1957872800, 1068477021, -336106614, 1069635731, 1936757018, 1070445827]
  f32: ['1.68156e-43', '0', '0', '0', '6.88314e-18', '1.12567', '1.13308e+32', '1.37239', '-5.98225e+26', '1.51052', '1.90597e+31', '1.60709']
  u64: ['0x78', '0x0', '0x3f9015de22fdf170', '0x3fafaa5d74b2c4a0', '0x3fc15893ebf76b8a', '0x3fcdb5037370911a']
  f64: ['5.92879e-322', '0', '0.0157084', '0.0618467', '0.135516', '0.232087']

[c0@32*] addr 0x0000017c77ebc708 ok 1 len 8
  i32: [1175662200, 380]
  f32: ['9419.62', '5.32493e-43']
  u64: ['0x17c46132e78']
  f64: ['8.06939e-312']

[c0@32] addr 0x0000017c46132e78 ok 1 len 48
  i32: [60, 37, 2099405551, 1076742010, 762093596, 1076652195, -1309994687, 1076527527, 716658408, 1076380205, 480622360, 1076224658]
  f32: ['8.40779e-44', '5.1848e-44', '1.34905e+37', '2.7153', '1.34506e-11', '2.69389', '-6.84136e-09', '2.66416', '3.25676e-13', '2.62904', '1.09661e-21', '2.59195']
  u64: ['0x250000003c', '0x402dc77a7d2262ef', '0x402c68a32d6ca01c', '0x402a81a7b1eb1141', '0x4028422d2ab756e8', '0x4025e2921ca5b718']
  f64: ['7.85138e-313', '14.8896', '14.2044', '13.2532', '12.1293', '10.9425']

[c0@40*] addr 0x0000017c77ebc520 ok 1 len 8
  i32: [1169454328, 380]
  f32: ['5774.62', '5.32493e-43']
  u64: ['0x17c45b474f8']
  f64: ['8.06936e-312']

[c0@40] addr 0x0000017c45b474f8 ok 1 len 48
  i32: [60, 37, -1475120840, 1074912466, -1576410981, 1076652168, -875385969, -1072692550, 1537386940, 1076576747, 1128375301, -1071323610]
  f32: ['8.40779e-44', '5.1848e-44', '-8.18469e-15', '2.2791', '-1.86859e-18', '2.69388', '-2.7613e+07', '-2.25017', '9.15711e+16', '2.6759', '193.641', '-2.57655']
  u64: ['0x250000003c', '0x4011dcd2a8137138', '0x402c6888a209e09b', '0xc01002bacbd2ab8f', '0x402b41eb5ba2a9bc', '0xc024e6264341a405']
  f64: ['7.85138e-313', '4.46565', '14.2042', '-4.00267', '13.6287', '-10.4495']

[c0@48*] addr 0x0000017c77ebc518 ok 1 len 8
  i32: [2024192568, 380]
  f32: ['2.70531e+34', '5.32493e-43']
  u64: ['0x17c78a6ba38']
  f64: ['8.07358e-312']

[c0@48] addr 0x0000017c78a6ba38 ok 1 len 48
  i32: [60, 37, -1475120840, 1074912466, -875385969, -1072692550, 1128375301, -1071323610, -1844274839, -1071103475, -482438271, -1071581219]
  f32: ['8.40779e-44', '5.1848e-44', '-8.18469e-15', '2.2791', '-2.7613e+07', '-2.25017', '193.641', '-2.57655', '-4.62586e-28', '-2.62903', '-3.51551e+21', '-2.51513']
  u64: ['0x250000003c', '0x4011dcd2a8137138', '0xc01002bacbd2ab8f', '0xc024e6264341a405', '0xc028420d92129969', '0xc020f7dde33e9381']
  f64: ['7.85138e-313', '4.46565', '-4.00267', '-10.4495', '-12.129', '-8.48411']
decode rc 0
BGRUN END rc=0 after 67s
