BGRUN START 2026-09-09 01:03:45 limit 40.0 min: py -u tools/bench/gpu_chain10.py
LabVIEW up after 24 s, version 26.3.1f1
dialogs: 0,0,0,0|LabVIEW / ENABLED|1028786062|0,0,0,0| / VERDICT: clear (no modal dialog)
lv_restart rc 0
deployed 759296
frame 4: median ms base 24.6 gpu 19.9 | worst dev gpu 2.51e-06
frame 7: median ms base 15.3 gpu 18.7 | worst dev gpu 2.51e-06
frame 8: median ms base 24.6 gpu 17.5 | worst dev gpu 2.51e-06
frame 57: median ms base 14.5 gpu 25.6 | worst dev gpu 2.69e-06
frame 107: median ms base 14.2 gpu 27.1 | worst dev gpu 2.93e-06
frame 162: median ms base 14.2 gpu 24.0 | worst dev gpu 2.93e-06
frame 214: median ms base 13.4 gpu 20.1 | worst dev gpu 2.93e-06
SUMMARY frames 200
  DLL-internal (from the status string): median 1.73 ms  mean 1.72 ms  n 200
  DLL phases (median ms): u=0.50 k=0.94 e=0.88 ka=0.00 | last status 'No_Errors t=1.79 u=0.49 k=0.95 e=0.88 ka=0'
  base: median 13.35 ms  mean 35.53 ms  sd 143.48 ms
  gpu: median 20.05 ms  mean 81.32 ms  sd 247.06 ms
  KERNEL (median - base) ms/frame: gpu 6.70
  functional: worst |dev| vs LabVIEW reference: gpu 2.93e-06
run_timing gpu rc 0
BGRUN END rc=0 after 122s
