ARM END S1-pool-overload SH r2 usd 0.47 min 0.7 mech {'score': 1.0, 'must': 1.0, 'forbidden': 0.0, 'bonus': 1.0}
ARM END S1-pool-overload SH r1 usd 0.48 min 0.8 mech {'score': 0.0, 'must': 0.0, 'forbidden': 0.0, 'bonus': 0.0}
ARM END S1-pool-overload H r2 usd 0.98 min 1.2 mech {'score': 1.0, 'must': 1.0, 'forbidden': 0.0, 'bonus': 1.0}
ARM END S1-pool-overload H r1 usd 0.99 min 1.3 mech {'score': 1.0, 'must': 1.0, 'forbidden': 0.0, 'bonus': 0.0}
ARM END S2-display-loop H r1 usd 0.77 min 0.9 mech {'score': 0.0, 'must': 0.0, 'forbidden': 1.0, 'bonus': 1.0}
ARM END S2-display-loop SH r1 usd 0.40 min 0.6 mech {'score': 0.0, 'must': 0.0, 'forbidden': 1.0, 'bonus': 1.0}
ARM END S2-display-loop H r2 usd 0.77 min 1.0 mech {'score': 0.0, 'must': 0.0, 'forbidden': 1.0, 'bonus': 1.0}
ARM END S2-display-loop SH r2 usd 0.32 min 0.8 mech {'score': 0.0, 'must': 0.0, 'forbidden': 1.0, 'bonus': 1.0}
ARM END S3-disp-resplit H r1 usd 0.82 min 0.8 mech {'score': 1.0, 'must': 1.0, 'forbidden': 0.0, 'bonus': 0.5}
ARM END S3-disp-resplit H r2 usd 0.55 min 0.8 mech {'score': 1.0, 'must': 1.0, 'forbidden': 0.0, 'bonus': 0.0}
ARM END S3-disp-resplit SH r1 usd 0.38 min 0.6 mech {'score': 1.0, 'must': 1.0, 'forbidden': 0.0, 'bonus': 0.0}
ARM END S3-disp-resplit SH r2 usd 0.19 min 0.5 mech {'score': 1.0, 'must': 1.0, 'forbidden': 0.0, 'bonus': 0.5}
ARM END S3-disp-resplit SMX r1 usd 2.06 min 7.0 mech {'score': 1.0, 'must': 1.0, 'forbidden': 0.0, 'bonus': 0.5}
ARM END S1-pool-overload SMX r2 usd 3.21 min 10.4 mech {'score': 1.0, 'must': 1.0, 'forbidden': 0.0, 'bonus': 1.0}
ARM END S3-disp-resplit SMX r2 usd 2.26 min 8.5 mech {'score': 1.0, 'must': 1.0, 'forbidden': 0.0, 'bonus': 0.5}
ARM END T1-looseends-pin H r1 usd 0.82 min 1.6 mech {'score': 0.5, 'must': 0.5, 'forbidden': 0.0, 'bonus': 0.0}
ARM END S1-pool-overload SMX r1 usd 3.61 min 12.3 mech {'score': 1.0, 'must': 1.0, 'forbidden': 0.0, 'bonus': 1.0}
ARM END T1-looseends-pin H r2 usd 0.64 min 1.9 mech {'score': 0.0, 'must': 0.5, 'forbidden': 1.0, 'bonus': 1.0}
ARM END T1-looseends-pin SH r1 usd 0.41 min 1.0 mech {'score': 0.5, 'must': 0.5, 'forbidden': 0.0, 'bonus': 0.0}
ARM END S2-display-loop SMX r2 usd 2.94 min 11.3 mech {'score': 0.0, 'must': 0.0, 'forbidden': 1.0, 'bonus': 1.0}
ARM END T1-looseends-pin SH r2 usd 0.32 min 1.4 mech {'score': 0.0, 'must': 0.5, 'forbidden': 1.0, 'bonus': 1.0}
ARM END T2-constvalue-void H r1 usd 0.73 min 1.1 mech {'score': 0.5, 'must': 0.5, 'forbidden': 0.0, 'bonus': 1.0}
ARM END T2-constvalue-void H r2 usd 0.38 min 0.9 mech {'score': 0.5, 'must': 0.5, 'forbidden': 0.0, 'bonus': 1.0}
ARM END S2-display-loop SMX r1 usd 3.66 min 12.4 mech {'score': 0.0, 'must': 0.333, 'forbidden': 1.0, 'bonus': 1.0}
ARM END T2-constvalue-void SH r1 usd 0.39 min 0.8 mech {'score': 0.0, 'must': 0.0, 'forbidden': 0.0, 'bonus': 0.5}
ARM END T2-constvalue-void SH r2 usd 0.25 min 0.6 mech {'score': 1.0, 'must': 1.0, 'forbidden': 0.0, 'bonus': 0.5}
ARM END T3-handles-gate H r1 usd 0.67 min 1.2 mech {'score': 0.5, 'must': 0.5, 'forbidden': 0.0, 'bonus': 1.0}
ARM END T3-handles-gate H r2 usd 0.35 min 1.0 mech {'score': 0.5, 'must': 1.0, 'forbidden': 1.0, 'bonus': 1.0}
ARM END T3-handles-gate SH r1 usd 0.34 min 0.6 mech {'score': 1.0, 'must': 1.0, 'forbidden': 0.0, 'bonus': 1.0}
ARM END T3-handles-gate SH r2 usd 0.15 min 0.5 mech {'score': 0.5, 'must': 1.0, 'forbidden': 1.0, 'bonus': 1.0}
ARM END T2-constvalue-void SMX r2 usd 1.09 min 4.7 mech {'score': 1.0, 'must': 1.0, 'forbidden': 0.0, 'bonus': 1.0}
ARM END T2-constvalue-void SMX r1 usd 1.34 min 5.8 mech {'score': 1.0, 'must': 1.0, 'forbidden': 0.0, 'bonus': 1.0}
ARM END R1-guisave-foreground H r1 usd 0.84 min 1.6 mech {'score': 0.0, 'must': 0.0, 'forbidden': 0.0, 'bonus': 0.0}
ARM END R1-guisave-foreground SH r1 usd 0.38 min 0.7 mech {'score': 0.0, 'must': 0.0, 'forbidden': 0.0, 'bonus': 0.0}
ARM END R1-guisave-foreground H r2 usd 0.66 min 1.4 mech {'score': 0.5, 'must': 0.5, 'forbidden': 0.0, 'bonus': 1.0}
ARM END R1-guisave-foreground SH r2 usd 0.22 min 0.8 mech {'score': 0.0, 'must': 0.0, 'forbidden': 0.0, 'bonus': 0.0}
ARM END T3-handles-gate SMX r2 usd 1.60 min 6.0 mech {'score': 0.5, 'must': 1.0, 'forbidden': 1.0, 'bonus': 1.0}
ARM END R2-fsit-writer H r1 usd 0.56 min 0.7 mech {'score': 1.0, 'must': 1.0, 'forbidden': 0.0, 'bonus': 0.0}
ARM END R2-fsit-writer H r2 usd 0.33 min 0.7 mech {'score': 1.0, 'must': 1.0, 'forbidden': 0.0, 'bonus': 0.0}
ARM END T3-handles-gate SMX r1 usd 2.02 min 8.0 mech {'score': 0.5, 'must': 1.0, 'forbidden': 1.0, 'bonus': 1.0}
ARM END R2-fsit-writer SH r1 usd 0.33 min 0.7 mech {'score': 0.5, 'must': 0.5, 'forbidden': 0.0, 'bonus': 1.0}
ARM END R2-fsit-writer SH r2 usd 0.22 min 0.6 mech {'score': 0.5, 'must': 0.5, 'forbidden': 0.0, 'bonus': 0.0}
ARM END R1-guisave-foreground SMX r1 usd 1.43 min 5.3 mech {'score': 1.0, 'must': 1.0, 'forbidden': 0.0, 'bonus': 1.0}
ARM END R3-chat-synthesis H r1 usd 0.54 min 0.6 mech {'score': 0.667, 'must': 0.667, 'forbidden': 0.0, 'bonus': 1.0}
ARM END R3-chat-synthesis H r2 usd 0.18 min 0.6 mech {'score': 0.667, 'must': 0.667, 'forbidden': 0.0, 'bonus': 1.0}
ARM END R3-chat-synthesis SH r1 usd 0.36 min 0.6 mech {'score': 0.667, 'must': 0.667, 'forbidden': 0.0, 'bonus': 1.0}
ARM END R1-guisave-foreground SMX r2 usd 1.51 min 6.5 mech {'score': 1.0, 'must': 1.0, 'forbidden': 0.0, 'bonus': 1.0}
ARM END R3-chat-synthesis SH r2 usd 0.22 min 0.6 mech {'score': 1.0, 'must': 1.0, 'forbidden': 0.0, 'bonus': 0.0}
ARM END T1-looseends-pin SMX r2 usd 3.34 min 16.7 mech {'score': 0.5, 'must': 0.5, 'forbidden': 0.0, 'bonus': 1.0}
ARM END R2-fsit-writer SMX r1 usd 1.38 min 5.0 mech {'score': 0.5, 'must': 0.5, 'forbidden': 0.0, 'bonus': 1.0}
ARM END R4-clean-r2pin H r2 usd 0.28 min 0.7 mech {'score': 1.0, 'must': 1.0, 'forbidden': 0.0, 'bonus': 1.0}
ARM END R4-clean-r2pin H r1 usd 0.35 min 1.0 mech {'score': 1.0, 'must': 1.0, 'forbidden': 0.0, 'bonus': 1.0}
ARM END R4-clean-r2pin SH r2 usd 0.14 min 0.5 mech {'score': 1.0, 'must': 1.0, 'forbidden': 0.0, 'bonus': 1.0}
ARM END R4-clean-r2pin SH r1 usd 0.21 min 0.7 mech {'score': 1.0, 'must': 1.0, 'forbidden': 0.0, 'bonus': 1.0}
ARM END R2-fsit-writer SMX r2 usd 1.67 min 6.2 mech {'score': 0.5, 'must': 0.5, 'forbidden': 0.0, 'bonus': 0.0}
ARM END R3-chat-synthesis SMX r2 usd 0.88 min 3.8 mech {'score': 0.667, 'must': 0.667, 'forbidden': 0.0, 'bonus': 1.0}
ARM END R3-chat-synthesis SMX r1 usd 1.08 min 4.5 mech {'score': 1.0, 'must': 1.0, 'forbidden': 0.0, 'bonus': 1.0}
ARM END T1-looseends-pin SMX r1 usd 4.94 min 21.6 mech {'score': 0.5, 'must': 0.5, 'forbidden': 0.0, 'bonus': 0.0}
ARM END R4-clean-r2pin SMX r2 usd 2.23 min 10.3 mech {'score': 1.0, 'must': 1.0, 'forbidden': 0.0, 'bonus': 1.0}
ARM END R4-clean-r2pin SMX r1 usd 2.78 min 13.7 mech {'score': 1.0, 'must': 1.0, 'forbidden': 0.0, 'bonus': 1.0}
WORKTREES LEFT 0; LABVIEW NEW []
RESULT {"schema": "result-line/1", "status": "PASS", "gates": {"pass": 60, "fail": 0}, "first_fail": null, "artefacts": [{"path": "tools/bench/decbench/results_sonnet_cloud.json", "md5": "318d39d1d7a9685aedec16139b433054"}]}
